2026-02-28T14:53:46.841+0300	INFO	logger/zap_logger.go:76	Using in-memory store
2026-02-28T14:53:46.842+0300	DEBUG	logger/zap_logger.go:96	Registering functions for plugin base: [0x1400011c768 0x1400011c770 0x1400011c778 0x1400011c780 0x1400011c788 0x1400011c790 0x1400011c798 0x1400011c7a0 0x1400011c7a8 0x1400011c7b0 0x1400011c7b8 0x1400011c7c0 0x1400011c7c8 0x1400011c7d0]

2026-02-28T14:53:46.842+0300	INFO	logger/zap_logger.go:76	Plugins registered
2026-02-28T14:53:46.842+0300	INFO	logger/zap_logger.go:76	Initializing system tables...
2026-02-28T14:53:46.842+0300	INFO	logger/zap_logger.go:76	[SynchronizerVClock] Sync complete	{"nodeID": "node1"}
2026-02-28T14:53:46.842+0300	INFO	logger/zap_logger.go:101	Executing system initialization file: 0001_information_schema.sql
2026-02-28T14:53:46.842+0300	DEBUG	logger/zap_logger.go:96	Executing: -- information_schema global system schema

CREATE TABLE IF NOT EXISTS information_schema.tables (
    table_schema TEXT,
    table_name TEXT,
    table_type TEXT,
    PRIMARY KEY (table_schema, table_name)
)
2026-02-28T14:53:46.843+0300	DEBUG	logger/zap_logger.go:96	DEBUG: Parsed statement type: CREATE_TABLE

2026-02-28T14:53:46.843+0300	DEBUG	logger/zap_logger.go:96	Executing: 

INSERT INTO information_schema.tables (table_schema, table_name, table_type) VALUES
    ('information_schema', 'tables', 'BASE TABLE'),
    ('information_schema', 'columns', 'BASE TABLE'),
    ('information_schema', 'schemata', 'BASE TABLE')
2026-02-28T14:53:46.843+0300	INFO	logger/zap_logger.go:76	[SynchronizerVClock] Loaded key	{"key": "schema:testdb:information_schema:tables:", "value": "{\"Name\":\"information_schema.tables\",\"Columns\":{\"table_name\":{\"Type\":0,\"IsNullable\":false,\"DefaultValue\":null,\"IsSerial\":false,\"IsUnique\":false,\"Idx\":2},\"table_schema\":{\"Type\":0,\"IsNullable\":false,\"DefaultValue\":null,\"IsSerial\":false,\"IsUnique\":false,\"Idx\":1},\"table_type\":{\"Type\":0,\"IsNullable\":true,\"DefaultValue\":null,\"IsSerial\":false,\"IsUnique\":false,\"Idx\":3}},\"PrimaryKeys\":[1,2]}", "vclock": {"node1":1}}
2026-02-28T14:53:46.844+0300	DEBUG	logger/zap_logger.go:96	DEBUG: Parsed statement type: INSERT

2026-02-28T14:53:46.844+0300	DEBUG	logger/zap_logger.go:96	DEBUG: Insert into information_schema.tables: [[information_schema tables BASE TABLE] [information_schema columns BASE TABLE] [information_schema schemata BASE TABLE]]

2026-02-28T14:53:46.844+0300	DEBUG	logger/zap_logger.go:71	DEBUG: Table metadata:	{"meta": {"Name":"information_schema.tables","Columns":{"table_name":{"Type":0,"IsNullable":false,"DefaultValue":null,"IsSerial":false,"IsUnique":false,"Idx":2},"table_schema":{"Type":0,"IsNullable":false,"DefaultValue":null,"IsSerial":false,"IsUnique":false,"Idx":1},"table_type":{"Type":0,"IsNullable":true,"DefaultValue":null,"IsSerial":false,"IsUnique":false,"Idx":3}},"PrimaryKeys":[1,2]}}
2026-02-28T14:53:46.844+0300	DEBUG	logger/zap_logger.go:71	DEBUG: Saved row: 	{"rowKey": "testdb:information_schema:tables:row:information_schematables:", "rowData": "[\"information_schema\",\"tables\",\"BASE TABLE\"]"}
2026-02-28T14:53:46.844+0300	DEBUG	logger/zap_logger.go:71	DEBUG: Saved row: 	{"rowKey": "testdb:information_schema:tables:row:information_schemacolumns:", "rowData": "[\"information_schema\",\"columns\",\"BASE TABLE\"]"}
2026-02-28T14:53:46.844+0300	DEBUG	logger/zap_logger.go:71	DEBUG: Saved row: 	{"rowKey": "testdb:information_schema:tables:row:information_schemaschemata:", "rowData": "[\"information_schema\",\"schemata\",\"BASE TABLE\"]"}
2026-02-28T14:53:46.844+0300	INFO	logger/zap_logger.go:76	[SynchronizerVClock] Loaded key	{"key": "testdb:information_schema:tables:row:information_schematables:", "value": "[\"information_schema\",\"tables\",\"BASE TABLE\"]", "vclock": {"node1":2}}
2026-02-28T14:53:46.844+0300	DEBUG	logger/zap_logger.go:96	Executing: 

CREATE TABLE IF NOT EXISTS information_schema.columns (
    table_schema TEXT,
    table_name TEXT,
    column_name TEXT,
    original_position INT,
    column_default TEXT,
    is_nullable BOOLEAN,
    data_type TEXT,
    PRIMARY KEY (table_schema, table_name, column_name)
)
2026-02-28T14:53:46.844+0300	INFO	logger/zap_logger.go:76	[SynchronizerVClock] Loaded key	{"key": "testdb:information_schema:tables:row:information_schemacolumns:", "value": "[\"information_schema\",\"columns\",\"BASE TABLE\"]", "vclock": {"node1":3}}
2026-02-28T14:53:46.844+0300	INFO	logger/zap_logger.go:76	[SynchronizerVClock] Loaded key	{"key": "testdb:information_schema:tables:row:information_schemaschemata:", "value": "[\"information_schema\",\"schemata\",\"BASE TABLE\"]", "vclock": {"node1":4}}
2026-02-28T14:53:46.844+0300	DEBUG	logger/zap_logger.go:96	DEBUG: Parsed statement type: CREATE_TABLE

2026-02-28T14:53:46.844+0300	DEBUG	logger/zap_logger.go:96	Executing: 

INSERT INTO information_schema.columns (table_schema, table_name, column_name, original_position, is_nullable, data_type) VALUES
    ('information_schema', 'tables', 'table_schema', 1, FALSE, 'TEXT'),
    ('information_schema', 'tables', 'table_name', 2, FALSE, 'TEXT'),
    ('information_schema', 'tables', 'table_type', 3, FALSE, 'TEXT'),
    ('information_schema', 'columns', 'table_schema', 1, FALSE, 'TEXT'),
    ('information_schema', 'columns', 'table_name', 2, FALSE, 'TEXT'),
    ('information_schema', 'columns', 'column_name', 3, FALSE, 'TEXT'),
    ('information_schema', 'columns', 'original_position', 4, FALSE, 'INT'),
    ('information_schema', 'columns', 'column_default', 5, TRUE, 'TEXT'),
    ('information_schema', 'columns', 'is_nullable', 6, FALSE, 'BOOLEAN'),
    ('information_schema', 'columns', 'data_type', 7, FALSE, 'TEXT'),
    ('information_schema', 'schemata', 'catalog_name', 1, FALSE, 'TEXT'),
    ('information_schema', 'schemata', 'schema_name', 2, FALSE, 'TEXT'),
    ('information_schema', 'schemata', 'schema_owner', 3, FALSE, 'TEXT'),
    ('information_schema', 'schemata', 'default_character_set_catalog', 4, TRUE, 'TEXT'),
    ('information_schema', 'schemata', 'default_character_set_schema', 5, TRUE, 'TEXT'),
    ('information_schema', 'schemata', 'default_character_set_name', 6, TRUE, 'TEXT'),
    ('information_schema', 'schemata', 'sql_path', 7, TRUE, 'TEXT')
2026-02-28T14:53:46.844+0300	INFO	logger/zap_logger.go:76	[SynchronizerVClock] Loaded key	{"key": "schema:testdb:information_schema:columns:", "value": "{\"Name\":\"information_schema.columns\",\"Columns\":{\"column_default\":{\"Type\":0,\"IsNullable\":true,\"DefaultValue\":null,\"IsSerial\":false,\"IsUnique\":false,\"Idx\":5},\"column_name\":{\"Type\":0,\"IsNullable\":false,\"DefaultValue\":null,\"IsSerial\":false,\"IsUnique\":false,\"Idx\":3},\"data_type\":{\"Type\":0,\"IsNullable\":true,\"DefaultValue\":null,\"IsSerial\":false,\"IsUnique\":false,\"Idx\":7},\"is_nullable\":{\"Type\":0,\"IsNullable\":true,\"DefaultValue\":null,\"IsSerial\":false,\"IsUnique\":false,\"Idx\":6},\"original_position\":{\"Type\":1,\"IsNullable\":true,\"DefaultValue\":null,\"IsSerial\":false,\"IsUnique\":false,\"Idx\":4},\"table_name\":{\"Type\":0,\"IsNullable\":false,\"DefaultValue\":null,\"IsSerial\":false,\"IsUnique\":false,\"Idx\":2},\"table_schema\":{\"Type\":0,\"IsNullable\":false,\"DefaultValue\":null,\"IsSerial\":false,\"IsUnique\":false,\"Idx\":1}},\"PrimaryKeys\":[1,2,3]}", "vclock": {"node1":5}}
2026-02-28T14:53:46.845+0300	DEBUG	logger/zap_logger.go:96	DEBUG: Parsed statement type: INSERT

2026-02-28T14:53:46.845+0300	DEBUG	logger/zap_logger.go:96	DEBUG: Insert into information_schema.columns: [[information_schema tables table_schema 1 false TEXT] [information_schema tables table_name 2 false TEXT] [information_schema tables table_type 3 false TEXT] [information_schema columns table_schema 1 false TEXT] [information_schema columns table_name 2 false TEXT] [information_schema columns column_name 3 false TEXT] [information_schema columns original_position 4 false INT] [information_schema columns column_default 5 true TEXT] [information_schema columns is_nullable 6 false BOOLEAN] [information_schema columns data_type 7 false TEXT] [information_schema schemata catalog_name 1 false TEXT] [information_schema schemata schema_name 2 false TEXT] [information_schema schemata schema_owner 3 false TEXT] [information_schema schemata default_character_set_catalog 4 true TEXT] [information_schema schemata default_character_set_schema 5 true TEXT] [information_schema schemata default_character_set_name 6 true TEXT] [information_schema schemata sql_path 7 true TEXT]]

2026-02-28T14:53:46.845+0300	DEBUG	logger/zap_logger.go:71	DEBUG: Table metadata:	{"meta": {"Name":"information_schema.columns","Columns":{"column_default":{"Type":0,"IsNullable":true,"DefaultValue":null,"IsSerial":false,"IsUnique":false,"Idx":5},"column_name":{"Type":0,"IsNullable":false,"DefaultValue":null,"IsSerial":false,"IsUnique":false,"Idx":3},"data_type":{"Type":0,"IsNullable":true,"DefaultValue":null,"IsSerial":false,"IsUnique":false,"Idx":7},"is_nullable":{"Type":0,"IsNullable":true,"DefaultValue":null,"IsSerial":false,"IsUnique":false,"Idx":6},"original_position":{"Type":1,"IsNullable":true,"DefaultValue":null,"IsSerial":false,"IsUnique":false,"Idx":4},"table_name":{"Type":0,"IsNullable":false,"DefaultValue":null,"IsSerial":false,"IsUnique":false,"Idx":2},"table_schema":{"Type":0,"IsNullable":false,"DefaultValue":null,"IsSerial":false,"IsUnique":false,"Idx":1}},"PrimaryKeys":[1,2,3]}}
2026-02-28T14:53:46.845+0300	DEBUG	logger/zap_logger.go:71	DEBUG: Saved row: 	{"rowKey": "testdb:information_schema:columns:row:information_schematablestable_schema:", "rowData": "[\"information_schema\",\"tables\",\"table_schema\",1,null,false,\"TEXT\"]"}
2026-02-28T14:53:46.845+0300	DEBUG	logger/zap_logger.go:71	DEBUG: Saved row: 	{"rowKey": "testdb:information_schema:columns:row:information_schematablestable_name:", "rowData": "[\"information_schema\",\"tables\",\"table_name\",2,null,false,\"TEXT\"]"}
2026-02-28T14:53:46.845+0300	DEBUG	logger/zap_logger.go:71	DEBUG: Saved row: 	{"rowKey": "testdb:information_schema:columns:row:information_schematablestable_type:", "rowData": "[\"information_schema\",\"tables\",\"table_type\",3,null,false,\"TEXT\"]"}
2026-02-28T14:53:46.845+0300	DEBUG	logger/zap_logger.go:71	DEBUG: Saved row: 	{"rowKey": "testdb:information_schema:columns:row:information_schemacolumnstable_schema:", "rowData": "[\"information_schema\",\"columns\",\"table_schema\",1,null,false,\"TEXT\"]"}
2026-02-28T14:53:46.845+0300	DEBUG	logger/zap_logger.go:71	DEBUG: Saved row: 	{"rowKey": "testdb:information_schema:columns:row:information_schemacolumnstable_name:", "rowData": "[\"information_schema\",\"columns\",\"table_name\",2,null,false,\"TEXT\"]"}
2026-02-28T14:53:46.845+0300	DEBUG	logger/zap_logger.go:71	DEBUG: Saved row: 	{"rowKey": "testdb:information_schema:columns:row:information_schemacolumnscolumn_name:", "rowData": "[\"information_schema\",\"columns\",\"column_name\",3,null,false,\"TEXT\"]"}
2026-02-28T14:53:46.845+0300	DEBUG	logger/zap_logger.go:71	DEBUG: Saved row: 	{"rowKey": "testdb:information_schema:columns:row:information_schemacolumnsoriginal_position:", "rowData": "[\"information_schema\",\"columns\",\"original_position\",4,null,false,\"INT\"]"}
2026-02-28T14:53:46.845+0300	DEBUG	logger/zap_logger.go:71	DEBUG: Saved row: 	{"rowKey": "testdb:information_schema:columns:row:information_schemacolumnscolumn_default:", "rowData": "[\"information_schema\",\"columns\",\"column_default\",5,null,true,\"TEXT\"]"}
2026-02-28T14:53:46.845+0300	DEBUG	logger/zap_logger.go:71	DEBUG: Saved row: 	{"rowKey": "testdb:information_schema:columns:row:information_schemacolumnsis_nullable:", "rowData": "[\"information_schema\",\"columns\",\"is_nullable\",6,null,false,\"BOOLEAN\"]"}
2026-02-28T14:53:46.845+0300	DEBUG	logger/zap_logger.go:71	DEBUG: Saved row: 	{"rowKey": "testdb:information_schema:columns:row:information_schemacolumnsdata_type:", "rowData": "[\"information_schema\",\"columns\",\"data_type\",7,null,false,\"TEXT\"]"}
2026-02-28T14:53:46.845+0300	DEBUG	logger/zap_logger.go:71	DEBUG: Saved row: 	{"rowKey": "testdb:information_schema:columns:row:information_schemaschematacatalog_name:", "rowData": "[\"information_schema\",\"schemata\",\"catalog_name\",1,null,false,\"TEXT\"]"}
2026-02-28T14:53:46.845+0300	DEBUG	logger/zap_logger.go:71	DEBUG: Saved row: 	{"rowKey": "testdb:information_schema:columns:row:information_schemaschemataschema_name:", "rowData": "[\"information_schema\",\"schemata\",\"schema_name\",2,null,false,\"TEXT\"]"}
2026-02-28T14:53:46.845+0300	DEBUG	logger/zap_logger.go:71	DEBUG: Saved row: 	{"rowKey": "testdb:information_schema:columns:row:information_schemaschemataschema_owner:", "rowData": "[\"information_schema\",\"schemata\",\"schema_owner\",3,null,false,\"TEXT\"]"}
2026-02-28T14:53:46.845+0300	DEBUG	logger/zap_logger.go:71	DEBUG: Saved row: 	{"rowKey": "testdb:information_schema:columns:row:information_schemaschematadefault_character_set_catalog:", "rowData": "[\"information_schema\",\"schemata\",\"default_character_set_catalog\",4,null,true,\"TEXT\"]"}
2026-02-28T14:53:46.845+0300	DEBUG	logger/zap_logger.go:71	DEBUG: Saved row: 	{"rowKey": "testdb:information_schema:columns:row:information_schemaschematadefault_character_set_schema:", "rowData": "[\"information_schema\",\"schemata\",\"default_character_set_schema\",5,null,true,\"TEXT\"]"}
2026-02-28T14:53:46.845+0300	DEBUG	logger/zap_logger.go:71	DEBUG: Saved row: 	{"rowKey": "testdb:information_schema:columns:row:information_schemaschematadefault_character_set_name:", "rowData": "[\"information_schema\",\"schemata\",\"default_character_set_name\",6,null,true,\"TEXT\"]"}
2026-02-28T14:53:46.845+0300	DEBUG	logger/zap_logger.go:71	DEBUG: Saved row: 	{"rowKey": "testdb:information_schema:columns:row:information_schemaschematasql_path:", "rowData": "[\"information_schema\",\"schemata\",\"sql_path\",7,null,true,\"TEXT\"]"}
2026-02-28T14:53:46.845+0300	INFO	logger/zap_logger.go:76	[SynchronizerVClock] Loaded key	{"key": "testdb:information_schema:columns:row:information_schemaschematadefault_character_set_schema:", "value": "[\"information_schema\",\"schemata\",\"default_character_set_schema\",5,null,true,\"TEXT\"]", "vclock": {"node1":6}}
2026-02-28T14:53:46.845+0300	INFO	logger/zap_logger.go:76	[SynchronizerVClock] Loaded key	{"key": "testdb:information_schema:columns:row:information_schematablestable_schema:", "value": "[\"information_schema\",\"tables\",\"table_schema\",1,null,false,\"TEXT\"]", "vclock": {"node1":7}}
2026-02-28T14:53:46.845+0300	INFO	logger/zap_logger.go:76	[SynchronizerVClock] Loaded key	{"key": "testdb:information_schema:columns:row:information_schematablestable_name:", "value": "[\"information_schema\",\"tables\",\"table_name\",2,null,false,\"TEXT\"]", "vclock": {"node1":8}}
2026-02-28T14:53:46.845+0300	INFO	logger/zap_logger.go:76	[SynchronizerVClock] Loaded key	{"key": "testdb:information_schema:columns:row:information_schemaschematadefault_character_set_catalog:", "value": "[\"information_schema\",\"schemata\",\"default_character_set_catalog\",4,null,true,\"TEXT\"]", "vclock": {"node1":9}}
2026-02-28T14:53:46.845+0300	INFO	logger/zap_logger.go:76	[SynchronizerVClock] Loaded key	{"key": "testdb:information_schema:columns:row:information_schemaschematadefault_character_set_name:", "value": "[\"information_schema\",\"schemata\",\"default_character_set_name\",6,null,true,\"TEXT\"]", "vclock": {"node1":10}}
2026-02-28T14:53:46.845+0300	DEBUG	logger/zap_logger.go:96	Executing: 

CREATE TABLE IF NOT EXISTS information_schema.schemata (
    catalog_name TEXT,
    schema_name TEXT,
    schema_owner TEXT,
    default_character_set_catalog TEXT,
    default_character_set_schema TEXT,
    default_character_set_name TEXT,
    sql_path TEXT,
    PRIMARY KEY (catalog_name, schema_name)
)
2026-02-28T14:53:46.845+0300	INFO	logger/zap_logger.go:76	[SynchronizerVClock] Loaded key	{"key": "testdb:information_schema:columns:row:information_schemaschematasql_path:", "value": "[\"information_schema\",\"schemata\",\"sql_path\",7,null,true,\"TEXT\"]", "vclock": {"node1":11}}
2026-02-28T14:53:46.845+0300	INFO	logger/zap_logger.go:76	[SynchronizerVClock] Loaded key	{"key": "testdb:information_schema:columns:row:information_schemacolumnstable_schema:", "value": "[\"information_schema\",\"columns\",\"table_schema\",1,null,false,\"TEXT\"]", "vclock": {"node1":12}}
2026-02-28T14:53:46.845+0300	INFO	logger/zap_logger.go:76	[SynchronizerVClock] Loaded key	{"key": "testdb:information_schema:columns:row:information_schemacolumnstable_name:", "value": "[\"information_schema\",\"columns\",\"table_name\",2,null,false,\"TEXT\"]", "vclock": {"node1":13}}
2026-02-28T14:53:46.845+0300	INFO	logger/zap_logger.go:76	[SynchronizerVClock] Loaded key	{"key": "testdb:information_schema:columns:row:information_schemacolumnsoriginal_position:", "value": "[\"information_schema\",\"columns\",\"original_position\",4,null,false,\"INT\"]", "vclock": {"node1":14}}
2026-02-28T14:53:46.845+0300	INFO	logger/zap_logger.go:76	[SynchronizerVClock] Loaded key	{"key": "testdb:information_schema:columns:row:information_schemacolumnscolumn_default:", "value": "[\"information_schema\",\"columns\",\"column_default\",5,null,true,\"TEXT\"]", "vclock": {"node1":15}}
2026-02-28T14:53:46.845+0300	INFO	logger/zap_logger.go:76	[SynchronizerVClock] Loaded key	{"key": "testdb:information_schema:columns:row:information_schemacolumnsis_nullable:", "value": "[\"information_schema\",\"columns\",\"is_nullable\",6,null,false,\"BOOLEAN\"]", "vclock": {"node1":16}}
2026-02-28T14:53:46.845+0300	INFO	logger/zap_logger.go:76	[SynchronizerVClock] Loaded key	{"key": "testdb:information_schema:columns:row:information_schemaschemataschema_owner:", "value": "[\"information_schema\",\"schemata\",\"schema_owner\",3,null,false,\"TEXT\"]", "vclock": {"node1":17}}
2026-02-28T14:53:46.845+0300	DEBUG	logger/zap_logger.go:96	DEBUG: Parsed statement type: CREATE_TABLE

2026-02-28T14:53:46.845+0300	INFO	logger/zap_logger.go:76	[SynchronizerVClock] Loaded key	{"key": "testdb:information_schema:columns:row:information_schematablestable_type:", "value": "[\"information_schema\",\"tables\",\"table_type\",3,null,false,\"TEXT\"]", "vclock": {"node1":18}}
2026-02-28T14:53:46.845+0300	INFO	logger/zap_logger.go:76	[SynchronizerVClock] Loaded key	{"key": "testdb:information_schema:columns:row:information_schemacolumnscolumn_name:", "value": "[\"information_schema\",\"columns\",\"column_name\",3,null,false,\"TEXT\"]", "vclock": {"node1":19}}
2026-02-28T14:53:46.845+0300	DEBUG	logger/zap_logger.go:96	Executing: 

INSERT INTO information_schema.schemata (catalog_name, schema_name, schema_owner) VALUES
    ('petacore', 'information_schema', 'system'),
    ('petacore', 'pg_catalog', 'system')
2026-02-28T14:53:46.845+0300	INFO	logger/zap_logger.go:76	[SynchronizerVClock] Loaded key	{"key": "testdb:information_schema:columns:row:information_schemacolumnsdata_type:", "value": "[\"information_schema\",\"columns\",\"data_type\",7,null,false,\"TEXT\"]", "vclock": {"node1":20}}
2026-02-28T14:53:46.845+0300	INFO	logger/zap_logger.go:76	[SynchronizerVClock] Loaded key	{"key": "testdb:information_schema:columns:row:information_schemaschematacatalog_name:", "value": "[\"information_schema\",\"schemata\",\"catalog_name\",1,null,false,\"TEXT\"]", "vclock": {"node1":21}}
2026-02-28T14:53:46.845+0300	INFO	logger/zap_logger.go:76	[SynchronizerVClock] Loaded key	{"key": "testdb:information_schema:columns:row:information_schemaschemataschema_name:", "value": "[\"information_schema\",\"schemata\",\"schema_name\",2,null,false,\"TEXT\"]", "vclock": {"node1":22}}
2026-02-28T14:53:46.845+0300	INFO	logger/zap_logger.go:76	[SynchronizerVClock] Loaded key	{"key": "schema:testdb:information_schema:schemata:", "value": "{\"Name\":\"information_schema.schemata\",\"Columns\":{\"catalog_name\":{\"Type\":0,\"IsNullable\":false,\"DefaultValue\":null,\"IsSerial\":false,\"IsUnique\":false,\"Idx\":1},\"default_character_set_catalog\":{\"Type\":0,\"IsNullable\":true,\"DefaultValue\":null,\"IsSerial\":false,\"IsUnique\":false,\"Idx\":4},\"default_character_set_name\":{\"Type\":0,\"IsNullable\":true,\"DefaultValue\":null,\"IsSerial\":false,\"IsUnique\":false,\"Idx\":6},\"default_character_set_schema\":{\"Type\":0,\"IsNullable\":true,\"DefaultValue\":null,\"IsSerial\":false,\"IsUnique\":false,\"Idx\":5},\"schema_name\":{\"Type\":0,\"IsNullable\":false,\"DefaultValue\":null,\"IsSerial\":false,\"IsUnique\":false,\"Idx\":2},\"schema_owner\":{\"Type\":0,\"IsNullable\":true,\"DefaultValue\":null,\"IsSerial\":false,\"IsUnique\":false,\"Idx\":3},\"sql_path\":{\"Type\":0,\"IsNullable\":true,\"DefaultValue\":null,\"IsSerial\":false,\"IsUnique\":false,\"Idx\":7}},\"PrimaryKeys\":[1,2]}", "vclock": {"node1":23}}
2026-02-28T14:53:46.845+0300	DEBUG	logger/zap_logger.go:96	DEBUG: Parsed statement type: INSERT

2026-02-28T14:53:46.845+0300	DEBUG	logger/zap_logger.go:96	DEBUG: Insert into information_schema.schemata: [[petacore information_schema system] [petacore pg_catalog system]]

2026-02-28T14:53:46.845+0300	DEBUG	logger/zap_logger.go:71	DEBUG: Table metadata:	{"meta": {"Name":"information_schema.schemata","Columns":{"catalog_name":{"Type":0,"IsNullable":false,"DefaultValue":null,"IsSerial":false,"IsUnique":false,"Idx":1},"default_character_set_catalog":{"Type":0,"IsNullable":true,"DefaultValue":null,"IsSerial":false,"IsUnique":false,"Idx":4},"default_character_set_name":{"Type":0,"IsNullable":true,"DefaultValue":null,"IsSerial":false,"IsUnique":false,"Idx":6},"default_character_set_schema":{"Type":0,"IsNullable":true,"DefaultValue":null,"IsSerial":false,"IsUnique":false,"Idx":5},"schema_name":{"Type":0,"IsNullable":false,"DefaultValue":null,"IsSerial":false,"IsUnique":false,"Idx":2},"schema_owner":{"Type":0,"IsNullable":true,"DefaultValue":null,"IsSerial":false,"IsUnique":false,"Idx":3},"sql_path":{"Type":0,"IsNullable":true,"DefaultValue":null,"IsSerial":false,"IsUnique":false,"Idx":7}},"PrimaryKeys":[1,2]}}
2026-02-28T14:53:46.845+0300	DEBUG	logger/zap_logger.go:71	DEBUG: Saved row: 	{"rowKey": "testdb:information_schema:schemata:row:petacoreinformation_schema:", "rowData": "[\"petacore\",\"information_schema\",\"system\",null,null,null,null]"}
2026-02-28T14:53:46.845+0300	DEBUG	logger/zap_logger.go:71	DEBUG: Saved row: 	{"rowKey": "testdb:information_schema:schemata:row:petacorepg_catalog:", "rowData": "[\"petacore\",\"pg_catalog\",\"system\",null,null,null,null]"}
2026-02-28T14:53:46.845+0300	INFO	logger/zap_logger.go:76	[SynchronizerVClock] Loaded key	{"key": "testdb:information_schema:schemata:row:petacorepg_catalog:", "value": "[\"petacore\",\"pg_catalog\",\"system\",null,null,null,null]", "vclock": {"node1":24}}
2026-02-28T14:53:46.845+0300	DEBUG	logger/zap_logger.go:96	Executing: 

2026-02-28T14:53:46.845+0300	INFO	logger/zap_logger.go:101	Executing system initialization file: 0002_pg_catalog.sql
2026-02-28T14:53:46.845+0300	INFO	logger/zap_logger.go:76	[SynchronizerVClock] Loaded key	{"key": "testdb:information_schema:schemata:row:petacoreinformation_schema:", "value": "[\"petacore\",\"information_schema\",\"system\",null,null,null,null]", "vclock": {"node1":25}}
2026-02-28T14:53:46.845+0300	DEBUG	logger/zap_logger.go:96	Executing: -- pg_catalog global system schema
-- Инициализация системных таблиц для базы 

CREATE TABLE IF NOT EXISTS pg_catalog.pg_tables (
    schemaname TEXT,
    schematable TEXT,
    tableowner TEXT,
    tablespace TEXT, -- TODO CHECK
    hasindexes BOOLEAN,
    hasrules BOOLEAN,
    hastriggers BOOLEAN,
    rowsecurity BOOLEAN,
    PRIMARY KEY (schemaname, schematable)
)
2026-02-28T14:53:46.845+0300	DEBUG	logger/zap_logger.go:96	DEBUG: Parsed statement type: CREATE_TABLE

2026-02-28T14:53:46.845+0300	DEBUG	logger/zap_logger.go:96	Executing: 

INSERT INTO pg_catalog.pg_tables (schemaname, schematable, tableowner, tablespace, hasindexes, hasrules, hastriggers, rowsecurity) VALUES
('pg_catalog', 'pg_tables', 'system', NULL, FALSE, FALSE, FALSE, FALSE),
('pg_catalog', 'pg_columns', 'system', NULL, FALSE, FALSE, FALSE, FALSE),
('pg_catalog', 'pg_class', 'system', NULL, FALSE, FALSE, FALSE, FALSE),
('pg_catalog', 'pg_attribute', 'system', NULL, FALSE, FALSE, FALSE, FALSE),
('pg_catalog', 'pg_proc', 'system', NULL, FALSE, FALSE, FALSE, FALSE),
('pg_catalog', 'pg_type', 'system', NULL, FALSE, FALSE, FALSE, FALSE),
('pg_catalog', 'pg_namespace', 'system', NULL, FALSE, FALSE, FALSE, FALSE),
('pg_catalog', 'pg_database', 'system', NULL, FALSE, FALSE, FALSE, FALSE),
('pg_catalog', 'pg_tablespace', 'system', NULL, FALSE, FALSE, FALSE, FALSE),
('pg_catalog', 'pg_roles', 'system', NULL, FALSE, FALSE, FALSE, FALSE),
('pg_catalog', 'pg_stat_ssl', 'system', NULL, FALSE, FALSE, FALSE, FALSE),
('pg_catalog', 'pg_shdescription', 'system', NULL, FALSE, FALSE, FALSE, FALSE),
('pg_catalog', 'pg_am', 'system', NULL, FALSE, FALSE, FALSE, FALSE)
2026-02-28T14:53:46.845+0300	INFO	logger/zap_logger.go:76	[SynchronizerVClock] Loaded key	{"key": "schema:testdb:pg_catalog:pg_tables:", "value": "{\"Name\":\"pg_catalog.pg_tables\",\"Columns\":{\"hasindexes\":{\"Type\":0,\"IsNullable\":true,\"DefaultValue\":null,\"IsSerial\":false,\"IsUnique\":false,\"Idx\":5},\"hasrules\":{\"Type\":0,\"IsNullable\":true,\"DefaultValue\":null,\"IsSerial\":false,\"IsUnique\":false,\"Idx\":6},\"hastriggers\":{\"Type\":0,\"IsNullable\":true,\"DefaultValue\":null,\"IsSerial\":false,\"IsUnique\":false,\"Idx\":7},\"rowsecurity\":{\"Type\":0,\"IsNullable\":true,\"DefaultValue\":null,\"IsSerial\":false,\"IsUnique\":false,\"Idx\":8},\"schemaname\":{\"Type\":0,\"IsNullable\":false,\"DefaultValue\":null,\"IsSerial\":false,\"IsUnique\":false,\"Idx\":1},\"schematable\":{\"Type\":0,\"IsNullable\":false,\"DefaultValue\":null,\"IsSerial\":false,\"IsUnique\":false,\"Idx\":2},\"tableowner\":{\"Type\":0,\"IsNullable\":true,\"DefaultValue\":null,\"IsSerial\":false,\"IsUnique\":false,\"Idx\":3},\"tablespace\":{\"Type\":0,\"IsNullable\":true,\"DefaultValue\":null,\"IsSerial\":false,\"IsUnique\":false,\"Idx\":4}},\"PrimaryKeys\":[1,2]}", "vclock": {"node1":26}}
2026-02-28T14:53:46.846+0300	DEBUG	logger/zap_logger.go:96	DEBUG: Parsed statement type: INSERT

2026-02-28T14:53:46.846+0300	DEBUG	logger/zap_logger.go:96	DEBUG: Insert into pg_catalog.pg_tables: [[pg_catalog pg_tables system NULL false false false false] [pg_catalog pg_columns system NULL false false false false] [pg_catalog pg_class system NULL false false false false] [pg_catalog pg_attribute system NULL false false false false] [pg_catalog pg_proc system NULL false false false false] [pg_catalog pg_type system NULL false false false false] [pg_catalog pg_namespace system NULL false false false false] [pg_catalog pg_database system NULL false false false false] [pg_catalog pg_tablespace system NULL false false false false] [pg_catalog pg_roles system NULL false false false false] [pg_catalog pg_stat_ssl system NULL false false false false] [pg_catalog pg_shdescription system NULL false false false false] [pg_catalog pg_am system NULL false false false false]]

2026-02-28T14:53:46.846+0300	DEBUG	logger/zap_logger.go:71	DEBUG: Table metadata:	{"meta": {"Name":"pg_catalog.pg_tables","Columns":{"hasindexes":{"Type":0,"IsNullable":true,"DefaultValue":null,"IsSerial":false,"IsUnique":false,"Idx":5},"hasrules":{"Type":0,"IsNullable":true,"DefaultValue":null,"IsSerial":false,"IsUnique":false,"Idx":6},"hastriggers":{"Type":0,"IsNullable":true,"DefaultValue":null,"IsSerial":false,"IsUnique":false,"Idx":7},"rowsecurity":{"Type":0,"IsNullable":true,"DefaultValue":null,"IsSerial":false,"IsUnique":false,"Idx":8},"schemaname":{"Type":0,"IsNullable":false,"DefaultValue":null,"IsSerial":false,"IsUnique":false,"Idx":1},"schematable":{"Type":0,"IsNullable":false,"DefaultValue":null,"IsSerial":false,"IsUnique":false,"Idx":2},"tableowner":{"Type":0,"IsNullable":true,"DefaultValue":null,"IsSerial":false,"IsUnique":false,"Idx":3},"tablespace":{"Type":0,"IsNullable":true,"DefaultValue":null,"IsSerial":false,"IsUnique":false,"Idx":4}},"PrimaryKeys":[1,2]}}
2026-02-28T14:53:46.846+0300	DEBUG	logger/zap_logger.go:71	DEBUG: Saved row: 	{"rowKey": "testdb:pg_catalog:pg_tables:row:pg_catalogpg_tables:", "rowData": "[\"pg_catalog\",\"pg_tables\",\"system\",\"NULL\",false,false,false,false]"}
2026-02-28T14:53:46.846+0300	DEBUG	logger/zap_logger.go:71	DEBUG: Saved row: 	{"rowKey": "testdb:pg_catalog:pg_tables:row:pg_catalogpg_columns:", "rowData": "[\"pg_catalog\",\"pg_columns\",\"system\",\"NULL\",false,false,false,false]"}
2026-02-28T14:53:46.846+0300	DEBUG	logger/zap_logger.go:71	DEBUG: Saved row: 	{"rowKey": "testdb:pg_catalog:pg_tables:row:pg_catalogpg_class:", "rowData": "[\"pg_catalog\",\"pg_class\",\"system\",\"NULL\",false,false,false,false]"}
2026-02-28T14:53:46.846+0300	DEBUG	logger/zap_logger.go:71	DEBUG: Saved row: 	{"rowKey": "testdb:pg_catalog:pg_tables:row:pg_catalogpg_attribute:", "rowData": "[\"pg_catalog\",\"pg_attribute\",\"system\",\"NULL\",false,false,false,false]"}
2026-02-28T14:53:46.846+0300	DEBUG	logger/zap_logger.go:71	DEBUG: Saved row: 	{"rowKey": "testdb:pg_catalog:pg_tables:row:pg_catalogpg_proc:", "rowData": "[\"pg_catalog\",\"pg_proc\",\"system\",\"NULL\",false,false,false,false]"}
2026-02-28T14:53:46.846+0300	DEBUG	logger/zap_logger.go:71	DEBUG: Saved row: 	{"rowKey": "testdb:pg_catalog:pg_tables:row:pg_catalogpg_type:", "rowData": "[\"pg_catalog\",\"pg_type\",\"system\",\"NULL\",false,false,false,false]"}
2026-02-28T14:53:46.846+0300	DEBUG	logger/zap_logger.go:71	DEBUG: Saved row: 	{"rowKey": "testdb:pg_catalog:pg_tables:row:pg_catalogpg_namespace:", "rowData": "[\"pg_catalog\",\"pg_namespace\",\"system\",\"NULL\",false,false,false,false]"}
2026-02-28T14:53:46.846+0300	DEBUG	logger/zap_logger.go:71	DEBUG: Saved row: 	{"rowKey": "testdb:pg_catalog:pg_tables:row:pg_catalogpg_database:", "rowData": "[\"pg_catalog\",\"pg_database\",\"system\",\"NULL\",false,false,false,false]"}
2026-02-28T14:53:46.846+0300	DEBUG	logger/zap_logger.go:71	DEBUG: Saved row: 	{"rowKey": "testdb:pg_catalog:pg_tables:row:pg_catalogpg_tablespace:", "rowData": "[\"pg_catalog\",\"pg_tablespace\",\"system\",\"NULL\",false,false,false,false]"}
2026-02-28T14:53:46.846+0300	DEBUG	logger/zap_logger.go:71	DEBUG: Saved row: 	{"rowKey": "testdb:pg_catalog:pg_tables:row:pg_catalogpg_roles:", "rowData": "[\"pg_catalog\",\"pg_roles\",\"system\",\"NULL\",false,false,false,false]"}
2026-02-28T14:53:46.846+0300	DEBUG	logger/zap_logger.go:71	DEBUG: Saved row: 	{"rowKey": "testdb:pg_catalog:pg_tables:row:pg_catalogpg_stat_ssl:", "rowData": "[\"pg_catalog\",\"pg_stat_ssl\",\"system\",\"NULL\",false,false,false,false]"}
2026-02-28T14:53:46.846+0300	DEBUG	logger/zap_logger.go:71	DEBUG: Saved row: 	{"rowKey": "testdb:pg_catalog:pg_tables:row:pg_catalogpg_shdescription:", "rowData": "[\"pg_catalog\",\"pg_shdescription\",\"system\",\"NULL\",false,false,false,false]"}
2026-02-28T14:53:46.846+0300	DEBUG	logger/zap_logger.go:71	DEBUG: Saved row: 	{"rowKey": "testdb:pg_catalog:pg_tables:row:pg_catalogpg_am:", "rowData": "[\"pg_catalog\",\"pg_am\",\"system\",\"NULL\",false,false,false,false]"}
2026-02-28T14:53:46.847+0300	INFO	logger/zap_logger.go:76	[SynchronizerVClock] Loaded key	{"key": "testdb:pg_catalog:pg_tables:row:pg_catalogpg_am:", "value": "[\"pg_catalog\",\"pg_am\",\"system\",\"NULL\",false,false,false,false]", "vclock": {"node1":27}}
2026-02-28T14:53:46.847+0300	DEBUG	logger/zap_logger.go:96	Executing: 


CREATE TABLE IF NOT EXISTS pg_catalog.pg_columns (
    table_schema TEXT,
    table_name TEXT,
    column_name TEXT,
    original_position INTEGER,
    column_default TEXT, -- TODO check default
    is_nullable BOOLEAN,
    data_type TEXT,
    character_maximum_length INTEGER, -- TODO check
    numeric_precision INTEGER, -- TODO check
    PRIMARY KEY (table_schema, table_name, column_name)
)
2026-02-28T14:53:46.847+0300	INFO	logger/zap_logger.go:76	[SynchronizerVClock] Loaded key	{"key": "testdb:pg_catalog:pg_tables:row:pg_catalogpg_tables:", "value": "[\"pg_catalog\",\"pg_tables\",\"system\",\"NULL\",false,false,false,false]", "vclock": {"node1":28}}
2026-02-28T14:53:46.847+0300	INFO	logger/zap_logger.go:76	[SynchronizerVClock] Loaded key	{"key": "testdb:pg_catalog:pg_tables:row:pg_catalogpg_columns:", "value": "[\"pg_catalog\",\"pg_columns\",\"system\",\"NULL\",false,false,false,false]", "vclock": {"node1":29}}
2026-02-28T14:53:46.847+0300	INFO	logger/zap_logger.go:76	[SynchronizerVClock] Loaded key	{"key": "testdb:pg_catalog:pg_tables:row:pg_catalogpg_attribute:", "value": "[\"pg_catalog\",\"pg_attribute\",\"system\",\"NULL\",false,false,false,false]", "vclock": {"node1":30}}
2026-02-28T14:53:46.847+0300	INFO	logger/zap_logger.go:76	[SynchronizerVClock] Loaded key	{"key": "testdb:pg_catalog:pg_tables:row:pg_catalogpg_proc:", "value": "[\"pg_catalog\",\"pg_proc\",\"system\",\"NULL\",false,false,false,false]", "vclock": {"node1":31}}
2026-02-28T14:53:46.847+0300	INFO	logger/zap_logger.go:76	[SynchronizerVClock] Loaded key	{"key": "testdb:pg_catalog:pg_tables:row:pg_catalogpg_type:", "value": "[\"pg_catalog\",\"pg_type\",\"system\",\"NULL\",false,false,false,false]", "vclock": {"node1":32}}
2026-02-28T14:53:46.847+0300	INFO	logger/zap_logger.go:76	[SynchronizerVClock] Loaded key	{"key": "testdb:pg_catalog:pg_tables:row:pg_catalogpg_namespace:", "value": "[\"pg_catalog\",\"pg_namespace\",\"system\",\"NULL\",false,false,false,false]", "vclock": {"node1":33}}
2026-02-28T14:53:46.847+0300	INFO	logger/zap_logger.go:76	[SynchronizerVClock] Loaded key	{"key": "testdb:pg_catalog:pg_tables:row:pg_catalogpg_database:", "value": "[\"pg_catalog\",\"pg_database\",\"system\",\"NULL\",false,false,false,false]", "vclock": {"node1":34}}
2026-02-28T14:53:46.847+0300	INFO	logger/zap_logger.go:76	[SynchronizerVClock] Loaded key	{"key": "testdb:pg_catalog:pg_tables:row:pg_catalogpg_tablespace:", "value": "[\"pg_catalog\",\"pg_tablespace\",\"system\",\"NULL\",false,false,false,false]", "vclock": {"node1":35}}
2026-02-28T14:53:46.847+0300	INFO	logger/zap_logger.go:76	[SynchronizerVClock] Loaded key	{"key": "testdb:pg_catalog:pg_tables:row:pg_catalogpg_class:", "value": "[\"pg_catalog\",\"pg_class\",\"system\",\"NULL\",false,false,false,false]", "vclock": {"node1":36}}
2026-02-28T14:53:46.847+0300	INFO	logger/zap_logger.go:76	[SynchronizerVClock] Loaded key	{"key": "testdb:pg_catalog:pg_tables:row:pg_catalogpg_roles:", "value": "[\"pg_catalog\",\"pg_roles\",\"system\",\"NULL\",false,false,false,false]", "vclock": {"node1":37}}
2026-02-28T14:53:46.847+0300	INFO	logger/zap_logger.go:76	[SynchronizerVClock] Loaded key	{"key": "testdb:pg_catalog:pg_tables:row:pg_catalogpg_stat_ssl:", "value": "[\"pg_catalog\",\"pg_stat_ssl\",\"system\",\"NULL\",false,false,false,false]", "vclock": {"node1":38}}
2026-02-28T14:53:46.847+0300	DEBUG	logger/zap_logger.go:96	DEBUG: Parsed statement type: CREATE_TABLE

2026-02-28T14:53:46.847+0300	INFO	logger/zap_logger.go:76	[SynchronizerVClock] Loaded key	{"key": "testdb:pg_catalog:pg_tables:row:pg_catalogpg_shdescription:", "value": "[\"pg_catalog\",\"pg_shdescription\",\"system\",\"NULL\",false,false,false,false]", "vclock": {"node1":39}}
2026-02-28T14:53:46.847+0300	DEBUG	logger/zap_logger.go:96	Executing: 

INSERT INTO pg_catalog.pg_columns (table_schema, table_name, column_name, original_position, column_default, is_nullable, data_type, character_maximum_length, numeric_precision) VALUES
('pg_catalog', 'pg_tables',  'schemaname', 1, NULL, FALSE, 'TEXT', NULL, NULL),
('pg_catalog', 'pg_tables',  'schematable', 2, NULL, FALSE, 'TEXT', NULL, NULL),
('pg_catalog', 'pg_tables',  'tableowner', 3, NULL, FALSE, 'TEXT', NULL, NULL),
('pg_catalog', 'pg_tables',  'tablespace', 4, NULL, TRUE, 'TEXT', NULL, NULL),
('pg_catalog', 'pg_tables',  'hasindexes', 5, NULL, FALSE, 'BOOLEAN', NULL, NULL),
('pg_catalog', 'pg_tables',  'hasrules', 6, NULL, FALSE, 'BOOLEAN', NULL, NULL),
('pg_catalog', 'pg_tables',  'hastriggers', 7, NULL, FALSE, 'BOOLEAN', NULL, NULL),
('pg_catalog', 'pg_tables',  'rowsecurity', 8, NULL, FALSE, 'BOOLEAN', NULL, NULL)
2026-02-28T14:53:46.847+0300	INFO	logger/zap_logger.go:76	[SynchronizerVClock] Loaded key	{"key": "schema:testdb:pg_catalog:pg_columns:", "value": "{\"Name\":\"pg_catalog.pg_columns\",\"Columns\":{\"character_maximum_length\":{\"Type\":0,\"IsNullable\":true,\"DefaultValue\":null,\"IsSerial\":false,\"IsUnique\":false,\"Idx\":8},\"column_default\":{\"Type\":0,\"IsNullable\":true,\"DefaultValue\":null,\"IsSerial\":false,\"IsUnique\":false,\"Idx\":5},\"column_name\":{\"Type\":0,\"IsNullable\":false,\"DefaultValue\":null,\"IsSerial\":false,\"IsUnique\":false,\"Idx\":3},\"data_type\":{\"Type\":0,\"IsNullable\":true,\"DefaultValue\":null,\"IsSerial\":false,\"IsUnique\":false,\"Idx\":7},\"is_nullable\":{\"Type\":0,\"IsNullable\":true,\"DefaultValue\":null,\"IsSerial\":false,\"IsUnique\":false,\"Idx\":6},\"numeric_precision\":{\"Type\":0,\"IsNullable\":true,\"DefaultValue\":null,\"IsSerial\":false,\"IsUnique\":false,\"Idx\":9},\"original_position\":{\"Type\":0,\"IsNullable\":true,\"DefaultValue\":null,\"IsSerial\":false,\"IsUnique\":false,\"Idx\":4},\"table_name\":{\"Type\":0,\"IsNullable\":false,\"DefaultValue\":null,\"IsSerial\":false,\"IsUnique\":false,\"Idx\":2},\"table_schema\":{\"Type\":0,\"IsNullable\":false,\"DefaultValue\":null,\"IsSerial\":false,\"IsUnique\":false,\"Idx\":1}},\"PrimaryKeys\":[1,2,3]}", "vclock": {"node1":40}}
2026-02-28T14:53:46.847+0300	DEBUG	logger/zap_logger.go:96	DEBUG: Parsed statement type: INSERT

2026-02-28T14:53:46.847+0300	DEBUG	logger/zap_logger.go:96	DEBUG: Insert into pg_catalog.pg_columns: [[pg_catalog pg_tables schemaname 1 NULL false TEXT NULL NULL] [pg_catalog pg_tables schematable 2 NULL false TEXT NULL NULL] [pg_catalog pg_tables tableowner 3 NULL false TEXT NULL NULL] [pg_catalog pg_tables tablespace 4 NULL true TEXT NULL NULL] [pg_catalog pg_tables hasindexes 5 NULL false BOOLEAN NULL NULL] [pg_catalog pg_tables hasrules 6 NULL false BOOLEAN NULL NULL] [pg_catalog pg_tables hastriggers 7 NULL false BOOLEAN NULL NULL] [pg_catalog pg_tables rowsecurity 8 NULL false BOOLEAN NULL NULL]]

2026-02-28T14:53:46.847+0300	DEBUG	logger/zap_logger.go:71	DEBUG: Table metadata:	{"meta": {"Name":"pg_catalog.pg_columns","Columns":{"character_maximum_length":{"Type":0,"IsNullable":true,"DefaultValue":null,"IsSerial":false,"IsUnique":false,"Idx":8},"column_default":{"Type":0,"IsNullable":true,"DefaultValue":null,"IsSerial":false,"IsUnique":false,"Idx":5},"column_name":{"Type":0,"IsNullable":false,"DefaultValue":null,"IsSerial":false,"IsUnique":false,"Idx":3},"data_type":{"Type":0,"IsNullable":true,"DefaultValue":null,"IsSerial":false,"IsUnique":false,"Idx":7},"is_nullable":{"Type":0,"IsNullable":true,"DefaultValue":null,"IsSerial":false,"IsUnique":false,"Idx":6},"numeric_precision":{"Type":0,"IsNullable":true,"DefaultValue":null,"IsSerial":false,"IsUnique":false,"Idx":9},"original_position":{"Type":0,"IsNullable":true,"DefaultValue":null,"IsSerial":false,"IsUnique":false,"Idx":4},"table_name":{"Type":0,"IsNullable":false,"DefaultValue":null,"IsSerial":false,"IsUnique":false,"Idx":2},"table_schema":{"Type":0,"IsNullable":false,"DefaultValue":null,"IsSerial":false,"IsUnique":false,"Idx":1}},"PrimaryKeys":[1,2,3]}}
2026-02-28T14:53:46.847+0300	DEBUG	logger/zap_logger.go:71	DEBUG: Saved row: 	{"rowKey": "testdb:pg_catalog:pg_columns:row:pg_catalogpg_tablesschemaname:", "rowData": "[\"pg_catalog\",\"pg_tables\",\"schemaname\",1,\"NULL\",false,\"TEXT\",\"NULL\",\"NULL\"]"}
2026-02-28T14:53:46.847+0300	DEBUG	logger/zap_logger.go:71	DEBUG: Saved row: 	{"rowKey": "testdb:pg_catalog:pg_columns:row:pg_catalogpg_tablesschematable:", "rowData": "[\"pg_catalog\",\"pg_tables\",\"schematable\",2,\"NULL\",false,\"TEXT\",\"NULL\",\"NULL\"]"}
2026-02-28T14:53:46.847+0300	DEBUG	logger/zap_logger.go:71	DEBUG: Saved row: 	{"rowKey": "testdb:pg_catalog:pg_columns:row:pg_catalogpg_tablestableowner:", "rowData": "[\"pg_catalog\",\"pg_tables\",\"tableowner\",3,\"NULL\",false,\"TEXT\",\"NULL\",\"NULL\"]"}
2026-02-28T14:53:46.847+0300	DEBUG	logger/zap_logger.go:71	DEBUG: Saved row: 	{"rowKey": "testdb:pg_catalog:pg_columns:row:pg_catalogpg_tablestablespace:", "rowData": "[\"pg_catalog\",\"pg_tables\",\"tablespace\",4,\"NULL\",true,\"TEXT\",\"NULL\",\"NULL\"]"}
2026-02-28T14:53:46.847+0300	DEBUG	logger/zap_logger.go:71	DEBUG: Saved row: 	{"rowKey": "testdb:pg_catalog:pg_columns:row:pg_catalogpg_tableshasindexes:", "rowData": "[\"pg_catalog\",\"pg_tables\",\"hasindexes\",5,\"NULL\",false,\"BOOLEAN\",\"NULL\",\"NULL\"]"}
2026-02-28T14:53:46.847+0300	DEBUG	logger/zap_logger.go:71	DEBUG: Saved row: 	{"rowKey": "testdb:pg_catalog:pg_columns:row:pg_catalogpg_tableshasrules:", "rowData": "[\"pg_catalog\",\"pg_tables\",\"hasrules\",6,\"NULL\",false,\"BOOLEAN\",\"NULL\",\"NULL\"]"}
2026-02-28T14:53:46.847+0300	DEBUG	logger/zap_logger.go:71	DEBUG: Saved row: 	{"rowKey": "testdb:pg_catalog:pg_columns:row:pg_catalogpg_tableshastriggers:", "rowData": "[\"pg_catalog\",\"pg_tables\",\"hastriggers\",7,\"NULL\",false,\"BOOLEAN\",\"NULL\",\"NULL\"]"}
2026-02-28T14:53:46.847+0300	DEBUG	logger/zap_logger.go:71	DEBUG: Saved row: 	{"rowKey": "testdb:pg_catalog:pg_columns:row:pg_catalogpg_tablesrowsecurity:", "rowData": "[\"pg_catalog\",\"pg_tables\",\"rowsecurity\",8,\"NULL\",false,\"BOOLEAN\",\"NULL\",\"NULL\"]"}
2026-02-28T14:53:46.847+0300	INFO	logger/zap_logger.go:76	[SynchronizerVClock] Loaded key	{"key": "testdb:pg_catalog:pg_columns:row:pg_catalogpg_tableshastriggers:", "value": "[\"pg_catalog\",\"pg_tables\",\"hastriggers\",7,\"NULL\",false,\"BOOLEAN\",\"NULL\",\"NULL\"]", "vclock": {"node1":41}}
2026-02-28T14:53:46.847+0300	DEBUG	logger/zap_logger.go:96	Executing: 

CREATE TABLE IF NOT EXISTS pg_catalog.pg_class (
    oid INTEGER,
    relname TEXT,
    relnamespace INTEGER,
    reltype INTEGER,
    reloftype INTEGER,
    relowner INTEGER,
    relam INTEGER,
    relfilenode INTEGER,
    reltablespace INTEGER,
    relpages INTEGER,
    reltuples FLOAT,
    relallvisible INTEGER,
    reltoastrelid INTEGER,
    relhasindex BOOLEAN,
    relisshared BOOLEAN,
    relpersistence TEXT,
    relkind TEXT,
    relnatts INTEGER,
    relchecks INTEGER,
    relhasrules BOOLEAN,
    relhastriggers BOOLEAN,
    relhassubclass BOOLEAN,
    relrowsecurity BOOLEAN,
    relforcerowsecurity BOOLEAN,
    relispopulated BOOLEAN,
    relreplident TEXT,
    relispartition BOOLEAN,
    relrewrite INTEGER,
    relfrozenxid INTEGER,
    relminmxid INTEGER,
    PRIMARY KEY (oid)
)
2026-02-28T14:53:46.847+0300	INFO	logger/zap_logger.go:76	[SynchronizerVClock] Loaded key	{"key": "testdb:pg_catalog:pg_columns:row:pg_catalogpg_tablesrowsecurity:", "value": "[\"pg_catalog\",\"pg_tables\",\"rowsecurity\",8,\"NULL\",false,\"BOOLEAN\",\"NULL\",\"NULL\"]", "vclock": {"node1":42}}
2026-02-28T14:53:46.847+0300	INFO	logger/zap_logger.go:76	[SynchronizerVClock] Loaded key	{"key": "testdb:pg_catalog:pg_columns:row:pg_catalogpg_tablesschemaname:", "value": "[\"pg_catalog\",\"pg_tables\",\"schemaname\",1,\"NULL\",false,\"TEXT\",\"NULL\",\"NULL\"]", "vclock": {"node1":43}}
2026-02-28T14:53:46.847+0300	INFO	logger/zap_logger.go:76	[SynchronizerVClock] Loaded key	{"key": "testdb:pg_catalog:pg_columns:row:pg_catalogpg_tablesschematable:", "value": "[\"pg_catalog\",\"pg_tables\",\"schematable\",2,\"NULL\",false,\"TEXT\",\"NULL\",\"NULL\"]", "vclock": {"node1":44}}
2026-02-28T14:53:46.847+0300	INFO	logger/zap_logger.go:76	[SynchronizerVClock] Loaded key	{"key": "testdb:pg_catalog:pg_columns:row:pg_catalogpg_tablestableowner:", "value": "[\"pg_catalog\",\"pg_tables\",\"tableowner\",3,\"NULL\",false,\"TEXT\",\"NULL\",\"NULL\"]", "vclock": {"node1":45}}
2026-02-28T14:53:46.847+0300	INFO	logger/zap_logger.go:76	[SynchronizerVClock] Loaded key	{"key": "testdb:pg_catalog:pg_columns:row:pg_catalogpg_tablestablespace:", "value": "[\"pg_catalog\",\"pg_tables\",\"tablespace\",4,\"NULL\",true,\"TEXT\",\"NULL\",\"NULL\"]", "vclock": {"node1":46}}
2026-02-28T14:53:46.847+0300	INFO	logger/zap_logger.go:76	[SynchronizerVClock] Loaded key	{"key": "testdb:pg_catalog:pg_columns:row:pg_catalogpg_tableshasindexes:", "value": "[\"pg_catalog\",\"pg_tables\",\"hasindexes\",5,\"NULL\",false,\"BOOLEAN\",\"NULL\",\"NULL\"]", "vclock": {"node1":47}}
2026-02-28T14:53:46.847+0300	INFO	logger/zap_logger.go:76	[SynchronizerVClock] Loaded key	{"key": "testdb:pg_catalog:pg_columns:row:pg_catalogpg_tableshasrules:", "value": "[\"pg_catalog\",\"pg_tables\",\"hasrules\",6,\"NULL\",false,\"BOOLEAN\",\"NULL\",\"NULL\"]", "vclock": {"node1":48}}
2026-02-28T14:53:46.847+0300	DEBUG	logger/zap_logger.go:96	DEBUG: Parsed statement type: CREATE_TABLE

2026-02-28T14:53:46.848+0300	DEBUG	logger/zap_logger.go:96	Executing: 

INSERT INTO pg_catalog.pg_class (
    oid, relname, relnamespace, reltype, reloftype, relowner,
    relam, relfilenode, reltablespace, relpages, reltuples,
    relallvisible, reltoastrelid, relhasindex, relisshared,
    relpersistence, relkind, relnatts, relchecks, relhasrules,
    relhastriggers, relhassubclass, relrowsecurity,
    relforcerowsecurity, relispopulated, relreplident,
    relispartition, relrewrite, relfrozenxid, relminmxid
) VALUES
(1259, 'pg_tables', 11, 0, 0, 10, 0, 0, 0, 0, 0.0, 0, 0, FALSE, FALSE, 'p', 'r', 8, 0, FALSE, FALSE, FALSE, FALSE, FALSE, TRUE, 'n', FALSE, 0, 0, 0),
(1260, 'pg_columns', 11, 0, 0, 10, 0, 0, 0, 0, 0.0, 0, 0, FALSE, FALSE, 'p', 'r', 9, 0, FALSE, FALSE, FALSE, FALSE, FALSE, TRUE, 'n', FALSE, 0, 0, 0),
(1261, 'pg_class', 11, 83, 0, 10, 0, 0, 0, 0, 0.0, 0, 0, FALSE, FALSE, 'p', 'r', 30, 0, FALSE, FALSE, FALSE, FALSE, FALSE, TRUE, 'n', FALSE, 0, 0, 0),
(1249, 'pg_attribute', 11, 75, 0, 10, 0, 0, 0, 0, 0.0, 0, 0, FALSE, FALSE, 'p', 'r', 23, 0, FALSE, FALSE, FALSE, FALSE, FALSE, TRUE, 'n', FALSE, 0, 0, 0),
(1255, 'pg_proc', 11, 81, 0, 10, 0, 0, 0, 0, 0.0, 0, 0, FALSE, FALSE, 'p', 'r', 29, 0, FALSE, FALSE, FALSE, FALSE, FALSE, TRUE, 'n', FALSE, 0, 0, 0),
(1247, 'pg_type', 11, 71, 0, 10, 0, 0, 0, 0, 0.0, 0, 0, FALSE, FALSE, 'p', 'r', 31, 0, FALSE, FALSE, FALSE, FALSE, FALSE, TRUE, 'n', FALSE, 0, 0, 0),
(2615, 'pg_namespace', 11, 2615, 0, 10, 0, 0, 0, 0, 0.0, 0, 0, FALSE, FALSE, 'p', 'r', 4, 0, FALSE, FALSE, FALSE, FALSE, FALSE, TRUE, 'n', FALSE, 0, 0, 0),
(1262, 'pg_database', 11, 1248, 0, 10, 0, 0, 0, 0, 0.0, 0, 0, FALSE, FALSE, 'p', 'r', 14, 0, FALSE, FALSE, FALSE, FALSE, FALSE, TRUE, 'n', FALSE, 0, 0, 0),
(1213, 'pg_tablespace', 11, 1213, 0, 10, 0, 0, 0, 0, 0.0, 0, 0, FALSE, FALSE, 'p', 'r', 5, 0, FALSE, FALSE, FALSE, FALSE, FALSE, TRUE, 'n', FALSE, 0, 0, 0),
(1263, 'pg_shdescription', 11, 0, 0, 10, 0, 0, 0, 0, 0.0, 0, 0, FALSE, FALSE, 'p', 'r', 4, 0, FALSE, FALSE, FALSE, FALSE, FALSE, TRUE, 'n', FALSE, 0, 0, 0),
(2601, 'pg_am', 11, 0, 0, 10, 0, 0, 0, 0, 0.0, 0, 0, FALSE, FALSE, 'p', 'r', 4, 0, FALSE, FALSE, FALSE, FALSE, FALSE, TRUE, 'n', FALSE, 0, 0, 0)
2026-02-28T14:53:46.848+0300	INFO	logger/zap_logger.go:76	[SynchronizerVClock] Loaded key	{"key": "schema:testdb:pg_catalog:pg_class:", "value": "{\"Name\":\"pg_catalog.pg_class\",\"Columns\":{\"oid\":{\"Type\":0,\"IsNullable\":false,\"DefaultValue\":null,\"IsSerial\":false,\"IsUnique\":false,\"Idx\":1},\"relallvisible\":{\"Type\":0,\"IsNullable\":true,\"DefaultValue\":null,\"IsSerial\":false,\"IsUnique\":false,\"Idx\":12},\"relam\":{\"Type\":0,\"IsNullable\":true,\"DefaultValue\":null,\"IsSerial\":false,\"IsUnique\":false,\"Idx\":7},\"relchecks\":{\"Type\":0,\"IsNullable\":true,\"DefaultValue\":null,\"IsSerial\":false,\"IsUnique\":false,\"Idx\":19},\"relfilenode\":{\"Type\":0,\"IsNullable\":true,\"DefaultValue\":null,\"IsSerial\":false,\"IsUnique\":false,\"Idx\":8},\"relforcerowsecurity\":{\"Type\":0,\"IsNullable\":true,\"DefaultValue\":null,\"IsSerial\":false,\"IsUnique\":false,\"Idx\":24},\"relfrozenxid\":{\"Type\":0,\"IsNullable\":true,\"DefaultValue\":null,\"IsSerial\":false,\"IsUnique\":false,\"Idx\":29},\"relhasindex\":{\"Type\":0,\"IsNullable\":true,\"DefaultValue\":null,\"IsSerial\":false,\"IsUnique\":false,\"Idx\":14},\"relhasrules\":{\"Type\":0,\"IsNullable\":true,\"DefaultValue\":null,\"IsSerial\":false,\"IsUnique\":false,\"Idx\":20},\"relhassubclass\":{\"Type\":0,\"IsNullable\":true,\"DefaultValue\":null,\"IsSerial\":false,\"IsUnique\":false,\"Idx\":22},\"relhastriggers\":{\"Type\":0,\"IsNullable\":true,\"DefaultValue\":null,\"IsSerial\":false,\"IsUnique\":false,\"Idx\":21},\"relispartition\":{\"Type\":0,\"IsNullable\":true,\"DefaultValue\":null,\"IsSerial\":false,\"IsUnique\":false,\"Idx\":27},\"relispopulated\":{\"Type\":0,\"IsNullable\":true,\"DefaultValue\":null,\"IsSerial\":false,\"IsUnique\":false,\"Idx\":25},\"relisshared\":{\"Type\":0,\"IsNullable\":true,\"DefaultValue\":null,\"IsSerial\":false,\"IsUnique\":false,\"Idx\":15},\"relkind\":{\"Type\":0,\"IsNullable\":true,\"DefaultValue\":null,\"IsSerial\":false,\"IsUnique\":false,\"Idx\":17},\"relminmxid\":{\"Type\":0,\"IsNullable\":true,\"DefaultValue\":null,\"IsSerial\":false,\"IsUnique\":false,\"Idx\":30},\"relname\":{\"Type\":0,\"IsNullable\":true,\"DefaultValue\":null,\"IsSerial\":false,\"IsUnique\":false,\"Idx\":2},\"relnamespace\":{\"Type\":0,\"IsNullable\":true,\"DefaultValue\":null,\"IsSerial\":false,\"IsUnique\":false,\"Idx\":3},\"relnatts\":{\"Type\":0,\"IsNullable\":true,\"DefaultValue\":null,\"IsSerial\":false,\"IsUnique\":false,\"Idx\":18},\"reloftype\":{\"Type\":0,\"IsNullable\":true,\"DefaultValue\":null,\"IsSerial\":false,\"IsUnique\":false,\"Idx\":5},\"relowner\":{\"Type\":0,\"IsNullable\":true,\"DefaultValue\":null,\"IsSerial\":false,\"IsUnique\":false,\"Idx\":6},\"relpages\":{\"Type\":0,\"IsNullable\":true,\"DefaultValue\":null,\"IsSerial\":false,\"IsUnique\":false,\"Idx\":10},\"relpersistence\":{\"Type\":0,\"IsNullable\":true,\"DefaultValue\":null,\"IsSerial\":false,\"IsUnique\":false,\"Idx\":16},\"relreplident\":{\"Type\":0,\"IsNullable\":true,\"DefaultValue\":null,\"IsSerial\":false,\"IsUnique\":false,\"Idx\":26},\"relrewrite\":{\"Type\":0,\"IsNullable\":true,\"DefaultValue\":null,\"IsSerial\":false,\"IsUnique\":false,\"Idx\":28},\"relrowsecurity\":{\"Type\":0,\"IsNullable\":true,\"DefaultValue\":null,\"IsSerial\":false,\"IsUnique\":false,\"Idx\":23},\"reltablespace\":{\"Type\":0,\"IsNullable\":true,\"DefaultValue\":null,\"IsSerial\":false,\"IsUnique\":false,\"Idx\":9},\"reltoastrelid\":{\"Type\":0,\"IsNullable\":true,\"DefaultValue\":null,\"IsSerial\":false,\"IsUnique\":false,\"Idx\":13},\"reltuples\":{\"Type\":3,\"IsNullable\":true,\"DefaultValue\":null,\"IsSerial\":false,\"IsUnique\":false,\"Idx\":11},\"reltype\":{\"Type\":0,\"IsNullable\":true,\"DefaultValue\":null,\"IsSerial\":false,\"IsUnique\":false,\"Idx\":4}},\"PrimaryKeys\":[1]}", "vclock": {"node1":49}}
2026-02-28T14:53:46.849+0300	DEBUG	logger/zap_logger.go:96	DEBUG: Parsed statement type: INSERT

2026-02-28T14:53:46.849+0300	DEBUG	logger/zap_logger.go:96	DEBUG: Insert into pg_catalog.pg_class: [[1259 pg_tables 11 0 0 10 0 0 0 0 0 0 0 false false p r 8 0 false false false false false true n false 0 0 0] [1260 pg_columns 11 0 0 10 0 0 0 0 0 0 0 false false p r 9 0 false false false false false true n false 0 0 0] [1261 pg_class 11 83 0 10 0 0 0 0 0 0 0 false false p r 30 0 false false false false false true n false 0 0 0] [1249 pg_attribute 11 75 0 10 0 0 0 0 0 0 0 false false p r 23 0 false false false false false true n false 0 0 0] [1255 pg_proc 11 81 0 10 0 0 0 0 0 0 0 false false p r 29 0 false false false false false true n false 0 0 0] [1247 pg_type 11 71 0 10 0 0 0 0 0 0 0 false false p r 31 0 false false false false false true n false 0 0 0] [2615 pg_namespace 11 2615 0 10 0 0 0 0 0 0 0 false false p r 4 0 false false false false false true n false 0 0 0] [1262 pg_database 11 1248 0 10 0 0 0 0 0 0 0 false false p r 14 0 false false false false false true n false 0 0 0] [1213 pg_tablespace 11 1213 0 10 0 0 0 0 0 0 0 false false p r 5 0 false false false false false true n false 0 0 0] [1263 pg_shdescription 11 0 0 10 0 0 0 0 0 0 0 false false p r 4 0 false false false false false true n false 0 0 0] [2601 pg_am 11 0 0 10 0 0 0 0 0 0 0 false false p r 4 0 false false false false false true n false 0 0 0]]

2026-02-28T14:53:46.849+0300	DEBUG	logger/zap_logger.go:71	DEBUG: Table metadata:	{"meta": {"Name":"pg_catalog.pg_class","Columns":{"oid":{"Type":0,"IsNullable":false,"DefaultValue":null,"IsSerial":false,"IsUnique":false,"Idx":1},"relallvisible":{"Type":0,"IsNullable":true,"DefaultValue":null,"IsSerial":false,"IsUnique":false,"Idx":12},"relam":{"Type":0,"IsNullable":true,"DefaultValue":null,"IsSerial":false,"IsUnique":false,"Idx":7},"relchecks":{"Type":0,"IsNullable":true,"DefaultValue":null,"IsSerial":false,"IsUnique":false,"Idx":19},"relfilenode":{"Type":0,"IsNullable":true,"DefaultValue":null,"IsSerial":false,"IsUnique":false,"Idx":8},"relforcerowsecurity":{"Type":0,"IsNullable":true,"DefaultValue":null,"IsSerial":false,"IsUnique":false,"Idx":24},"relfrozenxid":{"Type":0,"IsNullable":true,"DefaultValue":null,"IsSerial":false,"IsUnique":false,"Idx":29},"relhasindex":{"Type":0,"IsNullable":true,"DefaultValue":null,"IsSerial":false,"IsUnique":false,"Idx":14},"relhasrules":{"Type":0,"IsNullable":true,"DefaultValue":null,"IsSerial":false,"IsUnique":false,"Idx":20},"relhassubclass":{"Type":0,"IsNullable":true,"DefaultValue":null,"IsSerial":false,"IsUnique":false,"Idx":22},"relhastriggers":{"Type":0,"IsNullable":true,"DefaultValue":null,"IsSerial":false,"IsUnique":false,"Idx":21},"relispartition":{"Type":0,"IsNullable":true,"DefaultValue":null,"IsSerial":false,"IsUnique":false,"Idx":27},"relispopulated":{"Type":0,"IsNullable":true,"DefaultValue":null,"IsSerial":false,"IsUnique":false,"Idx":25},"relisshared":{"Type":0,"IsNullable":true,"DefaultValue":null,"IsSerial":false,"IsUnique":false,"Idx":15},"relkind":{"Type":0,"IsNullable":true,"DefaultValue":null,"IsSerial":false,"IsUnique":false,"Idx":17},"relminmxid":{"Type":0,"IsNullable":true,"DefaultValue":null,"IsSerial":false,"IsUnique":false,"Idx":30},"relname":{"Type":0,"IsNullable":true,"DefaultValue":null,"IsSerial":false,"IsUnique":false,"Idx":2},"relnamespace":{"Type":0,"IsNullable":true,"DefaultValue":null,"IsSerial":false,"IsUnique":false,"Idx":3},"relnatts":{"Type":0,"IsNullable":true,"DefaultValue":null,"IsSerial":false,"IsUnique":false,"Idx":18},"reloftype":{"Type":0,"IsNullable":true,"DefaultValue":null,"IsSerial":false,"IsUnique":false,"Idx":5},"relowner":{"Type":0,"IsNullable":true,"DefaultValue":null,"IsSerial":false,"IsUnique":false,"Idx":6},"relpages":{"Type":0,"IsNullable":true,"DefaultValue":null,"IsSerial":false,"IsUnique":false,"Idx":10},"relpersistence":{"Type":0,"IsNullable":true,"DefaultValue":null,"IsSerial":false,"IsUnique":false,"Idx":16},"relreplident":{"Type":0,"IsNullable":true,"DefaultValue":null,"IsSerial":false,"IsUnique":false,"Idx":26},"relrewrite":{"Type":0,"IsNullable":true,"DefaultValue":null,"IsSerial":false,"IsUnique":false,"Idx":28},"relrowsecurity":{"Type":0,"IsNullable":true,"DefaultValue":null,"IsSerial":false,"IsUnique":false,"Idx":23},"reltablespace":{"Type":0,"IsNullable":true,"DefaultValue":null,"IsSerial":false,"IsUnique":false,"Idx":9},"reltoastrelid":{"Type":0,"IsNullable":true,"DefaultValue":null,"IsSerial":false,"IsUnique":false,"Idx":13},"reltuples":{"Type":3,"IsNullable":true,"DefaultValue":null,"IsSerial":false,"IsUnique":false,"Idx":11},"reltype":{"Type":0,"IsNullable":true,"DefaultValue":null,"IsSerial":false,"IsUnique":false,"Idx":4}},"PrimaryKeys":[1]}}
2026-02-28T14:53:46.849+0300	DEBUG	logger/zap_logger.go:71	DEBUG: Saved row: 	{"rowKey": "testdb:pg_catalog:pg_class:row:1259:", "rowData": "[1259,\"pg_tables\",11,0,0,10,0,0,0,0,0,0,0,false,false,\"p\",\"r\",8,0,false,false,false,false,false,true,\"n\",false,0,0,0]"}
2026-02-28T14:53:46.849+0300	DEBUG	logger/zap_logger.go:71	DEBUG: Saved row: 	{"rowKey": "testdb:pg_catalog:pg_class:row:1260:", "rowData": "[1260,\"pg_columns\",11,0,0,10,0,0,0,0,0,0,0,false,false,\"p\",\"r\",9,0,false,false,false,false,false,true,\"n\",false,0,0,0]"}
2026-02-28T14:53:46.849+0300	DEBUG	logger/zap_logger.go:71	DEBUG: Saved row: 	{"rowKey": "testdb:pg_catalog:pg_class:row:1261:", "rowData": "[1261,\"pg_class\",11,83,0,10,0,0,0,0,0,0,0,false,false,\"p\",\"r\",30,0,false,false,false,false,false,true,\"n\",false,0,0,0]"}
2026-02-28T14:53:46.849+0300	DEBUG	logger/zap_logger.go:71	DEBUG: Saved row: 	{"rowKey": "testdb:pg_catalog:pg_class:row:1249:", "rowData": "[1249,\"pg_attribute\",11,75,0,10,0,0,0,0,0,0,0,false,false,\"p\",\"r\",23,0,false,false,false,false,false,true,\"n\",false,0,0,0]"}
2026-02-28T14:53:46.849+0300	DEBUG	logger/zap_logger.go:71	DEBUG: Saved row: 	{"rowKey": "testdb:pg_catalog:pg_class:row:1255:", "rowData": "[1255,\"pg_proc\",11,81,0,10,0,0,0,0,0,0,0,false,false,\"p\",\"r\",29,0,false,false,false,false,false,true,\"n\",false,0,0,0]"}
2026-02-28T14:53:46.849+0300	DEBUG	logger/zap_logger.go:71	DEBUG: Saved row: 	{"rowKey": "testdb:pg_catalog:pg_class:row:1247:", "rowData": "[1247,\"pg_type\",11,71,0,10,0,0,0,0,0,0,0,false,false,\"p\",\"r\",31,0,false,false,false,false,false,true,\"n\",false,0,0,0]"}
2026-02-28T14:53:46.849+0300	DEBUG	logger/zap_logger.go:71	DEBUG: Saved row: 	{"rowKey": "testdb:pg_catalog:pg_class:row:2615:", "rowData": "[2615,\"pg_namespace\",11,2615,0,10,0,0,0,0,0,0,0,false,false,\"p\",\"r\",4,0,false,false,false,false,false,true,\"n\",false,0,0,0]"}
2026-02-28T14:53:46.849+0300	DEBUG	logger/zap_logger.go:71	DEBUG: Saved row: 	{"rowKey": "testdb:pg_catalog:pg_class:row:1262:", "rowData": "[1262,\"pg_database\",11,1248,0,10,0,0,0,0,0,0,0,false,false,\"p\",\"r\",14,0,false,false,false,false,false,true,\"n\",false,0,0,0]"}
2026-02-28T14:53:46.850+0300	DEBUG	logger/zap_logger.go:71	DEBUG: Saved row: 	{"rowKey": "testdb:pg_catalog:pg_class:row:1213:", "rowData": "[1213,\"pg_tablespace\",11,1213,0,10,0,0,0,0,0,0,0,false,false,\"p\",\"r\",5,0,false,false,false,false,false,true,\"n\",false,0,0,0]"}
2026-02-28T14:53:46.850+0300	DEBUG	logger/zap_logger.go:71	DEBUG: Saved row: 	{"rowKey": "testdb:pg_catalog:pg_class:row:1263:", "rowData": "[1263,\"pg_shdescription\",11,0,0,10,0,0,0,0,0,0,0,false,false,\"p\",\"r\",4,0,false,false,false,false,false,true,\"n\",false,0,0,0]"}
2026-02-28T14:53:46.850+0300	DEBUG	logger/zap_logger.go:71	DEBUG: Saved row: 	{"rowKey": "testdb:pg_catalog:pg_class:row:2601:", "rowData": "[2601,\"pg_am\",11,0,0,10,0,0,0,0,0,0,0,false,false,\"p\",\"r\",4,0,false,false,false,false,false,true,\"n\",false,0,0,0]"}
2026-02-28T14:53:46.850+0300	INFO	logger/zap_logger.go:76	[SynchronizerVClock] Loaded key	{"key": "testdb:pg_catalog:pg_class:row:1259:", "value": "[1259,\"pg_tables\",11,0,0,10,0,0,0,0,0,0,0,false,false,\"p\",\"r\",8,0,false,false,false,false,false,true,\"n\",false,0,0,0]", "vclock": {"node1":50}}
2026-02-28T14:53:46.850+0300	INFO	logger/zap_logger.go:76	[SynchronizerVClock] Loaded key	{"key": "testdb:pg_catalog:pg_class:row:1260:", "value": "[1260,\"pg_columns\",11,0,0,10,0,0,0,0,0,0,0,false,false,\"p\",\"r\",9,0,false,false,false,false,false,true,\"n\",false,0,0,0]", "vclock": {"node1":51}}
2026-02-28T14:53:46.850+0300	DEBUG	logger/zap_logger.go:96	Executing: 

CREATE TABLE IF NOT EXISTS pg_catalog.pg_attribute (
    attrelid INTEGER,
    attname TEXT,
    atttypid INT,
    attstattarget INT,
    attlen INT,
    attnum INT,
    attndims INT,
    attcacheoff INT,
    atttypmod INT,
    attbyval BOOLEAN,
    attstorage CHAR(1),
    attalign CHAR(1),
    attnotnull BOOLEAN,
    atthasdef BOOLEAN,
    attidentity CHAR(1),
    attgenerated CHAR(1),
    attisdropped BOOLEAN,
    attislocal BOOLEAN,
    attinhcount INT,
    attcollation INT,
    attacl TEXT,
    attoptions TEXT,
    attfdwoptions TEXT,
    PRIMARY KEY (attrelid, attname)
)
2026-02-28T14:53:46.850+0300	INFO	logger/zap_logger.go:76	[SynchronizerVClock] Loaded key	{"key": "testdb:pg_catalog:pg_class:row:1247:", "value": "[1247,\"pg_type\",11,71,0,10,0,0,0,0,0,0,0,false,false,\"p\",\"r\",31,0,false,false,false,false,false,true,\"n\",false,0,0,0]", "vclock": {"node1":52}}
2026-02-28T14:53:46.850+0300	INFO	logger/zap_logger.go:76	[SynchronizerVClock] Loaded key	{"key": "testdb:pg_catalog:pg_class:row:2615:", "value": "[2615,\"pg_namespace\",11,2615,0,10,0,0,0,0,0,0,0,false,false,\"p\",\"r\",4,0,false,false,false,false,false,true,\"n\",false,0,0,0]", "vclock": {"node1":53}}
2026-02-28T14:53:46.850+0300	INFO	logger/zap_logger.go:76	[SynchronizerVClock] Loaded key	{"key": "testdb:pg_catalog:pg_class:row:1262:", "value": "[1262,\"pg_database\",11,1248,0,10,0,0,0,0,0,0,0,false,false,\"p\",\"r\",14,0,false,false,false,false,false,true,\"n\",false,0,0,0]", "vclock": {"node1":54}}
2026-02-28T14:53:46.850+0300	INFO	logger/zap_logger.go:76	[SynchronizerVClock] Loaded key	{"key": "testdb:pg_catalog:pg_class:row:1213:", "value": "[1213,\"pg_tablespace\",11,1213,0,10,0,0,0,0,0,0,0,false,false,\"p\",\"r\",5,0,false,false,false,false,false,true,\"n\",false,0,0,0]", "vclock": {"node1":55}}
2026-02-28T14:53:46.850+0300	INFO	logger/zap_logger.go:76	[SynchronizerVClock] Loaded key	{"key": "testdb:pg_catalog:pg_class:row:1263:", "value": "[1263,\"pg_shdescription\",11,0,0,10,0,0,0,0,0,0,0,false,false,\"p\",\"r\",4,0,false,false,false,false,false,true,\"n\",false,0,0,0]", "vclock": {"node1":56}}
2026-02-28T14:53:46.850+0300	INFO	logger/zap_logger.go:76	[SynchronizerVClock] Loaded key	{"key": "testdb:pg_catalog:pg_class:row:2601:", "value": "[2601,\"pg_am\",11,0,0,10,0,0,0,0,0,0,0,false,false,\"p\",\"r\",4,0,false,false,false,false,false,true,\"n\",false,0,0,0]", "vclock": {"node1":57}}
2026-02-28T14:53:46.850+0300	INFO	logger/zap_logger.go:76	[SynchronizerVClock] Loaded key	{"key": "testdb:pg_catalog:pg_class:row:1261:", "value": "[1261,\"pg_class\",11,83,0,10,0,0,0,0,0,0,0,false,false,\"p\",\"r\",30,0,false,false,false,false,false,true,\"n\",false,0,0,0]", "vclock": {"node1":58}}
2026-02-28T14:53:46.850+0300	INFO	logger/zap_logger.go:76	[SynchronizerVClock] Loaded key	{"key": "testdb:pg_catalog:pg_class:row:1249:", "value": "[1249,\"pg_attribute\",11,75,0,10,0,0,0,0,0,0,0,false,false,\"p\",\"r\",23,0,false,false,false,false,false,true,\"n\",false,0,0,0]", "vclock": {"node1":59}}
2026-02-28T14:53:46.850+0300	INFO	logger/zap_logger.go:76	[SynchronizerVClock] Loaded key	{"key": "testdb:pg_catalog:pg_class:row:1255:", "value": "[1255,\"pg_proc\",11,81,0,10,0,0,0,0,0,0,0,false,false,\"p\",\"r\",29,0,false,false,false,false,false,true,\"n\",false,0,0,0]", "vclock": {"node1":60}}
2026-02-28T14:53:46.850+0300	DEBUG	logger/zap_logger.go:96	DEBUG: Parsed statement type: CREATE_TABLE

2026-02-28T14:53:46.850+0300	DEBUG	logger/zap_logger.go:96	Executing: 

INSERT INTO pg_catalog.pg_attribute (attrelid, attname, atttypid, attstattarget, attlen, attnum, attndims, attcacheoff, atttypmod, attbyval, attstorage, attalign, attnotnull, atthasdef, attidentity, attgenerated, attisdropped, attislocal, attinhcount, attcollation, attacl, attoptions, attfdwoptions) VALUES
(1, 'schemaname', 25, -1, -1, 1, 0, -1, -1, FALSE, 'p', 'i', FALSE, FALSE, '', '', FALSE, TRUE, 0, 0, NULL, NULL, NULL),
(1, 'schematable', 25, -1, -1, 2, 0, -1, -1, FALSE, 'p', 'i', FALSE, FALSE, '', '', FALSE, TRUE, 0, 0, NULL, NULL, NULL),
(1, 'tableowner', 25, -1, -1, 3, 0, -1, -1, FALSE, 'p', 'i', FALSE, FALSE, '', '', FALSE, TRUE, 0, 0, NULL, NULL, NULL),
(1, 'tablespace', 25, -1, -1, 4, 0, -1, -1, FALSE, 'p', 'i', TRUE, FALSE, '', '', FALSE, TRUE, 0, 0, NULL, NULL, NULL),
(1, 'hasindexes', 16, -1, 1, 5, 0, -1, -1, FALSE, 'p', 'i', FALSE, FALSE, '', '', FALSE, TRUE, 0, 0,NULL , NULL , NULL),
(1,'hasrules',16,-1 ,1 ,6 ,0 ,-1 ,-1 ,FALSE ,'p' ,'i' ,FALSE ,FALSE ,'' ,'' ,FALSE ,TRUE ,0 ,0 ,NULL ,NULL ,NULL),
(1,'hastriggers',16 ,-1 ,1 ,7 ,0 ,-1 ,-1 ,FALSE ,'p' ,'i' ,FALSE ,FALSE ,'' ,'' ,FALSE ,TRUE ,0 ,0 ,NULL ,NULL ,NULL),
(1,'rowsecurity',16 ,-1 ,1 ,8 ,0 ,-1 ,-1 ,FALSE ,'p' ,'i' ,FALSE ,FALSE ,'' ,'' ,FALSE ,TRUE ,0 ,0 ,NULL ,NULL ,NULL),
(2, 'table_schema', 25, -1, -1, 1, 0, -1, -1, FALSE, 'p', 'i', FALSE, FALSE, '', '', FALSE, TRUE, 0, 0, NULL, NULL, NULL),
(2, 'table_name', 25, -1, -1, 2, 0, -1, -1, FALSE, 'p', 'i', FALSE, FALSE, '', '', FALSE, TRUE, 0, 0, NULL, NULL, NULL),
(2, 'column_name', 25, -1, -1, 3, 0, -1, -1, FALSE, 'p', 'i', FALSE, FALSE, '', '', FALSE, TRUE, 0, 0, NULL, NULL, NULL),
(2, 'original_position', 23, -1, 4, 4, 0, -1, -1, FALSE, 'p', 'i', FALSE, FALSE, '', '', FALSE, TRUE, 0, 0, NULL, NULL, NULL),
(2, 'column_default', 25, -1, -1, 5, 0, -1, -1, TRUE, 'p', 'i', TRUE, FALSE, '', '', FALSE, TRUE, 0, 0, NULL, NULL, NULL),
(2, 'is_nullable', 16, -1, 1, 6, 0, -1, -1, FALSE, 'p', 'i', FALSE, FALSE, '', '', FALSE, TRUE, 0, 0, NULL, NULL, NULL),
(2, 'data_type', 25, -1, -1, 7, 0, -1, -1, FALSE, 'p', 'i', FALSE, FALSE, '', '', FALSE, TRUE, 0, 0, NULL, NULL, NULL),
(2, 'character_maximum_length', 23, -1, 4, 8, 0, -1, -1, TRUE, 'p', 'i', TRUE, FALSE, '', '', FALSE, TRUE, 0, 0, NULL, NULL, NULL),
(2, 'numeric_precision', 23, -1, 4, 9, 0, -1, -1, TRUE, 'p', 'i', TRUE, FALSE, '', '', FALSE, TRUE, 0, 0, NULL, NULL, NULL)
2026-02-28T14:53:46.850+0300	INFO	logger/zap_logger.go:76	[SynchronizerVClock] Loaded key	{"key": "schema:testdb:pg_catalog:pg_attribute:", "value": "{\"Name\":\"pg_catalog.pg_attribute\",\"Columns\":{\"attacl\":{\"Type\":0,\"IsNullable\":true,\"DefaultValue\":null,\"IsSerial\":false,\"IsUnique\":false,\"Idx\":21},\"attalign\":{\"Type\":0,\"IsNullable\":true,\"DefaultValue\":null,\"IsSerial\":false,\"IsUnique\":false,\"Idx\":12},\"attbyval\":{\"Type\":0,\"IsNullable\":true,\"DefaultValue\":null,\"IsSerial\":false,\"IsUnique\":false,\"Idx\":10},\"attcacheoff\":{\"Type\":1,\"IsNullable\":true,\"DefaultValue\":null,\"IsSerial\":false,\"IsUnique\":false,\"Idx\":8},\"attcollation\":{\"Type\":1,\"IsNullable\":true,\"DefaultValue\":null,\"IsSerial\":false,\"IsUnique\":false,\"Idx\":20},\"attfdwoptions\":{\"Type\":0,\"IsNullable\":true,\"DefaultValue\":null,\"IsSerial\":false,\"IsUnique\":false,\"Idx\":23},\"attgenerated\":{\"Type\":0,\"IsNullable\":true,\"DefaultValue\":null,\"IsSerial\":false,\"IsUnique\":false,\"Idx\":16},\"atthasdef\":{\"Type\":0,\"IsNullable\":true,\"DefaultValue\":null,\"IsSerial\":false,\"IsUnique\":false,\"Idx\":14},\"attidentity\":{\"Type\":0,\"IsNullable\":true,\"DefaultValue\":null,\"IsSerial\":false,\"IsUnique\":false,\"Idx\":15},\"attinhcount\":{\"Type\":1,\"IsNullable\":true,\"DefaultValue\":null,\"IsSerial\":false,\"IsUnique\":false,\"Idx\":19},\"attisdropped\":{\"Type\":0,\"IsNullable\":true,\"DefaultValue\":null,\"IsSerial\":false,\"IsUnique\":false,\"Idx\":17},\"attislocal\":{\"Type\":0,\"IsNullable\":true,\"DefaultValue\":null,\"IsSerial\":false,\"IsUnique\":false,\"Idx\":18},\"attlen\":{\"Type\":1,\"IsNullable\":true,\"DefaultValue\":null,\"IsSerial\":false,\"IsUnique\":false,\"Idx\":5},\"attname\":{\"Type\":0,\"IsNullable\":false,\"DefaultValue\":null,\"IsSerial\":false,\"IsUnique\":false,\"Idx\":2},\"attndims\":{\"Type\":1,\"IsNullable\":true,\"DefaultValue\":null,\"IsSerial\":false,\"IsUnique\":false,\"Idx\":7},\"attnotnull\":{\"Type\":0,\"IsNullable\":true,\"DefaultValue\":null,\"IsSerial\":false,\"IsUnique\":false,\"Idx\":13},\"attnum\":{\"Type\":1,\"IsNullable\":true,\"DefaultValue\":null,\"IsSerial\":false,\"IsUnique\":false,\"Idx\":6},\"attoptions\":{\"Type\":0,\"IsNullable\":true,\"DefaultValue\":null,\"IsSerial\":false,\"IsUnique\":false,\"Idx\":22},\"attrelid\":{\"Type\":0,\"IsNullable\":false,\"DefaultValue\":null,\"IsSerial\":false,\"IsUnique\":false,\"Idx\":1},\"attstattarget\":{\"Type\":1,\"IsNullable\":true,\"DefaultValue\":null,\"IsSerial\":false,\"IsUnique\":false,\"Idx\":4},\"attstorage\":{\"Type\":0,\"IsNullable\":true,\"DefaultValue\":null,\"IsSerial\":false,\"IsUnique\":false,\"Idx\":11},\"atttypid\":{\"Type\":1,\"IsNullable\":true,\"DefaultValue\":null,\"IsSerial\":false,\"IsUnique\":false,\"Idx\":3},\"atttypmod\":{\"Type\":1,\"IsNullable\":true,\"DefaultValue\":null,\"IsSerial\":false,\"IsUnique\":false,\"Idx\":9}},\"PrimaryKeys\":[1,2]}", "vclock": {"node1":61}}
2026-02-28T14:53:46.851+0300	DEBUG	logger/zap_logger.go:96	DEBUG: Parsed statement type: INSERT

2026-02-28T14:53:46.851+0300	DEBUG	logger/zap_logger.go:96	DEBUG: Insert into pg_catalog.pg_attribute: [[1 schemaname 25 -1 -1 1 0 -1 -1 false p i false false   false true 0 0 NULL NULL NULL] [1 schematable 25 -1 -1 2 0 -1 -1 false p i false false   false true 0 0 NULL NULL NULL] [1 tableowner 25 -1 -1 3 0 -1 -1 false p i false false   false true 0 0 NULL NULL NULL] [1 tablespace 25 -1 -1 4 0 -1 -1 false p i true false   false true 0 0 NULL NULL NULL] [1 hasindexes 16 -1 1 5 0 -1 -1 false p i false false   false true 0 0 NULL NULL NULL] [1 hasrules 16 -1 1 6 0 -1 -1 false p i false false   false true 0 0 NULL NULL NULL] [1 hastriggers 16 -1 1 7 0 -1 -1 false p i false false   false true 0 0 NULL NULL NULL] [1 rowsecurity 16 -1 1 8 0 -1 -1 false p i false false   false true 0 0 NULL NULL NULL] [2 table_schema 25 -1 -1 1 0 -1 -1 false p i false false   false true 0 0 NULL NULL NULL] [2 table_name 25 -1 -1 2 0 -1 -1 false p i false false   false true 0 0 NULL NULL NULL] [2 column_name 25 -1 -1 3 0 -1 -1 false p i false false   false true 0 0 NULL NULL NULL] [2 original_position 23 -1 4 4 0 -1 -1 false p i false false   false true 0 0 NULL NULL NULL] [2 column_default 25 -1 -1 5 0 -1 -1 true p i true false   false true 0 0 NULL NULL NULL] [2 is_nullable 16 -1 1 6 0 -1 -1 false p i false false   false true 0 0 NULL NULL NULL] [2 data_type 25 -1 -1 7 0 -1 -1 false p i false false   false true 0 0 NULL NULL NULL] [2 character_maximum_length 23 -1 4 8 0 -1 -1 true p i true false   false true 0 0 NULL NULL NULL] [2 numeric_precision 23 -1 4 9 0 -1 -1 true p i true false   false true 0 0 NULL NULL NULL]]

2026-02-28T14:53:46.851+0300	DEBUG	logger/zap_logger.go:71	DEBUG: Table metadata:	{"meta": {"Name":"pg_catalog.pg_attribute","Columns":{"attacl":{"Type":0,"IsNullable":true,"DefaultValue":null,"IsSerial":false,"IsUnique":false,"Idx":21},"attalign":{"Type":0,"IsNullable":true,"DefaultValue":null,"IsSerial":false,"IsUnique":false,"Idx":12},"attbyval":{"Type":0,"IsNullable":true,"DefaultValue":null,"IsSerial":false,"IsUnique":false,"Idx":10},"attcacheoff":{"Type":1,"IsNullable":true,"DefaultValue":null,"IsSerial":false,"IsUnique":false,"Idx":8},"attcollation":{"Type":1,"IsNullable":true,"DefaultValue":null,"IsSerial":false,"IsUnique":false,"Idx":20},"attfdwoptions":{"Type":0,"IsNullable":true,"DefaultValue":null,"IsSerial":false,"IsUnique":false,"Idx":23},"attgenerated":{"Type":0,"IsNullable":true,"DefaultValue":null,"IsSerial":false,"IsUnique":false,"Idx":16},"atthasdef":{"Type":0,"IsNullable":true,"DefaultValue":null,"IsSerial":false,"IsUnique":false,"Idx":14},"attidentity":{"Type":0,"IsNullable":true,"DefaultValue":null,"IsSerial":false,"IsUnique":false,"Idx":15},"attinhcount":{"Type":1,"IsNullable":true,"DefaultValue":null,"IsSerial":false,"IsUnique":false,"Idx":19},"attisdropped":{"Type":0,"IsNullable":true,"DefaultValue":null,"IsSerial":false,"IsUnique":false,"Idx":17},"attislocal":{"Type":0,"IsNullable":true,"DefaultValue":null,"IsSerial":false,"IsUnique":false,"Idx":18},"attlen":{"Type":1,"IsNullable":true,"DefaultValue":null,"IsSerial":false,"IsUnique":false,"Idx":5},"attname":{"Type":0,"IsNullable":false,"DefaultValue":null,"IsSerial":false,"IsUnique":false,"Idx":2},"attndims":{"Type":1,"IsNullable":true,"DefaultValue":null,"IsSerial":false,"IsUnique":false,"Idx":7},"attnotnull":{"Type":0,"IsNullable":true,"DefaultValue":null,"IsSerial":false,"IsUnique":false,"Idx":13},"attnum":{"Type":1,"IsNullable":true,"DefaultValue":null,"IsSerial":false,"IsUnique":false,"Idx":6},"attoptions":{"Type":0,"IsNullable":true,"DefaultValue":null,"IsSerial":false,"IsUnique":false,"Idx":22},"attrelid":{"Type":0,"IsNullable":false,"DefaultValue":null,"IsSerial":false,"IsUnique":false,"Idx":1},"attstattarget":{"Type":1,"IsNullable":true,"DefaultValue":null,"IsSerial":false,"IsUnique":false,"Idx":4},"attstorage":{"Type":0,"IsNullable":true,"DefaultValue":null,"IsSerial":false,"IsUnique":false,"Idx":11},"atttypid":{"Type":1,"IsNullable":true,"DefaultValue":null,"IsSerial":false,"IsUnique":false,"Idx":3},"atttypmod":{"Type":1,"IsNullable":true,"DefaultValue":null,"IsSerial":false,"IsUnique":false,"Idx":9}},"PrimaryKeys":[1,2]}}
2026-02-28T14:53:46.851+0300	DEBUG	logger/zap_logger.go:71	DEBUG: Saved row: 	{"rowKey": "testdb:pg_catalog:pg_attribute:row:1schemaname:", "rowData": "[1,\"schemaname\",25,-1,-1,1,0,-1,-1,false,\"p\",\"i\",false,false,\"\",\"\",false,true,0,0,\"NULL\",\"NULL\",\"NULL\"]"}
2026-02-28T14:53:46.851+0300	DEBUG	logger/zap_logger.go:71	DEBUG: Saved row: 	{"rowKey": "testdb:pg_catalog:pg_attribute:row:1schematable:", "rowData": "[1,\"schematable\",25,-1,-1,2,0,-1,-1,false,\"p\",\"i\",false,false,\"\",\"\",false,true,0,0,\"NULL\",\"NULL\",\"NULL\"]"}
2026-02-28T14:53:46.851+0300	DEBUG	logger/zap_logger.go:71	DEBUG: Saved row: 	{"rowKey": "testdb:pg_catalog:pg_attribute:row:1tableowner:", "rowData": "[1,\"tableowner\",25,-1,-1,3,0,-1,-1,false,\"p\",\"i\",false,false,\"\",\"\",false,true,0,0,\"NULL\",\"NULL\",\"NULL\"]"}
2026-02-28T14:53:46.851+0300	DEBUG	logger/zap_logger.go:71	DEBUG: Saved row: 	{"rowKey": "testdb:pg_catalog:pg_attribute:row:1tablespace:", "rowData": "[1,\"tablespace\",25,-1,-1,4,0,-1,-1,false,\"p\",\"i\",true,false,\"\",\"\",false,true,0,0,\"NULL\",\"NULL\",\"NULL\"]"}
2026-02-28T14:53:46.851+0300	DEBUG	logger/zap_logger.go:71	DEBUG: Saved row: 	{"rowKey": "testdb:pg_catalog:pg_attribute:row:1hasindexes:", "rowData": "[1,\"hasindexes\",16,-1,1,5,0,-1,-1,false,\"p\",\"i\",false,false,\"\",\"\",false,true,0,0,\"NULL\",\"NULL\",\"NULL\"]"}
2026-02-28T14:53:46.851+0300	DEBUG	logger/zap_logger.go:71	DEBUG: Saved row: 	{"rowKey": "testdb:pg_catalog:pg_attribute:row:1hasrules:", "rowData": "[1,\"hasrules\",16,-1,1,6,0,-1,-1,false,\"p\",\"i\",false,false,\"\",\"\",false,true,0,0,\"NULL\",\"NULL\",\"NULL\"]"}
2026-02-28T14:53:46.851+0300	DEBUG	logger/zap_logger.go:71	DEBUG: Saved row: 	{"rowKey": "testdb:pg_catalog:pg_attribute:row:1hastriggers:", "rowData": "[1,\"hastriggers\",16,-1,1,7,0,-1,-1,false,\"p\",\"i\",false,false,\"\",\"\",false,true,0,0,\"NULL\",\"NULL\",\"NULL\"]"}
2026-02-28T14:53:46.851+0300	DEBUG	logger/zap_logger.go:71	DEBUG: Saved row: 	{"rowKey": "testdb:pg_catalog:pg_attribute:row:1rowsecurity:", "rowData": "[1,\"rowsecurity\",16,-1,1,8,0,-1,-1,false,\"p\",\"i\",false,false,\"\",\"\",false,true,0,0,\"NULL\",\"NULL\",\"NULL\"]"}
2026-02-28T14:53:46.851+0300	DEBUG	logger/zap_logger.go:71	DEBUG: Saved row: 	{"rowKey": "testdb:pg_catalog:pg_attribute:row:2table_schema:", "rowData": "[2,\"table_schema\",25,-1,-1,1,0,-1,-1,false,\"p\",\"i\",false,false,\"\",\"\",false,true,0,0,\"NULL\",\"NULL\",\"NULL\"]"}
2026-02-28T14:53:46.851+0300	DEBUG	logger/zap_logger.go:71	DEBUG: Saved row: 	{"rowKey": "testdb:pg_catalog:pg_attribute:row:2table_name:", "rowData": "[2,\"table_name\",25,-1,-1,2,0,-1,-1,false,\"p\",\"i\",false,false,\"\",\"\",false,true,0,0,\"NULL\",\"NULL\",\"NULL\"]"}
2026-02-28T14:53:46.851+0300	DEBUG	logger/zap_logger.go:71	DEBUG: Saved row: 	{"rowKey": "testdb:pg_catalog:pg_attribute:row:2column_name:", "rowData": "[2,\"column_name\",25,-1,-1,3,0,-1,-1,false,\"p\",\"i\",false,false,\"\",\"\",false,true,0,0,\"NULL\",\"NULL\",\"NULL\"]"}
2026-02-28T14:53:46.851+0300	DEBUG	logger/zap_logger.go:71	DEBUG: Saved row: 	{"rowKey": "testdb:pg_catalog:pg_attribute:row:2original_position:", "rowData": "[2,\"original_position\",23,-1,4,4,0,-1,-1,false,\"p\",\"i\",false,false,\"\",\"\",false,true,0,0,\"NULL\",\"NULL\",\"NULL\"]"}
2026-02-28T14:53:46.851+0300	DEBUG	logger/zap_logger.go:71	DEBUG: Saved row: 	{"rowKey": "testdb:pg_catalog:pg_attribute:row:2column_default:", "rowData": "[2,\"column_default\",25,-1,-1,5,0,-1,-1,true,\"p\",\"i\",true,false,\"\",\"\",false,true,0,0,\"NULL\",\"NULL\",\"NULL\"]"}
2026-02-28T14:53:46.852+0300	DEBUG	logger/zap_logger.go:71	DEBUG: Saved row: 	{"rowKey": "testdb:pg_catalog:pg_attribute:row:2is_nullable:", "rowData": "[2,\"is_nullable\",16,-1,1,6,0,-1,-1,false,\"p\",\"i\",false,false,\"\",\"\",false,true,0,0,\"NULL\",\"NULL\",\"NULL\"]"}
2026-02-28T14:53:46.852+0300	DEBUG	logger/zap_logger.go:71	DEBUG: Saved row: 	{"rowKey": "testdb:pg_catalog:pg_attribute:row:2data_type:", "rowData": "[2,\"data_type\",25,-1,-1,7,0,-1,-1,false,\"p\",\"i\",false,false,\"\",\"\",false,true,0,0,\"NULL\",\"NULL\",\"NULL\"]"}
2026-02-28T14:53:46.852+0300	DEBUG	logger/zap_logger.go:71	DEBUG: Saved row: 	{"rowKey": "testdb:pg_catalog:pg_attribute:row:2character_maximum_length:", "rowData": "[2,\"character_maximum_length\",23,-1,4,8,0,-1,-1,true,\"p\",\"i\",true,false,\"\",\"\",false,true,0,0,\"NULL\",\"NULL\",\"NULL\"]"}
2026-02-28T14:53:46.852+0300	DEBUG	logger/zap_logger.go:71	DEBUG: Saved row: 	{"rowKey": "testdb:pg_catalog:pg_attribute:row:2numeric_precision:", "rowData": "[2,\"numeric_precision\",23,-1,4,9,0,-1,-1,true,\"p\",\"i\",true,false,\"\",\"\",false,true,0,0,\"NULL\",\"NULL\",\"NULL\"]"}
2026-02-28T14:53:46.852+0300	INFO	logger/zap_logger.go:76	[SynchronizerVClock] Loaded key	{"key": "testdb:pg_catalog:pg_attribute:row:2column_default:", "value": "[2,\"column_default\",25,-1,-1,5,0,-1,-1,true,\"p\",\"i\",true,false,\"\",\"\",false,true,0,0,\"NULL\",\"NULL\",\"NULL\"]", "vclock": {"node1":62}}
2026-02-28T14:53:46.852+0300	INFO	logger/zap_logger.go:76	[SynchronizerVClock] Loaded key	{"key": "testdb:pg_catalog:pg_attribute:row:2data_type:", "value": "[2,\"data_type\",25,-1,-1,7,0,-1,-1,false,\"p\",\"i\",false,false,\"\",\"\",false,true,0,0,\"NULL\",\"NULL\",\"NULL\"]", "vclock": {"node1":63}}
2026-02-28T14:53:46.852+0300	INFO	logger/zap_logger.go:76	[SynchronizerVClock] Loaded key	{"key": "testdb:pg_catalog:pg_attribute:row:1schemaname:", "value": "[1,\"schemaname\",25,-1,-1,1,0,-1,-1,false,\"p\",\"i\",false,false,\"\",\"\",false,true,0,0,\"NULL\",\"NULL\",\"NULL\"]", "vclock": {"node1":64}}
2026-02-28T14:53:46.852+0300	DEBUG	logger/zap_logger.go:96	Executing: 

CREATE TABLE IF NOT EXISTS pg_catalog.pg_proc (
    oid INT,
    proname TEXT,
    pronamespace INT,
    proowner INT,
    prolang INT,
    procost FLOAT,
    prorows FLOAT,
    provariadic INT,
    protransform TEXT,
    proisagg BOOLEAN,
    proiswindow BOOLEAN,
    prosecdef BOOLEAN,
    proleakproof BOOLEAN,
    proisstrict BOOLEAN,
    proretset BOOLEAN,
    provolatile CHAR(1),
    proparallel CHAR(1),
    pronargs INT,
    pronargdefaults INT,
    prorettype INT,
    proargtypes TEXT,
    proallargtypes TEXT,
    proargmodes TEXT,
    proargnames TEXT,
    proargdefaults TEXT,
    protrftypes TEXT,
    prosrc TEXT,
    probin TEXT,
    proconfig TEXT,
    proacl TEXT
)
2026-02-28T14:53:46.852+0300	INFO	logger/zap_logger.go:76	[SynchronizerVClock] Loaded key	{"key": "testdb:pg_catalog:pg_attribute:row:1tableowner:", "value": "[1,\"tableowner\",25,-1,-1,3,0,-1,-1,false,\"p\",\"i\",false,false,\"\",\"\",false,true,0,0,\"NULL\",\"NULL\",\"NULL\"]", "vclock": {"node1":65}}
2026-02-28T14:53:46.852+0300	INFO	logger/zap_logger.go:76	[SynchronizerVClock] Loaded key	{"key": "testdb:pg_catalog:pg_attribute:row:1rowsecurity:", "value": "[1,\"rowsecurity\",16,-1,1,8,0,-1,-1,false,\"p\",\"i\",false,false,\"\",\"\",false,true,0,0,\"NULL\",\"NULL\",\"NULL\"]", "vclock": {"node1":66}}
2026-02-28T14:53:46.852+0300	INFO	logger/zap_logger.go:76	[SynchronizerVClock] Loaded key	{"key": "testdb:pg_catalog:pg_attribute:row:2is_nullable:", "value": "[2,\"is_nullable\",16,-1,1,6,0,-1,-1,false,\"p\",\"i\",false,false,\"\",\"\",false,true,0,0,\"NULL\",\"NULL\",\"NULL\"]", "vclock": {"node1":67}}
2026-02-28T14:53:46.852+0300	INFO	logger/zap_logger.go:76	[SynchronizerVClock] Loaded key	{"key": "testdb:pg_catalog:pg_attribute:row:2character_maximum_length:", "value": "[2,\"character_maximum_length\",23,-1,4,8,0,-1,-1,true,\"p\",\"i\",true,false,\"\",\"\",false,true,0,0,\"NULL\",\"NULL\",\"NULL\"]", "vclock": {"node1":68}}
2026-02-28T14:53:46.852+0300	INFO	logger/zap_logger.go:76	[SynchronizerVClock] Loaded key	{"key": "testdb:pg_catalog:pg_attribute:row:2numeric_precision:", "value": "[2,\"numeric_precision\",23,-1,4,9,0,-1,-1,true,\"p\",\"i\",true,false,\"\",\"\",false,true,0,0,\"NULL\",\"NULL\",\"NULL\"]", "vclock": {"node1":69}}
2026-02-28T14:53:46.852+0300	INFO	logger/zap_logger.go:76	[SynchronizerVClock] Loaded key	{"key": "testdb:pg_catalog:pg_attribute:row:1hasrules:", "value": "[1,\"hasrules\",16,-1,1,6,0,-1,-1,false,\"p\",\"i\",false,false,\"\",\"\",false,true,0,0,\"NULL\",\"NULL\",\"NULL\"]", "vclock": {"node1":70}}
2026-02-28T14:53:46.852+0300	INFO	logger/zap_logger.go:76	[SynchronizerVClock] Loaded key	{"key": "testdb:pg_catalog:pg_attribute:row:1hasindexes:", "value": "[1,\"hasindexes\",16,-1,1,5,0,-1,-1,false,\"p\",\"i\",false,false,\"\",\"\",false,true,0,0,\"NULL\",\"NULL\",\"NULL\"]", "vclock": {"node1":71}}
2026-02-28T14:53:46.852+0300	INFO	logger/zap_logger.go:76	[SynchronizerVClock] Loaded key	{"key": "testdb:pg_catalog:pg_attribute:row:1hastriggers:", "value": "[1,\"hastriggers\",16,-1,1,7,0,-1,-1,false,\"p\",\"i\",false,false,\"\",\"\",false,true,0,0,\"NULL\",\"NULL\",\"NULL\"]", "vclock": {"node1":72}}
2026-02-28T14:53:46.852+0300	INFO	logger/zap_logger.go:76	[SynchronizerVClock] Loaded key	{"key": "testdb:pg_catalog:pg_attribute:row:2table_schema:", "value": "[2,\"table_schema\",25,-1,-1,1,0,-1,-1,false,\"p\",\"i\",false,false,\"\",\"\",false,true,0,0,\"NULL\",\"NULL\",\"NULL\"]", "vclock": {"node1":73}}
2026-02-28T14:53:46.852+0300	INFO	logger/zap_logger.go:76	[SynchronizerVClock] Loaded key	{"key": "testdb:pg_catalog:pg_attribute:row:2original_position:", "value": "[2,\"original_position\",23,-1,4,4,0,-1,-1,false,\"p\",\"i\",false,false,\"\",\"\",false,true,0,0,\"NULL\",\"NULL\",\"NULL\"]", "vclock": {"node1":74}}
2026-02-28T14:53:46.852+0300	INFO	logger/zap_logger.go:76	[SynchronizerVClock] Loaded key	{"key": "testdb:pg_catalog:pg_attribute:row:1schematable:", "value": "[1,\"schematable\",25,-1,-1,2,0,-1,-1,false,\"p\",\"i\",false,false,\"\",\"\",false,true,0,0,\"NULL\",\"NULL\",\"NULL\"]", "vclock": {"node1":75}}
2026-02-28T14:53:46.852+0300	INFO	logger/zap_logger.go:76	[SynchronizerVClock] Loaded key	{"key": "testdb:pg_catalog:pg_attribute:row:1tablespace:", "value": "[1,\"tablespace\",25,-1,-1,4,0,-1,-1,false,\"p\",\"i\",true,false,\"\",\"\",false,true,0,0,\"NULL\",\"NULL\",\"NULL\"]", "vclock": {"node1":76}}
2026-02-28T14:53:46.852+0300	INFO	logger/zap_logger.go:76	[SynchronizerVClock] Loaded key	{"key": "testdb:pg_catalog:pg_attribute:row:2table_name:", "value": "[2,\"table_name\",25,-1,-1,2,0,-1,-1,false,\"p\",\"i\",false,false,\"\",\"\",false,true,0,0,\"NULL\",\"NULL\",\"NULL\"]", "vclock": {"node1":77}}
2026-02-28T14:53:46.852+0300	INFO	logger/zap_logger.go:76	[SynchronizerVClock] Loaded key	{"key": "testdb:pg_catalog:pg_attribute:row:2column_name:", "value": "[2,\"column_name\",25,-1,-1,3,0,-1,-1,false,\"p\",\"i\",false,false,\"\",\"\",false,true,0,0,\"NULL\",\"NULL\",\"NULL\"]", "vclock": {"node1":78}}
2026-02-28T14:53:46.852+0300	DEBUG	logger/zap_logger.go:96	DEBUG: Parsed statement type: CREATE_TABLE

2026-02-28T14:53:46.852+0300	DEBUG	logger/zap_logger.go:96	Executing: 

CREATE TABLE IF NOT EXISTS pg_catalog.pg_type (
    oid INT,
    typname TEXT,
    typnamespace INT,
    typowner INT,
    typlen INT,
    typbyval BOOLEAN,
    typtype CHAR(1),
    typcategory CHAR(1),
    typispreferred BOOLEAN,
    typisdefined BOOLEAN,
    typdelim CHAR(1),
    typrelid INT,
    typelem INT,
    typarray INT,
    typinput TEXT,
    typoutput TEXT,
    typreceive TEXT,
    typsend TEXT,
    typmodin TEXT,
    typmodout TEXT,
    typanalyze TEXT,
    typalign CHAR(1),
    typstorage CHAR(1),
    typnotnull BOOLEAN,
    typbasetype INT,
    typtypmod INT,
    typndims INT,
    typcollation INT,
    typdefaultbin TEXT,
    typdefault TEXT,
    typacl TEXT,
    PRIMARY KEY (oid)
)
2026-02-28T14:53:46.852+0300	INFO	logger/zap_logger.go:76	[SynchronizerVClock] Loaded key	{"key": "schema:testdb:pg_catalog:pg_proc:", "value": "{\"Name\":\"pg_catalog.pg_proc\",\"Columns\":{\"oid\":{\"Type\":1,\"IsNullable\":true,\"DefaultValue\":null,\"IsSerial\":false,\"IsUnique\":false,\"Idx\":1},\"proacl\":{\"Type\":0,\"IsNullable\":true,\"DefaultValue\":null,\"IsSerial\":false,\"IsUnique\":false,\"Idx\":30},\"proallargtypes\":{\"Type\":0,\"IsNullable\":true,\"DefaultValue\":null,\"IsSerial\":false,\"IsUnique\":false,\"Idx\":22},\"proargdefaults\":{\"Type\":0,\"IsNullable\":true,\"DefaultValue\":null,\"IsSerial\":false,\"IsUnique\":false,\"Idx\":25},\"proargmodes\":{\"Type\":0,\"IsNullable\":true,\"DefaultValue\":null,\"IsSerial\":false,\"IsUnique\":false,\"Idx\":23},\"proargnames\":{\"Type\":0,\"IsNullable\":true,\"DefaultValue\":null,\"IsSerial\":false,\"IsUnique\":false,\"Idx\":24},\"proargtypes\":{\"Type\":0,\"IsNullable\":true,\"DefaultValue\":null,\"IsSerial\":false,\"IsUnique\":false,\"Idx\":21},\"probin\":{\"Type\":0,\"IsNullable\":true,\"DefaultValue\":null,\"IsSerial\":false,\"IsUnique\":false,\"Idx\":28},\"proconfig\":{\"Type\":0,\"IsNullable\":true,\"DefaultValue\":null,\"IsSerial\":false,\"IsUnique\":false,\"Idx\":29},\"procost\":{\"Type\":3,\"IsNullable\":true,\"DefaultValue\":null,\"IsSerial\":false,\"IsUnique\":false,\"Idx\":6},\"proisagg\":{\"Type\":0,\"IsNullable\":true,\"DefaultValue\":null,\"IsSerial\":false,\"IsUnique\":false,\"Idx\":10},\"proisstrict\":{\"Type\":0,\"IsNullable\":true,\"DefaultValue\":null,\"IsSerial\":false,\"IsUnique\":false,\"Idx\":14},\"proiswindow\":{\"Type\":0,\"IsNullable\":true,\"DefaultValue\":null,\"IsSerial\":false,\"IsUnique\":false,\"Idx\":11},\"prolang\":{\"Type\":1,\"IsNullable\":true,\"DefaultValue\":null,\"IsSerial\":false,\"IsUnique\":false,\"Idx\":5},\"proleakproof\":{\"Type\":0,\"IsNullable\":true,\"DefaultValue\":null,\"IsSerial\":false,\"IsUnique\":false,\"Idx\":13},\"proname\":{\"Type\":0,\"IsNullable\":true,\"DefaultValue\":null,\"IsSerial\":false,\"IsUnique\":false,\"Idx\":2},\"pronamespace\":{\"Type\":1,\"IsNullable\":true,\"DefaultValue\":null,\"IsSerial\":false,\"IsUnique\":false,\"Idx\":3},\"pronargdefaults\":{\"Type\":1,\"IsNullable\":true,\"DefaultValue\":null,\"IsSerial\":false,\"IsUnique\":false,\"Idx\":19},\"pronargs\":{\"Type\":1,\"IsNullable\":true,\"DefaultValue\":null,\"IsSerial\":false,\"IsUnique\":false,\"Idx\":18},\"proowner\":{\"Type\":1,\"IsNullable\":true,\"DefaultValue\":null,\"IsSerial\":false,\"IsUnique\":false,\"Idx\":4},\"proparallel\":{\"Type\":0,\"IsNullable\":true,\"DefaultValue\":null,\"IsSerial\":false,\"IsUnique\":false,\"Idx\":17},\"proretset\":{\"Type\":0,\"IsNullable\":true,\"DefaultValue\":null,\"IsSerial\":false,\"IsUnique\":false,\"Idx\":15},\"prorettype\":{\"Type\":1,\"IsNullable\":true,\"DefaultValue\":null,\"IsSerial\":false,\"IsUnique\":false,\"Idx\":20},\"prorows\":{\"Type\":3,\"IsNullable\":true,\"DefaultValue\":null,\"IsSerial\":false,\"IsUnique\":false,\"Idx\":7},\"prosecdef\":{\"Type\":0,\"IsNullable\":true,\"DefaultValue\":null,\"IsSerial\":false,\"IsUnique\":false,\"Idx\":12},\"prosrc\":{\"Type\":0,\"IsNullable\":true,\"DefaultValue\":null,\"IsSerial\":false,\"IsUnique\":false,\"Idx\":27},\"protransform\":{\"Type\":0,\"IsNullable\":true,\"DefaultValue\":null,\"IsSerial\":false,\"IsUnique\":false,\"Idx\":9},\"protrftypes\":{\"Type\":0,\"IsNullable\":true,\"DefaultValue\":null,\"IsSerial\":false,\"IsUnique\":false,\"Idx\":26},\"provariadic\":{\"Type\":1,\"IsNullable\":true,\"DefaultValue\":null,\"IsSerial\":false,\"IsUnique\":false,\"Idx\":8},\"provolatile\":{\"Type\":0,\"IsNullable\":true,\"DefaultValue\":null,\"IsSerial\":false,\"IsUnique\":false,\"Idx\":16}},\"PrimaryKeys\":[]}", "vclock": {"node1":79}}
2026-02-28T14:53:46.852+0300	DEBUG	logger/zap_logger.go:96	DEBUG: Parsed statement type: CREATE_TABLE

2026-02-28T14:53:46.852+0300	DEBUG	logger/zap_logger.go:96	Executing: 

INSERT INTO pg_catalog.pg_type (oid, typname, typnamespace, typowner, typlen, typbyval, typtype, typcategory, typispreferred, typisdefined, typdelim, typrelid, typelem, typarray, typinput, typoutput, typreceive, typsend, typmodin, typmodout, typanalyze, typalign, typstorage, typnotnull, typbasetype, typtypmod, typndims, typcollation, typdefaultbin, typdefault, typacl) VALUES
(16, 'bool', 11, 10, 1, TRUE, 'b', 'B', TRUE, TRUE, ',', 0, 0, 1000, 'boolin', 'boolout', 'boolrecv', 'boolsend', 'booltypmodin', 'booltypmodout', 'boolanalyze', 'c', 'p', FALSE, 0, -1, 0, 0, NULL, NULL, NULL),
(17, 'bytea', 11, 10, -1, FALSE, 'b', 'U', FALSE, TRUE, ',', 0, 0, 1001, 'byteain', 'byteaout', 'bytearecv', 'byteasend', '-', '-', '-', 'i', 'x', FALSE, 0, -1, 0, 0, NULL, NULL, NULL),
(18, 'char', 11, 10, 1, TRUE, 'b', 'Z', FALSE, TRUE, ',', 0, 0, 1002, 'charin', 'charout', 'charrecv', 'charsend', '-', '-', '-', 'c', 'p', FALSE, 0, -1, 0, 0, NULL, NULL, NULL),
(19, 'name', 11, 10, 64, FALSE, 'b', 'S', FALSE, TRUE, ',', 0, 0, 1003, 'namein', 'nameout', 'namerecv', 'namesend', '-', '-', '-', 'c', 'p', FALSE, 0, -1, 0, 950, NULL, NULL, NULL),
(20, 'int8', 11, 10, 8, TRUE, 'b', 'N', FALSE, TRUE, ',', 0, 0, 1016, 'int8in', 'int8out', 'int8recv', 'int8send', '-', '-', '-', 'd', 'p', FALSE, 0, -1, 0, 0, NULL, NULL, NULL),
(21, 'int2', 11, 10, 2, TRUE, 'b', 'N', FALSE, TRUE, ',', 0, 0, 1005, 'int2in', 'int2out', 'int2recv', 'int2send', '-', '-', '-', 's', 'p', FALSE, 0, -1, 0, 0, NULL, NULL, NULL),
(23, 'int4', 11, 10, 4, TRUE, 'b', 'N', TRUE, TRUE, ',', 0, 0, 1007, 'int4in', 'int4out', 'int4recv', 'int4send', 'int4typmodin', 'int4typmodout', 'int4analyze', 'i', 'p', FALSE, 0, -1, 0, 0, NULL, NULL, NULL),
(24, 'regproc', 11, 10, 4, TRUE, 'b', 'N', FALSE, TRUE, ',', 0, 0, 1008, 'regprocin', 'regprocout', 'regprocrecv', 'regprocsend', '-', '-', '-', 'i', 'p', FALSE, 0, -1, 0, 0, NULL, NULL, NULL),
(25, 'text', 11, 10, -1, FALSE, 'b', 'S', TRUE, TRUE, ',', 0, 0, 1009, 'textin', 'textout', 'textrecv', 'textsend', 'texttypmodin', 'texttypmodout', 'textanalyze', 'i', 'e', FALSE, 0, -1, 0, 0, NULL, NULL, NULL),
(26, 'oid', 11, 10, 4, TRUE, 'b', 'N', TRUE, TRUE, ',', 0, 0, 1028, 'oidin', 'oidout', 'oidrecv', 'oidsend', '-', '-', '-', 'i', 'p', FALSE, 0, -1, 0, 0, NULL, NULL, NULL),
(700, 'float4', 11, 10, 4, TRUE, 'b', 'N', FALSE, TRUE, ',', 0, 0, 1021, 'float4in', 'float4out', 'float4recv', 'float4send', '-', '-', '-', 'i', 'p', FALSE, 0, -1, 0, 0, NULL, NULL, NULL),
(701, 'float8', 11, 10, 8, TRUE, 'b', 'N', TRUE, TRUE, ',', 0, 0, 1022, 'float8in', 'float8out', 'float8recv', 'float8send', '-', '-', '-', 'd', 'p', FALSE, 0, -1, 0, 0, NULL, NULL, NULL),
(1043, 'varchar', 11, 10, -1, FALSE, 'b', 'S', FALSE, TRUE, ',', 0, 0, 1015, 'varcharin', 'varcharout', 'varcharrecv', 'varcharsend', 'varchartypmodin', 'varchartypmodout', '-', 'i', 'e', FALSE, 0, -1, 0, 100, NULL, NULL, NULL),
(1082, 'date', 11, 10, 4, TRUE, 'b', 'D', FALSE, TRUE, ',', 0, 0, 1182, 'date_in', 'date_out', 'date_recv', 'date_send', '-', '-', '-', 'i', 'p', FALSE, 0, -1, 0, 0, NULL, NULL, NULL),
(1083, 'time', 11, 10, 8, TRUE, 'b', 'D', FALSE, TRUE, ',', 0, 0, 1183, 'time_in', 'time_out', 'time_recv', 'time_send', 'timetypmodin', 'timetypmodout', '-', 'd', 'p', FALSE, 0, -1, 0, 0, NULL, NULL, NULL),
(1114, 'timestamp', 11, 10, 8, TRUE, 'b', 'D', FALSE, TRUE, ',', 0, 0, 1115, 'timestamp_in', 'timestamp_out', 'timestamp_recv', 'timestamp_send', 'timestamptypmodin', 'timestamptypmodout', '-', 'd', 'p', FALSE, 0, -1, 0, 0, NULL, NULL, NULL),
(1184, 'timestamptz', 11, 10, 8, TRUE, 'b', 'D', TRUE, TRUE, ',', 0, 0, 1185, 'timestamptz_in', 'timestamptz_out', 'timestamptz_recv', 'timestamptz_send', 'timestamptztypmodin', 'timestamptztypmodout', '-', 'd', 'p', FALSE, 0, -1, 0, 0, NULL, NULL, NULL),
(1700, 'numeric', 11, 10, -1, FALSE, 'b', 'N', FALSE, TRUE, ',', 0, 0, 1231, 'numeric_in', 'numeric_out', 'numeric_recv', 'numeric_send', 'numerictypmodin', 'numerictypmodout', '-', 'i', 'm', FALSE, 0, -1, 0, 0, NULL, NULL, NULL),
(2950, 'uuid', 11, 10, 16, FALSE, 'b', 'U', FALSE, TRUE, ',', 0, 0, 2951, 'uuid_in', 'uuid_out', 'uuid_recv', 'uuid_send', '-', '-', '-', 'c', 'p', FALSE, 0, -1, 0, 0, NULL, NULL, NULL),
(114, 'json', 11, 10, -1, FALSE, 'b', 'U', FALSE, TRUE, ',', 0, 0, 199, 'json_in', 'json_out', 'json_recv', 'json_send', '-', '-', '-', 'i', 'e', FALSE, 0, -1, 0, 0, NULL, NULL, NULL),
(3802, 'jsonb', 11, 10, -1, FALSE, 'b', 'U', FALSE, TRUE, ',', 0, 0, 3807, 'jsonb_in', 'jsonb_out', 'jsonb_recv', 'jsonb_send', '-', '-', '-', 'i', 'e', FALSE, 0, -1, 0, 0, NULL, NULL, NULL),
(1042, 'bpchar', 11, 10, -1, FALSE, 'b', 'S', FALSE, TRUE, ',', 0, 0, 1014, 'bpcharin', 'bpcharout', 'bpcharrecv', 'bpcharsend', 'bpchartypmodin', 'bpchartypmodout', '-', 'i', 'e', FALSE, 0, -1, 0, 100, NULL, NULL, NULL),
-- Domain types examples (typtype='d' based on base types)
(100001, 'positive_int', 11, 10, 4, TRUE, 'd', 'N', FALSE, TRUE, ',', 0, 0, 0, 'int4in', 'int4out', 'int4recv', 'int4send', '-', '-', '-', 'i', 'p', FALSE, 23, -1, 0, 0, NULL, NULL, NULL),
(100002, 'email_address', 11, 10, -1, FALSE, 'd', 'S', FALSE, TRUE, ',', 0, 0, 0, 'textin', 'textout', 'textrecv', 'textsend', '-', '-', '-', 'i', 'e', FALSE, 25, -1, 0, 0, NULL, NULL, NULL),
(100003, 'us_postal_code', 11, 10, -1, FALSE, 'd', 'S', FALSE, TRUE, ',', 0, 0, 0, 'textin', 'textout', 'textrecv', 'textsend', '-', '-', '-', 'i', 'e', FALSE, 25, -1, 0, 0, NULL, NULL, NULL)
2026-02-28T14:53:46.853+0300	INFO	logger/zap_logger.go:76	[SynchronizerVClock] Loaded key	{"key": "schema:testdb:pg_catalog:pg_type:", "value": "{\"Name\":\"pg_catalog.pg_type\",\"Columns\":{\"oid\":{\"Type\":1,\"IsNullable\":false,\"DefaultValue\":null,\"IsSerial\":false,\"IsUnique\":false,\"Idx\":1},\"typacl\":{\"Type\":0,\"IsNullable\":true,\"DefaultValue\":null,\"IsSerial\":false,\"IsUnique\":false,\"Idx\":31},\"typalign\":{\"Type\":0,\"IsNullable\":true,\"DefaultValue\":null,\"IsSerial\":false,\"IsUnique\":false,\"Idx\":22},\"typanalyze\":{\"Type\":0,\"IsNullable\":true,\"DefaultValue\":null,\"IsSerial\":false,\"IsUnique\":false,\"Idx\":21},\"typarray\":{\"Type\":1,\"IsNullable\":true,\"DefaultValue\":null,\"IsSerial\":false,\"IsUnique\":false,\"Idx\":14},\"typbasetype\":{\"Type\":1,\"IsNullable\":true,\"DefaultValue\":null,\"IsSerial\":false,\"IsUnique\":false,\"Idx\":25},\"typbyval\":{\"Type\":0,\"IsNullable\":true,\"DefaultValue\":null,\"IsSerial\":false,\"IsUnique\":false,\"Idx\":6},\"typcategory\":{\"Type\":0,\"IsNullable\":true,\"DefaultValue\":null,\"IsSerial\":false,\"IsUnique\":false,\"Idx\":8},\"typcollation\":{\"Type\":1,\"IsNullable\":true,\"DefaultValue\":null,\"IsSerial\":false,\"IsUnique\":false,\"Idx\":28},\"typdefault\":{\"Type\":0,\"IsNullable\":true,\"DefaultValue\":null,\"IsSerial\":false,\"IsUnique\":false,\"Idx\":30},\"typdefaultbin\":{\"Type\":0,\"IsNullable\":true,\"DefaultValue\":null,\"IsSerial\":false,\"IsUnique\":false,\"Idx\":29},\"typdelim\":{\"Type\":0,\"IsNullable\":true,\"DefaultValue\":null,\"IsSerial\":false,\"IsUnique\":false,\"Idx\":11},\"typelem\":{\"Type\":1,\"IsNullable\":true,\"DefaultValue\":null,\"IsSerial\":false,\"IsUnique\":false,\"Idx\":13},\"typinput\":{\"Type\":0,\"IsNullable\":true,\"DefaultValue\":null,\"IsSerial\":false,\"IsUnique\":false,\"Idx\":15},\"typisdefined\":{\"Type\":0,\"IsNullable\":true,\"DefaultValue\":null,\"IsSerial\":false,\"IsUnique\":false,\"Idx\":10},\"typispreferred\":{\"Type\":0,\"IsNullable\":true,\"DefaultValue\":null,\"IsSerial\":false,\"IsUnique\":false,\"Idx\":9},\"typlen\":{\"Type\":1,\"IsNullable\":true,\"DefaultValue\":null,\"IsSerial\":false,\"IsUnique\":false,\"Idx\":5},\"typmodin\":{\"Type\":0,\"IsNullable\":true,\"DefaultValue\":null,\"IsSerial\":false,\"IsUnique\":false,\"Idx\":19},\"typmodout\":{\"Type\":0,\"IsNullable\":true,\"DefaultValue\":null,\"IsSerial\":false,\"IsUnique\":false,\"Idx\":20},\"typname\":{\"Type\":0,\"IsNullable\":true,\"DefaultValue\":null,\"IsSerial\":false,\"IsUnique\":false,\"Idx\":2},\"typnamespace\":{\"Type\":1,\"IsNullable\":true,\"DefaultValue\":null,\"IsSerial\":false,\"IsUnique\":false,\"Idx\":3},\"typndims\":{\"Type\":1,\"IsNullable\":true,\"DefaultValue\":null,\"IsSerial\":false,\"IsUnique\":false,\"Idx\":27},\"typnotnull\":{\"Type\":0,\"IsNullable\":true,\"DefaultValue\":null,\"IsSerial\":false,\"IsUnique\":false,\"Idx\":24},\"typoutput\":{\"Type\":0,\"IsNullable\":true,\"DefaultValue\":null,\"IsSerial\":false,\"IsUnique\":false,\"Idx\":16},\"typowner\":{\"Type\":1,\"IsNullable\":true,\"DefaultValue\":null,\"IsSerial\":false,\"IsUnique\":false,\"Idx\":4},\"typreceive\":{\"Type\":0,\"IsNullable\":true,\"DefaultValue\":null,\"IsSerial\":false,\"IsUnique\":false,\"Idx\":17},\"typrelid\":{\"Type\":1,\"IsNullable\":true,\"DefaultValue\":null,\"IsSerial\":false,\"IsUnique\":false,\"Idx\":12},\"typsend\":{\"Type\":0,\"IsNullable\":true,\"DefaultValue\":null,\"IsSerial\":false,\"IsUnique\":false,\"Idx\":18},\"typstorage\":{\"Type\":0,\"IsNullable\":true,\"DefaultValue\":null,\"IsSerial\":false,\"IsUnique\":false,\"Idx\":23},\"typtype\":{\"Type\":0,\"IsNullable\":true,\"DefaultValue\":null,\"IsSerial\":false,\"IsUnique\":false,\"Idx\":7},\"typtypmod\":{\"Type\":1,\"IsNullable\":true,\"DefaultValue\":null,\"IsSerial\":false,\"IsUnique\":false,\"Idx\":26}},\"PrimaryKeys\":[1]}", "vclock": {"node1":80}}
2026-02-28T14:53:46.856+0300	DEBUG	logger/zap_logger.go:96	DEBUG: Parsed statement type: INSERT

2026-02-28T14:53:46.856+0300	DEBUG	logger/zap_logger.go:96	DEBUG: Insert into pg_catalog.pg_type: [[16 bool 11 10 1 true b B true true , 0 0 1000 boolin boolout boolrecv boolsend booltypmodin booltypmodout boolanalyze c p false 0 -1 0 0 NULL NULL NULL] [17 bytea 11 10 -1 false b U false true , 0 0 1001 byteain byteaout bytearecv byteasend - - - i x false 0 -1 0 0 NULL NULL NULL] [18 char 11 10 1 true b Z false true , 0 0 1002 charin charout charrecv charsend - - - c p false 0 -1 0 0 NULL NULL NULL] [19 name 11 10 64 false b S false true , 0 0 1003 namein nameout namerecv namesend - - - c p false 0 -1 0 950 NULL NULL NULL] [20 int8 11 10 8 true b N false true , 0 0 1016 int8in int8out int8recv int8send - - - d p false 0 -1 0 0 NULL NULL NULL] [21 int2 11 10 2 true b N false true , 0 0 1005 int2in int2out int2recv int2send - - - s p false 0 -1 0 0 NULL NULL NULL] [23 int4 11 10 4 true b N true true , 0 0 1007 int4in int4out int4recv int4send int4typmodin int4typmodout int4analyze i p false 0 -1 0 0 NULL NULL NULL] [24 regproc 11 10 4 true b N false true , 0 0 1008 regprocin regprocout regprocrecv regprocsend - - - i p false 0 -1 0 0 NULL NULL NULL] [25 text 11 10 -1 false b S true true , 0 0 1009 textin textout textrecv textsend texttypmodin texttypmodout textanalyze i e false 0 -1 0 0 NULL NULL NULL] [26 oid 11 10 4 true b N true true , 0 0 1028 oidin oidout oidrecv oidsend - - - i p false 0 -1 0 0 NULL NULL NULL] [700 float4 11 10 4 true b N false true , 0 0 1021 float4in float4out float4recv float4send - - - i p false 0 -1 0 0 NULL NULL NULL] [701 float8 11 10 8 true b N true true , 0 0 1022 float8in float8out float8recv float8send - - - d p false 0 -1 0 0 NULL NULL NULL] [1043 varchar 11 10 -1 false b S false true , 0 0 1015 varcharin varcharout varcharrecv varcharsend varchartypmodin varchartypmodout - i e false 0 -1 0 100 NULL NULL NULL] [1082 date 11 10 4 true b D false true , 0 0 1182 date_in date_out date_recv date_send - - - i p false 0 -1 0 0 NULL NULL NULL] [1083 time 11 10 8 true b D false true , 0 0 1183 time_in time_out time_recv time_send timetypmodin timetypmodout - d p false 0 -1 0 0 NULL NULL NULL] [1114 timestamp 11 10 8 true b D false true , 0 0 1115 timestamp_in timestamp_out timestamp_recv timestamp_send timestamptypmodin timestamptypmodout - d p false 0 -1 0 0 NULL NULL NULL] [1184 timestamptz 11 10 8 true b D true true , 0 0 1185 timestamptz_in timestamptz_out timestamptz_recv timestamptz_send timestamptztypmodin timestamptztypmodout - d p false 0 -1 0 0 NULL NULL NULL] [1700 numeric 11 10 -1 false b N false true , 0 0 1231 numeric_in numeric_out numeric_recv numeric_send numerictypmodin numerictypmodout - i m false 0 -1 0 0 NULL NULL NULL] [2950 uuid 11 10 16 false b U false true , 0 0 2951 uuid_in uuid_out uuid_recv uuid_send - - - c p false 0 -1 0 0 NULL NULL NULL] [114 json 11 10 -1 false b U false true , 0 0 199 json_in json_out json_recv json_send - - - i e false 0 -1 0 0 NULL NULL NULL] [3802 jsonb 11 10 -1 false b U false true , 0 0 3807 jsonb_in jsonb_out jsonb_recv jsonb_send - - - i e false 0 -1 0 0 NULL NULL NULL] [1042 bpchar 11 10 -1 false b S false true , 0 0 1014 bpcharin bpcharout bpcharrecv bpcharsend bpchartypmodin bpchartypmodout - i e false 0 -1 0 100 NULL NULL NULL] [100001 positive_int 11 10 4 true d N false true , 0 0 0 int4in int4out int4recv int4send - - - i p false 23 -1 0 0 NULL NULL NULL] [100002 email_address 11 10 -1 false d S false true , 0 0 0 textin textout textrecv textsend - - - i e false 25 -1 0 0 NULL NULL NULL] [100003 us_postal_code 11 10 -1 false d S false true , 0 0 0 textin textout textrecv textsend - - - i e false 25 -1 0 0 NULL NULL NULL]]

2026-02-28T14:53:46.856+0300	DEBUG	logger/zap_logger.go:71	DEBUG: Table metadata:	{"meta": {"Name":"pg_catalog.pg_type","Columns":{"oid":{"Type":1,"IsNullable":false,"DefaultValue":null,"IsSerial":false,"IsUnique":false,"Idx":1},"typacl":{"Type":0,"IsNullable":true,"DefaultValue":null,"IsSerial":false,"IsUnique":false,"Idx":31},"typalign":{"Type":0,"IsNullable":true,"DefaultValue":null,"IsSerial":false,"IsUnique":false,"Idx":22},"typanalyze":{"Type":0,"IsNullable":true,"DefaultValue":null,"IsSerial":false,"IsUnique":false,"Idx":21},"typarray":{"Type":1,"IsNullable":true,"DefaultValue":null,"IsSerial":false,"IsUnique":false,"Idx":14},"typbasetype":{"Type":1,"IsNullable":true,"DefaultValue":null,"IsSerial":false,"IsUnique":false,"Idx":25},"typbyval":{"Type":0,"IsNullable":true,"DefaultValue":null,"IsSerial":false,"IsUnique":false,"Idx":6},"typcategory":{"Type":0,"IsNullable":true,"DefaultValue":null,"IsSerial":false,"IsUnique":false,"Idx":8},"typcollation":{"Type":1,"IsNullable":true,"DefaultValue":null,"IsSerial":false,"IsUnique":false,"Idx":28},"typdefault":{"Type":0,"IsNullable":true,"DefaultValue":null,"IsSerial":false,"IsUnique":false,"Idx":30},"typdefaultbin":{"Type":0,"IsNullable":true,"DefaultValue":null,"IsSerial":false,"IsUnique":false,"Idx":29},"typdelim":{"Type":0,"IsNullable":true,"DefaultValue":null,"IsSerial":false,"IsUnique":false,"Idx":11},"typelem":{"Type":1,"IsNullable":true,"DefaultValue":null,"IsSerial":false,"IsUnique":false,"Idx":13},"typinput":{"Type":0,"IsNullable":true,"DefaultValue":null,"IsSerial":false,"IsUnique":false,"Idx":15},"typisdefined":{"Type":0,"IsNullable":true,"DefaultValue":null,"IsSerial":false,"IsUnique":false,"Idx":10},"typispreferred":{"Type":0,"IsNullable":true,"DefaultValue":null,"IsSerial":false,"IsUnique":false,"Idx":9},"typlen":{"Type":1,"IsNullable":true,"DefaultValue":null,"IsSerial":false,"IsUnique":false,"Idx":5},"typmodin":{"Type":0,"IsNullable":true,"DefaultValue":null,"IsSerial":false,"IsUnique":false,"Idx":19},"typmodout":{"Type":0,"IsNullable":true,"DefaultValue":null,"IsSerial":false,"IsUnique":false,"Idx":20},"typname":{"Type":0,"IsNullable":true,"DefaultValue":null,"IsSerial":false,"IsUnique":false,"Idx":2},"typnamespace":{"Type":1,"IsNullable":true,"DefaultValue":null,"IsSerial":false,"IsUnique":false,"Idx":3},"typndims":{"Type":1,"IsNullable":true,"DefaultValue":null,"IsSerial":false,"IsUnique":false,"Idx":27},"typnotnull":{"Type":0,"IsNullable":true,"DefaultValue":null,"IsSerial":false,"IsUnique":false,"Idx":24},"typoutput":{"Type":0,"IsNullable":true,"DefaultValue":null,"IsSerial":false,"IsUnique":false,"Idx":16},"typowner":{"Type":1,"IsNullable":true,"DefaultValue":null,"IsSerial":false,"IsUnique":false,"Idx":4},"typreceive":{"Type":0,"IsNullable":true,"DefaultValue":null,"IsSerial":false,"IsUnique":false,"Idx":17},"typrelid":{"Type":1,"IsNullable":true,"DefaultValue":null,"IsSerial":false,"IsUnique":false,"Idx":12},"typsend":{"Type":0,"IsNullable":true,"DefaultValue":null,"IsSerial":false,"IsUnique":false,"Idx":18},"typstorage":{"Type":0,"IsNullable":true,"DefaultValue":null,"IsSerial":false,"IsUnique":false,"Idx":23},"typtype":{"Type":0,"IsNullable":true,"DefaultValue":null,"IsSerial":false,"IsUnique":false,"Idx":7},"typtypmod":{"Type":1,"IsNullable":true,"DefaultValue":null,"IsSerial":false,"IsUnique":false,"Idx":26}},"PrimaryKeys":[1]}}
2026-02-28T14:53:46.856+0300	DEBUG	logger/zap_logger.go:71	DEBUG: Saved row: 	{"rowKey": "testdb:pg_catalog:pg_type:row:16:", "rowData": "[16,\"bool\",11,10,1,true,\"b\",\"B\",true,true,\",\",0,0,1000,\"boolin\",\"boolout\",\"boolrecv\",\"boolsend\",\"booltypmodin\",\"booltypmodout\",\"boolanalyze\",\"c\",\"p\",false,0,-1,0,0,\"NULL\",\"NULL\",\"NULL\"]"}
2026-02-28T14:53:46.856+0300	DEBUG	logger/zap_logger.go:71	DEBUG: Saved row: 	{"rowKey": "testdb:pg_catalog:pg_type:row:17:", "rowData": "[17,\"bytea\",11,10,-1,false,\"b\",\"U\",false,true,\",\",0,0,1001,\"byteain\",\"byteaout\",\"bytearecv\",\"byteasend\",\"-\",\"-\",\"-\",\"i\",\"x\",false,0,-1,0,0,\"NULL\",\"NULL\",\"NULL\"]"}
2026-02-28T14:53:46.856+0300	DEBUG	logger/zap_logger.go:71	DEBUG: Saved row: 	{"rowKey": "testdb:pg_catalog:pg_type:row:18:", "rowData": "[18,\"char\",11,10,1,true,\"b\",\"Z\",false,true,\",\",0,0,1002,\"charin\",\"charout\",\"charrecv\",\"charsend\",\"-\",\"-\",\"-\",\"c\",\"p\",false,0,-1,0,0,\"NULL\",\"NULL\",\"NULL\"]"}
2026-02-28T14:53:46.856+0300	DEBUG	logger/zap_logger.go:71	DEBUG: Saved row: 	{"rowKey": "testdb:pg_catalog:pg_type:row:19:", "rowData": "[19,\"name\",11,10,64,false,\"b\",\"S\",false,true,\",\",0,0,1003,\"namein\",\"nameout\",\"namerecv\",\"namesend\",\"-\",\"-\",\"-\",\"c\",\"p\",false,0,-1,0,950,\"NULL\",\"NULL\",\"NULL\"]"}
2026-02-28T14:53:46.856+0300	DEBUG	logger/zap_logger.go:71	DEBUG: Saved row: 	{"rowKey": "testdb:pg_catalog:pg_type:row:20:", "rowData": "[20,\"int8\",11,10,8,true,\"b\",\"N\",false,true,\",\",0,0,1016,\"int8in\",\"int8out\",\"int8recv\",\"int8send\",\"-\",\"-\",\"-\",\"d\",\"p\",false,0,-1,0,0,\"NULL\",\"NULL\",\"NULL\"]"}
2026-02-28T14:53:46.856+0300	DEBUG	logger/zap_logger.go:71	DEBUG: Saved row: 	{"rowKey": "testdb:pg_catalog:pg_type:row:21:", "rowData": "[21,\"int2\",11,10,2,true,\"b\",\"N\",false,true,\",\",0,0,1005,\"int2in\",\"int2out\",\"int2recv\",\"int2send\",\"-\",\"-\",\"-\",\"s\",\"p\",false,0,-1,0,0,\"NULL\",\"NULL\",\"NULL\"]"}
2026-02-28T14:53:46.856+0300	DEBUG	logger/zap_logger.go:71	DEBUG: Saved row: 	{"rowKey": "testdb:pg_catalog:pg_type:row:23:", "rowData": "[23,\"int4\",11,10,4,true,\"b\",\"N\",true,true,\",\",0,0,1007,\"int4in\",\"int4out\",\"int4recv\",\"int4send\",\"int4typmodin\",\"int4typmodout\",\"int4analyze\",\"i\",\"p\",false,0,-1,0,0,\"NULL\",\"NULL\",\"NULL\"]"}
2026-02-28T14:53:46.856+0300	DEBUG	logger/zap_logger.go:71	DEBUG: Saved row: 	{"rowKey": "testdb:pg_catalog:pg_type:row:24:", "rowData": "[24,\"regproc\",11,10,4,true,\"b\",\"N\",false,true,\",\",0,0,1008,\"regprocin\",\"regprocout\",\"regprocrecv\",\"regprocsend\",\"-\",\"-\",\"-\",\"i\",\"p\",false,0,-1,0,0,\"NULL\",\"NULL\",\"NULL\"]"}
2026-02-28T14:53:46.856+0300	DEBUG	logger/zap_logger.go:71	DEBUG: Saved row: 	{"rowKey": "testdb:pg_catalog:pg_type:row:25:", "rowData": "[25,\"text\",11,10,-1,false,\"b\",\"S\",true,true,\",\",0,0,1009,\"textin\",\"textout\",\"textrecv\",\"textsend\",\"texttypmodin\",\"texttypmodout\",\"textanalyze\",\"i\",\"e\",false,0,-1,0,0,\"NULL\",\"NULL\",\"NULL\"]"}
2026-02-28T14:53:46.856+0300	DEBUG	logger/zap_logger.go:71	DEBUG: Saved row: 	{"rowKey": "testdb:pg_catalog:pg_type:row:26:", "rowData": "[26,\"oid\",11,10,4,true,\"b\",\"N\",true,true,\",\",0,0,1028,\"oidin\",\"oidout\",\"oidrecv\",\"oidsend\",\"-\",\"-\",\"-\",\"i\",\"p\",false,0,-1,0,0,\"NULL\",\"NULL\",\"NULL\"]"}
2026-02-28T14:53:46.856+0300	DEBUG	logger/zap_logger.go:71	DEBUG: Saved row: 	{"rowKey": "testdb:pg_catalog:pg_type:row:700:", "rowData": "[700,\"float4\",11,10,4,true,\"b\",\"N\",false,true,\",\",0,0,1021,\"float4in\",\"float4out\",\"float4recv\",\"float4send\",\"-\",\"-\",\"-\",\"i\",\"p\",false,0,-1,0,0,\"NULL\",\"NULL\",\"NULL\"]"}
2026-02-28T14:53:46.856+0300	DEBUG	logger/zap_logger.go:71	DEBUG: Saved row: 	{"rowKey": "testdb:pg_catalog:pg_type:row:701:", "rowData": "[701,\"float8\",11,10,8,true,\"b\",\"N\",true,true,\",\",0,0,1022,\"float8in\",\"float8out\",\"float8recv\",\"float8send\",\"-\",\"-\",\"-\",\"d\",\"p\",false,0,-1,0,0,\"NULL\",\"NULL\",\"NULL\"]"}
2026-02-28T14:53:46.856+0300	DEBUG	logger/zap_logger.go:71	DEBUG: Saved row: 	{"rowKey": "testdb:pg_catalog:pg_type:row:1043:", "rowData": "[1043,\"varchar\",11,10,-1,false,\"b\",\"S\",false,true,\",\",0,0,1015,\"varcharin\",\"varcharout\",\"varcharrecv\",\"varcharsend\",\"varchartypmodin\",\"varchartypmodout\",\"-\",\"i\",\"e\",false,0,-1,0,100,\"NULL\",\"NULL\",\"NULL\"]"}
2026-02-28T14:53:46.856+0300	DEBUG	logger/zap_logger.go:71	DEBUG: Saved row: 	{"rowKey": "testdb:pg_catalog:pg_type:row:1082:", "rowData": "[1082,\"date\",11,10,4,true,\"b\",\"D\",false,true,\",\",0,0,1182,\"date_in\",\"date_out\",\"date_recv\",\"date_send\",\"-\",\"-\",\"-\",\"i\",\"p\",false,0,-1,0,0,\"NULL\",\"NULL\",\"NULL\"]"}
2026-02-28T14:53:46.856+0300	DEBUG	logger/zap_logger.go:71	DEBUG: Saved row: 	{"rowKey": "testdb:pg_catalog:pg_type:row:1083:", "rowData": "[1083,\"time\",11,10,8,true,\"b\",\"D\",false,true,\",\",0,0,1183,\"time_in\",\"time_out\",\"time_recv\",\"time_send\",\"timetypmodin\",\"timetypmodout\",\"-\",\"d\",\"p\",false,0,-1,0,0,\"NULL\",\"NULL\",\"NULL\"]"}
2026-02-28T14:53:46.856+0300	DEBUG	logger/zap_logger.go:71	DEBUG: Saved row: 	{"rowKey": "testdb:pg_catalog:pg_type:row:1114:", "rowData": "[1114,\"timestamp\",11,10,8,true,\"b\",\"D\",false,true,\",\",0,0,1115,\"timestamp_in\",\"timestamp_out\",\"timestamp_recv\",\"timestamp_send\",\"timestamptypmodin\",\"timestamptypmodout\",\"-\",\"d\",\"p\",false,0,-1,0,0,\"NULL\",\"NULL\",\"NULL\"]"}
2026-02-28T14:53:46.856+0300	DEBUG	logger/zap_logger.go:71	DEBUG: Saved row: 	{"rowKey": "testdb:pg_catalog:pg_type:row:1184:", "rowData": "[1184,\"timestamptz\",11,10,8,true,\"b\",\"D\",true,true,\",\",0,0,1185,\"timestamptz_in\",\"timestamptz_out\",\"timestamptz_recv\",\"timestamptz_send\",\"timestamptztypmodin\",\"timestamptztypmodout\",\"-\",\"d\",\"p\",false,0,-1,0,0,\"NULL\",\"NULL\",\"NULL\"]"}
2026-02-28T14:53:46.856+0300	DEBUG	logger/zap_logger.go:71	DEBUG: Saved row: 	{"rowKey": "testdb:pg_catalog:pg_type:row:1700:", "rowData": "[1700,\"numeric\",11,10,-1,false,\"b\",\"N\",false,true,\",\",0,0,1231,\"numeric_in\",\"numeric_out\",\"numeric_recv\",\"numeric_send\",\"numerictypmodin\",\"numerictypmodout\",\"-\",\"i\",\"m\",false,0,-1,0,0,\"NULL\",\"NULL\",\"NULL\"]"}
2026-02-28T14:53:46.856+0300	DEBUG	logger/zap_logger.go:71	DEBUG: Saved row: 	{"rowKey": "testdb:pg_catalog:pg_type:row:2950:", "rowData": "[2950,\"uuid\",11,10,16,false,\"b\",\"U\",false,true,\",\",0,0,2951,\"uuid_in\",\"uuid_out\",\"uuid_recv\",\"uuid_send\",\"-\",\"-\",\"-\",\"c\",\"p\",false,0,-1,0,0,\"NULL\",\"NULL\",\"NULL\"]"}
2026-02-28T14:53:46.856+0300	DEBUG	logger/zap_logger.go:71	DEBUG: Saved row: 	{"rowKey": "testdb:pg_catalog:pg_type:row:114:", "rowData": "[114,\"json\",11,10,-1,false,\"b\",\"U\",false,true,\",\",0,0,199,\"json_in\",\"json_out\",\"json_recv\",\"json_send\",\"-\",\"-\",\"-\",\"i\",\"e\",false,0,-1,0,0,\"NULL\",\"NULL\",\"NULL\"]"}
2026-02-28T14:53:46.856+0300	DEBUG	logger/zap_logger.go:71	DEBUG: Saved row: 	{"rowKey": "testdb:pg_catalog:pg_type:row:3802:", "rowData": "[3802,\"jsonb\",11,10,-1,false,\"b\",\"U\",false,true,\",\",0,0,3807,\"jsonb_in\",\"jsonb_out\",\"jsonb_recv\",\"jsonb_send\",\"-\",\"-\",\"-\",\"i\",\"e\",false,0,-1,0,0,\"NULL\",\"NULL\",\"NULL\"]"}
2026-02-28T14:53:46.856+0300	DEBUG	logger/zap_logger.go:71	DEBUG: Saved row: 	{"rowKey": "testdb:pg_catalog:pg_type:row:1042:", "rowData": "[1042,\"bpchar\",11,10,-1,false,\"b\",\"S\",false,true,\",\",0,0,1014,\"bpcharin\",\"bpcharout\",\"bpcharrecv\",\"bpcharsend\",\"bpchartypmodin\",\"bpchartypmodout\",\"-\",\"i\",\"e\",false,0,-1,0,100,\"NULL\",\"NULL\",\"NULL\"]"}
2026-02-28T14:53:46.856+0300	DEBUG	logger/zap_logger.go:71	DEBUG: Saved row: 	{"rowKey": "testdb:pg_catalog:pg_type:row:100001:", "rowData": "[100001,\"positive_int\",11,10,4,true,\"d\",\"N\",false,true,\",\",0,0,0,\"int4in\",\"int4out\",\"int4recv\",\"int4send\",\"-\",\"-\",\"-\",\"i\",\"p\",false,23,-1,0,0,\"NULL\",\"NULL\",\"NULL\"]"}
2026-02-28T14:53:46.856+0300	DEBUG	logger/zap_logger.go:71	DEBUG: Saved row: 	{"rowKey": "testdb:pg_catalog:pg_type:row:100002:", "rowData": "[100002,\"email_address\",11,10,-1,false,\"d\",\"S\",false,true,\",\",0,0,0,\"textin\",\"textout\",\"textrecv\",\"textsend\",\"-\",\"-\",\"-\",\"i\",\"e\",false,25,-1,0,0,\"NULL\",\"NULL\",\"NULL\"]"}
2026-02-28T14:53:46.856+0300	DEBUG	logger/zap_logger.go:71	DEBUG: Saved row: 	{"rowKey": "testdb:pg_catalog:pg_type:row:100003:", "rowData": "[100003,\"us_postal_code\",11,10,-1,false,\"d\",\"S\",false,true,\",\",0,0,0,\"textin\",\"textout\",\"textrecv\",\"textsend\",\"-\",\"-\",\"-\",\"i\",\"e\",false,25,-1,0,0,\"NULL\",\"NULL\",\"NULL\"]"}
2026-02-28T14:53:46.856+0300	INFO	logger/zap_logger.go:76	[SynchronizerVClock] Loaded key	{"key": "testdb:pg_catalog:pg_type:row:24:", "value": "[24,\"regproc\",11,10,4,true,\"b\",\"N\",false,true,\",\",0,0,1008,\"regprocin\",\"regprocout\",\"regprocrecv\",\"regprocsend\",\"-\",\"-\",\"-\",\"i\",\"p\",false,0,-1,0,0,\"NULL\",\"NULL\",\"NULL\"]", "vclock": {"node1":81}}
2026-02-28T14:53:46.856+0300	INFO	logger/zap_logger.go:76	[SynchronizerVClock] Loaded key	{"key": "testdb:pg_catalog:pg_type:row:25:", "value": "[25,\"text\",11,10,-1,false,\"b\",\"S\",true,true,\",\",0,0,1009,\"textin\",\"textout\",\"textrecv\",\"textsend\",\"texttypmodin\",\"texttypmodout\",\"textanalyze\",\"i\",\"e\",false,0,-1,0,0,\"NULL\",\"NULL\",\"NULL\"]", "vclock": {"node1":82}}
2026-02-28T14:53:46.857+0300	DEBUG	logger/zap_logger.go:96	Executing: 

CREATE TABLE IF NOT EXISTS pg_catalog.pg_namespace (
    oid INT,
    nspname TEXT,
    nspowner INT,
    nspacl TEXT,
    PRIMARY KEY (oid)
)
2026-02-28T14:53:46.857+0300	INFO	logger/zap_logger.go:76	[SynchronizerVClock] Loaded key	{"key": "testdb:pg_catalog:pg_type:row:1083:", "value": "[1083,\"time\",11,10,8,true,\"b\",\"D\",false,true,\",\",0,0,1183,\"time_in\",\"time_out\",\"time_recv\",\"time_send\",\"timetypmodin\",\"timetypmodout\",\"-\",\"d\",\"p\",false,0,-1,0,0,\"NULL\",\"NULL\",\"NULL\"]", "vclock": {"node1":83}}
2026-02-28T14:53:46.857+0300	INFO	logger/zap_logger.go:76	[SynchronizerVClock] Loaded key	{"key": "testdb:pg_catalog:pg_type:row:1700:", "value": "[1700,\"numeric\",11,10,-1,false,\"b\",\"N\",false,true,\",\",0,0,1231,\"numeric_in\",\"numeric_out\",\"numeric_recv\",\"numeric_send\",\"numerictypmodin\",\"numerictypmodout\",\"-\",\"i\",\"m\",false,0,-1,0,0,\"NULL\",\"NULL\",\"NULL\"]", "vclock": {"node1":84}}
2026-02-28T14:53:46.857+0300	DEBUG	logger/zap_logger.go:96	DEBUG: Parsed statement type: CREATE_TABLE

2026-02-28T14:53:46.857+0300	INFO	logger/zap_logger.go:76	[SynchronizerVClock] Loaded key	{"key": "testdb:pg_catalog:pg_type:row:114:", "value": "[114,\"json\",11,10,-1,false,\"b\",\"U\",false,true,\",\",0,0,199,\"json_in\",\"json_out\",\"json_recv\",\"json_send\",\"-\",\"-\",\"-\",\"i\",\"e\",false,0,-1,0,0,\"NULL\",\"NULL\",\"NULL\"]", "vclock": {"node1":85}}
2026-02-28T14:53:46.857+0300	INFO	logger/zap_logger.go:76	[SynchronizerVClock] Loaded key	{"key": "testdb:pg_catalog:pg_type:row:100002:", "value": "[100002,\"email_address\",11,10,-1,false,\"d\",\"S\",false,true,\",\",0,0,0,\"textin\",\"textout\",\"textrecv\",\"textsend\",\"-\",\"-\",\"-\",\"i\",\"e\",false,25,-1,0,0,\"NULL\",\"NULL\",\"NULL\"]", "vclock": {"node1":86}}
2026-02-28T14:53:46.857+0300	DEBUG	logger/zap_logger.go:96	Executing: 

INSERT INTO pg_catalog.pg_namespace (oid, nspname, nspowner, nspacl) VALUES
(11, 'pg_catalog', 10, NULL),
(12, 'public', 10, NULL)
2026-02-28T14:53:46.857+0300	INFO	logger/zap_logger.go:76	[SynchronizerVClock] Loaded key	{"key": "testdb:pg_catalog:pg_type:row:100003:", "value": "[100003,\"us_postal_code\",11,10,-1,false,\"d\",\"S\",false,true,\",\",0,0,0,\"textin\",\"textout\",\"textrecv\",\"textsend\",\"-\",\"-\",\"-\",\"i\",\"e\",false,25,-1,0,0,\"NULL\",\"NULL\",\"NULL\"]", "vclock": {"node1":87}}
2026-02-28T14:53:46.857+0300	INFO	logger/zap_logger.go:76	[SynchronizerVClock] Loaded key	{"key": "testdb:pg_catalog:pg_type:row:23:", "value": "[23,\"int4\",11,10,4,true,\"b\",\"N\",true,true,\",\",0,0,1007,\"int4in\",\"int4out\",\"int4recv\",\"int4send\",\"int4typmodin\",\"int4typmodout\",\"int4analyze\",\"i\",\"p\",false,0,-1,0,0,\"NULL\",\"NULL\",\"NULL\"]", "vclock": {"node1":88}}
2026-02-28T14:53:46.857+0300	INFO	logger/zap_logger.go:76	[SynchronizerVClock] Loaded key	{"key": "testdb:pg_catalog:pg_type:row:701:", "value": "[701,\"float8\",11,10,8,true,\"b\",\"N\",true,true,\",\",0,0,1022,\"float8in\",\"float8out\",\"float8recv\",\"float8send\",\"-\",\"-\",\"-\",\"d\",\"p\",false,0,-1,0,0,\"NULL\",\"NULL\",\"NULL\"]", "vclock": {"node1":89}}
2026-02-28T14:53:46.857+0300	INFO	logger/zap_logger.go:76	[SynchronizerVClock] Loaded key	{"key": "testdb:pg_catalog:pg_type:row:1184:", "value": "[1184,\"timestamptz\",11,10,8,true,\"b\",\"D\",true,true,\",\",0,0,1185,\"timestamptz_in\",\"timestamptz_out\",\"timestamptz_recv\",\"timestamptz_send\",\"timestamptztypmodin\",\"timestamptztypmodout\",\"-\",\"d\",\"p\",false,0,-1,0,0,\"NULL\",\"NULL\",\"NULL\"]", "vclock": {"node1":90}}
2026-02-28T14:53:46.857+0300	DEBUG	logger/zap_logger.go:96	DEBUG: Parsed statement type: INSERT

2026-02-28T14:53:46.857+0300	INFO	logger/zap_logger.go:76	[SynchronizerVClock] Loaded key	{"key": "testdb:pg_catalog:pg_type:row:2950:", "value": "[2950,\"uuid\",11,10,16,false,\"b\",\"U\",false,true,\",\",0,0,2951,\"uuid_in\",\"uuid_out\",\"uuid_recv\",\"uuid_send\",\"-\",\"-\",\"-\",\"c\",\"p\",false,0,-1,0,0,\"NULL\",\"NULL\",\"NULL\"]", "vclock": {"node1":91}}
2026-02-28T14:53:46.857+0300	DEBUG	logger/zap_logger.go:96	DEBUG: Insert into pg_catalog.pg_namespace: [[11 pg_catalog 10 NULL] [12 public 10 NULL]]

2026-02-28T14:53:46.857+0300	INFO	logger/zap_logger.go:76	[SynchronizerVClock] Loaded key	{"key": "testdb:pg_catalog:pg_type:row:3802:", "value": "[3802,\"jsonb\",11,10,-1,false,\"b\",\"U\",false,true,\",\",0,0,3807,\"jsonb_in\",\"jsonb_out\",\"jsonb_recv\",\"jsonb_send\",\"-\",\"-\",\"-\",\"i\",\"e\",false,0,-1,0,0,\"NULL\",\"NULL\",\"NULL\"]", "vclock": {"node1":92}}
2026-02-28T14:53:46.857+0300	INFO	logger/zap_logger.go:76	[SynchronizerVClock] Loaded key	{"key": "testdb:pg_catalog:pg_type:row:1042:", "value": "[1042,\"bpchar\",11,10,-1,false,\"b\",\"S\",false,true,\",\",0,0,1014,\"bpcharin\",\"bpcharout\",\"bpcharrecv\",\"bpcharsend\",\"bpchartypmodin\",\"bpchartypmodout\",\"-\",\"i\",\"e\",false,0,-1,0,100,\"NULL\",\"NULL\",\"NULL\"]", "vclock": {"node1":93}}
2026-02-28T14:53:46.857+0300	INFO	logger/zap_logger.go:76	[SynchronizerVClock] Loaded key	{"key": "testdb:pg_catalog:pg_type:row:100001:", "value": "[100001,\"positive_int\",11,10,4,true,\"d\",\"N\",false,true,\",\",0,0,0,\"int4in\",\"int4out\",\"int4recv\",\"int4send\",\"-\",\"-\",\"-\",\"i\",\"p\",false,23,-1,0,0,\"NULL\",\"NULL\",\"NULL\"]", "vclock": {"node1":94}}
2026-02-28T14:53:46.857+0300	INFO	logger/zap_logger.go:76	[SynchronizerVClock] Loaded key	{"key": "testdb:pg_catalog:pg_type:row:18:", "value": "[18,\"char\",11,10,1,true,\"b\",\"Z\",false,true,\",\",0,0,1002,\"charin\",\"charout\",\"charrecv\",\"charsend\",\"-\",\"-\",\"-\",\"c\",\"p\",false,0,-1,0,0,\"NULL\",\"NULL\",\"NULL\"]", "vclock": {"node1":95}}
2026-02-28T14:53:46.857+0300	INFO	logger/zap_logger.go:76	[SynchronizerVClock] Loaded key	{"key": "testdb:pg_catalog:pg_type:row:19:", "value": "[19,\"name\",11,10,64,false,\"b\",\"S\",false,true,\",\",0,0,1003,\"namein\",\"nameout\",\"namerecv\",\"namesend\",\"-\",\"-\",\"-\",\"c\",\"p\",false,0,-1,0,950,\"NULL\",\"NULL\",\"NULL\"]", "vclock": {"node1":96}}
2026-02-28T14:53:46.857+0300	INFO	logger/zap_logger.go:76	[SynchronizerVClock] Loaded key	{"key": "testdb:pg_catalog:pg_type:row:21:", "value": "[21,\"int2\",11,10,2,true,\"b\",\"N\",false,true,\",\",0,0,1005,\"int2in\",\"int2out\",\"int2recv\",\"int2send\",\"-\",\"-\",\"-\",\"s\",\"p\",false,0,-1,0,0,\"NULL\",\"NULL\",\"NULL\"]", "vclock": {"node1":97}}
2026-02-28T14:53:46.857+0300	DEBUG	logger/zap_logger.go:71	DEBUG: Table metadata:	{"meta": {"Name":"pg_catalog.pg_namespace","Columns":{"nspacl":{"Type":0,"IsNullable":true,"DefaultValue":null,"IsSerial":false,"IsUnique":false,"Idx":4},"nspname":{"Type":0,"IsNullable":true,"DefaultValue":null,"IsSerial":false,"IsUnique":false,"Idx":2},"nspowner":{"Type":1,"IsNullable":true,"DefaultValue":null,"IsSerial":false,"IsUnique":false,"Idx":3},"oid":{"Type":1,"IsNullable":false,"DefaultValue":null,"IsSerial":false,"IsUnique":false,"Idx":1}},"PrimaryKeys":[1]}}
2026-02-28T14:53:46.857+0300	DEBUG	logger/zap_logger.go:71	DEBUG: Saved row: 	{"rowKey": "testdb:pg_catalog:pg_namespace:row:11:", "rowData": "[11,\"pg_catalog\",10,\"NULL\"]"}
2026-02-28T14:53:46.857+0300	DEBUG	logger/zap_logger.go:71	DEBUG: Saved row: 	{"rowKey": "testdb:pg_catalog:pg_namespace:row:12:", "rowData": "[12,\"public\",10,\"NULL\"]"}
2026-02-28T14:53:46.857+0300	INFO	logger/zap_logger.go:76	[SynchronizerVClock] Loaded key	{"key": "testdb:pg_catalog:pg_type:row:26:", "value": "[26,\"oid\",11,10,4,true,\"b\",\"N\",true,true,\",\",0,0,1028,\"oidin\",\"oidout\",\"oidrecv\",\"oidsend\",\"-\",\"-\",\"-\",\"i\",\"p\",false,0,-1,0,0,\"NULL\",\"NULL\",\"NULL\"]", "vclock": {"node1":98}}
2026-02-28T14:53:46.857+0300	DEBUG	logger/zap_logger.go:96	Executing: 

CREATE TABLE IF NOT EXISTS pg_catalog.pg_database (
    oid INT,
    datname TEXT,
    datdba INT,
    encoding INT,
    datcollate TEXT,
    datctype TEXT,
    datistemplate BOOLEAN,
    datallowconn BOOLEAN,
    datconnlimit INT,
    datlastsysoid INT,
    datfrozenxid INT,
    datminmxid INT,
    dattablespace INT,
    datacl TEXT,
    PRIMARY KEY (oid)
)
2026-02-28T14:53:46.857+0300	INFO	logger/zap_logger.go:76	[SynchronizerVClock] Loaded key	{"key": "testdb:pg_catalog:pg_type:row:700:", "value": "[700,\"float4\",11,10,4,true,\"b\",\"N\",false,true,\",\",0,0,1021,\"float4in\",\"float4out\",\"float4recv\",\"float4send\",\"-\",\"-\",\"-\",\"i\",\"p\",false,0,-1,0,0,\"NULL\",\"NULL\",\"NULL\"]", "vclock": {"node1":99}}
2026-02-28T14:53:46.857+0300	INFO	logger/zap_logger.go:76	[SynchronizerVClock] Loaded key	{"key": "testdb:pg_catalog:pg_type:row:1043:", "value": "[1043,\"varchar\",11,10,-1,false,\"b\",\"S\",false,true,\",\",0,0,1015,\"varcharin\",\"varcharout\",\"varcharrecv\",\"varcharsend\",\"varchartypmodin\",\"varchartypmodout\",\"-\",\"i\",\"e\",false,0,-1,0,100,\"NULL\",\"NULL\",\"NULL\"]", "vclock": {"node1":100}}
2026-02-28T14:53:46.857+0300	INFO	logger/zap_logger.go:76	[SynchronizerVClock] Loaded key	{"key": "testdb:pg_catalog:pg_type:row:1082:", "value": "[1082,\"date\",11,10,4,true,\"b\",\"D\",false,true,\",\",0,0,1182,\"date_in\",\"date_out\",\"date_recv\",\"date_send\",\"-\",\"-\",\"-\",\"i\",\"p\",false,0,-1,0,0,\"NULL\",\"NULL\",\"NULL\"]", "vclock": {"node1":101}}
2026-02-28T14:53:46.857+0300	INFO	logger/zap_logger.go:76	[SynchronizerVClock] Loaded key	{"key": "testdb:pg_catalog:pg_type:row:1114:", "value": "[1114,\"timestamp\",11,10,8,true,\"b\",\"D\",false,true,\",\",0,0,1115,\"timestamp_in\",\"timestamp_out\",\"timestamp_recv\",\"timestamp_send\",\"timestamptypmodin\",\"timestamptypmodout\",\"-\",\"d\",\"p\",false,0,-1,0,0,\"NULL\",\"NULL\",\"NULL\"]", "vclock": {"node1":102}}
2026-02-28T14:53:46.857+0300	INFO	logger/zap_logger.go:76	[SynchronizerVClock] Loaded key	{"key": "testdb:pg_catalog:pg_type:row:16:", "value": "[16,\"bool\",11,10,1,true,\"b\",\"B\",true,true,\",\",0,0,1000,\"boolin\",\"boolout\",\"boolrecv\",\"boolsend\",\"booltypmodin\",\"booltypmodout\",\"boolanalyze\",\"c\",\"p\",false,0,-1,0,0,\"NULL\",\"NULL\",\"NULL\"]", "vclock": {"node1":103}}
2026-02-28T14:53:46.857+0300	INFO	logger/zap_logger.go:76	[SynchronizerVClock] Loaded key	{"key": "testdb:pg_catalog:pg_type:row:17:", "value": "[17,\"bytea\",11,10,-1,false,\"b\",\"U\",false,true,\",\",0,0,1001,\"byteain\",\"byteaout\",\"bytearecv\",\"byteasend\",\"-\",\"-\",\"-\",\"i\",\"x\",false,0,-1,0,0,\"NULL\",\"NULL\",\"NULL\"]", "vclock": {"node1":104}}
2026-02-28T14:53:46.857+0300	INFO	logger/zap_logger.go:76	[SynchronizerVClock] Loaded key	{"key": "testdb:pg_catalog:pg_type:row:20:", "value": "[20,\"int8\",11,10,8,true,\"b\",\"N\",false,true,\",\",0,0,1016,\"int8in\",\"int8out\",\"int8recv\",\"int8send\",\"-\",\"-\",\"-\",\"d\",\"p\",false,0,-1,0,0,\"NULL\",\"NULL\",\"NULL\"]", "vclock": {"node1":105}}
2026-02-28T14:53:46.857+0300	DEBUG	logger/zap_logger.go:96	DEBUG: Parsed statement type: CREATE_TABLE

2026-02-28T14:53:46.857+0300	INFO	logger/zap_logger.go:76	[SynchronizerVClock] Loaded key	{"key": "schema:testdb:pg_catalog:pg_namespace:", "value": "{\"Name\":\"pg_catalog.pg_namespace\",\"Columns\":{\"nspacl\":{\"Type\":0,\"IsNullable\":true,\"DefaultValue\":null,\"IsSerial\":false,\"IsUnique\":false,\"Idx\":4},\"nspname\":{\"Type\":0,\"IsNullable\":true,\"DefaultValue\":null,\"IsSerial\":false,\"IsUnique\":false,\"Idx\":2},\"nspowner\":{\"Type\":1,\"IsNullable\":true,\"DefaultValue\":null,\"IsSerial\":false,\"IsUnique\":false,\"Idx\":3},\"oid\":{\"Type\":1,\"IsNullable\":false,\"DefaultValue\":null,\"IsSerial\":false,\"IsUnique\":false,\"Idx\":1}},\"PrimaryKeys\":[1]}", "vclock": {"node1":106}}
2026-02-28T14:53:46.857+0300	DEBUG	logger/zap_logger.go:96	Executing: 

INSERT INTO pg_catalog.pg_database (oid, datname, datdba, encoding, datcollate, datctype, datistemplate, datallowconn, datconnlimit, datlastsysoid, datfrozenxid, datminmxid, dattablespace, datacl) VALUES
(1, 'postgres', 10, 6, 'en_US.UTF-8', 'en_US.UTF-8', FALSE, TRUE, -1, 0, 0, 0, 1663, NULL)
2026-02-28T14:53:46.857+0300	INFO	logger/zap_logger.go:76	[SynchronizerVClock] Loaded key	{"key": "testdb:pg_catalog:pg_namespace:row:11:", "value": "[11,\"pg_catalog\",10,\"NULL\"]", "vclock": {"node1":107}}
2026-02-28T14:53:46.857+0300	INFO	logger/zap_logger.go:76	[SynchronizerVClock] Loaded key	{"key": "testdb:pg_catalog:pg_namespace:row:12:", "value": "[12,\"public\",10,\"NULL\"]", "vclock": {"node1":108}}
2026-02-28T14:53:46.857+0300	INFO	logger/zap_logger.go:76	[SynchronizerVClock] Loaded key	{"key": "schema:testdb:pg_catalog:pg_database:", "value": "{\"Name\":\"pg_catalog.pg_database\",\"Columns\":{\"datacl\":{\"Type\":0,\"IsNullable\":true,\"DefaultValue\":null,\"IsSerial\":false,\"IsUnique\":false,\"Idx\":14},\"datallowconn\":{\"Type\":0,\"IsNullable\":true,\"DefaultValue\":null,\"IsSerial\":false,\"IsUnique\":false,\"Idx\":8},\"datcollate\":{\"Type\":0,\"IsNullable\":true,\"DefaultValue\":null,\"IsSerial\":false,\"IsUnique\":false,\"Idx\":5},\"datconnlimit\":{\"Type\":1,\"IsNullable\":true,\"DefaultValue\":null,\"IsSerial\":false,\"IsUnique\":false,\"Idx\":9},\"datctype\":{\"Type\":0,\"IsNullable\":true,\"DefaultValue\":null,\"IsSerial\":false,\"IsUnique\":false,\"Idx\":6},\"datdba\":{\"Type\":1,\"IsNullable\":true,\"DefaultValue\":null,\"IsSerial\":false,\"IsUnique\":false,\"Idx\":3},\"datfrozenxid\":{\"Type\":1,\"IsNullable\":true,\"DefaultValue\":null,\"IsSerial\":false,\"IsUnique\":false,\"Idx\":11},\"datistemplate\":{\"Type\":0,\"IsNullable\":true,\"DefaultValue\":null,\"IsSerial\":false,\"IsUnique\":false,\"Idx\":7},\"datlastsysoid\":{\"Type\":1,\"IsNullable\":true,\"DefaultValue\":null,\"IsSerial\":false,\"IsUnique\":false,\"Idx\":10},\"datminmxid\":{\"Type\":1,\"IsNullable\":true,\"DefaultValue\":null,\"IsSerial\":false,\"IsUnique\":false,\"Idx\":12},\"datname\":{\"Type\":0,\"IsNullable\":true,\"DefaultValue\":null,\"IsSerial\":false,\"IsUnique\":false,\"Idx\":2},\"dattablespace\":{\"Type\":1,\"IsNullable\":true,\"DefaultValue\":null,\"IsSerial\":false,\"IsUnique\":false,\"Idx\":13},\"encoding\":{\"Type\":1,\"IsNullable\":true,\"DefaultValue\":null,\"IsSerial\":false,\"IsUnique\":false,\"Idx\":4},\"oid\":{\"Type\":1,\"IsNullable\":false,\"DefaultValue\":null,\"IsSerial\":false,\"IsUnique\":false,\"Idx\":1}},\"PrimaryKeys\":[1]}", "vclock": {"node1":109}}
2026-02-28T14:53:46.857+0300	DEBUG	logger/zap_logger.go:96	DEBUG: Parsed statement type: INSERT

2026-02-28T14:53:46.857+0300	DEBUG	logger/zap_logger.go:96	DEBUG: Insert into pg_catalog.pg_database: [[1 postgres 10 6 en_US.UTF-8 en_US.UTF-8 false true -1 0 0 0 1663 NULL]]

2026-02-28T14:53:46.857+0300	DEBUG	logger/zap_logger.go:71	DEBUG: Table metadata:	{"meta": {"Name":"pg_catalog.pg_database","Columns":{"datacl":{"Type":0,"IsNullable":true,"DefaultValue":null,"IsSerial":false,"IsUnique":false,"Idx":14},"datallowconn":{"Type":0,"IsNullable":true,"DefaultValue":null,"IsSerial":false,"IsUnique":false,"Idx":8},"datcollate":{"Type":0,"IsNullable":true,"DefaultValue":null,"IsSerial":false,"IsUnique":false,"Idx":5},"datconnlimit":{"Type":1,"IsNullable":true,"DefaultValue":null,"IsSerial":false,"IsUnique":false,"Idx":9},"datctype":{"Type":0,"IsNullable":true,"DefaultValue":null,"IsSerial":false,"IsUnique":false,"Idx":6},"datdba":{"Type":1,"IsNullable":true,"DefaultValue":null,"IsSerial":false,"IsUnique":false,"Idx":3},"datfrozenxid":{"Type":1,"IsNullable":true,"DefaultValue":null,"IsSerial":false,"IsUnique":false,"Idx":11},"datistemplate":{"Type":0,"IsNullable":true,"DefaultValue":null,"IsSerial":false,"IsUnique":false,"Idx":7},"datlastsysoid":{"Type":1,"IsNullable":true,"DefaultValue":null,"IsSerial":false,"IsUnique":false,"Idx":10},"datminmxid":{"Type":1,"IsNullable":true,"DefaultValue":null,"IsSerial":false,"IsUnique":false,"Idx":12},"datname":{"Type":0,"IsNullable":true,"DefaultValue":null,"IsSerial":false,"IsUnique":false,"Idx":2},"dattablespace":{"Type":1,"IsNullable":true,"DefaultValue":null,"IsSerial":false,"IsUnique":false,"Idx":13},"encoding":{"Type":1,"IsNullable":true,"DefaultValue":null,"IsSerial":false,"IsUnique":false,"Idx":4},"oid":{"Type":1,"IsNullable":false,"DefaultValue":null,"IsSerial":false,"IsUnique":false,"Idx":1}},"PrimaryKeys":[1]}}
2026-02-28T14:53:46.857+0300	DEBUG	logger/zap_logger.go:71	DEBUG: Saved row: 	{"rowKey": "testdb:pg_catalog:pg_database:row:1:", "rowData": "[1,\"postgres\",10,6,\"en_US.UTF-8\",\"en_US.UTF-8\",false,true,-1,0,0,0,1663,\"NULL\"]"}
2026-02-28T14:53:46.857+0300	DEBUG	logger/zap_logger.go:96	Executing: 

CREATE TABLE IF NOT EXISTS pg_catalog.pg_tablespace (
    oid INT,
    spcname TEXT,
    spcowner INT,
    spcacl TEXT,
    spcoptions TEXT,
    PRIMARY KEY (oid)
)
2026-02-28T14:53:46.857+0300	INFO	logger/zap_logger.go:76	[SynchronizerVClock] Loaded key	{"key": "testdb:pg_catalog:pg_database:row:1:", "value": "[1,\"postgres\",10,6,\"en_US.UTF-8\",\"en_US.UTF-8\",false,true,-1,0,0,0,1663,\"NULL\"]", "vclock": {"node1":110}}
2026-02-28T14:53:46.857+0300	DEBUG	logger/zap_logger.go:96	DEBUG: Parsed statement type: CREATE_TABLE

2026-02-28T14:53:46.857+0300	DEBUG	logger/zap_logger.go:96	Executing: 

INSERT INTO pg_catalog.pg_tablespace (oid, spcname, spcowner, spcacl, spcoptions) VALUES
(1663, 'pg_default', 10, NULL, NULL),
(1664, 'pg_global', 10, NULL, NULL)
2026-02-28T14:53:46.857+0300	INFO	logger/zap_logger.go:76	[SynchronizerVClock] Loaded key	{"key": "schema:testdb:pg_catalog:pg_tablespace:", "value": "{\"Name\":\"pg_catalog.pg_tablespace\",\"Columns\":{\"oid\":{\"Type\":1,\"IsNullable\":false,\"DefaultValue\":null,\"IsSerial\":false,\"IsUnique\":false,\"Idx\":1},\"spcacl\":{\"Type\":0,\"IsNullable\":true,\"DefaultValue\":null,\"IsSerial\":false,\"IsUnique\":false,\"Idx\":4},\"spcname\":{\"Type\":0,\"IsNullable\":true,\"DefaultValue\":null,\"IsSerial\":false,\"IsUnique\":false,\"Idx\":2},\"spcoptions\":{\"Type\":0,\"IsNullable\":true,\"DefaultValue\":null,\"IsSerial\":false,\"IsUnique\":false,\"Idx\":5},\"spcowner\":{\"Type\":1,\"IsNullable\":true,\"DefaultValue\":null,\"IsSerial\":false,\"IsUnique\":false,\"Idx\":3}},\"PrimaryKeys\":[1]}", "vclock": {"node1":111}}
2026-02-28T14:53:46.858+0300	DEBUG	logger/zap_logger.go:96	DEBUG: Parsed statement type: INSERT

2026-02-28T14:53:46.858+0300	DEBUG	logger/zap_logger.go:96	DEBUG: Insert into pg_catalog.pg_tablespace: [[1663 pg_default 10 NULL NULL] [1664 pg_global 10 NULL NULL]]

2026-02-28T14:53:46.858+0300	DEBUG	logger/zap_logger.go:71	DEBUG: Table metadata:	{"meta": {"Name":"pg_catalog.pg_tablespace","Columns":{"oid":{"Type":1,"IsNullable":false,"DefaultValue":null,"IsSerial":false,"IsUnique":false,"Idx":1},"spcacl":{"Type":0,"IsNullable":true,"DefaultValue":null,"IsSerial":false,"IsUnique":false,"Idx":4},"spcname":{"Type":0,"IsNullable":true,"DefaultValue":null,"IsSerial":false,"IsUnique":false,"Idx":2},"spcoptions":{"Type":0,"IsNullable":true,"DefaultValue":null,"IsSerial":false,"IsUnique":false,"Idx":5},"spcowner":{"Type":1,"IsNullable":true,"DefaultValue":null,"IsSerial":false,"IsUnique":false,"Idx":3}},"PrimaryKeys":[1]}}
2026-02-28T14:53:46.858+0300	DEBUG	logger/zap_logger.go:71	DEBUG: Saved row: 	{"rowKey": "testdb:pg_catalog:pg_tablespace:row:1663:", "rowData": "[1663,\"pg_default\",10,\"NULL\",\"NULL\"]"}
2026-02-28T14:53:46.858+0300	DEBUG	logger/zap_logger.go:71	DEBUG: Saved row: 	{"rowKey": "testdb:pg_catalog:pg_tablespace:row:1664:", "rowData": "[1664,\"pg_global\",10,\"NULL\",\"NULL\"]"}
2026-02-28T14:53:46.858+0300	INFO	logger/zap_logger.go:76	[SynchronizerVClock] Loaded key	{"key": "testdb:pg_catalog:pg_tablespace:row:1663:", "value": "[1663,\"pg_default\",10,\"NULL\",\"NULL\"]", "vclock": {"node1":112}}
2026-02-28T14:53:46.858+0300	DEBUG	logger/zap_logger.go:96	Executing: 

CREATE TABLE IF NOT EXISTS pg_catalog.pg_roles (
    oid INT,
    rolname TEXT,
    rolsuper BOOLEAN,
    rolinherit BOOLEAN,
    rolcreaterole BOOLEAN,
    rolcreatedb BOOLEAN,
    rolcanlogin BOOLEAN,
    rolreplication BOOLEAN,
    rolconnlimit INT,
    rolpassword TEXT,
    rolvaliduntil TEXT,
    rolbypassrls BOOLEAN,
    rolconfig TEXT,
    PRIMARY KEY (oid)
)
2026-02-28T14:53:46.858+0300	INFO	logger/zap_logger.go:76	[SynchronizerVClock] Loaded key	{"key": "testdb:pg_catalog:pg_tablespace:row:1664:", "value": "[1664,\"pg_global\",10,\"NULL\",\"NULL\"]", "vclock": {"node1":113}}
2026-02-28T14:53:46.858+0300	DEBUG	logger/zap_logger.go:96	DEBUG: Parsed statement type: CREATE_TABLE

2026-02-28T14:53:46.858+0300	DEBUG	logger/zap_logger.go:96	Executing: 

INSERT INTO pg_catalog.pg_roles (oid, rolname, rolsuper, rolinherit, rolcreaterole, rolcreatedb, rolcanlogin, rolreplication, rolconnlimit, rolpassword, rolvaliduntil, rolbypassrls, rolconfig) VALUES
(10, 'system', TRUE, TRUE, TRUE, TRUE, TRUE, TRUE, -1, NULL, NULL, FALSE, NULL),
(11, 'user1', FALSE, TRUE, FALSE, TRUE, TRUE, FALSE, -1, NULL, NULL, FALSE, NULL)
2026-02-28T14:53:46.858+0300	INFO	logger/zap_logger.go:76	[SynchronizerVClock] Loaded key	{"key": "schema:testdb:pg_catalog:pg_roles:", "value": "{\"Name\":\"pg_catalog.pg_roles\",\"Columns\":{\"oid\":{\"Type\":1,\"IsNullable\":false,\"DefaultValue\":null,\"IsSerial\":false,\"IsUnique\":false,\"Idx\":1},\"rolbypassrls\":{\"Type\":0,\"IsNullable\":true,\"DefaultValue\":null,\"IsSerial\":false,\"IsUnique\":false,\"Idx\":12},\"rolcanlogin\":{\"Type\":0,\"IsNullable\":true,\"DefaultValue\":null,\"IsSerial\":false,\"IsUnique\":false,\"Idx\":7},\"rolconfig\":{\"Type\":0,\"IsNullable\":true,\"DefaultValue\":null,\"IsSerial\":false,\"IsUnique\":false,\"Idx\":13},\"rolconnlimit\":{\"Type\":1,\"IsNullable\":true,\"DefaultValue\":null,\"IsSerial\":false,\"IsUnique\":false,\"Idx\":9},\"rolcreatedb\":{\"Type\":0,\"IsNullable\":true,\"DefaultValue\":null,\"IsSerial\":false,\"IsUnique\":false,\"Idx\":6},\"rolcreaterole\":{\"Type\":0,\"IsNullable\":true,\"DefaultValue\":null,\"IsSerial\":false,\"IsUnique\":false,\"Idx\":5},\"rolinherit\":{\"Type\":0,\"IsNullable\":true,\"DefaultValue\":null,\"IsSerial\":false,\"IsUnique\":false,\"Idx\":4},\"rolname\":{\"Type\":0,\"IsNullable\":true,\"DefaultValue\":null,\"IsSerial\":false,\"IsUnique\":false,\"Idx\":2},\"rolpassword\":{\"Type\":0,\"IsNullable\":true,\"DefaultValue\":null,\"IsSerial\":false,\"IsUnique\":false,\"Idx\":10},\"rolreplication\":{\"Type\":0,\"IsNullable\":true,\"DefaultValue\":null,\"IsSerial\":false,\"IsUnique\":false,\"Idx\":8},\"rolsuper\":{\"Type\":0,\"IsNullable\":true,\"DefaultValue\":null,\"IsSerial\":false,\"IsUnique\":false,\"Idx\":3},\"rolvaliduntil\":{\"Type\":0,\"IsNullable\":true,\"DefaultValue\":null,\"IsSerial\":false,\"IsUnique\":false,\"Idx\":11}},\"PrimaryKeys\":[1]}", "vclock": {"node1":114}}
2026-02-28T14:53:46.858+0300	DEBUG	logger/zap_logger.go:96	DEBUG: Parsed statement type: INSERT

2026-02-28T14:53:46.858+0300	DEBUG	logger/zap_logger.go:96	DEBUG: Insert into pg_catalog.pg_roles: [[10 system true true true true true true -1 NULL NULL false NULL] [11 user1 false true false true true false -1 NULL NULL false NULL]]

2026-02-28T14:53:46.858+0300	DEBUG	logger/zap_logger.go:71	DEBUG: Table metadata:	{"meta": {"Name":"pg_catalog.pg_roles","Columns":{"oid":{"Type":1,"IsNullable":false,"DefaultValue":null,"IsSerial":false,"IsUnique":false,"Idx":1},"rolbypassrls":{"Type":0,"IsNullable":true,"DefaultValue":null,"IsSerial":false,"IsUnique":false,"Idx":12},"rolcanlogin":{"Type":0,"IsNullable":true,"DefaultValue":null,"IsSerial":false,"IsUnique":false,"Idx":7},"rolconfig":{"Type":0,"IsNullable":true,"DefaultValue":null,"IsSerial":false,"IsUnique":false,"Idx":13},"rolconnlimit":{"Type":1,"IsNullable":true,"DefaultValue":null,"IsSerial":false,"IsUnique":false,"Idx":9},"rolcreatedb":{"Type":0,"IsNullable":true,"DefaultValue":null,"IsSerial":false,"IsUnique":false,"Idx":6},"rolcreaterole":{"Type":0,"IsNullable":true,"DefaultValue":null,"IsSerial":false,"IsUnique":false,"Idx":5},"rolinherit":{"Type":0,"IsNullable":true,"DefaultValue":null,"IsSerial":false,"IsUnique":false,"Idx":4},"rolname":{"Type":0,"IsNullable":true,"DefaultValue":null,"IsSerial":false,"IsUnique":false,"Idx":2},"rolpassword":{"Type":0,"IsNullable":true,"DefaultValue":null,"IsSerial":false,"IsUnique":false,"Idx":10},"rolreplication":{"Type":0,"IsNullable":true,"DefaultValue":null,"IsSerial":false,"IsUnique":false,"Idx":8},"rolsuper":{"Type":0,"IsNullable":true,"DefaultValue":null,"IsSerial":false,"IsUnique":false,"Idx":3},"rolvaliduntil":{"Type":0,"IsNullable":true,"DefaultValue":null,"IsSerial":false,"IsUnique":false,"Idx":11}},"PrimaryKeys":[1]}}
2026-02-28T14:53:46.858+0300	DEBUG	logger/zap_logger.go:71	DEBUG: Saved row: 	{"rowKey": "testdb:pg_catalog:pg_roles:row:10:", "rowData": "[10,\"system\",true,true,true,true,true,true,-1,\"NULL\",\"NULL\",false,\"NULL\"]"}
2026-02-28T14:53:46.858+0300	DEBUG	logger/zap_logger.go:71	DEBUG: Saved row: 	{"rowKey": "testdb:pg_catalog:pg_roles:row:11:", "rowData": "[11,\"user1\",false,true,false,true,true,false,-1,\"NULL\",\"NULL\",false,\"NULL\"]"}
2026-02-28T14:53:46.858+0300	INFO	logger/zap_logger.go:76	[SynchronizerVClock] Loaded key	{"key": "testdb:pg_catalog:pg_roles:row:10:", "value": "[10,\"system\",true,true,true,true,true,true,-1,\"NULL\",\"NULL\",false,\"NULL\"]", "vclock": {"node1":115}}
2026-02-28T14:53:46.858+0300	DEBUG	logger/zap_logger.go:96	Executing: 

CREATE TABLE IF NOT EXISTS pg_catalog.pg_stat_ssl (
    pid INT,
    ssl BOOLEAN,
    version TEXT,
    cipher TEXT,
    bits INT,
    compression BOOLEAN,
    clientdn TEXT,
    PRIMARY KEY (pid)
)
2026-02-28T14:53:46.858+0300	INFO	logger/zap_logger.go:76	[SynchronizerVClock] Loaded key	{"key": "testdb:pg_catalog:pg_roles:row:11:", "value": "[11,\"user1\",false,true,false,true,true,false,-1,\"NULL\",\"NULL\",false,\"NULL\"]", "vclock": {"node1":116}}
2026-02-28T14:53:46.858+0300	DEBUG	logger/zap_logger.go:96	DEBUG: Parsed statement type: CREATE_TABLE

2026-02-28T14:53:46.858+0300	DEBUG	logger/zap_logger.go:96	Executing: 

INSERT INTO pg_catalog.pg_stat_ssl (pid, ssl, version, cipher, bits, compression, clientdn) VALUES
(12345, TRUE, 'TLSv1.3', 'TLS_AES_256_GCM_SHA384', 256, FALSE, 'CN=client,O=example,C=US')
2026-02-28T14:53:46.858+0300	INFO	logger/zap_logger.go:76	[SynchronizerVClock] Loaded key	{"key": "schema:testdb:pg_catalog:pg_stat_ssl:", "value": "{\"Name\":\"pg_catalog.pg_stat_ssl\",\"Columns\":{\"bits\":{\"Type\":1,\"IsNullable\":true,\"DefaultValue\":null,\"IsSerial\":false,\"IsUnique\":false,\"Idx\":5},\"cipher\":{\"Type\":0,\"IsNullable\":true,\"DefaultValue\":null,\"IsSerial\":false,\"IsUnique\":false,\"Idx\":4},\"clientdn\":{\"Type\":0,\"IsNullable\":true,\"DefaultValue\":null,\"IsSerial\":false,\"IsUnique\":false,\"Idx\":7},\"compression\":{\"Type\":0,\"IsNullable\":true,\"DefaultValue\":null,\"IsSerial\":false,\"IsUnique\":false,\"Idx\":6},\"pid\":{\"Type\":1,\"IsNullable\":false,\"DefaultValue\":null,\"IsSerial\":false,\"IsUnique\":false,\"Idx\":1},\"ssl\":{\"Type\":0,\"IsNullable\":true,\"DefaultValue\":null,\"IsSerial\":false,\"IsUnique\":false,\"Idx\":2},\"version\":{\"Type\":0,\"IsNullable\":true,\"DefaultValue\":null,\"IsSerial\":false,\"IsUnique\":false,\"Idx\":3}},\"PrimaryKeys\":[1]}", "vclock": {"node1":117}}
2026-02-28T14:53:46.858+0300	DEBUG	logger/zap_logger.go:96	DEBUG: Parsed statement type: INSERT

2026-02-28T14:53:46.858+0300	DEBUG	logger/zap_logger.go:96	DEBUG: Insert into pg_catalog.pg_stat_ssl: [[12345 true TLSv1.3 TLS_AES_256_GCM_SHA384 256 false CN=client,O=example,C=US]]

2026-02-28T14:53:46.858+0300	DEBUG	logger/zap_logger.go:71	DEBUG: Table metadata:	{"meta": {"Name":"pg_catalog.pg_stat_ssl","Columns":{"bits":{"Type":1,"IsNullable":true,"DefaultValue":null,"IsSerial":false,"IsUnique":false,"Idx":5},"cipher":{"Type":0,"IsNullable":true,"DefaultValue":null,"IsSerial":false,"IsUnique":false,"Idx":4},"clientdn":{"Type":0,"IsNullable":true,"DefaultValue":null,"IsSerial":false,"IsUnique":false,"Idx":7},"compression":{"Type":0,"IsNullable":true,"DefaultValue":null,"IsSerial":false,"IsUnique":false,"Idx":6},"pid":{"Type":1,"IsNullable":false,"DefaultValue":null,"IsSerial":false,"IsUnique":false,"Idx":1},"ssl":{"Type":0,"IsNullable":true,"DefaultValue":null,"IsSerial":false,"IsUnique":false,"Idx":2},"version":{"Type":0,"IsNullable":true,"DefaultValue":null,"IsSerial":false,"IsUnique":false,"Idx":3}},"PrimaryKeys":[1]}}
2026-02-28T14:53:46.858+0300	DEBUG	logger/zap_logger.go:71	DEBUG: Saved row: 	{"rowKey": "testdb:pg_catalog:pg_stat_ssl:row:12345:", "rowData": "[12345,true,\"TLSv1.3\",\"TLS_AES_256_GCM_SHA384\",256,false,\"CN=client,O=example,C=US\"]"}
2026-02-28T14:53:46.858+0300	DEBUG	logger/zap_logger.go:96	Executing: 

CREATE TABLE IF NOT EXISTS pg_catalog.pg_shdescription (
    objoid INT,
    classoid INT,
    objsubid INT,
    description TEXT,
    PRIMARY KEY (objoid, classoid, objsubid)
)
2026-02-28T14:53:46.858+0300	INFO	logger/zap_logger.go:76	[SynchronizerVClock] Loaded key	{"key": "testdb:pg_catalog:pg_stat_ssl:row:12345:", "value": "[12345,true,\"TLSv1.3\",\"TLS_AES_256_GCM_SHA384\",256,false,\"CN=client,O=example,C=US\"]", "vclock": {"node1":118}}
2026-02-28T14:53:46.858+0300	DEBUG	logger/zap_logger.go:96	DEBUG: Parsed statement type: CREATE_TABLE

2026-02-28T14:53:46.858+0300	DEBUG	logger/zap_logger.go:96	Executing: 

INSERT INTO pg_catalog.pg_shdescription (objoid, classoid, objsubid, description) VALUES
(1, 1259, 0, 'Description for pg_tables table'),
(2, 1259, 0, 'Description for pg_columns table')
2026-02-28T14:53:46.858+0300	INFO	logger/zap_logger.go:76	[SynchronizerVClock] Loaded key	{"key": "schema:testdb:pg_catalog:pg_shdescription:", "value": "{\"Name\":\"pg_catalog.pg_shdescription\",\"Columns\":{\"classoid\":{\"Type\":1,\"IsNullable\":false,\"DefaultValue\":null,\"IsSerial\":false,\"IsUnique\":false,\"Idx\":2},\"description\":{\"Type\":0,\"IsNullable\":true,\"DefaultValue\":null,\"IsSerial\":false,\"IsUnique\":false,\"Idx\":4},\"objoid\":{\"Type\":1,\"IsNullable\":false,\"DefaultValue\":null,\"IsSerial\":false,\"IsUnique\":false,\"Idx\":1},\"objsubid\":{\"Type\":1,\"IsNullable\":false,\"DefaultValue\":null,\"IsSerial\":false,\"IsUnique\":false,\"Idx\":3}},\"PrimaryKeys\":[1,2,3]}", "vclock": {"node1":119}}
2026-02-28T14:53:46.858+0300	DEBUG	logger/zap_logger.go:96	DEBUG: Parsed statement type: INSERT

2026-02-28T14:53:46.858+0300	DEBUG	logger/zap_logger.go:96	DEBUG: Insert into pg_catalog.pg_shdescription: [[1 1259 0 Description for pg_tables table] [2 1259 0 Description for pg_columns table]]

2026-02-28T14:53:46.858+0300	DEBUG	logger/zap_logger.go:71	DEBUG: Table metadata:	{"meta": {"Name":"pg_catalog.pg_shdescription","Columns":{"classoid":{"Type":1,"IsNullable":false,"DefaultValue":null,"IsSerial":false,"IsUnique":false,"Idx":2},"description":{"Type":0,"IsNullable":true,"DefaultValue":null,"IsSerial":false,"IsUnique":false,"Idx":4},"objoid":{"Type":1,"IsNullable":false,"DefaultValue":null,"IsSerial":false,"IsUnique":false,"Idx":1},"objsubid":{"Type":1,"IsNullable":false,"DefaultValue":null,"IsSerial":false,"IsUnique":false,"Idx":3}},"PrimaryKeys":[1,2,3]}}
2026-02-28T14:53:46.858+0300	DEBUG	logger/zap_logger.go:71	DEBUG: Saved row: 	{"rowKey": "testdb:pg_catalog:pg_shdescription:row:112590:", "rowData": "[1,1259,0,\"Description for pg_tables table\"]"}
2026-02-28T14:53:46.858+0300	DEBUG	logger/zap_logger.go:71	DEBUG: Saved row: 	{"rowKey": "testdb:pg_catalog:pg_shdescription:row:212590:", "rowData": "[2,1259,0,\"Description for pg_columns table\"]"}
2026-02-28T14:53:46.858+0300	INFO	logger/zap_logger.go:76	[SynchronizerVClock] Loaded key	{"key": "testdb:pg_catalog:pg_shdescription:row:112590:", "value": "[1,1259,0,\"Description for pg_tables table\"]", "vclock": {"node1":120}}
2026-02-28T14:53:46.858+0300	DEBUG	logger/zap_logger.go:96	Executing: 

CREATE TABLE IF NOT EXISTS pg_catalog.pg_am (
    oid INT,
    amname TEXT,
    amhandler INT,
    amtype TEXT,
    PRIMARY KEY (oid)
)
2026-02-28T14:53:46.858+0300	INFO	logger/zap_logger.go:76	[SynchronizerVClock] Loaded key	{"key": "testdb:pg_catalog:pg_shdescription:row:212590:", "value": "[2,1259,0,\"Description for pg_columns table\"]", "vclock": {"node1":121}}
2026-02-28T14:53:46.858+0300	DEBUG	logger/zap_logger.go:96	DEBUG: Parsed statement type: CREATE_TABLE

2026-02-28T14:53:46.858+0300	DEBUG	logger/zap_logger.go:96	Executing: 

INSERT INTO pg_catalog.pg_am (oid, amname, amhandler, amtype) VALUES
(403, 'heap', 0, 't'),
(405, 'btree', 0, 'i')
2026-02-28T14:53:46.858+0300	INFO	logger/zap_logger.go:76	[SynchronizerVClock] Loaded key	{"key": "schema:testdb:pg_catalog:pg_am:", "value": "{\"Name\":\"pg_catalog.pg_am\",\"Columns\":{\"amhandler\":{\"Type\":1,\"IsNullable\":true,\"DefaultValue\":null,\"IsSerial\":false,\"IsUnique\":false,\"Idx\":3},\"amname\":{\"Type\":0,\"IsNullable\":true,\"DefaultValue\":null,\"IsSerial\":false,\"IsUnique\":false,\"Idx\":2},\"amtype\":{\"Type\":0,\"IsNullable\":true,\"DefaultValue\":null,\"IsSerial\":false,\"IsUnique\":false,\"Idx\":4},\"oid\":{\"Type\":1,\"IsNullable\":false,\"DefaultValue\":null,\"IsSerial\":false,\"IsUnique\":false,\"Idx\":1}},\"PrimaryKeys\":[1]}", "vclock": {"node1":122}}
2026-02-28T14:53:46.858+0300	DEBUG	logger/zap_logger.go:96	DEBUG: Parsed statement type: INSERT

2026-02-28T14:53:46.858+0300	DEBUG	logger/zap_logger.go:96	DEBUG: Insert into pg_catalog.pg_am: [[403 heap 0 t] [405 btree 0 i]]

2026-02-28T14:53:46.858+0300	DEBUG	logger/zap_logger.go:71	DEBUG: Table metadata:	{"meta": {"Name":"pg_catalog.pg_am","Columns":{"amhandler":{"Type":1,"IsNullable":true,"DefaultValue":null,"IsSerial":false,"IsUnique":false,"Idx":3},"amname":{"Type":0,"IsNullable":true,"DefaultValue":null,"IsSerial":false,"IsUnique":false,"Idx":2},"amtype":{"Type":0,"IsNullable":true,"DefaultValue":null,"IsSerial":false,"IsUnique":false,"Idx":4},"oid":{"Type":1,"IsNullable":false,"DefaultValue":null,"IsSerial":false,"IsUnique":false,"Idx":1}},"PrimaryKeys":[1]}}
2026-02-28T14:53:46.858+0300	DEBUG	logger/zap_logger.go:71	DEBUG: Saved row: 	{"rowKey": "testdb:pg_catalog:pg_am:row:403:", "rowData": "[403,\"heap\",0,\"t\"]"}
2026-02-28T14:53:46.858+0300	DEBUG	logger/zap_logger.go:71	DEBUG: Saved row: 	{"rowKey": "testdb:pg_catalog:pg_am:row:405:", "rowData": "[405,\"btree\",0,\"i\"]"}
2026-02-28T14:53:46.858+0300	INFO	logger/zap_logger.go:76	[SynchronizerVClock] Loaded key	{"key": "testdb:pg_catalog:pg_am:row:403:", "value": "[403,\"heap\",0,\"t\"]", "vclock": {"node1":123}}
2026-02-28T14:53:46.859+0300	DEBUG	logger/zap_logger.go:96	Executing: 

2026-02-28T14:53:46.859+0300	INFO	logger/zap_logger.go:76	System tables initialization completed
2026-02-28T14:53:46.859+0300	INFO	logger/zap_logger.go:76	[SynchronizerVClock] Loaded key	{"key": "testdb:pg_catalog:pg_am:row:405:", "value": "[405,\"btree\",0,\"i\"]", "vclock": {"node1":124}}
2026-02-28T14:53:46.859+0300	INFO	logger/zap_logger.go:76	Pg server started
2026-02-28T14:53:51.001+0300	INFO	logger/zap_logger.go:76	Accepted connection
2026-02-28T14:53:51.002+0300	INFO	logger/zap_logger.go:76	Accepted connection
2026-02-28T14:53:51.005+0300	INFO	logger/zap_logger.go:76	SSL request received, sending 'N'
2026-02-28T14:53:51.006+0300	INFO	logger/zap_logger.go:76	Startup complete
2026-02-28T14:53:51.006+0300	DEBUG	logger/zap_logger.go:96	Query: CREATE TABLE users (
    id INT PRIMARY KEY,
    name TEXT
);
2026-02-28T14:53:51.007+0300	DEBUG	logger/zap_logger.go:96	DEBUG: Parsed statement type: CREATE_TABLE

2026-02-28T14:53:51.007+0300	DEBUG	logger/zap_logger.go:96	Parsed statement: %!(EXTRA zapcore.Field={stmt 23 0  0x14000252000})
2026-02-28T14:53:51.008+0300	INFO	logger/zap_logger.go:76	[SynchronizerVClock] Loaded key	{"key": "schema:testdb:public:users:", "value": "{\"Name\":\"users\",\"Columns\":{\"id\":{\"Type\":1,\"IsNullable\":false,\"DefaultValue\":null,\"IsSerial\":false,\"IsUnique\":false,\"Idx\":1},\"name\":{\"Type\":0,\"IsNullable\":true,\"DefaultValue\":null,\"IsSerial\":false,\"IsUnique\":false,\"Idx\":2}},\"PrimaryKeys\":[1]}", "vclock": {"node1":125}}
2026-02-28T14:53:51.008+0300	DEBUG	logger/zap_logger.go:96	Query: INSERT INTO users (id, name) VALUES (1, 'Alice'), (2, 'Bob');
2026-02-28T14:53:51.008+0300	DEBUG	logger/zap_logger.go:96	DEBUG: Parsed statement type: INSERT

2026-02-28T14:53:51.008+0300	DEBUG	logger/zap_logger.go:96	Parsed statement: %!(EXTRA zapcore.Field={stmt 23 0  0x14000648bc0})
2026-02-28T14:53:51.008+0300	DEBUG	logger/zap_logger.go:96	DEBUG: Insert into users: [[1 Alice] [2 Bob]]

2026-02-28T14:53:51.009+0300	DEBUG	logger/zap_logger.go:71	DEBUG: Table metadata:	{"meta": {"Name":"users","Columns":{"id":{"Type":1,"IsNullable":false,"DefaultValue":null,"IsSerial":false,"IsUnique":false,"Idx":1},"name":{"Type":0,"IsNullable":true,"DefaultValue":null,"IsSerial":false,"IsUnique":false,"Idx":2}},"PrimaryKeys":[1]}}
2026-02-28T14:53:51.009+0300	DEBUG	logger/zap_logger.go:71	DEBUG: Saved row: 	{"rowKey": "testdb:public:users:row:1:", "rowData": "[1,\"Alice\"]"}
2026-02-28T14:53:51.009+0300	DEBUG	logger/zap_logger.go:71	DEBUG: Saved row: 	{"rowKey": "testdb:public:users:row:2:", "rowData": "[2,\"Bob\"]"}
2026-02-28T14:53:51.009+0300	INFO	logger/zap_logger.go:76	[SynchronizerVClock] Loaded key	{"key": "testdb:public:users:row:1:", "value": "[1,\"Alice\"]", "vclock": {"node1":126}}
2026-02-28T14:53:51.009+0300	INFO	logger/zap_logger.go:76	[SynchronizerVClock] Loaded key	{"key": "testdb:public:users:row:2:", "value": "[2,\"Bob\"]", "vclock": {"node1":127}}
2026-02-28T14:53:51.009+0300	DEBUG	logger/zap_logger.go:96	Query: INSERT INTO orders (id, user_id) VALUES (1, 1), (2, 2), (3, 1);
2026-02-28T14:53:51.009+0300	DEBUG	logger/zap_logger.go:96	DEBUG: Parsed statement type: INSERT

2026-02-28T14:53:51.009+0300	DEBUG	logger/zap_logger.go:96	Parsed statement: %!(EXTRA zapcore.Field={stmt 23 0  0x140006493c0})
2026-02-28T14:53:51.009+0300	DEBUG	logger/zap_logger.go:96	DEBUG: Insert into orders: [[1 1] [2 2] [3 1]]

2026-02-28T14:53:54.384+0300	DEBUG	logger/zap_logger.go:96	Query: CREATE TABLE orders (
    id INT PRIMARY KEY,
    user_id INT
);
2026-02-28T14:53:54.384+0300	DEBUG	logger/zap_logger.go:96	DEBUG: Parsed statement type: CREATE_TABLE

2026-02-28T14:53:54.384+0300	DEBUG	logger/zap_logger.go:96	Parsed statement: %!(EXTRA zapcore.Field={stmt 23 0  0x14000252410})
2026-02-28T14:53:54.385+0300	INFO	logger/zap_logger.go:76	[SynchronizerVClock] Loaded key	{"key": "schema:testdb:public:orders:", "value": "{\"Name\":\"orders\",\"Columns\":{\"id\":{\"Type\":1,\"IsNullable\":false,\"DefaultValue\":null,\"IsSerial\":false,\"IsUnique\":false,\"Idx\":1},\"user_id\":{\"Type\":1,\"IsNullable\":true,\"DefaultValue\":null,\"IsSerial\":false,\"IsUnique\":false,\"Idx\":2}},\"PrimaryKeys\":[1]}", "vclock": {"node1":128}}
2026-02-28T14:53:54.385+0300	DEBUG	logger/zap_logger.go:96	Query: CREATE TABLE users (
    id INT PRIMARY KEY,
    name TEXT
);
2026-02-28T14:53:54.385+0300	DEBUG	logger/zap_logger.go:96	DEBUG: Parsed statement type: CREATE_TABLE

2026-02-28T14:53:54.385+0300	DEBUG	logger/zap_logger.go:96	Parsed statement: %!(EXTRA zapcore.Field={stmt 23 0  0x1400037e230})
2026-02-28T14:53:54.386+0300	DEBUG	logger/zap_logger.go:96	Query: INSERT INTO users (id, name) VALUES (1, 'Alice'), (2, 'Bob');
2026-02-28T14:53:54.386+0300	DEBUG	logger/zap_logger.go:96	DEBUG: Parsed statement type: INSERT

2026-02-28T14:53:54.386+0300	DEBUG	logger/zap_logger.go:96	Parsed statement: %!(EXTRA zapcore.Field={stmt 23 0  0x140004ea400})
2026-02-28T14:53:54.386+0300	DEBUG	logger/zap_logger.go:96	DEBUG: Insert into users: [[1 Alice] [2 Bob]]

2026-02-28T14:53:54.386+0300	DEBUG	logger/zap_logger.go:71	DEBUG: Table metadata:	{"meta": {"Name":"users","Columns":{"id":{"Type":1,"IsNullable":false,"DefaultValue":null,"IsSerial":false,"IsUnique":false,"Idx":1},"name":{"Type":0,"IsNullable":true,"DefaultValue":null,"IsSerial":false,"IsUnique":false,"Idx":2}},"PrimaryKeys":[1]}}
2026-02-28T14:53:54.386+0300	DEBUG	logger/zap_logger.go:96	Query: INSERT INTO orders (id, user_id) VALUES (1, 1), (2, 2), (3, 1);
2026-02-28T14:53:54.387+0300	DEBUG	logger/zap_logger.go:96	DEBUG: Parsed statement type: INSERT

2026-02-28T14:53:54.387+0300	DEBUG	logger/zap_logger.go:96	Parsed statement: %!(EXTRA zapcore.Field={stmt 23 0  0x140004eaec0})
2026-02-28T14:53:54.387+0300	DEBUG	logger/zap_logger.go:96	DEBUG: Insert into orders: [[1 1] [2 2] [3 1]]

2026-02-28T14:53:54.387+0300	DEBUG	logger/zap_logger.go:71	DEBUG: Table metadata:	{"meta": {"Name":"orders","Columns":{"id":{"Type":1,"IsNullable":false,"DefaultValue":null,"IsSerial":false,"IsUnique":false,"Idx":1},"user_id":{"Type":1,"IsNullable":true,"DefaultValue":null,"IsSerial":false,"IsUnique":false,"Idx":2}},"PrimaryKeys":[1]}}
2026-02-28T14:53:54.387+0300	DEBUG	logger/zap_logger.go:71	DEBUG: Saved row: 	{"rowKey": "testdb:public:orders:row:1:", "rowData": "[1,1]"}
2026-02-28T14:53:54.387+0300	DEBUG	logger/zap_logger.go:71	DEBUG: Saved row: 	{"rowKey": "testdb:public:orders:row:2:", "rowData": "[2,2]"}
2026-02-28T14:53:54.387+0300	DEBUG	logger/zap_logger.go:71	DEBUG: Saved row: 	{"rowKey": "testdb:public:orders:row:3:", "rowData": "[3,1]"}
2026-02-28T14:53:54.387+0300	INFO	logger/zap_logger.go:76	[SynchronizerVClock] Loaded key	{"key": "testdb:public:orders:row:1:", "value": "[1,1]", "vclock": {"node1":129}}
2026-02-28T14:53:54.387+0300	INFO	logger/zap_logger.go:76	[SynchronizerVClock] Loaded key	{"key": "testdb:public:orders:row:2:", "value": "[2,2]", "vclock": {"node1":130}}
2026-02-28T14:53:54.387+0300	INFO	logger/zap_logger.go:76	[SynchronizerVClock] Loaded key	{"key": "testdb:public:orders:row:3:", "value": "[3,1]", "vclock": {"node1":131}}
2026-02-28T14:53:57.016+0300	DEBUG	logger/zap_logger.go:96	Query: SELECT u.id, o.user_id, * FROM orders o
JOIN users u ON o.user_id = u.id;
2026-02-28T14:53:57.018+0300	DEBUG	logger/zap_logger.go:96	Parsing select item: u.id
2026-02-28T14:53:57.018+0300	DEBUG	logger/zap_logger.go:96	Parsing select item: o.user_id
2026-02-28T14:53:57.018+0300	DEBUG	logger/zap_logger.go:96	Parsing select item: *
2026-02-28T14:53:57.018+0300	DEBUG	logger/zap_logger.go:96	DEBUG: Parsed statement type: SELECT

2026-02-28T14:53:57.018+0300	DEBUG	logger/zap_logger.go:96	Parsed statement: %!(EXTRA zapcore.Field={stmt 23 0  0x140006203a0})
2026-02-28T14:53:57.018+0300	DEBUG	logger/zap_logger.go:96	Executing query plan: %!(EXTRA zapcore.Field={queryPlan 25 0  Project
  Join
    Scan (orders AS o)
    Scan (users AS u)
})
2026-02-28T14:53:57.018+0300	DEBUG	logger/zap_logger.go:71	executing plan node	{"type": "Project"}
2026-02-28T14:53:57.018+0300	DEBUG	logger/zap_logger.go:71	executing plan node	{"type": "Join"}
2026-02-28T14:53:57.018+0300	DEBUG	logger/zap_logger.go:71	executing plan node	{"type": "Scan"}
2026-02-28T14:53:57.018+0300	DEBUG	logger/zap_logger.go:71	Table metadata: 	{"meta": {"Name":"orders","Columns":{"id":{"Type":1,"IsNullable":false,"DefaultValue":null,"IsSerial":false,"IsUnique":false,"Idx":1},"user_id":{"Type":1,"IsNullable":true,"DefaultValue":null,"IsSerial":false,"IsUnique":false,"Idx":2}},"PrimaryKeys":[1]}}
2026-02-28T14:53:57.018+0300	DEBUG	logger/zap_logger.go:71	Table columns	{"columns": [{"Idx":1,"Name":"id","Type":1,"TableIdentifier":"","OriginalTableName":""},{"Idx":2,"Name":"user_id","Type":1,"TableIdentifier":"","OriginalTableName":""}]}
2026-02-28T14:53:57.018+0300	DEBUG	logger/zap_logger.go:71	Select columns	{"columns": [{"Name":"","IsAll":true}]}
2026-02-28T14:53:57.018+0300	DEBUG	logger/zap_logger.go:71	NewIterator called with seekKey:	{"seekKey": "testdb:public:orders:row:", "typ": "ALL"}
2026-02-28T14:53:57.018+0300	DEBUG	logger/zap_logger.go:71	Select result: 	{"result": {"Rows":[[1,1],[2,2],[3,1]],"Columns":[{"Idx":1,"Name":"id","Type":1,"TableIdentifier":"","OriginalTableName":""},{"Idx":2,"Name":"user_id","Type":1,"TableIdentifier":"","OriginalTableName":""}]}}
2026-02-28T14:53:57.019+0300	DEBUG	logger/zap_logger.go:71	scan result	{"rows": 3, "cols": 2}
2026-02-28T14:53:57.019+0300	DEBUG	logger/zap_logger.go:71	executing plan node	{"type": "Scan"}
2026-02-28T14:53:57.019+0300	DEBUG	logger/zap_logger.go:71	Table metadata: 	{"meta": {"Name":"users","Columns":{"id":{"Type":1,"IsNullable":false,"DefaultValue":null,"IsSerial":false,"IsUnique":false,"Idx":1},"name":{"Type":0,"IsNullable":true,"DefaultValue":null,"IsSerial":false,"IsUnique":false,"Idx":2}},"PrimaryKeys":[1]}}
2026-02-28T14:53:57.019+0300	DEBUG	logger/zap_logger.go:71	Table columns	{"columns": [{"Idx":1,"Name":"id","Type":1,"TableIdentifier":"","OriginalTableName":""},{"Idx":2,"Name":"name","Type":0,"TableIdentifier":"","OriginalTableName":""}]}
2026-02-28T14:53:57.019+0300	DEBUG	logger/zap_logger.go:71	Select columns	{"columns": [{"Name":"","IsAll":true}]}
2026-02-28T14:53:57.019+0300	DEBUG	logger/zap_logger.go:71	NewIterator called with seekKey:	{"seekKey": "testdb:public:users:row:", "typ": "ALL"}
2026-02-28T14:53:57.019+0300	DEBUG	logger/zap_logger.go:71	Select result: 	{"result": {"Rows":[[1,"Alice"],[2,"Bob"]],"Columns":[{"Idx":1,"Name":"id","Type":1,"TableIdentifier":"","OriginalTableName":""},{"Idx":2,"Name":"name","Type":0,"TableIdentifier":"","OriginalTableName":""}]}}
2026-02-28T14:53:57.019+0300	DEBUG	logger/zap_logger.go:71	scan result	{"rows": 2, "cols": 2}
2026-02-28T14:53:57.020+0300	DEBUG	logger/zap_logger.go:71	performNestedLoopJoin	{"leftRows": 3, "rightRows": 2, "leftCols": 2, "rightCols": 2}
2026-02-28T14:53:57.020+0300	DEBUG	logger/zap_logger.go:71	Evaluating JOIN condition	{"leftRowIdx": 0, "rightRowIdx": 0, "leftRow": [1,1], "rightRow": [1,"Alice"], "combinedRow": [1,1,1,"Alice"]}
2026-02-28T14:53:57.020+0300	DEBUG	logger/zap_logger.go:96	Column user_id (qualified: o.user_id) not found in row context
2026-02-28T14:53:57.020+0300	DEBUG	logger/zap_logger.go:96	Column id (qualified: u.id) not found in row context
2026-02-28T14:53:57.020+0300	DEBUG	logger/zap_logger.go:71	JOIN condition result	{"matches": true, "exprType": "*rmodels.BoolExpression"}
2026-02-28T14:53:57.020+0300	DEBUG	logger/zap_logger.go:71	Evaluating JOIN condition	{"leftRowIdx": 0, "rightRowIdx": 1, "leftRow": [1,1], "rightRow": [2,"Bob"], "combinedRow": [1,1,2,"Bob"]}
2026-02-28T14:53:57.020+0300	DEBUG	logger/zap_logger.go:96	Column user_id (qualified: o.user_id) not found in row context
2026-02-28T14:53:57.020+0300	DEBUG	logger/zap_logger.go:96	Column id (qualified: u.id) not found in row context
2026-02-28T14:53:57.020+0300	DEBUG	logger/zap_logger.go:71	JOIN condition result	{"matches": true, "exprType": "*rmodels.BoolExpression"}
2026-02-28T14:53:57.020+0300	DEBUG	logger/zap_logger.go:71	Evaluating JOIN condition	{"leftRowIdx": 1, "rightRowIdx": 0, "leftRow": [2,2], "rightRow": [1,"Alice"], "combinedRow": [2,2,1,"Alice"]}
2026-02-28T14:53:57.020+0300	DEBUG	logger/zap_logger.go:96	Column user_id (qualified: o.user_id) not found in row context
2026-02-28T14:53:57.020+0300	DEBUG	logger/zap_logger.go:96	Column id (qualified: u.id) not found in row context
2026-02-28T14:53:57.020+0300	DEBUG	logger/zap_logger.go:71	JOIN condition result	{"matches": true, "exprType": "*rmodels.BoolExpression"}
2026-02-28T14:53:57.020+0300	DEBUG	logger/zap_logger.go:71	Evaluating JOIN condition	{"leftRowIdx": 1, "rightRowIdx": 1, "leftRow": [2,2], "rightRow": [2,"Bob"], "combinedRow": [2,2,2,"Bob"]}
2026-02-28T14:53:57.020+0300	DEBUG	logger/zap_logger.go:96	Column user_id (qualified: o.user_id) not found in row context
2026-02-28T14:53:57.020+0300	DEBUG	logger/zap_logger.go:96	Column id (qualified: u.id) not found in row context
2026-02-28T14:53:57.020+0300	DEBUG	logger/zap_logger.go:71	JOIN condition result	{"matches": true, "exprType": "*rmodels.BoolExpression"}
2026-02-28T14:53:57.020+0300	DEBUG	logger/zap_logger.go:71	Evaluating JOIN condition	{"leftRowIdx": 2, "rightRowIdx": 0, "leftRow": [3,1], "rightRow": [1,"Alice"], "combinedRow": [3,1,1,"Alice"]}
2026-02-28T14:53:57.020+0300	DEBUG	logger/zap_logger.go:96	Column user_id (qualified: o.user_id) not found in row context
2026-02-28T14:53:57.020+0300	DEBUG	logger/zap_logger.go:96	Column id (qualified: u.id) not found in row context
2026-02-28T14:53:57.020+0300	DEBUG	logger/zap_logger.go:71	JOIN condition result	{"matches": true, "exprType": "*rmodels.BoolExpression"}
2026-02-28T14:53:57.020+0300	DEBUG	logger/zap_logger.go:71	Evaluating JOIN condition	{"leftRowIdx": 2, "rightRowIdx": 1, "leftRow": [3,1], "rightRow": [2,"Bob"], "combinedRow": [3,1,2,"Bob"]}
2026-02-28T14:53:57.020+0300	DEBUG	logger/zap_logger.go:96	Column user_id (qualified: o.user_id) not found in row context
2026-02-28T14:53:57.020+0300	DEBUG	logger/zap_logger.go:96	Column id (qualified: u.id) not found in row context
2026-02-28T14:53:57.020+0300	DEBUG	logger/zap_logger.go:71	JOIN condition result	{"matches": true, "exprType": "*rmodels.BoolExpression"}
2026-02-28T14:53:57.020+0300	DEBUG	logger/zap_logger.go:71	performNestedLoopJoin result	{"resultRows": 6}
2026-02-28T14:53:57.020+0300	DEBUG	logger/zap_logger.go:71	DEBUG: Sending row:	{"row": [1,1,1,1,1,"Alice"]}
2026-02-28T14:53:57.020+0300	DEBUG	logger/zap_logger.go:71	DEBUG: Sending row:	{"row": [2,1,1,1,2,"Bob"]}
2026-02-28T14:53:57.021+0300	DEBUG	logger/zap_logger.go:71	DEBUG: Sending row:	{"row": [1,2,2,2,1,"Alice"]}
2026-02-28T14:53:57.023+0300	DEBUG	logger/zap_logger.go:71	DEBUG: Sending row:	{"row": [2,2,2,2,2,"Bob"]}
2026-02-28T14:53:57.023+0300	DEBUG	logger/zap_logger.go:71	DEBUG: Sending row:	{"row": [1,1,3,1,1,"Alice"]}
2026-02-28T14:53:57.023+0300	DEBUG	logger/zap_logger.go:71	DEBUG: Sending row:	{"row": [2,1,3,1,2,"Bob"]}
2026-02-28T14:55:36.781+0300	INFO	logger/zap_logger.go:76	Using in-memory store
2026-02-28T14:55:36.781+0300	DEBUG	logger/zap_logger.go:96	Registering functions for plugin base: [0x1400011c768 0x1400011c770 0x1400011c778 0x1400011c780 0x1400011c788 0x1400011c790 0x1400011c798 0x1400011c7a0 0x1400011c7a8 0x1400011c7b0 0x1400011c7b8 0x1400011c7c0 0x1400011c7c8 0x1400011c7d0]

2026-02-28T14:55:36.781+0300	INFO	logger/zap_logger.go:76	Plugins registered
2026-02-28T14:55:36.782+0300	INFO	logger/zap_logger.go:76	[SynchronizerVClock] Sync complete	{"nodeID": "node1"}
2026-02-28T14:55:36.782+0300	INFO	logger/zap_logger.go:76	Initializing system tables...
2026-02-28T14:55:36.782+0300	INFO	logger/zap_logger.go:101	Executing system initialization file: 0001_information_schema.sql
2026-02-28T14:55:36.782+0300	DEBUG	logger/zap_logger.go:96	Executing: -- information_schema global system schema

CREATE TABLE IF NOT EXISTS information_schema.tables (
    table_schema TEXT,
    table_name TEXT,
    table_type TEXT,
    PRIMARY KEY (table_schema, table_name)
)
2026-02-28T14:55:36.785+0300	DEBUG	logger/zap_logger.go:96	DEBUG: Parsed statement type: CREATE_TABLE

2026-02-28T14:55:36.785+0300	DEBUG	logger/zap_logger.go:96	Executing: 

INSERT INTO information_schema.tables (table_schema, table_name, table_type) VALUES
    ('information_schema', 'tables', 'BASE TABLE'),
    ('information_schema', 'columns', 'BASE TABLE'),
    ('information_schema', 'schemata', 'BASE TABLE')
2026-02-28T14:55:36.785+0300	INFO	logger/zap_logger.go:76	[SynchronizerVClock] Loaded key	{"key": "schema:testdb:information_schema:tables:", "value": "{\"Name\":\"information_schema.tables\",\"Columns\":{\"table_name\":{\"Type\":0,\"IsNullable\":false,\"DefaultValue\":null,\"IsSerial\":false,\"IsUnique\":false,\"Idx\":2},\"table_schema\":{\"Type\":0,\"IsNullable\":false,\"DefaultValue\":null,\"IsSerial\":false,\"IsUnique\":false,\"Idx\":1},\"table_type\":{\"Type\":0,\"IsNullable\":true,\"DefaultValue\":null,\"IsSerial\":false,\"IsUnique\":false,\"Idx\":3}},\"PrimaryKeys\":[1,2]}", "vclock": {"node1":1}}
2026-02-28T14:55:36.786+0300	DEBUG	logger/zap_logger.go:96	DEBUG: Parsed statement type: INSERT

2026-02-28T14:55:36.786+0300	DEBUG	logger/zap_logger.go:96	DEBUG: Insert into information_schema.tables: [[information_schema tables BASE TABLE] [information_schema columns BASE TABLE] [information_schema schemata BASE TABLE]]

2026-02-28T14:55:36.786+0300	DEBUG	logger/zap_logger.go:71	DEBUG: Table metadata:	{"meta": {"Name":"information_schema.tables","Columns":{"table_name":{"Type":0,"IsNullable":false,"DefaultValue":null,"IsSerial":false,"IsUnique":false,"Idx":2},"table_schema":{"Type":0,"IsNullable":false,"DefaultValue":null,"IsSerial":false,"IsUnique":false,"Idx":1},"table_type":{"Type":0,"IsNullable":true,"DefaultValue":null,"IsSerial":false,"IsUnique":false,"Idx":3}},"PrimaryKeys":[1,2]}}
2026-02-28T14:55:36.786+0300	DEBUG	logger/zap_logger.go:71	DEBUG: Saved row: 	{"rowKey": "testdb:information_schema:tables:row:information_schematables:", "rowData": "[\"information_schema\",\"tables\",\"BASE TABLE\"]"}
2026-02-28T14:55:36.786+0300	DEBUG	logger/zap_logger.go:71	DEBUG: Saved row: 	{"rowKey": "testdb:information_schema:tables:row:information_schemacolumns:", "rowData": "[\"information_schema\",\"columns\",\"BASE TABLE\"]"}
2026-02-28T14:55:36.786+0300	DEBUG	logger/zap_logger.go:71	DEBUG: Saved row: 	{"rowKey": "testdb:information_schema:tables:row:information_schemaschemata:", "rowData": "[\"information_schema\",\"schemata\",\"BASE TABLE\"]"}
2026-02-28T14:55:36.786+0300	INFO	logger/zap_logger.go:76	[SynchronizerVClock] Loaded key	{"key": "testdb:information_schema:tables:row:information_schematables:", "value": "[\"information_schema\",\"tables\",\"BASE TABLE\"]", "vclock": {"node1":2}}
2026-02-28T14:55:36.786+0300	DEBUG	logger/zap_logger.go:96	Executing: 

CREATE TABLE IF NOT EXISTS information_schema.columns (
    table_schema TEXT,
    table_name TEXT,
    column_name TEXT,
    original_position INT,
    column_default TEXT,
    is_nullable BOOLEAN,
    data_type TEXT,
    PRIMARY KEY (table_schema, table_name, column_name)
)
2026-02-28T14:55:36.786+0300	INFO	logger/zap_logger.go:76	[SynchronizerVClock] Loaded key	{"key": "testdb:information_schema:tables:row:information_schemacolumns:", "value": "[\"information_schema\",\"columns\",\"BASE TABLE\"]", "vclock": {"node1":3}}
2026-02-28T14:55:36.786+0300	INFO	logger/zap_logger.go:76	[SynchronizerVClock] Loaded key	{"key": "testdb:information_schema:tables:row:information_schemaschemata:", "value": "[\"information_schema\",\"schemata\",\"BASE TABLE\"]", "vclock": {"node1":4}}
2026-02-28T14:55:36.786+0300	DEBUG	logger/zap_logger.go:96	DEBUG: Parsed statement type: CREATE_TABLE

2026-02-28T14:55:36.786+0300	DEBUG	logger/zap_logger.go:96	Executing: 

INSERT INTO information_schema.columns (table_schema, table_name, column_name, original_position, is_nullable, data_type) VALUES
    ('information_schema', 'tables', 'table_schema', 1, FALSE, 'TEXT'),
    ('information_schema', 'tables', 'table_name', 2, FALSE, 'TEXT'),
    ('information_schema', 'tables', 'table_type', 3, FALSE, 'TEXT'),
    ('information_schema', 'columns', 'table_schema', 1, FALSE, 'TEXT'),
    ('information_schema', 'columns', 'table_name', 2, FALSE, 'TEXT'),
    ('information_schema', 'columns', 'column_name', 3, FALSE, 'TEXT'),
    ('information_schema', 'columns', 'original_position', 4, FALSE, 'INT'),
    ('information_schema', 'columns', 'column_default', 5, TRUE, 'TEXT'),
    ('information_schema', 'columns', 'is_nullable', 6, FALSE, 'BOOLEAN'),
    ('information_schema', 'columns', 'data_type', 7, FALSE, 'TEXT'),
    ('information_schema', 'schemata', 'catalog_name', 1, FALSE, 'TEXT'),
    ('information_schema', 'schemata', 'schema_name', 2, FALSE, 'TEXT'),
    ('information_schema', 'schemata', 'schema_owner', 3, FALSE, 'TEXT'),
    ('information_schema', 'schemata', 'default_character_set_catalog', 4, TRUE, 'TEXT'),
    ('information_schema', 'schemata', 'default_character_set_schema', 5, TRUE, 'TEXT'),
    ('information_schema', 'schemata', 'default_character_set_name', 6, TRUE, 'TEXT'),
    ('information_schema', 'schemata', 'sql_path', 7, TRUE, 'TEXT')
2026-02-28T14:55:36.786+0300	INFO	logger/zap_logger.go:76	[SynchronizerVClock] Loaded key	{"key": "schema:testdb:information_schema:columns:", "value": "{\"Name\":\"information_schema.columns\",\"Columns\":{\"column_default\":{\"Type\":0,\"IsNullable\":true,\"DefaultValue\":null,\"IsSerial\":false,\"IsUnique\":false,\"Idx\":5},\"column_name\":{\"Type\":0,\"IsNullable\":false,\"DefaultValue\":null,\"IsSerial\":false,\"IsUnique\":false,\"Idx\":3},\"data_type\":{\"Type\":0,\"IsNullable\":true,\"DefaultValue\":null,\"IsSerial\":false,\"IsUnique\":false,\"Idx\":7},\"is_nullable\":{\"Type\":0,\"IsNullable\":true,\"DefaultValue\":null,\"IsSerial\":false,\"IsUnique\":false,\"Idx\":6},\"original_position\":{\"Type\":1,\"IsNullable\":true,\"DefaultValue\":null,\"IsSerial\":false,\"IsUnique\":false,\"Idx\":4},\"table_name\":{\"Type\":0,\"IsNullable\":false,\"DefaultValue\":null,\"IsSerial\":false,\"IsUnique\":false,\"Idx\":2},\"table_schema\":{\"Type\":0,\"IsNullable\":false,\"DefaultValue\":null,\"IsSerial\":false,\"IsUnique\":false,\"Idx\":1}},\"PrimaryKeys\":[1,2,3]}", "vclock": {"node1":5}}
2026-02-28T14:55:36.787+0300	DEBUG	logger/zap_logger.go:96	DEBUG: Parsed statement type: INSERT

2026-02-28T14:55:36.787+0300	DEBUG	logger/zap_logger.go:96	DEBUG: Insert into information_schema.columns: [[information_schema tables table_schema 1 false TEXT] [information_schema tables table_name 2 false TEXT] [information_schema tables table_type 3 false TEXT] [information_schema columns table_schema 1 false TEXT] [information_schema columns table_name 2 false TEXT] [information_schema columns column_name 3 false TEXT] [information_schema columns original_position 4 false INT] [information_schema columns column_default 5 true TEXT] [information_schema columns is_nullable 6 false BOOLEAN] [information_schema columns data_type 7 false TEXT] [information_schema schemata catalog_name 1 false TEXT] [information_schema schemata schema_name 2 false TEXT] [information_schema schemata schema_owner 3 false TEXT] [information_schema schemata default_character_set_catalog 4 true TEXT] [information_schema schemata default_character_set_schema 5 true TEXT] [information_schema schemata default_character_set_name 6 true TEXT] [information_schema schemata sql_path 7 true TEXT]]

2026-02-28T14:55:36.787+0300	DEBUG	logger/zap_logger.go:71	DEBUG: Table metadata:	{"meta": {"Name":"information_schema.columns","Columns":{"column_default":{"Type":0,"IsNullable":true,"DefaultValue":null,"IsSerial":false,"IsUnique":false,"Idx":5},"column_name":{"Type":0,"IsNullable":false,"DefaultValue":null,"IsSerial":false,"IsUnique":false,"Idx":3},"data_type":{"Type":0,"IsNullable":true,"DefaultValue":null,"IsSerial":false,"IsUnique":false,"Idx":7},"is_nullable":{"Type":0,"IsNullable":true,"DefaultValue":null,"IsSerial":false,"IsUnique":false,"Idx":6},"original_position":{"Type":1,"IsNullable":true,"DefaultValue":null,"IsSerial":false,"IsUnique":false,"Idx":4},"table_name":{"Type":0,"IsNullable":false,"DefaultValue":null,"IsSerial":false,"IsUnique":false,"Idx":2},"table_schema":{"Type":0,"IsNullable":false,"DefaultValue":null,"IsSerial":false,"IsUnique":false,"Idx":1}},"PrimaryKeys":[1,2,3]}}
2026-02-28T14:55:36.787+0300	DEBUG	logger/zap_logger.go:71	DEBUG: Saved row: 	{"rowKey": "testdb:information_schema:columns:row:information_schematablestable_schema:", "rowData": "[\"information_schema\",\"tables\",\"table_schema\",1,null,false,\"TEXT\"]"}
2026-02-28T14:55:36.787+0300	DEBUG	logger/zap_logger.go:71	DEBUG: Saved row: 	{"rowKey": "testdb:information_schema:columns:row:information_schematablestable_name:", "rowData": "[\"information_schema\",\"tables\",\"table_name\",2,null,false,\"TEXT\"]"}
2026-02-28T14:55:36.787+0300	DEBUG	logger/zap_logger.go:71	DEBUG: Saved row: 	{"rowKey": "testdb:information_schema:columns:row:information_schematablestable_type:", "rowData": "[\"information_schema\",\"tables\",\"table_type\",3,null,false,\"TEXT\"]"}
2026-02-28T14:55:36.787+0300	DEBUG	logger/zap_logger.go:71	DEBUG: Saved row: 	{"rowKey": "testdb:information_schema:columns:row:information_schemacolumnstable_schema:", "rowData": "[\"information_schema\",\"columns\",\"table_schema\",1,null,false,\"TEXT\"]"}
2026-02-28T14:55:36.788+0300	DEBUG	logger/zap_logger.go:71	DEBUG: Saved row: 	{"rowKey": "testdb:information_schema:columns:row:information_schemacolumnstable_name:", "rowData": "[\"information_schema\",\"columns\",\"table_name\",2,null,false,\"TEXT\"]"}
2026-02-28T14:55:36.788+0300	DEBUG	logger/zap_logger.go:71	DEBUG: Saved row: 	{"rowKey": "testdb:information_schema:columns:row:information_schemacolumnscolumn_name:", "rowData": "[\"information_schema\",\"columns\",\"column_name\",3,null,false,\"TEXT\"]"}
2026-02-28T14:55:36.788+0300	DEBUG	logger/zap_logger.go:71	DEBUG: Saved row: 	{"rowKey": "testdb:information_schema:columns:row:information_schemacolumnsoriginal_position:", "rowData": "[\"information_schema\",\"columns\",\"original_position\",4,null,false,\"INT\"]"}
2026-02-28T14:55:36.788+0300	DEBUG	logger/zap_logger.go:71	DEBUG: Saved row: 	{"rowKey": "testdb:information_schema:columns:row:information_schemacolumnscolumn_default:", "rowData": "[\"information_schema\",\"columns\",\"column_default\",5,null,true,\"TEXT\"]"}
2026-02-28T14:55:36.788+0300	DEBUG	logger/zap_logger.go:71	DEBUG: Saved row: 	{"rowKey": "testdb:information_schema:columns:row:information_schemacolumnsis_nullable:", "rowData": "[\"information_schema\",\"columns\",\"is_nullable\",6,null,false,\"BOOLEAN\"]"}
2026-02-28T14:55:36.788+0300	DEBUG	logger/zap_logger.go:71	DEBUG: Saved row: 	{"rowKey": "testdb:information_schema:columns:row:information_schemacolumnsdata_type:", "rowData": "[\"information_schema\",\"columns\",\"data_type\",7,null,false,\"TEXT\"]"}
2026-02-28T14:55:36.788+0300	DEBUG	logger/zap_logger.go:71	DEBUG: Saved row: 	{"rowKey": "testdb:information_schema:columns:row:information_schemaschematacatalog_name:", "rowData": "[\"information_schema\",\"schemata\",\"catalog_name\",1,null,false,\"TEXT\"]"}
2026-02-28T14:55:36.788+0300	DEBUG	logger/zap_logger.go:71	DEBUG: Saved row: 	{"rowKey": "testdb:information_schema:columns:row:information_schemaschemataschema_name:", "rowData": "[\"information_schema\",\"schemata\",\"schema_name\",2,null,false,\"TEXT\"]"}
2026-02-28T14:55:36.788+0300	DEBUG	logger/zap_logger.go:71	DEBUG: Saved row: 	{"rowKey": "testdb:information_schema:columns:row:information_schemaschemataschema_owner:", "rowData": "[\"information_schema\",\"schemata\",\"schema_owner\",3,null,false,\"TEXT\"]"}
2026-02-28T14:55:36.788+0300	DEBUG	logger/zap_logger.go:71	DEBUG: Saved row: 	{"rowKey": "testdb:information_schema:columns:row:information_schemaschematadefault_character_set_catalog:", "rowData": "[\"information_schema\",\"schemata\",\"default_character_set_catalog\",4,null,true,\"TEXT\"]"}
2026-02-28T14:55:36.788+0300	DEBUG	logger/zap_logger.go:71	DEBUG: Saved row: 	{"rowKey": "testdb:information_schema:columns:row:information_schemaschematadefault_character_set_schema:", "rowData": "[\"information_schema\",\"schemata\",\"default_character_set_schema\",5,null,true,\"TEXT\"]"}
2026-02-28T14:55:36.788+0300	DEBUG	logger/zap_logger.go:71	DEBUG: Saved row: 	{"rowKey": "testdb:information_schema:columns:row:information_schemaschematadefault_character_set_name:", "rowData": "[\"information_schema\",\"schemata\",\"default_character_set_name\",6,null,true,\"TEXT\"]"}
2026-02-28T14:55:36.788+0300	DEBUG	logger/zap_logger.go:71	DEBUG: Saved row: 	{"rowKey": "testdb:information_schema:columns:row:information_schemaschematasql_path:", "rowData": "[\"information_schema\",\"schemata\",\"sql_path\",7,null,true,\"TEXT\"]"}
2026-02-28T14:55:36.788+0300	INFO	logger/zap_logger.go:76	[SynchronizerVClock] Loaded key	{"key": "testdb:information_schema:columns:row:information_schemacolumnsis_nullable:", "value": "[\"information_schema\",\"columns\",\"is_nullable\",6,null,false,\"BOOLEAN\"]", "vclock": {"node1":6}}
2026-02-28T14:55:36.788+0300	DEBUG	logger/zap_logger.go:96	Executing: 

CREATE TABLE IF NOT EXISTS information_schema.schemata (
    catalog_name TEXT,
    schema_name TEXT,
    schema_owner TEXT,
    default_character_set_catalog TEXT,
    default_character_set_schema TEXT,
    default_character_set_name TEXT,
    sql_path TEXT,
    PRIMARY KEY (catalog_name, schema_name)
)
2026-02-28T14:55:36.788+0300	INFO	logger/zap_logger.go:76	[SynchronizerVClock] Loaded key	{"key": "testdb:information_schema:columns:row:information_schemaschematadefault_character_set_schema:", "value": "[\"information_schema\",\"schemata\",\"default_character_set_schema\",5,null,true,\"TEXT\"]", "vclock": {"node1":7}}
2026-02-28T14:55:36.788+0300	INFO	logger/zap_logger.go:76	[SynchronizerVClock] Loaded key	{"key": "testdb:information_schema:columns:row:information_schemaschematadefault_character_set_name:", "value": "[\"information_schema\",\"schemata\",\"default_character_set_name\",6,null,true,\"TEXT\"]", "vclock": {"node1":8}}
2026-02-28T14:55:36.788+0300	INFO	logger/zap_logger.go:76	[SynchronizerVClock] Loaded key	{"key": "testdb:information_schema:columns:row:information_schemaschemataschema_name:", "value": "[\"information_schema\",\"schemata\",\"schema_name\",2,null,false,\"TEXT\"]", "vclock": {"node1":9}}
2026-02-28T14:55:36.788+0300	DEBUG	logger/zap_logger.go:96	DEBUG: Parsed statement type: CREATE_TABLE

2026-02-28T14:55:36.788+0300	INFO	logger/zap_logger.go:76	[SynchronizerVClock] Loaded key	{"key": "testdb:information_schema:columns:row:information_schematablestable_schema:", "value": "[\"information_schema\",\"tables\",\"table_schema\",1,null,false,\"TEXT\"]", "vclock": {"node1":10}}
2026-02-28T14:55:36.788+0300	INFO	logger/zap_logger.go:76	[SynchronizerVClock] Loaded key	{"key": "testdb:information_schema:columns:row:information_schematablestable_name:", "value": "[\"information_schema\",\"tables\",\"table_name\",2,null,false,\"TEXT\"]", "vclock": {"node1":11}}
2026-02-28T14:55:36.788+0300	DEBUG	logger/zap_logger.go:96	Executing: 

INSERT INTO information_schema.schemata (catalog_name, schema_name, schema_owner) VALUES
    ('petacore', 'information_schema', 'system'),
    ('petacore', 'pg_catalog', 'system')
2026-02-28T14:55:36.788+0300	INFO	logger/zap_logger.go:76	[SynchronizerVClock] Loaded key	{"key": "testdb:information_schema:columns:row:information_schemacolumnsoriginal_position:", "value": "[\"information_schema\",\"columns\",\"original_position\",4,null,false,\"INT\"]", "vclock": {"node1":12}}
2026-02-28T14:55:36.788+0300	INFO	logger/zap_logger.go:76	[SynchronizerVClock] Loaded key	{"key": "testdb:information_schema:columns:row:information_schemacolumnscolumn_default:", "value": "[\"information_schema\",\"columns\",\"column_default\",5,null,true,\"TEXT\"]", "vclock": {"node1":13}}
2026-02-28T14:55:36.788+0300	INFO	logger/zap_logger.go:76	[SynchronizerVClock] Loaded key	{"key": "testdb:information_schema:columns:row:information_schemaschematacatalog_name:", "value": "[\"information_schema\",\"schemata\",\"catalog_name\",1,null,false,\"TEXT\"]", "vclock": {"node1":14}}
2026-02-28T14:55:36.789+0300	INFO	logger/zap_logger.go:76	[SynchronizerVClock] Loaded key	{"key": "testdb:information_schema:columns:row:information_schematablestable_type:", "value": "[\"information_schema\",\"tables\",\"table_type\",3,null,false,\"TEXT\"]", "vclock": {"node1":15}}
2026-02-28T14:55:36.789+0300	INFO	logger/zap_logger.go:76	[SynchronizerVClock] Loaded key	{"key": "testdb:information_schema:columns:row:information_schemacolumnstable_name:", "value": "[\"information_schema\",\"columns\",\"table_name\",2,null,false,\"TEXT\"]", "vclock": {"node1":16}}
2026-02-28T14:55:36.789+0300	INFO	logger/zap_logger.go:76	[SynchronizerVClock] Loaded key	{"key": "testdb:information_schema:columns:row:information_schemaschematasql_path:", "value": "[\"information_schema\",\"schemata\",\"sql_path\",7,null,true,\"TEXT\"]", "vclock": {"node1":17}}
2026-02-28T14:55:36.789+0300	INFO	logger/zap_logger.go:76	[SynchronizerVClock] Loaded key	{"key": "testdb:information_schema:columns:row:information_schemaschemataschema_owner:", "value": "[\"information_schema\",\"schemata\",\"schema_owner\",3,null,false,\"TEXT\"]", "vclock": {"node1":18}}
2026-02-28T14:55:36.788+0300	DEBUG	logger/zap_logger.go:96	DEBUG: Parsed statement type: INSERT

2026-02-28T14:55:36.789+0300	DEBUG	logger/zap_logger.go:96	DEBUG: Insert into information_schema.schemata: [[petacore information_schema system] [petacore pg_catalog system]]

2026-02-28T14:55:36.789+0300	INFO	logger/zap_logger.go:76	[SynchronizerVClock] Loaded key	{"key": "testdb:information_schema:columns:row:information_schemaschematadefault_character_set_catalog:", "value": "[\"information_schema\",\"schemata\",\"default_character_set_catalog\",4,null,true,\"TEXT\"]", "vclock": {"node1":19}}
2026-02-28T14:55:36.789+0300	INFO	logger/zap_logger.go:76	[SynchronizerVClock] Loaded key	{"key": "testdb:information_schema:columns:row:information_schemacolumnstable_schema:", "value": "[\"information_schema\",\"columns\",\"table_schema\",1,null,false,\"TEXT\"]", "vclock": {"node1":20}}
2026-02-28T14:55:36.789+0300	INFO	logger/zap_logger.go:76	[SynchronizerVClock] Loaded key	{"key": "testdb:information_schema:columns:row:information_schemacolumnscolumn_name:", "value": "[\"information_schema\",\"columns\",\"column_name\",3,null,false,\"TEXT\"]", "vclock": {"node1":21}}
2026-02-28T14:55:36.789+0300	INFO	logger/zap_logger.go:76	[SynchronizerVClock] Loaded key	{"key": "testdb:information_schema:columns:row:information_schemacolumnsdata_type:", "value": "[\"information_schema\",\"columns\",\"data_type\",7,null,false,\"TEXT\"]", "vclock": {"node1":22}}
2026-02-28T14:55:36.789+0300	DEBUG	logger/zap_logger.go:71	DEBUG: Table metadata:	{"meta": {"Name":"information_schema.schemata","Columns":{"catalog_name":{"Type":0,"IsNullable":false,"DefaultValue":null,"IsSerial":false,"IsUnique":false,"Idx":1},"default_character_set_catalog":{"Type":0,"IsNullable":true,"DefaultValue":null,"IsSerial":false,"IsUnique":false,"Idx":4},"default_character_set_name":{"Type":0,"IsNullable":true,"DefaultValue":null,"IsSerial":false,"IsUnique":false,"Idx":6},"default_character_set_schema":{"Type":0,"IsNullable":true,"DefaultValue":null,"IsSerial":false,"IsUnique":false,"Idx":5},"schema_name":{"Type":0,"IsNullable":false,"DefaultValue":null,"IsSerial":false,"IsUnique":false,"Idx":2},"schema_owner":{"Type":0,"IsNullable":true,"DefaultValue":null,"IsSerial":false,"IsUnique":false,"Idx":3},"sql_path":{"Type":0,"IsNullable":true,"DefaultValue":null,"IsSerial":false,"IsUnique":false,"Idx":7}},"PrimaryKeys":[1,2]}}
2026-02-28T14:55:36.789+0300	INFO	logger/zap_logger.go:76	[SynchronizerVClock] Loaded key	{"key": "schema:testdb:information_schema:schemata:", "value": "{\"Name\":\"information_schema.schemata\",\"Columns\":{\"catalog_name\":{\"Type\":0,\"IsNullable\":false,\"DefaultValue\":null,\"IsSerial\":false,\"IsUnique\":false,\"Idx\":1},\"default_character_set_catalog\":{\"Type\":0,\"IsNullable\":true,\"DefaultValue\":null,\"IsSerial\":false,\"IsUnique\":false,\"Idx\":4},\"default_character_set_name\":{\"Type\":0,\"IsNullable\":true,\"DefaultValue\":null,\"IsSerial\":false,\"IsUnique\":false,\"Idx\":6},\"default_character_set_schema\":{\"Type\":0,\"IsNullable\":true,\"DefaultValue\":null,\"IsSerial\":false,\"IsUnique\":false,\"Idx\":5},\"schema_name\":{\"Type\":0,\"IsNullable\":false,\"DefaultValue\":null,\"IsSerial\":false,\"IsUnique\":false,\"Idx\":2},\"schema_owner\":{\"Type\":0,\"IsNullable\":true,\"DefaultValue\":null,\"IsSerial\":false,\"IsUnique\":false,\"Idx\":3},\"sql_path\":{\"Type\":0,\"IsNullable\":true,\"DefaultValue\":null,\"IsSerial\":false,\"IsUnique\":false,\"Idx\":7}},\"PrimaryKeys\":[1,2]}", "vclock": {"node1":23}}
2026-02-28T14:55:36.789+0300	DEBUG	logger/zap_logger.go:71	DEBUG: Saved row: 	{"rowKey": "testdb:information_schema:schemata:row:petacoreinformation_schema:", "rowData": "[\"petacore\",\"information_schema\",\"system\",null,null,null,null]"}
2026-02-28T14:55:36.789+0300	DEBUG	logger/zap_logger.go:71	DEBUG: Saved row: 	{"rowKey": "testdb:information_schema:schemata:row:petacorepg_catalog:", "rowData": "[\"petacore\",\"pg_catalog\",\"system\",null,null,null,null]"}
2026-02-28T14:55:36.789+0300	INFO	logger/zap_logger.go:76	[SynchronizerVClock] Loaded key	{"key": "testdb:information_schema:schemata:row:petacoreinformation_schema:", "value": "[\"petacore\",\"information_schema\",\"system\",null,null,null,null]", "vclock": {"node1":24}}
2026-02-28T14:55:36.789+0300	DEBUG	logger/zap_logger.go:96	Executing: 

2026-02-28T14:55:36.789+0300	INFO	logger/zap_logger.go:76	[SynchronizerVClock] Loaded key	{"key": "testdb:information_schema:schemata:row:petacorepg_catalog:", "value": "[\"petacore\",\"pg_catalog\",\"system\",null,null,null,null]", "vclock": {"node1":25}}
2026-02-28T14:55:36.789+0300	INFO	logger/zap_logger.go:101	Executing system initialization file: 0002_pg_catalog.sql
2026-02-28T14:55:36.789+0300	DEBUG	logger/zap_logger.go:96	Executing: -- pg_catalog global system schema
-- Инициализация системных таблиц для базы 

CREATE TABLE IF NOT EXISTS pg_catalog.pg_tables (
    schemaname TEXT,
    schematable TEXT,
    tableowner TEXT,
    tablespace TEXT, -- TODO CHECK
    hasindexes BOOLEAN,
    hasrules BOOLEAN,
    hastriggers BOOLEAN,
    rowsecurity BOOLEAN,
    PRIMARY KEY (schemaname, schematable)
)
2026-02-28T14:55:36.790+0300	DEBUG	logger/zap_logger.go:96	DEBUG: Parsed statement type: CREATE_TABLE

2026-02-28T14:55:36.790+0300	DEBUG	logger/zap_logger.go:96	Executing: 

INSERT INTO pg_catalog.pg_tables (schemaname, schematable, tableowner, tablespace, hasindexes, hasrules, hastriggers, rowsecurity) VALUES
('pg_catalog', 'pg_tables', 'system', NULL, FALSE, FALSE, FALSE, FALSE),
('pg_catalog', 'pg_columns', 'system', NULL, FALSE, FALSE, FALSE, FALSE),
('pg_catalog', 'pg_class', 'system', NULL, FALSE, FALSE, FALSE, FALSE),
('pg_catalog', 'pg_attribute', 'system', NULL, FALSE, FALSE, FALSE, FALSE),
('pg_catalog', 'pg_proc', 'system', NULL, FALSE, FALSE, FALSE, FALSE),
('pg_catalog', 'pg_type', 'system', NULL, FALSE, FALSE, FALSE, FALSE),
('pg_catalog', 'pg_namespace', 'system', NULL, FALSE, FALSE, FALSE, FALSE),
('pg_catalog', 'pg_database', 'system', NULL, FALSE, FALSE, FALSE, FALSE),
('pg_catalog', 'pg_tablespace', 'system', NULL, FALSE, FALSE, FALSE, FALSE),
('pg_catalog', 'pg_roles', 'system', NULL, FALSE, FALSE, FALSE, FALSE),
('pg_catalog', 'pg_stat_ssl', 'system', NULL, FALSE, FALSE, FALSE, FALSE),
('pg_catalog', 'pg_shdescription', 'system', NULL, FALSE, FALSE, FALSE, FALSE),
('pg_catalog', 'pg_am', 'system', NULL, FALSE, FALSE, FALSE, FALSE)
2026-02-28T14:55:36.790+0300	INFO	logger/zap_logger.go:76	[SynchronizerVClock] Loaded key	{"key": "schema:testdb:pg_catalog:pg_tables:", "value": "{\"Name\":\"pg_catalog.pg_tables\",\"Columns\":{\"hasindexes\":{\"Type\":0,\"IsNullable\":true,\"DefaultValue\":null,\"IsSerial\":false,\"IsUnique\":false,\"Idx\":5},\"hasrules\":{\"Type\":0,\"IsNullable\":true,\"DefaultValue\":null,\"IsSerial\":false,\"IsUnique\":false,\"Idx\":6},\"hastriggers\":{\"Type\":0,\"IsNullable\":true,\"DefaultValue\":null,\"IsSerial\":false,\"IsUnique\":false,\"Idx\":7},\"rowsecurity\":{\"Type\":0,\"IsNullable\":true,\"DefaultValue\":null,\"IsSerial\":false,\"IsUnique\":false,\"Idx\":8},\"schemaname\":{\"Type\":0,\"IsNullable\":false,\"DefaultValue\":null,\"IsSerial\":false,\"IsUnique\":false,\"Idx\":1},\"schematable\":{\"Type\":0,\"IsNullable\":false,\"DefaultValue\":null,\"IsSerial\":false,\"IsUnique\":false,\"Idx\":2},\"tableowner\":{\"Type\":0,\"IsNullable\":true,\"DefaultValue\":null,\"IsSerial\":false,\"IsUnique\":false,\"Idx\":3},\"tablespace\":{\"Type\":0,\"IsNullable\":true,\"DefaultValue\":null,\"IsSerial\":false,\"IsUnique\":false,\"Idx\":4}},\"PrimaryKeys\":[1,2]}", "vclock": {"node1":26}}
2026-02-28T14:55:36.791+0300	DEBUG	logger/zap_logger.go:96	DEBUG: Parsed statement type: INSERT

2026-02-28T14:55:36.791+0300	DEBUG	logger/zap_logger.go:96	DEBUG: Insert into pg_catalog.pg_tables: [[pg_catalog pg_tables system NULL false false false false] [pg_catalog pg_columns system NULL false false false false] [pg_catalog pg_class system NULL false false false false] [pg_catalog pg_attribute system NULL false false false false] [pg_catalog pg_proc system NULL false false false false] [pg_catalog pg_type system NULL false false false false] [pg_catalog pg_namespace system NULL false false false false] [pg_catalog pg_database system NULL false false false false] [pg_catalog pg_tablespace system NULL false false false false] [pg_catalog pg_roles system NULL false false false false] [pg_catalog pg_stat_ssl system NULL false false false false] [pg_catalog pg_shdescription system NULL false false false false] [pg_catalog pg_am system NULL false false false false]]

2026-02-28T14:55:36.791+0300	DEBUG	logger/zap_logger.go:71	DEBUG: Table metadata:	{"meta": {"Name":"pg_catalog.pg_tables","Columns":{"hasindexes":{"Type":0,"IsNullable":true,"DefaultValue":null,"IsSerial":false,"IsUnique":false,"Idx":5},"hasrules":{"Type":0,"IsNullable":true,"DefaultValue":null,"IsSerial":false,"IsUnique":false,"Idx":6},"hastriggers":{"Type":0,"IsNullable":true,"DefaultValue":null,"IsSerial":false,"IsUnique":false,"Idx":7},"rowsecurity":{"Type":0,"IsNullable":true,"DefaultValue":null,"IsSerial":false,"IsUnique":false,"Idx":8},"schemaname":{"Type":0,"IsNullable":false,"DefaultValue":null,"IsSerial":false,"IsUnique":false,"Idx":1},"schematable":{"Type":0,"IsNullable":false,"DefaultValue":null,"IsSerial":false,"IsUnique":false,"Idx":2},"tableowner":{"Type":0,"IsNullable":true,"DefaultValue":null,"IsSerial":false,"IsUnique":false,"Idx":3},"tablespace":{"Type":0,"IsNullable":true,"DefaultValue":null,"IsSerial":false,"IsUnique":false,"Idx":4}},"PrimaryKeys":[1,2]}}
2026-02-28T14:55:36.791+0300	DEBUG	logger/zap_logger.go:71	DEBUG: Saved row: 	{"rowKey": "testdb:pg_catalog:pg_tables:row:pg_catalogpg_tables:", "rowData": "[\"pg_catalog\",\"pg_tables\",\"system\",\"NULL\",false,false,false,false]"}
2026-02-28T14:55:36.791+0300	DEBUG	logger/zap_logger.go:71	DEBUG: Saved row: 	{"rowKey": "testdb:pg_catalog:pg_tables:row:pg_catalogpg_columns:", "rowData": "[\"pg_catalog\",\"pg_columns\",\"system\",\"NULL\",false,false,false,false]"}
2026-02-28T14:55:36.791+0300	DEBUG	logger/zap_logger.go:71	DEBUG: Saved row: 	{"rowKey": "testdb:pg_catalog:pg_tables:row:pg_catalogpg_class:", "rowData": "[\"pg_catalog\",\"pg_class\",\"system\",\"NULL\",false,false,false,false]"}
2026-02-28T14:55:36.791+0300	DEBUG	logger/zap_logger.go:71	DEBUG: Saved row: 	{"rowKey": "testdb:pg_catalog:pg_tables:row:pg_catalogpg_attribute:", "rowData": "[\"pg_catalog\",\"pg_attribute\",\"system\",\"NULL\",false,false,false,false]"}
2026-02-28T14:55:36.791+0300	DEBUG	logger/zap_logger.go:71	DEBUG: Saved row: 	{"rowKey": "testdb:pg_catalog:pg_tables:row:pg_catalogpg_proc:", "rowData": "[\"pg_catalog\",\"pg_proc\",\"system\",\"NULL\",false,false,false,false]"}
2026-02-28T14:55:36.791+0300	DEBUG	logger/zap_logger.go:71	DEBUG: Saved row: 	{"rowKey": "testdb:pg_catalog:pg_tables:row:pg_catalogpg_type:", "rowData": "[\"pg_catalog\",\"pg_type\",\"system\",\"NULL\",false,false,false,false]"}
2026-02-28T14:55:36.791+0300	DEBUG	logger/zap_logger.go:71	DEBUG: Saved row: 	{"rowKey": "testdb:pg_catalog:pg_tables:row:pg_catalogpg_namespace:", "rowData": "[\"pg_catalog\",\"pg_namespace\",\"system\",\"NULL\",false,false,false,false]"}
2026-02-28T14:55:36.791+0300	DEBUG	logger/zap_logger.go:71	DEBUG: Saved row: 	{"rowKey": "testdb:pg_catalog:pg_tables:row:pg_catalogpg_database:", "rowData": "[\"pg_catalog\",\"pg_database\",\"system\",\"NULL\",false,false,false,false]"}
2026-02-28T14:55:36.791+0300	DEBUG	logger/zap_logger.go:71	DEBUG: Saved row: 	{"rowKey": "testdb:pg_catalog:pg_tables:row:pg_catalogpg_tablespace:", "rowData": "[\"pg_catalog\",\"pg_tablespace\",\"system\",\"NULL\",false,false,false,false]"}
2026-02-28T14:55:36.791+0300	DEBUG	logger/zap_logger.go:71	DEBUG: Saved row: 	{"rowKey": "testdb:pg_catalog:pg_tables:row:pg_catalogpg_roles:", "rowData": "[\"pg_catalog\",\"pg_roles\",\"system\",\"NULL\",false,false,false,false]"}
2026-02-28T14:55:36.791+0300	DEBUG	logger/zap_logger.go:71	DEBUG: Saved row: 	{"rowKey": "testdb:pg_catalog:pg_tables:row:pg_catalogpg_stat_ssl:", "rowData": "[\"pg_catalog\",\"pg_stat_ssl\",\"system\",\"NULL\",false,false,false,false]"}
2026-02-28T14:55:36.791+0300	DEBUG	logger/zap_logger.go:71	DEBUG: Saved row: 	{"rowKey": "testdb:pg_catalog:pg_tables:row:pg_catalogpg_shdescription:", "rowData": "[\"pg_catalog\",\"pg_shdescription\",\"system\",\"NULL\",false,false,false,false]"}
2026-02-28T14:55:36.791+0300	DEBUG	logger/zap_logger.go:71	DEBUG: Saved row: 	{"rowKey": "testdb:pg_catalog:pg_tables:row:pg_catalogpg_am:", "rowData": "[\"pg_catalog\",\"pg_am\",\"system\",\"NULL\",false,false,false,false]"}
2026-02-28T14:55:36.791+0300	INFO	logger/zap_logger.go:76	[SynchronizerVClock] Loaded key	{"key": "testdb:pg_catalog:pg_tables:row:pg_catalogpg_am:", "value": "[\"pg_catalog\",\"pg_am\",\"system\",\"NULL\",false,false,false,false]", "vclock": {"node1":27}}
2026-02-28T14:55:36.791+0300	INFO	logger/zap_logger.go:76	[SynchronizerVClock] Loaded key	{"key": "testdb:pg_catalog:pg_tables:row:pg_catalogpg_tables:", "value": "[\"pg_catalog\",\"pg_tables\",\"system\",\"NULL\",false,false,false,false]", "vclock": {"node1":28}}
2026-02-28T14:55:36.792+0300	DEBUG	logger/zap_logger.go:96	Executing: 


CREATE TABLE IF NOT EXISTS pg_catalog.pg_columns (
    table_schema TEXT,
    table_name TEXT,
    column_name TEXT,
    original_position INTEGER,
    column_default TEXT, -- TODO check default
    is_nullable BOOLEAN,
    data_type TEXT,
    character_maximum_length INTEGER, -- TODO check
    numeric_precision INTEGER, -- TODO check
    PRIMARY KEY (table_schema, table_name, column_name)
)
2026-02-28T14:55:36.792+0300	INFO	logger/zap_logger.go:76	[SynchronizerVClock] Loaded key	{"key": "testdb:pg_catalog:pg_tables:row:pg_catalogpg_columns:", "value": "[\"pg_catalog\",\"pg_columns\",\"system\",\"NULL\",false,false,false,false]", "vclock": {"node1":29}}
2026-02-28T14:55:36.792+0300	INFO	logger/zap_logger.go:76	[SynchronizerVClock] Loaded key	{"key": "testdb:pg_catalog:pg_tables:row:pg_catalogpg_proc:", "value": "[\"pg_catalog\",\"pg_proc\",\"system\",\"NULL\",false,false,false,false]", "vclock": {"node1":30}}
2026-02-28T14:55:36.792+0300	INFO	logger/zap_logger.go:76	[SynchronizerVClock] Loaded key	{"key": "testdb:pg_catalog:pg_tables:row:pg_catalogpg_type:", "value": "[\"pg_catalog\",\"pg_type\",\"system\",\"NULL\",false,false,false,false]", "vclock": {"node1":31}}
2026-02-28T14:55:36.792+0300	INFO	logger/zap_logger.go:76	[SynchronizerVClock] Loaded key	{"key": "testdb:pg_catalog:pg_tables:row:pg_catalogpg_namespace:", "value": "[\"pg_catalog\",\"pg_namespace\",\"system\",\"NULL\",false,false,false,false]", "vclock": {"node1":32}}
2026-02-28T14:55:36.792+0300	INFO	logger/zap_logger.go:76	[SynchronizerVClock] Loaded key	{"key": "testdb:pg_catalog:pg_tables:row:pg_catalogpg_tablespace:", "value": "[\"pg_catalog\",\"pg_tablespace\",\"system\",\"NULL\",false,false,false,false]", "vclock": {"node1":33}}
2026-02-28T14:55:36.792+0300	INFO	logger/zap_logger.go:76	[SynchronizerVClock] Loaded key	{"key": "testdb:pg_catalog:pg_tables:row:pg_catalogpg_roles:", "value": "[\"pg_catalog\",\"pg_roles\",\"system\",\"NULL\",false,false,false,false]", "vclock": {"node1":34}}
2026-02-28T14:55:36.792+0300	DEBUG	logger/zap_logger.go:96	DEBUG: Parsed statement type: CREATE_TABLE

2026-02-28T14:55:36.792+0300	INFO	logger/zap_logger.go:76	[SynchronizerVClock] Loaded key	{"key": "testdb:pg_catalog:pg_tables:row:pg_catalogpg_class:", "value": "[\"pg_catalog\",\"pg_class\",\"system\",\"NULL\",false,false,false,false]", "vclock": {"node1":35}}
2026-02-28T14:55:36.792+0300	INFO	logger/zap_logger.go:76	[SynchronizerVClock] Loaded key	{"key": "testdb:pg_catalog:pg_tables:row:pg_catalogpg_attribute:", "value": "[\"pg_catalog\",\"pg_attribute\",\"system\",\"NULL\",false,false,false,false]", "vclock": {"node1":36}}
2026-02-28T14:55:36.792+0300	DEBUG	logger/zap_logger.go:96	Executing: 

INSERT INTO pg_catalog.pg_columns (table_schema, table_name, column_name, original_position, column_default, is_nullable, data_type, character_maximum_length, numeric_precision) VALUES
('pg_catalog', 'pg_tables',  'schemaname', 1, NULL, FALSE, 'TEXT', NULL, NULL),
('pg_catalog', 'pg_tables',  'schematable', 2, NULL, FALSE, 'TEXT', NULL, NULL),
('pg_catalog', 'pg_tables',  'tableowner', 3, NULL, FALSE, 'TEXT', NULL, NULL),
('pg_catalog', 'pg_tables',  'tablespace', 4, NULL, TRUE, 'TEXT', NULL, NULL),
('pg_catalog', 'pg_tables',  'hasindexes', 5, NULL, FALSE, 'BOOLEAN', NULL, NULL),
('pg_catalog', 'pg_tables',  'hasrules', 6, NULL, FALSE, 'BOOLEAN', NULL, NULL),
('pg_catalog', 'pg_tables',  'hastriggers', 7, NULL, FALSE, 'BOOLEAN', NULL, NULL),
('pg_catalog', 'pg_tables',  'rowsecurity', 8, NULL, FALSE, 'BOOLEAN', NULL, NULL)
2026-02-28T14:55:36.792+0300	INFO	logger/zap_logger.go:76	[SynchronizerVClock] Loaded key	{"key": "testdb:pg_catalog:pg_tables:row:pg_catalogpg_database:", "value": "[\"pg_catalog\",\"pg_database\",\"system\",\"NULL\",false,false,false,false]", "vclock": {"node1":37}}
2026-02-28T14:55:36.792+0300	INFO	logger/zap_logger.go:76	[SynchronizerVClock] Loaded key	{"key": "testdb:pg_catalog:pg_tables:row:pg_catalogpg_stat_ssl:", "value": "[\"pg_catalog\",\"pg_stat_ssl\",\"system\",\"NULL\",false,false,false,false]", "vclock": {"node1":38}}
2026-02-28T14:55:36.792+0300	INFO	logger/zap_logger.go:76	[SynchronizerVClock] Loaded key	{"key": "testdb:pg_catalog:pg_tables:row:pg_catalogpg_shdescription:", "value": "[\"pg_catalog\",\"pg_shdescription\",\"system\",\"NULL\",false,false,false,false]", "vclock": {"node1":39}}
2026-02-28T14:55:36.792+0300	INFO	logger/zap_logger.go:76	[SynchronizerVClock] Loaded key	{"key": "schema:testdb:pg_catalog:pg_columns:", "value": "{\"Name\":\"pg_catalog.pg_columns\",\"Columns\":{\"character_maximum_length\":{\"Type\":0,\"IsNullable\":true,\"DefaultValue\":null,\"IsSerial\":false,\"IsUnique\":false,\"Idx\":8},\"column_default\":{\"Type\":0,\"IsNullable\":true,\"DefaultValue\":null,\"IsSerial\":false,\"IsUnique\":false,\"Idx\":5},\"column_name\":{\"Type\":0,\"IsNullable\":false,\"DefaultValue\":null,\"IsSerial\":false,\"IsUnique\":false,\"Idx\":3},\"data_type\":{\"Type\":0,\"IsNullable\":true,\"DefaultValue\":null,\"IsSerial\":false,\"IsUnique\":false,\"Idx\":7},\"is_nullable\":{\"Type\":0,\"IsNullable\":true,\"DefaultValue\":null,\"IsSerial\":false,\"IsUnique\":false,\"Idx\":6},\"numeric_precision\":{\"Type\":0,\"IsNullable\":true,\"DefaultValue\":null,\"IsSerial\":false,\"IsUnique\":false,\"Idx\":9},\"original_position\":{\"Type\":0,\"IsNullable\":true,\"DefaultValue\":null,\"IsSerial\":false,\"IsUnique\":false,\"Idx\":4},\"table_name\":{\"Type\":0,\"IsNullable\":false,\"DefaultValue\":null,\"IsSerial\":false,\"IsUnique\":false,\"Idx\":2},\"table_schema\":{\"Type\":0,\"IsNullable\":false,\"DefaultValue\":null,\"IsSerial\":false,\"IsUnique\":false,\"Idx\":1}},\"PrimaryKeys\":[1,2,3]}", "vclock": {"node1":40}}
2026-02-28T14:55:36.792+0300	DEBUG	logger/zap_logger.go:96	DEBUG: Parsed statement type: INSERT

2026-02-28T14:55:36.793+0300	DEBUG	logger/zap_logger.go:96	DEBUG: Insert into pg_catalog.pg_columns: [[pg_catalog pg_tables schemaname 1 NULL false TEXT NULL NULL] [pg_catalog pg_tables schematable 2 NULL false TEXT NULL NULL] [pg_catalog pg_tables tableowner 3 NULL false TEXT NULL NULL] [pg_catalog pg_tables tablespace 4 NULL true TEXT NULL NULL] [pg_catalog pg_tables hasindexes 5 NULL false BOOLEAN NULL NULL] [pg_catalog pg_tables hasrules 6 NULL false BOOLEAN NULL NULL] [pg_catalog pg_tables hastriggers 7 NULL false BOOLEAN NULL NULL] [pg_catalog pg_tables rowsecurity 8 NULL false BOOLEAN NULL NULL]]

2026-02-28T14:55:36.793+0300	DEBUG	logger/zap_logger.go:71	DEBUG: Table metadata:	{"meta": {"Name":"pg_catalog.pg_columns","Columns":{"character_maximum_length":{"Type":0,"IsNullable":true,"DefaultValue":null,"IsSerial":false,"IsUnique":false,"Idx":8},"column_default":{"Type":0,"IsNullable":true,"DefaultValue":null,"IsSerial":false,"IsUnique":false,"Idx":5},"column_name":{"Type":0,"IsNullable":false,"DefaultValue":null,"IsSerial":false,"IsUnique":false,"Idx":3},"data_type":{"Type":0,"IsNullable":true,"DefaultValue":null,"IsSerial":false,"IsUnique":false,"Idx":7},"is_nullable":{"Type":0,"IsNullable":true,"DefaultValue":null,"IsSerial":false,"IsUnique":false,"Idx":6},"numeric_precision":{"Type":0,"IsNullable":true,"DefaultValue":null,"IsSerial":false,"IsUnique":false,"Idx":9},"original_position":{"Type":0,"IsNullable":true,"DefaultValue":null,"IsSerial":false,"IsUnique":false,"Idx":4},"table_name":{"Type":0,"IsNullable":false,"DefaultValue":null,"IsSerial":false,"IsUnique":false,"Idx":2},"table_schema":{"Type":0,"IsNullable":false,"DefaultValue":null,"IsSerial":false,"IsUnique":false,"Idx":1}},"PrimaryKeys":[1,2,3]}}
2026-02-28T14:55:36.793+0300	DEBUG	logger/zap_logger.go:71	DEBUG: Saved row: 	{"rowKey": "testdb:pg_catalog:pg_columns:row:pg_catalogpg_tablesschemaname:", "rowData": "[\"pg_catalog\",\"pg_tables\",\"schemaname\",1,\"NULL\",false,\"TEXT\",\"NULL\",\"NULL\"]"}
2026-02-28T14:55:36.793+0300	DEBUG	logger/zap_logger.go:71	DEBUG: Saved row: 	{"rowKey": "testdb:pg_catalog:pg_columns:row:pg_catalogpg_tablesschematable:", "rowData": "[\"pg_catalog\",\"pg_tables\",\"schematable\",2,\"NULL\",false,\"TEXT\",\"NULL\",\"NULL\"]"}
2026-02-28T14:55:36.793+0300	DEBUG	logger/zap_logger.go:71	DEBUG: Saved row: 	{"rowKey": "testdb:pg_catalog:pg_columns:row:pg_catalogpg_tablestableowner:", "rowData": "[\"pg_catalog\",\"pg_tables\",\"tableowner\",3,\"NULL\",false,\"TEXT\",\"NULL\",\"NULL\"]"}
2026-02-28T14:55:36.793+0300	DEBUG	logger/zap_logger.go:71	DEBUG: Saved row: 	{"rowKey": "testdb:pg_catalog:pg_columns:row:pg_catalogpg_tablestablespace:", "rowData": "[\"pg_catalog\",\"pg_tables\",\"tablespace\",4,\"NULL\",true,\"TEXT\",\"NULL\",\"NULL\"]"}
2026-02-28T14:55:36.793+0300	DEBUG	logger/zap_logger.go:71	DEBUG: Saved row: 	{"rowKey": "testdb:pg_catalog:pg_columns:row:pg_catalogpg_tableshasindexes:", "rowData": "[\"pg_catalog\",\"pg_tables\",\"hasindexes\",5,\"NULL\",false,\"BOOLEAN\",\"NULL\",\"NULL\"]"}
2026-02-28T14:55:36.793+0300	DEBUG	logger/zap_logger.go:71	DEBUG: Saved row: 	{"rowKey": "testdb:pg_catalog:pg_columns:row:pg_catalogpg_tableshasrules:", "rowData": "[\"pg_catalog\",\"pg_tables\",\"hasrules\",6,\"NULL\",false,\"BOOLEAN\",\"NULL\",\"NULL\"]"}
2026-02-28T14:55:36.793+0300	DEBUG	logger/zap_logger.go:71	DEBUG: Saved row: 	{"rowKey": "testdb:pg_catalog:pg_columns:row:pg_catalogpg_tableshastriggers:", "rowData": "[\"pg_catalog\",\"pg_tables\",\"hastriggers\",7,\"NULL\",false,\"BOOLEAN\",\"NULL\",\"NULL\"]"}
2026-02-28T14:55:36.793+0300	DEBUG	logger/zap_logger.go:71	DEBUG: Saved row: 	{"rowKey": "testdb:pg_catalog:pg_columns:row:pg_catalogpg_tablesrowsecurity:", "rowData": "[\"pg_catalog\",\"pg_tables\",\"rowsecurity\",8,\"NULL\",false,\"BOOLEAN\",\"NULL\",\"NULL\"]"}
2026-02-28T14:55:36.793+0300	INFO	logger/zap_logger.go:76	[SynchronizerVClock] Loaded key	{"key": "testdb:pg_catalog:pg_columns:row:pg_catalogpg_tablesschemaname:", "value": "[\"pg_catalog\",\"pg_tables\",\"schemaname\",1,\"NULL\",false,\"TEXT\",\"NULL\",\"NULL\"]", "vclock": {"node1":41}}
2026-02-28T14:55:36.793+0300	DEBUG	logger/zap_logger.go:96	Executing: 

CREATE TABLE IF NOT EXISTS pg_catalog.pg_class (
    oid INTEGER,
    relname TEXT,
    relnamespace INTEGER,
    reltype INTEGER,
    reloftype INTEGER,
    relowner INTEGER,
    relam INTEGER,
    relfilenode INTEGER,
    reltablespace INTEGER,
    relpages INTEGER,
    reltuples FLOAT,
    relallvisible INTEGER,
    reltoastrelid INTEGER,
    relhasindex BOOLEAN,
    relisshared BOOLEAN,
    relpersistence TEXT,
    relkind TEXT,
    relnatts INTEGER,
    relchecks INTEGER,
    relhasrules BOOLEAN,
    relhastriggers BOOLEAN,
    relhassubclass BOOLEAN,
    relrowsecurity BOOLEAN,
    relforcerowsecurity BOOLEAN,
    relispopulated BOOLEAN,
    relreplident TEXT,
    relispartition BOOLEAN,
    relrewrite INTEGER,
    relfrozenxid INTEGER,
    relminmxid INTEGER,
    PRIMARY KEY (oid)
)
2026-02-28T14:55:36.793+0300	INFO	logger/zap_logger.go:76	[SynchronizerVClock] Loaded key	{"key": "testdb:pg_catalog:pg_columns:row:pg_catalogpg_tablesschematable:", "value": "[\"pg_catalog\",\"pg_tables\",\"schematable\",2,\"NULL\",false,\"TEXT\",\"NULL\",\"NULL\"]", "vclock": {"node1":42}}
2026-02-28T14:55:36.793+0300	INFO	logger/zap_logger.go:76	[SynchronizerVClock] Loaded key	{"key": "testdb:pg_catalog:pg_columns:row:pg_catalogpg_tablestableowner:", "value": "[\"pg_catalog\",\"pg_tables\",\"tableowner\",3,\"NULL\",false,\"TEXT\",\"NULL\",\"NULL\"]", "vclock": {"node1":43}}
2026-02-28T14:55:36.793+0300	INFO	logger/zap_logger.go:76	[SynchronizerVClock] Loaded key	{"key": "testdb:pg_catalog:pg_columns:row:pg_catalogpg_tablestablespace:", "value": "[\"pg_catalog\",\"pg_tables\",\"tablespace\",4,\"NULL\",true,\"TEXT\",\"NULL\",\"NULL\"]", "vclock": {"node1":44}}
2026-02-28T14:55:36.793+0300	INFO	logger/zap_logger.go:76	[SynchronizerVClock] Loaded key	{"key": "testdb:pg_catalog:pg_columns:row:pg_catalogpg_tableshasindexes:", "value": "[\"pg_catalog\",\"pg_tables\",\"hasindexes\",5,\"NULL\",false,\"BOOLEAN\",\"NULL\",\"NULL\"]", "vclock": {"node1":45}}
2026-02-28T14:55:36.793+0300	INFO	logger/zap_logger.go:76	[SynchronizerVClock] Loaded key	{"key": "testdb:pg_catalog:pg_columns:row:pg_catalogpg_tableshasrules:", "value": "[\"pg_catalog\",\"pg_tables\",\"hasrules\",6,\"NULL\",false,\"BOOLEAN\",\"NULL\",\"NULL\"]", "vclock": {"node1":46}}
2026-02-28T14:55:36.793+0300	INFO	logger/zap_logger.go:76	[SynchronizerVClock] Loaded key	{"key": "testdb:pg_catalog:pg_columns:row:pg_catalogpg_tableshastriggers:", "value": "[\"pg_catalog\",\"pg_tables\",\"hastriggers\",7,\"NULL\",false,\"BOOLEAN\",\"NULL\",\"NULL\"]", "vclock": {"node1":47}}
2026-02-28T14:55:36.793+0300	INFO	logger/zap_logger.go:76	[SynchronizerVClock] Loaded key	{"key": "testdb:pg_catalog:pg_columns:row:pg_catalogpg_tablesrowsecurity:", "value": "[\"pg_catalog\",\"pg_tables\",\"rowsecurity\",8,\"NULL\",false,\"BOOLEAN\",\"NULL\",\"NULL\"]", "vclock": {"node1":48}}
2026-02-28T14:55:36.793+0300	DEBUG	logger/zap_logger.go:96	DEBUG: Parsed statement type: CREATE_TABLE

2026-02-28T14:55:36.793+0300	DEBUG	logger/zap_logger.go:96	Executing: 

INSERT INTO pg_catalog.pg_class (
    oid, relname, relnamespace, reltype, reloftype, relowner,
    relam, relfilenode, reltablespace, relpages, reltuples,
    relallvisible, reltoastrelid, relhasindex, relisshared,
    relpersistence, relkind, relnatts, relchecks, relhasrules,
    relhastriggers, relhassubclass, relrowsecurity,
    relforcerowsecurity, relispopulated, relreplident,
    relispartition, relrewrite, relfrozenxid, relminmxid
) VALUES
(1259, 'pg_tables', 11, 0, 0, 10, 0, 0, 0, 0, 0.0, 0, 0, FALSE, FALSE, 'p', 'r', 8, 0, FALSE, FALSE, FALSE, FALSE, FALSE, TRUE, 'n', FALSE, 0, 0, 0),
(1260, 'pg_columns', 11, 0, 0, 10, 0, 0, 0, 0, 0.0, 0, 0, FALSE, FALSE, 'p', 'r', 9, 0, FALSE, FALSE, FALSE, FALSE, FALSE, TRUE, 'n', FALSE, 0, 0, 0),
(1261, 'pg_class', 11, 83, 0, 10, 0, 0, 0, 0, 0.0, 0, 0, FALSE, FALSE, 'p', 'r', 30, 0, FALSE, FALSE, FALSE, FALSE, FALSE, TRUE, 'n', FALSE, 0, 0, 0),
(1249, 'pg_attribute', 11, 75, 0, 10, 0, 0, 0, 0, 0.0, 0, 0, FALSE, FALSE, 'p', 'r', 23, 0, FALSE, FALSE, FALSE, FALSE, FALSE, TRUE, 'n', FALSE, 0, 0, 0),
(1255, 'pg_proc', 11, 81, 0, 10, 0, 0, 0, 0, 0.0, 0, 0, FALSE, FALSE, 'p', 'r', 29, 0, FALSE, FALSE, FALSE, FALSE, FALSE, TRUE, 'n', FALSE, 0, 0, 0),
(1247, 'pg_type', 11, 71, 0, 10, 0, 0, 0, 0, 0.0, 0, 0, FALSE, FALSE, 'p', 'r', 31, 0, FALSE, FALSE, FALSE, FALSE, FALSE, TRUE, 'n', FALSE, 0, 0, 0),
(2615, 'pg_namespace', 11, 2615, 0, 10, 0, 0, 0, 0, 0.0, 0, 0, FALSE, FALSE, 'p', 'r', 4, 0, FALSE, FALSE, FALSE, FALSE, FALSE, TRUE, 'n', FALSE, 0, 0, 0),
(1262, 'pg_database', 11, 1248, 0, 10, 0, 0, 0, 0, 0.0, 0, 0, FALSE, FALSE, 'p', 'r', 14, 0, FALSE, FALSE, FALSE, FALSE, FALSE, TRUE, 'n', FALSE, 0, 0, 0),
(1213, 'pg_tablespace', 11, 1213, 0, 10, 0, 0, 0, 0, 0.0, 0, 0, FALSE, FALSE, 'p', 'r', 5, 0, FALSE, FALSE, FALSE, FALSE, FALSE, TRUE, 'n', FALSE, 0, 0, 0),
(1263, 'pg_shdescription', 11, 0, 0, 10, 0, 0, 0, 0, 0.0, 0, 0, FALSE, FALSE, 'p', 'r', 4, 0, FALSE, FALSE, FALSE, FALSE, FALSE, TRUE, 'n', FALSE, 0, 0, 0),
(2601, 'pg_am', 11, 0, 0, 10, 0, 0, 0, 0, 0.0, 0, 0, FALSE, FALSE, 'p', 'r', 4, 0, FALSE, FALSE, FALSE, FALSE, FALSE, TRUE, 'n', FALSE, 0, 0, 0)
2026-02-28T14:55:36.793+0300	INFO	logger/zap_logger.go:76	[SynchronizerVClock] Loaded key	{"key": "schema:testdb:pg_catalog:pg_class:", "value": "{\"Name\":\"pg_catalog.pg_class\",\"Columns\":{\"oid\":{\"Type\":0,\"IsNullable\":false,\"DefaultValue\":null,\"IsSerial\":false,\"IsUnique\":false,\"Idx\":1},\"relallvisible\":{\"Type\":0,\"IsNullable\":true,\"DefaultValue\":null,\"IsSerial\":false,\"IsUnique\":false,\"Idx\":12},\"relam\":{\"Type\":0,\"IsNullable\":true,\"DefaultValue\":null,\"IsSerial\":false,\"IsUnique\":false,\"Idx\":7},\"relchecks\":{\"Type\":0,\"IsNullable\":true,\"DefaultValue\":null,\"IsSerial\":false,\"IsUnique\":false,\"Idx\":19},\"relfilenode\":{\"Type\":0,\"IsNullable\":true,\"DefaultValue\":null,\"IsSerial\":false,\"IsUnique\":false,\"Idx\":8},\"relforcerowsecurity\":{\"Type\":0,\"IsNullable\":true,\"DefaultValue\":null,\"IsSerial\":false,\"IsUnique\":false,\"Idx\":24},\"relfrozenxid\":{\"Type\":0,\"IsNullable\":true,\"DefaultValue\":null,\"IsSerial\":false,\"IsUnique\":false,\"Idx\":29},\"relhasindex\":{\"Type\":0,\"IsNullable\":true,\"DefaultValue\":null,\"IsSerial\":false,\"IsUnique\":false,\"Idx\":14},\"relhasrules\":{\"Type\":0,\"IsNullable\":true,\"DefaultValue\":null,\"IsSerial\":false,\"IsUnique\":false,\"Idx\":20},\"relhassubclass\":{\"Type\":0,\"IsNullable\":true,\"DefaultValue\":null,\"IsSerial\":false,\"IsUnique\":false,\"Idx\":22},\"relhastriggers\":{\"Type\":0,\"IsNullable\":true,\"DefaultValue\":null,\"IsSerial\":false,\"IsUnique\":false,\"Idx\":21},\"relispartition\":{\"Type\":0,\"IsNullable\":true,\"DefaultValue\":null,\"IsSerial\":false,\"IsUnique\":false,\"Idx\":27},\"relispopulated\":{\"Type\":0,\"IsNullable\":true,\"DefaultValue\":null,\"IsSerial\":false,\"IsUnique\":false,\"Idx\":25},\"relisshared\":{\"Type\":0,\"IsNullable\":true,\"DefaultValue\":null,\"IsSerial\":false,\"IsUnique\":false,\"Idx\":15},\"relkind\":{\"Type\":0,\"IsNullable\":true,\"DefaultValue\":null,\"IsSerial\":false,\"IsUnique\":false,\"Idx\":17},\"relminmxid\":{\"Type\":0,\"IsNullable\":true,\"DefaultValue\":null,\"IsSerial\":false,\"IsUnique\":false,\"Idx\":30},\"relname\":{\"Type\":0,\"IsNullable\":true,\"DefaultValue\":null,\"IsSerial\":false,\"IsUnique\":false,\"Idx\":2},\"relnamespace\":{\"Type\":0,\"IsNullable\":true,\"DefaultValue\":null,\"IsSerial\":false,\"IsUnique\":false,\"Idx\":3},\"relnatts\":{\"Type\":0,\"IsNullable\":true,\"DefaultValue\":null,\"IsSerial\":false,\"IsUnique\":false,\"Idx\":18},\"reloftype\":{\"Type\":0,\"IsNullable\":true,\"DefaultValue\":null,\"IsSerial\":false,\"IsUnique\":false,\"Idx\":5},\"relowner\":{\"Type\":0,\"IsNullable\":true,\"DefaultValue\":null,\"IsSerial\":false,\"IsUnique\":false,\"Idx\":6},\"relpages\":{\"Type\":0,\"IsNullable\":true,\"DefaultValue\":null,\"IsSerial\":false,\"IsUnique\":false,\"Idx\":10},\"relpersistence\":{\"Type\":0,\"IsNullable\":true,\"DefaultValue\":null,\"IsSerial\":false,\"IsUnique\":false,\"Idx\":16},\"relreplident\":{\"Type\":0,\"IsNullable\":true,\"DefaultValue\":null,\"IsSerial\":false,\"IsUnique\":false,\"Idx\":26},\"relrewrite\":{\"Type\":0,\"IsNullable\":true,\"DefaultValue\":null,\"IsSerial\":false,\"IsUnique\":false,\"Idx\":28},\"relrowsecurity\":{\"Type\":0,\"IsNullable\":true,\"DefaultValue\":null,\"IsSerial\":false,\"IsUnique\":false,\"Idx\":23},\"reltablespace\":{\"Type\":0,\"IsNullable\":true,\"DefaultValue\":null,\"IsSerial\":false,\"IsUnique\":false,\"Idx\":9},\"reltoastrelid\":{\"Type\":0,\"IsNullable\":true,\"DefaultValue\":null,\"IsSerial\":false,\"IsUnique\":false,\"Idx\":13},\"reltuples\":{\"Type\":3,\"IsNullable\":true,\"DefaultValue\":null,\"IsSerial\":false,\"IsUnique\":false,\"Idx\":11},\"reltype\":{\"Type\":0,\"IsNullable\":true,\"DefaultValue\":null,\"IsSerial\":false,\"IsUnique\":false,\"Idx\":4}},\"PrimaryKeys\":[1]}", "vclock": {"node1":49}}
2026-02-28T14:55:36.796+0300	DEBUG	logger/zap_logger.go:96	DEBUG: Parsed statement type: INSERT

2026-02-28T14:55:36.796+0300	DEBUG	logger/zap_logger.go:96	DEBUG: Insert into pg_catalog.pg_class: [[1259 pg_tables 11 0 0 10 0 0 0 0 0 0 0 false false p r 8 0 false false false false false true n false 0 0 0] [1260 pg_columns 11 0 0 10 0 0 0 0 0 0 0 false false p r 9 0 false false false false false true n false 0 0 0] [1261 pg_class 11 83 0 10 0 0 0 0 0 0 0 false false p r 30 0 false false false false false true n false 0 0 0] [1249 pg_attribute 11 75 0 10 0 0 0 0 0 0 0 false false p r 23 0 false false false false false true n false 0 0 0] [1255 pg_proc 11 81 0 10 0 0 0 0 0 0 0 false false p r 29 0 false false false false false true n false 0 0 0] [1247 pg_type 11 71 0 10 0 0 0 0 0 0 0 false false p r 31 0 false false false false false true n false 0 0 0] [2615 pg_namespace 11 2615 0 10 0 0 0 0 0 0 0 false false p r 4 0 false false false false false true n false 0 0 0] [1262 pg_database 11 1248 0 10 0 0 0 0 0 0 0 false false p r 14 0 false false false false false true n false 0 0 0] [1213 pg_tablespace 11 1213 0 10 0 0 0 0 0 0 0 false false p r 5 0 false false false false false true n false 0 0 0] [1263 pg_shdescription 11 0 0 10 0 0 0 0 0 0 0 false false p r 4 0 false false false false false true n false 0 0 0] [2601 pg_am 11 0 0 10 0 0 0 0 0 0 0 false false p r 4 0 false false false false false true n false 0 0 0]]

2026-02-28T14:55:36.796+0300	DEBUG	logger/zap_logger.go:71	DEBUG: Table metadata:	{"meta": {"Name":"pg_catalog.pg_class","Columns":{"oid":{"Type":0,"IsNullable":false,"DefaultValue":null,"IsSerial":false,"IsUnique":false,"Idx":1},"relallvisible":{"Type":0,"IsNullable":true,"DefaultValue":null,"IsSerial":false,"IsUnique":false,"Idx":12},"relam":{"Type":0,"IsNullable":true,"DefaultValue":null,"IsSerial":false,"IsUnique":false,"Idx":7},"relchecks":{"Type":0,"IsNullable":true,"DefaultValue":null,"IsSerial":false,"IsUnique":false,"Idx":19},"relfilenode":{"Type":0,"IsNullable":true,"DefaultValue":null,"IsSerial":false,"IsUnique":false,"Idx":8},"relforcerowsecurity":{"Type":0,"IsNullable":true,"DefaultValue":null,"IsSerial":false,"IsUnique":false,"Idx":24},"relfrozenxid":{"Type":0,"IsNullable":true,"DefaultValue":null,"IsSerial":false,"IsUnique":false,"Idx":29},"relhasindex":{"Type":0,"IsNullable":true,"DefaultValue":null,"IsSerial":false,"IsUnique":false,"Idx":14},"relhasrules":{"Type":0,"IsNullable":true,"DefaultValue":null,"IsSerial":false,"IsUnique":false,"Idx":20},"relhassubclass":{"Type":0,"IsNullable":true,"DefaultValue":null,"IsSerial":false,"IsUnique":false,"Idx":22},"relhastriggers":{"Type":0,"IsNullable":true,"DefaultValue":null,"IsSerial":false,"IsUnique":false,"Idx":21},"relispartition":{"Type":0,"IsNullable":true,"DefaultValue":null,"IsSerial":false,"IsUnique":false,"Idx":27},"relispopulated":{"Type":0,"IsNullable":true,"DefaultValue":null,"IsSerial":false,"IsUnique":false,"Idx":25},"relisshared":{"Type":0,"IsNullable":true,"DefaultValue":null,"IsSerial":false,"IsUnique":false,"Idx":15},"relkind":{"Type":0,"IsNullable":true,"DefaultValue":null,"IsSerial":false,"IsUnique":false,"Idx":17},"relminmxid":{"Type":0,"IsNullable":true,"DefaultValue":null,"IsSerial":false,"IsUnique":false,"Idx":30},"relname":{"Type":0,"IsNullable":true,"DefaultValue":null,"IsSerial":false,"IsUnique":false,"Idx":2},"relnamespace":{"Type":0,"IsNullable":true,"DefaultValue":null,"IsSerial":false,"IsUnique":false,"Idx":3},"relnatts":{"Type":0,"IsNullable":true,"DefaultValue":null,"IsSerial":false,"IsUnique":false,"Idx":18},"reloftype":{"Type":0,"IsNullable":true,"DefaultValue":null,"IsSerial":false,"IsUnique":false,"Idx":5},"relowner":{"Type":0,"IsNullable":true,"DefaultValue":null,"IsSerial":false,"IsUnique":false,"Idx":6},"relpages":{"Type":0,"IsNullable":true,"DefaultValue":null,"IsSerial":false,"IsUnique":false,"Idx":10},"relpersistence":{"Type":0,"IsNullable":true,"DefaultValue":null,"IsSerial":false,"IsUnique":false,"Idx":16},"relreplident":{"Type":0,"IsNullable":true,"DefaultValue":null,"IsSerial":false,"IsUnique":false,"Idx":26},"relrewrite":{"Type":0,"IsNullable":true,"DefaultValue":null,"IsSerial":false,"IsUnique":false,"Idx":28},"relrowsecurity":{"Type":0,"IsNullable":true,"DefaultValue":null,"IsSerial":false,"IsUnique":false,"Idx":23},"reltablespace":{"Type":0,"IsNullable":true,"DefaultValue":null,"IsSerial":false,"IsUnique":false,"Idx":9},"reltoastrelid":{"Type":0,"IsNullable":true,"DefaultValue":null,"IsSerial":false,"IsUnique":false,"Idx":13},"reltuples":{"Type":3,"IsNullable":true,"DefaultValue":null,"IsSerial":false,"IsUnique":false,"Idx":11},"reltype":{"Type":0,"IsNullable":true,"DefaultValue":null,"IsSerial":false,"IsUnique":false,"Idx":4}},"PrimaryKeys":[1]}}
2026-02-28T14:55:36.796+0300	DEBUG	logger/zap_logger.go:71	DEBUG: Saved row: 	{"rowKey": "testdb:pg_catalog:pg_class:row:1259:", "rowData": "[1259,\"pg_tables\",11,0,0,10,0,0,0,0,0,0,0,false,false,\"p\",\"r\",8,0,false,false,false,false,false,true,\"n\",false,0,0,0]"}
2026-02-28T14:55:36.796+0300	DEBUG	logger/zap_logger.go:71	DEBUG: Saved row: 	{"rowKey": "testdb:pg_catalog:pg_class:row:1260:", "rowData": "[1260,\"pg_columns\",11,0,0,10,0,0,0,0,0,0,0,false,false,\"p\",\"r\",9,0,false,false,false,false,false,true,\"n\",false,0,0,0]"}
2026-02-28T14:55:36.796+0300	DEBUG	logger/zap_logger.go:71	DEBUG: Saved row: 	{"rowKey": "testdb:pg_catalog:pg_class:row:1261:", "rowData": "[1261,\"pg_class\",11,83,0,10,0,0,0,0,0,0,0,false,false,\"p\",\"r\",30,0,false,false,false,false,false,true,\"n\",false,0,0,0]"}
2026-02-28T14:55:36.796+0300	DEBUG	logger/zap_logger.go:71	DEBUG: Saved row: 	{"rowKey": "testdb:pg_catalog:pg_class:row:1249:", "rowData": "[1249,\"pg_attribute\",11,75,0,10,0,0,0,0,0,0,0,false,false,\"p\",\"r\",23,0,false,false,false,false,false,true,\"n\",false,0,0,0]"}
2026-02-28T14:55:36.796+0300	DEBUG	logger/zap_logger.go:71	DEBUG: Saved row: 	{"rowKey": "testdb:pg_catalog:pg_class:row:1255:", "rowData": "[1255,\"pg_proc\",11,81,0,10,0,0,0,0,0,0,0,false,false,\"p\",\"r\",29,0,false,false,false,false,false,true,\"n\",false,0,0,0]"}
2026-02-28T14:55:36.796+0300	DEBUG	logger/zap_logger.go:71	DEBUG: Saved row: 	{"rowKey": "testdb:pg_catalog:pg_class:row:1247:", "rowData": "[1247,\"pg_type\",11,71,0,10,0,0,0,0,0,0,0,false,false,\"p\",\"r\",31,0,false,false,false,false,false,true,\"n\",false,0,0,0]"}
2026-02-28T14:55:36.796+0300	DEBUG	logger/zap_logger.go:71	DEBUG: Saved row: 	{"rowKey": "testdb:pg_catalog:pg_class:row:2615:", "rowData": "[2615,\"pg_namespace\",11,2615,0,10,0,0,0,0,0,0,0,false,false,\"p\",\"r\",4,0,false,false,false,false,false,true,\"n\",false,0,0,0]"}
2026-02-28T14:55:36.796+0300	DEBUG	logger/zap_logger.go:71	DEBUG: Saved row: 	{"rowKey": "testdb:pg_catalog:pg_class:row:1262:", "rowData": "[1262,\"pg_database\",11,1248,0,10,0,0,0,0,0,0,0,false,false,\"p\",\"r\",14,0,false,false,false,false,false,true,\"n\",false,0,0,0]"}
2026-02-28T14:55:36.796+0300	DEBUG	logger/zap_logger.go:71	DEBUG: Saved row: 	{"rowKey": "testdb:pg_catalog:pg_class:row:1213:", "rowData": "[1213,\"pg_tablespace\",11,1213,0,10,0,0,0,0,0,0,0,false,false,\"p\",\"r\",5,0,false,false,false,false,false,true,\"n\",false,0,0,0]"}
2026-02-28T14:55:36.796+0300	DEBUG	logger/zap_logger.go:71	DEBUG: Saved row: 	{"rowKey": "testdb:pg_catalog:pg_class:row:1263:", "rowData": "[1263,\"pg_shdescription\",11,0,0,10,0,0,0,0,0,0,0,false,false,\"p\",\"r\",4,0,false,false,false,false,false,true,\"n\",false,0,0,0]"}
2026-02-28T14:55:36.796+0300	DEBUG	logger/zap_logger.go:71	DEBUG: Saved row: 	{"rowKey": "testdb:pg_catalog:pg_class:row:2601:", "rowData": "[2601,\"pg_am\",11,0,0,10,0,0,0,0,0,0,0,false,false,\"p\",\"r\",4,0,false,false,false,false,false,true,\"n\",false,0,0,0]"}
2026-02-28T14:55:36.796+0300	INFO	logger/zap_logger.go:76	[SynchronizerVClock] Loaded key	{"key": "testdb:pg_catalog:pg_class:row:1261:", "value": "[1261,\"pg_class\",11,83,0,10,0,0,0,0,0,0,0,false,false,\"p\",\"r\",30,0,false,false,false,false,false,true,\"n\",false,0,0,0]", "vclock": {"node1":50}}
2026-02-28T14:55:36.796+0300	INFO	logger/zap_logger.go:76	[SynchronizerVClock] Loaded key	{"key": "testdb:pg_catalog:pg_class:row:1249:", "value": "[1249,\"pg_attribute\",11,75,0,10,0,0,0,0,0,0,0,false,false,\"p\",\"r\",23,0,false,false,false,false,false,true,\"n\",false,0,0,0]", "vclock": {"node1":51}}
2026-02-28T14:55:36.796+0300	DEBUG	logger/zap_logger.go:96	Executing: 

CREATE TABLE IF NOT EXISTS pg_catalog.pg_attribute (
    attrelid INTEGER,
    attname TEXT,
    atttypid INT,
    attstattarget INT,
    attlen INT,
    attnum INT,
    attndims INT,
    attcacheoff INT,
    atttypmod INT,
    attbyval BOOLEAN,
    attstorage CHAR(1),
    attalign CHAR(1),
    attnotnull BOOLEAN,
    atthasdef BOOLEAN,
    attidentity CHAR(1),
    attgenerated CHAR(1),
    attisdropped BOOLEAN,
    attislocal BOOLEAN,
    attinhcount INT,
    attcollation INT,
    attacl TEXT,
    attoptions TEXT,
    attfdwoptions TEXT,
    PRIMARY KEY (attrelid, attname)
)
2026-02-28T14:55:36.796+0300	INFO	logger/zap_logger.go:76	[SynchronizerVClock] Loaded key	{"key": "testdb:pg_catalog:pg_class:row:1255:", "value": "[1255,\"pg_proc\",11,81,0,10,0,0,0,0,0,0,0,false,false,\"p\",\"r\",29,0,false,false,false,false,false,true,\"n\",false,0,0,0]", "vclock": {"node1":52}}
2026-02-28T14:55:36.796+0300	INFO	logger/zap_logger.go:76	[SynchronizerVClock] Loaded key	{"key": "testdb:pg_catalog:pg_class:row:2615:", "value": "[2615,\"pg_namespace\",11,2615,0,10,0,0,0,0,0,0,0,false,false,\"p\",\"r\",4,0,false,false,false,false,false,true,\"n\",false,0,0,0]", "vclock": {"node1":53}}
2026-02-28T14:55:36.796+0300	INFO	logger/zap_logger.go:76	[SynchronizerVClock] Loaded key	{"key": "testdb:pg_catalog:pg_class:row:1262:", "value": "[1262,\"pg_database\",11,1248,0,10,0,0,0,0,0,0,0,false,false,\"p\",\"r\",14,0,false,false,false,false,false,true,\"n\",false,0,0,0]", "vclock": {"node1":54}}
2026-02-28T14:55:36.796+0300	INFO	logger/zap_logger.go:76	[SynchronizerVClock] Loaded key	{"key": "testdb:pg_catalog:pg_class:row:1213:", "value": "[1213,\"pg_tablespace\",11,1213,0,10,0,0,0,0,0,0,0,false,false,\"p\",\"r\",5,0,false,false,false,false,false,true,\"n\",false,0,0,0]", "vclock": {"node1":55}}
2026-02-28T14:55:36.796+0300	INFO	logger/zap_logger.go:76	[SynchronizerVClock] Loaded key	{"key": "testdb:pg_catalog:pg_class:row:1263:", "value": "[1263,\"pg_shdescription\",11,0,0,10,0,0,0,0,0,0,0,false,false,\"p\",\"r\",4,0,false,false,false,false,false,true,\"n\",false,0,0,0]", "vclock": {"node1":56}}
2026-02-28T14:55:36.796+0300	INFO	logger/zap_logger.go:76	[SynchronizerVClock] Loaded key	{"key": "testdb:pg_catalog:pg_class:row:1259:", "value": "[1259,\"pg_tables\",11,0,0,10,0,0,0,0,0,0,0,false,false,\"p\",\"r\",8,0,false,false,false,false,false,true,\"n\",false,0,0,0]", "vclock": {"node1":57}}
2026-02-28T14:55:36.796+0300	INFO	logger/zap_logger.go:76	[SynchronizerVClock] Loaded key	{"key": "testdb:pg_catalog:pg_class:row:1260:", "value": "[1260,\"pg_columns\",11,0,0,10,0,0,0,0,0,0,0,false,false,\"p\",\"r\",9,0,false,false,false,false,false,true,\"n\",false,0,0,0]", "vclock": {"node1":58}}
2026-02-28T14:55:36.796+0300	INFO	logger/zap_logger.go:76	[SynchronizerVClock] Loaded key	{"key": "testdb:pg_catalog:pg_class:row:1247:", "value": "[1247,\"pg_type\",11,71,0,10,0,0,0,0,0,0,0,false,false,\"p\",\"r\",31,0,false,false,false,false,false,true,\"n\",false,0,0,0]", "vclock": {"node1":59}}
2026-02-28T14:55:36.796+0300	INFO	logger/zap_logger.go:76	[SynchronizerVClock] Loaded key	{"key": "testdb:pg_catalog:pg_class:row:2601:", "value": "[2601,\"pg_am\",11,0,0,10,0,0,0,0,0,0,0,false,false,\"p\",\"r\",4,0,false,false,false,false,false,true,\"n\",false,0,0,0]", "vclock": {"node1":60}}
2026-02-28T14:55:36.797+0300	DEBUG	logger/zap_logger.go:96	DEBUG: Parsed statement type: CREATE_TABLE

2026-02-28T14:55:36.797+0300	DEBUG	logger/zap_logger.go:96	Executing: 

INSERT INTO pg_catalog.pg_attribute (attrelid, attname, atttypid, attstattarget, attlen, attnum, attndims, attcacheoff, atttypmod, attbyval, attstorage, attalign, attnotnull, atthasdef, attidentity, attgenerated, attisdropped, attislocal, attinhcount, attcollation, attacl, attoptions, attfdwoptions) VALUES
(1, 'schemaname', 25, -1, -1, 1, 0, -1, -1, FALSE, 'p', 'i', FALSE, FALSE, '', '', FALSE, TRUE, 0, 0, NULL, NULL, NULL),
(1, 'schematable', 25, -1, -1, 2, 0, -1, -1, FALSE, 'p', 'i', FALSE, FALSE, '', '', FALSE, TRUE, 0, 0, NULL, NULL, NULL),
(1, 'tableowner', 25, -1, -1, 3, 0, -1, -1, FALSE, 'p', 'i', FALSE, FALSE, '', '', FALSE, TRUE, 0, 0, NULL, NULL, NULL),
(1, 'tablespace', 25, -1, -1, 4, 0, -1, -1, FALSE, 'p', 'i', TRUE, FALSE, '', '', FALSE, TRUE, 0, 0, NULL, NULL, NULL),
(1, 'hasindexes', 16, -1, 1, 5, 0, -1, -1, FALSE, 'p', 'i', FALSE, FALSE, '', '', FALSE, TRUE, 0, 0,NULL , NULL , NULL),
(1,'hasrules',16,-1 ,1 ,6 ,0 ,-1 ,-1 ,FALSE ,'p' ,'i' ,FALSE ,FALSE ,'' ,'' ,FALSE ,TRUE ,0 ,0 ,NULL ,NULL ,NULL),
(1,'hastriggers',16 ,-1 ,1 ,7 ,0 ,-1 ,-1 ,FALSE ,'p' ,'i' ,FALSE ,FALSE ,'' ,'' ,FALSE ,TRUE ,0 ,0 ,NULL ,NULL ,NULL),
(1,'rowsecurity',16 ,-1 ,1 ,8 ,0 ,-1 ,-1 ,FALSE ,'p' ,'i' ,FALSE ,FALSE ,'' ,'' ,FALSE ,TRUE ,0 ,0 ,NULL ,NULL ,NULL),
(2, 'table_schema', 25, -1, -1, 1, 0, -1, -1, FALSE, 'p', 'i', FALSE, FALSE, '', '', FALSE, TRUE, 0, 0, NULL, NULL, NULL),
(2, 'table_name', 25, -1, -1, 2, 0, -1, -1, FALSE, 'p', 'i', FALSE, FALSE, '', '', FALSE, TRUE, 0, 0, NULL, NULL, NULL),
(2, 'column_name', 25, -1, -1, 3, 0, -1, -1, FALSE, 'p', 'i', FALSE, FALSE, '', '', FALSE, TRUE, 0, 0, NULL, NULL, NULL),
(2, 'original_position', 23, -1, 4, 4, 0, -1, -1, FALSE, 'p', 'i', FALSE, FALSE, '', '', FALSE, TRUE, 0, 0, NULL, NULL, NULL),
(2, 'column_default', 25, -1, -1, 5, 0, -1, -1, TRUE, 'p', 'i', TRUE, FALSE, '', '', FALSE, TRUE, 0, 0, NULL, NULL, NULL),
(2, 'is_nullable', 16, -1, 1, 6, 0, -1, -1, FALSE, 'p', 'i', FALSE, FALSE, '', '', FALSE, TRUE, 0, 0, NULL, NULL, NULL),
(2, 'data_type', 25, -1, -1, 7, 0, -1, -1, FALSE, 'p', 'i', FALSE, FALSE, '', '', FALSE, TRUE, 0, 0, NULL, NULL, NULL),
(2, 'character_maximum_length', 23, -1, 4, 8, 0, -1, -1, TRUE, 'p', 'i', TRUE, FALSE, '', '', FALSE, TRUE, 0, 0, NULL, NULL, NULL),
(2, 'numeric_precision', 23, -1, 4, 9, 0, -1, -1, TRUE, 'p', 'i', TRUE, FALSE, '', '', FALSE, TRUE, 0, 0, NULL, NULL, NULL)
2026-02-28T14:55:36.797+0300	INFO	logger/zap_logger.go:76	[SynchronizerVClock] Loaded key	{"key": "schema:testdb:pg_catalog:pg_attribute:", "value": "{\"Name\":\"pg_catalog.pg_attribute\",\"Columns\":{\"attacl\":{\"Type\":0,\"IsNullable\":true,\"DefaultValue\":null,\"IsSerial\":false,\"IsUnique\":false,\"Idx\":21},\"attalign\":{\"Type\":0,\"IsNullable\":true,\"DefaultValue\":null,\"IsSerial\":false,\"IsUnique\":false,\"Idx\":12},\"attbyval\":{\"Type\":0,\"IsNullable\":true,\"DefaultValue\":null,\"IsSerial\":false,\"IsUnique\":false,\"Idx\":10},\"attcacheoff\":{\"Type\":1,\"IsNullable\":true,\"DefaultValue\":null,\"IsSerial\":false,\"IsUnique\":false,\"Idx\":8},\"attcollation\":{\"Type\":1,\"IsNullable\":true,\"DefaultValue\":null,\"IsSerial\":false,\"IsUnique\":false,\"Idx\":20},\"attfdwoptions\":{\"Type\":0,\"IsNullable\":true,\"DefaultValue\":null,\"IsSerial\":false,\"IsUnique\":false,\"Idx\":23},\"attgenerated\":{\"Type\":0,\"IsNullable\":true,\"DefaultValue\":null,\"IsSerial\":false,\"IsUnique\":false,\"Idx\":16},\"atthasdef\":{\"Type\":0,\"IsNullable\":true,\"DefaultValue\":null,\"IsSerial\":false,\"IsUnique\":false,\"Idx\":14},\"attidentity\":{\"Type\":0,\"IsNullable\":true,\"DefaultValue\":null,\"IsSerial\":false,\"IsUnique\":false,\"Idx\":15},\"attinhcount\":{\"Type\":1,\"IsNullable\":true,\"DefaultValue\":null,\"IsSerial\":false,\"IsUnique\":false,\"Idx\":19},\"attisdropped\":{\"Type\":0,\"IsNullable\":true,\"DefaultValue\":null,\"IsSerial\":false,\"IsUnique\":false,\"Idx\":17},\"attislocal\":{\"Type\":0,\"IsNullable\":true,\"DefaultValue\":null,\"IsSerial\":false,\"IsUnique\":false,\"Idx\":18},\"attlen\":{\"Type\":1,\"IsNullable\":true,\"DefaultValue\":null,\"IsSerial\":false,\"IsUnique\":false,\"Idx\":5},\"attname\":{\"Type\":0,\"IsNullable\":false,\"DefaultValue\":null,\"IsSerial\":false,\"IsUnique\":false,\"Idx\":2},\"attndims\":{\"Type\":1,\"IsNullable\":true,\"DefaultValue\":null,\"IsSerial\":false,\"IsUnique\":false,\"Idx\":7},\"attnotnull\":{\"Type\":0,\"IsNullable\":true,\"DefaultValue\":null,\"IsSerial\":false,\"IsUnique\":false,\"Idx\":13},\"attnum\":{\"Type\":1,\"IsNullable\":true,\"DefaultValue\":null,\"IsSerial\":false,\"IsUnique\":false,\"Idx\":6},\"attoptions\":{\"Type\":0,\"IsNullable\":true,\"DefaultValue\":null,\"IsSerial\":false,\"IsUnique\":false,\"Idx\":22},\"attrelid\":{\"Type\":0,\"IsNullable\":false,\"DefaultValue\":null,\"IsSerial\":false,\"IsUnique\":false,\"Idx\":1},\"attstattarget\":{\"Type\":1,\"IsNullable\":true,\"DefaultValue\":null,\"IsSerial\":false,\"IsUnique\":false,\"Idx\":4},\"attstorage\":{\"Type\":0,\"IsNullable\":true,\"DefaultValue\":null,\"IsSerial\":false,\"IsUnique\":false,\"Idx\":11},\"atttypid\":{\"Type\":1,\"IsNullable\":true,\"DefaultValue\":null,\"IsSerial\":false,\"IsUnique\":false,\"Idx\":3},\"atttypmod\":{\"Type\":1,\"IsNullable\":true,\"DefaultValue\":null,\"IsSerial\":false,\"IsUnique\":false,\"Idx\":9}},\"PrimaryKeys\":[1,2]}", "vclock": {"node1":61}}
2026-02-28T14:55:36.800+0300	DEBUG	logger/zap_logger.go:96	DEBUG: Parsed statement type: INSERT

2026-02-28T14:55:36.800+0300	DEBUG	logger/zap_logger.go:96	DEBUG: Insert into pg_catalog.pg_attribute: [[1 schemaname 25 -1 -1 1 0 -1 -1 false p i false false   false true 0 0 NULL NULL NULL] [1 schematable 25 -1 -1 2 0 -1 -1 false p i false false   false true 0 0 NULL NULL NULL] [1 tableowner 25 -1 -1 3 0 -1 -1 false p i false false   false true 0 0 NULL NULL NULL] [1 tablespace 25 -1 -1 4 0 -1 -1 false p i true false   false true 0 0 NULL NULL NULL] [1 hasindexes 16 -1 1 5 0 -1 -1 false p i false false   false true 0 0 NULL NULL NULL] [1 hasrules 16 -1 1 6 0 -1 -1 false p i false false   false true 0 0 NULL NULL NULL] [1 hastriggers 16 -1 1 7 0 -1 -1 false p i false false   false true 0 0 NULL NULL NULL] [1 rowsecurity 16 -1 1 8 0 -1 -1 false p i false false   false true 0 0 NULL NULL NULL] [2 table_schema 25 -1 -1 1 0 -1 -1 false p i false false   false true 0 0 NULL NULL NULL] [2 table_name 25 -1 -1 2 0 -1 -1 false p i false false   false true 0 0 NULL NULL NULL] [2 column_name 25 -1 -1 3 0 -1 -1 false p i false false   false true 0 0 NULL NULL NULL] [2 original_position 23 -1 4 4 0 -1 -1 false p i false false   false true 0 0 NULL NULL NULL] [2 column_default 25 -1 -1 5 0 -1 -1 true p i true false   false true 0 0 NULL NULL NULL] [2 is_nullable 16 -1 1 6 0 -1 -1 false p i false false   false true 0 0 NULL NULL NULL] [2 data_type 25 -1 -1 7 0 -1 -1 false p i false false   false true 0 0 NULL NULL NULL] [2 character_maximum_length 23 -1 4 8 0 -1 -1 true p i true false   false true 0 0 NULL NULL NULL] [2 numeric_precision 23 -1 4 9 0 -1 -1 true p i true false   false true 0 0 NULL NULL NULL]]

2026-02-28T14:55:36.800+0300	DEBUG	logger/zap_logger.go:71	DEBUG: Table metadata:	{"meta": {"Name":"pg_catalog.pg_attribute","Columns":{"attacl":{"Type":0,"IsNullable":true,"DefaultValue":null,"IsSerial":false,"IsUnique":false,"Idx":21},"attalign":{"Type":0,"IsNullable":true,"DefaultValue":null,"IsSerial":false,"IsUnique":false,"Idx":12},"attbyval":{"Type":0,"IsNullable":true,"DefaultValue":null,"IsSerial":false,"IsUnique":false,"Idx":10},"attcacheoff":{"Type":1,"IsNullable":true,"DefaultValue":null,"IsSerial":false,"IsUnique":false,"Idx":8},"attcollation":{"Type":1,"IsNullable":true,"DefaultValue":null,"IsSerial":false,"IsUnique":false,"Idx":20},"attfdwoptions":{"Type":0,"IsNullable":true,"DefaultValue":null,"IsSerial":false,"IsUnique":false,"Idx":23},"attgenerated":{"Type":0,"IsNullable":true,"DefaultValue":null,"IsSerial":false,"IsUnique":false,"Idx":16},"atthasdef":{"Type":0,"IsNullable":true,"DefaultValue":null,"IsSerial":false,"IsUnique":false,"Idx":14},"attidentity":{"Type":0,"IsNullable":true,"DefaultValue":null,"IsSerial":false,"IsUnique":false,"Idx":15},"attinhcount":{"Type":1,"IsNullable":true,"DefaultValue":null,"IsSerial":false,"IsUnique":false,"Idx":19},"attisdropped":{"Type":0,"IsNullable":true,"DefaultValue":null,"IsSerial":false,"IsUnique":false,"Idx":17},"attislocal":{"Type":0,"IsNullable":true,"DefaultValue":null,"IsSerial":false,"IsUnique":false,"Idx":18},"attlen":{"Type":1,"IsNullable":true,"DefaultValue":null,"IsSerial":false,"IsUnique":false,"Idx":5},"attname":{"Type":0,"IsNullable":false,"DefaultValue":null,"IsSerial":false,"IsUnique":false,"Idx":2},"attndims":{"Type":1,"IsNullable":true,"DefaultValue":null,"IsSerial":false,"IsUnique":false,"Idx":7},"attnotnull":{"Type":0,"IsNullable":true,"DefaultValue":null,"IsSerial":false,"IsUnique":false,"Idx":13},"attnum":{"Type":1,"IsNullable":true,"DefaultValue":null,"IsSerial":false,"IsUnique":false,"Idx":6},"attoptions":{"Type":0,"IsNullable":true,"DefaultValue":null,"IsSerial":false,"IsUnique":false,"Idx":22},"attrelid":{"Type":0,"IsNullable":false,"DefaultValue":null,"IsSerial":false,"IsUnique":false,"Idx":1},"attstattarget":{"Type":1,"IsNullable":true,"DefaultValue":null,"IsSerial":false,"IsUnique":false,"Idx":4},"attstorage":{"Type":0,"IsNullable":true,"DefaultValue":null,"IsSerial":false,"IsUnique":false,"Idx":11},"atttypid":{"Type":1,"IsNullable":true,"DefaultValue":null,"IsSerial":false,"IsUnique":false,"Idx":3},"atttypmod":{"Type":1,"IsNullable":true,"DefaultValue":null,"IsSerial":false,"IsUnique":false,"Idx":9}},"PrimaryKeys":[1,2]}}
2026-02-28T14:55:36.800+0300	DEBUG	logger/zap_logger.go:71	DEBUG: Saved row: 	{"rowKey": "testdb:pg_catalog:pg_attribute:row:1schemaname:", "rowData": "[1,\"schemaname\",25,-1,-1,1,0,-1,-1,false,\"p\",\"i\",false,false,\"\",\"\",false,true,0,0,\"NULL\",\"NULL\",\"NULL\"]"}
2026-02-28T14:55:36.800+0300	DEBUG	logger/zap_logger.go:71	DEBUG: Saved row: 	{"rowKey": "testdb:pg_catalog:pg_attribute:row:1schematable:", "rowData": "[1,\"schematable\",25,-1,-1,2,0,-1,-1,false,\"p\",\"i\",false,false,\"\",\"\",false,true,0,0,\"NULL\",\"NULL\",\"NULL\"]"}
2026-02-28T14:55:36.800+0300	DEBUG	logger/zap_logger.go:71	DEBUG: Saved row: 	{"rowKey": "testdb:pg_catalog:pg_attribute:row:1tableowner:", "rowData": "[1,\"tableowner\",25,-1,-1,3,0,-1,-1,false,\"p\",\"i\",false,false,\"\",\"\",false,true,0,0,\"NULL\",\"NULL\",\"NULL\"]"}
2026-02-28T14:55:36.800+0300	DEBUG	logger/zap_logger.go:71	DEBUG: Saved row: 	{"rowKey": "testdb:pg_catalog:pg_attribute:row:1tablespace:", "rowData": "[1,\"tablespace\",25,-1,-1,4,0,-1,-1,false,\"p\",\"i\",true,false,\"\",\"\",false,true,0,0,\"NULL\",\"NULL\",\"NULL\"]"}
2026-02-28T14:55:36.800+0300	DEBUG	logger/zap_logger.go:71	DEBUG: Saved row: 	{"rowKey": "testdb:pg_catalog:pg_attribute:row:1hasindexes:", "rowData": "[1,\"hasindexes\",16,-1,1,5,0,-1,-1,false,\"p\",\"i\",false,false,\"\",\"\",false,true,0,0,\"NULL\",\"NULL\",\"NULL\"]"}
2026-02-28T14:55:36.800+0300	DEBUG	logger/zap_logger.go:71	DEBUG: Saved row: 	{"rowKey": "testdb:pg_catalog:pg_attribute:row:1hasrules:", "rowData": "[1,\"hasrules\",16,-1,1,6,0,-1,-1,false,\"p\",\"i\",false,false,\"\",\"\",false,true,0,0,\"NULL\",\"NULL\",\"NULL\"]"}
2026-02-28T14:55:36.800+0300	DEBUG	logger/zap_logger.go:71	DEBUG: Saved row: 	{"rowKey": "testdb:pg_catalog:pg_attribute:row:1hastriggers:", "rowData": "[1,\"hastriggers\",16,-1,1,7,0,-1,-1,false,\"p\",\"i\",false,false,\"\",\"\",false,true,0,0,\"NULL\",\"NULL\",\"NULL\"]"}
2026-02-28T14:55:36.800+0300	DEBUG	logger/zap_logger.go:71	DEBUG: Saved row: 	{"rowKey": "testdb:pg_catalog:pg_attribute:row:1rowsecurity:", "rowData": "[1,\"rowsecurity\",16,-1,1,8,0,-1,-1,false,\"p\",\"i\",false,false,\"\",\"\",false,true,0,0,\"NULL\",\"NULL\",\"NULL\"]"}
2026-02-28T14:55:36.800+0300	DEBUG	logger/zap_logger.go:71	DEBUG: Saved row: 	{"rowKey": "testdb:pg_catalog:pg_attribute:row:2table_schema:", "rowData": "[2,\"table_schema\",25,-1,-1,1,0,-1,-1,false,\"p\",\"i\",false,false,\"\",\"\",false,true,0,0,\"NULL\",\"NULL\",\"NULL\"]"}
2026-02-28T14:55:36.800+0300	DEBUG	logger/zap_logger.go:71	DEBUG: Saved row: 	{"rowKey": "testdb:pg_catalog:pg_attribute:row:2table_name:", "rowData": "[2,\"table_name\",25,-1,-1,2,0,-1,-1,false,\"p\",\"i\",false,false,\"\",\"\",false,true,0,0,\"NULL\",\"NULL\",\"NULL\"]"}
2026-02-28T14:55:36.800+0300	DEBUG	logger/zap_logger.go:71	DEBUG: Saved row: 	{"rowKey": "testdb:pg_catalog:pg_attribute:row:2column_name:", "rowData": "[2,\"column_name\",25,-1,-1,3,0,-1,-1,false,\"p\",\"i\",false,false,\"\",\"\",false,true,0,0,\"NULL\",\"NULL\",\"NULL\"]"}
2026-02-28T14:55:36.800+0300	DEBUG	logger/zap_logger.go:71	DEBUG: Saved row: 	{"rowKey": "testdb:pg_catalog:pg_attribute:row:2original_position:", "rowData": "[2,\"original_position\",23,-1,4,4,0,-1,-1,false,\"p\",\"i\",false,false,\"\",\"\",false,true,0,0,\"NULL\",\"NULL\",\"NULL\"]"}
2026-02-28T14:55:36.800+0300	DEBUG	logger/zap_logger.go:71	DEBUG: Saved row: 	{"rowKey": "testdb:pg_catalog:pg_attribute:row:2column_default:", "rowData": "[2,\"column_default\",25,-1,-1,5,0,-1,-1,true,\"p\",\"i\",true,false,\"\",\"\",false,true,0,0,\"NULL\",\"NULL\",\"NULL\"]"}
2026-02-28T14:55:36.800+0300	DEBUG	logger/zap_logger.go:71	DEBUG: Saved row: 	{"rowKey": "testdb:pg_catalog:pg_attribute:row:2is_nullable:", "rowData": "[2,\"is_nullable\",16,-1,1,6,0,-1,-1,false,\"p\",\"i\",false,false,\"\",\"\",false,true,0,0,\"NULL\",\"NULL\",\"NULL\"]"}
2026-02-28T14:55:36.800+0300	DEBUG	logger/zap_logger.go:71	DEBUG: Saved row: 	{"rowKey": "testdb:pg_catalog:pg_attribute:row:2data_type:", "rowData": "[2,\"data_type\",25,-1,-1,7,0,-1,-1,false,\"p\",\"i\",false,false,\"\",\"\",false,true,0,0,\"NULL\",\"NULL\",\"NULL\"]"}
2026-02-28T14:55:36.800+0300	DEBUG	logger/zap_logger.go:71	DEBUG: Saved row: 	{"rowKey": "testdb:pg_catalog:pg_attribute:row:2character_maximum_length:", "rowData": "[2,\"character_maximum_length\",23,-1,4,8,0,-1,-1,true,\"p\",\"i\",true,false,\"\",\"\",false,true,0,0,\"NULL\",\"NULL\",\"NULL\"]"}
2026-02-28T14:55:36.800+0300	DEBUG	logger/zap_logger.go:71	DEBUG: Saved row: 	{"rowKey": "testdb:pg_catalog:pg_attribute:row:2numeric_precision:", "rowData": "[2,\"numeric_precision\",23,-1,4,9,0,-1,-1,true,\"p\",\"i\",true,false,\"\",\"\",false,true,0,0,\"NULL\",\"NULL\",\"NULL\"]"}
2026-02-28T14:55:36.800+0300	INFO	logger/zap_logger.go:76	[SynchronizerVClock] Loaded key	{"key": "testdb:pg_catalog:pg_attribute:row:1tablespace:", "value": "[1,\"tablespace\",25,-1,-1,4,0,-1,-1,false,\"p\",\"i\",true,false,\"\",\"\",false,true,0,0,\"NULL\",\"NULL\",\"NULL\"]", "vclock": {"node1":62}}
2026-02-28T14:55:36.800+0300	DEBUG	logger/zap_logger.go:96	Executing: 

CREATE TABLE IF NOT EXISTS pg_catalog.pg_proc (
    oid INT,
    proname TEXT,
    pronamespace INT,
    proowner INT,
    prolang INT,
    procost FLOAT,
    prorows FLOAT,
    provariadic INT,
    protransform TEXT,
    proisagg BOOLEAN,
    proiswindow BOOLEAN,
    prosecdef BOOLEAN,
    proleakproof BOOLEAN,
    proisstrict BOOLEAN,
    proretset BOOLEAN,
    provolatile CHAR(1),
    proparallel CHAR(1),
    pronargs INT,
    pronargdefaults INT,
    prorettype INT,
    proargtypes TEXT,
    proallargtypes TEXT,
    proargmodes TEXT,
    proargnames TEXT,
    proargdefaults TEXT,
    protrftypes TEXT,
    prosrc TEXT,
    probin TEXT,
    proconfig TEXT,
    proacl TEXT
)
2026-02-28T14:55:36.800+0300	INFO	logger/zap_logger.go:76	[SynchronizerVClock] Loaded key	{"key": "testdb:pg_catalog:pg_attribute:row:2table_schema:", "value": "[2,\"table_schema\",25,-1,-1,1,0,-1,-1,false,\"p\",\"i\",false,false,\"\",\"\",false,true,0,0,\"NULL\",\"NULL\",\"NULL\"]", "vclock": {"node1":63}}
2026-02-28T14:55:36.800+0300	INFO	logger/zap_logger.go:76	[SynchronizerVClock] Loaded key	{"key": "testdb:pg_catalog:pg_attribute:row:2original_position:", "value": "[2,\"original_position\",23,-1,4,4,0,-1,-1,false,\"p\",\"i\",false,false,\"\",\"\",false,true,0,0,\"NULL\",\"NULL\",\"NULL\"]", "vclock": {"node1":64}}
2026-02-28T14:55:36.800+0300	INFO	logger/zap_logger.go:76	[SynchronizerVClock] Loaded key	{"key": "testdb:pg_catalog:pg_attribute:row:2column_default:", "value": "[2,\"column_default\",25,-1,-1,5,0,-1,-1,true,\"p\",\"i\",true,false,\"\",\"\",false,true,0,0,\"NULL\",\"NULL\",\"NULL\"]", "vclock": {"node1":65}}
2026-02-28T14:55:36.800+0300	INFO	logger/zap_logger.go:76	[SynchronizerVClock] Loaded key	{"key": "testdb:pg_catalog:pg_attribute:row:1schemaname:", "value": "[1,\"schemaname\",25,-1,-1,1,0,-1,-1,false,\"p\",\"i\",false,false,\"\",\"\",false,true,0,0,\"NULL\",\"NULL\",\"NULL\"]", "vclock": {"node1":66}}
2026-02-28T14:55:36.800+0300	INFO	logger/zap_logger.go:76	[SynchronizerVClock] Loaded key	{"key": "testdb:pg_catalog:pg_attribute:row:1schematable:", "value": "[1,\"schematable\",25,-1,-1,2,0,-1,-1,false,\"p\",\"i\",false,false,\"\",\"\",false,true,0,0,\"NULL\",\"NULL\",\"NULL\"]", "vclock": {"node1":67}}
2026-02-28T14:55:36.800+0300	INFO	logger/zap_logger.go:76	[SynchronizerVClock] Loaded key	{"key": "testdb:pg_catalog:pg_attribute:row:1tableowner:", "value": "[1,\"tableowner\",25,-1,-1,3,0,-1,-1,false,\"p\",\"i\",false,false,\"\",\"\",false,true,0,0,\"NULL\",\"NULL\",\"NULL\"]", "vclock": {"node1":68}}
2026-02-28T14:55:36.800+0300	INFO	logger/zap_logger.go:76	[SynchronizerVClock] Loaded key	{"key": "testdb:pg_catalog:pg_attribute:row:1hasrules:", "value": "[1,\"hasrules\",16,-1,1,6,0,-1,-1,false,\"p\",\"i\",false,false,\"\",\"\",false,true,0,0,\"NULL\",\"NULL\",\"NULL\"]", "vclock": {"node1":69}}
2026-02-28T14:55:36.800+0300	INFO	logger/zap_logger.go:76	[SynchronizerVClock] Loaded key	{"key": "testdb:pg_catalog:pg_attribute:row:1rowsecurity:", "value": "[1,\"rowsecurity\",16,-1,1,8,0,-1,-1,false,\"p\",\"i\",false,false,\"\",\"\",false,true,0,0,\"NULL\",\"NULL\",\"NULL\"]", "vclock": {"node1":70}}
2026-02-28T14:55:36.800+0300	INFO	logger/zap_logger.go:76	[SynchronizerVClock] Loaded key	{"key": "testdb:pg_catalog:pg_attribute:row:2table_name:", "value": "[2,\"table_name\",25,-1,-1,2,0,-1,-1,false,\"p\",\"i\",false,false,\"\",\"\",false,true,0,0,\"NULL\",\"NULL\",\"NULL\"]", "vclock": {"node1":71}}
2026-02-28T14:55:36.800+0300	INFO	logger/zap_logger.go:76	[SynchronizerVClock] Loaded key	{"key": "testdb:pg_catalog:pg_attribute:row:2column_name:", "value": "[2,\"column_name\",25,-1,-1,3,0,-1,-1,false,\"p\",\"i\",false,false,\"\",\"\",false,true,0,0,\"NULL\",\"NULL\",\"NULL\"]", "vclock": {"node1":72}}
2026-02-28T14:55:36.800+0300	INFO	logger/zap_logger.go:76	[SynchronizerVClock] Loaded key	{"key": "testdb:pg_catalog:pg_attribute:row:2data_type:", "value": "[2,\"data_type\",25,-1,-1,7,0,-1,-1,false,\"p\",\"i\",false,false,\"\",\"\",false,true,0,0,\"NULL\",\"NULL\",\"NULL\"]", "vclock": {"node1":73}}
2026-02-28T14:55:36.800+0300	INFO	logger/zap_logger.go:76	[SynchronizerVClock] Loaded key	{"key": "testdb:pg_catalog:pg_attribute:row:2character_maximum_length:", "value": "[2,\"character_maximum_length\",23,-1,4,8,0,-1,-1,true,\"p\",\"i\",true,false,\"\",\"\",false,true,0,0,\"NULL\",\"NULL\",\"NULL\"]", "vclock": {"node1":74}}
2026-02-28T14:55:36.800+0300	INFO	logger/zap_logger.go:76	[SynchronizerVClock] Loaded key	{"key": "testdb:pg_catalog:pg_attribute:row:2numeric_precision:", "value": "[2,\"numeric_precision\",23,-1,4,9,0,-1,-1,true,\"p\",\"i\",true,false,\"\",\"\",false,true,0,0,\"NULL\",\"NULL\",\"NULL\"]", "vclock": {"node1":75}}
2026-02-28T14:55:36.800+0300	INFO	logger/zap_logger.go:76	[SynchronizerVClock] Loaded key	{"key": "testdb:pg_catalog:pg_attribute:row:1hasindexes:", "value": "[1,\"hasindexes\",16,-1,1,5,0,-1,-1,false,\"p\",\"i\",false,false,\"\",\"\",false,true,0,0,\"NULL\",\"NULL\",\"NULL\"]", "vclock": {"node1":76}}
2026-02-28T14:55:36.800+0300	INFO	logger/zap_logger.go:76	[SynchronizerVClock] Loaded key	{"key": "testdb:pg_catalog:pg_attribute:row:1hastriggers:", "value": "[1,\"hastriggers\",16,-1,1,7,0,-1,-1,false,\"p\",\"i\",false,false,\"\",\"\",false,true,0,0,\"NULL\",\"NULL\",\"NULL\"]", "vclock": {"node1":77}}
2026-02-28T14:55:36.800+0300	INFO	logger/zap_logger.go:76	[SynchronizerVClock] Loaded key	{"key": "testdb:pg_catalog:pg_attribute:row:2is_nullable:", "value": "[2,\"is_nullable\",16,-1,1,6,0,-1,-1,false,\"p\",\"i\",false,false,\"\",\"\",false,true,0,0,\"NULL\",\"NULL\",\"NULL\"]", "vclock": {"node1":78}}
2026-02-28T14:55:36.800+0300	DEBUG	logger/zap_logger.go:96	DEBUG: Parsed statement type: CREATE_TABLE

2026-02-28T14:55:36.801+0300	DEBUG	logger/zap_logger.go:96	Executing: 

CREATE TABLE IF NOT EXISTS pg_catalog.pg_type (
    oid INT,
    typname TEXT,
    typnamespace INT,
    typowner INT,
    typlen INT,
    typbyval BOOLEAN,
    typtype CHAR(1),
    typcategory CHAR(1),
    typispreferred BOOLEAN,
    typisdefined BOOLEAN,
    typdelim CHAR(1),
    typrelid INT,
    typelem INT,
    typarray INT,
    typinput TEXT,
    typoutput TEXT,
    typreceive TEXT,
    typsend TEXT,
    typmodin TEXT,
    typmodout TEXT,
    typanalyze TEXT,
    typalign CHAR(1),
    typstorage CHAR(1),
    typnotnull BOOLEAN,
    typbasetype INT,
    typtypmod INT,
    typndims INT,
    typcollation INT,
    typdefaultbin TEXT,
    typdefault TEXT,
    typacl TEXT,
    PRIMARY KEY (oid)
)
2026-02-28T14:55:36.801+0300	INFO	logger/zap_logger.go:76	[SynchronizerVClock] Loaded key	{"key": "schema:testdb:pg_catalog:pg_proc:", "value": "{\"Name\":\"pg_catalog.pg_proc\",\"Columns\":{\"oid\":{\"Type\":1,\"IsNullable\":true,\"DefaultValue\":null,\"IsSerial\":false,\"IsUnique\":false,\"Idx\":1},\"proacl\":{\"Type\":0,\"IsNullable\":true,\"DefaultValue\":null,\"IsSerial\":false,\"IsUnique\":false,\"Idx\":30},\"proallargtypes\":{\"Type\":0,\"IsNullable\":true,\"DefaultValue\":null,\"IsSerial\":false,\"IsUnique\":false,\"Idx\":22},\"proargdefaults\":{\"Type\":0,\"IsNullable\":true,\"DefaultValue\":null,\"IsSerial\":false,\"IsUnique\":false,\"Idx\":25},\"proargmodes\":{\"Type\":0,\"IsNullable\":true,\"DefaultValue\":null,\"IsSerial\":false,\"IsUnique\":false,\"Idx\":23},\"proargnames\":{\"Type\":0,\"IsNullable\":true,\"DefaultValue\":null,\"IsSerial\":false,\"IsUnique\":false,\"Idx\":24},\"proargtypes\":{\"Type\":0,\"IsNullable\":true,\"DefaultValue\":null,\"IsSerial\":false,\"IsUnique\":false,\"Idx\":21},\"probin\":{\"Type\":0,\"IsNullable\":true,\"DefaultValue\":null,\"IsSerial\":false,\"IsUnique\":false,\"Idx\":28},\"proconfig\":{\"Type\":0,\"IsNullable\":true,\"DefaultValue\":null,\"IsSerial\":false,\"IsUnique\":false,\"Idx\":29},\"procost\":{\"Type\":3,\"IsNullable\":true,\"DefaultValue\":null,\"IsSerial\":false,\"IsUnique\":false,\"Idx\":6},\"proisagg\":{\"Type\":0,\"IsNullable\":true,\"DefaultValue\":null,\"IsSerial\":false,\"IsUnique\":false,\"Idx\":10},\"proisstrict\":{\"Type\":0,\"IsNullable\":true,\"DefaultValue\":null,\"IsSerial\":false,\"IsUnique\":false,\"Idx\":14},\"proiswindow\":{\"Type\":0,\"IsNullable\":true,\"DefaultValue\":null,\"IsSerial\":false,\"IsUnique\":false,\"Idx\":11},\"prolang\":{\"Type\":1,\"IsNullable\":true,\"DefaultValue\":null,\"IsSerial\":false,\"IsUnique\":false,\"Idx\":5},\"proleakproof\":{\"Type\":0,\"IsNullable\":true,\"DefaultValue\":null,\"IsSerial\":false,\"IsUnique\":false,\"Idx\":13},\"proname\":{\"Type\":0,\"IsNullable\":true,\"DefaultValue\":null,\"IsSerial\":false,\"IsUnique\":false,\"Idx\":2},\"pronamespace\":{\"Type\":1,\"IsNullable\":true,\"DefaultValue\":null,\"IsSerial\":false,\"IsUnique\":false,\"Idx\":3},\"pronargdefaults\":{\"Type\":1,\"IsNullable\":true,\"DefaultValue\":null,\"IsSerial\":false,\"IsUnique\":false,\"Idx\":19},\"pronargs\":{\"Type\":1,\"IsNullable\":true,\"DefaultValue\":null,\"IsSerial\":false,\"IsUnique\":false,\"Idx\":18},\"proowner\":{\"Type\":1,\"IsNullable\":true,\"DefaultValue\":null,\"IsSerial\":false,\"IsUnique\":false,\"Idx\":4},\"proparallel\":{\"Type\":0,\"IsNullable\":true,\"DefaultValue\":null,\"IsSerial\":false,\"IsUnique\":false,\"Idx\":17},\"proretset\":{\"Type\":0,\"IsNullable\":true,\"DefaultValue\":null,\"IsSerial\":false,\"IsUnique\":false,\"Idx\":15},\"prorettype\":{\"Type\":1,\"IsNullable\":true,\"DefaultValue\":null,\"IsSerial\":false,\"IsUnique\":false,\"Idx\":20},\"prorows\":{\"Type\":3,\"IsNullable\":true,\"DefaultValue\":null,\"IsSerial\":false,\"IsUnique\":false,\"Idx\":7},\"prosecdef\":{\"Type\":0,\"IsNullable\":true,\"DefaultValue\":null,\"IsSerial\":false,\"IsUnique\":false,\"Idx\":12},\"prosrc\":{\"Type\":0,\"IsNullable\":true,\"DefaultValue\":null,\"IsSerial\":false,\"IsUnique\":false,\"Idx\":27},\"protransform\":{\"Type\":0,\"IsNullable\":true,\"DefaultValue\":null,\"IsSerial\":false,\"IsUnique\":false,\"Idx\":9},\"protrftypes\":{\"Type\":0,\"IsNullable\":true,\"DefaultValue\":null,\"IsSerial\":false,\"IsUnique\":false,\"Idx\":26},\"provariadic\":{\"Type\":1,\"IsNullable\":true,\"DefaultValue\":null,\"IsSerial\":false,\"IsUnique\":false,\"Idx\":8},\"provolatile\":{\"Type\":0,\"IsNullable\":true,\"DefaultValue\":null,\"IsSerial\":false,\"IsUnique\":false,\"Idx\":16}},\"PrimaryKeys\":[]}", "vclock": {"node1":79}}
2026-02-28T14:55:36.801+0300	DEBUG	logger/zap_logger.go:96	DEBUG: Parsed statement type: CREATE_TABLE

2026-02-28T14:55:36.801+0300	DEBUG	logger/zap_logger.go:96	Executing: 

INSERT INTO pg_catalog.pg_type (oid, typname, typnamespace, typowner, typlen, typbyval, typtype, typcategory, typispreferred, typisdefined, typdelim, typrelid, typelem, typarray, typinput, typoutput, typreceive, typsend, typmodin, typmodout, typanalyze, typalign, typstorage, typnotnull, typbasetype, typtypmod, typndims, typcollation, typdefaultbin, typdefault, typacl) VALUES
(16, 'bool', 11, 10, 1, TRUE, 'b', 'B', TRUE, TRUE, ',', 0, 0, 1000, 'boolin', 'boolout', 'boolrecv', 'boolsend', 'booltypmodin', 'booltypmodout', 'boolanalyze', 'c', 'p', FALSE, 0, -1, 0, 0, NULL, NULL, NULL),
(17, 'bytea', 11, 10, -1, FALSE, 'b', 'U', FALSE, TRUE, ',', 0, 0, 1001, 'byteain', 'byteaout', 'bytearecv', 'byteasend', '-', '-', '-', 'i', 'x', FALSE, 0, -1, 0, 0, NULL, NULL, NULL),
(18, 'char', 11, 10, 1, TRUE, 'b', 'Z', FALSE, TRUE, ',', 0, 0, 1002, 'charin', 'charout', 'charrecv', 'charsend', '-', '-', '-', 'c', 'p', FALSE, 0, -1, 0, 0, NULL, NULL, NULL),
(19, 'name', 11, 10, 64, FALSE, 'b', 'S', FALSE, TRUE, ',', 0, 0, 1003, 'namein', 'nameout', 'namerecv', 'namesend', '-', '-', '-', 'c', 'p', FALSE, 0, -1, 0, 950, NULL, NULL, NULL),
(20, 'int8', 11, 10, 8, TRUE, 'b', 'N', FALSE, TRUE, ',', 0, 0, 1016, 'int8in', 'int8out', 'int8recv', 'int8send', '-', '-', '-', 'd', 'p', FALSE, 0, -1, 0, 0, NULL, NULL, NULL),
(21, 'int2', 11, 10, 2, TRUE, 'b', 'N', FALSE, TRUE, ',', 0, 0, 1005, 'int2in', 'int2out', 'int2recv', 'int2send', '-', '-', '-', 's', 'p', FALSE, 0, -1, 0, 0, NULL, NULL, NULL),
(23, 'int4', 11, 10, 4, TRUE, 'b', 'N', TRUE, TRUE, ',', 0, 0, 1007, 'int4in', 'int4out', 'int4recv', 'int4send', 'int4typmodin', 'int4typmodout', 'int4analyze', 'i', 'p', FALSE, 0, -1, 0, 0, NULL, NULL, NULL),
(24, 'regproc', 11, 10, 4, TRUE, 'b', 'N', FALSE, TRUE, ',', 0, 0, 1008, 'regprocin', 'regprocout', 'regprocrecv', 'regprocsend', '-', '-', '-', 'i', 'p', FALSE, 0, -1, 0, 0, NULL, NULL, NULL),
(25, 'text', 11, 10, -1, FALSE, 'b', 'S', TRUE, TRUE, ',', 0, 0, 1009, 'textin', 'textout', 'textrecv', 'textsend', 'texttypmodin', 'texttypmodout', 'textanalyze', 'i', 'e', FALSE, 0, -1, 0, 0, NULL, NULL, NULL),
(26, 'oid', 11, 10, 4, TRUE, 'b', 'N', TRUE, TRUE, ',', 0, 0, 1028, 'oidin', 'oidout', 'oidrecv', 'oidsend', '-', '-', '-', 'i', 'p', FALSE, 0, -1, 0, 0, NULL, NULL, NULL),
(700, 'float4', 11, 10, 4, TRUE, 'b', 'N', FALSE, TRUE, ',', 0, 0, 1021, 'float4in', 'float4out', 'float4recv', 'float4send', '-', '-', '-', 'i', 'p', FALSE, 0, -1, 0, 0, NULL, NULL, NULL),
(701, 'float8', 11, 10, 8, TRUE, 'b', 'N', TRUE, TRUE, ',', 0, 0, 1022, 'float8in', 'float8out', 'float8recv', 'float8send', '-', '-', '-', 'd', 'p', FALSE, 0, -1, 0, 0, NULL, NULL, NULL),
(1043, 'varchar', 11, 10, -1, FALSE, 'b', 'S', FALSE, TRUE, ',', 0, 0, 1015, 'varcharin', 'varcharout', 'varcharrecv', 'varcharsend', 'varchartypmodin', 'varchartypmodout', '-', 'i', 'e', FALSE, 0, -1, 0, 100, NULL, NULL, NULL),
(1082, 'date', 11, 10, 4, TRUE, 'b', 'D', FALSE, TRUE, ',', 0, 0, 1182, 'date_in', 'date_out', 'date_recv', 'date_send', '-', '-', '-', 'i', 'p', FALSE, 0, -1, 0, 0, NULL, NULL, NULL),
(1083, 'time', 11, 10, 8, TRUE, 'b', 'D', FALSE, TRUE, ',', 0, 0, 1183, 'time_in', 'time_out', 'time_recv', 'time_send', 'timetypmodin', 'timetypmodout', '-', 'd', 'p', FALSE, 0, -1, 0, 0, NULL, NULL, NULL),
(1114, 'timestamp', 11, 10, 8, TRUE, 'b', 'D', FALSE, TRUE, ',', 0, 0, 1115, 'timestamp_in', 'timestamp_out', 'timestamp_recv', 'timestamp_send', 'timestamptypmodin', 'timestamptypmodout', '-', 'd', 'p', FALSE, 0, -1, 0, 0, NULL, NULL, NULL),
(1184, 'timestamptz', 11, 10, 8, TRUE, 'b', 'D', TRUE, TRUE, ',', 0, 0, 1185, 'timestamptz_in', 'timestamptz_out', 'timestamptz_recv', 'timestamptz_send', 'timestamptztypmodin', 'timestamptztypmodout', '-', 'd', 'p', FALSE, 0, -1, 0, 0, NULL, NULL, NULL),
(1700, 'numeric', 11, 10, -1, FALSE, 'b', 'N', FALSE, TRUE, ',', 0, 0, 1231, 'numeric_in', 'numeric_out', 'numeric_recv', 'numeric_send', 'numerictypmodin', 'numerictypmodout', '-', 'i', 'm', FALSE, 0, -1, 0, 0, NULL, NULL, NULL),
(2950, 'uuid', 11, 10, 16, FALSE, 'b', 'U', FALSE, TRUE, ',', 0, 0, 2951, 'uuid_in', 'uuid_out', 'uuid_recv', 'uuid_send', '-', '-', '-', 'c', 'p', FALSE, 0, -1, 0, 0, NULL, NULL, NULL),
(114, 'json', 11, 10, -1, FALSE, 'b', 'U', FALSE, TRUE, ',', 0, 0, 199, 'json_in', 'json_out', 'json_recv', 'json_send', '-', '-', '-', 'i', 'e', FALSE, 0, -1, 0, 0, NULL, NULL, NULL),
(3802, 'jsonb', 11, 10, -1, FALSE, 'b', 'U', FALSE, TRUE, ',', 0, 0, 3807, 'jsonb_in', 'jsonb_out', 'jsonb_recv', 'jsonb_send', '-', '-', '-', 'i', 'e', FALSE, 0, -1, 0, 0, NULL, NULL, NULL),
(1042, 'bpchar', 11, 10, -1, FALSE, 'b', 'S', FALSE, TRUE, ',', 0, 0, 1014, 'bpcharin', 'bpcharout', 'bpcharrecv', 'bpcharsend', 'bpchartypmodin', 'bpchartypmodout', '-', 'i', 'e', FALSE, 0, -1, 0, 100, NULL, NULL, NULL),
-- Domain types examples (typtype='d' based on base types)
(100001, 'positive_int', 11, 10, 4, TRUE, 'd', 'N', FALSE, TRUE, ',', 0, 0, 0, 'int4in', 'int4out', 'int4recv', 'int4send', '-', '-', '-', 'i', 'p', FALSE, 23, -1, 0, 0, NULL, NULL, NULL),
(100002, 'email_address', 11, 10, -1, FALSE, 'd', 'S', FALSE, TRUE, ',', 0, 0, 0, 'textin', 'textout', 'textrecv', 'textsend', '-', '-', '-', 'i', 'e', FALSE, 25, -1, 0, 0, NULL, NULL, NULL),
(100003, 'us_postal_code', 11, 10, -1, FALSE, 'd', 'S', FALSE, TRUE, ',', 0, 0, 0, 'textin', 'textout', 'textrecv', 'textsend', '-', '-', '-', 'i', 'e', FALSE, 25, -1, 0, 0, NULL, NULL, NULL)
2026-02-28T14:55:36.801+0300	INFO	logger/zap_logger.go:76	[SynchronizerVClock] Loaded key	{"key": "schema:testdb:pg_catalog:pg_type:", "value": "{\"Name\":\"pg_catalog.pg_type\",\"Columns\":{\"oid\":{\"Type\":1,\"IsNullable\":false,\"DefaultValue\":null,\"IsSerial\":false,\"IsUnique\":false,\"Idx\":1},\"typacl\":{\"Type\":0,\"IsNullable\":true,\"DefaultValue\":null,\"IsSerial\":false,\"IsUnique\":false,\"Idx\":31},\"typalign\":{\"Type\":0,\"IsNullable\":true,\"DefaultValue\":null,\"IsSerial\":false,\"IsUnique\":false,\"Idx\":22},\"typanalyze\":{\"Type\":0,\"IsNullable\":true,\"DefaultValue\":null,\"IsSerial\":false,\"IsUnique\":false,\"Idx\":21},\"typarray\":{\"Type\":1,\"IsNullable\":true,\"DefaultValue\":null,\"IsSerial\":false,\"IsUnique\":false,\"Idx\":14},\"typbasetype\":{\"Type\":1,\"IsNullable\":true,\"DefaultValue\":null,\"IsSerial\":false,\"IsUnique\":false,\"Idx\":25},\"typbyval\":{\"Type\":0,\"IsNullable\":true,\"DefaultValue\":null,\"IsSerial\":false,\"IsUnique\":false,\"Idx\":6},\"typcategory\":{\"Type\":0,\"IsNullable\":true,\"DefaultValue\":null,\"IsSerial\":false,\"IsUnique\":false,\"Idx\":8},\"typcollation\":{\"Type\":1,\"IsNullable\":true,\"DefaultValue\":null,\"IsSerial\":false,\"IsUnique\":false,\"Idx\":28},\"typdefault\":{\"Type\":0,\"IsNullable\":true,\"DefaultValue\":null,\"IsSerial\":false,\"IsUnique\":false,\"Idx\":30},\"typdefaultbin\":{\"Type\":0,\"IsNullable\":true,\"DefaultValue\":null,\"IsSerial\":false,\"IsUnique\":false,\"Idx\":29},\"typdelim\":{\"Type\":0,\"IsNullable\":true,\"DefaultValue\":null,\"IsSerial\":false,\"IsUnique\":false,\"Idx\":11},\"typelem\":{\"Type\":1,\"IsNullable\":true,\"DefaultValue\":null,\"IsSerial\":false,\"IsUnique\":false,\"Idx\":13},\"typinput\":{\"Type\":0,\"IsNullable\":true,\"DefaultValue\":null,\"IsSerial\":false,\"IsUnique\":false,\"Idx\":15},\"typisdefined\":{\"Type\":0,\"IsNullable\":true,\"DefaultValue\":null,\"IsSerial\":false,\"IsUnique\":false,\"Idx\":10},\"typispreferred\":{\"Type\":0,\"IsNullable\":true,\"DefaultValue\":null,\"IsSerial\":false,\"IsUnique\":false,\"Idx\":9},\"typlen\":{\"Type\":1,\"IsNullable\":true,\"DefaultValue\":null,\"IsSerial\":false,\"IsUnique\":false,\"Idx\":5},\"typmodin\":{\"Type\":0,\"IsNullable\":true,\"DefaultValue\":null,\"IsSerial\":false,\"IsUnique\":false,\"Idx\":19},\"typmodout\":{\"Type\":0,\"IsNullable\":true,\"DefaultValue\":null,\"IsSerial\":false,\"IsUnique\":false,\"Idx\":20},\"typname\":{\"Type\":0,\"IsNullable\":true,\"DefaultValue\":null,\"IsSerial\":false,\"IsUnique\":false,\"Idx\":2},\"typnamespace\":{\"Type\":1,\"IsNullable\":true,\"DefaultValue\":null,\"IsSerial\":false,\"IsUnique\":false,\"Idx\":3},\"typndims\":{\"Type\":1,\"IsNullable\":true,\"DefaultValue\":null,\"IsSerial\":false,\"IsUnique\":false,\"Idx\":27},\"typnotnull\":{\"Type\":0,\"IsNullable\":true,\"DefaultValue\":null,\"IsSerial\":false,\"IsUnique\":false,\"Idx\":24},\"typoutput\":{\"Type\":0,\"IsNullable\":true,\"DefaultValue\":null,\"IsSerial\":false,\"IsUnique\":false,\"Idx\":16},\"typowner\":{\"Type\":1,\"IsNullable\":true,\"DefaultValue\":null,\"IsSerial\":false,\"IsUnique\":false,\"Idx\":4},\"typreceive\":{\"Type\":0,\"IsNullable\":true,\"DefaultValue\":null,\"IsSerial\":false,\"IsUnique\":false,\"Idx\":17},\"typrelid\":{\"Type\":1,\"IsNullable\":true,\"DefaultValue\":null,\"IsSerial\":false,\"IsUnique\":false,\"Idx\":12},\"typsend\":{\"Type\":0,\"IsNullable\":true,\"DefaultValue\":null,\"IsSerial\":false,\"IsUnique\":false,\"Idx\":18},\"typstorage\":{\"Type\":0,\"IsNullable\":true,\"DefaultValue\":null,\"IsSerial\":false,\"IsUnique\":false,\"Idx\":23},\"typtype\":{\"Type\":0,\"IsNullable\":true,\"DefaultValue\":null,\"IsSerial\":false,\"IsUnique\":false,\"Idx\":7},\"typtypmod\":{\"Type\":1,\"IsNullable\":true,\"DefaultValue\":null,\"IsSerial\":false,\"IsUnique\":false,\"Idx\":26}},\"PrimaryKeys\":[1]}", "vclock": {"node1":80}}
2026-02-28T14:55:36.806+0300	DEBUG	logger/zap_logger.go:96	DEBUG: Parsed statement type: INSERT

2026-02-28T14:55:36.806+0300	DEBUG	logger/zap_logger.go:96	DEBUG: Insert into pg_catalog.pg_type: [[16 bool 11 10 1 true b B true true , 0 0 1000 boolin boolout boolrecv boolsend booltypmodin booltypmodout boolanalyze c p false 0 -1 0 0 NULL NULL NULL] [17 bytea 11 10 -1 false b U false true , 0 0 1001 byteain byteaout bytearecv byteasend - - - i x false 0 -1 0 0 NULL NULL NULL] [18 char 11 10 1 true b Z false true , 0 0 1002 charin charout charrecv charsend - - - c p false 0 -1 0 0 NULL NULL NULL] [19 name 11 10 64 false b S false true , 0 0 1003 namein nameout namerecv namesend - - - c p false 0 -1 0 950 NULL NULL NULL] [20 int8 11 10 8 true b N false true , 0 0 1016 int8in int8out int8recv int8send - - - d p false 0 -1 0 0 NULL NULL NULL] [21 int2 11 10 2 true b N false true , 0 0 1005 int2in int2out int2recv int2send - - - s p false 0 -1 0 0 NULL NULL NULL] [23 int4 11 10 4 true b N true true , 0 0 1007 int4in int4out int4recv int4send int4typmodin int4typmodout int4analyze i p false 0 -1 0 0 NULL NULL NULL] [24 regproc 11 10 4 true b N false true , 0 0 1008 regprocin regprocout regprocrecv regprocsend - - - i p false 0 -1 0 0 NULL NULL NULL] [25 text 11 10 -1 false b S true true , 0 0 1009 textin textout textrecv textsend texttypmodin texttypmodout textanalyze i e false 0 -1 0 0 NULL NULL NULL] [26 oid 11 10 4 true b N true true , 0 0 1028 oidin oidout oidrecv oidsend - - - i p false 0 -1 0 0 NULL NULL NULL] [700 float4 11 10 4 true b N false true , 0 0 1021 float4in float4out float4recv float4send - - - i p false 0 -1 0 0 NULL NULL NULL] [701 float8 11 10 8 true b N true true , 0 0 1022 float8in float8out float8recv float8send - - - d p false 0 -1 0 0 NULL NULL NULL] [1043 varchar 11 10 -1 false b S false true , 0 0 1015 varcharin varcharout varcharrecv varcharsend varchartypmodin varchartypmodout - i e false 0 -1 0 100 NULL NULL NULL] [1082 date 11 10 4 true b D false true , 0 0 1182 date_in date_out date_recv date_send - - - i p false 0 -1 0 0 NULL NULL NULL] [1083 time 11 10 8 true b D false true , 0 0 1183 time_in time_out time_recv time_send timetypmodin timetypmodout - d p false 0 -1 0 0 NULL NULL NULL] [1114 timestamp 11 10 8 true b D false true , 0 0 1115 timestamp_in timestamp_out timestamp_recv timestamp_send timestamptypmodin timestamptypmodout - d p false 0 -1 0 0 NULL NULL NULL] [1184 timestamptz 11 10 8 true b D true true , 0 0 1185 timestamptz_in timestamptz_out timestamptz_recv timestamptz_send timestamptztypmodin timestamptztypmodout - d p false 0 -1 0 0 NULL NULL NULL] [1700 numeric 11 10 -1 false b N false true , 0 0 1231 numeric_in numeric_out numeric_recv numeric_send numerictypmodin numerictypmodout - i m false 0 -1 0 0 NULL NULL NULL] [2950 uuid 11 10 16 false b U false true , 0 0 2951 uuid_in uuid_out uuid_recv uuid_send - - - c p false 0 -1 0 0 NULL NULL NULL] [114 json 11 10 -1 false b U false true , 0 0 199 json_in json_out json_recv json_send - - - i e false 0 -1 0 0 NULL NULL NULL] [3802 jsonb 11 10 -1 false b U false true , 0 0 3807 jsonb_in jsonb_out jsonb_recv jsonb_send - - - i e false 0 -1 0 0 NULL NULL NULL] [1042 bpchar 11 10 -1 false b S false true , 0 0 1014 bpcharin bpcharout bpcharrecv bpcharsend bpchartypmodin bpchartypmodout - i e false 0 -1 0 100 NULL NULL NULL] [100001 positive_int 11 10 4 true d N false true , 0 0 0 int4in int4out int4recv int4send - - - i p false 23 -1 0 0 NULL NULL NULL] [100002 email_address 11 10 -1 false d S false true , 0 0 0 textin textout textrecv textsend - - - i e false 25 -1 0 0 NULL NULL NULL] [100003 us_postal_code 11 10 -1 false d S false true , 0 0 0 textin textout textrecv textsend - - - i e false 25 -1 0 0 NULL NULL NULL]]

2026-02-28T14:55:36.806+0300	DEBUG	logger/zap_logger.go:71	DEBUG: Table metadata:	{"meta": {"Name":"pg_catalog.pg_type","Columns":{"oid":{"Type":1,"IsNullable":false,"DefaultValue":null,"IsSerial":false,"IsUnique":false,"Idx":1},"typacl":{"Type":0,"IsNullable":true,"DefaultValue":null,"IsSerial":false,"IsUnique":false,"Idx":31},"typalign":{"Type":0,"IsNullable":true,"DefaultValue":null,"IsSerial":false,"IsUnique":false,"Idx":22},"typanalyze":{"Type":0,"IsNullable":true,"DefaultValue":null,"IsSerial":false,"IsUnique":false,"Idx":21},"typarray":{"Type":1,"IsNullable":true,"DefaultValue":null,"IsSerial":false,"IsUnique":false,"Idx":14},"typbasetype":{"Type":1,"IsNullable":true,"DefaultValue":null,"IsSerial":false,"IsUnique":false,"Idx":25},"typbyval":{"Type":0,"IsNullable":true,"DefaultValue":null,"IsSerial":false,"IsUnique":false,"Idx":6},"typcategory":{"Type":0,"IsNullable":true,"DefaultValue":null,"IsSerial":false,"IsUnique":false,"Idx":8},"typcollation":{"Type":1,"IsNullable":true,"DefaultValue":null,"IsSerial":false,"IsUnique":false,"Idx":28},"typdefault":{"Type":0,"IsNullable":true,"DefaultValue":null,"IsSerial":false,"IsUnique":false,"Idx":30},"typdefaultbin":{"Type":0,"IsNullable":true,"DefaultValue":null,"IsSerial":false,"IsUnique":false,"Idx":29},"typdelim":{"Type":0,"IsNullable":true,"DefaultValue":null,"IsSerial":false,"IsUnique":false,"Idx":11},"typelem":{"Type":1,"IsNullable":true,"DefaultValue":null,"IsSerial":false,"IsUnique":false,"Idx":13},"typinput":{"Type":0,"IsNullable":true,"DefaultValue":null,"IsSerial":false,"IsUnique":false,"Idx":15},"typisdefined":{"Type":0,"IsNullable":true,"DefaultValue":null,"IsSerial":false,"IsUnique":false,"Idx":10},"typispreferred":{"Type":0,"IsNullable":true,"DefaultValue":null,"IsSerial":false,"IsUnique":false,"Idx":9},"typlen":{"Type":1,"IsNullable":true,"DefaultValue":null,"IsSerial":false,"IsUnique":false,"Idx":5},"typmodin":{"Type":0,"IsNullable":true,"DefaultValue":null,"IsSerial":false,"IsUnique":false,"Idx":19},"typmodout":{"Type":0,"IsNullable":true,"DefaultValue":null,"IsSerial":false,"IsUnique":false,"Idx":20},"typname":{"Type":0,"IsNullable":true,"DefaultValue":null,"IsSerial":false,"IsUnique":false,"Idx":2},"typnamespace":{"Type":1,"IsNullable":true,"DefaultValue":null,"IsSerial":false,"IsUnique":false,"Idx":3},"typndims":{"Type":1,"IsNullable":true,"DefaultValue":null,"IsSerial":false,"IsUnique":false,"Idx":27},"typnotnull":{"Type":0,"IsNullable":true,"DefaultValue":null,"IsSerial":false,"IsUnique":false,"Idx":24},"typoutput":{"Type":0,"IsNullable":true,"DefaultValue":null,"IsSerial":false,"IsUnique":false,"Idx":16},"typowner":{"Type":1,"IsNullable":true,"DefaultValue":null,"IsSerial":false,"IsUnique":false,"Idx":4},"typreceive":{"Type":0,"IsNullable":true,"DefaultValue":null,"IsSerial":false,"IsUnique":false,"Idx":17},"typrelid":{"Type":1,"IsNullable":true,"DefaultValue":null,"IsSerial":false,"IsUnique":false,"Idx":12},"typsend":{"Type":0,"IsNullable":true,"DefaultValue":null,"IsSerial":false,"IsUnique":false,"Idx":18},"typstorage":{"Type":0,"IsNullable":true,"DefaultValue":null,"IsSerial":false,"IsUnique":false,"Idx":23},"typtype":{"Type":0,"IsNullable":true,"DefaultValue":null,"IsSerial":false,"IsUnique":false,"Idx":7},"typtypmod":{"Type":1,"IsNullable":true,"DefaultValue":null,"IsSerial":false,"IsUnique":false,"Idx":26}},"PrimaryKeys":[1]}}
2026-02-28T14:55:36.806+0300	DEBUG	logger/zap_logger.go:71	DEBUG: Saved row: 	{"rowKey": "testdb:pg_catalog:pg_type:row:16:", "rowData": "[16,\"bool\",11,10,1,true,\"b\",\"B\",true,true,\",\",0,0,1000,\"boolin\",\"boolout\",\"boolrecv\",\"boolsend\",\"booltypmodin\",\"booltypmodout\",\"boolanalyze\",\"c\",\"p\",false,0,-1,0,0,\"NULL\",\"NULL\",\"NULL\"]"}
2026-02-28T14:55:36.806+0300	DEBUG	logger/zap_logger.go:71	DEBUG: Saved row: 	{"rowKey": "testdb:pg_catalog:pg_type:row:17:", "rowData": "[17,\"bytea\",11,10,-1,false,\"b\",\"U\",false,true,\",\",0,0,1001,\"byteain\",\"byteaout\",\"bytearecv\",\"byteasend\",\"-\",\"-\",\"-\",\"i\",\"x\",false,0,-1,0,0,\"NULL\",\"NULL\",\"NULL\"]"}
2026-02-28T14:55:36.806+0300	DEBUG	logger/zap_logger.go:71	DEBUG: Saved row: 	{"rowKey": "testdb:pg_catalog:pg_type:row:18:", "rowData": "[18,\"char\",11,10,1,true,\"b\",\"Z\",false,true,\",\",0,0,1002,\"charin\",\"charout\",\"charrecv\",\"charsend\",\"-\",\"-\",\"-\",\"c\",\"p\",false,0,-1,0,0,\"NULL\",\"NULL\",\"NULL\"]"}
2026-02-28T14:55:36.806+0300	DEBUG	logger/zap_logger.go:71	DEBUG: Saved row: 	{"rowKey": "testdb:pg_catalog:pg_type:row:19:", "rowData": "[19,\"name\",11,10,64,false,\"b\",\"S\",false,true,\",\",0,0,1003,\"namein\",\"nameout\",\"namerecv\",\"namesend\",\"-\",\"-\",\"-\",\"c\",\"p\",false,0,-1,0,950,\"NULL\",\"NULL\",\"NULL\"]"}
2026-02-28T14:55:36.806+0300	DEBUG	logger/zap_logger.go:71	DEBUG: Saved row: 	{"rowKey": "testdb:pg_catalog:pg_type:row:20:", "rowData": "[20,\"int8\",11,10,8,true,\"b\",\"N\",false,true,\",\",0,0,1016,\"int8in\",\"int8out\",\"int8recv\",\"int8send\",\"-\",\"-\",\"-\",\"d\",\"p\",false,0,-1,0,0,\"NULL\",\"NULL\",\"NULL\"]"}
2026-02-28T14:55:36.806+0300	DEBUG	logger/zap_logger.go:71	DEBUG: Saved row: 	{"rowKey": "testdb:pg_catalog:pg_type:row:21:", "rowData": "[21,\"int2\",11,10,2,true,\"b\",\"N\",false,true,\",\",0,0,1005,\"int2in\",\"int2out\",\"int2recv\",\"int2send\",\"-\",\"-\",\"-\",\"s\",\"p\",false,0,-1,0,0,\"NULL\",\"NULL\",\"NULL\"]"}
2026-02-28T14:55:36.806+0300	DEBUG	logger/zap_logger.go:71	DEBUG: Saved row: 	{"rowKey": "testdb:pg_catalog:pg_type:row:23:", "rowData": "[23,\"int4\",11,10,4,true,\"b\",\"N\",true,true,\",\",0,0,1007,\"int4in\",\"int4out\",\"int4recv\",\"int4send\",\"int4typmodin\",\"int4typmodout\",\"int4analyze\",\"i\",\"p\",false,0,-1,0,0,\"NULL\",\"NULL\",\"NULL\"]"}
2026-02-28T14:55:36.806+0300	DEBUG	logger/zap_logger.go:71	DEBUG: Saved row: 	{"rowKey": "testdb:pg_catalog:pg_type:row:24:", "rowData": "[24,\"regproc\",11,10,4,true,\"b\",\"N\",false,true,\",\",0,0,1008,\"regprocin\",\"regprocout\",\"regprocrecv\",\"regprocsend\",\"-\",\"-\",\"-\",\"i\",\"p\",false,0,-1,0,0,\"NULL\",\"NULL\",\"NULL\"]"}
2026-02-28T14:55:36.806+0300	DEBUG	logger/zap_logger.go:71	DEBUG: Saved row: 	{"rowKey": "testdb:pg_catalog:pg_type:row:25:", "rowData": "[25,\"text\",11,10,-1,false,\"b\",\"S\",true,true,\",\",0,0,1009,\"textin\",\"textout\",\"textrecv\",\"textsend\",\"texttypmodin\",\"texttypmodout\",\"textanalyze\",\"i\",\"e\",false,0,-1,0,0,\"NULL\",\"NULL\",\"NULL\"]"}
2026-02-28T14:55:36.806+0300	DEBUG	logger/zap_logger.go:71	DEBUG: Saved row: 	{"rowKey": "testdb:pg_catalog:pg_type:row:26:", "rowData": "[26,\"oid\",11,10,4,true,\"b\",\"N\",true,true,\",\",0,0,1028,\"oidin\",\"oidout\",\"oidrecv\",\"oidsend\",\"-\",\"-\",\"-\",\"i\",\"p\",false,0,-1,0,0,\"NULL\",\"NULL\",\"NULL\"]"}
2026-02-28T14:55:36.806+0300	DEBUG	logger/zap_logger.go:71	DEBUG: Saved row: 	{"rowKey": "testdb:pg_catalog:pg_type:row:700:", "rowData": "[700,\"float4\",11,10,4,true,\"b\",\"N\",false,true,\",\",0,0,1021,\"float4in\",\"float4out\",\"float4recv\",\"float4send\",\"-\",\"-\",\"-\",\"i\",\"p\",false,0,-1,0,0,\"NULL\",\"NULL\",\"NULL\"]"}
2026-02-28T14:55:36.806+0300	DEBUG	logger/zap_logger.go:71	DEBUG: Saved row: 	{"rowKey": "testdb:pg_catalog:pg_type:row:701:", "rowData": "[701,\"float8\",11,10,8,true,\"b\",\"N\",true,true,\",\",0,0,1022,\"float8in\",\"float8out\",\"float8recv\",\"float8send\",\"-\",\"-\",\"-\",\"d\",\"p\",false,0,-1,0,0,\"NULL\",\"NULL\",\"NULL\"]"}
2026-02-28T14:55:36.806+0300	DEBUG	logger/zap_logger.go:71	DEBUG: Saved row: 	{"rowKey": "testdb:pg_catalog:pg_type:row:1043:", "rowData": "[1043,\"varchar\",11,10,-1,false,\"b\",\"S\",false,true,\",\",0,0,1015,\"varcharin\",\"varcharout\",\"varcharrecv\",\"varcharsend\",\"varchartypmodin\",\"varchartypmodout\",\"-\",\"i\",\"e\",false,0,-1,0,100,\"NULL\",\"NULL\",\"NULL\"]"}
2026-02-28T14:55:36.806+0300	DEBUG	logger/zap_logger.go:71	DEBUG: Saved row: 	{"rowKey": "testdb:pg_catalog:pg_type:row:1082:", "rowData": "[1082,\"date\",11,10,4,true,\"b\",\"D\",false,true,\",\",0,0,1182,\"date_in\",\"date_out\",\"date_recv\",\"date_send\",\"-\",\"-\",\"-\",\"i\",\"p\",false,0,-1,0,0,\"NULL\",\"NULL\",\"NULL\"]"}
2026-02-28T14:55:36.806+0300	DEBUG	logger/zap_logger.go:71	DEBUG: Saved row: 	{"rowKey": "testdb:pg_catalog:pg_type:row:1083:", "rowData": "[1083,\"time\",11,10,8,true,\"b\",\"D\",false,true,\",\",0,0,1183,\"time_in\",\"time_out\",\"time_recv\",\"time_send\",\"timetypmodin\",\"timetypmodout\",\"-\",\"d\",\"p\",false,0,-1,0,0,\"NULL\",\"NULL\",\"NULL\"]"}
2026-02-28T14:55:36.806+0300	DEBUG	logger/zap_logger.go:71	DEBUG: Saved row: 	{"rowKey": "testdb:pg_catalog:pg_type:row:1114:", "rowData": "[1114,\"timestamp\",11,10,8,true,\"b\",\"D\",false,true,\",\",0,0,1115,\"timestamp_in\",\"timestamp_out\",\"timestamp_recv\",\"timestamp_send\",\"timestamptypmodin\",\"timestamptypmodout\",\"-\",\"d\",\"p\",false,0,-1,0,0,\"NULL\",\"NULL\",\"NULL\"]"}
2026-02-28T14:55:36.806+0300	DEBUG	logger/zap_logger.go:71	DEBUG: Saved row: 	{"rowKey": "testdb:pg_catalog:pg_type:row:1184:", "rowData": "[1184,\"timestamptz\",11,10,8,true,\"b\",\"D\",true,true,\",\",0,0,1185,\"timestamptz_in\",\"timestamptz_out\",\"timestamptz_recv\",\"timestamptz_send\",\"timestamptztypmodin\",\"timestamptztypmodout\",\"-\",\"d\",\"p\",false,0,-1,0,0,\"NULL\",\"NULL\",\"NULL\"]"}
2026-02-28T14:55:36.806+0300	DEBUG	logger/zap_logger.go:71	DEBUG: Saved row: 	{"rowKey": "testdb:pg_catalog:pg_type:row:1700:", "rowData": "[1700,\"numeric\",11,10,-1,false,\"b\",\"N\",false,true,\",\",0,0,1231,\"numeric_in\",\"numeric_out\",\"numeric_recv\",\"numeric_send\",\"numerictypmodin\",\"numerictypmodout\",\"-\",\"i\",\"m\",false,0,-1,0,0,\"NULL\",\"NULL\",\"NULL\"]"}
2026-02-28T14:55:36.806+0300	DEBUG	logger/zap_logger.go:71	DEBUG: Saved row: 	{"rowKey": "testdb:pg_catalog:pg_type:row:2950:", "rowData": "[2950,\"uuid\",11,10,16,false,\"b\",\"U\",false,true,\",\",0,0,2951,\"uuid_in\",\"uuid_out\",\"uuid_recv\",\"uuid_send\",\"-\",\"-\",\"-\",\"c\",\"p\",false,0,-1,0,0,\"NULL\",\"NULL\",\"NULL\"]"}
2026-02-28T14:55:36.806+0300	DEBUG	logger/zap_logger.go:71	DEBUG: Saved row: 	{"rowKey": "testdb:pg_catalog:pg_type:row:114:", "rowData": "[114,\"json\",11,10,-1,false,\"b\",\"U\",false,true,\",\",0,0,199,\"json_in\",\"json_out\",\"json_recv\",\"json_send\",\"-\",\"-\",\"-\",\"i\",\"e\",false,0,-1,0,0,\"NULL\",\"NULL\",\"NULL\"]"}
2026-02-28T14:55:36.806+0300	DEBUG	logger/zap_logger.go:71	DEBUG: Saved row: 	{"rowKey": "testdb:pg_catalog:pg_type:row:3802:", "rowData": "[3802,\"jsonb\",11,10,-1,false,\"b\",\"U\",false,true,\",\",0,0,3807,\"jsonb_in\",\"jsonb_out\",\"jsonb_recv\",\"jsonb_send\",\"-\",\"-\",\"-\",\"i\",\"e\",false,0,-1,0,0,\"NULL\",\"NULL\",\"NULL\"]"}
2026-02-28T14:55:36.806+0300	DEBUG	logger/zap_logger.go:71	DEBUG: Saved row: 	{"rowKey": "testdb:pg_catalog:pg_type:row:1042:", "rowData": "[1042,\"bpchar\",11,10,-1,false,\"b\",\"S\",false,true,\",\",0,0,1014,\"bpcharin\",\"bpcharout\",\"bpcharrecv\",\"bpcharsend\",\"bpchartypmodin\",\"bpchartypmodout\",\"-\",\"i\",\"e\",false,0,-1,0,100,\"NULL\",\"NULL\",\"NULL\"]"}
2026-02-28T14:55:36.806+0300	DEBUG	logger/zap_logger.go:71	DEBUG: Saved row: 	{"rowKey": "testdb:pg_catalog:pg_type:row:100001:", "rowData": "[100001,\"positive_int\",11,10,4,true,\"d\",\"N\",false,true,\",\",0,0,0,\"int4in\",\"int4out\",\"int4recv\",\"int4send\",\"-\",\"-\",\"-\",\"i\",\"p\",false,23,-1,0,0,\"NULL\",\"NULL\",\"NULL\"]"}
2026-02-28T14:55:36.806+0300	DEBUG	logger/zap_logger.go:71	DEBUG: Saved row: 	{"rowKey": "testdb:pg_catalog:pg_type:row:100002:", "rowData": "[100002,\"email_address\",11,10,-1,false,\"d\",\"S\",false,true,\",\",0,0,0,\"textin\",\"textout\",\"textrecv\",\"textsend\",\"-\",\"-\",\"-\",\"i\",\"e\",false,25,-1,0,0,\"NULL\",\"NULL\",\"NULL\"]"}
2026-02-28T14:55:36.806+0300	DEBUG	logger/zap_logger.go:71	DEBUG: Saved row: 	{"rowKey": "testdb:pg_catalog:pg_type:row:100003:", "rowData": "[100003,\"us_postal_code\",11,10,-1,false,\"d\",\"S\",false,true,\",\",0,0,0,\"textin\",\"textout\",\"textrecv\",\"textsend\",\"-\",\"-\",\"-\",\"i\",\"e\",false,25,-1,0,0,\"NULL\",\"NULL\",\"NULL\"]"}
2026-02-28T14:55:36.806+0300	INFO	logger/zap_logger.go:76	[SynchronizerVClock] Loaded key	{"key": "testdb:pg_catalog:pg_type:row:16:", "value": "[16,\"bool\",11,10,1,true,\"b\",\"B\",true,true,\",\",0,0,1000,\"boolin\",\"boolout\",\"boolrecv\",\"boolsend\",\"booltypmodin\",\"booltypmodout\",\"boolanalyze\",\"c\",\"p\",false,0,-1,0,0,\"NULL\",\"NULL\",\"NULL\"]", "vclock": {"node1":81}}
2026-02-28T14:55:36.807+0300	DEBUG	logger/zap_logger.go:96	Executing: 

CREATE TABLE IF NOT EXISTS pg_catalog.pg_namespace (
    oid INT,
    nspname TEXT,
    nspowner INT,
    nspacl TEXT,
    PRIMARY KEY (oid)
)
2026-02-28T14:55:36.807+0300	INFO	logger/zap_logger.go:76	[SynchronizerVClock] Loaded key	{"key": "testdb:pg_catalog:pg_type:row:17:", "value": "[17,\"bytea\",11,10,-1,false,\"b\",\"U\",false,true,\",\",0,0,1001,\"byteain\",\"byteaout\",\"bytearecv\",\"byteasend\",\"-\",\"-\",\"-\",\"i\",\"x\",false,0,-1,0,0,\"NULL\",\"NULL\",\"NULL\"]", "vclock": {"node1":82}}
2026-02-28T14:55:36.807+0300	INFO	logger/zap_logger.go:76	[SynchronizerVClock] Loaded key	{"key": "testdb:pg_catalog:pg_type:row:19:", "value": "[19,\"name\",11,10,64,false,\"b\",\"S\",false,true,\",\",0,0,1003,\"namein\",\"nameout\",\"namerecv\",\"namesend\",\"-\",\"-\",\"-\",\"c\",\"p\",false,0,-1,0,950,\"NULL\",\"NULL\",\"NULL\"]", "vclock": {"node1":83}}
2026-02-28T14:55:36.807+0300	INFO	logger/zap_logger.go:76	[SynchronizerVClock] Loaded key	{"key": "testdb:pg_catalog:pg_type:row:23:", "value": "[23,\"int4\",11,10,4,true,\"b\",\"N\",true,true,\",\",0,0,1007,\"int4in\",\"int4out\",\"int4recv\",\"int4send\",\"int4typmodin\",\"int4typmodout\",\"int4analyze\",\"i\",\"p\",false,0,-1,0,0,\"NULL\",\"NULL\",\"NULL\"]", "vclock": {"node1":84}}
2026-02-28T14:55:36.807+0300	DEBUG	logger/zap_logger.go:96	DEBUG: Parsed statement type: CREATE_TABLE

2026-02-28T14:55:36.807+0300	INFO	logger/zap_logger.go:76	[SynchronizerVClock] Loaded key	{"key": "testdb:pg_catalog:pg_type:row:1043:", "value": "[1043,\"varchar\",11,10,-1,false,\"b\",\"S\",false,true,\",\",0,0,1015,\"varcharin\",\"varcharout\",\"varcharrecv\",\"varcharsend\",\"varchartypmodin\",\"varchartypmodout\",\"-\",\"i\",\"e\",false,0,-1,0,100,\"NULL\",\"NULL\",\"NULL\"]", "vclock": {"node1":85}}
2026-02-28T14:55:36.807+0300	INFO	logger/zap_logger.go:76	[SynchronizerVClock] Loaded key	{"key": "testdb:pg_catalog:pg_type:row:100002:", "value": "[100002,\"email_address\",11,10,-1,false,\"d\",\"S\",false,true,\",\",0,0,0,\"textin\",\"textout\",\"textrecv\",\"textsend\",\"-\",\"-\",\"-\",\"i\",\"e\",false,25,-1,0,0,\"NULL\",\"NULL\",\"NULL\"]", "vclock": {"node1":86}}
2026-02-28T14:55:36.807+0300	DEBUG	logger/zap_logger.go:96	Executing: 

INSERT INTO pg_catalog.pg_namespace (oid, nspname, nspowner, nspacl) VALUES
(11, 'pg_catalog', 10, NULL),
(12, 'public', 10, NULL)
2026-02-28T14:55:36.807+0300	INFO	logger/zap_logger.go:76	[SynchronizerVClock] Loaded key	{"key": "testdb:pg_catalog:pg_type:row:701:", "value": "[701,\"float8\",11,10,8,true,\"b\",\"N\",true,true,\",\",0,0,1022,\"float8in\",\"float8out\",\"float8recv\",\"float8send\",\"-\",\"-\",\"-\",\"d\",\"p\",false,0,-1,0,0,\"NULL\",\"NULL\",\"NULL\"]", "vclock": {"node1":87}}
2026-02-28T14:55:36.807+0300	INFO	logger/zap_logger.go:76	[SynchronizerVClock] Loaded key	{"key": "testdb:pg_catalog:pg_type:row:100003:", "value": "[100003,\"us_postal_code\",11,10,-1,false,\"d\",\"S\",false,true,\",\",0,0,0,\"textin\",\"textout\",\"textrecv\",\"textsend\",\"-\",\"-\",\"-\",\"i\",\"e\",false,25,-1,0,0,\"NULL\",\"NULL\",\"NULL\"]", "vclock": {"node1":88}}
2026-02-28T14:55:36.807+0300	INFO	logger/zap_logger.go:76	[SynchronizerVClock] Loaded key	{"key": "testdb:pg_catalog:pg_type:row:21:", "value": "[21,\"int2\",11,10,2,true,\"b\",\"N\",false,true,\",\",0,0,1005,\"int2in\",\"int2out\",\"int2recv\",\"int2send\",\"-\",\"-\",\"-\",\"s\",\"p\",false,0,-1,0,0,\"NULL\",\"NULL\",\"NULL\"]", "vclock": {"node1":89}}
2026-02-28T14:55:36.807+0300	INFO	logger/zap_logger.go:76	[SynchronizerVClock] Loaded key	{"key": "testdb:pg_catalog:pg_type:row:24:", "value": "[24,\"regproc\",11,10,4,true,\"b\",\"N\",false,true,\",\",0,0,1008,\"regprocin\",\"regprocout\",\"regprocrecv\",\"regprocsend\",\"-\",\"-\",\"-\",\"i\",\"p\",false,0,-1,0,0,\"NULL\",\"NULL\",\"NULL\"]", "vclock": {"node1":90}}
2026-02-28T14:55:36.807+0300	INFO	logger/zap_logger.go:76	[SynchronizerVClock] Loaded key	{"key": "testdb:pg_catalog:pg_type:row:700:", "value": "[700,\"float4\",11,10,4,true,\"b\",\"N\",false,true,\",\",0,0,1021,\"float4in\",\"float4out\",\"float4recv\",\"float4send\",\"-\",\"-\",\"-\",\"i\",\"p\",false,0,-1,0,0,\"NULL\",\"NULL\",\"NULL\"]", "vclock": {"node1":91}}
2026-02-28T14:55:36.807+0300	INFO	logger/zap_logger.go:76	[SynchronizerVClock] Loaded key	{"key": "testdb:pg_catalog:pg_type:row:1700:", "value": "[1700,\"numeric\",11,10,-1,false,\"b\",\"N\",false,true,\",\",0,0,1231,\"numeric_in\",\"numeric_out\",\"numeric_recv\",\"numeric_send\",\"numerictypmodin\",\"numerictypmodout\",\"-\",\"i\",\"m\",false,0,-1,0,0,\"NULL\",\"NULL\",\"NULL\"]", "vclock": {"node1":92}}
2026-02-28T14:55:36.807+0300	DEBUG	logger/zap_logger.go:96	DEBUG: Parsed statement type: INSERT

2026-02-28T14:55:36.807+0300	INFO	logger/zap_logger.go:76	[SynchronizerVClock] Loaded key	{"key": "testdb:pg_catalog:pg_type:row:2950:", "value": "[2950,\"uuid\",11,10,16,false,\"b\",\"U\",false,true,\",\",0,0,2951,\"uuid_in\",\"uuid_out\",\"uuid_recv\",\"uuid_send\",\"-\",\"-\",\"-\",\"c\",\"p\",false,0,-1,0,0,\"NULL\",\"NULL\",\"NULL\"]", "vclock": {"node1":93}}
2026-02-28T14:55:36.807+0300	DEBUG	logger/zap_logger.go:96	DEBUG: Insert into pg_catalog.pg_namespace: [[11 pg_catalog 10 NULL] [12 public 10 NULL]]

2026-02-28T14:55:36.807+0300	INFO	logger/zap_logger.go:76	[SynchronizerVClock] Loaded key	{"key": "testdb:pg_catalog:pg_type:row:114:", "value": "[114,\"json\",11,10,-1,false,\"b\",\"U\",false,true,\",\",0,0,199,\"json_in\",\"json_out\",\"json_recv\",\"json_send\",\"-\",\"-\",\"-\",\"i\",\"e\",false,0,-1,0,0,\"NULL\",\"NULL\",\"NULL\"]", "vclock": {"node1":94}}
2026-02-28T14:55:36.807+0300	INFO	logger/zap_logger.go:76	[SynchronizerVClock] Loaded key	{"key": "testdb:pg_catalog:pg_type:row:1042:", "value": "[1042,\"bpchar\",11,10,-1,false,\"b\",\"S\",false,true,\",\",0,0,1014,\"bpcharin\",\"bpcharout\",\"bpcharrecv\",\"bpcharsend\",\"bpchartypmodin\",\"bpchartypmodout\",\"-\",\"i\",\"e\",false,0,-1,0,100,\"NULL\",\"NULL\",\"NULL\"]", "vclock": {"node1":95}}
2026-02-28T14:55:36.807+0300	INFO	logger/zap_logger.go:76	[SynchronizerVClock] Loaded key	{"key": "testdb:pg_catalog:pg_type:row:100001:", "value": "[100001,\"positive_int\",11,10,4,true,\"d\",\"N\",false,true,\",\",0,0,0,\"int4in\",\"int4out\",\"int4recv\",\"int4send\",\"-\",\"-\",\"-\",\"i\",\"p\",false,23,-1,0,0,\"NULL\",\"NULL\",\"NULL\"]", "vclock": {"node1":96}}
2026-02-28T14:55:36.807+0300	INFO	logger/zap_logger.go:76	[SynchronizerVClock] Loaded key	{"key": "testdb:pg_catalog:pg_type:row:18:", "value": "[18,\"char\",11,10,1,true,\"b\",\"Z\",false,true,\",\",0,0,1002,\"charin\",\"charout\",\"charrecv\",\"charsend\",\"-\",\"-\",\"-\",\"c\",\"p\",false,0,-1,0,0,\"NULL\",\"NULL\",\"NULL\"]", "vclock": {"node1":97}}
2026-02-28T14:55:36.807+0300	DEBUG	logger/zap_logger.go:71	DEBUG: Table metadata:	{"meta": {"Name":"pg_catalog.pg_namespace","Columns":{"nspacl":{"Type":0,"IsNullable":true,"DefaultValue":null,"IsSerial":false,"IsUnique":false,"Idx":4},"nspname":{"Type":0,"IsNullable":true,"DefaultValue":null,"IsSerial":false,"IsUnique":false,"Idx":2},"nspowner":{"Type":1,"IsNullable":true,"DefaultValue":null,"IsSerial":false,"IsUnique":false,"Idx":3},"oid":{"Type":1,"IsNullable":false,"DefaultValue":null,"IsSerial":false,"IsUnique":false,"Idx":1}},"PrimaryKeys":[1]}}
2026-02-28T14:55:36.807+0300	INFO	logger/zap_logger.go:76	[SynchronizerVClock] Loaded key	{"key": "testdb:pg_catalog:pg_type:row:20:", "value": "[20,\"int8\",11,10,8,true,\"b\",\"N\",false,true,\",\",0,0,1016,\"int8in\",\"int8out\",\"int8recv\",\"int8send\",\"-\",\"-\",\"-\",\"d\",\"p\",false,0,-1,0,0,\"NULL\",\"NULL\",\"NULL\"]", "vclock": {"node1":98}}
2026-02-28T14:55:36.807+0300	DEBUG	logger/zap_logger.go:71	DEBUG: Saved row: 	{"rowKey": "testdb:pg_catalog:pg_namespace:row:11:", "rowData": "[11,\"pg_catalog\",10,\"NULL\"]"}
2026-02-28T14:55:36.807+0300	DEBUG	logger/zap_logger.go:71	DEBUG: Saved row: 	{"rowKey": "testdb:pg_catalog:pg_namespace:row:12:", "rowData": "[12,\"public\",10,\"NULL\"]"}
2026-02-28T14:55:36.807+0300	INFO	logger/zap_logger.go:76	[SynchronizerVClock] Loaded key	{"key": "testdb:pg_catalog:pg_type:row:25:", "value": "[25,\"text\",11,10,-1,false,\"b\",\"S\",true,true,\",\",0,0,1009,\"textin\",\"textout\",\"textrecv\",\"textsend\",\"texttypmodin\",\"texttypmodout\",\"textanalyze\",\"i\",\"e\",false,0,-1,0,0,\"NULL\",\"NULL\",\"NULL\"]", "vclock": {"node1":99}}
2026-02-28T14:55:36.807+0300	INFO	logger/zap_logger.go:76	[SynchronizerVClock] Loaded key	{"key": "testdb:pg_catalog:pg_type:row:26:", "value": "[26,\"oid\",11,10,4,true,\"b\",\"N\",true,true,\",\",0,0,1028,\"oidin\",\"oidout\",\"oidrecv\",\"oidsend\",\"-\",\"-\",\"-\",\"i\",\"p\",false,0,-1,0,0,\"NULL\",\"NULL\",\"NULL\"]", "vclock": {"node1":100}}
2026-02-28T14:55:36.807+0300	DEBUG	logger/zap_logger.go:96	Executing: 

CREATE TABLE IF NOT EXISTS pg_catalog.pg_database (
    oid INT,
    datname TEXT,
    datdba INT,
    encoding INT,
    datcollate TEXT,
    datctype TEXT,
    datistemplate BOOLEAN,
    datallowconn BOOLEAN,
    datconnlimit INT,
    datlastsysoid INT,
    datfrozenxid INT,
    datminmxid INT,
    dattablespace INT,
    datacl TEXT,
    PRIMARY KEY (oid)
)
2026-02-28T14:55:36.807+0300	INFO	logger/zap_logger.go:76	[SynchronizerVClock] Loaded key	{"key": "testdb:pg_catalog:pg_type:row:1083:", "value": "[1083,\"time\",11,10,8,true,\"b\",\"D\",false,true,\",\",0,0,1183,\"time_in\",\"time_out\",\"time_recv\",\"time_send\",\"timetypmodin\",\"timetypmodout\",\"-\",\"d\",\"p\",false,0,-1,0,0,\"NULL\",\"NULL\",\"NULL\"]", "vclock": {"node1":101}}
2026-02-28T14:55:36.807+0300	INFO	logger/zap_logger.go:76	[SynchronizerVClock] Loaded key	{"key": "testdb:pg_catalog:pg_type:row:1114:", "value": "[1114,\"timestamp\",11,10,8,true,\"b\",\"D\",false,true,\",\",0,0,1115,\"timestamp_in\",\"timestamp_out\",\"timestamp_recv\",\"timestamp_send\",\"timestamptypmodin\",\"timestamptypmodout\",\"-\",\"d\",\"p\",false,0,-1,0,0,\"NULL\",\"NULL\",\"NULL\"]", "vclock": {"node1":102}}
2026-02-28T14:55:36.807+0300	INFO	logger/zap_logger.go:76	[SynchronizerVClock] Loaded key	{"key": "testdb:pg_catalog:pg_type:row:1184:", "value": "[1184,\"timestamptz\",11,10,8,true,\"b\",\"D\",true,true,\",\",0,0,1185,\"timestamptz_in\",\"timestamptz_out\",\"timestamptz_recv\",\"timestamptz_send\",\"timestamptztypmodin\",\"timestamptztypmodout\",\"-\",\"d\",\"p\",false,0,-1,0,0,\"NULL\",\"NULL\",\"NULL\"]", "vclock": {"node1":103}}
2026-02-28T14:55:36.807+0300	INFO	logger/zap_logger.go:76	[SynchronizerVClock] Loaded key	{"key": "testdb:pg_catalog:pg_type:row:3802:", "value": "[3802,\"jsonb\",11,10,-1,false,\"b\",\"U\",false,true,\",\",0,0,3807,\"jsonb_in\",\"jsonb_out\",\"jsonb_recv\",\"jsonb_send\",\"-\",\"-\",\"-\",\"i\",\"e\",false,0,-1,0,0,\"NULL\",\"NULL\",\"NULL\"]", "vclock": {"node1":104}}
2026-02-28T14:55:36.807+0300	INFO	logger/zap_logger.go:76	[SynchronizerVClock] Loaded key	{"key": "testdb:pg_catalog:pg_type:row:1082:", "value": "[1082,\"date\",11,10,4,true,\"b\",\"D\",false,true,\",\",0,0,1182,\"date_in\",\"date_out\",\"date_recv\",\"date_send\",\"-\",\"-\",\"-\",\"i\",\"p\",false,0,-1,0,0,\"NULL\",\"NULL\",\"NULL\"]", "vclock": {"node1":105}}
2026-02-28T14:55:36.807+0300	DEBUG	logger/zap_logger.go:96	DEBUG: Parsed statement type: CREATE_TABLE

2026-02-28T14:55:36.807+0300	INFO	logger/zap_logger.go:76	[SynchronizerVClock] Loaded key	{"key": "schema:testdb:pg_catalog:pg_namespace:", "value": "{\"Name\":\"pg_catalog.pg_namespace\",\"Columns\":{\"nspacl\":{\"Type\":0,\"IsNullable\":true,\"DefaultValue\":null,\"IsSerial\":false,\"IsUnique\":false,\"Idx\":4},\"nspname\":{\"Type\":0,\"IsNullable\":true,\"DefaultValue\":null,\"IsSerial\":false,\"IsUnique\":false,\"Idx\":2},\"nspowner\":{\"Type\":1,\"IsNullable\":true,\"DefaultValue\":null,\"IsSerial\":false,\"IsUnique\":false,\"Idx\":3},\"oid\":{\"Type\":1,\"IsNullable\":false,\"DefaultValue\":null,\"IsSerial\":false,\"IsUnique\":false,\"Idx\":1}},\"PrimaryKeys\":[1]}", "vclock": {"node1":106}}
2026-02-28T14:55:36.807+0300	INFO	logger/zap_logger.go:76	[SynchronizerVClock] Loaded key	{"key": "testdb:pg_catalog:pg_namespace:row:11:", "value": "[11,\"pg_catalog\",10,\"NULL\"]", "vclock": {"node1":107}}
2026-02-28T14:55:36.807+0300	DEBUG	logger/zap_logger.go:96	Executing: 

INSERT INTO pg_catalog.pg_database (oid, datname, datdba, encoding, datcollate, datctype, datistemplate, datallowconn, datconnlimit, datlastsysoid, datfrozenxid, datminmxid, dattablespace, datacl) VALUES
(1, 'postgres', 10, 6, 'en_US.UTF-8', 'en_US.UTF-8', FALSE, TRUE, -1, 0, 0, 0, 1663, NULL)
2026-02-28T14:55:36.807+0300	INFO	logger/zap_logger.go:76	[SynchronizerVClock] Loaded key	{"key": "testdb:pg_catalog:pg_namespace:row:12:", "value": "[12,\"public\",10,\"NULL\"]", "vclock": {"node1":108}}
2026-02-28T14:55:36.807+0300	INFO	logger/zap_logger.go:76	[SynchronizerVClock] Loaded key	{"key": "schema:testdb:pg_catalog:pg_database:", "value": "{\"Name\":\"pg_catalog.pg_database\",\"Columns\":{\"datacl\":{\"Type\":0,\"IsNullable\":true,\"DefaultValue\":null,\"IsSerial\":false,\"IsUnique\":false,\"Idx\":14},\"datallowconn\":{\"Type\":0,\"IsNullable\":true,\"DefaultValue\":null,\"IsSerial\":false,\"IsUnique\":false,\"Idx\":8},\"datcollate\":{\"Type\":0,\"IsNullable\":true,\"DefaultValue\":null,\"IsSerial\":false,\"IsUnique\":false,\"Idx\":5},\"datconnlimit\":{\"Type\":1,\"IsNullable\":true,\"DefaultValue\":null,\"IsSerial\":false,\"IsUnique\":false,\"Idx\":9},\"datctype\":{\"Type\":0,\"IsNullable\":true,\"DefaultValue\":null,\"IsSerial\":false,\"IsUnique\":false,\"Idx\":6},\"datdba\":{\"Type\":1,\"IsNullable\":true,\"DefaultValue\":null,\"IsSerial\":false,\"IsUnique\":false,\"Idx\":3},\"datfrozenxid\":{\"Type\":1,\"IsNullable\":true,\"DefaultValue\":null,\"IsSerial\":false,\"IsUnique\":false,\"Idx\":11},\"datistemplate\":{\"Type\":0,\"IsNullable\":true,\"DefaultValue\":null,\"IsSerial\":false,\"IsUnique\":false,\"Idx\":7},\"datlastsysoid\":{\"Type\":1,\"IsNullable\":true,\"DefaultValue\":null,\"IsSerial\":false,\"IsUnique\":false,\"Idx\":10},\"datminmxid\":{\"Type\":1,\"IsNullable\":true,\"DefaultValue\":null,\"IsSerial\":false,\"IsUnique\":false,\"Idx\":12},\"datname\":{\"Type\":0,\"IsNullable\":true,\"DefaultValue\":null,\"IsSerial\":false,\"IsUnique\":false,\"Idx\":2},\"dattablespace\":{\"Type\":1,\"IsNullable\":true,\"DefaultValue\":null,\"IsSerial\":false,\"IsUnique\":false,\"Idx\":13},\"encoding\":{\"Type\":1,\"IsNullable\":true,\"DefaultValue\":null,\"IsSerial\":false,\"IsUnique\":false,\"Idx\":4},\"oid\":{\"Type\":1,\"IsNullable\":false,\"DefaultValue\":null,\"IsSerial\":false,\"IsUnique\":false,\"Idx\":1}},\"PrimaryKeys\":[1]}", "vclock": {"node1":109}}
2026-02-28T14:55:36.808+0300	DEBUG	logger/zap_logger.go:96	DEBUG: Parsed statement type: INSERT

2026-02-28T14:55:36.808+0300	DEBUG	logger/zap_logger.go:96	DEBUG: Insert into pg_catalog.pg_database: [[1 postgres 10 6 en_US.UTF-8 en_US.UTF-8 false true -1 0 0 0 1663 NULL]]

2026-02-28T14:55:36.808+0300	DEBUG	logger/zap_logger.go:71	DEBUG: Table metadata:	{"meta": {"Name":"pg_catalog.pg_database","Columns":{"datacl":{"Type":0,"IsNullable":true,"DefaultValue":null,"IsSerial":false,"IsUnique":false,"Idx":14},"datallowconn":{"Type":0,"IsNullable":true,"DefaultValue":null,"IsSerial":false,"IsUnique":false,"Idx":8},"datcollate":{"Type":0,"IsNullable":true,"DefaultValue":null,"IsSerial":false,"IsUnique":false,"Idx":5},"datconnlimit":{"Type":1,"IsNullable":true,"DefaultValue":null,"IsSerial":false,"IsUnique":false,"Idx":9},"datctype":{"Type":0,"IsNullable":true,"DefaultValue":null,"IsSerial":false,"IsUnique":false,"Idx":6},"datdba":{"Type":1,"IsNullable":true,"DefaultValue":null,"IsSerial":false,"IsUnique":false,"Idx":3},"datfrozenxid":{"Type":1,"IsNullable":true,"DefaultValue":null,"IsSerial":false,"IsUnique":false,"Idx":11},"datistemplate":{"Type":0,"IsNullable":true,"DefaultValue":null,"IsSerial":false,"IsUnique":false,"Idx":7},"datlastsysoid":{"Type":1,"IsNullable":true,"DefaultValue":null,"IsSerial":false,"IsUnique":false,"Idx":10},"datminmxid":{"Type":1,"IsNullable":true,"DefaultValue":null,"IsSerial":false,"IsUnique":false,"Idx":12},"datname":{"Type":0,"IsNullable":true,"DefaultValue":null,"IsSerial":false,"IsUnique":false,"Idx":2},"dattablespace":{"Type":1,"IsNullable":true,"DefaultValue":null,"IsSerial":false,"IsUnique":false,"Idx":13},"encoding":{"Type":1,"IsNullable":true,"DefaultValue":null,"IsSerial":false,"IsUnique":false,"Idx":4},"oid":{"Type":1,"IsNullable":false,"DefaultValue":null,"IsSerial":false,"IsUnique":false,"Idx":1}},"PrimaryKeys":[1]}}
2026-02-28T14:55:36.808+0300	DEBUG	logger/zap_logger.go:71	DEBUG: Saved row: 	{"rowKey": "testdb:pg_catalog:pg_database:row:1:", "rowData": "[1,\"postgres\",10,6,\"en_US.UTF-8\",\"en_US.UTF-8\",false,true,-1,0,0,0,1663,\"NULL\"]"}
2026-02-28T14:55:36.808+0300	INFO	logger/zap_logger.go:76	[SynchronizerVClock] Loaded key	{"key": "testdb:pg_catalog:pg_database:row:1:", "value": "[1,\"postgres\",10,6,\"en_US.UTF-8\",\"en_US.UTF-8\",false,true,-1,0,0,0,1663,\"NULL\"]", "vclock": {"node1":110}}
2026-02-28T14:55:36.808+0300	DEBUG	logger/zap_logger.go:96	Executing: 

CREATE TABLE IF NOT EXISTS pg_catalog.pg_tablespace (
    oid INT,
    spcname TEXT,
    spcowner INT,
    spcacl TEXT,
    spcoptions TEXT,
    PRIMARY KEY (oid)
)
2026-02-28T14:55:36.808+0300	DEBUG	logger/zap_logger.go:96	DEBUG: Parsed statement type: CREATE_TABLE

2026-02-28T14:55:36.808+0300	DEBUG	logger/zap_logger.go:96	Executing: 

INSERT INTO pg_catalog.pg_tablespace (oid, spcname, spcowner, spcacl, spcoptions) VALUES
(1663, 'pg_default', 10, NULL, NULL),
(1664, 'pg_global', 10, NULL, NULL)
2026-02-28T14:55:36.808+0300	INFO	logger/zap_logger.go:76	[SynchronizerVClock] Loaded key	{"key": "schema:testdb:pg_catalog:pg_tablespace:", "value": "{\"Name\":\"pg_catalog.pg_tablespace\",\"Columns\":{\"oid\":{\"Type\":1,\"IsNullable\":false,\"DefaultValue\":null,\"IsSerial\":false,\"IsUnique\":false,\"Idx\":1},\"spcacl\":{\"Type\":0,\"IsNullable\":true,\"DefaultValue\":null,\"IsSerial\":false,\"IsUnique\":false,\"Idx\":4},\"spcname\":{\"Type\":0,\"IsNullable\":true,\"DefaultValue\":null,\"IsSerial\":false,\"IsUnique\":false,\"Idx\":2},\"spcoptions\":{\"Type\":0,\"IsNullable\":true,\"DefaultValue\":null,\"IsSerial\":false,\"IsUnique\":false,\"Idx\":5},\"spcowner\":{\"Type\":1,\"IsNullable\":true,\"DefaultValue\":null,\"IsSerial\":false,\"IsUnique\":false,\"Idx\":3}},\"PrimaryKeys\":[1]}", "vclock": {"node1":111}}
2026-02-28T14:55:36.808+0300	DEBUG	logger/zap_logger.go:96	DEBUG: Parsed statement type: INSERT

2026-02-28T14:55:36.808+0300	DEBUG	logger/zap_logger.go:96	DEBUG: Insert into pg_catalog.pg_tablespace: [[1663 pg_default 10 NULL NULL] [1664 pg_global 10 NULL NULL]]

2026-02-28T14:55:36.808+0300	DEBUG	logger/zap_logger.go:71	DEBUG: Table metadata:	{"meta": {"Name":"pg_catalog.pg_tablespace","Columns":{"oid":{"Type":1,"IsNullable":false,"DefaultValue":null,"IsSerial":false,"IsUnique":false,"Idx":1},"spcacl":{"Type":0,"IsNullable":true,"DefaultValue":null,"IsSerial":false,"IsUnique":false,"Idx":4},"spcname":{"Type":0,"IsNullable":true,"DefaultValue":null,"IsSerial":false,"IsUnique":false,"Idx":2},"spcoptions":{"Type":0,"IsNullable":true,"DefaultValue":null,"IsSerial":false,"IsUnique":false,"Idx":5},"spcowner":{"Type":1,"IsNullable":true,"DefaultValue":null,"IsSerial":false,"IsUnique":false,"Idx":3}},"PrimaryKeys":[1]}}
2026-02-28T14:55:36.808+0300	DEBUG	logger/zap_logger.go:71	DEBUG: Saved row: 	{"rowKey": "testdb:pg_catalog:pg_tablespace:row:1663:", "rowData": "[1663,\"pg_default\",10,\"NULL\",\"NULL\"]"}
2026-02-28T14:55:36.808+0300	DEBUG	logger/zap_logger.go:71	DEBUG: Saved row: 	{"rowKey": "testdb:pg_catalog:pg_tablespace:row:1664:", "rowData": "[1664,\"pg_global\",10,\"NULL\",\"NULL\"]"}
2026-02-28T14:55:36.808+0300	INFO	logger/zap_logger.go:76	[SynchronizerVClock] Loaded key	{"key": "testdb:pg_catalog:pg_tablespace:row:1664:", "value": "[1664,\"pg_global\",10,\"NULL\",\"NULL\"]", "vclock": {"node1":112}}
2026-02-28T14:55:36.808+0300	DEBUG	logger/zap_logger.go:96	Executing: 

CREATE TABLE IF NOT EXISTS pg_catalog.pg_roles (
    oid INT,
    rolname TEXT,
    rolsuper BOOLEAN,
    rolinherit BOOLEAN,
    rolcreaterole BOOLEAN,
    rolcreatedb BOOLEAN,
    rolcanlogin BOOLEAN,
    rolreplication BOOLEAN,
    rolconnlimit INT,
    rolpassword TEXT,
    rolvaliduntil TEXT,
    rolbypassrls BOOLEAN,
    rolconfig TEXT,
    PRIMARY KEY (oid)
)
2026-02-28T14:55:36.808+0300	INFO	logger/zap_logger.go:76	[SynchronizerVClock] Loaded key	{"key": "testdb:pg_catalog:pg_tablespace:row:1663:", "value": "[1663,\"pg_default\",10,\"NULL\",\"NULL\"]", "vclock": {"node1":113}}
2026-02-28T14:55:36.808+0300	DEBUG	logger/zap_logger.go:96	DEBUG: Parsed statement type: CREATE_TABLE

2026-02-28T14:55:36.808+0300	DEBUG	logger/zap_logger.go:96	Executing: 

INSERT INTO pg_catalog.pg_roles (oid, rolname, rolsuper, rolinherit, rolcreaterole, rolcreatedb, rolcanlogin, rolreplication, rolconnlimit, rolpassword, rolvaliduntil, rolbypassrls, rolconfig) VALUES
(10, 'system', TRUE, TRUE, TRUE, TRUE, TRUE, TRUE, -1, NULL, NULL, FALSE, NULL),
(11, 'user1', FALSE, TRUE, FALSE, TRUE, TRUE, FALSE, -1, NULL, NULL, FALSE, NULL)
2026-02-28T14:55:36.808+0300	INFO	logger/zap_logger.go:76	[SynchronizerVClock] Loaded key	{"key": "schema:testdb:pg_catalog:pg_roles:", "value": "{\"Name\":\"pg_catalog.pg_roles\",\"Columns\":{\"oid\":{\"Type\":1,\"IsNullable\":false,\"DefaultValue\":null,\"IsSerial\":false,\"IsUnique\":false,\"Idx\":1},\"rolbypassrls\":{\"Type\":0,\"IsNullable\":true,\"DefaultValue\":null,\"IsSerial\":false,\"IsUnique\":false,\"Idx\":12},\"rolcanlogin\":{\"Type\":0,\"IsNullable\":true,\"DefaultValue\":null,\"IsSerial\":false,\"IsUnique\":false,\"Idx\":7},\"rolconfig\":{\"Type\":0,\"IsNullable\":true,\"DefaultValue\":null,\"IsSerial\":false,\"IsUnique\":false,\"Idx\":13},\"rolconnlimit\":{\"Type\":1,\"IsNullable\":true,\"DefaultValue\":null,\"IsSerial\":false,\"IsUnique\":false,\"Idx\":9},\"rolcreatedb\":{\"Type\":0,\"IsNullable\":true,\"DefaultValue\":null,\"IsSerial\":false,\"IsUnique\":false,\"Idx\":6},\"rolcreaterole\":{\"Type\":0,\"IsNullable\":true,\"DefaultValue\":null,\"IsSerial\":false,\"IsUnique\":false,\"Idx\":5},\"rolinherit\":{\"Type\":0,\"IsNullable\":true,\"DefaultValue\":null,\"IsSerial\":false,\"IsUnique\":false,\"Idx\":4},\"rolname\":{\"Type\":0,\"IsNullable\":true,\"DefaultValue\":null,\"IsSerial\":false,\"IsUnique\":false,\"Idx\":2},\"rolpassword\":{\"Type\":0,\"IsNullable\":true,\"DefaultValue\":null,\"IsSerial\":false,\"IsUnique\":false,\"Idx\":10},\"rolreplication\":{\"Type\":0,\"IsNullable\":true,\"DefaultValue\":null,\"IsSerial\":false,\"IsUnique\":false,\"Idx\":8},\"rolsuper\":{\"Type\":0,\"IsNullable\":true,\"DefaultValue\":null,\"IsSerial\":false,\"IsUnique\":false,\"Idx\":3},\"rolvaliduntil\":{\"Type\":0,\"IsNullable\":true,\"DefaultValue\":null,\"IsSerial\":false,\"IsUnique\":false,\"Idx\":11}},\"PrimaryKeys\":[1]}", "vclock": {"node1":114}}
2026-02-28T14:55:36.808+0300	DEBUG	logger/zap_logger.go:96	DEBUG: Parsed statement type: INSERT

2026-02-28T14:55:36.808+0300	DEBUG	logger/zap_logger.go:96	DEBUG: Insert into pg_catalog.pg_roles: [[10 system true true true true true true -1 NULL NULL false NULL] [11 user1 false true false true true false -1 NULL NULL false NULL]]

2026-02-28T14:55:36.808+0300	DEBUG	logger/zap_logger.go:71	DEBUG: Table metadata:	{"meta": {"Name":"pg_catalog.pg_roles","Columns":{"oid":{"Type":1,"IsNullable":false,"DefaultValue":null,"IsSerial":false,"IsUnique":false,"Idx":1},"rolbypassrls":{"Type":0,"IsNullable":true,"DefaultValue":null,"IsSerial":false,"IsUnique":false,"Idx":12},"rolcanlogin":{"Type":0,"IsNullable":true,"DefaultValue":null,"IsSerial":false,"IsUnique":false,"Idx":7},"rolconfig":{"Type":0,"IsNullable":true,"DefaultValue":null,"IsSerial":false,"IsUnique":false,"Idx":13},"rolconnlimit":{"Type":1,"IsNullable":true,"DefaultValue":null,"IsSerial":false,"IsUnique":false,"Idx":9},"rolcreatedb":{"Type":0,"IsNullable":true,"DefaultValue":null,"IsSerial":false,"IsUnique":false,"Idx":6},"rolcreaterole":{"Type":0,"IsNullable":true,"DefaultValue":null,"IsSerial":false,"IsUnique":false,"Idx":5},"rolinherit":{"Type":0,"IsNullable":true,"DefaultValue":null,"IsSerial":false,"IsUnique":false,"Idx":4},"rolname":{"Type":0,"IsNullable":true,"DefaultValue":null,"IsSerial":false,"IsUnique":false,"Idx":2},"rolpassword":{"Type":0,"IsNullable":true,"DefaultValue":null,"IsSerial":false,"IsUnique":false,"Idx":10},"rolreplication":{"Type":0,"IsNullable":true,"DefaultValue":null,"IsSerial":false,"IsUnique":false,"Idx":8},"rolsuper":{"Type":0,"IsNullable":true,"DefaultValue":null,"IsSerial":false,"IsUnique":false,"Idx":3},"rolvaliduntil":{"Type":0,"IsNullable":true,"DefaultValue":null,"IsSerial":false,"IsUnique":false,"Idx":11}},"PrimaryKeys":[1]}}
2026-02-28T14:55:36.808+0300	DEBUG	logger/zap_logger.go:71	DEBUG: Saved row: 	{"rowKey": "testdb:pg_catalog:pg_roles:row:10:", "rowData": "[10,\"system\",true,true,true,true,true,true,-1,\"NULL\",\"NULL\",false,\"NULL\"]"}
2026-02-28T14:55:36.808+0300	DEBUG	logger/zap_logger.go:71	DEBUG: Saved row: 	{"rowKey": "testdb:pg_catalog:pg_roles:row:11:", "rowData": "[11,\"user1\",false,true,false,true,true,false,-1,\"NULL\",\"NULL\",false,\"NULL\"]"}
2026-02-28T14:55:36.808+0300	INFO	logger/zap_logger.go:76	[SynchronizerVClock] Loaded key	{"key": "testdb:pg_catalog:pg_roles:row:10:", "value": "[10,\"system\",true,true,true,true,true,true,-1,\"NULL\",\"NULL\",false,\"NULL\"]", "vclock": {"node1":115}}
2026-02-28T14:55:36.808+0300	DEBUG	logger/zap_logger.go:96	Executing: 

CREATE TABLE IF NOT EXISTS pg_catalog.pg_stat_ssl (
    pid INT,
    ssl BOOLEAN,
    version TEXT,
    cipher TEXT,
    bits INT,
    compression BOOLEAN,
    clientdn TEXT,
    PRIMARY KEY (pid)
)
2026-02-28T14:55:36.808+0300	INFO	logger/zap_logger.go:76	[SynchronizerVClock] Loaded key	{"key": "testdb:pg_catalog:pg_roles:row:11:", "value": "[11,\"user1\",false,true,false,true,true,false,-1,\"NULL\",\"NULL\",false,\"NULL\"]", "vclock": {"node1":116}}
2026-02-28T14:55:36.808+0300	DEBUG	logger/zap_logger.go:96	DEBUG: Parsed statement type: CREATE_TABLE

2026-02-28T14:55:36.808+0300	DEBUG	logger/zap_logger.go:96	Executing: 

INSERT INTO pg_catalog.pg_stat_ssl (pid, ssl, version, cipher, bits, compression, clientdn) VALUES
(12345, TRUE, 'TLSv1.3', 'TLS_AES_256_GCM_SHA384', 256, FALSE, 'CN=client,O=example,C=US')
2026-02-28T14:55:36.808+0300	INFO	logger/zap_logger.go:76	[SynchronizerVClock] Loaded key	{"key": "schema:testdb:pg_catalog:pg_stat_ssl:", "value": "{\"Name\":\"pg_catalog.pg_stat_ssl\",\"Columns\":{\"bits\":{\"Type\":1,\"IsNullable\":true,\"DefaultValue\":null,\"IsSerial\":false,\"IsUnique\":false,\"Idx\":5},\"cipher\":{\"Type\":0,\"IsNullable\":true,\"DefaultValue\":null,\"IsSerial\":false,\"IsUnique\":false,\"Idx\":4},\"clientdn\":{\"Type\":0,\"IsNullable\":true,\"DefaultValue\":null,\"IsSerial\":false,\"IsUnique\":false,\"Idx\":7},\"compression\":{\"Type\":0,\"IsNullable\":true,\"DefaultValue\":null,\"IsSerial\":false,\"IsUnique\":false,\"Idx\":6},\"pid\":{\"Type\":1,\"IsNullable\":false,\"DefaultValue\":null,\"IsSerial\":false,\"IsUnique\":false,\"Idx\":1},\"ssl\":{\"Type\":0,\"IsNullable\":true,\"DefaultValue\":null,\"IsSerial\":false,\"IsUnique\":false,\"Idx\":2},\"version\":{\"Type\":0,\"IsNullable\":true,\"DefaultValue\":null,\"IsSerial\":false,\"IsUnique\":false,\"Idx\":3}},\"PrimaryKeys\":[1]}", "vclock": {"node1":117}}
2026-02-28T14:55:36.808+0300	DEBUG	logger/zap_logger.go:96	DEBUG: Parsed statement type: INSERT

2026-02-28T14:55:36.808+0300	DEBUG	logger/zap_logger.go:96	DEBUG: Insert into pg_catalog.pg_stat_ssl: [[12345 true TLSv1.3 TLS_AES_256_GCM_SHA384 256 false CN=client,O=example,C=US]]

2026-02-28T14:55:36.808+0300	DEBUG	logger/zap_logger.go:71	DEBUG: Table metadata:	{"meta": {"Name":"pg_catalog.pg_stat_ssl","Columns":{"bits":{"Type":1,"IsNullable":true,"DefaultValue":null,"IsSerial":false,"IsUnique":false,"Idx":5},"cipher":{"Type":0,"IsNullable":true,"DefaultValue":null,"IsSerial":false,"IsUnique":false,"Idx":4},"clientdn":{"Type":0,"IsNullable":true,"DefaultValue":null,"IsSerial":false,"IsUnique":false,"Idx":7},"compression":{"Type":0,"IsNullable":true,"DefaultValue":null,"IsSerial":false,"IsUnique":false,"Idx":6},"pid":{"Type":1,"IsNullable":false,"DefaultValue":null,"IsSerial":false,"IsUnique":false,"Idx":1},"ssl":{"Type":0,"IsNullable":true,"DefaultValue":null,"IsSerial":false,"IsUnique":false,"Idx":2},"version":{"Type":0,"IsNullable":true,"DefaultValue":null,"IsSerial":false,"IsUnique":false,"Idx":3}},"PrimaryKeys":[1]}}
2026-02-28T14:55:36.809+0300	DEBUG	logger/zap_logger.go:71	DEBUG: Saved row: 	{"rowKey": "testdb:pg_catalog:pg_stat_ssl:row:12345:", "rowData": "[12345,true,\"TLSv1.3\",\"TLS_AES_256_GCM_SHA384\",256,false,\"CN=client,O=example,C=US\"]"}
2026-02-28T14:55:36.809+0300	DEBUG	logger/zap_logger.go:96	Executing: 

CREATE TABLE IF NOT EXISTS pg_catalog.pg_shdescription (
    objoid INT,
    classoid INT,
    objsubid INT,
    description TEXT,
    PRIMARY KEY (objoid, classoid, objsubid)
)
2026-02-28T14:55:36.809+0300	INFO	logger/zap_logger.go:76	[SynchronizerVClock] Loaded key	{"key": "testdb:pg_catalog:pg_stat_ssl:row:12345:", "value": "[12345,true,\"TLSv1.3\",\"TLS_AES_256_GCM_SHA384\",256,false,\"CN=client,O=example,C=US\"]", "vclock": {"node1":118}}
2026-02-28T14:55:36.809+0300	DEBUG	logger/zap_logger.go:96	DEBUG: Parsed statement type: CREATE_TABLE

2026-02-28T14:55:36.809+0300	DEBUG	logger/zap_logger.go:96	Executing: 

INSERT INTO pg_catalog.pg_shdescription (objoid, classoid, objsubid, description) VALUES
(1, 1259, 0, 'Description for pg_tables table'),
(2, 1259, 0, 'Description for pg_columns table')
2026-02-28T14:55:36.809+0300	INFO	logger/zap_logger.go:76	[SynchronizerVClock] Loaded key	{"key": "schema:testdb:pg_catalog:pg_shdescription:", "value": "{\"Name\":\"pg_catalog.pg_shdescription\",\"Columns\":{\"classoid\":{\"Type\":1,\"IsNullable\":false,\"DefaultValue\":null,\"IsSerial\":false,\"IsUnique\":false,\"Idx\":2},\"description\":{\"Type\":0,\"IsNullable\":true,\"DefaultValue\":null,\"IsSerial\":false,\"IsUnique\":false,\"Idx\":4},\"objoid\":{\"Type\":1,\"IsNullable\":false,\"DefaultValue\":null,\"IsSerial\":false,\"IsUnique\":false,\"Idx\":1},\"objsubid\":{\"Type\":1,\"IsNullable\":false,\"DefaultValue\":null,\"IsSerial\":false,\"IsUnique\":false,\"Idx\":3}},\"PrimaryKeys\":[1,2,3]}", "vclock": {"node1":119}}
2026-02-28T14:55:36.809+0300	DEBUG	logger/zap_logger.go:96	DEBUG: Parsed statement type: INSERT

2026-02-28T14:55:36.809+0300	DEBUG	logger/zap_logger.go:96	DEBUG: Insert into pg_catalog.pg_shdescription: [[1 1259 0 Description for pg_tables table] [2 1259 0 Description for pg_columns table]]

2026-02-28T14:55:36.809+0300	DEBUG	logger/zap_logger.go:71	DEBUG: Table metadata:	{"meta": {"Name":"pg_catalog.pg_shdescription","Columns":{"classoid":{"Type":1,"IsNullable":false,"DefaultValue":null,"IsSerial":false,"IsUnique":false,"Idx":2},"description":{"Type":0,"IsNullable":true,"DefaultValue":null,"IsSerial":false,"IsUnique":false,"Idx":4},"objoid":{"Type":1,"IsNullable":false,"DefaultValue":null,"IsSerial":false,"IsUnique":false,"Idx":1},"objsubid":{"Type":1,"IsNullable":false,"DefaultValue":null,"IsSerial":false,"IsUnique":false,"Idx":3}},"PrimaryKeys":[1,2,3]}}
2026-02-28T14:55:36.809+0300	DEBUG	logger/zap_logger.go:71	DEBUG: Saved row: 	{"rowKey": "testdb:pg_catalog:pg_shdescription:row:112590:", "rowData": "[1,1259,0,\"Description for pg_tables table\"]"}
2026-02-28T14:55:36.809+0300	DEBUG	logger/zap_logger.go:71	DEBUG: Saved row: 	{"rowKey": "testdb:pg_catalog:pg_shdescription:row:212590:", "rowData": "[2,1259,0,\"Description for pg_columns table\"]"}
2026-02-28T14:55:36.809+0300	INFO	logger/zap_logger.go:76	[SynchronizerVClock] Loaded key	{"key": "testdb:pg_catalog:pg_shdescription:row:112590:", "value": "[1,1259,0,\"Description for pg_tables table\"]", "vclock": {"node1":120}}
2026-02-28T14:55:36.809+0300	DEBUG	logger/zap_logger.go:96	Executing: 

CREATE TABLE IF NOT EXISTS pg_catalog.pg_am (
    oid INT,
    amname TEXT,
    amhandler INT,
    amtype TEXT,
    PRIMARY KEY (oid)
)
2026-02-28T14:55:36.809+0300	INFO	logger/zap_logger.go:76	[SynchronizerVClock] Loaded key	{"key": "testdb:pg_catalog:pg_shdescription:row:212590:", "value": "[2,1259,0,\"Description for pg_columns table\"]", "vclock": {"node1":121}}
2026-02-28T14:55:36.809+0300	DEBUG	logger/zap_logger.go:96	DEBUG: Parsed statement type: CREATE_TABLE

2026-02-28T14:55:36.809+0300	DEBUG	logger/zap_logger.go:96	Executing: 

INSERT INTO pg_catalog.pg_am (oid, amname, amhandler, amtype) VALUES
(403, 'heap', 0, 't'),
(405, 'btree', 0, 'i')
2026-02-28T14:55:36.809+0300	INFO	logger/zap_logger.go:76	[SynchronizerVClock] Loaded key	{"key": "schema:testdb:pg_catalog:pg_am:", "value": "{\"Name\":\"pg_catalog.pg_am\",\"Columns\":{\"amhandler\":{\"Type\":1,\"IsNullable\":true,\"DefaultValue\":null,\"IsSerial\":false,\"IsUnique\":false,\"Idx\":3},\"amname\":{\"Type\":0,\"IsNullable\":true,\"DefaultValue\":null,\"IsSerial\":false,\"IsUnique\":false,\"Idx\":2},\"amtype\":{\"Type\":0,\"IsNullable\":true,\"DefaultValue\":null,\"IsSerial\":false,\"IsUnique\":false,\"Idx\":4},\"oid\":{\"Type\":1,\"IsNullable\":false,\"DefaultValue\":null,\"IsSerial\":false,\"IsUnique\":false,\"Idx\":1}},\"PrimaryKeys\":[1]}", "vclock": {"node1":122}}
2026-02-28T14:55:36.809+0300	DEBUG	logger/zap_logger.go:96	DEBUG: Parsed statement type: INSERT

2026-02-28T14:55:36.809+0300	DEBUG	logger/zap_logger.go:96	DEBUG: Insert into pg_catalog.pg_am: [[403 heap 0 t] [405 btree 0 i]]

2026-02-28T14:55:36.809+0300	DEBUG	logger/zap_logger.go:71	DEBUG: Table metadata:	{"meta": {"Name":"pg_catalog.pg_am","Columns":{"amhandler":{"Type":1,"IsNullable":true,"DefaultValue":null,"IsSerial":false,"IsUnique":false,"Idx":3},"amname":{"Type":0,"IsNullable":true,"DefaultValue":null,"IsSerial":false,"IsUnique":false,"Idx":2},"amtype":{"Type":0,"IsNullable":true,"DefaultValue":null,"IsSerial":false,"IsUnique":false,"Idx":4},"oid":{"Type":1,"IsNullable":false,"DefaultValue":null,"IsSerial":false,"IsUnique":false,"Idx":1}},"PrimaryKeys":[1]}}
2026-02-28T14:55:36.809+0300	DEBUG	logger/zap_logger.go:71	DEBUG: Saved row: 	{"rowKey": "testdb:pg_catalog:pg_am:row:403:", "rowData": "[403,\"heap\",0,\"t\"]"}
2026-02-28T14:55:36.809+0300	DEBUG	logger/zap_logger.go:71	DEBUG: Saved row: 	{"rowKey": "testdb:pg_catalog:pg_am:row:405:", "rowData": "[405,\"btree\",0,\"i\"]"}
2026-02-28T14:55:36.809+0300	INFO	logger/zap_logger.go:76	[SynchronizerVClock] Loaded key	{"key": "testdb:pg_catalog:pg_am:row:403:", "value": "[403,\"heap\",0,\"t\"]", "vclock": {"node1":123}}
2026-02-28T14:55:36.809+0300	DEBUG	logger/zap_logger.go:96	Executing: 

2026-02-28T14:55:36.809+0300	INFO	logger/zap_logger.go:76	System tables initialization completed
2026-02-28T14:55:36.809+0300	INFO	logger/zap_logger.go:76	[SynchronizerVClock] Loaded key	{"key": "testdb:pg_catalog:pg_am:row:405:", "value": "[405,\"btree\",0,\"i\"]", "vclock": {"node1":124}}
2026-02-28T14:55:36.809+0300	INFO	logger/zap_logger.go:76	Pg server started
2026-02-28T14:55:38.245+0300	INFO	logger/zap_logger.go:76	Accepted connection
2026-02-28T14:55:38.245+0300	INFO	logger/zap_logger.go:76	Accepted connection
2026-02-28T14:55:38.248+0300	INFO	logger/zap_logger.go:76	SSL request received, sending 'N'
2026-02-28T14:55:38.249+0300	INFO	logger/zap_logger.go:76	Startup complete
2026-02-28T14:55:38.249+0300	DEBUG	logger/zap_logger.go:96	Query: CREATE TABLE users (
    id INT PRIMARY KEY,
    name TEXT
);
2026-02-28T14:55:38.249+0300	DEBUG	logger/zap_logger.go:96	DEBUG: Parsed statement type: CREATE_TABLE

2026-02-28T14:55:38.249+0300	DEBUG	logger/zap_logger.go:96	Parsed statement: %!(EXTRA zapcore.Field={stmt 23 0  0x14000715540})
2026-02-28T14:55:38.249+0300	INFO	logger/zap_logger.go:76	[SynchronizerVClock] Loaded key	{"key": "schema:testdb:public:users:", "value": "{\"Name\":\"users\",\"Columns\":{\"id\":{\"Type\":1,\"IsNullable\":false,\"DefaultValue\":null,\"IsSerial\":false,\"IsUnique\":false,\"Idx\":1},\"name\":{\"Type\":0,\"IsNullable\":true,\"DefaultValue\":null,\"IsSerial\":false,\"IsUnique\":false,\"Idx\":2}},\"PrimaryKeys\":[1]}", "vclock": {"node1":125}}
2026-02-28T14:55:38.249+0300	DEBUG	logger/zap_logger.go:96	Query: INSERT INTO users (id, name) VALUES (1, 'Alice'), (2, 'Bob');
2026-02-28T14:55:38.250+0300	DEBUG	logger/zap_logger.go:96	DEBUG: Parsed statement type: INSERT

2026-02-28T14:55:38.250+0300	DEBUG	logger/zap_logger.go:96	Parsed statement: %!(EXTRA zapcore.Field={stmt 23 0  0x1400083c7c0})
2026-02-28T14:55:38.250+0300	DEBUG	logger/zap_logger.go:96	DEBUG: Insert into users: [[1 Alice] [2 Bob]]

2026-02-28T14:55:38.250+0300	DEBUG	logger/zap_logger.go:71	DEBUG: Table metadata:	{"meta": {"Name":"users","Columns":{"id":{"Type":1,"IsNullable":false,"DefaultValue":null,"IsSerial":false,"IsUnique":false,"Idx":1},"name":{"Type":0,"IsNullable":true,"DefaultValue":null,"IsSerial":false,"IsUnique":false,"Idx":2}},"PrimaryKeys":[1]}}
2026-02-28T14:55:38.250+0300	DEBUG	logger/zap_logger.go:71	DEBUG: Saved row: 	{"rowKey": "testdb:public:users:row:1:", "rowData": "[1,\"Alice\"]"}
2026-02-28T14:55:38.250+0300	DEBUG	logger/zap_logger.go:71	DEBUG: Saved row: 	{"rowKey": "testdb:public:users:row:2:", "rowData": "[2,\"Bob\"]"}
2026-02-28T14:55:38.250+0300	INFO	logger/zap_logger.go:76	[SynchronizerVClock] Loaded key	{"key": "testdb:public:users:row:1:", "value": "[1,\"Alice\"]", "vclock": {"node1":126}}
2026-02-28T14:55:38.250+0300	INFO	logger/zap_logger.go:76	[SynchronizerVClock] Loaded key	{"key": "testdb:public:users:row:2:", "value": "[2,\"Bob\"]", "vclock": {"node1":127}}
2026-02-28T14:55:38.250+0300	DEBUG	logger/zap_logger.go:96	Query: INSERT INTO orders (id, user_id) VALUES (1, 1), (2, 2), (3, 1);
2026-02-28T14:55:38.250+0300	DEBUG	logger/zap_logger.go:96	DEBUG: Parsed statement type: INSERT

2026-02-28T14:55:38.250+0300	DEBUG	logger/zap_logger.go:96	Parsed statement: %!(EXTRA zapcore.Field={stmt 23 0  0x1400083cec0})
2026-02-28T14:55:38.250+0300	DEBUG	logger/zap_logger.go:96	DEBUG: Insert into orders: [[1 1] [2 2] [3 1]]

2026-02-28T14:55:38.250+0300	DEBUG	logger/zap_logger.go:96	Query: SELECT u.id, o.user_id, * FROM orders o JOIN users u ON o.user_id = u.id;
2026-02-28T14:55:38.251+0300	DEBUG	logger/zap_logger.go:96	Parsing select item: u.id
2026-02-28T14:55:38.251+0300	DEBUG	logger/zap_logger.go:96	Parsing select item: o.user_id
2026-02-28T14:55:38.251+0300	DEBUG	logger/zap_logger.go:96	Parsing select item: *
2026-02-28T14:55:38.252+0300	DEBUG	logger/zap_logger.go:96	DEBUG: Parsed statement type: SELECT

2026-02-28T14:55:38.252+0300	DEBUG	logger/zap_logger.go:96	Parsed statement: %!(EXTRA zapcore.Field={stmt 23 0  0x14000851ce0})
2026-02-28T14:55:38.252+0300	DEBUG	logger/zap_logger.go:96	Executing query plan: %!(EXTRA zapcore.Field={queryPlan 25 0  Project
  Join
    Scan (orders AS o)
    Scan (users AS u)
})
2026-02-28T14:55:38.252+0300	DEBUG	logger/zap_logger.go:71	executing plan node	{"type": "Project"}
2026-02-28T14:55:38.252+0300	DEBUG	logger/zap_logger.go:71	executing plan node	{"type": "Join"}
2026-02-28T14:55:38.252+0300	DEBUG	logger/zap_logger.go:71	executing plan node	{"type": "Scan"}
2026-02-28T14:55:39.223+0300	DEBUG	logger/zap_logger.go:96	Query: CREATE TABLE orders (
    id INT PRIMARY KEY,
    user_id INT
);
2026-02-28T14:55:39.224+0300	DEBUG	logger/zap_logger.go:96	DEBUG: Parsed statement type: CREATE_TABLE

2026-02-28T14:55:39.224+0300	DEBUG	logger/zap_logger.go:96	Parsed statement: %!(EXTRA zapcore.Field={stmt 23 0  0x14000869270})
2026-02-28T14:55:39.224+0300	INFO	logger/zap_logger.go:76	[SynchronizerVClock] Loaded key	{"key": "schema:testdb:public:orders:", "value": "{\"Name\":\"orders\",\"Columns\":{\"id\":{\"Type\":1,\"IsNullable\":false,\"DefaultValue\":null,\"IsSerial\":false,\"IsUnique\":false,\"Idx\":1},\"user_id\":{\"Type\":1,\"IsNullable\":true,\"DefaultValue\":null,\"IsSerial\":false,\"IsUnique\":false,\"Idx\":2}},\"PrimaryKeys\":[1]}", "vclock": {"node1":128}}
2026-02-28T14:55:39.224+0300	DEBUG	logger/zap_logger.go:96	Query: CREATE TABLE users (
    id INT PRIMARY KEY,
    name TEXT
);
2026-02-28T14:55:39.224+0300	DEBUG	logger/zap_logger.go:96	DEBUG: Parsed statement type: CREATE_TABLE

2026-02-28T14:55:39.224+0300	DEBUG	logger/zap_logger.go:96	Parsed statement: %!(EXTRA zapcore.Field={stmt 23 0  0x140008a6000})
2026-02-28T14:55:39.225+0300	DEBUG	logger/zap_logger.go:96	Query: INSERT INTO users (id, name) VALUES (1, 'Alice'), (2, 'Bob');
2026-02-28T14:55:39.226+0300	DEBUG	logger/zap_logger.go:96	DEBUG: Parsed statement type: INSERT

2026-02-28T14:55:39.226+0300	DEBUG	logger/zap_logger.go:96	Parsed statement: %!(EXTRA zapcore.Field={stmt 23 0  0x14000884640})
2026-02-28T14:55:39.226+0300	DEBUG	logger/zap_logger.go:96	DEBUG: Insert into users: [[1 Alice] [2 Bob]]

2026-02-28T14:55:39.226+0300	DEBUG	logger/zap_logger.go:71	DEBUG: Table metadata:	{"meta": {"Name":"users","Columns":{"id":{"Type":1,"IsNullable":false,"DefaultValue":null,"IsSerial":false,"IsUnique":false,"Idx":1},"name":{"Type":0,"IsNullable":true,"DefaultValue":null,"IsSerial":false,"IsUnique":false,"Idx":2}},"PrimaryKeys":[1]}}
2026-02-28T14:55:39.226+0300	DEBUG	logger/zap_logger.go:96	Query: INSERT INTO orders (id, user_id) VALUES (1, 1), (2, 2), (3, 1);
2026-02-28T14:55:39.226+0300	DEBUG	logger/zap_logger.go:96	DEBUG: Parsed statement type: INSERT

2026-02-28T14:55:39.226+0300	DEBUG	logger/zap_logger.go:96	Parsed statement: %!(EXTRA zapcore.Field={stmt 23 0  0x14000884a80})
2026-02-28T14:55:39.226+0300	DEBUG	logger/zap_logger.go:96	DEBUG: Insert into orders: [[1 1] [2 2] [3 1]]

2026-02-28T14:55:39.226+0300	DEBUG	logger/zap_logger.go:71	DEBUG: Table metadata:	{"meta": {"Name":"orders","Columns":{"id":{"Type":1,"IsNullable":false,"DefaultValue":null,"IsSerial":false,"IsUnique":false,"Idx":1},"user_id":{"Type":1,"IsNullable":true,"DefaultValue":null,"IsSerial":false,"IsUnique":false,"Idx":2}},"PrimaryKeys":[1]}}
2026-02-28T14:55:39.226+0300	DEBUG	logger/zap_logger.go:71	DEBUG: Saved row: 	{"rowKey": "testdb:public:orders:row:1:", "rowData": "[1,1]"}
2026-02-28T14:55:39.227+0300	DEBUG	logger/zap_logger.go:71	DEBUG: Saved row: 	{"rowKey": "testdb:public:orders:row:2:", "rowData": "[2,2]"}
2026-02-28T14:55:39.227+0300	DEBUG	logger/zap_logger.go:71	DEBUG: Saved row: 	{"rowKey": "testdb:public:orders:row:3:", "rowData": "[3,1]"}
2026-02-28T14:55:39.227+0300	INFO	logger/zap_logger.go:76	[SynchronizerVClock] Loaded key	{"key": "testdb:public:orders:row:2:", "value": "[2,2]", "vclock": {"node1":129}}
2026-02-28T14:55:39.227+0300	INFO	logger/zap_logger.go:76	[SynchronizerVClock] Loaded key	{"key": "testdb:public:orders:row:3:", "value": "[3,1]", "vclock": {"node1":130}}
2026-02-28T14:55:39.227+0300	INFO	logger/zap_logger.go:76	[SynchronizerVClock] Loaded key	{"key": "testdb:public:orders:row:1:", "value": "[1,1]", "vclock": {"node1":131}}
2026-02-28T14:55:39.227+0300	DEBUG	logger/zap_logger.go:96	Query: SELECT u.id, o.user_id, * FROM orders o JOIN users u ON o.user_id = u.id;
2026-02-28T14:55:39.228+0300	DEBUG	logger/zap_logger.go:96	Parsing select item: u.id
2026-02-28T14:55:39.228+0300	DEBUG	logger/zap_logger.go:96	Parsing select item: o.user_id
2026-02-28T14:55:39.228+0300	DEBUG	logger/zap_logger.go:96	Parsing select item: *
2026-02-28T14:55:39.228+0300	DEBUG	logger/zap_logger.go:96	DEBUG: Parsed statement type: SELECT

2026-02-28T14:55:39.228+0300	DEBUG	logger/zap_logger.go:96	Parsed statement: %!(EXTRA zapcore.Field={stmt 23 0  0x1400092c0d0})
2026-02-28T14:55:39.228+0300	DEBUG	logger/zap_logger.go:96	Executing query plan: %!(EXTRA zapcore.Field={queryPlan 25 0  Project
  Join
    Scan (orders AS o)
    Scan (users AS u)
})
2026-02-28T14:55:39.228+0300	DEBUG	logger/zap_logger.go:71	executing plan node	{"type": "Project"}
2026-02-28T14:55:39.228+0300	DEBUG	logger/zap_logger.go:71	executing plan node	{"type": "Join"}
2026-02-28T14:55:39.228+0300	DEBUG	logger/zap_logger.go:71	executing plan node	{"type": "Scan"}
2026-02-28T14:55:39.229+0300	DEBUG	logger/zap_logger.go:71	Table metadata: 	{"meta": {"Name":"orders","Columns":{"id":{"Type":1,"IsNullable":false,"DefaultValue":null,"IsSerial":false,"IsUnique":false,"Idx":1},"user_id":{"Type":1,"IsNullable":true,"DefaultValue":null,"IsSerial":false,"IsUnique":false,"Idx":2}},"PrimaryKeys":[1]}}
2026-02-28T14:55:39.229+0300	DEBUG	logger/zap_logger.go:71	Table columns	{"columns": [{"Idx":1,"Name":"id","Type":1,"TableIdentifier":"","OriginalTableName":""},{"Idx":2,"Name":"user_id","Type":1,"TableIdentifier":"","OriginalTableName":""}]}
2026-02-28T14:55:39.229+0300	DEBUG	logger/zap_logger.go:71	Select columns	{"columns": [{"Name":"","IsAll":true}]}
2026-02-28T14:55:39.229+0300	DEBUG	logger/zap_logger.go:71	NewIterator called with seekKey:	{"seekKey": "testdb:public:orders:row:", "typ": "ALL"}
2026-02-28T14:55:39.229+0300	DEBUG	logger/zap_logger.go:71	Select result: 	{"result": {"Rows":[[3,1],[1,1],[2,2]],"Columns":[{"Idx":1,"Name":"id","Type":1,"TableIdentifier":"","OriginalTableName":""},{"Idx":2,"Name":"user_id","Type":1,"TableIdentifier":"","OriginalTableName":""}]}}
2026-02-28T14:55:39.229+0300	DEBUG	logger/zap_logger.go:71	scan result	{"rows": 3, "cols": 2}
2026-02-28T14:55:39.229+0300	DEBUG	logger/zap_logger.go:71	executing plan node	{"type": "Scan"}
2026-02-28T14:55:39.229+0300	DEBUG	logger/zap_logger.go:71	Table metadata: 	{"meta": {"Name":"users","Columns":{"id":{"Type":1,"IsNullable":false,"DefaultValue":null,"IsSerial":false,"IsUnique":false,"Idx":1},"name":{"Type":0,"IsNullable":true,"DefaultValue":null,"IsSerial":false,"IsUnique":false,"Idx":2}},"PrimaryKeys":[1]}}
2026-02-28T14:55:39.229+0300	DEBUG	logger/zap_logger.go:71	Table columns	{"columns": [{"Idx":1,"Name":"id","Type":1,"TableIdentifier":"","OriginalTableName":""},{"Idx":2,"Name":"name","Type":0,"TableIdentifier":"","OriginalTableName":""}]}
2026-02-28T14:55:39.229+0300	DEBUG	logger/zap_logger.go:71	Select columns	{"columns": [{"Name":"","IsAll":true}]}
2026-02-28T14:55:39.229+0300	DEBUG	logger/zap_logger.go:71	NewIterator called with seekKey:	{"seekKey": "testdb:public:users:row:", "typ": "ALL"}
2026-02-28T14:55:39.229+0300	DEBUG	logger/zap_logger.go:71	Select result: 	{"result": {"Rows":[[2,"Bob"],[1,"Alice"]],"Columns":[{"Idx":1,"Name":"id","Type":1,"TableIdentifier":"","OriginalTableName":""},{"Idx":2,"Name":"name","Type":0,"TableIdentifier":"","OriginalTableName":""}]}}
2026-02-28T14:55:39.229+0300	DEBUG	logger/zap_logger.go:71	scan result	{"rows": 2, "cols": 2}
2026-02-28T14:55:39.229+0300	DEBUG	logger/zap_logger.go:71	performNestedLoopJoin	{"leftRows": 3, "rightRows": 2, "leftCols": 2, "rightCols": 2}
2026-02-28T14:55:39.229+0300	DEBUG	logger/zap_logger.go:71	Evaluating JOIN condition	{"leftRowIdx": 0, "rightRowIdx": 0, "leftRow": [3,1], "rightRow": [2,"Bob"], "combinedRow": [3,1,2,"Bob"]}
2026-02-28T14:55:39.229+0300	DEBUG	logger/zap_logger.go:71	JOIN condition result	{"matches": false, "exprType": "*rmodels.BoolExpression"}
2026-02-28T14:55:39.229+0300	DEBUG	logger/zap_logger.go:71	Evaluating JOIN condition	{"leftRowIdx": 0, "rightRowIdx": 1, "leftRow": [3,1], "rightRow": [1,"Alice"], "combinedRow": [3,1,1,"Alice"]}
2026-02-28T14:55:39.229+0300	DEBUG	logger/zap_logger.go:71	JOIN condition result	{"matches": true, "exprType": "*rmodels.BoolExpression"}
2026-02-28T14:55:39.229+0300	DEBUG	logger/zap_logger.go:71	Evaluating JOIN condition	{"leftRowIdx": 1, "rightRowIdx": 0, "leftRow": [1,1], "rightRow": [2,"Bob"], "combinedRow": [1,1,2,"Bob"]}
2026-02-28T14:55:39.229+0300	DEBUG	logger/zap_logger.go:71	JOIN condition result	{"matches": false, "exprType": "*rmodels.BoolExpression"}
2026-02-28T14:55:39.229+0300	DEBUG	logger/zap_logger.go:71	Evaluating JOIN condition	{"leftRowIdx": 1, "rightRowIdx": 1, "leftRow": [1,1], "rightRow": [1,"Alice"], "combinedRow": [1,1,1,"Alice"]}
2026-02-28T14:55:39.229+0300	DEBUG	logger/zap_logger.go:71	JOIN condition result	{"matches": true, "exprType": "*rmodels.BoolExpression"}
2026-02-28T14:55:39.229+0300	DEBUG	logger/zap_logger.go:71	Evaluating JOIN condition	{"leftRowIdx": 2, "rightRowIdx": 0, "leftRow": [2,2], "rightRow": [2,"Bob"], "combinedRow": [2,2,2,"Bob"]}
2026-02-28T14:55:39.229+0300	DEBUG	logger/zap_logger.go:71	JOIN condition result	{"matches": true, "exprType": "*rmodels.BoolExpression"}
2026-02-28T14:55:39.229+0300	DEBUG	logger/zap_logger.go:71	Evaluating JOIN condition	{"leftRowIdx": 2, "rightRowIdx": 1, "leftRow": [2,2], "rightRow": [1,"Alice"], "combinedRow": [2,2,1,"Alice"]}
2026-02-28T14:55:39.229+0300	DEBUG	logger/zap_logger.go:71	JOIN condition result	{"matches": false, "exprType": "*rmodels.BoolExpression"}
2026-02-28T14:55:39.229+0300	DEBUG	logger/zap_logger.go:71	performNestedLoopJoin result	{"resultRows": 3}
2026-02-28T14:55:39.229+0300	DEBUG	logger/zap_logger.go:71	DEBUG: Sending row:	{"row": [1,1,3,1,1,"Alice"]}
2026-02-28T14:55:39.229+0300	DEBUG	logger/zap_logger.go:71	DEBUG: Sending row:	{"row": [1,1,1,1,1,"Alice"]}
2026-02-28T14:55:39.229+0300	DEBUG	logger/zap_logger.go:71	DEBUG: Sending row:	{"row": [2,2,2,2,2,"Bob"]}
2026-02-28T14:55:49.032+0300	DEBUG	logger/zap_logger.go:96	Query: CREATE TABLE orders (
    id INT PRIMARY KEY,
    user_id INT
);
2026-02-28T14:55:49.034+0300	DEBUG	logger/zap_logger.go:96	DEBUG: Parsed statement type: CREATE_TABLE

2026-02-28T14:55:49.034+0300	DEBUG	logger/zap_logger.go:96	Parsed statement: %!(EXTRA zapcore.Field={stmt 23 0  0x140008a6000})
2026-02-28T14:55:49.034+0300	DEBUG	logger/zap_logger.go:96	Query: CREATE TABLE users (
    id INT PRIMARY KEY,
    name TEXT
);
2026-02-28T14:55:49.035+0300	DEBUG	logger/zap_logger.go:96	DEBUG: Parsed statement type: CREATE_TABLE

2026-02-28T14:55:49.035+0300	DEBUG	logger/zap_logger.go:96	Parsed statement: %!(EXTRA zapcore.Field={stmt 23 0  0x140008a6050})
2026-02-28T14:55:49.035+0300	DEBUG	logger/zap_logger.go:96	Query: INSERT INTO users (id, name) VALUES (1, 'Alice'), (2, 'Bob');
2026-02-28T14:55:49.035+0300	DEBUG	logger/zap_logger.go:96	DEBUG: Parsed statement type: INSERT

2026-02-28T14:55:49.035+0300	DEBUG	logger/zap_logger.go:96	Parsed statement: %!(EXTRA zapcore.Field={stmt 23 0  0x14000884880})
2026-02-28T14:55:49.035+0300	DEBUG	logger/zap_logger.go:96	DEBUG: Insert into users: [[1 Alice] [2 Bob]]

2026-02-28T14:55:49.035+0300	DEBUG	logger/zap_logger.go:71	DEBUG: Table metadata:	{"meta": {"Name":"users","Columns":{"id":{"Type":1,"IsNullable":false,"DefaultValue":null,"IsSerial":false,"IsUnique":false,"Idx":1},"name":{"Type":0,"IsNullable":true,"DefaultValue":null,"IsSerial":false,"IsUnique":false,"Idx":2}},"PrimaryKeys":[1]}}
2026-02-28T14:55:49.036+0300	DEBUG	logger/zap_logger.go:96	Query: INSERT INTO orders (id, user_id) VALUES (1, 1), (2, 2), (3, 1);
2026-02-28T14:55:49.036+0300	DEBUG	logger/zap_logger.go:96	DEBUG: Parsed statement type: INSERT

2026-02-28T14:55:49.036+0300	DEBUG	logger/zap_logger.go:96	Parsed statement: %!(EXTRA zapcore.Field={stmt 23 0  0x14000884cc0})
2026-02-28T14:55:49.036+0300	DEBUG	logger/zap_logger.go:96	DEBUG: Insert into orders: [[1 1] [2 2] [3 1]]

2026-02-28T14:55:49.036+0300	DEBUG	logger/zap_logger.go:71	DEBUG: Table metadata:	{"meta": {"Name":"orders","Columns":{"id":{"Type":1,"IsNullable":false,"DefaultValue":null,"IsSerial":false,"IsUnique":false,"Idx":1},"user_id":{"Type":1,"IsNullable":true,"DefaultValue":null,"IsSerial":false,"IsUnique":false,"Idx":2}},"PrimaryKeys":[1]}}
2026-02-28T14:55:49.036+0300	DEBUG	logger/zap_logger.go:96	Query: SELECT u.id, o.user_id, * FROM orders o JOIN users u ON o.user_id = u.id;
2026-02-28T14:55:49.036+0300	DEBUG	logger/zap_logger.go:96	Parsing select item: u.id
2026-02-28T14:55:49.036+0300	DEBUG	logger/zap_logger.go:96	Parsing select item: o.user_id
2026-02-28T14:55:49.036+0300	DEBUG	logger/zap_logger.go:96	Parsing select item: *
2026-02-28T14:55:49.037+0300	DEBUG	logger/zap_logger.go:96	DEBUG: Parsed statement type: SELECT

2026-02-28T14:55:49.037+0300	DEBUG	logger/zap_logger.go:96	Parsed statement: %!(EXTRA zapcore.Field={stmt 23 0  0x1400042fe80})
2026-02-28T14:55:49.037+0300	DEBUG	logger/zap_logger.go:96	Executing query plan: %!(EXTRA zapcore.Field={queryPlan 25 0  Project
  Join
    Scan (orders AS o)
    Scan (users AS u)
})
2026-02-28T14:55:49.037+0300	DEBUG	logger/zap_logger.go:71	executing plan node	{"type": "Project"}
2026-02-28T14:55:49.037+0300	DEBUG	logger/zap_logger.go:71	executing plan node	{"type": "Join"}
2026-02-28T14:55:49.037+0300	DEBUG	logger/zap_logger.go:71	executing plan node	{"type": "Scan"}
2026-02-28T14:55:49.037+0300	DEBUG	logger/zap_logger.go:71	Table metadata: 	{"meta": {"Name":"orders","Columns":{"id":{"Type":1,"IsNullable":false,"DefaultValue":null,"IsSerial":false,"IsUnique":false,"Idx":1},"user_id":{"Type":1,"IsNullable":true,"DefaultValue":null,"IsSerial":false,"IsUnique":false,"Idx":2}},"PrimaryKeys":[1]}}
2026-02-28T14:55:49.037+0300	DEBUG	logger/zap_logger.go:71	Table columns	{"columns": [{"Idx":1,"Name":"id","Type":1,"TableIdentifier":"","OriginalTableName":""},{"Idx":2,"Name":"user_id","Type":1,"TableIdentifier":"","OriginalTableName":""}]}
2026-02-28T14:55:49.037+0300	DEBUG	logger/zap_logger.go:71	Select columns	{"columns": [{"Name":"","IsAll":true}]}
2026-02-28T14:55:49.037+0300	DEBUG	logger/zap_logger.go:71	NewIterator called with seekKey:	{"seekKey": "testdb:public:orders:row:", "typ": "ALL"}
2026-02-28T14:55:49.037+0300	DEBUG	logger/zap_logger.go:71	Select result: 	{"result": {"Rows":[[2,2],[3,1],[1,1]],"Columns":[{"Idx":1,"Name":"id","Type":1,"TableIdentifier":"","OriginalTableName":""},{"Idx":2,"Name":"user_id","Type":1,"TableIdentifier":"","OriginalTableName":""}]}}
2026-02-28T14:55:49.037+0300	DEBUG	logger/zap_logger.go:71	scan result	{"rows": 3, "cols": 2}
2026-02-28T14:55:49.037+0300	DEBUG	logger/zap_logger.go:71	executing plan node	{"type": "Scan"}
2026-02-28T14:55:49.037+0300	DEBUG	logger/zap_logger.go:71	Table metadata: 	{"meta": {"Name":"users","Columns":{"id":{"Type":1,"IsNullable":false,"DefaultValue":null,"IsSerial":false,"IsUnique":false,"Idx":1},"name":{"Type":0,"IsNullable":true,"DefaultValue":null,"IsSerial":false,"IsUnique":false,"Idx":2}},"PrimaryKeys":[1]}}
2026-02-28T14:55:49.037+0300	DEBUG	logger/zap_logger.go:71	Table columns	{"columns": [{"Idx":1,"Name":"id","Type":1,"TableIdentifier":"","OriginalTableName":""},{"Idx":2,"Name":"name","Type":0,"TableIdentifier":"","OriginalTableName":""}]}
2026-02-28T14:55:49.037+0300	DEBUG	logger/zap_logger.go:71	Select columns	{"columns": [{"Name":"","IsAll":true}]}
2026-02-28T14:55:49.037+0300	DEBUG	logger/zap_logger.go:71	NewIterator called with seekKey:	{"seekKey": "testdb:public:users:row:", "typ": "ALL"}
2026-02-28T14:55:49.037+0300	DEBUG	logger/zap_logger.go:71	Select result: 	{"result": {"Rows":[[2,"Bob"],[1,"Alice"]],"Columns":[{"Idx":1,"Name":"id","Type":1,"TableIdentifier":"","OriginalTableName":""},{"Idx":2,"Name":"name","Type":0,"TableIdentifier":"","OriginalTableName":""}]}}
2026-02-28T14:55:49.037+0300	DEBUG	logger/zap_logger.go:71	scan result	{"rows": 2, "cols": 2}
2026-02-28T14:55:49.037+0300	DEBUG	logger/zap_logger.go:71	performNestedLoopJoin	{"leftRows": 3, "rightRows": 2, "leftCols": 2, "rightCols": 2}
2026-02-28T14:55:49.037+0300	DEBUG	logger/zap_logger.go:71	Evaluating JOIN condition	{"leftRowIdx": 0, "rightRowIdx": 0, "leftRow": [2,2], "rightRow": [2,"Bob"], "combinedRow": [2,2,2,"Bob"]}
2026-02-28T14:55:49.037+0300	DEBUG	logger/zap_logger.go:71	JOIN condition result	{"matches": true, "exprType": "*rmodels.BoolExpression"}
2026-02-28T14:55:49.037+0300	DEBUG	logger/zap_logger.go:71	Evaluating JOIN condition	{"leftRowIdx": 0, "rightRowIdx": 1, "leftRow": [2,2], "rightRow": [1,"Alice"], "combinedRow": [2,2,1,"Alice"]}
2026-02-28T14:55:49.037+0300	DEBUG	logger/zap_logger.go:71	JOIN condition result	{"matches": false, "exprType": "*rmodels.BoolExpression"}
2026-02-28T14:55:49.037+0300	DEBUG	logger/zap_logger.go:71	Evaluating JOIN condition	{"leftRowIdx": 1, "rightRowIdx": 0, "leftRow": [3,1], "rightRow": [2,"Bob"], "combinedRow": [3,1,2,"Bob"]}
2026-02-28T14:55:49.037+0300	DEBUG	logger/zap_logger.go:71	JOIN condition result	{"matches": false, "exprType": "*rmodels.BoolExpression"}
2026-02-28T14:55:49.037+0300	DEBUG	logger/zap_logger.go:71	Evaluating JOIN condition	{"leftRowIdx": 1, "rightRowIdx": 1, "leftRow": [3,1], "rightRow": [1,"Alice"], "combinedRow": [3,1,1,"Alice"]}
2026-02-28T14:55:49.037+0300	DEBUG	logger/zap_logger.go:71	JOIN condition result	{"matches": true, "exprType": "*rmodels.BoolExpression"}
2026-02-28T14:55:49.037+0300	DEBUG	logger/zap_logger.go:71	Evaluating JOIN condition	{"leftRowIdx": 2, "rightRowIdx": 0, "leftRow": [1,1], "rightRow": [2,"Bob"], "combinedRow": [1,1,2,"Bob"]}
2026-02-28T14:55:49.037+0300	DEBUG	logger/zap_logger.go:71	JOIN condition result	{"matches": false, "exprType": "*rmodels.BoolExpression"}
2026-02-28T14:55:49.037+0300	DEBUG	logger/zap_logger.go:71	Evaluating JOIN condition	{"leftRowIdx": 2, "rightRowIdx": 1, "leftRow": [1,1], "rightRow": [1,"Alice"], "combinedRow": [1,1,1,"Alice"]}
2026-02-28T14:55:49.037+0300	DEBUG	logger/zap_logger.go:71	JOIN condition result	{"matches": true, "exprType": "*rmodels.BoolExpression"}
2026-02-28T14:55:49.037+0300	DEBUG	logger/zap_logger.go:71	performNestedLoopJoin result	{"resultRows": 3}
2026-02-28T14:55:49.037+0300	DEBUG	logger/zap_logger.go:71	DEBUG: Sending row:	{"row": [2,2,2,2,2,"Bob"]}
2026-02-28T14:55:49.038+0300	DEBUG	logger/zap_logger.go:71	DEBUG: Sending row:	{"row": [1,1,3,1,1,"Alice"]}
2026-02-28T14:55:49.038+0300	DEBUG	logger/zap_logger.go:71	DEBUG: Sending row:	{"row": [1,1,1,1,1,"Alice"]}
2026-02-28T14:55:49.843+0300	DEBUG	logger/zap_logger.go:96	Query: SELECT u.id, o.user_id, * FROM orders o JOIN users u ON o.user_id = u.id;
2026-02-28T14:55:49.844+0300	DEBUG	logger/zap_logger.go:96	Parsing select item: u.id
2026-02-28T14:55:49.844+0300	DEBUG	logger/zap_logger.go:96	Parsing select item: o.user_id
2026-02-28T14:55:49.844+0300	DEBUG	logger/zap_logger.go:96	Parsing select item: *
2026-02-28T14:55:49.844+0300	DEBUG	logger/zap_logger.go:96	DEBUG: Parsed statement type: SELECT

2026-02-28T14:55:49.844+0300	DEBUG	logger/zap_logger.go:96	Parsed statement: %!(EXTRA zapcore.Field={stmt 23 0  0x1400020f3a0})
2026-02-28T14:55:49.844+0300	DEBUG	logger/zap_logger.go:96	Executing query plan: %!(EXTRA zapcore.Field={queryPlan 25 0  Project
  Join
    Scan (orders AS o)
    Scan (users AS u)
})
2026-02-28T14:55:49.844+0300	DEBUG	logger/zap_logger.go:71	executing plan node	{"type": "Project"}
2026-02-28T14:55:49.844+0300	DEBUG	logger/zap_logger.go:71	executing plan node	{"type": "Join"}
2026-02-28T14:55:49.844+0300	DEBUG	logger/zap_logger.go:71	executing plan node	{"type": "Scan"}
2026-02-28T14:55:49.844+0300	DEBUG	logger/zap_logger.go:71	Table metadata: 	{"meta": {"Name":"orders","Columns":{"id":{"Type":1,"IsNullable":false,"DefaultValue":null,"IsSerial":false,"IsUnique":false,"Idx":1},"user_id":{"Type":1,"IsNullable":true,"DefaultValue":null,"IsSerial":false,"IsUnique":false,"Idx":2}},"PrimaryKeys":[1]}}
2026-02-28T14:55:49.844+0300	DEBUG	logger/zap_logger.go:71	Table columns	{"columns": [{"Idx":1,"Name":"id","Type":1,"TableIdentifier":"","OriginalTableName":""},{"Idx":2,"Name":"user_id","Type":1,"TableIdentifier":"","OriginalTableName":""}]}
2026-02-28T14:55:49.844+0300	DEBUG	logger/zap_logger.go:71	Select columns	{"columns": [{"Name":"","IsAll":true}]}
2026-02-28T14:55:49.844+0300	DEBUG	logger/zap_logger.go:71	NewIterator called with seekKey:	{"seekKey": "testdb:public:orders:row:", "typ": "ALL"}
2026-02-28T14:55:49.845+0300	DEBUG	logger/zap_logger.go:71	Select result: 	{"result": {"Rows":[[1,1],[2,2],[3,1]],"Columns":[{"Idx":1,"Name":"id","Type":1,"TableIdentifier":"","OriginalTableName":""},{"Idx":2,"Name":"user_id","Type":1,"TableIdentifier":"","OriginalTableName":""}]}}
2026-02-28T14:55:49.845+0300	DEBUG	logger/zap_logger.go:71	scan result	{"rows": 3, "cols": 2}
2026-02-28T14:55:49.845+0300	DEBUG	logger/zap_logger.go:71	executing plan node	{"type": "Scan"}
2026-02-28T14:55:49.845+0300	DEBUG	logger/zap_logger.go:71	Table metadata: 	{"meta": {"Name":"users","Columns":{"id":{"Type":1,"IsNullable":false,"DefaultValue":null,"IsSerial":false,"IsUnique":false,"Idx":1},"name":{"Type":0,"IsNullable":true,"DefaultValue":null,"IsSerial":false,"IsUnique":false,"Idx":2}},"PrimaryKeys":[1]}}
2026-02-28T14:55:49.845+0300	DEBUG	logger/zap_logger.go:71	Table columns	{"columns": [{"Idx":1,"Name":"id","Type":1,"TableIdentifier":"","OriginalTableName":""},{"Idx":2,"Name":"name","Type":0,"TableIdentifier":"","OriginalTableName":""}]}
2026-02-28T14:55:49.845+0300	DEBUG	logger/zap_logger.go:71	Select columns	{"columns": [{"Name":"","IsAll":true}]}
2026-02-28T14:55:49.845+0300	DEBUG	logger/zap_logger.go:71	NewIterator called with seekKey:	{"seekKey": "testdb:public:users:row:", "typ": "ALL"}
2026-02-28T14:55:49.845+0300	DEBUG	logger/zap_logger.go:71	Select result: 	{"result": {"Rows":[[1,"Alice"],[2,"Bob"]],"Columns":[{"Idx":1,"Name":"id","Type":1,"TableIdentifier":"","OriginalTableName":""},{"Idx":2,"Name":"name","Type":0,"TableIdentifier":"","OriginalTableName":""}]}}
2026-02-28T14:55:49.845+0300	DEBUG	logger/zap_logger.go:71	scan result	{"rows": 2, "cols": 2}
2026-02-28T14:55:49.845+0300	DEBUG	logger/zap_logger.go:71	performNestedLoopJoin	{"leftRows": 3, "rightRows": 2, "leftCols": 2, "rightCols": 2}
2026-02-28T14:55:49.845+0300	DEBUG	logger/zap_logger.go:71	Evaluating JOIN condition	{"leftRowIdx": 0, "rightRowIdx": 0, "leftRow": [1,1], "rightRow": [1,"Alice"], "combinedRow": [1,1,1,"Alice"]}
2026-02-28T14:55:49.845+0300	DEBUG	logger/zap_logger.go:71	JOIN condition result	{"matches": true, "exprType": "*rmodels.BoolExpression"}
2026-02-28T14:55:49.845+0300	DEBUG	logger/zap_logger.go:71	Evaluating JOIN condition	{"leftRowIdx": 0, "rightRowIdx": 1, "leftRow": [1,1], "rightRow": [2,"Bob"], "combinedRow": [1,1,2,"Bob"]}
2026-02-28T14:55:49.845+0300	DEBUG	logger/zap_logger.go:71	JOIN condition result	{"matches": false, "exprType": "*rmodels.BoolExpression"}
2026-02-28T14:55:49.845+0300	DEBUG	logger/zap_logger.go:71	Evaluating JOIN condition	{"leftRowIdx": 1, "rightRowIdx": 0, "leftRow": [2,2], "rightRow": [1,"Alice"], "combinedRow": [2,2,1,"Alice"]}
2026-02-28T14:55:49.845+0300	DEBUG	logger/zap_logger.go:71	JOIN condition result	{"matches": false, "exprType": "*rmodels.BoolExpression"}
2026-02-28T14:55:49.845+0300	DEBUG	logger/zap_logger.go:71	Evaluating JOIN condition	{"leftRowIdx": 1, "rightRowIdx": 1, "leftRow": [2,2], "rightRow": [2,"Bob"], "combinedRow": [2,2,2,"Bob"]}
2026-02-28T14:55:49.845+0300	DEBUG	logger/zap_logger.go:71	JOIN condition result	{"matches": true, "exprType": "*rmodels.BoolExpression"}
2026-02-28T14:55:49.845+0300	DEBUG	logger/zap_logger.go:71	Evaluating JOIN condition	{"leftRowIdx": 2, "rightRowIdx": 0, "leftRow": [3,1], "rightRow": [1,"Alice"], "combinedRow": [3,1,1,"Alice"]}
2026-02-28T14:55:49.845+0300	DEBUG	logger/zap_logger.go:71	JOIN condition result	{"matches": true, "exprType": "*rmodels.BoolExpression"}
2026-02-28T14:55:49.845+0300	DEBUG	logger/zap_logger.go:71	Evaluating JOIN condition	{"leftRowIdx": 2, "rightRowIdx": 1, "leftRow": [3,1], "rightRow": [2,"Bob"], "combinedRow": [3,1,2,"Bob"]}
2026-02-28T14:55:49.845+0300	DEBUG	logger/zap_logger.go:71	JOIN condition result	{"matches": false, "exprType": "*rmodels.BoolExpression"}
2026-02-28T14:55:49.845+0300	DEBUG	logger/zap_logger.go:71	performNestedLoopJoin result	{"resultRows": 3}
2026-02-28T14:55:49.845+0300	DEBUG	logger/zap_logger.go:71	DEBUG: Sending row:	{"row": [1,1,1,1,1,"Alice"]}
2026-02-28T14:55:49.845+0300	DEBUG	logger/zap_logger.go:71	DEBUG: Sending row:	{"row": [2,2,2,2,2,"Bob"]}
2026-02-28T14:55:49.845+0300	DEBUG	logger/zap_logger.go:71	DEBUG: Sending row:	{"row": [1,1,3,1,1,"Alice"]}
2026-02-28T14:55:53.612+0300	DEBUG	logger/zap_logger.go:96	Query: SELECT u.id, o.user_id, * FROM orders o JOIN users u ON o.user_id = u.id;
2026-02-28T14:55:53.613+0300	DEBUG	logger/zap_logger.go:96	Parsing select item: u.id
2026-02-28T14:55:53.613+0300	DEBUG	logger/zap_logger.go:96	Parsing select item: o.user_id
2026-02-28T14:55:53.613+0300	DEBUG	logger/zap_logger.go:96	Parsing select item: *
2026-02-28T14:55:53.613+0300	DEBUG	logger/zap_logger.go:96	DEBUG: Parsed statement type: SELECT

2026-02-28T14:55:53.613+0300	DEBUG	logger/zap_logger.go:96	Parsed statement: %!(EXTRA zapcore.Field={stmt 23 0  0x1400088c870})
2026-02-28T14:55:53.613+0300	DEBUG	logger/zap_logger.go:96	Executing query plan: %!(EXTRA zapcore.Field={queryPlan 25 0  Project
  Join
    Scan (orders AS o)
    Scan (users AS u)
})
2026-02-28T14:55:53.613+0300	DEBUG	logger/zap_logger.go:71	executing plan node	{"type": "Project"}
2026-02-28T14:55:53.613+0300	DEBUG	logger/zap_logger.go:71	executing plan node	{"type": "Join"}
2026-02-28T14:55:53.613+0300	DEBUG	logger/zap_logger.go:71	executing plan node	{"type": "Scan"}
2026-02-28T14:55:53.613+0300	DEBUG	logger/zap_logger.go:71	Table metadata: 	{"meta": {"Name":"orders","Columns":{"id":{"Type":1,"IsNullable":false,"DefaultValue":null,"IsSerial":false,"IsUnique":false,"Idx":1},"user_id":{"Type":1,"IsNullable":true,"DefaultValue":null,"IsSerial":false,"IsUnique":false,"Idx":2}},"PrimaryKeys":[1]}}
2026-02-28T14:55:53.613+0300	DEBUG	logger/zap_logger.go:71	Table columns	{"columns": [{"Idx":1,"Name":"id","Type":1,"TableIdentifier":"","OriginalTableName":""},{"Idx":2,"Name":"user_id","Type":1,"TableIdentifier":"","OriginalTableName":""}]}
2026-02-28T14:55:53.613+0300	DEBUG	logger/zap_logger.go:71	Select columns	{"columns": [{"Name":"","IsAll":true}]}
2026-02-28T14:55:53.613+0300	DEBUG	logger/zap_logger.go:71	NewIterator called with seekKey:	{"seekKey": "testdb:public:orders:row:", "typ": "ALL"}
2026-02-28T14:55:53.613+0300	DEBUG	logger/zap_logger.go:71	Select result: 	{"result": {"Rows":[[1,1],[2,2],[3,1]],"Columns":[{"Idx":1,"Name":"id","Type":1,"TableIdentifier":"","OriginalTableName":""},{"Idx":2,"Name":"user_id","Type":1,"TableIdentifier":"","OriginalTableName":""}]}}
2026-02-28T14:55:53.614+0300	DEBUG	logger/zap_logger.go:71	scan result	{"rows": 3, "cols": 2}
2026-02-28T14:55:53.614+0300	DEBUG	logger/zap_logger.go:71	executing plan node	{"type": "Scan"}
2026-02-28T14:55:53.614+0300	DEBUG	logger/zap_logger.go:71	Table metadata: 	{"meta": {"Name":"users","Columns":{"id":{"Type":1,"IsNullable":false,"DefaultValue":null,"IsSerial":false,"IsUnique":false,"Idx":1},"name":{"Type":0,"IsNullable":true,"DefaultValue":null,"IsSerial":false,"IsUnique":false,"Idx":2}},"PrimaryKeys":[1]}}
2026-02-28T14:55:53.614+0300	DEBUG	logger/zap_logger.go:71	Table columns	{"columns": [{"Idx":1,"Name":"id","Type":1,"TableIdentifier":"","OriginalTableName":""},{"Idx":2,"Name":"name","Type":0,"TableIdentifier":"","OriginalTableName":""}]}
2026-02-28T14:55:53.614+0300	DEBUG	logger/zap_logger.go:71	Select columns	{"columns": [{"Name":"","IsAll":true}]}
2026-02-28T14:55:53.614+0300	DEBUG	logger/zap_logger.go:71	NewIterator called with seekKey:	{"seekKey": "testdb:public:users:row:", "typ": "ALL"}
2026-02-28T14:55:53.614+0300	DEBUG	logger/zap_logger.go:71	Select result: 	{"result": {"Rows":[[1,"Alice"],[2,"Bob"]],"Columns":[{"Idx":1,"Name":"id","Type":1,"TableIdentifier":"","OriginalTableName":""},{"Idx":2,"Name":"name","Type":0,"TableIdentifier":"","OriginalTableName":""}]}}
2026-02-28T14:55:53.614+0300	DEBUG	logger/zap_logger.go:71	scan result	{"rows": 2, "cols": 2}
2026-02-28T14:55:53.614+0300	DEBUG	logger/zap_logger.go:71	performNestedLoopJoin	{"leftRows": 3, "rightRows": 2, "leftCols": 2, "rightCols": 2}
2026-02-28T14:55:53.614+0300	DEBUG	logger/zap_logger.go:71	Evaluating JOIN condition	{"leftRowIdx": 0, "rightRowIdx": 0, "leftRow": [1,1], "rightRow": [1,"Alice"], "combinedRow": [1,1,1,"Alice"]}
2026-02-28T14:55:53.614+0300	DEBUG	logger/zap_logger.go:71	JOIN condition result	{"matches": true, "exprType": "*rmodels.BoolExpression"}
2026-02-28T14:55:53.614+0300	DEBUG	logger/zap_logger.go:71	Evaluating JOIN condition	{"leftRowIdx": 0, "rightRowIdx": 1, "leftRow": [1,1], "rightRow": [2,"Bob"], "combinedRow": [1,1,2,"Bob"]}
2026-02-28T14:55:53.614+0300	DEBUG	logger/zap_logger.go:71	JOIN condition result	{"matches": false, "exprType": "*rmodels.BoolExpression"}
2026-02-28T14:55:53.614+0300	DEBUG	logger/zap_logger.go:71	Evaluating JOIN condition	{"leftRowIdx": 1, "rightRowIdx": 0, "leftRow": [2,2], "rightRow": [1,"Alice"], "combinedRow": [2,2,1,"Alice"]}
2026-02-28T14:55:53.614+0300	DEBUG	logger/zap_logger.go:71	JOIN condition result	{"matches": false, "exprType": "*rmodels.BoolExpression"}
2026-02-28T14:55:53.614+0300	DEBUG	logger/zap_logger.go:71	Evaluating JOIN condition	{"leftRowIdx": 1, "rightRowIdx": 1, "leftRow": [2,2], "rightRow": [2,"Bob"], "combinedRow": [2,2,2,"Bob"]}
2026-02-28T14:55:53.614+0300	DEBUG	logger/zap_logger.go:71	JOIN condition result	{"matches": true, "exprType": "*rmodels.BoolExpression"}
2026-02-28T14:55:53.614+0300	DEBUG	logger/zap_logger.go:71	Evaluating JOIN condition	{"leftRowIdx": 2, "rightRowIdx": 0, "leftRow": [3,1], "rightRow": [1,"Alice"], "combinedRow": [3,1,1,"Alice"]}
2026-02-28T14:55:53.614+0300	DEBUG	logger/zap_logger.go:71	JOIN condition result	{"matches": true, "exprType": "*rmodels.BoolExpression"}
2026-02-28T14:55:53.614+0300	DEBUG	logger/zap_logger.go:71	Evaluating JOIN condition	{"leftRowIdx": 2, "rightRowIdx": 1, "leftRow": [3,1], "rightRow": [2,"Bob"], "combinedRow": [3,1,2,"Bob"]}
2026-02-28T14:55:53.614+0300	DEBUG	logger/zap_logger.go:71	JOIN condition result	{"matches": false, "exprType": "*rmodels.BoolExpression"}
2026-02-28T14:55:53.614+0300	DEBUG	logger/zap_logger.go:71	performNestedLoopJoin result	{"resultRows": 3}
2026-02-28T14:55:53.614+0300	DEBUG	logger/zap_logger.go:71	DEBUG: Sending row:	{"row": [1,1,1,1,1,"Alice"]}
2026-02-28T14:55:53.614+0300	DEBUG	logger/zap_logger.go:71	DEBUG: Sending row:	{"row": [2,2,2,2,2,"Bob"]}
2026-02-28T14:55:53.614+0300	DEBUG	logger/zap_logger.go:71	DEBUG: Sending row:	{"row": [1,1,3,1,1,"Alice"]}
2026-02-28T14:56:08.499+0300	DEBUG	logger/zap_logger.go:96	Query: select t.oid,
	case when nsp.nspname in ('pg_catalog', 'public') then t.typname
		else nsp.nspname||'.'||t.typname
	end
from pg_type t
left join pg_type base_type on t.typelem=base_type.oid
;
2026-02-28T14:56:08.502+0300	DEBUG	logger/zap_logger.go:96	Parsing select item: t.oid
2026-02-28T14:56:08.502+0300	DEBUG	logger/zap_logger.go:96	Parsing select item: casewhennsp.nspnamein('pg_catalog','public')thent.typnameelsensp.nspname||'.'||t.typnameend
2026-02-28T14:56:08.503+0300	DEBUG	logger/zap_logger.go:96	DEBUG: Parsed statement type: SELECT

2026-02-28T14:56:08.503+0300	DEBUG	logger/zap_logger.go:96	Parsed statement: %!(EXTRA zapcore.Field={stmt 23 0  0x14000a00470})
2026-02-28T14:56:08.503+0300	DEBUG	logger/zap_logger.go:96	Executing query plan: %!(EXTRA zapcore.Field={queryPlan 25 0  Project
  Join
    Scan (pg_catalog.pg_type AS t)
    Scan (pg_catalog.pg_type AS base_type)
})
2026-02-28T14:56:08.503+0300	DEBUG	logger/zap_logger.go:71	executing plan node	{"type": "Project"}
2026-02-28T14:56:08.503+0300	DEBUG	logger/zap_logger.go:71	executing plan node	{"type": "Join"}
2026-02-28T14:56:08.503+0300	DEBUG	logger/zap_logger.go:71	executing plan node	{"type": "Scan"}
2026-02-28T14:56:08.503+0300	DEBUG	logger/zap_logger.go:71	Table metadata: 	{"meta": {"Name":"pg_catalog.pg_type","Columns":{"oid":{"Type":1,"IsNullable":false,"DefaultValue":null,"IsSerial":false,"IsUnique":false,"Idx":1},"typacl":{"Type":0,"IsNullable":true,"DefaultValue":null,"IsSerial":false,"IsUnique":false,"Idx":31},"typalign":{"Type":0,"IsNullable":true,"DefaultValue":null,"IsSerial":false,"IsUnique":false,"Idx":22},"typanalyze":{"Type":0,"IsNullable":true,"DefaultValue":null,"IsSerial":false,"IsUnique":false,"Idx":21},"typarray":{"Type":1,"IsNullable":true,"DefaultValue":null,"IsSerial":false,"IsUnique":false,"Idx":14},"typbasetype":{"Type":1,"IsNullable":true,"DefaultValue":null,"IsSerial":false,"IsUnique":false,"Idx":25},"typbyval":{"Type":0,"IsNullable":true,"DefaultValue":null,"IsSerial":false,"IsUnique":false,"Idx":6},"typcategory":{"Type":0,"IsNullable":true,"DefaultValue":null,"IsSerial":false,"IsUnique":false,"Idx":8},"typcollation":{"Type":1,"IsNullable":true,"DefaultValue":null,"IsSerial":false,"IsUnique":false,"Idx":28},"typdefault":{"Type":0,"IsNullable":true,"DefaultValue":null,"IsSerial":false,"IsUnique":false,"Idx":30},"typdefaultbin":{"Type":0,"IsNullable":true,"DefaultValue":null,"IsSerial":false,"IsUnique":false,"Idx":29},"typdelim":{"Type":0,"IsNullable":true,"DefaultValue":null,"IsSerial":false,"IsUnique":false,"Idx":11},"typelem":{"Type":1,"IsNullable":true,"DefaultValue":null,"IsSerial":false,"IsUnique":false,"Idx":13},"typinput":{"Type":0,"IsNullable":true,"DefaultValue":null,"IsSerial":false,"IsUnique":false,"Idx":15},"typisdefined":{"Type":0,"IsNullable":true,"DefaultValue":null,"IsSerial":false,"IsUnique":false,"Idx":10},"typispreferred":{"Type":0,"IsNullable":true,"DefaultValue":null,"IsSerial":false,"IsUnique":false,"Idx":9},"typlen":{"Type":1,"IsNullable":true,"DefaultValue":null,"IsSerial":false,"IsUnique":false,"Idx":5},"typmodin":{"Type":0,"IsNullable":true,"DefaultValue":null,"IsSerial":false,"IsUnique":false,"Idx":19},"typmodout":{"Type":0,"IsNullable":true,"DefaultValue":null,"IsSerial":false,"IsUnique":false,"Idx":20},"typname":{"Type":0,"IsNullable":true,"DefaultValue":null,"IsSerial":false,"IsUnique":false,"Idx":2},"typnamespace":{"Type":1,"IsNullable":true,"DefaultValue":null,"IsSerial":false,"IsUnique":false,"Idx":3},"typndims":{"Type":1,"IsNullable":true,"DefaultValue":null,"IsSerial":false,"IsUnique":false,"Idx":27},"typnotnull":{"Type":0,"IsNullable":true,"DefaultValue":null,"IsSerial":false,"IsUnique":false,"Idx":24},"typoutput":{"Type":0,"IsNullable":true,"DefaultValue":null,"IsSerial":false,"IsUnique":false,"Idx":16},"typowner":{"Type":1,"IsNullable":true,"DefaultValue":null,"IsSerial":false,"IsUnique":false,"Idx":4},"typreceive":{"Type":0,"IsNullable":true,"DefaultValue":null,"IsSerial":false,"IsUnique":false,"Idx":17},"typrelid":{"Type":1,"IsNullable":true,"DefaultValue":null,"IsSerial":false,"IsUnique":false,"Idx":12},"typsend":{"Type":0,"IsNullable":true,"DefaultValue":null,"IsSerial":false,"IsUnique":false,"Idx":18},"typstorage":{"Type":0,"IsNullable":true,"DefaultValue":null,"IsSerial":false,"IsUnique":false,"Idx":23},"typtype":{"Type":0,"IsNullable":true,"DefaultValue":null,"IsSerial":false,"IsUnique":false,"Idx":7},"typtypmod":{"Type":1,"IsNullable":true,"DefaultValue":null,"IsSerial":false,"IsUnique":false,"Idx":26}},"PrimaryKeys":[1]}}
2026-02-28T14:56:08.503+0300	DEBUG	logger/zap_logger.go:71	Table columns	{"columns": [{"Idx":1,"Name":"oid","Type":1,"TableIdentifier":"","OriginalTableName":""},{"Idx":2,"Name":"typname","Type":0,"TableIdentifier":"","OriginalTableName":""},{"Idx":3,"Name":"typnamespace","Type":1,"TableIdentifier":"","OriginalTableName":""},{"Idx":4,"Name":"typowner","Type":1,"TableIdentifier":"","OriginalTableName":""},{"Idx":5,"Name":"typlen","Type":1,"TableIdentifier":"","OriginalTableName":""},{"Idx":6,"Name":"typbyval","Type":0,"TableIdentifier":"","OriginalTableName":""},{"Idx":7,"Name":"typtype","Type":0,"TableIdentifier":"","OriginalTableName":""},{"Idx":8,"Name":"typcategory","Type":0,"TableIdentifier":"","OriginalTableName":""},{"Idx":9,"Name":"typispreferred","Type":0,"TableIdentifier":"","OriginalTableName":""},{"Idx":10,"Name":"typisdefined","Type":0,"TableIdentifier":"","OriginalTableName":""},{"Idx":11,"Name":"typdelim","Type":0,"TableIdentifier":"","OriginalTableName":""},{"Idx":12,"Name":"typrelid","Type":1,"TableIdentifier":"","OriginalTableName":""},{"Idx":13,"Name":"typelem","Type":1,"TableIdentifier":"","OriginalTableName":""},{"Idx":14,"Name":"typarray","Type":1,"TableIdentifier":"","OriginalTableName":""},{"Idx":15,"Name":"typinput","Type":0,"TableIdentifier":"","OriginalTableName":""},{"Idx":16,"Name":"typoutput","Type":0,"TableIdentifier":"","OriginalTableName":""},{"Idx":17,"Name":"typreceive","Type":0,"TableIdentifier":"","OriginalTableName":""},{"Idx":18,"Name":"typsend","Type":0,"TableIdentifier":"","OriginalTableName":""},{"Idx":19,"Name":"typmodin","Type":0,"TableIdentifier":"","OriginalTableName":""},{"Idx":20,"Name":"typmodout","Type":0,"TableIdentifier":"","OriginalTableName":""},{"Idx":21,"Name":"typanalyze","Type":0,"TableIdentifier":"","OriginalTableName":""},{"Idx":22,"Name":"typalign","Type":0,"TableIdentifier":"","OriginalTableName":""},{"Idx":23,"Name":"typstorage","Type":0,"TableIdentifier":"","OriginalTableName":""},{"Idx":24,"Name":"typnotnull","Type":0,"TableIdentifier":"","OriginalTableName":""},{"Idx":25,"Name":"typbasetype","Type":1,"TableIdentifier":"","OriginalTableName":""},{"Idx":26,"Name":"typtypmod","Type":1,"TableIdentifier":"","OriginalTableName":""},{"Idx":27,"Name":"typndims","Type":1,"TableIdentifier":"","OriginalTableName":""},{"Idx":28,"Name":"typcollation","Type":1,"TableIdentifier":"","OriginalTableName":""},{"Idx":29,"Name":"typdefaultbin","Type":0,"TableIdentifier":"","OriginalTableName":""},{"Idx":30,"Name":"typdefault","Type":0,"TableIdentifier":"","OriginalTableName":""},{"Idx":31,"Name":"typacl","Type":0,"TableIdentifier":"","OriginalTableName":""}]}
2026-02-28T14:56:08.503+0300	DEBUG	logger/zap_logger.go:71	Select columns	{"columns": [{"Name":"","IsAll":true}]}
2026-02-28T14:56:08.503+0300	DEBUG	logger/zap_logger.go:71	NewIterator called with seekKey:	{"seekKey": "testdb:pg_catalog:pg_type:row:", "typ": "ALL"}
2026-02-28T14:56:08.504+0300	DEBUG	logger/zap_logger.go:71	Select result: 	{"result": {"Rows":[[26,"oid",11,10,4,true,"b","N",true,true,",",0,0,1028,"oidin","oidout","oidrecv","oidsend","-","-","-","i","p",false,0,-1,0,0,"NULL","NULL","NULL"],[1700,"numeric",11,10,-1,false,"b","N",false,true,",",0,0,1231,"numeric_in","numeric_out","numeric_recv","numeric_send","numerictypmodin","numerictypmodout","-","i","m",false,0,-1,0,0,"NULL","NULL","NULL"],[114,"json",11,10,-1,false,"b","U",false,true,",",0,0,199,"json_in","json_out","json_recv","json_send","-","-","-","i","e",false,0,-1,0,0,"NULL","NULL","NULL"],[16,"bool",11,10,1,true,"b","B",true,true,",",0,0,1000,"boolin","boolout","boolrecv","boolsend","booltypmodin","booltypmodout","boolanalyze","c","p",false,0,-1,0,0,"NULL","NULL","NULL"],[20,"int8",11,10,8,true,"b","N",false,true,",",0,0,1016,"int8in","int8out","int8recv","int8send","-","-","-","d","p",false,0,-1,0,0,"NULL","NULL","NULL"],[3802,"jsonb",11,10,-1,false,"b","U",false,true,",",0,0,3807,"jsonb_in","jsonb_out","jsonb_recv","jsonb_send","-","-","-","i","e",false,0,-1,0,0,"NULL","NULL","NULL"],[18,"char",11,10,1,true,"b","Z",false,true,",",0,0,1002,"charin","charout","charrecv","charsend","-","-","-","c","p",false,0,-1,0,0,"NULL","NULL","NULL"],[100003,"us_postal_code",11,10,-1,false,"d","S",false,true,",",0,0,0,"textin","textout","textrecv","textsend","-","-","-","i","e",false,25,-1,0,0,"NULL","NULL","NULL"],[1043,"varchar",11,10,-1,false,"b","S",false,true,",",0,0,1015,"varcharin","varcharout","varcharrecv","varcharsend","varchartypmodin","varchartypmodout","-","i","e",false,0,-1,0,100,"NULL","NULL","NULL"],[1082,"date",11,10,4,true,"b","D",false,true,",",0,0,1182,"date_in","date_out","date_recv","date_send","-","-","-","i","p",false,0,-1,0,0,"NULL","NULL","NULL"],[2950,"uuid",11,10,16,false,"b","U",false,true,",",0,0,2951,"uuid_in","uuid_out","uuid_recv","uuid_send","-","-","-","c","p",false,0,-1,0,0,"NULL","NULL","NULL"],[701,"float8",11,10,8,true,"b","N",true,true,",",0,0,1022,"float8in","float8out","float8recv","float8send","-","-","-","d","p",false,0,-1,0,0,"NULL","NULL","NULL"],[1114,"timestamp",11,10,8,true,"b","D",false,true,",",0,0,1115,"timestamp_in","timestamp_out","timestamp_recv","timestamp_send","timestamptypmodin","timestamptypmodout","-","d","p",false,0,-1,0,0,"NULL","NULL","NULL"],[1184,"timestamptz",11,10,8,true,"b","D",true,true,",",0,0,1185,"timestamptz_in","timestamptz_out","timestamptz_recv","timestamptz_send","timestamptztypmodin","timestamptztypmodout","-","d","p",false,0,-1,0,0,"NULL","NULL","NULL"],[19,"name",11,10,64,false,"b","S",false,true,",",0,0,1003,"namein","nameout","namerecv","namesend","-","-","-","c","p",false,0,-1,0,950,"NULL","NULL","NULL"],[25,"text",11,10,-1,false,"b","S",true,true,",",0,0,1009,"textin","textout","textrecv","textsend","texttypmodin","texttypmodout","textanalyze","i","e",false,0,-1,0,0,"NULL","NULL","NULL"],[700,"float4",11,10,4,true,"b","N",false,true,",",0,0,1021,"float4in","float4out","float4recv","float4send","-","-","-","i","p",false,0,-1,0,0,"NULL","NULL","NULL"],[100002,"email_address",11,10,-1,false,"d","S",false,true,",",0,0,0,"textin","textout","textrecv","textsend","-","-","-","i","e",false,25,-1,0,0,"NULL","NULL","NULL"],[1042,"bpchar",11,10,-1,false,"b","S",false,true,",",0,0,1014,"bpcharin","bpcharout","bpcharrecv","bpcharsend","bpchartypmodin","bpchartypmodout","-","i","e",false,0,-1,0,100,"NULL","NULL","NULL"],[17,"bytea",11,10,-1,false,"b","U",false,true,",",0,0,1001,"byteain","byteaout","bytearecv","byteasend","-","-","-","i","x",false,0,-1,0,0,"NULL","NULL","NULL"],[24,"regproc",11,10,4,true,"b","N",false,true,",",0,0,1008,"regprocin","regprocout","regprocrecv","regprocsend","-","-","-","i","p",false,0,-1,0,0,"NULL","NULL","NULL"],[100001,"positive_int",11,10,4,true,"d","N",false,true,",",0,0,0,"int4in","int4out","int4recv","int4send","-","-","-","i","p",false,23,-1,0,0,"NULL","NULL","NULL"],[21,"int2",11,10,2,true,"b","N",false,true,",",0,0,1005,"int2in","int2out","int2recv","int2send","-","-","-","s","p",false,0,-1,0,0,"NULL","NULL","NULL"],[23,"int4",11,10,4,true,"b","N",true,true,",",0,0,1007,"int4in","int4out","int4recv","int4send","int4typmodin","int4typmodout","int4analyze","i","p",false,0,-1,0,0,"NULL","NULL","NULL"],[1083,"time",11,10,8,true,"b","D",false,true,",",0,0,1183,"time_in","time_out","time_recv","time_send","timetypmodin","timetypmodout","-","d","p",false,0,-1,0,0,"NULL","NULL","NULL"]],"Columns":[{"Idx":1,"Name":"oid","Type":1,"TableIdentifier":"","OriginalTableName":""},{"Idx":2,"Name":"typname","Type":0,"TableIdentifier":"","OriginalTableName":""},{"Idx":3,"Name":"typnamespace","Type":1,"TableIdentifier":"","OriginalTableName":""},{"Idx":4,"Name":"typowner","Type":1,"TableIdentifier":"","OriginalTableName":""},{"Idx":5,"Name":"typlen","Type":1,"TableIdentifier":"","OriginalTableName":""},{"Idx":6,"Name":"typbyval","Type":0,"TableIdentifier":"","OriginalTableName":""},{"Idx":7,"Name":"typtype","Type":0,"TableIdentifier":"","OriginalTableName":""},{"Idx":8,"Name":"typcategory","Type":0,"TableIdentifier":"","OriginalTableName":""},{"Idx":9,"Name":"typispreferred","Type":0,"TableIdentifier":"","OriginalTableName":""},{"Idx":10,"Name":"typisdefined","Type":0,"TableIdentifier":"","OriginalTableName":""},{"Idx":11,"Name":"typdelim","Type":0,"TableIdentifier":"","OriginalTableName":""},{"Idx":12,"Name":"typrelid","Type":1,"TableIdentifier":"","OriginalTableName":""},{"Idx":13,"Name":"typelem","Type":1,"TableIdentifier":"","OriginalTableName":""},{"Idx":14,"Name":"typarray","Type":1,"TableIdentifier":"","OriginalTableName":""},{"Idx":15,"Name":"typinput","Type":0,"TableIdentifier":"","OriginalTableName":""},{"Idx":16,"Name":"typoutput","Type":0,"TableIdentifier":"","OriginalTableName":""},{"Idx":17,"Name":"typreceive","Type":0,"TableIdentifier":"","OriginalTableName":""},{"Idx":18,"Name":"typsend","Type":0,"TableIdentifier":"","OriginalTableName":""},{"Idx":19,"Name":"typmodin","Type":0,"TableIdentifier":"","OriginalTableName":""},{"Idx":20,"Name":"typmodout","Type":0,"TableIdentifier":"","OriginalTableName":""},{"Idx":21,"Name":"typanalyze","Type":0,"TableIdentifier":"","OriginalTableName":""},{"Idx":22,"Name":"typalign","Type":0,"TableIdentifier":"","OriginalTableName":""},{"Idx":23,"Name":"typstorage","Type":0,"TableIdentifier":"","OriginalTableName":""},{"Idx":24,"Name":"typnotnull","Type":0,"TableIdentifier":"","OriginalTableName":""},{"Idx":25,"Name":"typbasetype","Type":1,"TableIdentifier":"","OriginalTableName":""},{"Idx":26,"Name":"typtypmod","Type":1,"TableIdentifier":"","OriginalTableName":""},{"Idx":27,"Name":"typndims","Type":1,"TableIdentifier":"","OriginalTableName":""},{"Idx":28,"Name":"typcollation","Type":1,"TableIdentifier":"","OriginalTableName":""},{"Idx":29,"Name":"typdefaultbin","Type":0,"TableIdentifier":"","OriginalTableName":""},{"Idx":30,"Name":"typdefault","Type":0,"TableIdentifier":"","OriginalTableName":""},{"Idx":31,"Name":"typacl","Type":0,"TableIdentifier":"","OriginalTableName":""}]}}
2026-02-28T14:56:08.504+0300	DEBUG	logger/zap_logger.go:71	scan result	{"rows": 25, "cols": 31}
2026-02-28T14:56:08.504+0300	DEBUG	logger/zap_logger.go:71	executing plan node	{"type": "Scan"}
2026-02-28T14:56:08.505+0300	DEBUG	logger/zap_logger.go:71	Table metadata: 	{"meta": {"Name":"pg_catalog.pg_type","Columns":{"oid":{"Type":1,"IsNullable":false,"DefaultValue":null,"IsSerial":false,"IsUnique":false,"Idx":1},"typacl":{"Type":0,"IsNullable":true,"DefaultValue":null,"IsSerial":false,"IsUnique":false,"Idx":31},"typalign":{"Type":0,"IsNullable":true,"DefaultValue":null,"IsSerial":false,"IsUnique":false,"Idx":22},"typanalyze":{"Type":0,"IsNullable":true,"DefaultValue":null,"IsSerial":false,"IsUnique":false,"Idx":21},"typarray":{"Type":1,"IsNullable":true,"DefaultValue":null,"IsSerial":false,"IsUnique":false,"Idx":14},"typbasetype":{"Type":1,"IsNullable":true,"DefaultValue":null,"IsSerial":false,"IsUnique":false,"Idx":25},"typbyval":{"Type":0,"IsNullable":true,"DefaultValue":null,"IsSerial":false,"IsUnique":false,"Idx":6},"typcategory":{"Type":0,"IsNullable":true,"DefaultValue":null,"IsSerial":false,"IsUnique":false,"Idx":8},"typcollation":{"Type":1,"IsNullable":true,"DefaultValue":null,"IsSerial":false,"IsUnique":false,"Idx":28},"typdefault":{"Type":0,"IsNullable":true,"DefaultValue":null,"IsSerial":false,"IsUnique":false,"Idx":30},"typdefaultbin":{"Type":0,"IsNullable":true,"DefaultValue":null,"IsSerial":false,"IsUnique":false,"Idx":29},"typdelim":{"Type":0,"IsNullable":true,"DefaultValue":null,"IsSerial":false,"IsUnique":false,"Idx":11},"typelem":{"Type":1,"IsNullable":true,"DefaultValue":null,"IsSerial":false,"IsUnique":false,"Idx":13},"typinput":{"Type":0,"IsNullable":true,"DefaultValue":null,"IsSerial":false,"IsUnique":false,"Idx":15},"typisdefined":{"Type":0,"IsNullable":true,"DefaultValue":null,"IsSerial":false,"IsUnique":false,"Idx":10},"typispreferred":{"Type":0,"IsNullable":true,"DefaultValue":null,"IsSerial":false,"IsUnique":false,"Idx":9},"typlen":{"Type":1,"IsNullable":true,"DefaultValue":null,"IsSerial":false,"IsUnique":false,"Idx":5},"typmodin":{"Type":0,"IsNullable":true,"DefaultValue":null,"IsSerial":false,"IsUnique":false,"Idx":19},"typmodout":{"Type":0,"IsNullable":true,"DefaultValue":null,"IsSerial":false,"IsUnique":false,"Idx":20},"typname":{"Type":0,"IsNullable":true,"DefaultValue":null,"IsSerial":false,"IsUnique":false,"Idx":2},"typnamespace":{"Type":1,"IsNullable":true,"DefaultValue":null,"IsSerial":false,"IsUnique":false,"Idx":3},"typndims":{"Type":1,"IsNullable":true,"DefaultValue":null,"IsSerial":false,"IsUnique":false,"Idx":27},"typnotnull":{"Type":0,"IsNullable":true,"DefaultValue":null,"IsSerial":false,"IsUnique":false,"Idx":24},"typoutput":{"Type":0,"IsNullable":true,"DefaultValue":null,"IsSerial":false,"IsUnique":false,"Idx":16},"typowner":{"Type":1,"IsNullable":true,"DefaultValue":null,"IsSerial":false,"IsUnique":false,"Idx":4},"typreceive":{"Type":0,"IsNullable":true,"DefaultValue":null,"IsSerial":false,"IsUnique":false,"Idx":17},"typrelid":{"Type":1,"IsNullable":true,"DefaultValue":null,"IsSerial":false,"IsUnique":false,"Idx":12},"typsend":{"Type":0,"IsNullable":true,"DefaultValue":null,"IsSerial":false,"IsUnique":false,"Idx":18},"typstorage":{"Type":0,"IsNullable":true,"DefaultValue":null,"IsSerial":false,"IsUnique":false,"Idx":23},"typtype":{"Type":0,"IsNullable":true,"DefaultValue":null,"IsSerial":false,"IsUnique":false,"Idx":7},"typtypmod":{"Type":1,"IsNullable":true,"DefaultValue":null,"IsSerial":false,"IsUnique":false,"Idx":26}},"PrimaryKeys":[1]}}
2026-02-28T14:56:08.505+0300	DEBUG	logger/zap_logger.go:71	Table columns	{"columns": [{"Idx":1,"Name":"oid","Type":1,"TableIdentifier":"","OriginalTableName":""},{"Idx":2,"Name":"typname","Type":0,"TableIdentifier":"","OriginalTableName":""},{"Idx":3,"Name":"typnamespace","Type":1,"TableIdentifier":"","OriginalTableName":""},{"Idx":4,"Name":"typowner","Type":1,"TableIdentifier":"","OriginalTableName":""},{"Idx":5,"Name":"typlen","Type":1,"TableIdentifier":"","OriginalTableName":""},{"Idx":6,"Name":"typbyval","Type":0,"TableIdentifier":"","OriginalTableName":""},{"Idx":7,"Name":"typtype","Type":0,"TableIdentifier":"","OriginalTableName":""},{"Idx":8,"Name":"typcategory","Type":0,"TableIdentifier":"","OriginalTableName":""},{"Idx":9,"Name":"typispreferred","Type":0,"TableIdentifier":"","OriginalTableName":""},{"Idx":10,"Name":"typisdefined","Type":0,"TableIdentifier":"","OriginalTableName":""},{"Idx":11,"Name":"typdelim","Type":0,"TableIdentifier":"","OriginalTableName":""},{"Idx":12,"Name":"typrelid","Type":1,"TableIdentifier":"","OriginalTableName":""},{"Idx":13,"Name":"typelem","Type":1,"TableIdentifier":"","OriginalTableName":""},{"Idx":14,"Name":"typarray","Type":1,"TableIdentifier":"","OriginalTableName":""},{"Idx":15,"Name":"typinput","Type":0,"TableIdentifier":"","OriginalTableName":""},{"Idx":16,"Name":"typoutput","Type":0,"TableIdentifier":"","OriginalTableName":""},{"Idx":17,"Name":"typreceive","Type":0,"TableIdentifier":"","OriginalTableName":""},{"Idx":18,"Name":"typsend","Type":0,"TableIdentifier":"","OriginalTableName":""},{"Idx":19,"Name":"typmodin","Type":0,"TableIdentifier":"","OriginalTableName":""},{"Idx":20,"Name":"typmodout","Type":0,"TableIdentifier":"","OriginalTableName":""},{"Idx":21,"Name":"typanalyze","Type":0,"TableIdentifier":"","OriginalTableName":""},{"Idx":22,"Name":"typalign","Type":0,"TableIdentifier":"","OriginalTableName":""},{"Idx":23,"Name":"typstorage","Type":0,"TableIdentifier":"","OriginalTableName":""},{"Idx":24,"Name":"typnotnull","Type":0,"TableIdentifier":"","OriginalTableName":""},{"Idx":25,"Name":"typbasetype","Type":1,"TableIdentifier":"","OriginalTableName":""},{"Idx":26,"Name":"typtypmod","Type":1,"TableIdentifier":"","OriginalTableName":""},{"Idx":27,"Name":"typndims","Type":1,"TableIdentifier":"","OriginalTableName":""},{"Idx":28,"Name":"typcollation","Type":1,"TableIdentifier":"","OriginalTableName":""},{"Idx":29,"Name":"typdefaultbin","Type":0,"TableIdentifier":"","OriginalTableName":""},{"Idx":30,"Name":"typdefault","Type":0,"TableIdentifier":"","OriginalTableName":""},{"Idx":31,"Name":"typacl","Type":0,"TableIdentifier":"","OriginalTableName":""}]}
2026-02-28T14:56:08.505+0300	DEBUG	logger/zap_logger.go:71	Select columns	{"columns": [{"Name":"","IsAll":true}]}
2026-02-28T14:56:08.505+0300	DEBUG	logger/zap_logger.go:71	NewIterator called with seekKey:	{"seekKey": "testdb:pg_catalog:pg_type:row:", "typ": "ALL"}
2026-02-28T14:56:08.505+0300	DEBUG	logger/zap_logger.go:71	Select result: 	{"result": {"Rows":[[701,"float8",11,10,8,true,"b","N",true,true,",",0,0,1022,"float8in","float8out","float8recv","float8send","-","-","-","d","p",false,0,-1,0,0,"NULL","NULL","NULL"],[100002,"email_address",11,10,-1,false,"d","S",false,true,",",0,0,0,"textin","textout","textrecv","textsend","-","-","-","i","e",false,25,-1,0,0,"NULL","NULL","NULL"],[114,"json",11,10,-1,false,"b","U",false,true,",",0,0,199,"json_in","json_out","json_recv","json_send","-","-","-","i","e",false,0,-1,0,0,"NULL","NULL","NULL"],[20,"int8",11,10,8,true,"b","N",false,true,",",0,0,1016,"int8in","int8out","int8recv","int8send","-","-","-","d","p",false,0,-1,0,0,"NULL","NULL","NULL"],[1184,"timestamptz",11,10,8,true,"b","D",true,true,",",0,0,1185,"timestamptz_in","timestamptz_out","timestamptz_recv","timestamptz_send","timestamptztypmodin","timestamptztypmodout","-","d","p",false,0,-1,0,0,"NULL","NULL","NULL"],[16,"bool",11,10,1,true,"b","B",true,true,",",0,0,1000,"boolin","boolout","boolrecv","boolsend","booltypmodin","booltypmodout","boolanalyze","c","p",false,0,-1,0,0,"NULL","NULL","NULL"],[21,"int2",11,10,2,true,"b","N",false,true,",",0,0,1005,"int2in","int2out","int2recv","int2send","-","-","-","s","p",false,0,-1,0,0,"NULL","NULL","NULL"],[26,"oid",11,10,4,true,"b","N",true,true,",",0,0,1028,"oidin","oidout","oidrecv","oidsend","-","-","-","i","p",false,0,-1,0,0,"NULL","NULL","NULL"],[1082,"date",11,10,4,true,"b","D",false,true,",",0,0,1182,"date_in","date_out","date_recv","date_send","-","-","-","i","p",false,0,-1,0,0,"NULL","NULL","NULL"],[1043,"varchar",11,10,-1,false,"b","S",false,true,",",0,0,1015,"varcharin","varcharout","varcharrecv","varcharsend","varchartypmodin","varchartypmodout","-","i","e",false,0,-1,0,100,"NULL","NULL","NULL"],[17,"bytea",11,10,-1,false,"b","U",false,true,",",0,0,1001,"byteain","byteaout","bytearecv","byteasend","-","-","-","i","x",false,0,-1,0,0,"NULL","NULL","NULL"],[700,"float4",11,10,4,true,"b","N",false,true,",",0,0,1021,"float4in","float4out","float4recv","float4send","-","-","-","i","p",false,0,-1,0,0,"NULL","NULL","NULL"],[1083,"time",11,10,8,true,"b","D",false,true,",",0,0,1183,"time_in","time_out","time_recv","time_send","timetypmodin","timetypmodout","-","d","p",false,0,-1,0,0,"NULL","NULL","NULL"],[1700,"numeric",11,10,-1,false,"b","N",false,true,",",0,0,1231,"numeric_in","numeric_out","numeric_recv","numeric_send","numerictypmodin","numerictypmodout","-","i","m",false,0,-1,0,0,"NULL","NULL","NULL"],[3802,"jsonb",11,10,-1,false,"b","U",false,true,",",0,0,3807,"jsonb_in","jsonb_out","jsonb_recv","jsonb_send","-","-","-","i","e",false,0,-1,0,0,"NULL","NULL","NULL"],[1042,"bpchar",11,10,-1,false,"b","S",false,true,",",0,0,1014,"bpcharin","bpcharout","bpcharrecv","bpcharsend","bpchartypmodin","bpchartypmodout","-","i","e",false,0,-1,0,100,"NULL","NULL","NULL"],[1114,"timestamp",11,10,8,true,"b","D",false,true,",",0,0,1115,"timestamp_in","timestamp_out","timestamp_recv","timestamp_send","timestamptypmodin","timestamptypmodout","-","d","p",false,0,-1,0,0,"NULL","NULL","NULL"],[19,"name",11,10,64,false,"b","S",false,true,",",0,0,1003,"namein","nameout","namerecv","namesend","-","-","-","c","p",false,0,-1,0,950,"NULL","NULL","NULL"],[23,"int4",11,10,4,true,"b","N",true,true,",",0,0,1007,"int4in","int4out","int4recv","int4send","int4typmodin","int4typmodout","int4analyze","i","p",false,0,-1,0,0,"NULL","NULL","NULL"],[18,"char",11,10,1,true,"b","Z",false,true,",",0,0,1002,"charin","charout","charrecv","charsend","-","-","-","c","p",false,0,-1,0,0,"NULL","NULL","NULL"],[100003,"us_postal_code",11,10,-1,false,"d","S",false,true,",",0,0,0,"textin","textout","textrecv","textsend","-","-","-","i","e",false,25,-1,0,0,"NULL","NULL","NULL"],[25,"text",11,10,-1,false,"b","S",true,true,",",0,0,1009,"textin","textout","textrecv","textsend","texttypmodin","texttypmodout","textanalyze","i","e",false,0,-1,0,0,"NULL","NULL","NULL"],[24,"regproc",11,10,4,true,"b","N",false,true,",",0,0,1008,"regprocin","regprocout","regprocrecv","regprocsend","-","-","-","i","p",false,0,-1,0,0,"NULL","NULL","NULL"],[2950,"uuid",11,10,16,false,"b","U",false,true,",",0,0,2951,"uuid_in","uuid_out","uuid_recv","uuid_send","-","-","-","c","p",false,0,-1,0,0,"NULL","NULL","NULL"],[100001,"positive_int",11,10,4,true,"d","N",false,true,",",0,0,0,"int4in","int4out","int4recv","int4send","-","-","-","i","p",false,23,-1,0,0,"NULL","NULL","NULL"]],"Columns":[{"Idx":1,"Name":"oid","Type":1,"TableIdentifier":"","OriginalTableName":""},{"Idx":2,"Name":"typname","Type":0,"TableIdentifier":"","OriginalTableName":""},{"Idx":3,"Name":"typnamespace","Type":1,"TableIdentifier":"","OriginalTableName":""},{"Idx":4,"Name":"typowner","Type":1,"TableIdentifier":"","OriginalTableName":""},{"Idx":5,"Name":"typlen","Type":1,"TableIdentifier":"","OriginalTableName":""},{"Idx":6,"Name":"typbyval","Type":0,"TableIdentifier":"","OriginalTableName":""},{"Idx":7,"Name":"typtype","Type":0,"TableIdentifier":"","OriginalTableName":""},{"Idx":8,"Name":"typcategory","Type":0,"TableIdentifier":"","OriginalTableName":""},{"Idx":9,"Name":"typispreferred","Type":0,"TableIdentifier":"","OriginalTableName":""},{"Idx":10,"Name":"typisdefined","Type":0,"TableIdentifier":"","OriginalTableName":""},{"Idx":11,"Name":"typdelim","Type":0,"TableIdentifier":"","OriginalTableName":""},{"Idx":12,"Name":"typrelid","Type":1,"TableIdentifier":"","OriginalTableName":""},{"Idx":13,"Name":"typelem","Type":1,"TableIdentifier":"","OriginalTableName":""},{"Idx":14,"Name":"typarray","Type":1,"TableIdentifier":"","OriginalTableName":""},{"Idx":15,"Name":"typinput","Type":0,"TableIdentifier":"","OriginalTableName":""},{"Idx":16,"Name":"typoutput","Type":0,"TableIdentifier":"","OriginalTableName":""},{"Idx":17,"Name":"typreceive","Type":0,"TableIdentifier":"","OriginalTableName":""},{"Idx":18,"Name":"typsend","Type":0,"TableIdentifier":"","OriginalTableName":""},{"Idx":19,"Name":"typmodin","Type":0,"TableIdentifier":"","OriginalTableName":""},{"Idx":20,"Name":"typmodout","Type":0,"TableIdentifier":"","OriginalTableName":""},{"Idx":21,"Name":"typanalyze","Type":0,"TableIdentifier":"","OriginalTableName":""},{"Idx":22,"Name":"typalign","Type":0,"TableIdentifier":"","OriginalTableName":""},{"Idx":23,"Name":"typstorage","Type":0,"TableIdentifier":"","OriginalTableName":""},{"Idx":24,"Name":"typnotnull","Type":0,"TableIdentifier":"","OriginalTableName":""},{"Idx":25,"Name":"typbasetype","Type":1,"TableIdentifier":"","OriginalTableName":""},{"Idx":26,"Name":"typtypmod","Type":1,"TableIdentifier":"","OriginalTableName":""},{"Idx":27,"Name":"typndims","Type":1,"TableIdentifier":"","OriginalTableName":""},{"Idx":28,"Name":"typcollation","Type":1,"TableIdentifier":"","OriginalTableName":""},{"Idx":29,"Name":"typdefaultbin","Type":0,"TableIdentifier":"","OriginalTableName":""},{"Idx":30,"Name":"typdefault","Type":0,"TableIdentifier":"","OriginalTableName":""},{"Idx":31,"Name":"typacl","Type":0,"TableIdentifier":"","OriginalTableName":""}]}}
2026-02-28T14:56:08.505+0300	DEBUG	logger/zap_logger.go:71	scan result	{"rows": 25, "cols": 31}
2026-02-28T14:56:08.512+0300	DEBUG	logger/zap_logger.go:96	Column nspname (qualified: nsp.nspname) not found in row context
2026-02-28T14:56:08.512+0300	DEBUG	logger/zap_logger.go:96	CASE condition: nsp.nspnamein('pg_catalog','public'), value: &{false} (type: *rmodels.BoolExpression)
2026-02-28T14:56:08.512+0300	DEBUG	logger/zap_logger.go:96	CASE condition evaluated to: false
2026-02-28T14:56:08.512+0300	DEBUG	logger/zap_logger.go:96	Column nspname (qualified: nsp.nspname) not found in row context
2026-02-28T14:56:08.512+0300	DEBUG	logger/zap_logger.go:96	Concatenated result: &{%!s(*table.ExecuteResult=&{[[<nil>.oid]] [{0  0  }]})}

2026-02-28T14:56:08.512+0300	DEBUG	logger/zap_logger.go:96	CASE ELSE result: &{0x1400048dc80}
2026-02-28T14:56:08.512+0300	DEBUG	logger/zap_logger.go:96	Column nspname (qualified: nsp.nspname) not found in row context
2026-02-28T14:56:08.512+0300	DEBUG	logger/zap_logger.go:96	CASE condition: nsp.nspnamein('pg_catalog','public'), value: &{false} (type: *rmodels.BoolExpression)
2026-02-28T14:56:08.512+0300	DEBUG	logger/zap_logger.go:96	CASE condition evaluated to: false
2026-02-28T14:56:08.512+0300	DEBUG	logger/zap_logger.go:96	Column nspname (qualified: nsp.nspname) not found in row context
2026-02-28T14:56:08.512+0300	DEBUG	logger/zap_logger.go:96	Concatenated result: &{%!s(*table.ExecuteResult=&{[[<nil>.numeric]] [{0  0  }]})}

2026-02-28T14:56:08.512+0300	DEBUG	logger/zap_logger.go:96	CASE ELSE result: &{0x1400048def0}
2026-02-28T14:56:08.512+0300	DEBUG	logger/zap_logger.go:96	Column nspname (qualified: nsp.nspname) not found in row context
2026-02-28T14:56:08.512+0300	DEBUG	logger/zap_logger.go:96	CASE condition: nsp.nspnamein('pg_catalog','public'), value: &{false} (type: *rmodels.BoolExpression)
2026-02-28T14:56:08.512+0300	DEBUG	logger/zap_logger.go:96	CASE condition evaluated to: false
2026-02-28T14:56:08.512+0300	DEBUG	logger/zap_logger.go:96	Column nspname (qualified: nsp.nspname) not found in row context
2026-02-28T14:56:08.512+0300	DEBUG	logger/zap_logger.go:96	Concatenated result: &{%!s(*table.ExecuteResult=&{[[<nil>.json]] [{0  0  }]})}

2026-02-28T14:56:08.512+0300	DEBUG	logger/zap_logger.go:96	CASE ELSE result: &{0x1400076a210}
2026-02-28T14:56:08.512+0300	DEBUG	logger/zap_logger.go:96	Column nspname (qualified: nsp.nspname) not found in row context
2026-02-28T14:56:08.512+0300	DEBUG	logger/zap_logger.go:96	CASE condition: nsp.nspnamein('pg_catalog','public'), value: &{false} (type: *rmodels.BoolExpression)
2026-02-28T14:56:08.512+0300	DEBUG	logger/zap_logger.go:96	CASE condition evaluated to: false
2026-02-28T14:56:08.512+0300	DEBUG	logger/zap_logger.go:96	Column nspname (qualified: nsp.nspname) not found in row context
2026-02-28T14:56:08.512+0300	DEBUG	logger/zap_logger.go:96	Concatenated result: &{%!s(*table.ExecuteResult=&{[[<nil>.bool]] [{0  0  }]})}

2026-02-28T14:56:08.512+0300	DEBUG	logger/zap_logger.go:96	CASE ELSE result: &{0x1400076a420}
2026-02-28T14:56:08.512+0300	DEBUG	logger/zap_logger.go:96	Column nspname (qualified: nsp.nspname) not found in row context
2026-02-28T14:56:08.512+0300	DEBUG	logger/zap_logger.go:96	CASE condition: nsp.nspnamein('pg_catalog','public'), value: &{false} (type: *rmodels.BoolExpression)
2026-02-28T14:56:08.512+0300	DEBUG	logger/zap_logger.go:96	CASE condition evaluated to: false
2026-02-28T14:56:08.512+0300	DEBUG	logger/zap_logger.go:96	Column nspname (qualified: nsp.nspname) not found in row context
2026-02-28T14:56:08.512+0300	DEBUG	logger/zap_logger.go:96	Concatenated result: &{%!s(*table.ExecuteResult=&{[[<nil>.int8]] [{0  0  }]})}

2026-02-28T14:56:08.512+0300	DEBUG	logger/zap_logger.go:96	CASE ELSE result: &{0x1400076a660}
2026-02-28T14:56:08.512+0300	DEBUG	logger/zap_logger.go:96	Column nspname (qualified: nsp.nspname) not found in row context
2026-02-28T14:56:08.512+0300	DEBUG	logger/zap_logger.go:96	CASE condition: nsp.nspnamein('pg_catalog','public'), value: &{false} (type: *rmodels.BoolExpression)
2026-02-28T14:56:08.512+0300	DEBUG	logger/zap_logger.go:96	CASE condition evaluated to: false
2026-02-28T14:56:08.512+0300	DEBUG	logger/zap_logger.go:96	Column nspname (qualified: nsp.nspname) not found in row context
2026-02-28T14:56:08.512+0300	DEBUG	logger/zap_logger.go:96	Concatenated result: &{%!s(*table.ExecuteResult=&{[[<nil>.jsonb]] [{0  0  }]})}

2026-02-28T14:56:08.512+0300	DEBUG	logger/zap_logger.go:96	CASE ELSE result: &{0x1400076a840}
2026-02-28T14:56:08.512+0300	DEBUG	logger/zap_logger.go:96	Column nspname (qualified: nsp.nspname) not found in row context
2026-02-28T14:56:08.512+0300	DEBUG	logger/zap_logger.go:96	CASE condition: nsp.nspnamein('pg_catalog','public'), value: &{false} (type: *rmodels.BoolExpression)
2026-02-28T14:56:08.512+0300	DEBUG	logger/zap_logger.go:96	CASE condition evaluated to: false
2026-02-28T14:56:08.512+0300	DEBUG	logger/zap_logger.go:96	Column nspname (qualified: nsp.nspname) not found in row context
2026-02-28T14:56:08.512+0300	DEBUG	logger/zap_logger.go:96	Concatenated result: &{%!s(*table.ExecuteResult=&{[[<nil>.char]] [{0  0  }]})}

2026-02-28T14:56:08.512+0300	DEBUG	logger/zap_logger.go:96	CASE ELSE result: &{0x1400076aa20}
2026-02-28T14:56:08.512+0300	DEBUG	logger/zap_logger.go:96	Column nspname (qualified: nsp.nspname) not found in row context
2026-02-28T14:56:08.512+0300	DEBUG	logger/zap_logger.go:96	CASE condition: nsp.nspnamein('pg_catalog','public'), value: &{false} (type: *rmodels.BoolExpression)
2026-02-28T14:56:08.512+0300	DEBUG	logger/zap_logger.go:96	CASE condition evaluated to: false
2026-02-28T14:56:08.512+0300	DEBUG	logger/zap_logger.go:96	Column nspname (qualified: nsp.nspname) not found in row context
2026-02-28T14:56:08.512+0300	DEBUG	logger/zap_logger.go:96	Concatenated result: &{%!s(*table.ExecuteResult=&{[[<nil>.us_postal_code]] [{0  0  }]})}

2026-02-28T14:56:08.512+0300	DEBUG	logger/zap_logger.go:96	CASE ELSE result: &{0x1400076ac00}
2026-02-28T14:56:08.512+0300	DEBUG	logger/zap_logger.go:96	Column nspname (qualified: nsp.nspname) not found in row context
2026-02-28T14:56:08.512+0300	DEBUG	logger/zap_logger.go:96	CASE condition: nsp.nspnamein('pg_catalog','public'), value: &{false} (type: *rmodels.BoolExpression)
2026-02-28T14:56:08.512+0300	DEBUG	logger/zap_logger.go:96	CASE condition evaluated to: false
2026-02-28T14:56:08.513+0300	DEBUG	logger/zap_logger.go:96	Column nspname (qualified: nsp.nspname) not found in row context
2026-02-28T14:56:08.513+0300	DEBUG	logger/zap_logger.go:96	Concatenated result: &{%!s(*table.ExecuteResult=&{[[<nil>.varchar]] [{0  0  }]})}

2026-02-28T14:56:08.513+0300	DEBUG	logger/zap_logger.go:96	CASE ELSE result: &{0x1400076ae10}
2026-02-28T14:56:08.513+0300	DEBUG	logger/zap_logger.go:96	Column nspname (qualified: nsp.nspname) not found in row context
2026-02-28T14:56:08.513+0300	DEBUG	logger/zap_logger.go:96	CASE condition: nsp.nspnamein('pg_catalog','public'), value: &{false} (type: *rmodels.BoolExpression)
2026-02-28T14:56:08.513+0300	DEBUG	logger/zap_logger.go:96	CASE condition evaluated to: false
2026-02-28T14:56:08.513+0300	DEBUG	logger/zap_logger.go:96	Column nspname (qualified: nsp.nspname) not found in row context
2026-02-28T14:56:08.513+0300	DEBUG	logger/zap_logger.go:96	Concatenated result: &{%!s(*table.ExecuteResult=&{[[<nil>.date]] [{0  0  }]})}

2026-02-28T14:56:08.513+0300	DEBUG	logger/zap_logger.go:96	CASE ELSE result: &{0x1400076aff0}
2026-02-28T14:56:08.513+0300	DEBUG	logger/zap_logger.go:96	Column nspname (qualified: nsp.nspname) not found in row context
2026-02-28T14:56:08.513+0300	DEBUG	logger/zap_logger.go:96	CASE condition: nsp.nspnamein('pg_catalog','public'), value: &{false} (type: *rmodels.BoolExpression)
2026-02-28T14:56:08.513+0300	DEBUG	logger/zap_logger.go:96	CASE condition evaluated to: false
2026-02-28T14:56:08.513+0300	DEBUG	logger/zap_logger.go:96	Column nspname (qualified: nsp.nspname) not found in row context
2026-02-28T14:56:08.513+0300	DEBUG	logger/zap_logger.go:96	Concatenated result: &{%!s(*table.ExecuteResult=&{[[<nil>.uuid]] [{0  0  }]})}

2026-02-28T14:56:08.513+0300	DEBUG	logger/zap_logger.go:96	CASE ELSE result: &{0x1400076b1d0}
2026-02-28T14:56:08.513+0300	DEBUG	logger/zap_logger.go:96	Column nspname (qualified: nsp.nspname) not found in row context
2026-02-28T14:56:08.513+0300	DEBUG	logger/zap_logger.go:96	CASE condition: nsp.nspnamein('pg_catalog','public'), value: &{false} (type: *rmodels.BoolExpression)
2026-02-28T14:56:08.513+0300	DEBUG	logger/zap_logger.go:96	CASE condition evaluated to: false
2026-02-28T14:56:08.513+0300	DEBUG	logger/zap_logger.go:96	Column nspname (qualified: nsp.nspname) not found in row context
2026-02-28T14:56:08.513+0300	DEBUG	logger/zap_logger.go:96	Concatenated result: &{%!s(*table.ExecuteResult=&{[[<nil>.float8]] [{0  0  }]})}

2026-02-28T14:56:08.513+0300	DEBUG	logger/zap_logger.go:96	CASE ELSE result: &{0x1400076b3b0}
2026-02-28T14:56:08.513+0300	DEBUG	logger/zap_logger.go:96	Column nspname (qualified: nsp.nspname) not found in row context
2026-02-28T14:56:08.513+0300	DEBUG	logger/zap_logger.go:96	CASE condition: nsp.nspnamein('pg_catalog','public'), value: &{false} (type: *rmodels.BoolExpression)
2026-02-28T14:56:08.513+0300	DEBUG	logger/zap_logger.go:96	CASE condition evaluated to: false
2026-02-28T14:56:08.513+0300	DEBUG	logger/zap_logger.go:96	Column nspname (qualified: nsp.nspname) not found in row context
2026-02-28T14:56:08.513+0300	DEBUG	logger/zap_logger.go:96	Concatenated result: &{%!s(*table.ExecuteResult=&{[[<nil>.timestamp]] [{0  0  }]})}

2026-02-28T14:56:08.513+0300	DEBUG	logger/zap_logger.go:96	CASE ELSE result: &{0x1400076b590}
2026-02-28T14:56:08.513+0300	DEBUG	logger/zap_logger.go:96	Column nspname (qualified: nsp.nspname) not found in row context
2026-02-28T14:56:08.513+0300	DEBUG	logger/zap_logger.go:96	CASE condition: nsp.nspnamein('pg_catalog','public'), value: &{false} (type: *rmodels.BoolExpression)
2026-02-28T14:56:08.513+0300	DEBUG	logger/zap_logger.go:96	CASE condition evaluated to: false
2026-02-28T14:56:08.513+0300	DEBUG	logger/zap_logger.go:96	Column nspname (qualified: nsp.nspname) not found in row context
2026-02-28T14:56:08.513+0300	DEBUG	logger/zap_logger.go:96	Concatenated result: &{%!s(*table.ExecuteResult=&{[[<nil>.timestamptz]] [{0  0  }]})}

2026-02-28T14:56:08.513+0300	DEBUG	logger/zap_logger.go:96	CASE ELSE result: &{0x1400076b7a0}
2026-02-28T14:56:08.513+0300	DEBUG	logger/zap_logger.go:96	Column nspname (qualified: nsp.nspname) not found in row context
2026-02-28T14:56:08.513+0300	DEBUG	logger/zap_logger.go:96	CASE condition: nsp.nspnamein('pg_catalog','public'), value: &{false} (type: *rmodels.BoolExpression)
2026-02-28T14:56:08.513+0300	DEBUG	logger/zap_logger.go:96	CASE condition evaluated to: false
2026-02-28T14:56:08.513+0300	DEBUG	logger/zap_logger.go:96	Column nspname (qualified: nsp.nspname) not found in row context
2026-02-28T14:56:08.513+0300	DEBUG	logger/zap_logger.go:96	Concatenated result: &{%!s(*table.ExecuteResult=&{[[<nil>.name]] [{0  0  }]})}

2026-02-28T14:56:08.513+0300	DEBUG	logger/zap_logger.go:96	CASE ELSE result: &{0x1400076b980}
2026-02-28T14:56:08.513+0300	DEBUG	logger/zap_logger.go:96	Column nspname (qualified: nsp.nspname) not found in row context
2026-02-28T14:56:08.513+0300	DEBUG	logger/zap_logger.go:96	CASE condition: nsp.nspnamein('pg_catalog','public'), value: &{false} (type: *rmodels.BoolExpression)
2026-02-28T14:56:08.513+0300	DEBUG	logger/zap_logger.go:96	CASE condition evaluated to: false
2026-02-28T14:56:08.513+0300	DEBUG	logger/zap_logger.go:96	Column nspname (qualified: nsp.nspname) not found in row context
2026-02-28T14:56:08.513+0300	DEBUG	logger/zap_logger.go:96	Concatenated result: &{%!s(*table.ExecuteResult=&{[[<nil>.text]] [{0  0  }]})}

2026-02-28T14:56:08.513+0300	DEBUG	logger/zap_logger.go:96	CASE ELSE result: &{0x1400076bb60}
2026-02-28T14:56:08.513+0300	DEBUG	logger/zap_logger.go:96	Column nspname (qualified: nsp.nspname) not found in row context
2026-02-28T14:56:08.513+0300	DEBUG	logger/zap_logger.go:96	CASE condition: nsp.nspnamein('pg_catalog','public'), value: &{false} (type: *rmodels.BoolExpression)
2026-02-28T14:56:08.513+0300	DEBUG	logger/zap_logger.go:96	CASE condition evaluated to: false
2026-02-28T14:56:08.513+0300	DEBUG	logger/zap_logger.go:96	Column nspname (qualified: nsp.nspname) not found in row context
2026-02-28T14:56:08.513+0300	DEBUG	logger/zap_logger.go:96	Concatenated result: &{%!s(*table.ExecuteResult=&{[[<nil>.float4]] [{0  0  }]})}

2026-02-28T14:56:08.513+0300	DEBUG	logger/zap_logger.go:96	CASE ELSE result: &{0x1400076bd70}
2026-02-28T14:56:08.513+0300	DEBUG	logger/zap_logger.go:96	Column nspname (qualified: nsp.nspname) not found in row context
2026-02-28T14:56:08.513+0300	DEBUG	logger/zap_logger.go:96	CASE condition: nsp.nspnamein('pg_catalog','public'), value: &{false} (type: *rmodels.BoolExpression)
2026-02-28T14:56:08.513+0300	DEBUG	logger/zap_logger.go:96	CASE condition evaluated to: false
2026-02-28T14:56:08.513+0300	DEBUG	logger/zap_logger.go:96	Column nspname (qualified: nsp.nspname) not found in row context
2026-02-28T14:56:08.513+0300	DEBUG	logger/zap_logger.go:96	Concatenated result: &{%!s(*table.ExecuteResult=&{[[<nil>.email_address]] [{0  0  }]})}

2026-02-28T14:56:08.513+0300	DEBUG	logger/zap_logger.go:96	CASE ELSE result: &{0x1400076bf50}
2026-02-28T14:56:08.513+0300	DEBUG	logger/zap_logger.go:96	Column nspname (qualified: nsp.nspname) not found in row context
2026-02-28T14:56:08.513+0300	DEBUG	logger/zap_logger.go:96	CASE condition: nsp.nspnamein('pg_catalog','public'), value: &{false} (type: *rmodels.BoolExpression)
2026-02-28T14:56:08.513+0300	DEBUG	logger/zap_logger.go:96	CASE condition evaluated to: false
2026-02-28T14:56:08.513+0300	DEBUG	logger/zap_logger.go:96	Column nspname (qualified: nsp.nspname) not found in row context
2026-02-28T14:56:08.513+0300	DEBUG	logger/zap_logger.go:96	Concatenated result: &{%!s(*table.ExecuteResult=&{[[<nil>.bpchar]] [{0  0  }]})}

2026-02-28T14:56:08.513+0300	DEBUG	logger/zap_logger.go:96	CASE ELSE result: &{0x14000384330}
2026-02-28T14:56:08.513+0300	DEBUG	logger/zap_logger.go:96	Column nspname (qualified: nsp.nspname) not found in row context
2026-02-28T14:56:08.513+0300	DEBUG	logger/zap_logger.go:96	CASE condition: nsp.nspnamein('pg_catalog','public'), value: &{false} (type: *rmodels.BoolExpression)
2026-02-28T14:56:08.513+0300	DEBUG	logger/zap_logger.go:96	CASE condition evaluated to: false
2026-02-28T14:56:08.513+0300	DEBUG	logger/zap_logger.go:96	Column nspname (qualified: nsp.nspname) not found in row context
2026-02-28T14:56:08.513+0300	DEBUG	logger/zap_logger.go:96	Concatenated result: &{%!s(*table.ExecuteResult=&{[[<nil>.bytea]] [{0  0  }]})}

2026-02-28T14:56:08.513+0300	DEBUG	logger/zap_logger.go:96	CASE ELSE result: &{0x14000384630}
2026-02-28T14:56:08.513+0300	DEBUG	logger/zap_logger.go:96	Column nspname (qualified: nsp.nspname) not found in row context
2026-02-28T14:56:08.513+0300	DEBUG	logger/zap_logger.go:96	CASE condition: nsp.nspnamein('pg_catalog','public'), value: &{false} (type: *rmodels.BoolExpression)
2026-02-28T14:56:08.513+0300	DEBUG	logger/zap_logger.go:96	CASE condition evaluated to: false
2026-02-28T14:56:08.513+0300	DEBUG	logger/zap_logger.go:96	Column nspname (qualified: nsp.nspname) not found in row context
2026-02-28T14:56:08.513+0300	DEBUG	logger/zap_logger.go:96	Concatenated result: &{%!s(*table.ExecuteResult=&{[[<nil>.regproc]] [{0  0  }]})}

2026-02-28T14:56:08.513+0300	DEBUG	logger/zap_logger.go:96	CASE ELSE result: &{0x14000384900}
2026-02-28T14:56:08.513+0300	DEBUG	logger/zap_logger.go:96	Column nspname (qualified: nsp.nspname) not found in row context
2026-02-28T14:56:08.513+0300	DEBUG	logger/zap_logger.go:96	CASE condition: nsp.nspnamein('pg_catalog','public'), value: &{false} (type: *rmodels.BoolExpression)
2026-02-28T14:56:08.513+0300	DEBUG	logger/zap_logger.go:96	CASE condition evaluated to: false
2026-02-28T14:56:08.513+0300	DEBUG	logger/zap_logger.go:96	Column nspname (qualified: nsp.nspname) not found in row context
2026-02-28T14:56:08.513+0300	DEBUG	logger/zap_logger.go:96	Concatenated result: &{%!s(*table.ExecuteResult=&{[[<nil>.positive_int]] [{0  0  }]})}

2026-02-28T14:56:08.513+0300	DEBUG	logger/zap_logger.go:96	CASE ELSE result: &{0x14000384bd0}
2026-02-28T14:56:08.513+0300	DEBUG	logger/zap_logger.go:96	Column nspname (qualified: nsp.nspname) not found in row context
2026-02-28T14:56:08.513+0300	DEBUG	logger/zap_logger.go:96	CASE condition: nsp.nspnamein('pg_catalog','public'), value: &{false} (type: *rmodels.BoolExpression)
2026-02-28T14:56:08.514+0300	DEBUG	logger/zap_logger.go:96	CASE condition evaluated to: false
2026-02-28T14:56:08.514+0300	DEBUG	logger/zap_logger.go:96	Column nspname (qualified: nsp.nspname) not found in row context
2026-02-28T14:56:08.514+0300	DEBUG	logger/zap_logger.go:96	Concatenated result: &{%!s(*table.ExecuteResult=&{[[<nil>.int2]] [{0  0  }]})}

2026-02-28T14:56:08.514+0300	DEBUG	logger/zap_logger.go:96	CASE ELSE result: &{0x14000384e40}
2026-02-28T14:56:08.514+0300	DEBUG	logger/zap_logger.go:96	Column nspname (qualified: nsp.nspname) not found in row context
2026-02-28T14:56:08.514+0300	DEBUG	logger/zap_logger.go:96	CASE condition: nsp.nspnamein('pg_catalog','public'), value: &{false} (type: *rmodels.BoolExpression)
2026-02-28T14:56:08.514+0300	DEBUG	logger/zap_logger.go:96	CASE condition evaluated to: false
2026-02-28T14:56:08.514+0300	DEBUG	logger/zap_logger.go:96	Column nspname (qualified: nsp.nspname) not found in row context
2026-02-28T14:56:08.514+0300	DEBUG	logger/zap_logger.go:96	Concatenated result: &{%!s(*table.ExecuteResult=&{[[<nil>.int4]] [{0  0  }]})}

2026-02-28T14:56:08.514+0300	DEBUG	logger/zap_logger.go:96	CASE ELSE result: &{0x140003850b0}
2026-02-28T14:56:08.514+0300	DEBUG	logger/zap_logger.go:96	Column nspname (qualified: nsp.nspname) not found in row context
2026-02-28T14:56:08.514+0300	DEBUG	logger/zap_logger.go:96	CASE condition: nsp.nspnamein('pg_catalog','public'), value: &{false} (type: *rmodels.BoolExpression)
2026-02-28T14:56:08.514+0300	DEBUG	logger/zap_logger.go:96	CASE condition evaluated to: false
2026-02-28T14:56:08.514+0300	DEBUG	logger/zap_logger.go:96	Column nspname (qualified: nsp.nspname) not found in row context
2026-02-28T14:56:08.514+0300	DEBUG	logger/zap_logger.go:96	Concatenated result: &{%!s(*table.ExecuteResult=&{[[<nil>.time]] [{0  0  }]})}

2026-02-28T14:56:08.514+0300	DEBUG	logger/zap_logger.go:96	CASE ELSE result: &{0x14000385290}
2026-02-28T14:56:08.514+0300	DEBUG	logger/zap_logger.go:71	DEBUG: Sending row:	{"row": [26,"<nil>.oid"]}
2026-02-28T14:56:08.514+0300	DEBUG	logger/zap_logger.go:71	DEBUG: Sending row:	{"row": [1700,"<nil>.numeric"]}
2026-02-28T14:56:08.514+0300	DEBUG	logger/zap_logger.go:71	DEBUG: Sending row:	{"row": [114,"<nil>.json"]}
2026-02-28T14:56:08.514+0300	DEBUG	logger/zap_logger.go:71	DEBUG: Sending row:	{"row": [16,"<nil>.bool"]}
2026-02-28T14:56:08.514+0300	DEBUG	logger/zap_logger.go:71	DEBUG: Sending row:	{"row": [20,"<nil>.int8"]}
2026-02-28T14:56:08.514+0300	DEBUG	logger/zap_logger.go:71	DEBUG: Sending row:	{"row": [3802,"<nil>.jsonb"]}
2026-02-28T14:56:08.514+0300	DEBUG	logger/zap_logger.go:71	DEBUG: Sending row:	{"row": [18,"<nil>.char"]}
2026-02-28T14:56:08.514+0300	DEBUG	logger/zap_logger.go:71	DEBUG: Sending row:	{"row": [100003,"<nil>.us_postal_code"]}
2026-02-28T14:56:08.514+0300	DEBUG	logger/zap_logger.go:71	DEBUG: Sending row:	{"row": [1043,"<nil>.varchar"]}
2026-02-28T14:56:08.514+0300	DEBUG	logger/zap_logger.go:71	DEBUG: Sending row:	{"row": [1082,"<nil>.date"]}
2026-02-28T14:56:08.514+0300	DEBUG	logger/zap_logger.go:71	DEBUG: Sending row:	{"row": [2950,"<nil>.uuid"]}
2026-02-28T14:56:08.514+0300	DEBUG	logger/zap_logger.go:71	DEBUG: Sending row:	{"row": [701,"<nil>.float8"]}
2026-02-28T14:56:08.514+0300	DEBUG	logger/zap_logger.go:71	DEBUG: Sending row:	{"row": [1114,"<nil>.timestamp"]}
2026-02-28T14:56:08.514+0300	DEBUG	logger/zap_logger.go:71	DEBUG: Sending row:	{"row": [1184,"<nil>.timestamptz"]}
2026-02-28T14:56:08.514+0300	DEBUG	logger/zap_logger.go:71	DEBUG: Sending row:	{"row": [19,"<nil>.name"]}
2026-02-28T14:56:08.514+0300	DEBUG	logger/zap_logger.go:71	DEBUG: Sending row:	{"row": [25,"<nil>.text"]}
2026-02-28T14:56:08.514+0300	DEBUG	logger/zap_logger.go:71	DEBUG: Sending row:	{"row": [700,"<nil>.float4"]}
2026-02-28T14:56:08.514+0300	DEBUG	logger/zap_logger.go:71	DEBUG: Sending row:	{"row": [100002,"<nil>.email_address"]}
2026-02-28T14:56:08.514+0300	DEBUG	logger/zap_logger.go:71	DEBUG: Sending row:	{"row": [1042,"<nil>.bpchar"]}
2026-02-28T14:56:08.514+0300	DEBUG	logger/zap_logger.go:71	DEBUG: Sending row:	{"row": [17,"<nil>.bytea"]}
2026-02-28T14:56:08.514+0300	DEBUG	logger/zap_logger.go:71	DEBUG: Sending row:	{"row": [24,"<nil>.regproc"]}
2026-02-28T14:56:08.514+0300	DEBUG	logger/zap_logger.go:71	DEBUG: Sending row:	{"row": [100001,"<nil>.positive_int"]}
2026-02-28T14:56:08.514+0300	DEBUG	logger/zap_logger.go:71	DEBUG: Sending row:	{"row": [21,"<nil>.int2"]}
2026-02-28T14:56:08.514+0300	DEBUG	logger/zap_logger.go:71	DEBUG: Sending row:	{"row": [23,"<nil>.int4"]}
2026-02-28T14:56:08.514+0300	DEBUG	logger/zap_logger.go:71	DEBUG: Sending row:	{"row": [1083,"<nil>.time"]}
2026-02-28T14:56:21.936+0300	DEBUG	logger/zap_logger.go:96	Query: select t.oid,
	case when nsp.nspname in ('pg_catalog', 'public') then t.typname
		else nsp.nspname||'.'||t.typname
	end
from pg_type t
left join pg_type base_type on t.typelem=base_type.oid
;
2026-02-28T14:56:21.937+0300	DEBUG	logger/zap_logger.go:96	Parsing select item: t.oid
2026-02-28T14:56:21.937+0300	DEBUG	logger/zap_logger.go:96	Parsing select item: casewhennsp.nspnamein('pg_catalog','public')thent.typnameelsensp.nspname||'.'||t.typnameend
2026-02-28T14:56:21.937+0300	DEBUG	logger/zap_logger.go:96	DEBUG: Parsed statement type: SELECT

2026-02-28T14:56:21.937+0300	DEBUG	logger/zap_logger.go:96	Parsed statement: %!(EXTRA zapcore.Field={stmt 23 0  0x140000fad60})
2026-02-28T14:56:21.937+0300	DEBUG	logger/zap_logger.go:96	Executing query plan: %!(EXTRA zapcore.Field={queryPlan 25 0  Project
  Join
    Scan (pg_catalog.pg_type AS t)
    Scan (pg_catalog.pg_type AS base_type)
})
2026-02-28T14:56:21.937+0300	DEBUG	logger/zap_logger.go:71	executing plan node	{"type": "Project"}
2026-02-28T14:56:21.937+0300	DEBUG	logger/zap_logger.go:71	executing plan node	{"type": "Join"}
2026-02-28T14:56:21.937+0300	DEBUG	logger/zap_logger.go:71	executing plan node	{"type": "Scan"}
2026-02-28T14:56:21.937+0300	DEBUG	logger/zap_logger.go:71	Table metadata: 	{"meta": {"Name":"pg_catalog.pg_type","Columns":{"oid":{"Type":1,"IsNullable":false,"DefaultValue":null,"IsSerial":false,"IsUnique":false,"Idx":1},"typacl":{"Type":0,"IsNullable":true,"DefaultValue":null,"IsSerial":false,"IsUnique":false,"Idx":31},"typalign":{"Type":0,"IsNullable":true,"DefaultValue":null,"IsSerial":false,"IsUnique":false,"Idx":22},"typanalyze":{"Type":0,"IsNullable":true,"DefaultValue":null,"IsSerial":false,"IsUnique":false,"Idx":21},"typarray":{"Type":1,"IsNullable":true,"DefaultValue":null,"IsSerial":false,"IsUnique":false,"Idx":14},"typbasetype":{"Type":1,"IsNullable":true,"DefaultValue":null,"IsSerial":false,"IsUnique":false,"Idx":25},"typbyval":{"Type":0,"IsNullable":true,"DefaultValue":null,"IsSerial":false,"IsUnique":false,"Idx":6},"typcategory":{"Type":0,"IsNullable":true,"DefaultValue":null,"IsSerial":false,"IsUnique":false,"Idx":8},"typcollation":{"Type":1,"IsNullable":true,"DefaultValue":null,"IsSerial":false,"IsUnique":false,"Idx":28},"typdefault":{"Type":0,"IsNullable":true,"DefaultValue":null,"IsSerial":false,"IsUnique":false,"Idx":30},"typdefaultbin":{"Type":0,"IsNullable":true,"DefaultValue":null,"IsSerial":false,"IsUnique":false,"Idx":29},"typdelim":{"Type":0,"IsNullable":true,"DefaultValue":null,"IsSerial":false,"IsUnique":false,"Idx":11},"typelem":{"Type":1,"IsNullable":true,"DefaultValue":null,"IsSerial":false,"IsUnique":false,"Idx":13},"typinput":{"Type":0,"IsNullable":true,"DefaultValue":null,"IsSerial":false,"IsUnique":false,"Idx":15},"typisdefined":{"Type":0,"IsNullable":true,"DefaultValue":null,"IsSerial":false,"IsUnique":false,"Idx":10},"typispreferred":{"Type":0,"IsNullable":true,"DefaultValue":null,"IsSerial":false,"IsUnique":false,"Idx":9},"typlen":{"Type":1,"IsNullable":true,"DefaultValue":null,"IsSerial":false,"IsUnique":false,"Idx":5},"typmodin":{"Type":0,"IsNullable":true,"DefaultValue":null,"IsSerial":false,"IsUnique":false,"Idx":19},"typmodout":{"Type":0,"IsNullable":true,"DefaultValue":null,"IsSerial":false,"IsUnique":false,"Idx":20},"typname":{"Type":0,"IsNullable":true,"DefaultValue":null,"IsSerial":false,"IsUnique":false,"Idx":2},"typnamespace":{"Type":1,"IsNullable":true,"DefaultValue":null,"IsSerial":false,"IsUnique":false,"Idx":3},"typndims":{"Type":1,"IsNullable":true,"DefaultValue":null,"IsSerial":false,"IsUnique":false,"Idx":27},"typnotnull":{"Type":0,"IsNullable":true,"DefaultValue":null,"IsSerial":false,"IsUnique":false,"Idx":24},"typoutput":{"Type":0,"IsNullable":true,"DefaultValue":null,"IsSerial":false,"IsUnique":false,"Idx":16},"typowner":{"Type":1,"IsNullable":true,"DefaultValue":null,"IsSerial":false,"IsUnique":false,"Idx":4},"typreceive":{"Type":0,"IsNullable":true,"DefaultValue":null,"IsSerial":false,"IsUnique":false,"Idx":17},"typrelid":{"Type":1,"IsNullable":true,"DefaultValue":null,"IsSerial":false,"IsUnique":false,"Idx":12},"typsend":{"Type":0,"IsNullable":true,"DefaultValue":null,"IsSerial":false,"IsUnique":false,"Idx":18},"typstorage":{"Type":0,"IsNullable":true,"DefaultValue":null,"IsSerial":false,"IsUnique":false,"Idx":23},"typtype":{"Type":0,"IsNullable":true,"DefaultValue":null,"IsSerial":false,"IsUnique":false,"Idx":7},"typtypmod":{"Type":1,"IsNullable":true,"DefaultValue":null,"IsSerial":false,"IsUnique":false,"Idx":26}},"PrimaryKeys":[1]}}
2026-02-28T14:56:21.937+0300	DEBUG	logger/zap_logger.go:71	Table columns	{"columns": [{"Idx":1,"Name":"oid","Type":1,"TableIdentifier":"","OriginalTableName":""},{"Idx":2,"Name":"typname","Type":0,"TableIdentifier":"","OriginalTableName":""},{"Idx":3,"Name":"typnamespace","Type":1,"TableIdentifier":"","OriginalTableName":""},{"Idx":4,"Name":"typowner","Type":1,"TableIdentifier":"","OriginalTableName":""},{"Idx":5,"Name":"typlen","Type":1,"TableIdentifier":"","OriginalTableName":""},{"Idx":6,"Name":"typbyval","Type":0,"TableIdentifier":"","OriginalTableName":""},{"Idx":7,"Name":"typtype","Type":0,"TableIdentifier":"","OriginalTableName":""},{"Idx":8,"Name":"typcategory","Type":0,"TableIdentifier":"","OriginalTableName":""},{"Idx":9,"Name":"typispreferred","Type":0,"TableIdentifier":"","OriginalTableName":""},{"Idx":10,"Name":"typisdefined","Type":0,"TableIdentifier":"","OriginalTableName":""},{"Idx":11,"Name":"typdelim","Type":0,"TableIdentifier":"","OriginalTableName":""},{"Idx":12,"Name":"typrelid","Type":1,"TableIdentifier":"","OriginalTableName":""},{"Idx":13,"Name":"typelem","Type":1,"TableIdentifier":"","OriginalTableName":""},{"Idx":14,"Name":"typarray","Type":1,"TableIdentifier":"","OriginalTableName":""},{"Idx":15,"Name":"typinput","Type":0,"TableIdentifier":"","OriginalTableName":""},{"Idx":16,"Name":"typoutput","Type":0,"TableIdentifier":"","OriginalTableName":""},{"Idx":17,"Name":"typreceive","Type":0,"TableIdentifier":"","OriginalTableName":""},{"Idx":18,"Name":"typsend","Type":0,"TableIdentifier":"","OriginalTableName":""},{"Idx":19,"Name":"typmodin","Type":0,"TableIdentifier":"","OriginalTableName":""},{"Idx":20,"Name":"typmodout","Type":0,"TableIdentifier":"","OriginalTableName":""},{"Idx":21,"Name":"typanalyze","Type":0,"TableIdentifier":"","OriginalTableName":""},{"Idx":22,"Name":"typalign","Type":0,"TableIdentifier":"","OriginalTableName":""},{"Idx":23,"Name":"typstorage","Type":0,"TableIdentifier":"","OriginalTableName":""},{"Idx":24,"Name":"typnotnull","Type":0,"TableIdentifier":"","OriginalTableName":""},{"Idx":25,"Name":"typbasetype","Type":1,"TableIdentifier":"","OriginalTableName":""},{"Idx":26,"Name":"typtypmod","Type":1,"TableIdentifier":"","OriginalTableName":""},{"Idx":27,"Name":"typndims","Type":1,"TableIdentifier":"","OriginalTableName":""},{"Idx":28,"Name":"typcollation","Type":1,"TableIdentifier":"","OriginalTableName":""},{"Idx":29,"Name":"typdefaultbin","Type":0,"TableIdentifier":"","OriginalTableName":""},{"Idx":30,"Name":"typdefault","Type":0,"TableIdentifier":"","OriginalTableName":""},{"Idx":31,"Name":"typacl","Type":0,"TableIdentifier":"","OriginalTableName":""}]}
2026-02-28T14:56:21.937+0300	DEBUG	logger/zap_logger.go:71	Select columns	{"columns": [{"Name":"","IsAll":true}]}
2026-02-28T14:56:21.937+0300	DEBUG	logger/zap_logger.go:71	NewIterator called with seekKey:	{"seekKey": "testdb:pg_catalog:pg_type:row:", "typ": "ALL"}
2026-02-28T14:56:21.938+0300	DEBUG	logger/zap_logger.go:71	Select result: 	{"result": {"Rows":[[16,"bool",11,10,1,true,"b","B",true,true,",",0,0,1000,"boolin","boolout","boolrecv","boolsend","booltypmodin","booltypmodout","boolanalyze","c","p",false,0,-1,0,0,"NULL","NULL","NULL"],[18,"char",11,10,1,true,"b","Z",false,true,",",0,0,1002,"charin","charout","charrecv","charsend","-","-","-","c","p",false,0,-1,0,0,"NULL","NULL","NULL"],[3802,"jsonb",11,10,-1,false,"b","U",false,true,",",0,0,3807,"jsonb_in","jsonb_out","jsonb_recv","jsonb_send","-","-","-","i","e",false,0,-1,0,0,"NULL","NULL","NULL"],[1082,"date",11,10,4,true,"b","D",false,true,",",0,0,1182,"date_in","date_out","date_recv","date_send","-","-","-","i","p",false,0,-1,0,0,"NULL","NULL","NULL"],[1083,"time",11,10,8,true,"b","D",false,true,",",0,0,1183,"time_in","time_out","time_recv","time_send","timetypmodin","timetypmodout","-","d","p",false,0,-1,0,0,"NULL","NULL","NULL"],[24,"regproc",11,10,4,true,"b","N",false,true,",",0,0,1008,"regprocin","regprocout","regprocrecv","regprocsend","-","-","-","i","p",false,0,-1,0,0,"NULL","NULL","NULL"],[23,"int4",11,10,4,true,"b","N",true,true,",",0,0,1007,"int4in","int4out","int4recv","int4send","int4typmodin","int4typmodout","int4analyze","i","p",false,0,-1,0,0,"NULL","NULL","NULL"],[1043,"varchar",11,10,-1,false,"b","S",false,true,",",0,0,1015,"varcharin","varcharout","varcharrecv","varcharsend","varchartypmodin","varchartypmodout","-","i","e",false,0,-1,0,100,"NULL","NULL","NULL"],[19,"name",11,10,64,false,"b","S",false,true,",",0,0,1003,"namein","nameout","namerecv","namesend","-","-","-","c","p",false,0,-1,0,950,"NULL","NULL","NULL"],[25,"text",11,10,-1,false,"b","S",true,true,",",0,0,1009,"textin","textout","textrecv","textsend","texttypmodin","texttypmodout","textanalyze","i","e",false,0,-1,0,0,"NULL","NULL","NULL"],[1042,"bpchar",11,10,-1,false,"b","S",false,true,",",0,0,1014,"bpcharin","bpcharout","bpcharrecv","bpcharsend","bpchartypmodin","bpchartypmodout","-","i","e",false,0,-1,0,100,"NULL","NULL","NULL"],[100003,"us_postal_code",11,10,-1,false,"d","S",false,true,",",0,0,0,"textin","textout","textrecv","textsend","-","-","-","i","e",false,25,-1,0,0,"NULL","NULL","NULL"],[21,"int2",11,10,2,true,"b","N",false,true,",",0,0,1005,"int2in","int2out","int2recv","int2send","-","-","-","s","p",false,0,-1,0,0,"NULL","NULL","NULL"],[2950,"uuid",11,10,16,false,"b","U",false,true,",",0,0,2951,"uuid_in","uuid_out","uuid_recv","uuid_send","-","-","-","c","p",false,0,-1,0,0,"NULL","NULL","NULL"],[701,"float8",11,10,8,true,"b","N",true,true,",",0,0,1022,"float8in","float8out","float8recv","float8send","-","-","-","d","p",false,0,-1,0,0,"NULL","NULL","NULL"],[114,"json",11,10,-1,false,"b","U",false,true,",",0,0,199,"json_in","json_out","json_recv","json_send","-","-","-","i","e",false,0,-1,0,0,"NULL","NULL","NULL"],[1184,"timestamptz",11,10,8,true,"b","D",true,true,",",0,0,1185,"timestamptz_in","timestamptz_out","timestamptz_recv","timestamptz_send","timestamptztypmodin","timestamptztypmodout","-","d","p",false,0,-1,0,0,"NULL","NULL","NULL"],[1700,"numeric",11,10,-1,false,"b","N",false,true,",",0,0,1231,"numeric_in","numeric_out","numeric_recv","numeric_send","numerictypmodin","numerictypmodout","-","i","m",false,0,-1,0,0,"NULL","NULL","NULL"],[17,"bytea",11,10,-1,false,"b","U",false,true,",",0,0,1001,"byteain","byteaout","bytearecv","byteasend","-","-","-","i","x",false,0,-1,0,0,"NULL","NULL","NULL"],[20,"int8",11,10,8,true,"b","N",false,true,",",0,0,1016,"int8in","int8out","int8recv","int8send","-","-","-","d","p",false,0,-1,0,0,"NULL","NULL","NULL"],[100001,"positive_int",11,10,4,true,"d","N",false,true,",",0,0,0,"int4in","int4out","int4recv","int4send","-","-","-","i","p",false,23,-1,0,0,"NULL","NULL","NULL"],[700,"float4",11,10,4,true,"b","N",false,true,",",0,0,1021,"float4in","float4out","float4recv","float4send","-","-","-","i","p",false,0,-1,0,0,"NULL","NULL","NULL"],[100002,"email_address",11,10,-1,false,"d","S",false,true,",",0,0,0,"textin","textout","textrecv","textsend","-","-","-","i","e",false,25,-1,0,0,"NULL","NULL","NULL"],[1114,"timestamp",11,10,8,true,"b","D",false,true,",",0,0,1115,"timestamp_in","timestamp_out","timestamp_recv","timestamp_send","timestamptypmodin","timestamptypmodout","-","d","p",false,0,-1,0,0,"NULL","NULL","NULL"],[26,"oid",11,10,4,true,"b","N",true,true,",",0,0,1028,"oidin","oidout","oidrecv","oidsend","-","-","-","i","p",false,0,-1,0,0,"NULL","NULL","NULL"]],"Columns":[{"Idx":1,"Name":"oid","Type":1,"TableIdentifier":"","OriginalTableName":""},{"Idx":2,"Name":"typname","Type":0,"TableIdentifier":"","OriginalTableName":""},{"Idx":3,"Name":"typnamespace","Type":1,"TableIdentifier":"","OriginalTableName":""},{"Idx":4,"Name":"typowner","Type":1,"TableIdentifier":"","OriginalTableName":""},{"Idx":5,"Name":"typlen","Type":1,"TableIdentifier":"","OriginalTableName":""},{"Idx":6,"Name":"typbyval","Type":0,"TableIdentifier":"","OriginalTableName":""},{"Idx":7,"Name":"typtype","Type":0,"TableIdentifier":"","OriginalTableName":""},{"Idx":8,"Name":"typcategory","Type":0,"TableIdentifier":"","OriginalTableName":""},{"Idx":9,"Name":"typispreferred","Type":0,"TableIdentifier":"","OriginalTableName":""},{"Idx":10,"Name":"typisdefined","Type":0,"TableIdentifier":"","OriginalTableName":""},{"Idx":11,"Name":"typdelim","Type":0,"TableIdentifier":"","OriginalTableName":""},{"Idx":12,"Name":"typrelid","Type":1,"TableIdentifier":"","OriginalTableName":""},{"Idx":13,"Name":"typelem","Type":1,"TableIdentifier":"","OriginalTableName":""},{"Idx":14,"Name":"typarray","Type":1,"TableIdentifier":"","OriginalTableName":""},{"Idx":15,"Name":"typinput","Type":0,"TableIdentifier":"","OriginalTableName":""},{"Idx":16,"Name":"typoutput","Type":0,"TableIdentifier":"","OriginalTableName":""},{"Idx":17,"Name":"typreceive","Type":0,"TableIdentifier":"","OriginalTableName":""},{"Idx":18,"Name":"typsend","Type":0,"TableIdentifier":"","OriginalTableName":""},{"Idx":19,"Name":"typmodin","Type":0,"TableIdentifier":"","OriginalTableName":""},{"Idx":20,"Name":"typmodout","Type":0,"TableIdentifier":"","OriginalTableName":""},{"Idx":21,"Name":"typanalyze","Type":0,"TableIdentifier":"","OriginalTableName":""},{"Idx":22,"Name":"typalign","Type":0,"TableIdentifier":"","OriginalTableName":""},{"Idx":23,"Name":"typstorage","Type":0,"TableIdentifier":"","OriginalTableName":""},{"Idx":24,"Name":"typnotnull","Type":0,"TableIdentifier":"","OriginalTableName":""},{"Idx":25,"Name":"typbasetype","Type":1,"TableIdentifier":"","OriginalTableName":""},{"Idx":26,"Name":"typtypmod","Type":1,"TableIdentifier":"","OriginalTableName":""},{"Idx":27,"Name":"typndims","Type":1,"TableIdentifier":"","OriginalTableName":""},{"Idx":28,"Name":"typcollation","Type":1,"TableIdentifier":"","OriginalTableName":""},{"Idx":29,"Name":"typdefaultbin","Type":0,"TableIdentifier":"","OriginalTableName":""},{"Idx":30,"Name":"typdefault","Type":0,"TableIdentifier":"","OriginalTableName":""},{"Idx":31,"Name":"typacl","Type":0,"TableIdentifier":"","OriginalTableName":""}]}}
2026-02-28T14:56:21.938+0300	DEBUG	logger/zap_logger.go:71	scan result	{"rows": 25, "cols": 31}
2026-02-28T14:56:21.938+0300	DEBUG	logger/zap_logger.go:71	executing plan node	{"type": "Scan"}
2026-02-28T14:56:21.938+0300	DEBUG	logger/zap_logger.go:71	Table metadata: 	{"meta": {"Name":"pg_catalog.pg_type","Columns":{"oid":{"Type":1,"IsNullable":false,"DefaultValue":null,"IsSerial":false,"IsUnique":false,"Idx":1},"typacl":{"Type":0,"IsNullable":true,"DefaultValue":null,"IsSerial":false,"IsUnique":false,"Idx":31},"typalign":{"Type":0,"IsNullable":true,"DefaultValue":null,"IsSerial":false,"IsUnique":false,"Idx":22},"typanalyze":{"Type":0,"IsNullable":true,"DefaultValue":null,"IsSerial":false,"IsUnique":false,"Idx":21},"typarray":{"Type":1,"IsNullable":true,"DefaultValue":null,"IsSerial":false,"IsUnique":false,"Idx":14},"typbasetype":{"Type":1,"IsNullable":true,"DefaultValue":null,"IsSerial":false,"IsUnique":false,"Idx":25},"typbyval":{"Type":0,"IsNullable":true,"DefaultValue":null,"IsSerial":false,"IsUnique":false,"Idx":6},"typcategory":{"Type":0,"IsNullable":true,"DefaultValue":null,"IsSerial":false,"IsUnique":false,"Idx":8},"typcollation":{"Type":1,"IsNullable":true,"DefaultValue":null,"IsSerial":false,"IsUnique":false,"Idx":28},"typdefault":{"Type":0,"IsNullable":true,"DefaultValue":null,"IsSerial":false,"IsUnique":false,"Idx":30},"typdefaultbin":{"Type":0,"IsNullable":true,"DefaultValue":null,"IsSerial":false,"IsUnique":false,"Idx":29},"typdelim":{"Type":0,"IsNullable":true,"DefaultValue":null,"IsSerial":false,"IsUnique":false,"Idx":11},"typelem":{"Type":1,"IsNullable":true,"DefaultValue":null,"IsSerial":false,"IsUnique":false,"Idx":13},"typinput":{"Type":0,"IsNullable":true,"DefaultValue":null,"IsSerial":false,"IsUnique":false,"Idx":15},"typisdefined":{"Type":0,"IsNullable":true,"DefaultValue":null,"IsSerial":false,"IsUnique":false,"Idx":10},"typispreferred":{"Type":0,"IsNullable":true,"DefaultValue":null,"IsSerial":false,"IsUnique":false,"Idx":9},"typlen":{"Type":1,"IsNullable":true,"DefaultValue":null,"IsSerial":false,"IsUnique":false,"Idx":5},"typmodin":{"Type":0,"IsNullable":true,"DefaultValue":null,"IsSerial":false,"IsUnique":false,"Idx":19},"typmodout":{"Type":0,"IsNullable":true,"DefaultValue":null,"IsSerial":false,"IsUnique":false,"Idx":20},"typname":{"Type":0,"IsNullable":true,"DefaultValue":null,"IsSerial":false,"IsUnique":false,"Idx":2},"typnamespace":{"Type":1,"IsNullable":true,"DefaultValue":null,"IsSerial":false,"IsUnique":false,"Idx":3},"typndims":{"Type":1,"IsNullable":true,"DefaultValue":null,"IsSerial":false,"IsUnique":false,"Idx":27},"typnotnull":{"Type":0,"IsNullable":true,"DefaultValue":null,"IsSerial":false,"IsUnique":false,"Idx":24},"typoutput":{"Type":0,"IsNullable":true,"DefaultValue":null,"IsSerial":false,"IsUnique":false,"Idx":16},"typowner":{"Type":1,"IsNullable":true,"DefaultValue":null,"IsSerial":false,"IsUnique":false,"Idx":4},"typreceive":{"Type":0,"IsNullable":true,"DefaultValue":null,"IsSerial":false,"IsUnique":false,"Idx":17},"typrelid":{"Type":1,"IsNullable":true,"DefaultValue":null,"IsSerial":false,"IsUnique":false,"Idx":12},"typsend":{"Type":0,"IsNullable":true,"DefaultValue":null,"IsSerial":false,"IsUnique":false,"Idx":18},"typstorage":{"Type":0,"IsNullable":true,"DefaultValue":null,"IsSerial":false,"IsUnique":false,"Idx":23},"typtype":{"Type":0,"IsNullable":true,"DefaultValue":null,"IsSerial":false,"IsUnique":false,"Idx":7},"typtypmod":{"Type":1,"IsNullable":true,"DefaultValue":null,"IsSerial":false,"IsUnique":false,"Idx":26}},"PrimaryKeys":[1]}}
2026-02-28T14:56:21.938+0300	DEBUG	logger/zap_logger.go:71	Table columns	{"columns": [{"Idx":1,"Name":"oid","Type":1,"TableIdentifier":"","OriginalTableName":""},{"Idx":2,"Name":"typname","Type":0,"TableIdentifier":"","OriginalTableName":""},{"Idx":3,"Name":"typnamespace","Type":1,"TableIdentifier":"","OriginalTableName":""},{"Idx":4,"Name":"typowner","Type":1,"TableIdentifier":"","OriginalTableName":""},{"Idx":5,"Name":"typlen","Type":1,"TableIdentifier":"","OriginalTableName":""},{"Idx":6,"Name":"typbyval","Type":0,"TableIdentifier":"","OriginalTableName":""},{"Idx":7,"Name":"typtype","Type":0,"TableIdentifier":"","OriginalTableName":""},{"Idx":8,"Name":"typcategory","Type":0,"TableIdentifier":"","OriginalTableName":""},{"Idx":9,"Name":"typispreferred","Type":0,"TableIdentifier":"","OriginalTableName":""},{"Idx":10,"Name":"typisdefined","Type":0,"TableIdentifier":"","OriginalTableName":""},{"Idx":11,"Name":"typdelim","Type":0,"TableIdentifier":"","OriginalTableName":""},{"Idx":12,"Name":"typrelid","Type":1,"TableIdentifier":"","OriginalTableName":""},{"Idx":13,"Name":"typelem","Type":1,"TableIdentifier":"","OriginalTableName":""},{"Idx":14,"Name":"typarray","Type":1,"TableIdentifier":"","OriginalTableName":""},{"Idx":15,"Name":"typinput","Type":0,"TableIdentifier":"","OriginalTableName":""},{"Idx":16,"Name":"typoutput","Type":0,"TableIdentifier":"","OriginalTableName":""},{"Idx":17,"Name":"typreceive","Type":0,"TableIdentifier":"","OriginalTableName":""},{"Idx":18,"Name":"typsend","Type":0,"TableIdentifier":"","OriginalTableName":""},{"Idx":19,"Name":"typmodin","Type":0,"TableIdentifier":"","OriginalTableName":""},{"Idx":20,"Name":"typmodout","Type":0,"TableIdentifier":"","OriginalTableName":""},{"Idx":21,"Name":"typanalyze","Type":0,"TableIdentifier":"","OriginalTableName":""},{"Idx":22,"Name":"typalign","Type":0,"TableIdentifier":"","OriginalTableName":""},{"Idx":23,"Name":"typstorage","Type":0,"TableIdentifier":"","OriginalTableName":""},{"Idx":24,"Name":"typnotnull","Type":0,"TableIdentifier":"","OriginalTableName":""},{"Idx":25,"Name":"typbasetype","Type":1,"TableIdentifier":"","OriginalTableName":""},{"Idx":26,"Name":"typtypmod","Type":1,"TableIdentifier":"","OriginalTableName":""},{"Idx":27,"Name":"typndims","Type":1,"TableIdentifier":"","OriginalTableName":""},{"Idx":28,"Name":"typcollation","Type":1,"TableIdentifier":"","OriginalTableName":""},{"Idx":29,"Name":"typdefaultbin","Type":0,"TableIdentifier":"","OriginalTableName":""},{"Idx":30,"Name":"typdefault","Type":0,"TableIdentifier":"","OriginalTableName":""},{"Idx":31,"Name":"typacl","Type":0,"TableIdentifier":"","OriginalTableName":""}]}
2026-02-28T14:56:21.938+0300	DEBUG	logger/zap_logger.go:71	Select columns	{"columns": [{"Name":"","IsAll":true}]}
2026-02-28T14:56:21.938+0300	DEBUG	logger/zap_logger.go:71	NewIterator called with seekKey:	{"seekKey": "testdb:pg_catalog:pg_type:row:", "typ": "ALL"}
2026-02-28T14:56:21.939+0300	DEBUG	logger/zap_logger.go:71	Select result: 	{"result": {"Rows":[[1114,"timestamp",11,10,8,true,"b","D",false,true,",",0,0,1115,"timestamp_in","timestamp_out","timestamp_recv","timestamp_send","timestamptypmodin","timestamptypmodout","-","d","p",false,0,-1,0,0,"NULL","NULL","NULL"],[17,"bytea",11,10,-1,false,"b","U",false,true,",",0,0,1001,"byteain","byteaout","bytearecv","byteasend","-","-","-","i","x",false,0,-1,0,0,"NULL","NULL","NULL"],[18,"char",11,10,1,true,"b","Z",false,true,",",0,0,1002,"charin","charout","charrecv","charsend","-","-","-","c","p",false,0,-1,0,0,"NULL","NULL","NULL"],[3802,"jsonb",11,10,-1,false,"b","U",false,true,",",0,0,3807,"jsonb_in","jsonb_out","jsonb_recv","jsonb_send","-","-","-","i","e",false,0,-1,0,0,"NULL","NULL","NULL"],[700,"float4",11,10,4,true,"b","N",false,true,",",0,0,1021,"float4in","float4out","float4recv","float4send","-","-","-","i","p",false,0,-1,0,0,"NULL","NULL","NULL"],[100002,"email_address",11,10,-1,false,"d","S",false,true,",",0,0,0,"textin","textout","textrecv","textsend","-","-","-","i","e",false,25,-1,0,0,"NULL","NULL","NULL"],[100001,"positive_int",11,10,4,true,"d","N",false,true,",",0,0,0,"int4in","int4out","int4recv","int4send","-","-","-","i","p",false,23,-1,0,0,"NULL","NULL","NULL"],[23,"int4",11,10,4,true,"b","N",true,true,",",0,0,1007,"int4in","int4out","int4recv","int4send","int4typmodin","int4typmodout","int4analyze","i","p",false,0,-1,0,0,"NULL","NULL","NULL"],[16,"bool",11,10,1,true,"b","B",true,true,",",0,0,1000,"boolin","boolout","boolrecv","boolsend","booltypmodin","booltypmodout","boolanalyze","c","p",false,0,-1,0,0,"NULL","NULL","NULL"],[20,"int8",11,10,8,true,"b","N",false,true,",",0,0,1016,"int8in","int8out","int8recv","int8send","-","-","-","d","p",false,0,-1,0,0,"NULL","NULL","NULL"],[100003,"us_postal_code",11,10,-1,false,"d","S",false,true,",",0,0,0,"textin","textout","textrecv","textsend","-","-","-","i","e",false,25,-1,0,0,"NULL","NULL","NULL"],[1700,"numeric",11,10,-1,false,"b","N",false,true,",",0,0,1231,"numeric_in","numeric_out","numeric_recv","numeric_send","numerictypmodin","numerictypmodout","-","i","m",false,0,-1,0,0,"NULL","NULL","NULL"],[701,"float8",11,10,8,true,"b","N",true,true,",",0,0,1022,"float8in","float8out","float8recv","float8send","-","-","-","d","p",false,0,-1,0,0,"NULL","NULL","NULL"],[1043,"varchar",11,10,-1,false,"b","S",false,true,",",0,0,1015,"varcharin","varcharout","varcharrecv","varcharsend","varchartypmodin","varchartypmodout","-","i","e",false,0,-1,0,100,"NULL","NULL","NULL"],[26,"oid",11,10,4,true,"b","N",true,true,",",0,0,1028,"oidin","oidout","oidrecv","oidsend","-","-","-","i","p",false,0,-1,0,0,"NULL","NULL","NULL"],[2950,"uuid",11,10,16,false,"b","U",false,true,",",0,0,2951,"uuid_in","uuid_out","uuid_recv","uuid_send","-","-","-","c","p",false,0,-1,0,0,"NULL","NULL","NULL"],[1082,"date",11,10,4,true,"b","D",false,true,",",0,0,1182,"date_in","date_out","date_recv","date_send","-","-","-","i","p",false,0,-1,0,0,"NULL","NULL","NULL"],[1184,"timestamptz",11,10,8,true,"b","D",true,true,",",0,0,1185,"timestamptz_in","timestamptz_out","timestamptz_recv","timestamptz_send","timestamptztypmodin","timestamptztypmodout","-","d","p",false,0,-1,0,0,"NULL","NULL","NULL"],[25,"text",11,10,-1,false,"b","S",true,true,",",0,0,1009,"textin","textout","textrecv","textsend","texttypmodin","texttypmodout","textanalyze","i","e",false,0,-1,0,0,"NULL","NULL","NULL"],[114,"json",11,10,-1,false,"b","U",false,true,",",0,0,199,"json_in","json_out","json_recv","json_send","-","-","-","i","e",false,0,-1,0,0,"NULL","NULL","NULL"],[21,"int2",11,10,2,true,"b","N",false,true,",",0,0,1005,"int2in","int2out","int2recv","int2send","-","-","-","s","p",false,0,-1,0,0,"NULL","NULL","NULL"],[19,"name",11,10,64,false,"b","S",false,true,",",0,0,1003,"namein","nameout","namerecv","namesend","-","-","-","c","p",false,0,-1,0,950,"NULL","NULL","NULL"],[1042,"bpchar",11,10,-1,false,"b","S",false,true,",",0,0,1014,"bpcharin","bpcharout","bpcharrecv","bpcharsend","bpchartypmodin","bpchartypmodout","-","i","e",false,0,-1,0,100,"NULL","NULL","NULL"],[24,"regproc",11,10,4,true,"b","N",false,true,",",0,0,1008,"regprocin","regprocout","regprocrecv","regprocsend","-","-","-","i","p",false,0,-1,0,0,"NULL","NULL","NULL"],[1083,"time",11,10,8,true,"b","D",false,true,",",0,0,1183,"time_in","time_out","time_recv","time_send","timetypmodin","timetypmodout","-","d","p",false,0,-1,0,0,"NULL","NULL","NULL"]],"Columns":[{"Idx":1,"Name":"oid","Type":1,"TableIdentifier":"","OriginalTableName":""},{"Idx":2,"Name":"typname","Type":0,"TableIdentifier":"","OriginalTableName":""},{"Idx":3,"Name":"typnamespace","Type":1,"TableIdentifier":"","OriginalTableName":""},{"Idx":4,"Name":"typowner","Type":1,"TableIdentifier":"","OriginalTableName":""},{"Idx":5,"Name":"typlen","Type":1,"TableIdentifier":"","OriginalTableName":""},{"Idx":6,"Name":"typbyval","Type":0,"TableIdentifier":"","OriginalTableName":""},{"Idx":7,"Name":"typtype","Type":0,"TableIdentifier":"","OriginalTableName":""},{"Idx":8,"Name":"typcategory","Type":0,"TableIdentifier":"","OriginalTableName":""},{"Idx":9,"Name":"typispreferred","Type":0,"TableIdentifier":"","OriginalTableName":""},{"Idx":10,"Name":"typisdefined","Type":0,"TableIdentifier":"","OriginalTableName":""},{"Idx":11,"Name":"typdelim","Type":0,"TableIdentifier":"","OriginalTableName":""},{"Idx":12,"Name":"typrelid","Type":1,"TableIdentifier":"","OriginalTableName":""},{"Idx":13,"Name":"typelem","Type":1,"TableIdentifier":"","OriginalTableName":""},{"Idx":14,"Name":"typarray","Type":1,"TableIdentifier":"","OriginalTableName":""},{"Idx":15,"Name":"typinput","Type":0,"TableIdentifier":"","OriginalTableName":""},{"Idx":16,"Name":"typoutput","Type":0,"TableIdentifier":"","OriginalTableName":""},{"Idx":17,"Name":"typreceive","Type":0,"TableIdentifier":"","OriginalTableName":""},{"Idx":18,"Name":"typsend","Type":0,"TableIdentifier":"","OriginalTableName":""},{"Idx":19,"Name":"typmodin","Type":0,"TableIdentifier":"","OriginalTableName":""},{"Idx":20,"Name":"typmodout","Type":0,"TableIdentifier":"","OriginalTableName":""},{"Idx":21,"Name":"typanalyze","Type":0,"TableIdentifier":"","OriginalTableName":""},{"Idx":22,"Name":"typalign","Type":0,"TableIdentifier":"","OriginalTableName":""},{"Idx":23,"Name":"typstorage","Type":0,"TableIdentifier":"","OriginalTableName":""},{"Idx":24,"Name":"typnotnull","Type":0,"TableIdentifier":"","OriginalTableName":""},{"Idx":25,"Name":"typbasetype","Type":1,"TableIdentifier":"","OriginalTableName":""},{"Idx":26,"Name":"typtypmod","Type":1,"TableIdentifier":"","OriginalTableName":""},{"Idx":27,"Name":"typndims","Type":1,"TableIdentifier":"","OriginalTableName":""},{"Idx":28,"Name":"typcollation","Type":1,"TableIdentifier":"","OriginalTableName":""},{"Idx":29,"Name":"typdefaultbin","Type":0,"TableIdentifier":"","OriginalTableName":""},{"Idx":30,"Name":"typdefault","Type":0,"TableIdentifier":"","OriginalTableName":""},{"Idx":31,"Name":"typacl","Type":0,"TableIdentifier":"","OriginalTableName":""}]}}
2026-02-28T14:56:21.939+0300	DEBUG	logger/zap_logger.go:71	scan result	{"rows": 25, "cols": 31}
2026-02-28T14:56:21.944+0300	DEBUG	logger/zap_logger.go:96	Column nspname (qualified: nsp.nspname) not found in row context
2026-02-28T14:56:21.945+0300	DEBUG	logger/zap_logger.go:96	CASE condition: nsp.nspnamein('pg_catalog','public'), value: &{false} (type: *rmodels.BoolExpression)
2026-02-28T14:56:21.945+0300	DEBUG	logger/zap_logger.go:96	CASE condition evaluated to: false
2026-02-28T14:56:21.945+0300	DEBUG	logger/zap_logger.go:96	Column nspname (qualified: nsp.nspname) not found in row context
2026-02-28T14:56:21.945+0300	DEBUG	logger/zap_logger.go:96	Concatenated result: &{%!s(*table.ExecuteResult=&{[[<nil>.bool]] [{0  0  }]})}

2026-02-28T14:56:21.945+0300	DEBUG	logger/zap_logger.go:96	CASE ELSE result: &{0x14000918ff0}
2026-02-28T14:56:21.945+0300	DEBUG	logger/zap_logger.go:96	Column nspname (qualified: nsp.nspname) not found in row context
2026-02-28T14:56:21.945+0300	DEBUG	logger/zap_logger.go:96	CASE condition: nsp.nspnamein('pg_catalog','public'), value: &{false} (type: *rmodels.BoolExpression)
2026-02-28T14:56:21.945+0300	DEBUG	logger/zap_logger.go:96	CASE condition evaluated to: false
2026-02-28T14:56:21.945+0300	DEBUG	logger/zap_logger.go:96	Column nspname (qualified: nsp.nspname) not found in row context
2026-02-28T14:56:21.945+0300	DEBUG	logger/zap_logger.go:96	Concatenated result: &{%!s(*table.ExecuteResult=&{[[<nil>.char]] [{0  0  }]})}

2026-02-28T14:56:21.945+0300	DEBUG	logger/zap_logger.go:96	CASE ELSE result: &{0x140009191d0}
2026-02-28T14:56:21.945+0300	DEBUG	logger/zap_logger.go:96	Column nspname (qualified: nsp.nspname) not found in row context
2026-02-28T14:56:21.945+0300	DEBUG	logger/zap_logger.go:96	CASE condition: nsp.nspnamein('pg_catalog','public'), value: &{false} (type: *rmodels.BoolExpression)
2026-02-28T14:56:21.945+0300	DEBUG	logger/zap_logger.go:96	CASE condition evaluated to: false
2026-02-28T14:56:21.945+0300	DEBUG	logger/zap_logger.go:96	Column nspname (qualified: nsp.nspname) not found in row context
2026-02-28T14:56:21.945+0300	DEBUG	logger/zap_logger.go:96	Concatenated result: &{%!s(*table.ExecuteResult=&{[[<nil>.jsonb]] [{0  0  }]})}

2026-02-28T14:56:21.945+0300	DEBUG	logger/zap_logger.go:96	CASE ELSE result: &{0x14000919410}
2026-02-28T14:56:21.945+0300	DEBUG	logger/zap_logger.go:96	Column nspname (qualified: nsp.nspname) not found in row context
2026-02-28T14:56:21.945+0300	DEBUG	logger/zap_logger.go:96	CASE condition: nsp.nspnamein('pg_catalog','public'), value: &{false} (type: *rmodels.BoolExpression)
2026-02-28T14:56:21.945+0300	DEBUG	logger/zap_logger.go:96	CASE condition evaluated to: false
2026-02-28T14:56:21.945+0300	DEBUG	logger/zap_logger.go:96	Column nspname (qualified: nsp.nspname) not found in row context
2026-02-28T14:56:21.945+0300	DEBUG	logger/zap_logger.go:96	Concatenated result: &{%!s(*table.ExecuteResult=&{[[<nil>.date]] [{0  0  }]})}

2026-02-28T14:56:21.945+0300	DEBUG	logger/zap_logger.go:96	CASE ELSE result: &{0x14000919650}
2026-02-28T14:56:21.945+0300	DEBUG	logger/zap_logger.go:96	Column nspname (qualified: nsp.nspname) not found in row context
2026-02-28T14:56:21.945+0300	DEBUG	logger/zap_logger.go:96	CASE condition: nsp.nspnamein('pg_catalog','public'), value: &{false} (type: *rmodels.BoolExpression)
2026-02-28T14:56:21.945+0300	DEBUG	logger/zap_logger.go:96	CASE condition evaluated to: false
2026-02-28T14:56:21.945+0300	DEBUG	logger/zap_logger.go:96	Column nspname (qualified: nsp.nspname) not found in row context
2026-02-28T14:56:21.945+0300	DEBUG	logger/zap_logger.go:96	Concatenated result: &{%!s(*table.ExecuteResult=&{[[<nil>.time]] [{0  0  }]})}

2026-02-28T14:56:21.945+0300	DEBUG	logger/zap_logger.go:96	CASE ELSE result: &{0x14000919830}
2026-02-28T14:56:21.945+0300	DEBUG	logger/zap_logger.go:96	Column nspname (qualified: nsp.nspname) not found in row context
2026-02-28T14:56:21.945+0300	DEBUG	logger/zap_logger.go:96	CASE condition: nsp.nspnamein('pg_catalog','public'), value: &{false} (type: *rmodels.BoolExpression)
2026-02-28T14:56:21.945+0300	DEBUG	logger/zap_logger.go:96	CASE condition evaluated to: false
2026-02-28T14:56:21.945+0300	DEBUG	logger/zap_logger.go:96	Column nspname (qualified: nsp.nspname) not found in row context
2026-02-28T14:56:21.945+0300	DEBUG	logger/zap_logger.go:96	Concatenated result: &{%!s(*table.ExecuteResult=&{[[<nil>.regproc]] [{0  0  }]})}

2026-02-28T14:56:21.945+0300	DEBUG	logger/zap_logger.go:96	CASE ELSE result: &{0x14000919a10}
2026-02-28T14:56:21.945+0300	DEBUG	logger/zap_logger.go:96	Column nspname (qualified: nsp.nspname) not found in row context
2026-02-28T14:56:21.945+0300	DEBUG	logger/zap_logger.go:96	CASE condition: nsp.nspnamein('pg_catalog','public'), value: &{false} (type: *rmodels.BoolExpression)
2026-02-28T14:56:21.945+0300	DEBUG	logger/zap_logger.go:96	CASE condition evaluated to: false
2026-02-28T14:56:21.945+0300	DEBUG	logger/zap_logger.go:96	Column nspname (qualified: nsp.nspname) not found in row context
2026-02-28T14:56:21.945+0300	DEBUG	logger/zap_logger.go:96	Concatenated result: &{%!s(*table.ExecuteResult=&{[[<nil>.int4]] [{0  0  }]})}

2026-02-28T14:56:21.945+0300	DEBUG	logger/zap_logger.go:96	CASE ELSE result: &{0x14000919bf0}
2026-02-28T14:56:21.945+0300	DEBUG	logger/zap_logger.go:96	Column nspname (qualified: nsp.nspname) not found in row context
2026-02-28T14:56:21.945+0300	DEBUG	logger/zap_logger.go:96	CASE condition: nsp.nspnamein('pg_catalog','public'), value: &{false} (type: *rmodels.BoolExpression)
2026-02-28T14:56:21.945+0300	DEBUG	logger/zap_logger.go:96	CASE condition evaluated to: false
2026-02-28T14:56:21.945+0300	DEBUG	logger/zap_logger.go:96	Column nspname (qualified: nsp.nspname) not found in row context
2026-02-28T14:56:21.945+0300	DEBUG	logger/zap_logger.go:96	Concatenated result: &{%!s(*table.ExecuteResult=&{[[<nil>.varchar]] [{0  0  }]})}

2026-02-28T14:56:21.945+0300	DEBUG	logger/zap_logger.go:96	CASE ELSE result: &{0x14000919dd0}
2026-02-28T14:56:21.945+0300	DEBUG	logger/zap_logger.go:96	Column nspname (qualified: nsp.nspname) not found in row context
2026-02-28T14:56:21.945+0300	DEBUG	logger/zap_logger.go:96	CASE condition: nsp.nspnamein('pg_catalog','public'), value: &{false} (type: *rmodels.BoolExpression)
2026-02-28T14:56:21.945+0300	DEBUG	logger/zap_logger.go:96	CASE condition evaluated to: false
2026-02-28T14:56:21.945+0300	DEBUG	logger/zap_logger.go:96	Column nspname (qualified: nsp.nspname) not found in row context
2026-02-28T14:56:21.945+0300	DEBUG	logger/zap_logger.go:96	Concatenated result: &{%!s(*table.ExecuteResult=&{[[<nil>.name]] [{0  0  }]})}

2026-02-28T14:56:21.945+0300	DEBUG	logger/zap_logger.go:96	CASE ELSE result: &{0x14000497020}
2026-02-28T14:56:21.945+0300	DEBUG	logger/zap_logger.go:96	Column nspname (qualified: nsp.nspname) not found in row context
2026-02-28T14:56:21.945+0300	DEBUG	logger/zap_logger.go:96	CASE condition: nsp.nspnamein('pg_catalog','public'), value: &{false} (type: *rmodels.BoolExpression)
2026-02-28T14:56:21.946+0300	DEBUG	logger/zap_logger.go:96	CASE condition evaluated to: false
2026-02-28T14:56:21.946+0300	DEBUG	logger/zap_logger.go:96	Column nspname (qualified: nsp.nspname) not found in row context
2026-02-28T14:56:21.946+0300	DEBUG	logger/zap_logger.go:96	Concatenated result: &{%!s(*table.ExecuteResult=&{[[<nil>.text]] [{0  0  }]})}

2026-02-28T14:56:21.946+0300	DEBUG	logger/zap_logger.go:96	CASE ELSE result: &{0x14000497290}
2026-02-28T14:56:21.946+0300	DEBUG	logger/zap_logger.go:96	Column nspname (qualified: nsp.nspname) not found in row context
2026-02-28T14:56:21.946+0300	DEBUG	logger/zap_logger.go:96	CASE condition: nsp.nspnamein('pg_catalog','public'), value: &{false} (type: *rmodels.BoolExpression)
2026-02-28T14:56:21.946+0300	DEBUG	logger/zap_logger.go:96	CASE condition evaluated to: false
2026-02-28T14:56:21.946+0300	DEBUG	logger/zap_logger.go:96	Column nspname (qualified: nsp.nspname) not found in row context
2026-02-28T14:56:21.946+0300	DEBUG	logger/zap_logger.go:96	Concatenated result: &{%!s(*table.ExecuteResult=&{[[<nil>.bpchar]] [{0  0  }]})}

2026-02-28T14:56:21.946+0300	DEBUG	logger/zap_logger.go:96	CASE ELSE result: &{0x14000497470}
2026-02-28T14:56:21.946+0300	DEBUG	logger/zap_logger.go:96	Column nspname (qualified: nsp.nspname) not found in row context
2026-02-28T14:56:21.946+0300	DEBUG	logger/zap_logger.go:96	CASE condition: nsp.nspnamein('pg_catalog','public'), value: &{false} (type: *rmodels.BoolExpression)
2026-02-28T14:56:21.946+0300	DEBUG	logger/zap_logger.go:96	CASE condition evaluated to: false
2026-02-28T14:56:21.946+0300	DEBUG	logger/zap_logger.go:96	Column nspname (qualified: nsp.nspname) not found in row context
2026-02-28T14:56:21.946+0300	DEBUG	logger/zap_logger.go:96	Concatenated result: &{%!s(*table.ExecuteResult=&{[[<nil>.us_postal_code]] [{0  0  }]})}

2026-02-28T14:56:21.946+0300	DEBUG	logger/zap_logger.go:96	CASE ELSE result: &{0x14000497650}
2026-02-28T14:56:21.946+0300	DEBUG	logger/zap_logger.go:96	Column nspname (qualified: nsp.nspname) not found in row context
2026-02-28T14:56:21.946+0300	DEBUG	logger/zap_logger.go:96	CASE condition: nsp.nspnamein('pg_catalog','public'), value: &{false} (type: *rmodels.BoolExpression)
2026-02-28T14:56:21.946+0300	DEBUG	logger/zap_logger.go:96	CASE condition evaluated to: false
2026-02-28T14:56:21.946+0300	DEBUG	logger/zap_logger.go:96	Column nspname (qualified: nsp.nspname) not found in row context
2026-02-28T14:56:21.946+0300	DEBUG	logger/zap_logger.go:96	Concatenated result: &{%!s(*table.ExecuteResult=&{[[<nil>.int2]] [{0  0  }]})}

2026-02-28T14:56:21.946+0300	DEBUG	logger/zap_logger.go:96	CASE ELSE result: &{0x14000497860}
2026-02-28T14:56:21.946+0300	DEBUG	logger/zap_logger.go:96	Column nspname (qualified: nsp.nspname) not found in row context
2026-02-28T14:56:21.946+0300	DEBUG	logger/zap_logger.go:96	CASE condition: nsp.nspnamein('pg_catalog','public'), value: &{false} (type: *rmodels.BoolExpression)
2026-02-28T14:56:21.946+0300	DEBUG	logger/zap_logger.go:96	CASE condition evaluated to: false
2026-02-28T14:56:21.946+0300	DEBUG	logger/zap_logger.go:96	Column nspname (qualified: nsp.nspname) not found in row context
2026-02-28T14:56:21.946+0300	DEBUG	logger/zap_logger.go:96	Concatenated result: &{%!s(*table.ExecuteResult=&{[[<nil>.uuid]] [{0  0  }]})}

2026-02-28T14:56:21.946+0300	DEBUG	logger/zap_logger.go:96	CASE ELSE result: &{0x14000497a40}
2026-02-28T14:56:21.946+0300	DEBUG	logger/zap_logger.go:96	Column nspname (qualified: nsp.nspname) not found in row context
2026-02-28T14:56:21.946+0300	DEBUG	logger/zap_logger.go:96	CASE condition: nsp.nspnamein('pg_catalog','public'), value: &{false} (type: *rmodels.BoolExpression)
2026-02-28T14:56:21.946+0300	DEBUG	logger/zap_logger.go:96	CASE condition evaluated to: false
2026-02-28T14:56:21.946+0300	DEBUG	logger/zap_logger.go:96	Column nspname (qualified: nsp.nspname) not found in row context
2026-02-28T14:56:21.946+0300	DEBUG	logger/zap_logger.go:96	Concatenated result: &{%!s(*table.ExecuteResult=&{[[<nil>.float8]] [{0  0  }]})}

2026-02-28T14:56:21.946+0300	DEBUG	logger/zap_logger.go:96	CASE ELSE result: &{0x14000497c50}
2026-02-28T14:56:21.946+0300	DEBUG	logger/zap_logger.go:96	Column nspname (qualified: nsp.nspname) not found in row context
2026-02-28T14:56:21.946+0300	DEBUG	logger/zap_logger.go:96	CASE condition: nsp.nspnamein('pg_catalog','public'), value: &{false} (type: *rmodels.BoolExpression)
2026-02-28T14:56:21.946+0300	DEBUG	logger/zap_logger.go:96	CASE condition evaluated to: false
2026-02-28T14:56:21.946+0300	DEBUG	logger/zap_logger.go:96	Column nspname (qualified: nsp.nspname) not found in row context
2026-02-28T14:56:21.946+0300	DEBUG	logger/zap_logger.go:96	Concatenated result: &{%!s(*table.ExecuteResult=&{[[<nil>.json]] [{0  0  }]})}

2026-02-28T14:56:21.946+0300	DEBUG	logger/zap_logger.go:96	CASE ELSE result: &{0x14000497e30}
2026-02-28T14:56:21.946+0300	DEBUG	logger/zap_logger.go:96	Column nspname (qualified: nsp.nspname) not found in row context
2026-02-28T14:56:21.946+0300	DEBUG	logger/zap_logger.go:96	CASE condition: nsp.nspnamein('pg_catalog','public'), value: &{false} (type: *rmodels.BoolExpression)
2026-02-28T14:56:21.946+0300	DEBUG	logger/zap_logger.go:96	CASE condition evaluated to: false
2026-02-28T14:56:21.946+0300	DEBUG	logger/zap_logger.go:96	Column nspname (qualified: nsp.nspname) not found in row context
2026-02-28T14:56:21.946+0300	DEBUG	logger/zap_logger.go:96	Concatenated result: &{%!s(*table.ExecuteResult=&{[[<nil>.timestamptz]] [{0  0  }]})}

2026-02-28T14:56:21.946+0300	DEBUG	logger/zap_logger.go:96	CASE ELSE result: &{0x14000224090}
2026-02-28T14:56:21.946+0300	DEBUG	logger/zap_logger.go:96	Column nspname (qualified: nsp.nspname) not found in row context
2026-02-28T14:56:21.946+0300	DEBUG	logger/zap_logger.go:96	CASE condition: nsp.nspnamein('pg_catalog','public'), value: &{false} (type: *rmodels.BoolExpression)
2026-02-28T14:56:21.946+0300	DEBUG	logger/zap_logger.go:96	CASE condition evaluated to: false
2026-02-28T14:56:21.946+0300	DEBUG	logger/zap_logger.go:96	Column nspname (qualified: nsp.nspname) not found in row context
2026-02-28T14:56:21.946+0300	DEBUG	logger/zap_logger.go:96	Concatenated result: &{%!s(*table.ExecuteResult=&{[[<nil>.numeric]] [{0  0  }]})}

2026-02-28T14:56:21.946+0300	DEBUG	logger/zap_logger.go:96	CASE ELSE result: &{0x140002242a0}
2026-02-28T14:56:21.946+0300	DEBUG	logger/zap_logger.go:96	Column nspname (qualified: nsp.nspname) not found in row context
2026-02-28T14:56:21.946+0300	DEBUG	logger/zap_logger.go:96	CASE condition: nsp.nspnamein('pg_catalog','public'), value: &{false} (type: *rmodels.BoolExpression)
2026-02-28T14:56:21.946+0300	DEBUG	logger/zap_logger.go:96	CASE condition evaluated to: false
2026-02-28T14:56:21.946+0300	DEBUG	logger/zap_logger.go:96	Column nspname (qualified: nsp.nspname) not found in row context
2026-02-28T14:56:21.946+0300	DEBUG	logger/zap_logger.go:96	Concatenated result: &{%!s(*table.ExecuteResult=&{[[<nil>.bytea]] [{0  0  }]})}

2026-02-28T14:56:21.946+0300	DEBUG	logger/zap_logger.go:96	CASE ELSE result: &{0x14000224480}
2026-02-28T14:56:21.946+0300	DEBUG	logger/zap_logger.go:96	Column nspname (qualified: nsp.nspname) not found in row context
2026-02-28T14:56:21.946+0300	DEBUG	logger/zap_logger.go:96	CASE condition: nsp.nspnamein('pg_catalog','public'), value: &{false} (type: *rmodels.BoolExpression)
2026-02-28T14:56:21.946+0300	DEBUG	logger/zap_logger.go:96	CASE condition evaluated to: false
2026-02-28T14:56:21.946+0300	DEBUG	logger/zap_logger.go:96	Column nspname (qualified: nsp.nspname) not found in row context
2026-02-28T14:56:21.946+0300	DEBUG	logger/zap_logger.go:96	Concatenated result: &{%!s(*table.ExecuteResult=&{[[<nil>.int8]] [{0  0  }]})}

2026-02-28T14:56:21.946+0300	DEBUG	logger/zap_logger.go:96	CASE ELSE result: &{0x140002246c0}
2026-02-28T14:56:21.946+0300	DEBUG	logger/zap_logger.go:96	Column nspname (qualified: nsp.nspname) not found in row context
2026-02-28T14:56:21.946+0300	DEBUG	logger/zap_logger.go:96	CASE condition: nsp.nspnamein('pg_catalog','public'), value: &{false} (type: *rmodels.BoolExpression)
2026-02-28T14:56:21.946+0300	DEBUG	logger/zap_logger.go:96	CASE condition evaluated to: false
2026-02-28T14:56:21.946+0300	DEBUG	logger/zap_logger.go:96	Column nspname (qualified: nsp.nspname) not found in row context
2026-02-28T14:56:21.946+0300	DEBUG	logger/zap_logger.go:96	Concatenated result: &{%!s(*table.ExecuteResult=&{[[<nil>.positive_int]] [{0  0  }]})}

2026-02-28T14:56:21.946+0300	DEBUG	logger/zap_logger.go:96	CASE ELSE result: &{0x14000224930}
2026-02-28T14:56:21.946+0300	DEBUG	logger/zap_logger.go:96	Column nspname (qualified: nsp.nspname) not found in row context
2026-02-28T14:56:21.947+0300	DEBUG	logger/zap_logger.go:96	CASE condition: nsp.nspnamein('pg_catalog','public'), value: &{false} (type: *rmodels.BoolExpression)
2026-02-28T14:56:21.947+0300	DEBUG	logger/zap_logger.go:96	CASE condition evaluated to: false
2026-02-28T14:56:21.947+0300	DEBUG	logger/zap_logger.go:96	Column nspname (qualified: nsp.nspname) not found in row context
2026-02-28T14:56:21.947+0300	DEBUG	logger/zap_logger.go:96	Concatenated result: &{%!s(*table.ExecuteResult=&{[[<nil>.float4]] [{0  0  }]})}

2026-02-28T14:56:21.947+0300	DEBUG	logger/zap_logger.go:96	CASE ELSE result: &{0x14000224ba0}
2026-02-28T14:56:21.947+0300	DEBUG	logger/zap_logger.go:96	Column nspname (qualified: nsp.nspname) not found in row context
2026-02-28T14:56:21.947+0300	DEBUG	logger/zap_logger.go:96	CASE condition: nsp.nspnamein('pg_catalog','public'), value: &{false} (type: *rmodels.BoolExpression)
2026-02-28T14:56:21.947+0300	DEBUG	logger/zap_logger.go:96	CASE condition evaluated to: false
2026-02-28T14:56:21.947+0300	DEBUG	logger/zap_logger.go:96	Column nspname (qualified: nsp.nspname) not found in row context
2026-02-28T14:56:21.947+0300	DEBUG	logger/zap_logger.go:96	Concatenated result: &{%!s(*table.ExecuteResult=&{[[<nil>.email_address]] [{0  0  }]})}

2026-02-28T14:56:21.947+0300	DEBUG	logger/zap_logger.go:96	CASE ELSE result: &{0x14000224e40}
2026-02-28T14:56:21.947+0300	DEBUG	logger/zap_logger.go:96	Column nspname (qualified: nsp.nspname) not found in row context
2026-02-28T14:56:21.947+0300	DEBUG	logger/zap_logger.go:96	CASE condition: nsp.nspnamein('pg_catalog','public'), value: &{false} (type: *rmodels.BoolExpression)
2026-02-28T14:56:21.947+0300	DEBUG	logger/zap_logger.go:96	CASE condition evaluated to: false
2026-02-28T14:56:21.947+0300	DEBUG	logger/zap_logger.go:96	Column nspname (qualified: nsp.nspname) not found in row context
2026-02-28T14:56:21.947+0300	DEBUG	logger/zap_logger.go:96	Concatenated result: &{%!s(*table.ExecuteResult=&{[[<nil>.timestamp]] [{0  0  }]})}

2026-02-28T14:56:21.947+0300	DEBUG	logger/zap_logger.go:96	CASE ELSE result: &{0x14000225110}
2026-02-28T14:56:21.947+0300	DEBUG	logger/zap_logger.go:96	Column nspname (qualified: nsp.nspname) not found in row context
2026-02-28T14:56:21.947+0300	DEBUG	logger/zap_logger.go:96	CASE condition: nsp.nspnamein('pg_catalog','public'), value: &{false} (type: *rmodels.BoolExpression)
2026-02-28T14:56:21.947+0300	DEBUG	logger/zap_logger.go:96	CASE condition evaluated to: false
2026-02-28T14:56:21.947+0300	DEBUG	logger/zap_logger.go:96	Column nspname (qualified: nsp.nspname) not found in row context
2026-02-28T14:56:21.947+0300	DEBUG	logger/zap_logger.go:96	Concatenated result: &{%!s(*table.ExecuteResult=&{[[<nil>.oid]] [{0  0  }]})}

2026-02-28T14:56:21.947+0300	DEBUG	logger/zap_logger.go:96	CASE ELSE result: &{0x14000225350}
2026-02-28T14:56:21.947+0300	DEBUG	logger/zap_logger.go:71	DEBUG: Sending row:	{"row": [16,"<nil>.bool"]}
2026-02-28T14:56:21.947+0300	DEBUG	logger/zap_logger.go:71	DEBUG: Sending row:	{"row": [18,"<nil>.char"]}
2026-02-28T14:56:21.947+0300	DEBUG	logger/zap_logger.go:71	DEBUG: Sending row:	{"row": [3802,"<nil>.jsonb"]}
2026-02-28T14:56:21.947+0300	DEBUG	logger/zap_logger.go:71	DEBUG: Sending row:	{"row": [1082,"<nil>.date"]}
2026-02-28T14:56:21.947+0300	DEBUG	logger/zap_logger.go:71	DEBUG: Sending row:	{"row": [1083,"<nil>.time"]}
2026-02-28T14:56:21.947+0300	DEBUG	logger/zap_logger.go:71	DEBUG: Sending row:	{"row": [24,"<nil>.regproc"]}
2026-02-28T14:56:21.947+0300	DEBUG	logger/zap_logger.go:71	DEBUG: Sending row:	{"row": [23,"<nil>.int4"]}
2026-02-28T14:56:21.947+0300	DEBUG	logger/zap_logger.go:71	DEBUG: Sending row:	{"row": [1043,"<nil>.varchar"]}
2026-02-28T14:56:21.947+0300	DEBUG	logger/zap_logger.go:71	DEBUG: Sending row:	{"row": [19,"<nil>.name"]}
2026-02-28T14:56:21.947+0300	DEBUG	logger/zap_logger.go:71	DEBUG: Sending row:	{"row": [25,"<nil>.text"]}
2026-02-28T14:56:21.947+0300	DEBUG	logger/zap_logger.go:71	DEBUG: Sending row:	{"row": [1042,"<nil>.bpchar"]}
2026-02-28T14:56:21.947+0300	DEBUG	logger/zap_logger.go:71	DEBUG: Sending row:	{"row": [100003,"<nil>.us_postal_code"]}
2026-02-28T14:56:21.947+0300	DEBUG	logger/zap_logger.go:71	DEBUG: Sending row:	{"row": [21,"<nil>.int2"]}
2026-02-28T14:56:21.947+0300	DEBUG	logger/zap_logger.go:71	DEBUG: Sending row:	{"row": [2950,"<nil>.uuid"]}
2026-02-28T14:56:21.947+0300	DEBUG	logger/zap_logger.go:71	DEBUG: Sending row:	{"row": [701,"<nil>.float8"]}
2026-02-28T14:56:21.947+0300	DEBUG	logger/zap_logger.go:71	DEBUG: Sending row:	{"row": [114,"<nil>.json"]}
2026-02-28T14:56:21.947+0300	DEBUG	logger/zap_logger.go:71	DEBUG: Sending row:	{"row": [1184,"<nil>.timestamptz"]}
2026-02-28T14:56:21.947+0300	DEBUG	logger/zap_logger.go:71	DEBUG: Sending row:	{"row": [1700,"<nil>.numeric"]}
2026-02-28T14:56:21.947+0300	DEBUG	logger/zap_logger.go:71	DEBUG: Sending row:	{"row": [17,"<nil>.bytea"]}
2026-02-28T14:56:21.947+0300	DEBUG	logger/zap_logger.go:71	DEBUG: Sending row:	{"row": [20,"<nil>.int8"]}
2026-02-28T14:56:21.948+0300	DEBUG	logger/zap_logger.go:71	DEBUG: Sending row:	{"row": [100001,"<nil>.positive_int"]}
2026-02-28T14:56:21.948+0300	DEBUG	logger/zap_logger.go:71	DEBUG: Sending row:	{"row": [700,"<nil>.float4"]}
2026-02-28T14:56:21.948+0300	DEBUG	logger/zap_logger.go:71	DEBUG: Sending row:	{"row": [100002,"<nil>.email_address"]}
2026-02-28T14:56:21.948+0300	DEBUG	logger/zap_logger.go:71	DEBUG: Sending row:	{"row": [1114,"<nil>.timestamp"]}
2026-02-28T14:56:21.948+0300	DEBUG	logger/zap_logger.go:71	DEBUG: Sending row:	{"row": [26,"<nil>.oid"]}
2026-02-28T14:57:47.744+0300	INFO	logger/zap_logger.go:76	Using in-memory store
2026-02-28T14:57:47.745+0300	DEBUG	logger/zap_logger.go:96	Registering functions for plugin base: [0x14000114768 0x14000114770 0x14000114778 0x14000114780 0x14000114788 0x14000114790 0x14000114798 0x140001147a0 0x140001147a8 0x140001147b0 0x140001147b8 0x140001147c0 0x140001147c8 0x140001147d0]

2026-02-28T14:57:47.745+0300	INFO	logger/zap_logger.go:76	Plugins registered
2026-02-28T14:57:47.745+0300	INFO	logger/zap_logger.go:76	Initializing system tables...
2026-02-28T14:57:47.745+0300	INFO	logger/zap_logger.go:101	Executing system initialization file: 0001_information_schema.sql
2026-02-28T14:57:47.745+0300	DEBUG	logger/zap_logger.go:96	Executing: -- information_schema global system schema

CREATE TABLE IF NOT EXISTS information_schema.tables (
    table_schema TEXT,
    table_name TEXT,
    table_type TEXT,
    PRIMARY KEY (table_schema, table_name)
)
2026-02-28T14:57:47.745+0300	INFO	logger/zap_logger.go:76	[SynchronizerVClock] Sync complete	{"nodeID": "node1"}
2026-02-28T14:57:47.748+0300	DEBUG	logger/zap_logger.go:96	DEBUG: Parsed statement type: CREATE_TABLE

2026-02-28T14:57:47.748+0300	DEBUG	logger/zap_logger.go:96	Executing: 

INSERT INTO information_schema.tables (table_schema, table_name, table_type) VALUES
    ('information_schema', 'tables', 'BASE TABLE'),
    ('information_schema', 'columns', 'BASE TABLE'),
    ('information_schema', 'schemata', 'BASE TABLE')
2026-02-28T14:57:47.748+0300	INFO	logger/zap_logger.go:76	[SynchronizerVClock] Loaded key	{"key": "schema:testdb:information_schema:tables:", "value": "{\"Name\":\"information_schema.tables\",\"Columns\":{\"table_name\":{\"Type\":0,\"IsNullable\":false,\"DefaultValue\":null,\"IsSerial\":false,\"IsUnique\":false,\"Idx\":2},\"table_schema\":{\"Type\":0,\"IsNullable\":false,\"DefaultValue\":null,\"IsSerial\":false,\"IsUnique\":false,\"Idx\":1},\"table_type\":{\"Type\":0,\"IsNullable\":true,\"DefaultValue\":null,\"IsSerial\":false,\"IsUnique\":false,\"Idx\":3}},\"PrimaryKeys\":[1,2]}", "vclock": {"node1":1}}
2026-02-28T14:57:47.749+0300	DEBUG	logger/zap_logger.go:96	DEBUG: Parsed statement type: INSERT

2026-02-28T14:57:47.749+0300	DEBUG	logger/zap_logger.go:96	DEBUG: Insert into information_schema.tables: [[information_schema tables BASE TABLE] [information_schema columns BASE TABLE] [information_schema schemata BASE TABLE]]

2026-02-28T14:57:47.749+0300	DEBUG	logger/zap_logger.go:71	DEBUG: Table metadata:	{"meta": {"Name":"information_schema.tables","Columns":{"table_name":{"Type":0,"IsNullable":false,"DefaultValue":null,"IsSerial":false,"IsUnique":false,"Idx":2},"table_schema":{"Type":0,"IsNullable":false,"DefaultValue":null,"IsSerial":false,"IsUnique":false,"Idx":1},"table_type":{"Type":0,"IsNullable":true,"DefaultValue":null,"IsSerial":false,"IsUnique":false,"Idx":3}},"PrimaryKeys":[1,2]}}
2026-02-28T14:57:47.749+0300	DEBUG	logger/zap_logger.go:71	DEBUG: Saved row: 	{"rowKey": "testdb:information_schema:tables:row:information_schematables:", "rowData": "[\"information_schema\",\"tables\",\"BASE TABLE\"]"}
2026-02-28T14:57:47.749+0300	DEBUG	logger/zap_logger.go:71	DEBUG: Saved row: 	{"rowKey": "testdb:information_schema:tables:row:information_schemacolumns:", "rowData": "[\"information_schema\",\"columns\",\"BASE TABLE\"]"}
2026-02-28T14:57:47.749+0300	DEBUG	logger/zap_logger.go:71	DEBUG: Saved row: 	{"rowKey": "testdb:information_schema:tables:row:information_schemaschemata:", "rowData": "[\"information_schema\",\"schemata\",\"BASE TABLE\"]"}
2026-02-28T14:57:47.749+0300	INFO	logger/zap_logger.go:76	[SynchronizerVClock] Loaded key	{"key": "testdb:information_schema:tables:row:information_schematables:", "value": "[\"information_schema\",\"tables\",\"BASE TABLE\"]", "vclock": {"node1":2}}
2026-02-28T14:57:47.749+0300	DEBUG	logger/zap_logger.go:96	Executing: 

CREATE TABLE IF NOT EXISTS information_schema.columns (
    table_schema TEXT,
    table_name TEXT,
    column_name TEXT,
    original_position INT,
    column_default TEXT,
    is_nullable BOOLEAN,
    data_type TEXT,
    PRIMARY KEY (table_schema, table_name, column_name)
)
2026-02-28T14:57:47.749+0300	INFO	logger/zap_logger.go:76	[SynchronizerVClock] Loaded key	{"key": "testdb:information_schema:tables:row:information_schemacolumns:", "value": "[\"information_schema\",\"columns\",\"BASE TABLE\"]", "vclock": {"node1":3}}
2026-02-28T14:57:47.749+0300	INFO	logger/zap_logger.go:76	[SynchronizerVClock] Loaded key	{"key": "testdb:information_schema:tables:row:information_schemaschemata:", "value": "[\"information_schema\",\"schemata\",\"BASE TABLE\"]", "vclock": {"node1":4}}
2026-02-28T14:57:47.750+0300	DEBUG	logger/zap_logger.go:96	DEBUG: Parsed statement type: CREATE_TABLE

2026-02-28T14:57:47.750+0300	DEBUG	logger/zap_logger.go:96	Executing: 

INSERT INTO information_schema.columns (table_schema, table_name, column_name, original_position, is_nullable, data_type) VALUES
    ('information_schema', 'tables', 'table_schema', 1, FALSE, 'TEXT'),
    ('information_schema', 'tables', 'table_name', 2, FALSE, 'TEXT'),
    ('information_schema', 'tables', 'table_type', 3, FALSE, 'TEXT'),
    ('information_schema', 'columns', 'table_schema', 1, FALSE, 'TEXT'),
    ('information_schema', 'columns', 'table_name', 2, FALSE, 'TEXT'),
    ('information_schema', 'columns', 'column_name', 3, FALSE, 'TEXT'),
    ('information_schema', 'columns', 'original_position', 4, FALSE, 'INT'),
    ('information_schema', 'columns', 'column_default', 5, TRUE, 'TEXT'),
    ('information_schema', 'columns', 'is_nullable', 6, FALSE, 'BOOLEAN'),
    ('information_schema', 'columns', 'data_type', 7, FALSE, 'TEXT'),
    ('information_schema', 'schemata', 'catalog_name', 1, FALSE, 'TEXT'),
    ('information_schema', 'schemata', 'schema_name', 2, FALSE, 'TEXT'),
    ('information_schema', 'schemata', 'schema_owner', 3, FALSE, 'TEXT'),
    ('information_schema', 'schemata', 'default_character_set_catalog', 4, TRUE, 'TEXT'),
    ('information_schema', 'schemata', 'default_character_set_schema', 5, TRUE, 'TEXT'),
    ('information_schema', 'schemata', 'default_character_set_name', 6, TRUE, 'TEXT'),
    ('information_schema', 'schemata', 'sql_path', 7, TRUE, 'TEXT')
2026-02-28T14:57:47.750+0300	INFO	logger/zap_logger.go:76	[SynchronizerVClock] Loaded key	{"key": "schema:testdb:information_schema:columns:", "value": "{\"Name\":\"information_schema.columns\",\"Columns\":{\"column_default\":{\"Type\":0,\"IsNullable\":true,\"DefaultValue\":null,\"IsSerial\":false,\"IsUnique\":false,\"Idx\":5},\"column_name\":{\"Type\":0,\"IsNullable\":false,\"DefaultValue\":null,\"IsSerial\":false,\"IsUnique\":false,\"Idx\":3},\"data_type\":{\"Type\":0,\"IsNullable\":true,\"DefaultValue\":null,\"IsSerial\":false,\"IsUnique\":false,\"Idx\":7},\"is_nullable\":{\"Type\":0,\"IsNullable\":true,\"DefaultValue\":null,\"IsSerial\":false,\"IsUnique\":false,\"Idx\":6},\"original_position\":{\"Type\":1,\"IsNullable\":true,\"DefaultValue\":null,\"IsSerial\":false,\"IsUnique\":false,\"Idx\":4},\"table_name\":{\"Type\":0,\"IsNullable\":false,\"DefaultValue\":null,\"IsSerial\":false,\"IsUnique\":false,\"Idx\":2},\"table_schema\":{\"Type\":0,\"IsNullable\":false,\"DefaultValue\":null,\"IsSerial\":false,\"IsUnique\":false,\"Idx\":1}},\"PrimaryKeys\":[1,2,3]}", "vclock": {"node1":5}}
2026-02-28T14:57:47.751+0300	DEBUG	logger/zap_logger.go:96	DEBUG: Parsed statement type: INSERT

2026-02-28T14:57:47.751+0300	DEBUG	logger/zap_logger.go:96	DEBUG: Insert into information_schema.columns: [[information_schema tables table_schema 1 false TEXT] [information_schema tables table_name 2 false TEXT] [information_schema tables table_type 3 false TEXT] [information_schema columns table_schema 1 false TEXT] [information_schema columns table_name 2 false TEXT] [information_schema columns column_name 3 false TEXT] [information_schema columns original_position 4 false INT] [information_schema columns column_default 5 true TEXT] [information_schema columns is_nullable 6 false BOOLEAN] [information_schema columns data_type 7 false TEXT] [information_schema schemata catalog_name 1 false TEXT] [information_schema schemata schema_name 2 false TEXT] [information_schema schemata schema_owner 3 false TEXT] [information_schema schemata default_character_set_catalog 4 true TEXT] [information_schema schemata default_character_set_schema 5 true TEXT] [information_schema schemata default_character_set_name 6 true TEXT] [information_schema schemata sql_path 7 true TEXT]]

2026-02-28T14:57:47.751+0300	DEBUG	logger/zap_logger.go:71	DEBUG: Table metadata:	{"meta": {"Name":"information_schema.columns","Columns":{"column_default":{"Type":0,"IsNullable":true,"DefaultValue":null,"IsSerial":false,"IsUnique":false,"Idx":5},"column_name":{"Type":0,"IsNullable":false,"DefaultValue":null,"IsSerial":false,"IsUnique":false,"Idx":3},"data_type":{"Type":0,"IsNullable":true,"DefaultValue":null,"IsSerial":false,"IsUnique":false,"Idx":7},"is_nullable":{"Type":0,"IsNullable":true,"DefaultValue":null,"IsSerial":false,"IsUnique":false,"Idx":6},"original_position":{"Type":1,"IsNullable":true,"DefaultValue":null,"IsSerial":false,"IsUnique":false,"Idx":4},"table_name":{"Type":0,"IsNullable":false,"DefaultValue":null,"IsSerial":false,"IsUnique":false,"Idx":2},"table_schema":{"Type":0,"IsNullable":false,"DefaultValue":null,"IsSerial":false,"IsUnique":false,"Idx":1}},"PrimaryKeys":[1,2,3]}}
2026-02-28T14:57:47.751+0300	DEBUG	logger/zap_logger.go:71	DEBUG: Saved row: 	{"rowKey": "testdb:information_schema:columns:row:information_schematablestable_schema:", "rowData": "[\"information_schema\",\"tables\",\"table_schema\",1,null,false,\"TEXT\"]"}
2026-02-28T14:57:47.751+0300	DEBUG	logger/zap_logger.go:71	DEBUG: Saved row: 	{"rowKey": "testdb:information_schema:columns:row:information_schematablestable_name:", "rowData": "[\"information_schema\",\"tables\",\"table_name\",2,null,false,\"TEXT\"]"}
2026-02-28T14:57:47.751+0300	DEBUG	logger/zap_logger.go:71	DEBUG: Saved row: 	{"rowKey": "testdb:information_schema:columns:row:information_schematablestable_type:", "rowData": "[\"information_schema\",\"tables\",\"table_type\",3,null,false,\"TEXT\"]"}
2026-02-28T14:57:47.751+0300	DEBUG	logger/zap_logger.go:71	DEBUG: Saved row: 	{"rowKey": "testdb:information_schema:columns:row:information_schemacolumnstable_schema:", "rowData": "[\"information_schema\",\"columns\",\"table_schema\",1,null,false,\"TEXT\"]"}
2026-02-28T14:57:47.751+0300	DEBUG	logger/zap_logger.go:71	DEBUG: Saved row: 	{"rowKey": "testdb:information_schema:columns:row:information_schemacolumnstable_name:", "rowData": "[\"information_schema\",\"columns\",\"table_name\",2,null,false,\"TEXT\"]"}
2026-02-28T14:57:47.751+0300	DEBUG	logger/zap_logger.go:71	DEBUG: Saved row: 	{"rowKey": "testdb:information_schema:columns:row:information_schemacolumnscolumn_name:", "rowData": "[\"information_schema\",\"columns\",\"column_name\",3,null,false,\"TEXT\"]"}
2026-02-28T14:57:47.751+0300	DEBUG	logger/zap_logger.go:71	DEBUG: Saved row: 	{"rowKey": "testdb:information_schema:columns:row:information_schemacolumnsoriginal_position:", "rowData": "[\"information_schema\",\"columns\",\"original_position\",4,null,false,\"INT\"]"}
2026-02-28T14:57:47.751+0300	DEBUG	logger/zap_logger.go:71	DEBUG: Saved row: 	{"rowKey": "testdb:information_schema:columns:row:information_schemacolumnscolumn_default:", "rowData": "[\"information_schema\",\"columns\",\"column_default\",5,null,true,\"TEXT\"]"}
2026-02-28T14:57:47.751+0300	DEBUG	logger/zap_logger.go:71	DEBUG: Saved row: 	{"rowKey": "testdb:information_schema:columns:row:information_schemacolumnsis_nullable:", "rowData": "[\"information_schema\",\"columns\",\"is_nullable\",6,null,false,\"BOOLEAN\"]"}
2026-02-28T14:57:47.751+0300	DEBUG	logger/zap_logger.go:71	DEBUG: Saved row: 	{"rowKey": "testdb:information_schema:columns:row:information_schemacolumnsdata_type:", "rowData": "[\"information_schema\",\"columns\",\"data_type\",7,null,false,\"TEXT\"]"}
2026-02-28T14:57:47.751+0300	DEBUG	logger/zap_logger.go:71	DEBUG: Saved row: 	{"rowKey": "testdb:information_schema:columns:row:information_schemaschematacatalog_name:", "rowData": "[\"information_schema\",\"schemata\",\"catalog_name\",1,null,false,\"TEXT\"]"}
2026-02-28T14:57:47.751+0300	DEBUG	logger/zap_logger.go:71	DEBUG: Saved row: 	{"rowKey": "testdb:information_schema:columns:row:information_schemaschemataschema_name:", "rowData": "[\"information_schema\",\"schemata\",\"schema_name\",2,null,false,\"TEXT\"]"}
2026-02-28T14:57:47.751+0300	DEBUG	logger/zap_logger.go:71	DEBUG: Saved row: 	{"rowKey": "testdb:information_schema:columns:row:information_schemaschemataschema_owner:", "rowData": "[\"information_schema\",\"schemata\",\"schema_owner\",3,null,false,\"TEXT\"]"}
2026-02-28T14:57:47.751+0300	DEBUG	logger/zap_logger.go:71	DEBUG: Saved row: 	{"rowKey": "testdb:information_schema:columns:row:information_schemaschematadefault_character_set_catalog:", "rowData": "[\"information_schema\",\"schemata\",\"default_character_set_catalog\",4,null,true,\"TEXT\"]"}
2026-02-28T14:57:47.751+0300	DEBUG	logger/zap_logger.go:71	DEBUG: Saved row: 	{"rowKey": "testdb:information_schema:columns:row:information_schemaschematadefault_character_set_schema:", "rowData": "[\"information_schema\",\"schemata\",\"default_character_set_schema\",5,null,true,\"TEXT\"]"}
2026-02-28T14:57:47.751+0300	DEBUG	logger/zap_logger.go:71	DEBUG: Saved row: 	{"rowKey": "testdb:information_schema:columns:row:information_schemaschematadefault_character_set_name:", "rowData": "[\"information_schema\",\"schemata\",\"default_character_set_name\",6,null,true,\"TEXT\"]"}
2026-02-28T14:57:47.751+0300	DEBUG	logger/zap_logger.go:71	DEBUG: Saved row: 	{"rowKey": "testdb:information_schema:columns:row:information_schemaschematasql_path:", "rowData": "[\"information_schema\",\"schemata\",\"sql_path\",7,null,true,\"TEXT\"]"}
2026-02-28T14:57:47.751+0300	INFO	logger/zap_logger.go:76	[SynchronizerVClock] Loaded key	{"key": "testdb:information_schema:columns:row:information_schemaschemataschema_name:", "value": "[\"information_schema\",\"schemata\",\"schema_name\",2,null,false,\"TEXT\"]", "vclock": {"node1":6}}
2026-02-28T14:57:47.751+0300	INFO	logger/zap_logger.go:76	[SynchronizerVClock] Loaded key	{"key": "testdb:information_schema:columns:row:information_schemaschemataschema_owner:", "value": "[\"information_schema\",\"schemata\",\"schema_owner\",3,null,false,\"TEXT\"]", "vclock": {"node1":7}}
2026-02-28T14:57:47.751+0300	INFO	logger/zap_logger.go:76	[SynchronizerVClock] Loaded key	{"key": "testdb:information_schema:columns:row:information_schemaschematadefault_character_set_name:", "value": "[\"information_schema\",\"schemata\",\"default_character_set_name\",6,null,true,\"TEXT\"]", "vclock": {"node1":8}}
2026-02-28T14:57:47.751+0300	DEBUG	logger/zap_logger.go:96	Executing: 

CREATE TABLE IF NOT EXISTS information_schema.schemata (
    catalog_name TEXT,
    schema_name TEXT,
    schema_owner TEXT,
    default_character_set_catalog TEXT,
    default_character_set_schema TEXT,
    default_character_set_name TEXT,
    sql_path TEXT,
    PRIMARY KEY (catalog_name, schema_name)
)
2026-02-28T14:57:47.751+0300	INFO	logger/zap_logger.go:76	[SynchronizerVClock] Loaded key	{"key": "testdb:information_schema:columns:row:information_schemaschematasql_path:", "value": "[\"information_schema\",\"schemata\",\"sql_path\",7,null,true,\"TEXT\"]", "vclock": {"node1":9}}
2026-02-28T14:57:47.751+0300	INFO	logger/zap_logger.go:76	[SynchronizerVClock] Loaded key	{"key": "testdb:information_schema:columns:row:information_schemaschematadefault_character_set_catalog:", "value": "[\"information_schema\",\"schemata\",\"default_character_set_catalog\",4,null,true,\"TEXT\"]", "vclock": {"node1":10}}
2026-02-28T14:57:47.751+0300	INFO	logger/zap_logger.go:76	[SynchronizerVClock] Loaded key	{"key": "testdb:information_schema:columns:row:information_schemacolumnstable_schema:", "value": "[\"information_schema\",\"columns\",\"table_schema\",1,null,false,\"TEXT\"]", "vclock": {"node1":11}}
2026-02-28T14:57:47.751+0300	INFO	logger/zap_logger.go:76	[SynchronizerVClock] Loaded key	{"key": "testdb:information_schema:columns:row:information_schemacolumnscolumn_default:", "value": "[\"information_schema\",\"columns\",\"column_default\",5,null,true,\"TEXT\"]", "vclock": {"node1":12}}
2026-02-28T14:57:47.751+0300	INFO	logger/zap_logger.go:76	[SynchronizerVClock] Loaded key	{"key": "testdb:information_schema:columns:row:information_schemaschematacatalog_name:", "value": "[\"information_schema\",\"schemata\",\"catalog_name\",1,null,false,\"TEXT\"]", "vclock": {"node1":13}}
2026-02-28T14:57:47.751+0300	INFO	logger/zap_logger.go:76	[SynchronizerVClock] Loaded key	{"key": "testdb:information_schema:columns:row:information_schemaschematadefault_character_set_schema:", "value": "[\"information_schema\",\"schemata\",\"default_character_set_schema\",5,null,true,\"TEXT\"]", "vclock": {"node1":14}}
2026-02-28T14:57:47.752+0300	DEBUG	logger/zap_logger.go:96	DEBUG: Parsed statement type: CREATE_TABLE

2026-02-28T14:57:47.752+0300	INFO	logger/zap_logger.go:76	[SynchronizerVClock] Loaded key	{"key": "testdb:information_schema:columns:row:information_schematablestable_type:", "value": "[\"information_schema\",\"tables\",\"table_type\",3,null,false,\"TEXT\"]", "vclock": {"node1":15}}
2026-02-28T14:57:47.752+0300	DEBUG	logger/zap_logger.go:96	Executing: 

INSERT INTO information_schema.schemata (catalog_name, schema_name, schema_owner) VALUES
    ('petacore', 'information_schema', 'system'),
    ('petacore', 'pg_catalog', 'system')
2026-02-28T14:57:47.752+0300	INFO	logger/zap_logger.go:76	[SynchronizerVClock] Loaded key	{"key": "testdb:information_schema:columns:row:information_schematablestable_schema:", "value": "[\"information_schema\",\"tables\",\"table_schema\",1,null,false,\"TEXT\"]", "vclock": {"node1":16}}
2026-02-28T14:57:47.752+0300	INFO	logger/zap_logger.go:76	[SynchronizerVClock] Loaded key	{"key": "testdb:information_schema:columns:row:information_schematablestable_name:", "value": "[\"information_schema\",\"tables\",\"table_name\",2,null,false,\"TEXT\"]", "vclock": {"node1":17}}
2026-02-28T14:57:47.752+0300	INFO	logger/zap_logger.go:76	[SynchronizerVClock] Loaded key	{"key": "testdb:information_schema:columns:row:information_schemacolumnstable_name:", "value": "[\"information_schema\",\"columns\",\"table_name\",2,null,false,\"TEXT\"]", "vclock": {"node1":18}}
2026-02-28T14:57:47.752+0300	INFO	logger/zap_logger.go:76	[SynchronizerVClock] Loaded key	{"key": "testdb:information_schema:columns:row:information_schemacolumnsis_nullable:", "value": "[\"information_schema\",\"columns\",\"is_nullable\",6,null,false,\"BOOLEAN\"]", "vclock": {"node1":19}}
2026-02-28T14:57:47.752+0300	INFO	logger/zap_logger.go:76	[SynchronizerVClock] Loaded key	{"key": "testdb:information_schema:columns:row:information_schemacolumnsdata_type:", "value": "[\"information_schema\",\"columns\",\"data_type\",7,null,false,\"TEXT\"]", "vclock": {"node1":20}}
2026-02-28T14:57:47.752+0300	DEBUG	logger/zap_logger.go:96	DEBUG: Parsed statement type: INSERT

2026-02-28T14:57:47.752+0300	DEBUG	logger/zap_logger.go:96	DEBUG: Insert into information_schema.schemata: [[petacore information_schema system] [petacore pg_catalog system]]

2026-02-28T14:57:47.752+0300	INFO	logger/zap_logger.go:76	[SynchronizerVClock] Loaded key	{"key": "testdb:information_schema:columns:row:information_schemacolumnscolumn_name:", "value": "[\"information_schema\",\"columns\",\"column_name\",3,null,false,\"TEXT\"]", "vclock": {"node1":21}}
2026-02-28T14:57:47.752+0300	INFO	logger/zap_logger.go:76	[SynchronizerVClock] Loaded key	{"key": "testdb:information_schema:columns:row:information_schemacolumnsoriginal_position:", "value": "[\"information_schema\",\"columns\",\"original_position\",4,null,false,\"INT\"]", "vclock": {"node1":22}}
2026-02-28T14:57:47.752+0300	DEBUG	logger/zap_logger.go:71	DEBUG: Table metadata:	{"meta": {"Name":"information_schema.schemata","Columns":{"catalog_name":{"Type":0,"IsNullable":false,"DefaultValue":null,"IsSerial":false,"IsUnique":false,"Idx":1},"default_character_set_catalog":{"Type":0,"IsNullable":true,"DefaultValue":null,"IsSerial":false,"IsUnique":false,"Idx":4},"default_character_set_name":{"Type":0,"IsNullable":true,"DefaultValue":null,"IsSerial":false,"IsUnique":false,"Idx":6},"default_character_set_schema":{"Type":0,"IsNullable":true,"DefaultValue":null,"IsSerial":false,"IsUnique":false,"Idx":5},"schema_name":{"Type":0,"IsNullable":false,"DefaultValue":null,"IsSerial":false,"IsUnique":false,"Idx":2},"schema_owner":{"Type":0,"IsNullable":true,"DefaultValue":null,"IsSerial":false,"IsUnique":false,"Idx":3},"sql_path":{"Type":0,"IsNullable":true,"DefaultValue":null,"IsSerial":false,"IsUnique":false,"Idx":7}},"PrimaryKeys":[1,2]}}
2026-02-28T14:57:47.752+0300	DEBUG	logger/zap_logger.go:71	DEBUG: Saved row: 	{"rowKey": "testdb:information_schema:schemata:row:petacoreinformation_schema:", "rowData": "[\"petacore\",\"information_schema\",\"system\",null,null,null,null]"}
2026-02-28T14:57:47.752+0300	INFO	logger/zap_logger.go:76	[SynchronizerVClock] Loaded key	{"key": "schema:testdb:information_schema:schemata:", "value": "{\"Name\":\"information_schema.schemata\",\"Columns\":{\"catalog_name\":{\"Type\":0,\"IsNullable\":false,\"DefaultValue\":null,\"IsSerial\":false,\"IsUnique\":false,\"Idx\":1},\"default_character_set_catalog\":{\"Type\":0,\"IsNullable\":true,\"DefaultValue\":null,\"IsSerial\":false,\"IsUnique\":false,\"Idx\":4},\"default_character_set_name\":{\"Type\":0,\"IsNullable\":true,\"DefaultValue\":null,\"IsSerial\":false,\"IsUnique\":false,\"Idx\":6},\"default_character_set_schema\":{\"Type\":0,\"IsNullable\":true,\"DefaultValue\":null,\"IsSerial\":false,\"IsUnique\":false,\"Idx\":5},\"schema_name\":{\"Type\":0,\"IsNullable\":false,\"DefaultValue\":null,\"IsSerial\":false,\"IsUnique\":false,\"Idx\":2},\"schema_owner\":{\"Type\":0,\"IsNullable\":true,\"DefaultValue\":null,\"IsSerial\":false,\"IsUnique\":false,\"Idx\":3},\"sql_path\":{\"Type\":0,\"IsNullable\":true,\"DefaultValue\":null,\"IsSerial\":false,\"IsUnique\":false,\"Idx\":7}},\"PrimaryKeys\":[1,2]}", "vclock": {"node1":23}}
2026-02-28T14:57:47.752+0300	DEBUG	logger/zap_logger.go:71	DEBUG: Saved row: 	{"rowKey": "testdb:information_schema:schemata:row:petacorepg_catalog:", "rowData": "[\"petacore\",\"pg_catalog\",\"system\",null,null,null,null]"}
2026-02-28T14:57:47.752+0300	INFO	logger/zap_logger.go:76	[SynchronizerVClock] Loaded key	{"key": "testdb:information_schema:schemata:row:petacoreinformation_schema:", "value": "[\"petacore\",\"information_schema\",\"system\",null,null,null,null]", "vclock": {"node1":24}}
2026-02-28T14:57:47.752+0300	DEBUG	logger/zap_logger.go:96	Executing: 

2026-02-28T14:57:47.752+0300	INFO	logger/zap_logger.go:101	Executing system initialization file: 0002_pg_catalog.sql
2026-02-28T14:57:47.752+0300	INFO	logger/zap_logger.go:76	[SynchronizerVClock] Loaded key	{"key": "testdb:information_schema:schemata:row:petacorepg_catalog:", "value": "[\"petacore\",\"pg_catalog\",\"system\",null,null,null,null]", "vclock": {"node1":25}}
2026-02-28T14:57:47.752+0300	DEBUG	logger/zap_logger.go:96	Executing: -- pg_catalog global system schema
-- Инициализация системных таблиц для базы 

CREATE TABLE IF NOT EXISTS pg_catalog.pg_tables (
    schemaname TEXT,
    schematable TEXT,
    tableowner TEXT,
    tablespace TEXT, -- TODO CHECK
    hasindexes BOOLEAN,
    hasrules BOOLEAN,
    hastriggers BOOLEAN,
    rowsecurity BOOLEAN,
    PRIMARY KEY (schemaname, schematable)
)
2026-02-28T14:57:47.752+0300	DEBUG	logger/zap_logger.go:96	DEBUG: Parsed statement type: CREATE_TABLE

2026-02-28T14:57:47.752+0300	DEBUG	logger/zap_logger.go:96	Executing: 

INSERT INTO pg_catalog.pg_tables (schemaname, schematable, tableowner, tablespace, hasindexes, hasrules, hastriggers, rowsecurity) VALUES
('pg_catalog', 'pg_tables', 'system', NULL, FALSE, FALSE, FALSE, FALSE),
('pg_catalog', 'pg_columns', 'system', NULL, FALSE, FALSE, FALSE, FALSE),
('pg_catalog', 'pg_class', 'system', NULL, FALSE, FALSE, FALSE, FALSE),
('pg_catalog', 'pg_attribute', 'system', NULL, FALSE, FALSE, FALSE, FALSE),
('pg_catalog', 'pg_proc', 'system', NULL, FALSE, FALSE, FALSE, FALSE),
('pg_catalog', 'pg_type', 'system', NULL, FALSE, FALSE, FALSE, FALSE),
('pg_catalog', 'pg_namespace', 'system', NULL, FALSE, FALSE, FALSE, FALSE),
('pg_catalog', 'pg_database', 'system', NULL, FALSE, FALSE, FALSE, FALSE),
('pg_catalog', 'pg_tablespace', 'system', NULL, FALSE, FALSE, FALSE, FALSE),
('pg_catalog', 'pg_roles', 'system', NULL, FALSE, FALSE, FALSE, FALSE),
('pg_catalog', 'pg_stat_ssl', 'system', NULL, FALSE, FALSE, FALSE, FALSE),
('pg_catalog', 'pg_shdescription', 'system', NULL, FALSE, FALSE, FALSE, FALSE),
('pg_catalog', 'pg_am', 'system', NULL, FALSE, FALSE, FALSE, FALSE)
2026-02-28T14:57:47.752+0300	INFO	logger/zap_logger.go:76	[SynchronizerVClock] Loaded key	{"key": "schema:testdb:pg_catalog:pg_tables:", "value": "{\"Name\":\"pg_catalog.pg_tables\",\"Columns\":{\"hasindexes\":{\"Type\":0,\"IsNullable\":true,\"DefaultValue\":null,\"IsSerial\":false,\"IsUnique\":false,\"Idx\":5},\"hasrules\":{\"Type\":0,\"IsNullable\":true,\"DefaultValue\":null,\"IsSerial\":false,\"IsUnique\":false,\"Idx\":6},\"hastriggers\":{\"Type\":0,\"IsNullable\":true,\"DefaultValue\":null,\"IsSerial\":false,\"IsUnique\":false,\"Idx\":7},\"rowsecurity\":{\"Type\":0,\"IsNullable\":true,\"DefaultValue\":null,\"IsSerial\":false,\"IsUnique\":false,\"Idx\":8},\"schemaname\":{\"Type\":0,\"IsNullable\":false,\"DefaultValue\":null,\"IsSerial\":false,\"IsUnique\":false,\"Idx\":1},\"schematable\":{\"Type\":0,\"IsNullable\":false,\"DefaultValue\":null,\"IsSerial\":false,\"IsUnique\":false,\"Idx\":2},\"tableowner\":{\"Type\":0,\"IsNullable\":true,\"DefaultValue\":null,\"IsSerial\":false,\"IsUnique\":false,\"Idx\":3},\"tablespace\":{\"Type\":0,\"IsNullable\":true,\"DefaultValue\":null,\"IsSerial\":false,\"IsUnique\":false,\"Idx\":4}},\"PrimaryKeys\":[1,2]}", "vclock": {"node1":26}}
2026-02-28T14:57:47.753+0300	DEBUG	logger/zap_logger.go:96	DEBUG: Parsed statement type: INSERT

2026-02-28T14:57:47.753+0300	DEBUG	logger/zap_logger.go:96	DEBUG: Insert into pg_catalog.pg_tables: [[pg_catalog pg_tables system NULL false false false false] [pg_catalog pg_columns system NULL false false false false] [pg_catalog pg_class system NULL false false false false] [pg_catalog pg_attribute system NULL false false false false] [pg_catalog pg_proc system NULL false false false false] [pg_catalog pg_type system NULL false false false false] [pg_catalog pg_namespace system NULL false false false false] [pg_catalog pg_database system NULL false false false false] [pg_catalog pg_tablespace system NULL false false false false] [pg_catalog pg_roles system NULL false false false false] [pg_catalog pg_stat_ssl system NULL false false false false] [pg_catalog pg_shdescription system NULL false false false false] [pg_catalog pg_am system NULL false false false false]]

2026-02-28T14:57:47.753+0300	DEBUG	logger/zap_logger.go:71	DEBUG: Table metadata:	{"meta": {"Name":"pg_catalog.pg_tables","Columns":{"hasindexes":{"Type":0,"IsNullable":true,"DefaultValue":null,"IsSerial":false,"IsUnique":false,"Idx":5},"hasrules":{"Type":0,"IsNullable":true,"DefaultValue":null,"IsSerial":false,"IsUnique":false,"Idx":6},"hastriggers":{"Type":0,"IsNullable":true,"DefaultValue":null,"IsSerial":false,"IsUnique":false,"Idx":7},"rowsecurity":{"Type":0,"IsNullable":true,"DefaultValue":null,"IsSerial":false,"IsUnique":false,"Idx":8},"schemaname":{"Type":0,"IsNullable":false,"DefaultValue":null,"IsSerial":false,"IsUnique":false,"Idx":1},"schematable":{"Type":0,"IsNullable":false,"DefaultValue":null,"IsSerial":false,"IsUnique":false,"Idx":2},"tableowner":{"Type":0,"IsNullable":true,"DefaultValue":null,"IsSerial":false,"IsUnique":false,"Idx":3},"tablespace":{"Type":0,"IsNullable":true,"DefaultValue":null,"IsSerial":false,"IsUnique":false,"Idx":4}},"PrimaryKeys":[1,2]}}
2026-02-28T14:57:47.753+0300	DEBUG	logger/zap_logger.go:71	DEBUG: Saved row: 	{"rowKey": "testdb:pg_catalog:pg_tables:row:pg_catalogpg_tables:", "rowData": "[\"pg_catalog\",\"pg_tables\",\"system\",\"NULL\",false,false,false,false]"}
2026-02-28T14:57:47.753+0300	DEBUG	logger/zap_logger.go:71	DEBUG: Saved row: 	{"rowKey": "testdb:pg_catalog:pg_tables:row:pg_catalogpg_columns:", "rowData": "[\"pg_catalog\",\"pg_columns\",\"system\",\"NULL\",false,false,false,false]"}
2026-02-28T14:57:47.753+0300	DEBUG	logger/zap_logger.go:71	DEBUG: Saved row: 	{"rowKey": "testdb:pg_catalog:pg_tables:row:pg_catalogpg_class:", "rowData": "[\"pg_catalog\",\"pg_class\",\"system\",\"NULL\",false,false,false,false]"}
2026-02-28T14:57:47.753+0300	DEBUG	logger/zap_logger.go:71	DEBUG: Saved row: 	{"rowKey": "testdb:pg_catalog:pg_tables:row:pg_catalogpg_attribute:", "rowData": "[\"pg_catalog\",\"pg_attribute\",\"system\",\"NULL\",false,false,false,false]"}
2026-02-28T14:57:47.753+0300	DEBUG	logger/zap_logger.go:71	DEBUG: Saved row: 	{"rowKey": "testdb:pg_catalog:pg_tables:row:pg_catalogpg_proc:", "rowData": "[\"pg_catalog\",\"pg_proc\",\"system\",\"NULL\",false,false,false,false]"}
2026-02-28T14:57:47.753+0300	DEBUG	logger/zap_logger.go:71	DEBUG: Saved row: 	{"rowKey": "testdb:pg_catalog:pg_tables:row:pg_catalogpg_type:", "rowData": "[\"pg_catalog\",\"pg_type\",\"system\",\"NULL\",false,false,false,false]"}
2026-02-28T14:57:47.753+0300	DEBUG	logger/zap_logger.go:71	DEBUG: Saved row: 	{"rowKey": "testdb:pg_catalog:pg_tables:row:pg_catalogpg_namespace:", "rowData": "[\"pg_catalog\",\"pg_namespace\",\"system\",\"NULL\",false,false,false,false]"}
2026-02-28T14:57:47.753+0300	DEBUG	logger/zap_logger.go:71	DEBUG: Saved row: 	{"rowKey": "testdb:pg_catalog:pg_tables:row:pg_catalogpg_database:", "rowData": "[\"pg_catalog\",\"pg_database\",\"system\",\"NULL\",false,false,false,false]"}
2026-02-28T14:57:47.753+0300	DEBUG	logger/zap_logger.go:71	DEBUG: Saved row: 	{"rowKey": "testdb:pg_catalog:pg_tables:row:pg_catalogpg_tablespace:", "rowData": "[\"pg_catalog\",\"pg_tablespace\",\"system\",\"NULL\",false,false,false,false]"}
2026-02-28T14:57:47.753+0300	DEBUG	logger/zap_logger.go:71	DEBUG: Saved row: 	{"rowKey": "testdb:pg_catalog:pg_tables:row:pg_catalogpg_roles:", "rowData": "[\"pg_catalog\",\"pg_roles\",\"system\",\"NULL\",false,false,false,false]"}
2026-02-28T14:57:47.753+0300	DEBUG	logger/zap_logger.go:71	DEBUG: Saved row: 	{"rowKey": "testdb:pg_catalog:pg_tables:row:pg_catalogpg_stat_ssl:", "rowData": "[\"pg_catalog\",\"pg_stat_ssl\",\"system\",\"NULL\",false,false,false,false]"}
2026-02-28T14:57:47.753+0300	DEBUG	logger/zap_logger.go:71	DEBUG: Saved row: 	{"rowKey": "testdb:pg_catalog:pg_tables:row:pg_catalogpg_shdescription:", "rowData": "[\"pg_catalog\",\"pg_shdescription\",\"system\",\"NULL\",false,false,false,false]"}
2026-02-28T14:57:47.753+0300	DEBUG	logger/zap_logger.go:71	DEBUG: Saved row: 	{"rowKey": "testdb:pg_catalog:pg_tables:row:pg_catalogpg_am:", "rowData": "[\"pg_catalog\",\"pg_am\",\"system\",\"NULL\",false,false,false,false]"}
2026-02-28T14:57:47.753+0300	INFO	logger/zap_logger.go:76	[SynchronizerVClock] Loaded key	{"key": "testdb:pg_catalog:pg_tables:row:pg_catalogpg_tables:", "value": "[\"pg_catalog\",\"pg_tables\",\"system\",\"NULL\",false,false,false,false]", "vclock": {"node1":27}}
2026-02-28T14:57:47.754+0300	INFO	logger/zap_logger.go:76	[SynchronizerVClock] Loaded key	{"key": "testdb:pg_catalog:pg_tables:row:pg_catalogpg_columns:", "value": "[\"pg_catalog\",\"pg_columns\",\"system\",\"NULL\",false,false,false,false]", "vclock": {"node1":28}}
2026-02-28T14:57:47.754+0300	INFO	logger/zap_logger.go:76	[SynchronizerVClock] Loaded key	{"key": "testdb:pg_catalog:pg_tables:row:pg_catalogpg_proc:", "value": "[\"pg_catalog\",\"pg_proc\",\"system\",\"NULL\",false,false,false,false]", "vclock": {"node1":29}}
2026-02-28T14:57:47.754+0300	INFO	logger/zap_logger.go:76	[SynchronizerVClock] Loaded key	{"key": "testdb:pg_catalog:pg_tables:row:pg_catalogpg_database:", "value": "[\"pg_catalog\",\"pg_database\",\"system\",\"NULL\",false,false,false,false]", "vclock": {"node1":30}}
2026-02-28T14:57:47.754+0300	INFO	logger/zap_logger.go:76	[SynchronizerVClock] Loaded key	{"key": "testdb:pg_catalog:pg_tables:row:pg_catalogpg_tablespace:", "value": "[\"pg_catalog\",\"pg_tablespace\",\"system\",\"NULL\",false,false,false,false]", "vclock": {"node1":31}}
2026-02-28T14:57:47.754+0300	DEBUG	logger/zap_logger.go:96	Executing: 


CREATE TABLE IF NOT EXISTS pg_catalog.pg_columns (
    table_schema TEXT,
    table_name TEXT,
    column_name TEXT,
    original_position INTEGER,
    column_default TEXT, -- TODO check default
    is_nullable BOOLEAN,
    data_type TEXT,
    character_maximum_length INTEGER, -- TODO check
    numeric_precision INTEGER, -- TODO check
    PRIMARY KEY (table_schema, table_name, column_name)
)
2026-02-28T14:57:47.754+0300	INFO	logger/zap_logger.go:76	[SynchronizerVClock] Loaded key	{"key": "testdb:pg_catalog:pg_tables:row:pg_catalogpg_stat_ssl:", "value": "[\"pg_catalog\",\"pg_stat_ssl\",\"system\",\"NULL\",false,false,false,false]", "vclock": {"node1":32}}
2026-02-28T14:57:47.754+0300	INFO	logger/zap_logger.go:76	[SynchronizerVClock] Loaded key	{"key": "testdb:pg_catalog:pg_tables:row:pg_catalogpg_class:", "value": "[\"pg_catalog\",\"pg_class\",\"system\",\"NULL\",false,false,false,false]", "vclock": {"node1":33}}
2026-02-28T14:57:47.754+0300	INFO	logger/zap_logger.go:76	[SynchronizerVClock] Loaded key	{"key": "testdb:pg_catalog:pg_tables:row:pg_catalogpg_attribute:", "value": "[\"pg_catalog\",\"pg_attribute\",\"system\",\"NULL\",false,false,false,false]", "vclock": {"node1":34}}
2026-02-28T14:57:47.754+0300	INFO	logger/zap_logger.go:76	[SynchronizerVClock] Loaded key	{"key": "testdb:pg_catalog:pg_tables:row:pg_catalogpg_type:", "value": "[\"pg_catalog\",\"pg_type\",\"system\",\"NULL\",false,false,false,false]", "vclock": {"node1":35}}
2026-02-28T14:57:47.754+0300	INFO	logger/zap_logger.go:76	[SynchronizerVClock] Loaded key	{"key": "testdb:pg_catalog:pg_tables:row:pg_catalogpg_namespace:", "value": "[\"pg_catalog\",\"pg_namespace\",\"system\",\"NULL\",false,false,false,false]", "vclock": {"node1":36}}
2026-02-28T14:57:47.754+0300	INFO	logger/zap_logger.go:76	[SynchronizerVClock] Loaded key	{"key": "testdb:pg_catalog:pg_tables:row:pg_catalogpg_roles:", "value": "[\"pg_catalog\",\"pg_roles\",\"system\",\"NULL\",false,false,false,false]", "vclock": {"node1":37}}
2026-02-28T14:57:47.754+0300	INFO	logger/zap_logger.go:76	[SynchronizerVClock] Loaded key	{"key": "testdb:pg_catalog:pg_tables:row:pg_catalogpg_shdescription:", "value": "[\"pg_catalog\",\"pg_shdescription\",\"system\",\"NULL\",false,false,false,false]", "vclock": {"node1":38}}
2026-02-28T14:57:47.754+0300	INFO	logger/zap_logger.go:76	[SynchronizerVClock] Loaded key	{"key": "testdb:pg_catalog:pg_tables:row:pg_catalogpg_am:", "value": "[\"pg_catalog\",\"pg_am\",\"system\",\"NULL\",false,false,false,false]", "vclock": {"node1":39}}
2026-02-28T14:57:47.754+0300	DEBUG	logger/zap_logger.go:96	DEBUG: Parsed statement type: CREATE_TABLE

2026-02-28T14:57:47.754+0300	DEBUG	logger/zap_logger.go:96	Executing: 

INSERT INTO pg_catalog.pg_columns (table_schema, table_name, column_name, original_position, column_default, is_nullable, data_type, character_maximum_length, numeric_precision) VALUES
('pg_catalog', 'pg_tables',  'schemaname', 1, NULL, FALSE, 'TEXT', NULL, NULL),
('pg_catalog', 'pg_tables',  'schematable', 2, NULL, FALSE, 'TEXT', NULL, NULL),
('pg_catalog', 'pg_tables',  'tableowner', 3, NULL, FALSE, 'TEXT', NULL, NULL),
('pg_catalog', 'pg_tables',  'tablespace', 4, NULL, TRUE, 'TEXT', NULL, NULL),
('pg_catalog', 'pg_tables',  'hasindexes', 5, NULL, FALSE, 'BOOLEAN', NULL, NULL),
('pg_catalog', 'pg_tables',  'hasrules', 6, NULL, FALSE, 'BOOLEAN', NULL, NULL),
('pg_catalog', 'pg_tables',  'hastriggers', 7, NULL, FALSE, 'BOOLEAN', NULL, NULL),
('pg_catalog', 'pg_tables',  'rowsecurity', 8, NULL, FALSE, 'BOOLEAN', NULL, NULL)
2026-02-28T14:57:47.754+0300	INFO	logger/zap_logger.go:76	[SynchronizerVClock] Loaded key	{"key": "schema:testdb:pg_catalog:pg_columns:", "value": "{\"Name\":\"pg_catalog.pg_columns\",\"Columns\":{\"character_maximum_length\":{\"Type\":0,\"IsNullable\":true,\"DefaultValue\":null,\"IsSerial\":false,\"IsUnique\":false,\"Idx\":8},\"column_default\":{\"Type\":0,\"IsNullable\":true,\"DefaultValue\":null,\"IsSerial\":false,\"IsUnique\":false,\"Idx\":5},\"column_name\":{\"Type\":0,\"IsNullable\":false,\"DefaultValue\":null,\"IsSerial\":false,\"IsUnique\":false,\"Idx\":3},\"data_type\":{\"Type\":0,\"IsNullable\":true,\"DefaultValue\":null,\"IsSerial\":false,\"IsUnique\":false,\"Idx\":7},\"is_nullable\":{\"Type\":0,\"IsNullable\":true,\"DefaultValue\":null,\"IsSerial\":false,\"IsUnique\":false,\"Idx\":6},\"numeric_precision\":{\"Type\":0,\"IsNullable\":true,\"DefaultValue\":null,\"IsSerial\":false,\"IsUnique\":false,\"Idx\":9},\"original_position\":{\"Type\":0,\"IsNullable\":true,\"DefaultValue\":null,\"IsSerial\":false,\"IsUnique\":false,\"Idx\":4},\"table_name\":{\"Type\":0,\"IsNullable\":false,\"DefaultValue\":null,\"IsSerial\":false,\"IsUnique\":false,\"Idx\":2},\"table_schema\":{\"Type\":0,\"IsNullable\":false,\"DefaultValue\":null,\"IsSerial\":false,\"IsUnique\":false,\"Idx\":1}},\"PrimaryKeys\":[1,2,3]}", "vclock": {"node1":40}}
2026-02-28T14:57:47.755+0300	DEBUG	logger/zap_logger.go:96	DEBUG: Parsed statement type: INSERT

2026-02-28T14:57:47.755+0300	DEBUG	logger/zap_logger.go:96	DEBUG: Insert into pg_catalog.pg_columns: [[pg_catalog pg_tables schemaname 1 NULL false TEXT NULL NULL] [pg_catalog pg_tables schematable 2 NULL false TEXT NULL NULL] [pg_catalog pg_tables tableowner 3 NULL false TEXT NULL NULL] [pg_catalog pg_tables tablespace 4 NULL true TEXT NULL NULL] [pg_catalog pg_tables hasindexes 5 NULL false BOOLEAN NULL NULL] [pg_catalog pg_tables hasrules 6 NULL false BOOLEAN NULL NULL] [pg_catalog pg_tables hastriggers 7 NULL false BOOLEAN NULL NULL] [pg_catalog pg_tables rowsecurity 8 NULL false BOOLEAN NULL NULL]]

2026-02-28T14:57:47.755+0300	DEBUG	logger/zap_logger.go:71	DEBUG: Table metadata:	{"meta": {"Name":"pg_catalog.pg_columns","Columns":{"character_maximum_length":{"Type":0,"IsNullable":true,"DefaultValue":null,"IsSerial":false,"IsUnique":false,"Idx":8},"column_default":{"Type":0,"IsNullable":true,"DefaultValue":null,"IsSerial":false,"IsUnique":false,"Idx":5},"column_name":{"Type":0,"IsNullable":false,"DefaultValue":null,"IsSerial":false,"IsUnique":false,"Idx":3},"data_type":{"Type":0,"IsNullable":true,"DefaultValue":null,"IsSerial":false,"IsUnique":false,"Idx":7},"is_nullable":{"Type":0,"IsNullable":true,"DefaultValue":null,"IsSerial":false,"IsUnique":false,"Idx":6},"numeric_precision":{"Type":0,"IsNullable":true,"DefaultValue":null,"IsSerial":false,"IsUnique":false,"Idx":9},"original_position":{"Type":0,"IsNullable":true,"DefaultValue":null,"IsSerial":false,"IsUnique":false,"Idx":4},"table_name":{"Type":0,"IsNullable":false,"DefaultValue":null,"IsSerial":false,"IsUnique":false,"Idx":2},"table_schema":{"Type":0,"IsNullable":false,"DefaultValue":null,"IsSerial":false,"IsUnique":false,"Idx":1}},"PrimaryKeys":[1,2,3]}}
2026-02-28T14:57:47.755+0300	DEBUG	logger/zap_logger.go:71	DEBUG: Saved row: 	{"rowKey": "testdb:pg_catalog:pg_columns:row:pg_catalogpg_tablesschemaname:", "rowData": "[\"pg_catalog\",\"pg_tables\",\"schemaname\",1,\"NULL\",false,\"TEXT\",\"NULL\",\"NULL\"]"}
2026-02-28T14:57:47.755+0300	DEBUG	logger/zap_logger.go:71	DEBUG: Saved row: 	{"rowKey": "testdb:pg_catalog:pg_columns:row:pg_catalogpg_tablesschematable:", "rowData": "[\"pg_catalog\",\"pg_tables\",\"schematable\",2,\"NULL\",false,\"TEXT\",\"NULL\",\"NULL\"]"}
2026-02-28T14:57:47.755+0300	DEBUG	logger/zap_logger.go:71	DEBUG: Saved row: 	{"rowKey": "testdb:pg_catalog:pg_columns:row:pg_catalogpg_tablestableowner:", "rowData": "[\"pg_catalog\",\"pg_tables\",\"tableowner\",3,\"NULL\",false,\"TEXT\",\"NULL\",\"NULL\"]"}
2026-02-28T14:57:47.755+0300	DEBUG	logger/zap_logger.go:71	DEBUG: Saved row: 	{"rowKey": "testdb:pg_catalog:pg_columns:row:pg_catalogpg_tablestablespace:", "rowData": "[\"pg_catalog\",\"pg_tables\",\"tablespace\",4,\"NULL\",true,\"TEXT\",\"NULL\",\"NULL\"]"}
2026-02-28T14:57:47.755+0300	DEBUG	logger/zap_logger.go:71	DEBUG: Saved row: 	{"rowKey": "testdb:pg_catalog:pg_columns:row:pg_catalogpg_tableshasindexes:", "rowData": "[\"pg_catalog\",\"pg_tables\",\"hasindexes\",5,\"NULL\",false,\"BOOLEAN\",\"NULL\",\"NULL\"]"}
2026-02-28T14:57:47.755+0300	DEBUG	logger/zap_logger.go:71	DEBUG: Saved row: 	{"rowKey": "testdb:pg_catalog:pg_columns:row:pg_catalogpg_tableshasrules:", "rowData": "[\"pg_catalog\",\"pg_tables\",\"hasrules\",6,\"NULL\",false,\"BOOLEAN\",\"NULL\",\"NULL\"]"}
2026-02-28T14:57:47.755+0300	DEBUG	logger/zap_logger.go:71	DEBUG: Saved row: 	{"rowKey": "testdb:pg_catalog:pg_columns:row:pg_catalogpg_tableshastriggers:", "rowData": "[\"pg_catalog\",\"pg_tables\",\"hastriggers\",7,\"NULL\",false,\"BOOLEAN\",\"NULL\",\"NULL\"]"}
2026-02-28T14:57:47.755+0300	DEBUG	logger/zap_logger.go:71	DEBUG: Saved row: 	{"rowKey": "testdb:pg_catalog:pg_columns:row:pg_catalogpg_tablesrowsecurity:", "rowData": "[\"pg_catalog\",\"pg_tables\",\"rowsecurity\",8,\"NULL\",false,\"BOOLEAN\",\"NULL\",\"NULL\"]"}
2026-02-28T14:57:47.755+0300	INFO	logger/zap_logger.go:76	[SynchronizerVClock] Loaded key	{"key": "testdb:pg_catalog:pg_columns:row:pg_catalogpg_tableshasrules:", "value": "[\"pg_catalog\",\"pg_tables\",\"hasrules\",6,\"NULL\",false,\"BOOLEAN\",\"NULL\",\"NULL\"]", "vclock": {"node1":41}}
2026-02-28T14:57:47.755+0300	DEBUG	logger/zap_logger.go:96	Executing: 

CREATE TABLE IF NOT EXISTS pg_catalog.pg_class (
    oid INTEGER,
    relname TEXT,
    relnamespace INTEGER,
    reltype INTEGER,
    reloftype INTEGER,
    relowner INTEGER,
    relam INTEGER,
    relfilenode INTEGER,
    reltablespace INTEGER,
    relpages INTEGER,
    reltuples FLOAT,
    relallvisible INTEGER,
    reltoastrelid INTEGER,
    relhasindex BOOLEAN,
    relisshared BOOLEAN,
    relpersistence TEXT,
    relkind TEXT,
    relnatts INTEGER,
    relchecks INTEGER,
    relhasrules BOOLEAN,
    relhastriggers BOOLEAN,
    relhassubclass BOOLEAN,
    relrowsecurity BOOLEAN,
    relforcerowsecurity BOOLEAN,
    relispopulated BOOLEAN,
    relreplident TEXT,
    relispartition BOOLEAN,
    relrewrite INTEGER,
    relfrozenxid INTEGER,
    relminmxid INTEGER,
    PRIMARY KEY (oid)
)
2026-02-28T14:57:47.755+0300	INFO	logger/zap_logger.go:76	[SynchronizerVClock] Loaded key	{"key": "testdb:pg_catalog:pg_columns:row:pg_catalogpg_tableshastriggers:", "value": "[\"pg_catalog\",\"pg_tables\",\"hastriggers\",7,\"NULL\",false,\"BOOLEAN\",\"NULL\",\"NULL\"]", "vclock": {"node1":42}}
2026-02-28T14:57:47.755+0300	INFO	logger/zap_logger.go:76	[SynchronizerVClock] Loaded key	{"key": "testdb:pg_catalog:pg_columns:row:pg_catalogpg_tablesrowsecurity:", "value": "[\"pg_catalog\",\"pg_tables\",\"rowsecurity\",8,\"NULL\",false,\"BOOLEAN\",\"NULL\",\"NULL\"]", "vclock": {"node1":43}}
2026-02-28T14:57:47.755+0300	INFO	logger/zap_logger.go:76	[SynchronizerVClock] Loaded key	{"key": "testdb:pg_catalog:pg_columns:row:pg_catalogpg_tablesschemaname:", "value": "[\"pg_catalog\",\"pg_tables\",\"schemaname\",1,\"NULL\",false,\"TEXT\",\"NULL\",\"NULL\"]", "vclock": {"node1":44}}
2026-02-28T14:57:47.755+0300	INFO	logger/zap_logger.go:76	[SynchronizerVClock] Loaded key	{"key": "testdb:pg_catalog:pg_columns:row:pg_catalogpg_tablesschematable:", "value": "[\"pg_catalog\",\"pg_tables\",\"schematable\",2,\"NULL\",false,\"TEXT\",\"NULL\",\"NULL\"]", "vclock": {"node1":45}}
2026-02-28T14:57:47.755+0300	INFO	logger/zap_logger.go:76	[SynchronizerVClock] Loaded key	{"key": "testdb:pg_catalog:pg_columns:row:pg_catalogpg_tablestableowner:", "value": "[\"pg_catalog\",\"pg_tables\",\"tableowner\",3,\"NULL\",false,\"TEXT\",\"NULL\",\"NULL\"]", "vclock": {"node1":46}}
2026-02-28T14:57:47.755+0300	INFO	logger/zap_logger.go:76	[SynchronizerVClock] Loaded key	{"key": "testdb:pg_catalog:pg_columns:row:pg_catalogpg_tablestablespace:", "value": "[\"pg_catalog\",\"pg_tables\",\"tablespace\",4,\"NULL\",true,\"TEXT\",\"NULL\",\"NULL\"]", "vclock": {"node1":47}}
2026-02-28T14:57:47.755+0300	INFO	logger/zap_logger.go:76	[SynchronizerVClock] Loaded key	{"key": "testdb:pg_catalog:pg_columns:row:pg_catalogpg_tableshasindexes:", "value": "[\"pg_catalog\",\"pg_tables\",\"hasindexes\",5,\"NULL\",false,\"BOOLEAN\",\"NULL\",\"NULL\"]", "vclock": {"node1":48}}
2026-02-28T14:57:47.755+0300	DEBUG	logger/zap_logger.go:96	DEBUG: Parsed statement type: CREATE_TABLE

2026-02-28T14:57:47.755+0300	DEBUG	logger/zap_logger.go:96	Executing: 

INSERT INTO pg_catalog.pg_class (
    oid, relname, relnamespace, reltype, reloftype, relowner,
    relam, relfilenode, reltablespace, relpages, reltuples,
    relallvisible, reltoastrelid, relhasindex, relisshared,
    relpersistence, relkind, relnatts, relchecks, relhasrules,
    relhastriggers, relhassubclass, relrowsecurity,
    relforcerowsecurity, relispopulated, relreplident,
    relispartition, relrewrite, relfrozenxid, relminmxid
) VALUES
(1259, 'pg_tables', 11, 0, 0, 10, 0, 0, 0, 0, 0.0, 0, 0, FALSE, FALSE, 'p', 'r', 8, 0, FALSE, FALSE, FALSE, FALSE, FALSE, TRUE, 'n', FALSE, 0, 0, 0),
(1260, 'pg_columns', 11, 0, 0, 10, 0, 0, 0, 0, 0.0, 0, 0, FALSE, FALSE, 'p', 'r', 9, 0, FALSE, FALSE, FALSE, FALSE, FALSE, TRUE, 'n', FALSE, 0, 0, 0),
(1261, 'pg_class', 11, 83, 0, 10, 0, 0, 0, 0, 0.0, 0, 0, FALSE, FALSE, 'p', 'r', 30, 0, FALSE, FALSE, FALSE, FALSE, FALSE, TRUE, 'n', FALSE, 0, 0, 0),
(1249, 'pg_attribute', 11, 75, 0, 10, 0, 0, 0, 0, 0.0, 0, 0, FALSE, FALSE, 'p', 'r', 23, 0, FALSE, FALSE, FALSE, FALSE, FALSE, TRUE, 'n', FALSE, 0, 0, 0),
(1255, 'pg_proc', 11, 81, 0, 10, 0, 0, 0, 0, 0.0, 0, 0, FALSE, FALSE, 'p', 'r', 29, 0, FALSE, FALSE, FALSE, FALSE, FALSE, TRUE, 'n', FALSE, 0, 0, 0),
(1247, 'pg_type', 11, 71, 0, 10, 0, 0, 0, 0, 0.0, 0, 0, FALSE, FALSE, 'p', 'r', 31, 0, FALSE, FALSE, FALSE, FALSE, FALSE, TRUE, 'n', FALSE, 0, 0, 0),
(2615, 'pg_namespace', 11, 2615, 0, 10, 0, 0, 0, 0, 0.0, 0, 0, FALSE, FALSE, 'p', 'r', 4, 0, FALSE, FALSE, FALSE, FALSE, FALSE, TRUE, 'n', FALSE, 0, 0, 0),
(1262, 'pg_database', 11, 1248, 0, 10, 0, 0, 0, 0, 0.0, 0, 0, FALSE, FALSE, 'p', 'r', 14, 0, FALSE, FALSE, FALSE, FALSE, FALSE, TRUE, 'n', FALSE, 0, 0, 0),
(1213, 'pg_tablespace', 11, 1213, 0, 10, 0, 0, 0, 0, 0.0, 0, 0, FALSE, FALSE, 'p', 'r', 5, 0, FALSE, FALSE, FALSE, FALSE, FALSE, TRUE, 'n', FALSE, 0, 0, 0),
(1263, 'pg_shdescription', 11, 0, 0, 10, 0, 0, 0, 0, 0.0, 0, 0, FALSE, FALSE, 'p', 'r', 4, 0, FALSE, FALSE, FALSE, FALSE, FALSE, TRUE, 'n', FALSE, 0, 0, 0),
(2601, 'pg_am', 11, 0, 0, 10, 0, 0, 0, 0, 0.0, 0, 0, FALSE, FALSE, 'p', 'r', 4, 0, FALSE, FALSE, FALSE, FALSE, FALSE, TRUE, 'n', FALSE, 0, 0, 0)
2026-02-28T14:57:47.755+0300	INFO	logger/zap_logger.go:76	[SynchronizerVClock] Loaded key	{"key": "schema:testdb:pg_catalog:pg_class:", "value": "{\"Name\":\"pg_catalog.pg_class\",\"Columns\":{\"oid\":{\"Type\":0,\"IsNullable\":false,\"DefaultValue\":null,\"IsSerial\":false,\"IsUnique\":false,\"Idx\":1},\"relallvisible\":{\"Type\":0,\"IsNullable\":true,\"DefaultValue\":null,\"IsSerial\":false,\"IsUnique\":false,\"Idx\":12},\"relam\":{\"Type\":0,\"IsNullable\":true,\"DefaultValue\":null,\"IsSerial\":false,\"IsUnique\":false,\"Idx\":7},\"relchecks\":{\"Type\":0,\"IsNullable\":true,\"DefaultValue\":null,\"IsSerial\":false,\"IsUnique\":false,\"Idx\":19},\"relfilenode\":{\"Type\":0,\"IsNullable\":true,\"DefaultValue\":null,\"IsSerial\":false,\"IsUnique\":false,\"Idx\":8},\"relforcerowsecurity\":{\"Type\":0,\"IsNullable\":true,\"DefaultValue\":null,\"IsSerial\":false,\"IsUnique\":false,\"Idx\":24},\"relfrozenxid\":{\"Type\":0,\"IsNullable\":true,\"DefaultValue\":null,\"IsSerial\":false,\"IsUnique\":false,\"Idx\":29},\"relhasindex\":{\"Type\":0,\"IsNullable\":true,\"DefaultValue\":null,\"IsSerial\":false,\"IsUnique\":false,\"Idx\":14},\"relhasrules\":{\"Type\":0,\"IsNullable\":true,\"DefaultValue\":null,\"IsSerial\":false,\"IsUnique\":false,\"Idx\":20},\"relhassubclass\":{\"Type\":0,\"IsNullable\":true,\"DefaultValue\":null,\"IsSerial\":false,\"IsUnique\":false,\"Idx\":22},\"relhastriggers\":{\"Type\":0,\"IsNullable\":true,\"DefaultValue\":null,\"IsSerial\":false,\"IsUnique\":false,\"Idx\":21},\"relispartition\":{\"Type\":0,\"IsNullable\":true,\"DefaultValue\":null,\"IsSerial\":false,\"IsUnique\":false,\"Idx\":27},\"relispopulated\":{\"Type\":0,\"IsNullable\":true,\"DefaultValue\":null,\"IsSerial\":false,\"IsUnique\":false,\"Idx\":25},\"relisshared\":{\"Type\":0,\"IsNullable\":true,\"DefaultValue\":null,\"IsSerial\":false,\"IsUnique\":false,\"Idx\":15},\"relkind\":{\"Type\":0,\"IsNullable\":true,\"DefaultValue\":null,\"IsSerial\":false,\"IsUnique\":false,\"Idx\":17},\"relminmxid\":{\"Type\":0,\"IsNullable\":true,\"DefaultValue\":null,\"IsSerial\":false,\"IsUnique\":false,\"Idx\":30},\"relname\":{\"Type\":0,\"IsNullable\":true,\"DefaultValue\":null,\"IsSerial\":false,\"IsUnique\":false,\"Idx\":2},\"relnamespace\":{\"Type\":0,\"IsNullable\":true,\"DefaultValue\":null,\"IsSerial\":false,\"IsUnique\":false,\"Idx\":3},\"relnatts\":{\"Type\":0,\"IsNullable\":true,\"DefaultValue\":null,\"IsSerial\":false,\"IsUnique\":false,\"Idx\":18},\"reloftype\":{\"Type\":0,\"IsNullable\":true,\"DefaultValue\":null,\"IsSerial\":false,\"IsUnique\":false,\"Idx\":5},\"relowner\":{\"Type\":0,\"IsNullable\":true,\"DefaultValue\":null,\"IsSerial\":false,\"IsUnique\":false,\"Idx\":6},\"relpages\":{\"Type\":0,\"IsNullable\":true,\"DefaultValue\":null,\"IsSerial\":false,\"IsUnique\":false,\"Idx\":10},\"relpersistence\":{\"Type\":0,\"IsNullable\":true,\"DefaultValue\":null,\"IsSerial\":false,\"IsUnique\":false,\"Idx\":16},\"relreplident\":{\"Type\":0,\"IsNullable\":true,\"DefaultValue\":null,\"IsSerial\":false,\"IsUnique\":false,\"Idx\":26},\"relrewrite\":{\"Type\":0,\"IsNullable\":true,\"DefaultValue\":null,\"IsSerial\":false,\"IsUnique\":false,\"Idx\":28},\"relrowsecurity\":{\"Type\":0,\"IsNullable\":true,\"DefaultValue\":null,\"IsSerial\":false,\"IsUnique\":false,\"Idx\":23},\"reltablespace\":{\"Type\":0,\"IsNullable\":true,\"DefaultValue\":null,\"IsSerial\":false,\"IsUnique\":false,\"Idx\":9},\"reltoastrelid\":{\"Type\":0,\"IsNullable\":true,\"DefaultValue\":null,\"IsSerial\":false,\"IsUnique\":false,\"Idx\":13},\"reltuples\":{\"Type\":3,\"IsNullable\":true,\"DefaultValue\":null,\"IsSerial\":false,\"IsUnique\":false,\"Idx\":11},\"reltype\":{\"Type\":0,\"IsNullable\":true,\"DefaultValue\":null,\"IsSerial\":false,\"IsUnique\":false,\"Idx\":4}},\"PrimaryKeys\":[1]}", "vclock": {"node1":49}}
2026-02-28T14:57:47.758+0300	DEBUG	logger/zap_logger.go:96	DEBUG: Parsed statement type: INSERT

2026-02-28T14:57:47.758+0300	DEBUG	logger/zap_logger.go:96	DEBUG: Insert into pg_catalog.pg_class: [[1259 pg_tables 11 0 0 10 0 0 0 0 0 0 0 false false p r 8 0 false false false false false true n false 0 0 0] [1260 pg_columns 11 0 0 10 0 0 0 0 0 0 0 false false p r 9 0 false false false false false true n false 0 0 0] [1261 pg_class 11 83 0 10 0 0 0 0 0 0 0 false false p r 30 0 false false false false false true n false 0 0 0] [1249 pg_attribute 11 75 0 10 0 0 0 0 0 0 0 false false p r 23 0 false false false false false true n false 0 0 0] [1255 pg_proc 11 81 0 10 0 0 0 0 0 0 0 false false p r 29 0 false false false false false true n false 0 0 0] [1247 pg_type 11 71 0 10 0 0 0 0 0 0 0 false false p r 31 0 false false false false false true n false 0 0 0] [2615 pg_namespace 11 2615 0 10 0 0 0 0 0 0 0 false false p r 4 0 false false false false false true n false 0 0 0] [1262 pg_database 11 1248 0 10 0 0 0 0 0 0 0 false false p r 14 0 false false false false false true n false 0 0 0] [1213 pg_tablespace 11 1213 0 10 0 0 0 0 0 0 0 false false p r 5 0 false false false false false true n false 0 0 0] [1263 pg_shdescription 11 0 0 10 0 0 0 0 0 0 0 false false p r 4 0 false false false false false true n false 0 0 0] [2601 pg_am 11 0 0 10 0 0 0 0 0 0 0 false false p r 4 0 false false false false false true n false 0 0 0]]

2026-02-28T14:57:47.758+0300	DEBUG	logger/zap_logger.go:71	DEBUG: Table metadata:	{"meta": {"Name":"pg_catalog.pg_class","Columns":{"oid":{"Type":0,"IsNullable":false,"DefaultValue":null,"IsSerial":false,"IsUnique":false,"Idx":1},"relallvisible":{"Type":0,"IsNullable":true,"DefaultValue":null,"IsSerial":false,"IsUnique":false,"Idx":12},"relam":{"Type":0,"IsNullable":true,"DefaultValue":null,"IsSerial":false,"IsUnique":false,"Idx":7},"relchecks":{"Type":0,"IsNullable":true,"DefaultValue":null,"IsSerial":false,"IsUnique":false,"Idx":19},"relfilenode":{"Type":0,"IsNullable":true,"DefaultValue":null,"IsSerial":false,"IsUnique":false,"Idx":8},"relforcerowsecurity":{"Type":0,"IsNullable":true,"DefaultValue":null,"IsSerial":false,"IsUnique":false,"Idx":24},"relfrozenxid":{"Type":0,"IsNullable":true,"DefaultValue":null,"IsSerial":false,"IsUnique":false,"Idx":29},"relhasindex":{"Type":0,"IsNullable":true,"DefaultValue":null,"IsSerial":false,"IsUnique":false,"Idx":14},"relhasrules":{"Type":0,"IsNullable":true,"DefaultValue":null,"IsSerial":false,"IsUnique":false,"Idx":20},"relhassubclass":{"Type":0,"IsNullable":true,"DefaultValue":null,"IsSerial":false,"IsUnique":false,"Idx":22},"relhastriggers":{"Type":0,"IsNullable":true,"DefaultValue":null,"IsSerial":false,"IsUnique":false,"Idx":21},"relispartition":{"Type":0,"IsNullable":true,"DefaultValue":null,"IsSerial":false,"IsUnique":false,"Idx":27},"relispopulated":{"Type":0,"IsNullable":true,"DefaultValue":null,"IsSerial":false,"IsUnique":false,"Idx":25},"relisshared":{"Type":0,"IsNullable":true,"DefaultValue":null,"IsSerial":false,"IsUnique":false,"Idx":15},"relkind":{"Type":0,"IsNullable":true,"DefaultValue":null,"IsSerial":false,"IsUnique":false,"Idx":17},"relminmxid":{"Type":0,"IsNullable":true,"DefaultValue":null,"IsSerial":false,"IsUnique":false,"Idx":30},"relname":{"Type":0,"IsNullable":true,"DefaultValue":null,"IsSerial":false,"IsUnique":false,"Idx":2},"relnamespace":{"Type":0,"IsNullable":true,"DefaultValue":null,"IsSerial":false,"IsUnique":false,"Idx":3},"relnatts":{"Type":0,"IsNullable":true,"DefaultValue":null,"IsSerial":false,"IsUnique":false,"Idx":18},"reloftype":{"Type":0,"IsNullable":true,"DefaultValue":null,"IsSerial":false,"IsUnique":false,"Idx":5},"relowner":{"Type":0,"IsNullable":true,"DefaultValue":null,"IsSerial":false,"IsUnique":false,"Idx":6},"relpages":{"Type":0,"IsNullable":true,"DefaultValue":null,"IsSerial":false,"IsUnique":false,"Idx":10},"relpersistence":{"Type":0,"IsNullable":true,"DefaultValue":null,"IsSerial":false,"IsUnique":false,"Idx":16},"relreplident":{"Type":0,"IsNullable":true,"DefaultValue":null,"IsSerial":false,"IsUnique":false,"Idx":26},"relrewrite":{"Type":0,"IsNullable":true,"DefaultValue":null,"IsSerial":false,"IsUnique":false,"Idx":28},"relrowsecurity":{"Type":0,"IsNullable":true,"DefaultValue":null,"IsSerial":false,"IsUnique":false,"Idx":23},"reltablespace":{"Type":0,"IsNullable":true,"DefaultValue":null,"IsSerial":false,"IsUnique":false,"Idx":9},"reltoastrelid":{"Type":0,"IsNullable":true,"DefaultValue":null,"IsSerial":false,"IsUnique":false,"Idx":13},"reltuples":{"Type":3,"IsNullable":true,"DefaultValue":null,"IsSerial":false,"IsUnique":false,"Idx":11},"reltype":{"Type":0,"IsNullable":true,"DefaultValue":null,"IsSerial":false,"IsUnique":false,"Idx":4}},"PrimaryKeys":[1]}}
2026-02-28T14:57:47.758+0300	DEBUG	logger/zap_logger.go:71	DEBUG: Saved row: 	{"rowKey": "testdb:pg_catalog:pg_class:row:1259:", "rowData": "[1259,\"pg_tables\",11,0,0,10,0,0,0,0,0,0,0,false,false,\"p\",\"r\",8,0,false,false,false,false,false,true,\"n\",false,0,0,0]"}
2026-02-28T14:57:47.758+0300	DEBUG	logger/zap_logger.go:71	DEBUG: Saved row: 	{"rowKey": "testdb:pg_catalog:pg_class:row:1260:", "rowData": "[1260,\"pg_columns\",11,0,0,10,0,0,0,0,0,0,0,false,false,\"p\",\"r\",9,0,false,false,false,false,false,true,\"n\",false,0,0,0]"}
2026-02-28T14:57:47.758+0300	DEBUG	logger/zap_logger.go:71	DEBUG: Saved row: 	{"rowKey": "testdb:pg_catalog:pg_class:row:1261:", "rowData": "[1261,\"pg_class\",11,83,0,10,0,0,0,0,0,0,0,false,false,\"p\",\"r\",30,0,false,false,false,false,false,true,\"n\",false,0,0,0]"}
2026-02-28T14:57:47.758+0300	DEBUG	logger/zap_logger.go:71	DEBUG: Saved row: 	{"rowKey": "testdb:pg_catalog:pg_class:row:1249:", "rowData": "[1249,\"pg_attribute\",11,75,0,10,0,0,0,0,0,0,0,false,false,\"p\",\"r\",23,0,false,false,false,false,false,true,\"n\",false,0,0,0]"}
2026-02-28T14:57:47.758+0300	DEBUG	logger/zap_logger.go:71	DEBUG: Saved row: 	{"rowKey": "testdb:pg_catalog:pg_class:row:1255:", "rowData": "[1255,\"pg_proc\",11,81,0,10,0,0,0,0,0,0,0,false,false,\"p\",\"r\",29,0,false,false,false,false,false,true,\"n\",false,0,0,0]"}
2026-02-28T14:57:47.758+0300	DEBUG	logger/zap_logger.go:71	DEBUG: Saved row: 	{"rowKey": "testdb:pg_catalog:pg_class:row:1247:", "rowData": "[1247,\"pg_type\",11,71,0,10,0,0,0,0,0,0,0,false,false,\"p\",\"r\",31,0,false,false,false,false,false,true,\"n\",false,0,0,0]"}
2026-02-28T14:57:47.758+0300	DEBUG	logger/zap_logger.go:71	DEBUG: Saved row: 	{"rowKey": "testdb:pg_catalog:pg_class:row:2615:", "rowData": "[2615,\"pg_namespace\",11,2615,0,10,0,0,0,0,0,0,0,false,false,\"p\",\"r\",4,0,false,false,false,false,false,true,\"n\",false,0,0,0]"}
2026-02-28T14:57:47.758+0300	DEBUG	logger/zap_logger.go:71	DEBUG: Saved row: 	{"rowKey": "testdb:pg_catalog:pg_class:row:1262:", "rowData": "[1262,\"pg_database\",11,1248,0,10,0,0,0,0,0,0,0,false,false,\"p\",\"r\",14,0,false,false,false,false,false,true,\"n\",false,0,0,0]"}
2026-02-28T14:57:47.758+0300	DEBUG	logger/zap_logger.go:71	DEBUG: Saved row: 	{"rowKey": "testdb:pg_catalog:pg_class:row:1213:", "rowData": "[1213,\"pg_tablespace\",11,1213,0,10,0,0,0,0,0,0,0,false,false,\"p\",\"r\",5,0,false,false,false,false,false,true,\"n\",false,0,0,0]"}
2026-02-28T14:57:47.758+0300	DEBUG	logger/zap_logger.go:71	DEBUG: Saved row: 	{"rowKey": "testdb:pg_catalog:pg_class:row:1263:", "rowData": "[1263,\"pg_shdescription\",11,0,0,10,0,0,0,0,0,0,0,false,false,\"p\",\"r\",4,0,false,false,false,false,false,true,\"n\",false,0,0,0]"}
2026-02-28T14:57:47.758+0300	DEBUG	logger/zap_logger.go:71	DEBUG: Saved row: 	{"rowKey": "testdb:pg_catalog:pg_class:row:2601:", "rowData": "[2601,\"pg_am\",11,0,0,10,0,0,0,0,0,0,0,false,false,\"p\",\"r\",4,0,false,false,false,false,false,true,\"n\",false,0,0,0]"}
2026-02-28T14:57:47.758+0300	INFO	logger/zap_logger.go:76	[SynchronizerVClock] Loaded key	{"key": "testdb:pg_catalog:pg_class:row:1261:", "value": "[1261,\"pg_class\",11,83,0,10,0,0,0,0,0,0,0,false,false,\"p\",\"r\",30,0,false,false,false,false,false,true,\"n\",false,0,0,0]", "vclock": {"node1":50}}
2026-02-28T14:57:47.758+0300	DEBUG	logger/zap_logger.go:96	Executing: 

CREATE TABLE IF NOT EXISTS pg_catalog.pg_attribute (
    attrelid INTEGER,
    attname TEXT,
    atttypid INT,
    attstattarget INT,
    attlen INT,
    attnum INT,
    attndims INT,
    attcacheoff INT,
    atttypmod INT,
    attbyval BOOLEAN,
    attstorage CHAR(1),
    attalign CHAR(1),
    attnotnull BOOLEAN,
    atthasdef BOOLEAN,
    attidentity CHAR(1),
    attgenerated CHAR(1),
    attisdropped BOOLEAN,
    attislocal BOOLEAN,
    attinhcount INT,
    attcollation INT,
    attacl TEXT,
    attoptions TEXT,
    attfdwoptions TEXT,
    PRIMARY KEY (attrelid, attname)
)
2026-02-28T14:57:47.758+0300	INFO	logger/zap_logger.go:76	[SynchronizerVClock] Loaded key	{"key": "testdb:pg_catalog:pg_class:row:1262:", "value": "[1262,\"pg_database\",11,1248,0,10,0,0,0,0,0,0,0,false,false,\"p\",\"r\",14,0,false,false,false,false,false,true,\"n\",false,0,0,0]", "vclock": {"node1":51}}
2026-02-28T14:57:47.758+0300	INFO	logger/zap_logger.go:76	[SynchronizerVClock] Loaded key	{"key": "testdb:pg_catalog:pg_class:row:1213:", "value": "[1213,\"pg_tablespace\",11,1213,0,10,0,0,0,0,0,0,0,false,false,\"p\",\"r\",5,0,false,false,false,false,false,true,\"n\",false,0,0,0]", "vclock": {"node1":52}}
2026-02-28T14:57:47.758+0300	INFO	logger/zap_logger.go:76	[SynchronizerVClock] Loaded key	{"key": "testdb:pg_catalog:pg_class:row:1263:", "value": "[1263,\"pg_shdescription\",11,0,0,10,0,0,0,0,0,0,0,false,false,\"p\",\"r\",4,0,false,false,false,false,false,true,\"n\",false,0,0,0]", "vclock": {"node1":53}}
2026-02-28T14:57:47.758+0300	INFO	logger/zap_logger.go:76	[SynchronizerVClock] Loaded key	{"key": "testdb:pg_catalog:pg_class:row:1259:", "value": "[1259,\"pg_tables\",11,0,0,10,0,0,0,0,0,0,0,false,false,\"p\",\"r\",8,0,false,false,false,false,false,true,\"n\",false,0,0,0]", "vclock": {"node1":54}}
2026-02-28T14:57:47.759+0300	INFO	logger/zap_logger.go:76	[SynchronizerVClock] Loaded key	{"key": "testdb:pg_catalog:pg_class:row:1260:", "value": "[1260,\"pg_columns\",11,0,0,10,0,0,0,0,0,0,0,false,false,\"p\",\"r\",9,0,false,false,false,false,false,true,\"n\",false,0,0,0]", "vclock": {"node1":55}}
2026-02-28T14:57:47.759+0300	INFO	logger/zap_logger.go:76	[SynchronizerVClock] Loaded key	{"key": "testdb:pg_catalog:pg_class:row:1249:", "value": "[1249,\"pg_attribute\",11,75,0,10,0,0,0,0,0,0,0,false,false,\"p\",\"r\",23,0,false,false,false,false,false,true,\"n\",false,0,0,0]", "vclock": {"node1":56}}
2026-02-28T14:57:47.759+0300	INFO	logger/zap_logger.go:76	[SynchronizerVClock] Loaded key	{"key": "testdb:pg_catalog:pg_class:row:1255:", "value": "[1255,\"pg_proc\",11,81,0,10,0,0,0,0,0,0,0,false,false,\"p\",\"r\",29,0,false,false,false,false,false,true,\"n\",false,0,0,0]", "vclock": {"node1":57}}
2026-02-28T14:57:47.759+0300	INFO	logger/zap_logger.go:76	[SynchronizerVClock] Loaded key	{"key": "testdb:pg_catalog:pg_class:row:1247:", "value": "[1247,\"pg_type\",11,71,0,10,0,0,0,0,0,0,0,false,false,\"p\",\"r\",31,0,false,false,false,false,false,true,\"n\",false,0,0,0]", "vclock": {"node1":58}}
2026-02-28T14:57:47.759+0300	INFO	logger/zap_logger.go:76	[SynchronizerVClock] Loaded key	{"key": "testdb:pg_catalog:pg_class:row:2615:", "value": "[2615,\"pg_namespace\",11,2615,0,10,0,0,0,0,0,0,0,false,false,\"p\",\"r\",4,0,false,false,false,false,false,true,\"n\",false,0,0,0]", "vclock": {"node1":59}}
2026-02-28T14:57:47.759+0300	INFO	logger/zap_logger.go:76	[SynchronizerVClock] Loaded key	{"key": "testdb:pg_catalog:pg_class:row:2601:", "value": "[2601,\"pg_am\",11,0,0,10,0,0,0,0,0,0,0,false,false,\"p\",\"r\",4,0,false,false,false,false,false,true,\"n\",false,0,0,0]", "vclock": {"node1":60}}
2026-02-28T14:57:47.759+0300	DEBUG	logger/zap_logger.go:96	DEBUG: Parsed statement type: CREATE_TABLE

2026-02-28T14:57:47.759+0300	DEBUG	logger/zap_logger.go:96	Executing: 

INSERT INTO pg_catalog.pg_attribute (attrelid, attname, atttypid, attstattarget, attlen, attnum, attndims, attcacheoff, atttypmod, attbyval, attstorage, attalign, attnotnull, atthasdef, attidentity, attgenerated, attisdropped, attislocal, attinhcount, attcollation, attacl, attoptions, attfdwoptions) VALUES
(1, 'schemaname', 25, -1, -1, 1, 0, -1, -1, FALSE, 'p', 'i', FALSE, FALSE, '', '', FALSE, TRUE, 0, 0, NULL, NULL, NULL),
(1, 'schematable', 25, -1, -1, 2, 0, -1, -1, FALSE, 'p', 'i', FALSE, FALSE, '', '', FALSE, TRUE, 0, 0, NULL, NULL, NULL),
(1, 'tableowner', 25, -1, -1, 3, 0, -1, -1, FALSE, 'p', 'i', FALSE, FALSE, '', '', FALSE, TRUE, 0, 0, NULL, NULL, NULL),
(1, 'tablespace', 25, -1, -1, 4, 0, -1, -1, FALSE, 'p', 'i', TRUE, FALSE, '', '', FALSE, TRUE, 0, 0, NULL, NULL, NULL),
(1, 'hasindexes', 16, -1, 1, 5, 0, -1, -1, FALSE, 'p', 'i', FALSE, FALSE, '', '', FALSE, TRUE, 0, 0,NULL , NULL , NULL),
(1,'hasrules',16,-1 ,1 ,6 ,0 ,-1 ,-1 ,FALSE ,'p' ,'i' ,FALSE ,FALSE ,'' ,'' ,FALSE ,TRUE ,0 ,0 ,NULL ,NULL ,NULL),
(1,'hastriggers',16 ,-1 ,1 ,7 ,0 ,-1 ,-1 ,FALSE ,'p' ,'i' ,FALSE ,FALSE ,'' ,'' ,FALSE ,TRUE ,0 ,0 ,NULL ,NULL ,NULL),
(1,'rowsecurity',16 ,-1 ,1 ,8 ,0 ,-1 ,-1 ,FALSE ,'p' ,'i' ,FALSE ,FALSE ,'' ,'' ,FALSE ,TRUE ,0 ,0 ,NULL ,NULL ,NULL),
(2, 'table_schema', 25, -1, -1, 1, 0, -1, -1, FALSE, 'p', 'i', FALSE, FALSE, '', '', FALSE, TRUE, 0, 0, NULL, NULL, NULL),
(2, 'table_name', 25, -1, -1, 2, 0, -1, -1, FALSE, 'p', 'i', FALSE, FALSE, '', '', FALSE, TRUE, 0, 0, NULL, NULL, NULL),
(2, 'column_name', 25, -1, -1, 3, 0, -1, -1, FALSE, 'p', 'i', FALSE, FALSE, '', '', FALSE, TRUE, 0, 0, NULL, NULL, NULL),
(2, 'original_position', 23, -1, 4, 4, 0, -1, -1, FALSE, 'p', 'i', FALSE, FALSE, '', '', FALSE, TRUE, 0, 0, NULL, NULL, NULL),
(2, 'column_default', 25, -1, -1, 5, 0, -1, -1, TRUE, 'p', 'i', TRUE, FALSE, '', '', FALSE, TRUE, 0, 0, NULL, NULL, NULL),
(2, 'is_nullable', 16, -1, 1, 6, 0, -1, -1, FALSE, 'p', 'i', FALSE, FALSE, '', '', FALSE, TRUE, 0, 0, NULL, NULL, NULL),
(2, 'data_type', 25, -1, -1, 7, 0, -1, -1, FALSE, 'p', 'i', FALSE, FALSE, '', '', FALSE, TRUE, 0, 0, NULL, NULL, NULL),
(2, 'character_maximum_length', 23, -1, 4, 8, 0, -1, -1, TRUE, 'p', 'i', TRUE, FALSE, '', '', FALSE, TRUE, 0, 0, NULL, NULL, NULL),
(2, 'numeric_precision', 23, -1, 4, 9, 0, -1, -1, TRUE, 'p', 'i', TRUE, FALSE, '', '', FALSE, TRUE, 0, 0, NULL, NULL, NULL)
2026-02-28T14:57:47.759+0300	INFO	logger/zap_logger.go:76	[SynchronizerVClock] Loaded key	{"key": "schema:testdb:pg_catalog:pg_attribute:", "value": "{\"Name\":\"pg_catalog.pg_attribute\",\"Columns\":{\"attacl\":{\"Type\":0,\"IsNullable\":true,\"DefaultValue\":null,\"IsSerial\":false,\"IsUnique\":false,\"Idx\":21},\"attalign\":{\"Type\":0,\"IsNullable\":true,\"DefaultValue\":null,\"IsSerial\":false,\"IsUnique\":false,\"Idx\":12},\"attbyval\":{\"Type\":0,\"IsNullable\":true,\"DefaultValue\":null,\"IsSerial\":false,\"IsUnique\":false,\"Idx\":10},\"attcacheoff\":{\"Type\":1,\"IsNullable\":true,\"DefaultValue\":null,\"IsSerial\":false,\"IsUnique\":false,\"Idx\":8},\"attcollation\":{\"Type\":1,\"IsNullable\":true,\"DefaultValue\":null,\"IsSerial\":false,\"IsUnique\":false,\"Idx\":20},\"attfdwoptions\":{\"Type\":0,\"IsNullable\":true,\"DefaultValue\":null,\"IsSerial\":false,\"IsUnique\":false,\"Idx\":23},\"attgenerated\":{\"Type\":0,\"IsNullable\":true,\"DefaultValue\":null,\"IsSerial\":false,\"IsUnique\":false,\"Idx\":16},\"atthasdef\":{\"Type\":0,\"IsNullable\":true,\"DefaultValue\":null,\"IsSerial\":false,\"IsUnique\":false,\"Idx\":14},\"attidentity\":{\"Type\":0,\"IsNullable\":true,\"DefaultValue\":null,\"IsSerial\":false,\"IsUnique\":false,\"Idx\":15},\"attinhcount\":{\"Type\":1,\"IsNullable\":true,\"DefaultValue\":null,\"IsSerial\":false,\"IsUnique\":false,\"Idx\":19},\"attisdropped\":{\"Type\":0,\"IsNullable\":true,\"DefaultValue\":null,\"IsSerial\":false,\"IsUnique\":false,\"Idx\":17},\"attislocal\":{\"Type\":0,\"IsNullable\":true,\"DefaultValue\":null,\"IsSerial\":false,\"IsUnique\":false,\"Idx\":18},\"attlen\":{\"Type\":1,\"IsNullable\":true,\"DefaultValue\":null,\"IsSerial\":false,\"IsUnique\":false,\"Idx\":5},\"attname\":{\"Type\":0,\"IsNullable\":false,\"DefaultValue\":null,\"IsSerial\":false,\"IsUnique\":false,\"Idx\":2},\"attndims\":{\"Type\":1,\"IsNullable\":true,\"DefaultValue\":null,\"IsSerial\":false,\"IsUnique\":false,\"Idx\":7},\"attnotnull\":{\"Type\":0,\"IsNullable\":true,\"DefaultValue\":null,\"IsSerial\":false,\"IsUnique\":false,\"Idx\":13},\"attnum\":{\"Type\":1,\"IsNullable\":true,\"DefaultValue\":null,\"IsSerial\":false,\"IsUnique\":false,\"Idx\":6},\"attoptions\":{\"Type\":0,\"IsNullable\":true,\"DefaultValue\":null,\"IsSerial\":false,\"IsUnique\":false,\"Idx\":22},\"attrelid\":{\"Type\":0,\"IsNullable\":false,\"DefaultValue\":null,\"IsSerial\":false,\"IsUnique\":false,\"Idx\":1},\"attstattarget\":{\"Type\":1,\"IsNullable\":true,\"DefaultValue\":null,\"IsSerial\":false,\"IsUnique\":false,\"Idx\":4},\"attstorage\":{\"Type\":0,\"IsNullable\":true,\"DefaultValue\":null,\"IsSerial\":false,\"IsUnique\":false,\"Idx\":11},\"atttypid\":{\"Type\":1,\"IsNullable\":true,\"DefaultValue\":null,\"IsSerial\":false,\"IsUnique\":false,\"Idx\":3},\"atttypmod\":{\"Type\":1,\"IsNullable\":true,\"DefaultValue\":null,\"IsSerial\":false,\"IsUnique\":false,\"Idx\":9}},\"PrimaryKeys\":[1,2]}", "vclock": {"node1":61}}
2026-02-28T14:57:47.762+0300	DEBUG	logger/zap_logger.go:96	DEBUG: Parsed statement type: INSERT

2026-02-28T14:57:47.762+0300	DEBUG	logger/zap_logger.go:96	DEBUG: Insert into pg_catalog.pg_attribute: [[1 schemaname 25 -1 -1 1 0 -1 -1 false p i false false   false true 0 0 NULL NULL NULL] [1 schematable 25 -1 -1 2 0 -1 -1 false p i false false   false true 0 0 NULL NULL NULL] [1 tableowner 25 -1 -1 3 0 -1 -1 false p i false false   false true 0 0 NULL NULL NULL] [1 tablespace 25 -1 -1 4 0 -1 -1 false p i true false   false true 0 0 NULL NULL NULL] [1 hasindexes 16 -1 1 5 0 -1 -1 false p i false false   false true 0 0 NULL NULL NULL] [1 hasrules 16 -1 1 6 0 -1 -1 false p i false false   false true 0 0 NULL NULL NULL] [1 hastriggers 16 -1 1 7 0 -1 -1 false p i false false   false true 0 0 NULL NULL NULL] [1 rowsecurity 16 -1 1 8 0 -1 -1 false p i false false   false true 0 0 NULL NULL NULL] [2 table_schema 25 -1 -1 1 0 -1 -1 false p i false false   false true 0 0 NULL NULL NULL] [2 table_name 25 -1 -1 2 0 -1 -1 false p i false false   false true 0 0 NULL NULL NULL] [2 column_name 25 -1 -1 3 0 -1 -1 false p i false false   false true 0 0 NULL NULL NULL] [2 original_position 23 -1 4 4 0 -1 -1 false p i false false   false true 0 0 NULL NULL NULL] [2 column_default 25 -1 -1 5 0 -1 -1 true p i true false   false true 0 0 NULL NULL NULL] [2 is_nullable 16 -1 1 6 0 -1 -1 false p i false false   false true 0 0 NULL NULL NULL] [2 data_type 25 -1 -1 7 0 -1 -1 false p i false false   false true 0 0 NULL NULL NULL] [2 character_maximum_length 23 -1 4 8 0 -1 -1 true p i true false   false true 0 0 NULL NULL NULL] [2 numeric_precision 23 -1 4 9 0 -1 -1 true p i true false   false true 0 0 NULL NULL NULL]]

2026-02-28T14:57:47.762+0300	DEBUG	logger/zap_logger.go:71	DEBUG: Table metadata:	{"meta": {"Name":"pg_catalog.pg_attribute","Columns":{"attacl":{"Type":0,"IsNullable":true,"DefaultValue":null,"IsSerial":false,"IsUnique":false,"Idx":21},"attalign":{"Type":0,"IsNullable":true,"DefaultValue":null,"IsSerial":false,"IsUnique":false,"Idx":12},"attbyval":{"Type":0,"IsNullable":true,"DefaultValue":null,"IsSerial":false,"IsUnique":false,"Idx":10},"attcacheoff":{"Type":1,"IsNullable":true,"DefaultValue":null,"IsSerial":false,"IsUnique":false,"Idx":8},"attcollation":{"Type":1,"IsNullable":true,"DefaultValue":null,"IsSerial":false,"IsUnique":false,"Idx":20},"attfdwoptions":{"Type":0,"IsNullable":true,"DefaultValue":null,"IsSerial":false,"IsUnique":false,"Idx":23},"attgenerated":{"Type":0,"IsNullable":true,"DefaultValue":null,"IsSerial":false,"IsUnique":false,"Idx":16},"atthasdef":{"Type":0,"IsNullable":true,"DefaultValue":null,"IsSerial":false,"IsUnique":false,"Idx":14},"attidentity":{"Type":0,"IsNullable":true,"DefaultValue":null,"IsSerial":false,"IsUnique":false,"Idx":15},"attinhcount":{"Type":1,"IsNullable":true,"DefaultValue":null,"IsSerial":false,"IsUnique":false,"Idx":19},"attisdropped":{"Type":0,"IsNullable":true,"DefaultValue":null,"IsSerial":false,"IsUnique":false,"Idx":17},"attislocal":{"Type":0,"IsNullable":true,"DefaultValue":null,"IsSerial":false,"IsUnique":false,"Idx":18},"attlen":{"Type":1,"IsNullable":true,"DefaultValue":null,"IsSerial":false,"IsUnique":false,"Idx":5},"attname":{"Type":0,"IsNullable":false,"DefaultValue":null,"IsSerial":false,"IsUnique":false,"Idx":2},"attndims":{"Type":1,"IsNullable":true,"DefaultValue":null,"IsSerial":false,"IsUnique":false,"Idx":7},"attnotnull":{"Type":0,"IsNullable":true,"DefaultValue":null,"IsSerial":false,"IsUnique":false,"Idx":13},"attnum":{"Type":1,"IsNullable":true,"DefaultValue":null,"IsSerial":false,"IsUnique":false,"Idx":6},"attoptions":{"Type":0,"IsNullable":true,"DefaultValue":null,"IsSerial":false,"IsUnique":false,"Idx":22},"attrelid":{"Type":0,"IsNullable":false,"DefaultValue":null,"IsSerial":false,"IsUnique":false,"Idx":1},"attstattarget":{"Type":1,"IsNullable":true,"DefaultValue":null,"IsSerial":false,"IsUnique":false,"Idx":4},"attstorage":{"Type":0,"IsNullable":true,"DefaultValue":null,"IsSerial":false,"IsUnique":false,"Idx":11},"atttypid":{"Type":1,"IsNullable":true,"DefaultValue":null,"IsSerial":false,"IsUnique":false,"Idx":3},"atttypmod":{"Type":1,"IsNullable":true,"DefaultValue":null,"IsSerial":false,"IsUnique":false,"Idx":9}},"PrimaryKeys":[1,2]}}
2026-02-28T14:57:47.762+0300	DEBUG	logger/zap_logger.go:71	DEBUG: Saved row: 	{"rowKey": "testdb:pg_catalog:pg_attribute:row:1schemaname:", "rowData": "[1,\"schemaname\",25,-1,-1,1,0,-1,-1,false,\"p\",\"i\",false,false,\"\",\"\",false,true,0,0,\"NULL\",\"NULL\",\"NULL\"]"}
2026-02-28T14:57:47.762+0300	DEBUG	logger/zap_logger.go:71	DEBUG: Saved row: 	{"rowKey": "testdb:pg_catalog:pg_attribute:row:1schematable:", "rowData": "[1,\"schematable\",25,-1,-1,2,0,-1,-1,false,\"p\",\"i\",false,false,\"\",\"\",false,true,0,0,\"NULL\",\"NULL\",\"NULL\"]"}
2026-02-28T14:57:47.762+0300	DEBUG	logger/zap_logger.go:71	DEBUG: Saved row: 	{"rowKey": "testdb:pg_catalog:pg_attribute:row:1tableowner:", "rowData": "[1,\"tableowner\",25,-1,-1,3,0,-1,-1,false,\"p\",\"i\",false,false,\"\",\"\",false,true,0,0,\"NULL\",\"NULL\",\"NULL\"]"}
2026-02-28T14:57:47.762+0300	DEBUG	logger/zap_logger.go:71	DEBUG: Saved row: 	{"rowKey": "testdb:pg_catalog:pg_attribute:row:1tablespace:", "rowData": "[1,\"tablespace\",25,-1,-1,4,0,-1,-1,false,\"p\",\"i\",true,false,\"\",\"\",false,true,0,0,\"NULL\",\"NULL\",\"NULL\"]"}
2026-02-28T14:57:47.762+0300	DEBUG	logger/zap_logger.go:71	DEBUG: Saved row: 	{"rowKey": "testdb:pg_catalog:pg_attribute:row:1hasindexes:", "rowData": "[1,\"hasindexes\",16,-1,1,5,0,-1,-1,false,\"p\",\"i\",false,false,\"\",\"\",false,true,0,0,\"NULL\",\"NULL\",\"NULL\"]"}
2026-02-28T14:57:47.762+0300	DEBUG	logger/zap_logger.go:71	DEBUG: Saved row: 	{"rowKey": "testdb:pg_catalog:pg_attribute:row:1hasrules:", "rowData": "[1,\"hasrules\",16,-1,1,6,0,-1,-1,false,\"p\",\"i\",false,false,\"\",\"\",false,true,0,0,\"NULL\",\"NULL\",\"NULL\"]"}
2026-02-28T14:57:47.762+0300	DEBUG	logger/zap_logger.go:71	DEBUG: Saved row: 	{"rowKey": "testdb:pg_catalog:pg_attribute:row:1hastriggers:", "rowData": "[1,\"hastriggers\",16,-1,1,7,0,-1,-1,false,\"p\",\"i\",false,false,\"\",\"\",false,true,0,0,\"NULL\",\"NULL\",\"NULL\"]"}
2026-02-28T14:57:47.762+0300	DEBUG	logger/zap_logger.go:71	DEBUG: Saved row: 	{"rowKey": "testdb:pg_catalog:pg_attribute:row:1rowsecurity:", "rowData": "[1,\"rowsecurity\",16,-1,1,8,0,-1,-1,false,\"p\",\"i\",false,false,\"\",\"\",false,true,0,0,\"NULL\",\"NULL\",\"NULL\"]"}
2026-02-28T14:57:47.762+0300	DEBUG	logger/zap_logger.go:71	DEBUG: Saved row: 	{"rowKey": "testdb:pg_catalog:pg_attribute:row:2table_schema:", "rowData": "[2,\"table_schema\",25,-1,-1,1,0,-1,-1,false,\"p\",\"i\",false,false,\"\",\"\",false,true,0,0,\"NULL\",\"NULL\",\"NULL\"]"}
2026-02-28T14:57:47.762+0300	DEBUG	logger/zap_logger.go:71	DEBUG: Saved row: 	{"rowKey": "testdb:pg_catalog:pg_attribute:row:2table_name:", "rowData": "[2,\"table_name\",25,-1,-1,2,0,-1,-1,false,\"p\",\"i\",false,false,\"\",\"\",false,true,0,0,\"NULL\",\"NULL\",\"NULL\"]"}
2026-02-28T14:57:47.762+0300	DEBUG	logger/zap_logger.go:71	DEBUG: Saved row: 	{"rowKey": "testdb:pg_catalog:pg_attribute:row:2column_name:", "rowData": "[2,\"column_name\",25,-1,-1,3,0,-1,-1,false,\"p\",\"i\",false,false,\"\",\"\",false,true,0,0,\"NULL\",\"NULL\",\"NULL\"]"}
2026-02-28T14:57:47.762+0300	DEBUG	logger/zap_logger.go:71	DEBUG: Saved row: 	{"rowKey": "testdb:pg_catalog:pg_attribute:row:2original_position:", "rowData": "[2,\"original_position\",23,-1,4,4,0,-1,-1,false,\"p\",\"i\",false,false,\"\",\"\",false,true,0,0,\"NULL\",\"NULL\",\"NULL\"]"}
2026-02-28T14:57:47.762+0300	DEBUG	logger/zap_logger.go:71	DEBUG: Saved row: 	{"rowKey": "testdb:pg_catalog:pg_attribute:row:2column_default:", "rowData": "[2,\"column_default\",25,-1,-1,5,0,-1,-1,true,\"p\",\"i\",true,false,\"\",\"\",false,true,0,0,\"NULL\",\"NULL\",\"NULL\"]"}
2026-02-28T14:57:47.762+0300	DEBUG	logger/zap_logger.go:71	DEBUG: Saved row: 	{"rowKey": "testdb:pg_catalog:pg_attribute:row:2is_nullable:", "rowData": "[2,\"is_nullable\",16,-1,1,6,0,-1,-1,false,\"p\",\"i\",false,false,\"\",\"\",false,true,0,0,\"NULL\",\"NULL\",\"NULL\"]"}
2026-02-28T14:57:47.762+0300	DEBUG	logger/zap_logger.go:71	DEBUG: Saved row: 	{"rowKey": "testdb:pg_catalog:pg_attribute:row:2data_type:", "rowData": "[2,\"data_type\",25,-1,-1,7,0,-1,-1,false,\"p\",\"i\",false,false,\"\",\"\",false,true,0,0,\"NULL\",\"NULL\",\"NULL\"]"}
2026-02-28T14:57:47.762+0300	DEBUG	logger/zap_logger.go:71	DEBUG: Saved row: 	{"rowKey": "testdb:pg_catalog:pg_attribute:row:2character_maximum_length:", "rowData": "[2,\"character_maximum_length\",23,-1,4,8,0,-1,-1,true,\"p\",\"i\",true,false,\"\",\"\",false,true,0,0,\"NULL\",\"NULL\",\"NULL\"]"}
2026-02-28T14:57:47.762+0300	DEBUG	logger/zap_logger.go:71	DEBUG: Saved row: 	{"rowKey": "testdb:pg_catalog:pg_attribute:row:2numeric_precision:", "rowData": "[2,\"numeric_precision\",23,-1,4,9,0,-1,-1,true,\"p\",\"i\",true,false,\"\",\"\",false,true,0,0,\"NULL\",\"NULL\",\"NULL\"]"}
2026-02-28T14:57:47.762+0300	INFO	logger/zap_logger.go:76	[SynchronizerVClock] Loaded key	{"key": "testdb:pg_catalog:pg_attribute:row:1hastriggers:", "value": "[1,\"hastriggers\",16,-1,1,7,0,-1,-1,false,\"p\",\"i\",false,false,\"\",\"\",false,true,0,0,\"NULL\",\"NULL\",\"NULL\"]", "vclock": {"node1":62}}
2026-02-28T14:57:47.762+0300	INFO	logger/zap_logger.go:76	[SynchronizerVClock] Loaded key	{"key": "testdb:pg_catalog:pg_attribute:row:2table_name:", "value": "[2,\"table_name\",25,-1,-1,2,0,-1,-1,false,\"p\",\"i\",false,false,\"\",\"\",false,true,0,0,\"NULL\",\"NULL\",\"NULL\"]", "vclock": {"node1":63}}
2026-02-28T14:57:47.762+0300	INFO	logger/zap_logger.go:76	[SynchronizerVClock] Loaded key	{"key": "testdb:pg_catalog:pg_attribute:row:2column_name:", "value": "[2,\"column_name\",25,-1,-1,3,0,-1,-1,false,\"p\",\"i\",false,false,\"\",\"\",false,true,0,0,\"NULL\",\"NULL\",\"NULL\"]", "vclock": {"node1":64}}
2026-02-28T14:57:47.762+0300	DEBUG	logger/zap_logger.go:96	Executing: 

CREATE TABLE IF NOT EXISTS pg_catalog.pg_proc (
    oid INT,
    proname TEXT,
    pronamespace INT,
    proowner INT,
    prolang INT,
    procost FLOAT,
    prorows FLOAT,
    provariadic INT,
    protransform TEXT,
    proisagg BOOLEAN,
    proiswindow BOOLEAN,
    prosecdef BOOLEAN,
    proleakproof BOOLEAN,
    proisstrict BOOLEAN,
    proretset BOOLEAN,
    provolatile CHAR(1),
    proparallel CHAR(1),
    pronargs INT,
    pronargdefaults INT,
    prorettype INT,
    proargtypes TEXT,
    proallargtypes TEXT,
    proargmodes TEXT,
    proargnames TEXT,
    proargdefaults TEXT,
    protrftypes TEXT,
    prosrc TEXT,
    probin TEXT,
    proconfig TEXT,
    proacl TEXT
)
2026-02-28T14:57:47.762+0300	INFO	logger/zap_logger.go:76	[SynchronizerVClock] Loaded key	{"key": "testdb:pg_catalog:pg_attribute:row:2original_position:", "value": "[2,\"original_position\",23,-1,4,4,0,-1,-1,false,\"p\",\"i\",false,false,\"\",\"\",false,true,0,0,\"NULL\",\"NULL\",\"NULL\"]", "vclock": {"node1":65}}
2026-02-28T14:57:47.762+0300	INFO	logger/zap_logger.go:76	[SynchronizerVClock] Loaded key	{"key": "testdb:pg_catalog:pg_attribute:row:2is_nullable:", "value": "[2,\"is_nullable\",16,-1,1,6,0,-1,-1,false,\"p\",\"i\",false,false,\"\",\"\",false,true,0,0,\"NULL\",\"NULL\",\"NULL\"]", "vclock": {"node1":66}}
2026-02-28T14:57:47.762+0300	INFO	logger/zap_logger.go:76	[SynchronizerVClock] Loaded key	{"key": "testdb:pg_catalog:pg_attribute:row:2numeric_precision:", "value": "[2,\"numeric_precision\",23,-1,4,9,0,-1,-1,true,\"p\",\"i\",true,false,\"\",\"\",false,true,0,0,\"NULL\",\"NULL\",\"NULL\"]", "vclock": {"node1":67}}
2026-02-28T14:57:47.762+0300	INFO	logger/zap_logger.go:76	[SynchronizerVClock] Loaded key	{"key": "testdb:pg_catalog:pg_attribute:row:1tableowner:", "value": "[1,\"tableowner\",25,-1,-1,3,0,-1,-1,false,\"p\",\"i\",false,false,\"\",\"\",false,true,0,0,\"NULL\",\"NULL\",\"NULL\"]", "vclock": {"node1":68}}
2026-02-28T14:57:47.762+0300	INFO	logger/zap_logger.go:76	[SynchronizerVClock] Loaded key	{"key": "testdb:pg_catalog:pg_attribute:row:1rowsecurity:", "value": "[1,\"rowsecurity\",16,-1,1,8,0,-1,-1,false,\"p\",\"i\",false,false,\"\",\"\",false,true,0,0,\"NULL\",\"NULL\",\"NULL\"]", "vclock": {"node1":69}}
2026-02-28T14:57:47.762+0300	INFO	logger/zap_logger.go:76	[SynchronizerVClock] Loaded key	{"key": "testdb:pg_catalog:pg_attribute:row:1schemaname:", "value": "[1,\"schemaname\",25,-1,-1,1,0,-1,-1,false,\"p\",\"i\",false,false,\"\",\"\",false,true,0,0,\"NULL\",\"NULL\",\"NULL\"]", "vclock": {"node1":70}}
2026-02-28T14:57:47.762+0300	INFO	logger/zap_logger.go:76	[SynchronizerVClock] Loaded key	{"key": "testdb:pg_catalog:pg_attribute:row:2table_schema:", "value": "[2,\"table_schema\",25,-1,-1,1,0,-1,-1,false,\"p\",\"i\",false,false,\"\",\"\",false,true,0,0,\"NULL\",\"NULL\",\"NULL\"]", "vclock": {"node1":71}}
2026-02-28T14:57:47.762+0300	INFO	logger/zap_logger.go:76	[SynchronizerVClock] Loaded key	{"key": "testdb:pg_catalog:pg_attribute:row:2column_default:", "value": "[2,\"column_default\",25,-1,-1,5,0,-1,-1,true,\"p\",\"i\",true,false,\"\",\"\",false,true,0,0,\"NULL\",\"NULL\",\"NULL\"]", "vclock": {"node1":72}}
2026-02-28T14:57:47.762+0300	INFO	logger/zap_logger.go:76	[SynchronizerVClock] Loaded key	{"key": "testdb:pg_catalog:pg_attribute:row:2data_type:", "value": "[2,\"data_type\",25,-1,-1,7,0,-1,-1,false,\"p\",\"i\",false,false,\"\",\"\",false,true,0,0,\"NULL\",\"NULL\",\"NULL\"]", "vclock": {"node1":73}}
2026-02-28T14:57:47.762+0300	INFO	logger/zap_logger.go:76	[SynchronizerVClock] Loaded key	{"key": "testdb:pg_catalog:pg_attribute:row:2character_maximum_length:", "value": "[2,\"character_maximum_length\",23,-1,4,8,0,-1,-1,true,\"p\",\"i\",true,false,\"\",\"\",false,true,0,0,\"NULL\",\"NULL\",\"NULL\"]", "vclock": {"node1":74}}
2026-02-28T14:57:47.762+0300	INFO	logger/zap_logger.go:76	[SynchronizerVClock] Loaded key	{"key": "testdb:pg_catalog:pg_attribute:row:1schematable:", "value": "[1,\"schematable\",25,-1,-1,2,0,-1,-1,false,\"p\",\"i\",false,false,\"\",\"\",false,true,0,0,\"NULL\",\"NULL\",\"NULL\"]", "vclock": {"node1":75}}
2026-02-28T14:57:47.762+0300	INFO	logger/zap_logger.go:76	[SynchronizerVClock] Loaded key	{"key": "testdb:pg_catalog:pg_attribute:row:1tablespace:", "value": "[1,\"tablespace\",25,-1,-1,4,0,-1,-1,false,\"p\",\"i\",true,false,\"\",\"\",false,true,0,0,\"NULL\",\"NULL\",\"NULL\"]", "vclock": {"node1":76}}
2026-02-28T14:57:47.763+0300	INFO	logger/zap_logger.go:76	[SynchronizerVClock] Loaded key	{"key": "testdb:pg_catalog:pg_attribute:row:1hasindexes:", "value": "[1,\"hasindexes\",16,-1,1,5,0,-1,-1,false,\"p\",\"i\",false,false,\"\",\"\",false,true,0,0,\"NULL\",\"NULL\",\"NULL\"]", "vclock": {"node1":77}}
2026-02-28T14:57:47.763+0300	INFO	logger/zap_logger.go:76	[SynchronizerVClock] Loaded key	{"key": "testdb:pg_catalog:pg_attribute:row:1hasrules:", "value": "[1,\"hasrules\",16,-1,1,6,0,-1,-1,false,\"p\",\"i\",false,false,\"\",\"\",false,true,0,0,\"NULL\",\"NULL\",\"NULL\"]", "vclock": {"node1":78}}
2026-02-28T14:57:47.763+0300	DEBUG	logger/zap_logger.go:96	DEBUG: Parsed statement type: CREATE_TABLE

2026-02-28T14:57:47.763+0300	DEBUG	logger/zap_logger.go:96	Executing: 

CREATE TABLE IF NOT EXISTS pg_catalog.pg_type (
    oid INT,
    typname TEXT,
    typnamespace INT,
    typowner INT,
    typlen INT,
    typbyval BOOLEAN,
    typtype CHAR(1),
    typcategory CHAR(1),
    typispreferred BOOLEAN,
    typisdefined BOOLEAN,
    typdelim CHAR(1),
    typrelid INT,
    typelem INT,
    typarray INT,
    typinput TEXT,
    typoutput TEXT,
    typreceive TEXT,
    typsend TEXT,
    typmodin TEXT,
    typmodout TEXT,
    typanalyze TEXT,
    typalign CHAR(1),
    typstorage CHAR(1),
    typnotnull BOOLEAN,
    typbasetype INT,
    typtypmod INT,
    typndims INT,
    typcollation INT,
    typdefaultbin TEXT,
    typdefault TEXT,
    typacl TEXT,
    PRIMARY KEY (oid)
)
2026-02-28T14:57:47.763+0300	INFO	logger/zap_logger.go:76	[SynchronizerVClock] Loaded key	{"key": "schema:testdb:pg_catalog:pg_proc:", "value": "{\"Name\":\"pg_catalog.pg_proc\",\"Columns\":{\"oid\":{\"Type\":1,\"IsNullable\":true,\"DefaultValue\":null,\"IsSerial\":false,\"IsUnique\":false,\"Idx\":1},\"proacl\":{\"Type\":0,\"IsNullable\":true,\"DefaultValue\":null,\"IsSerial\":false,\"IsUnique\":false,\"Idx\":30},\"proallargtypes\":{\"Type\":0,\"IsNullable\":true,\"DefaultValue\":null,\"IsSerial\":false,\"IsUnique\":false,\"Idx\":22},\"proargdefaults\":{\"Type\":0,\"IsNullable\":true,\"DefaultValue\":null,\"IsSerial\":false,\"IsUnique\":false,\"Idx\":25},\"proargmodes\":{\"Type\":0,\"IsNullable\":true,\"DefaultValue\":null,\"IsSerial\":false,\"IsUnique\":false,\"Idx\":23},\"proargnames\":{\"Type\":0,\"IsNullable\":true,\"DefaultValue\":null,\"IsSerial\":false,\"IsUnique\":false,\"Idx\":24},\"proargtypes\":{\"Type\":0,\"IsNullable\":true,\"DefaultValue\":null,\"IsSerial\":false,\"IsUnique\":false,\"Idx\":21},\"probin\":{\"Type\":0,\"IsNullable\":true,\"DefaultValue\":null,\"IsSerial\":false,\"IsUnique\":false,\"Idx\":28},\"proconfig\":{\"Type\":0,\"IsNullable\":true,\"DefaultValue\":null,\"IsSerial\":false,\"IsUnique\":false,\"Idx\":29},\"procost\":{\"Type\":3,\"IsNullable\":true,\"DefaultValue\":null,\"IsSerial\":false,\"IsUnique\":false,\"Idx\":6},\"proisagg\":{\"Type\":0,\"IsNullable\":true,\"DefaultValue\":null,\"IsSerial\":false,\"IsUnique\":false,\"Idx\":10},\"proisstrict\":{\"Type\":0,\"IsNullable\":true,\"DefaultValue\":null,\"IsSerial\":false,\"IsUnique\":false,\"Idx\":14},\"proiswindow\":{\"Type\":0,\"IsNullable\":true,\"DefaultValue\":null,\"IsSerial\":false,\"IsUnique\":false,\"Idx\":11},\"prolang\":{\"Type\":1,\"IsNullable\":true,\"DefaultValue\":null,\"IsSerial\":false,\"IsUnique\":false,\"Idx\":5},\"proleakproof\":{\"Type\":0,\"IsNullable\":true,\"DefaultValue\":null,\"IsSerial\":false,\"IsUnique\":false,\"Idx\":13},\"proname\":{\"Type\":0,\"IsNullable\":true,\"DefaultValue\":null,\"IsSerial\":false,\"IsUnique\":false,\"Idx\":2},\"pronamespace\":{\"Type\":1,\"IsNullable\":true,\"DefaultValue\":null,\"IsSerial\":false,\"IsUnique\":false,\"Idx\":3},\"pronargdefaults\":{\"Type\":1,\"IsNullable\":true,\"DefaultValue\":null,\"IsSerial\":false,\"IsUnique\":false,\"Idx\":19},\"pronargs\":{\"Type\":1,\"IsNullable\":true,\"DefaultValue\":null,\"IsSerial\":false,\"IsUnique\":false,\"Idx\":18},\"proowner\":{\"Type\":1,\"IsNullable\":true,\"DefaultValue\":null,\"IsSerial\":false,\"IsUnique\":false,\"Idx\":4},\"proparallel\":{\"Type\":0,\"IsNullable\":true,\"DefaultValue\":null,\"IsSerial\":false,\"IsUnique\":false,\"Idx\":17},\"proretset\":{\"Type\":0,\"IsNullable\":true,\"DefaultValue\":null,\"IsSerial\":false,\"IsUnique\":false,\"Idx\":15},\"prorettype\":{\"Type\":1,\"IsNullable\":true,\"DefaultValue\":null,\"IsSerial\":false,\"IsUnique\":false,\"Idx\":20},\"prorows\":{\"Type\":3,\"IsNullable\":true,\"DefaultValue\":null,\"IsSerial\":false,\"IsUnique\":false,\"Idx\":7},\"prosecdef\":{\"Type\":0,\"IsNullable\":true,\"DefaultValue\":null,\"IsSerial\":false,\"IsUnique\":false,\"Idx\":12},\"prosrc\":{\"Type\":0,\"IsNullable\":true,\"DefaultValue\":null,\"IsSerial\":false,\"IsUnique\":false,\"Idx\":27},\"protransform\":{\"Type\":0,\"IsNullable\":true,\"DefaultValue\":null,\"IsSerial\":false,\"IsUnique\":false,\"Idx\":9},\"protrftypes\":{\"Type\":0,\"IsNullable\":true,\"DefaultValue\":null,\"IsSerial\":false,\"IsUnique\":false,\"Idx\":26},\"provariadic\":{\"Type\":1,\"IsNullable\":true,\"DefaultValue\":null,\"IsSerial\":false,\"IsUnique\":false,\"Idx\":8},\"provolatile\":{\"Type\":0,\"IsNullable\":true,\"DefaultValue\":null,\"IsSerial\":false,\"IsUnique\":false,\"Idx\":16}},\"PrimaryKeys\":[]}", "vclock": {"node1":79}}
2026-02-28T14:57:47.763+0300	DEBUG	logger/zap_logger.go:96	DEBUG: Parsed statement type: CREATE_TABLE

2026-02-28T14:57:47.763+0300	DEBUG	logger/zap_logger.go:96	Executing: 

INSERT INTO pg_catalog.pg_type (oid, typname, typnamespace, typowner, typlen, typbyval, typtype, typcategory, typispreferred, typisdefined, typdelim, typrelid, typelem, typarray, typinput, typoutput, typreceive, typsend, typmodin, typmodout, typanalyze, typalign, typstorage, typnotnull, typbasetype, typtypmod, typndims, typcollation, typdefaultbin, typdefault, typacl) VALUES
(16, 'bool', 11, 10, 1, TRUE, 'b', 'B', TRUE, TRUE, ',', 0, 0, 1000, 'boolin', 'boolout', 'boolrecv', 'boolsend', 'booltypmodin', 'booltypmodout', 'boolanalyze', 'c', 'p', FALSE, 0, -1, 0, 0, NULL, NULL, NULL),
(17, 'bytea', 11, 10, -1, FALSE, 'b', 'U', FALSE, TRUE, ',', 0, 0, 1001, 'byteain', 'byteaout', 'bytearecv', 'byteasend', '-', '-', '-', 'i', 'x', FALSE, 0, -1, 0, 0, NULL, NULL, NULL),
(18, 'char', 11, 10, 1, TRUE, 'b', 'Z', FALSE, TRUE, ',', 0, 0, 1002, 'charin', 'charout', 'charrecv', 'charsend', '-', '-', '-', 'c', 'p', FALSE, 0, -1, 0, 0, NULL, NULL, NULL),
(19, 'name', 11, 10, 64, FALSE, 'b', 'S', FALSE, TRUE, ',', 0, 0, 1003, 'namein', 'nameout', 'namerecv', 'namesend', '-', '-', '-', 'c', 'p', FALSE, 0, -1, 0, 950, NULL, NULL, NULL),
(20, 'int8', 11, 10, 8, TRUE, 'b', 'N', FALSE, TRUE, ',', 0, 0, 1016, 'int8in', 'int8out', 'int8recv', 'int8send', '-', '-', '-', 'd', 'p', FALSE, 0, -1, 0, 0, NULL, NULL, NULL),
(21, 'int2', 11, 10, 2, TRUE, 'b', 'N', FALSE, TRUE, ',', 0, 0, 1005, 'int2in', 'int2out', 'int2recv', 'int2send', '-', '-', '-', 's', 'p', FALSE, 0, -1, 0, 0, NULL, NULL, NULL),
(23, 'int4', 11, 10, 4, TRUE, 'b', 'N', TRUE, TRUE, ',', 0, 0, 1007, 'int4in', 'int4out', 'int4recv', 'int4send', 'int4typmodin', 'int4typmodout', 'int4analyze', 'i', 'p', FALSE, 0, -1, 0, 0, NULL, NULL, NULL),
(24, 'regproc', 11, 10, 4, TRUE, 'b', 'N', FALSE, TRUE, ',', 0, 0, 1008, 'regprocin', 'regprocout', 'regprocrecv', 'regprocsend', '-', '-', '-', 'i', 'p', FALSE, 0, -1, 0, 0, NULL, NULL, NULL),
(25, 'text', 11, 10, -1, FALSE, 'b', 'S', TRUE, TRUE, ',', 0, 0, 1009, 'textin', 'textout', 'textrecv', 'textsend', 'texttypmodin', 'texttypmodout', 'textanalyze', 'i', 'e', FALSE, 0, -1, 0, 0, NULL, NULL, NULL),
(26, 'oid', 11, 10, 4, TRUE, 'b', 'N', TRUE, TRUE, ',', 0, 0, 1028, 'oidin', 'oidout', 'oidrecv', 'oidsend', '-', '-', '-', 'i', 'p', FALSE, 0, -1, 0, 0, NULL, NULL, NULL),
(700, 'float4', 11, 10, 4, TRUE, 'b', 'N', FALSE, TRUE, ',', 0, 0, 1021, 'float4in', 'float4out', 'float4recv', 'float4send', '-', '-', '-', 'i', 'p', FALSE, 0, -1, 0, 0, NULL, NULL, NULL),
(701, 'float8', 11, 10, 8, TRUE, 'b', 'N', TRUE, TRUE, ',', 0, 0, 1022, 'float8in', 'float8out', 'float8recv', 'float8send', '-', '-', '-', 'd', 'p', FALSE, 0, -1, 0, 0, NULL, NULL, NULL),
(1043, 'varchar', 11, 10, -1, FALSE, 'b', 'S', FALSE, TRUE, ',', 0, 0, 1015, 'varcharin', 'varcharout', 'varcharrecv', 'varcharsend', 'varchartypmodin', 'varchartypmodout', '-', 'i', 'e', FALSE, 0, -1, 0, 100, NULL, NULL, NULL),
(1082, 'date', 11, 10, 4, TRUE, 'b', 'D', FALSE, TRUE, ',', 0, 0, 1182, 'date_in', 'date_out', 'date_recv', 'date_send', '-', '-', '-', 'i', 'p', FALSE, 0, -1, 0, 0, NULL, NULL, NULL),
(1083, 'time', 11, 10, 8, TRUE, 'b', 'D', FALSE, TRUE, ',', 0, 0, 1183, 'time_in', 'time_out', 'time_recv', 'time_send', 'timetypmodin', 'timetypmodout', '-', 'd', 'p', FALSE, 0, -1, 0, 0, NULL, NULL, NULL),
(1114, 'timestamp', 11, 10, 8, TRUE, 'b', 'D', FALSE, TRUE, ',', 0, 0, 1115, 'timestamp_in', 'timestamp_out', 'timestamp_recv', 'timestamp_send', 'timestamptypmodin', 'timestamptypmodout', '-', 'd', 'p', FALSE, 0, -1, 0, 0, NULL, NULL, NULL),
(1184, 'timestamptz', 11, 10, 8, TRUE, 'b', 'D', TRUE, TRUE, ',', 0, 0, 1185, 'timestamptz_in', 'timestamptz_out', 'timestamptz_recv', 'timestamptz_send', 'timestamptztypmodin', 'timestamptztypmodout', '-', 'd', 'p', FALSE, 0, -1, 0, 0, NULL, NULL, NULL),
(1700, 'numeric', 11, 10, -1, FALSE, 'b', 'N', FALSE, TRUE, ',', 0, 0, 1231, 'numeric_in', 'numeric_out', 'numeric_recv', 'numeric_send', 'numerictypmodin', 'numerictypmodout', '-', 'i', 'm', FALSE, 0, -1, 0, 0, NULL, NULL, NULL),
(2950, 'uuid', 11, 10, 16, FALSE, 'b', 'U', FALSE, TRUE, ',', 0, 0, 2951, 'uuid_in', 'uuid_out', 'uuid_recv', 'uuid_send', '-', '-', '-', 'c', 'p', FALSE, 0, -1, 0, 0, NULL, NULL, NULL),
(114, 'json', 11, 10, -1, FALSE, 'b', 'U', FALSE, TRUE, ',', 0, 0, 199, 'json_in', 'json_out', 'json_recv', 'json_send', '-', '-', '-', 'i', 'e', FALSE, 0, -1, 0, 0, NULL, NULL, NULL),
(3802, 'jsonb', 11, 10, -1, FALSE, 'b', 'U', FALSE, TRUE, ',', 0, 0, 3807, 'jsonb_in', 'jsonb_out', 'jsonb_recv', 'jsonb_send', '-', '-', '-', 'i', 'e', FALSE, 0, -1, 0, 0, NULL, NULL, NULL),
(1042, 'bpchar', 11, 10, -1, FALSE, 'b', 'S', FALSE, TRUE, ',', 0, 0, 1014, 'bpcharin', 'bpcharout', 'bpcharrecv', 'bpcharsend', 'bpchartypmodin', 'bpchartypmodout', '-', 'i', 'e', FALSE, 0, -1, 0, 100, NULL, NULL, NULL),
-- Domain types examples (typtype='d' based on base types)
(100001, 'positive_int', 11, 10, 4, TRUE, 'd', 'N', FALSE, TRUE, ',', 0, 0, 0, 'int4in', 'int4out', 'int4recv', 'int4send', '-', '-', '-', 'i', 'p', FALSE, 23, -1, 0, 0, NULL, NULL, NULL),
(100002, 'email_address', 11, 10, -1, FALSE, 'd', 'S', FALSE, TRUE, ',', 0, 0, 0, 'textin', 'textout', 'textrecv', 'textsend', '-', '-', '-', 'i', 'e', FALSE, 25, -1, 0, 0, NULL, NULL, NULL),
(100003, 'us_postal_code', 11, 10, -1, FALSE, 'd', 'S', FALSE, TRUE, ',', 0, 0, 0, 'textin', 'textout', 'textrecv', 'textsend', '-', '-', '-', 'i', 'e', FALSE, 25, -1, 0, 0, NULL, NULL, NULL)
2026-02-28T14:57:47.763+0300	INFO	logger/zap_logger.go:76	[SynchronizerVClock] Loaded key	{"key": "schema:testdb:pg_catalog:pg_type:", "value": "{\"Name\":\"pg_catalog.pg_type\",\"Columns\":{\"oid\":{\"Type\":1,\"IsNullable\":false,\"DefaultValue\":null,\"IsSerial\":false,\"IsUnique\":false,\"Idx\":1},\"typacl\":{\"Type\":0,\"IsNullable\":true,\"DefaultValue\":null,\"IsSerial\":false,\"IsUnique\":false,\"Idx\":31},\"typalign\":{\"Type\":0,\"IsNullable\":true,\"DefaultValue\":null,\"IsSerial\":false,\"IsUnique\":false,\"Idx\":22},\"typanalyze\":{\"Type\":0,\"IsNullable\":true,\"DefaultValue\":null,\"IsSerial\":false,\"IsUnique\":false,\"Idx\":21},\"typarray\":{\"Type\":1,\"IsNullable\":true,\"DefaultValue\":null,\"IsSerial\":false,\"IsUnique\":false,\"Idx\":14},\"typbasetype\":{\"Type\":1,\"IsNullable\":true,\"DefaultValue\":null,\"IsSerial\":false,\"IsUnique\":false,\"Idx\":25},\"typbyval\":{\"Type\":0,\"IsNullable\":true,\"DefaultValue\":null,\"IsSerial\":false,\"IsUnique\":false,\"Idx\":6},\"typcategory\":{\"Type\":0,\"IsNullable\":true,\"DefaultValue\":null,\"IsSerial\":false,\"IsUnique\":false,\"Idx\":8},\"typcollation\":{\"Type\":1,\"IsNullable\":true,\"DefaultValue\":null,\"IsSerial\":false,\"IsUnique\":false,\"Idx\":28},\"typdefault\":{\"Type\":0,\"IsNullable\":true,\"DefaultValue\":null,\"IsSerial\":false,\"IsUnique\":false,\"Idx\":30},\"typdefaultbin\":{\"Type\":0,\"IsNullable\":true,\"DefaultValue\":null,\"IsSerial\":false,\"IsUnique\":false,\"Idx\":29},\"typdelim\":{\"Type\":0,\"IsNullable\":true,\"DefaultValue\":null,\"IsSerial\":false,\"IsUnique\":false,\"Idx\":11},\"typelem\":{\"Type\":1,\"IsNullable\":true,\"DefaultValue\":null,\"IsSerial\":false,\"IsUnique\":false,\"Idx\":13},\"typinput\":{\"Type\":0,\"IsNullable\":true,\"DefaultValue\":null,\"IsSerial\":false,\"IsUnique\":false,\"Idx\":15},\"typisdefined\":{\"Type\":0,\"IsNullable\":true,\"DefaultValue\":null,\"IsSerial\":false,\"IsUnique\":false,\"Idx\":10},\"typispreferred\":{\"Type\":0,\"IsNullable\":true,\"DefaultValue\":null,\"IsSerial\":false,\"IsUnique\":false,\"Idx\":9},\"typlen\":{\"Type\":1,\"IsNullable\":true,\"DefaultValue\":null,\"IsSerial\":false,\"IsUnique\":false,\"Idx\":5},\"typmodin\":{\"Type\":0,\"IsNullable\":true,\"DefaultValue\":null,\"IsSerial\":false,\"IsUnique\":false,\"Idx\":19},\"typmodout\":{\"Type\":0,\"IsNullable\":true,\"DefaultValue\":null,\"IsSerial\":false,\"IsUnique\":false,\"Idx\":20},\"typname\":{\"Type\":0,\"IsNullable\":true,\"DefaultValue\":null,\"IsSerial\":false,\"IsUnique\":false,\"Idx\":2},\"typnamespace\":{\"Type\":1,\"IsNullable\":true,\"DefaultValue\":null,\"IsSerial\":false,\"IsUnique\":false,\"Idx\":3},\"typndims\":{\"Type\":1,\"IsNullable\":true,\"DefaultValue\":null,\"IsSerial\":false,\"IsUnique\":false,\"Idx\":27},\"typnotnull\":{\"Type\":0,\"IsNullable\":true,\"DefaultValue\":null,\"IsSerial\":false,\"IsUnique\":false,\"Idx\":24},\"typoutput\":{\"Type\":0,\"IsNullable\":true,\"DefaultValue\":null,\"IsSerial\":false,\"IsUnique\":false,\"Idx\":16},\"typowner\":{\"Type\":1,\"IsNullable\":true,\"DefaultValue\":null,\"IsSerial\":false,\"IsUnique\":false,\"Idx\":4},\"typreceive\":{\"Type\":0,\"IsNullable\":true,\"DefaultValue\":null,\"IsSerial\":false,\"IsUnique\":false,\"Idx\":17},\"typrelid\":{\"Type\":1,\"IsNullable\":true,\"DefaultValue\":null,\"IsSerial\":false,\"IsUnique\":false,\"Idx\":12},\"typsend\":{\"Type\":0,\"IsNullable\":true,\"DefaultValue\":null,\"IsSerial\":false,\"IsUnique\":false,\"Idx\":18},\"typstorage\":{\"Type\":0,\"IsNullable\":true,\"DefaultValue\":null,\"IsSerial\":false,\"IsUnique\":false,\"Idx\":23},\"typtype\":{\"Type\":0,\"IsNullable\":true,\"DefaultValue\":null,\"IsSerial\":false,\"IsUnique\":false,\"Idx\":7},\"typtypmod\":{\"Type\":1,\"IsNullable\":true,\"DefaultValue\":null,\"IsSerial\":false,\"IsUnique\":false,\"Idx\":26}},\"PrimaryKeys\":[1]}", "vclock": {"node1":80}}
2026-02-28T14:57:47.767+0300	DEBUG	logger/zap_logger.go:96	DEBUG: Parsed statement type: INSERT

2026-02-28T14:57:47.767+0300	DEBUG	logger/zap_logger.go:96	DEBUG: Insert into pg_catalog.pg_type: [[16 bool 11 10 1 true b B true true , 0 0 1000 boolin boolout boolrecv boolsend booltypmodin booltypmodout boolanalyze c p false 0 -1 0 0 NULL NULL NULL] [17 bytea 11 10 -1 false b U false true , 0 0 1001 byteain byteaout bytearecv byteasend - - - i x false 0 -1 0 0 NULL NULL NULL] [18 char 11 10 1 true b Z false true , 0 0 1002 charin charout charrecv charsend - - - c p false 0 -1 0 0 NULL NULL NULL] [19 name 11 10 64 false b S false true , 0 0 1003 namein nameout namerecv namesend - - - c p false 0 -1 0 950 NULL NULL NULL] [20 int8 11 10 8 true b N false true , 0 0 1016 int8in int8out int8recv int8send - - - d p false 0 -1 0 0 NULL NULL NULL] [21 int2 11 10 2 true b N false true , 0 0 1005 int2in int2out int2recv int2send - - - s p false 0 -1 0 0 NULL NULL NULL] [23 int4 11 10 4 true b N true true , 0 0 1007 int4in int4out int4recv int4send int4typmodin int4typmodout int4analyze i p false 0 -1 0 0 NULL NULL NULL] [24 regproc 11 10 4 true b N false true , 0 0 1008 regprocin regprocout regprocrecv regprocsend - - - i p false 0 -1 0 0 NULL NULL NULL] [25 text 11 10 -1 false b S true true , 0 0 1009 textin textout textrecv textsend texttypmodin texttypmodout textanalyze i e false 0 -1 0 0 NULL NULL NULL] [26 oid 11 10 4 true b N true true , 0 0 1028 oidin oidout oidrecv oidsend - - - i p false 0 -1 0 0 NULL NULL NULL] [700 float4 11 10 4 true b N false true , 0 0 1021 float4in float4out float4recv float4send - - - i p false 0 -1 0 0 NULL NULL NULL] [701 float8 11 10 8 true b N true true , 0 0 1022 float8in float8out float8recv float8send - - - d p false 0 -1 0 0 NULL NULL NULL] [1043 varchar 11 10 -1 false b S false true , 0 0 1015 varcharin varcharout varcharrecv varcharsend varchartypmodin varchartypmodout - i e false 0 -1 0 100 NULL NULL NULL] [1082 date 11 10 4 true b D false true , 0 0 1182 date_in date_out date_recv date_send - - - i p false 0 -1 0 0 NULL NULL NULL] [1083 time 11 10 8 true b D false true , 0 0 1183 time_in time_out time_recv time_send timetypmodin timetypmodout - d p false 0 -1 0 0 NULL NULL NULL] [1114 timestamp 11 10 8 true b D false true , 0 0 1115 timestamp_in timestamp_out timestamp_recv timestamp_send timestamptypmodin timestamptypmodout - d p false 0 -1 0 0 NULL NULL NULL] [1184 timestamptz 11 10 8 true b D true true , 0 0 1185 timestamptz_in timestamptz_out timestamptz_recv timestamptz_send timestamptztypmodin timestamptztypmodout - d p false 0 -1 0 0 NULL NULL NULL] [1700 numeric 11 10 -1 false b N false true , 0 0 1231 numeric_in numeric_out numeric_recv numeric_send numerictypmodin numerictypmodout - i m false 0 -1 0 0 NULL NULL NULL] [2950 uuid 11 10 16 false b U false true , 0 0 2951 uuid_in uuid_out uuid_recv uuid_send - - - c p false 0 -1 0 0 NULL NULL NULL] [114 json 11 10 -1 false b U false true , 0 0 199 json_in json_out json_recv json_send - - - i e false 0 -1 0 0 NULL NULL NULL] [3802 jsonb 11 10 -1 false b U false true , 0 0 3807 jsonb_in jsonb_out jsonb_recv jsonb_send - - - i e false 0 -1 0 0 NULL NULL NULL] [1042 bpchar 11 10 -1 false b S false true , 0 0 1014 bpcharin bpcharout bpcharrecv bpcharsend bpchartypmodin bpchartypmodout - i e false 0 -1 0 100 NULL NULL NULL] [100001 positive_int 11 10 4 true d N false true , 0 0 0 int4in int4out int4recv int4send - - - i p false 23 -1 0 0 NULL NULL NULL] [100002 email_address 11 10 -1 false d S false true , 0 0 0 textin textout textrecv textsend - - - i e false 25 -1 0 0 NULL NULL NULL] [100003 us_postal_code 11 10 -1 false d S false true , 0 0 0 textin textout textrecv textsend - - - i e false 25 -1 0 0 NULL NULL NULL]]

2026-02-28T14:57:47.767+0300	DEBUG	logger/zap_logger.go:71	DEBUG: Table metadata:	{"meta": {"Name":"pg_catalog.pg_type","Columns":{"oid":{"Type":1,"IsNullable":false,"DefaultValue":null,"IsSerial":false,"IsUnique":false,"Idx":1},"typacl":{"Type":0,"IsNullable":true,"DefaultValue":null,"IsSerial":false,"IsUnique":false,"Idx":31},"typalign":{"Type":0,"IsNullable":true,"DefaultValue":null,"IsSerial":false,"IsUnique":false,"Idx":22},"typanalyze":{"Type":0,"IsNullable":true,"DefaultValue":null,"IsSerial":false,"IsUnique":false,"Idx":21},"typarray":{"Type":1,"IsNullable":true,"DefaultValue":null,"IsSerial":false,"IsUnique":false,"Idx":14},"typbasetype":{"Type":1,"IsNullable":true,"DefaultValue":null,"IsSerial":false,"IsUnique":false,"Idx":25},"typbyval":{"Type":0,"IsNullable":true,"DefaultValue":null,"IsSerial":false,"IsUnique":false,"Idx":6},"typcategory":{"Type":0,"IsNullable":true,"DefaultValue":null,"IsSerial":false,"IsUnique":false,"Idx":8},"typcollation":{"Type":1,"IsNullable":true,"DefaultValue":null,"IsSerial":false,"IsUnique":false,"Idx":28},"typdefault":{"Type":0,"IsNullable":true,"DefaultValue":null,"IsSerial":false,"IsUnique":false,"Idx":30},"typdefaultbin":{"Type":0,"IsNullable":true,"DefaultValue":null,"IsSerial":false,"IsUnique":false,"Idx":29},"typdelim":{"Type":0,"IsNullable":true,"DefaultValue":null,"IsSerial":false,"IsUnique":false,"Idx":11},"typelem":{"Type":1,"IsNullable":true,"DefaultValue":null,"IsSerial":false,"IsUnique":false,"Idx":13},"typinput":{"Type":0,"IsNullable":true,"DefaultValue":null,"IsSerial":false,"IsUnique":false,"Idx":15},"typisdefined":{"Type":0,"IsNullable":true,"DefaultValue":null,"IsSerial":false,"IsUnique":false,"Idx":10},"typispreferred":{"Type":0,"IsNullable":true,"DefaultValue":null,"IsSerial":false,"IsUnique":false,"Idx":9},"typlen":{"Type":1,"IsNullable":true,"DefaultValue":null,"IsSerial":false,"IsUnique":false,"Idx":5},"typmodin":{"Type":0,"IsNullable":true,"DefaultValue":null,"IsSerial":false,"IsUnique":false,"Idx":19},"typmodout":{"Type":0,"IsNullable":true,"DefaultValue":null,"IsSerial":false,"IsUnique":false,"Idx":20},"typname":{"Type":0,"IsNullable":true,"DefaultValue":null,"IsSerial":false,"IsUnique":false,"Idx":2},"typnamespace":{"Type":1,"IsNullable":true,"DefaultValue":null,"IsSerial":false,"IsUnique":false,"Idx":3},"typndims":{"Type":1,"IsNullable":true,"DefaultValue":null,"IsSerial":false,"IsUnique":false,"Idx":27},"typnotnull":{"Type":0,"IsNullable":true,"DefaultValue":null,"IsSerial":false,"IsUnique":false,"Idx":24},"typoutput":{"Type":0,"IsNullable":true,"DefaultValue":null,"IsSerial":false,"IsUnique":false,"Idx":16},"typowner":{"Type":1,"IsNullable":true,"DefaultValue":null,"IsSerial":false,"IsUnique":false,"Idx":4},"typreceive":{"Type":0,"IsNullable":true,"DefaultValue":null,"IsSerial":false,"IsUnique":false,"Idx":17},"typrelid":{"Type":1,"IsNullable":true,"DefaultValue":null,"IsSerial":false,"IsUnique":false,"Idx":12},"typsend":{"Type":0,"IsNullable":true,"DefaultValue":null,"IsSerial":false,"IsUnique":false,"Idx":18},"typstorage":{"Type":0,"IsNullable":true,"DefaultValue":null,"IsSerial":false,"IsUnique":false,"Idx":23},"typtype":{"Type":0,"IsNullable":true,"DefaultValue":null,"IsSerial":false,"IsUnique":false,"Idx":7},"typtypmod":{"Type":1,"IsNullable":true,"DefaultValue":null,"IsSerial":false,"IsUnique":false,"Idx":26}},"PrimaryKeys":[1]}}
2026-02-28T14:57:47.767+0300	DEBUG	logger/zap_logger.go:71	DEBUG: Saved row: 	{"rowKey": "testdb:pg_catalog:pg_type:row:16:", "rowData": "[16,\"bool\",11,10,1,true,\"b\",\"B\",true,true,\",\",0,0,1000,\"boolin\",\"boolout\",\"boolrecv\",\"boolsend\",\"booltypmodin\",\"booltypmodout\",\"boolanalyze\",\"c\",\"p\",false,0,-1,0,0,\"NULL\",\"NULL\",\"NULL\"]"}
2026-02-28T14:57:47.768+0300	DEBUG	logger/zap_logger.go:71	DEBUG: Saved row: 	{"rowKey": "testdb:pg_catalog:pg_type:row:17:", "rowData": "[17,\"bytea\",11,10,-1,false,\"b\",\"U\",false,true,\",\",0,0,1001,\"byteain\",\"byteaout\",\"bytearecv\",\"byteasend\",\"-\",\"-\",\"-\",\"i\",\"x\",false,0,-1,0,0,\"NULL\",\"NULL\",\"NULL\"]"}
2026-02-28T14:57:47.768+0300	DEBUG	logger/zap_logger.go:71	DEBUG: Saved row: 	{"rowKey": "testdb:pg_catalog:pg_type:row:18:", "rowData": "[18,\"char\",11,10,1,true,\"b\",\"Z\",false,true,\",\",0,0,1002,\"charin\",\"charout\",\"charrecv\",\"charsend\",\"-\",\"-\",\"-\",\"c\",\"p\",false,0,-1,0,0,\"NULL\",\"NULL\",\"NULL\"]"}
2026-02-28T14:57:47.768+0300	DEBUG	logger/zap_logger.go:71	DEBUG: Saved row: 	{"rowKey": "testdb:pg_catalog:pg_type:row:19:", "rowData": "[19,\"name\",11,10,64,false,\"b\",\"S\",false,true,\",\",0,0,1003,\"namein\",\"nameout\",\"namerecv\",\"namesend\",\"-\",\"-\",\"-\",\"c\",\"p\",false,0,-1,0,950,\"NULL\",\"NULL\",\"NULL\"]"}
2026-02-28T14:57:47.768+0300	DEBUG	logger/zap_logger.go:71	DEBUG: Saved row: 	{"rowKey": "testdb:pg_catalog:pg_type:row:20:", "rowData": "[20,\"int8\",11,10,8,true,\"b\",\"N\",false,true,\",\",0,0,1016,\"int8in\",\"int8out\",\"int8recv\",\"int8send\",\"-\",\"-\",\"-\",\"d\",\"p\",false,0,-1,0,0,\"NULL\",\"NULL\",\"NULL\"]"}
2026-02-28T14:57:47.768+0300	DEBUG	logger/zap_logger.go:71	DEBUG: Saved row: 	{"rowKey": "testdb:pg_catalog:pg_type:row:21:", "rowData": "[21,\"int2\",11,10,2,true,\"b\",\"N\",false,true,\",\",0,0,1005,\"int2in\",\"int2out\",\"int2recv\",\"int2send\",\"-\",\"-\",\"-\",\"s\",\"p\",false,0,-1,0,0,\"NULL\",\"NULL\",\"NULL\"]"}
2026-02-28T14:57:47.768+0300	DEBUG	logger/zap_logger.go:71	DEBUG: Saved row: 	{"rowKey": "testdb:pg_catalog:pg_type:row:23:", "rowData": "[23,\"int4\",11,10,4,true,\"b\",\"N\",true,true,\",\",0,0,1007,\"int4in\",\"int4out\",\"int4recv\",\"int4send\",\"int4typmodin\",\"int4typmodout\",\"int4analyze\",\"i\",\"p\",false,0,-1,0,0,\"NULL\",\"NULL\",\"NULL\"]"}
2026-02-28T14:57:47.768+0300	DEBUG	logger/zap_logger.go:71	DEBUG: Saved row: 	{"rowKey": "testdb:pg_catalog:pg_type:row:24:", "rowData": "[24,\"regproc\",11,10,4,true,\"b\",\"N\",false,true,\",\",0,0,1008,\"regprocin\",\"regprocout\",\"regprocrecv\",\"regprocsend\",\"-\",\"-\",\"-\",\"i\",\"p\",false,0,-1,0,0,\"NULL\",\"NULL\",\"NULL\"]"}
2026-02-28T14:57:47.768+0300	DEBUG	logger/zap_logger.go:71	DEBUG: Saved row: 	{"rowKey": "testdb:pg_catalog:pg_type:row:25:", "rowData": "[25,\"text\",11,10,-1,false,\"b\",\"S\",true,true,\",\",0,0,1009,\"textin\",\"textout\",\"textrecv\",\"textsend\",\"texttypmodin\",\"texttypmodout\",\"textanalyze\",\"i\",\"e\",false,0,-1,0,0,\"NULL\",\"NULL\",\"NULL\"]"}
2026-02-28T14:57:47.768+0300	DEBUG	logger/zap_logger.go:71	DEBUG: Saved row: 	{"rowKey": "testdb:pg_catalog:pg_type:row:26:", "rowData": "[26,\"oid\",11,10,4,true,\"b\",\"N\",true,true,\",\",0,0,1028,\"oidin\",\"oidout\",\"oidrecv\",\"oidsend\",\"-\",\"-\",\"-\",\"i\",\"p\",false,0,-1,0,0,\"NULL\",\"NULL\",\"NULL\"]"}
2026-02-28T14:57:47.768+0300	DEBUG	logger/zap_logger.go:71	DEBUG: Saved row: 	{"rowKey": "testdb:pg_catalog:pg_type:row:700:", "rowData": "[700,\"float4\",11,10,4,true,\"b\",\"N\",false,true,\",\",0,0,1021,\"float4in\",\"float4out\",\"float4recv\",\"float4send\",\"-\",\"-\",\"-\",\"i\",\"p\",false,0,-1,0,0,\"NULL\",\"NULL\",\"NULL\"]"}
2026-02-28T14:57:47.768+0300	DEBUG	logger/zap_logger.go:71	DEBUG: Saved row: 	{"rowKey": "testdb:pg_catalog:pg_type:row:701:", "rowData": "[701,\"float8\",11,10,8,true,\"b\",\"N\",true,true,\",\",0,0,1022,\"float8in\",\"float8out\",\"float8recv\",\"float8send\",\"-\",\"-\",\"-\",\"d\",\"p\",false,0,-1,0,0,\"NULL\",\"NULL\",\"NULL\"]"}
2026-02-28T14:57:47.768+0300	DEBUG	logger/zap_logger.go:71	DEBUG: Saved row: 	{"rowKey": "testdb:pg_catalog:pg_type:row:1043:", "rowData": "[1043,\"varchar\",11,10,-1,false,\"b\",\"S\",false,true,\",\",0,0,1015,\"varcharin\",\"varcharout\",\"varcharrecv\",\"varcharsend\",\"varchartypmodin\",\"varchartypmodout\",\"-\",\"i\",\"e\",false,0,-1,0,100,\"NULL\",\"NULL\",\"NULL\"]"}
2026-02-28T14:57:47.768+0300	DEBUG	logger/zap_logger.go:71	DEBUG: Saved row: 	{"rowKey": "testdb:pg_catalog:pg_type:row:1082:", "rowData": "[1082,\"date\",11,10,4,true,\"b\",\"D\",false,true,\",\",0,0,1182,\"date_in\",\"date_out\",\"date_recv\",\"date_send\",\"-\",\"-\",\"-\",\"i\",\"p\",false,0,-1,0,0,\"NULL\",\"NULL\",\"NULL\"]"}
2026-02-28T14:57:47.768+0300	DEBUG	logger/zap_logger.go:71	DEBUG: Saved row: 	{"rowKey": "testdb:pg_catalog:pg_type:row:1083:", "rowData": "[1083,\"time\",11,10,8,true,\"b\",\"D\",false,true,\",\",0,0,1183,\"time_in\",\"time_out\",\"time_recv\",\"time_send\",\"timetypmodin\",\"timetypmodout\",\"-\",\"d\",\"p\",false,0,-1,0,0,\"NULL\",\"NULL\",\"NULL\"]"}
2026-02-28T14:57:47.768+0300	DEBUG	logger/zap_logger.go:71	DEBUG: Saved row: 	{"rowKey": "testdb:pg_catalog:pg_type:row:1114:", "rowData": "[1114,\"timestamp\",11,10,8,true,\"b\",\"D\",false,true,\",\",0,0,1115,\"timestamp_in\",\"timestamp_out\",\"timestamp_recv\",\"timestamp_send\",\"timestamptypmodin\",\"timestamptypmodout\",\"-\",\"d\",\"p\",false,0,-1,0,0,\"NULL\",\"NULL\",\"NULL\"]"}
2026-02-28T14:57:47.768+0300	DEBUG	logger/zap_logger.go:71	DEBUG: Saved row: 	{"rowKey": "testdb:pg_catalog:pg_type:row:1184:", "rowData": "[1184,\"timestamptz\",11,10,8,true,\"b\",\"D\",true,true,\",\",0,0,1185,\"timestamptz_in\",\"timestamptz_out\",\"timestamptz_recv\",\"timestamptz_send\",\"timestamptztypmodin\",\"timestamptztypmodout\",\"-\",\"d\",\"p\",false,0,-1,0,0,\"NULL\",\"NULL\",\"NULL\"]"}
2026-02-28T14:57:47.768+0300	DEBUG	logger/zap_logger.go:71	DEBUG: Saved row: 	{"rowKey": "testdb:pg_catalog:pg_type:row:1700:", "rowData": "[1700,\"numeric\",11,10,-1,false,\"b\",\"N\",false,true,\",\",0,0,1231,\"numeric_in\",\"numeric_out\",\"numeric_recv\",\"numeric_send\",\"numerictypmodin\",\"numerictypmodout\",\"-\",\"i\",\"m\",false,0,-1,0,0,\"NULL\",\"NULL\",\"NULL\"]"}
2026-02-28T14:57:47.768+0300	DEBUG	logger/zap_logger.go:71	DEBUG: Saved row: 	{"rowKey": "testdb:pg_catalog:pg_type:row:2950:", "rowData": "[2950,\"uuid\",11,10,16,false,\"b\",\"U\",false,true,\",\",0,0,2951,\"uuid_in\",\"uuid_out\",\"uuid_recv\",\"uuid_send\",\"-\",\"-\",\"-\",\"c\",\"p\",false,0,-1,0,0,\"NULL\",\"NULL\",\"NULL\"]"}
2026-02-28T14:57:47.768+0300	DEBUG	logger/zap_logger.go:71	DEBUG: Saved row: 	{"rowKey": "testdb:pg_catalog:pg_type:row:114:", "rowData": "[114,\"json\",11,10,-1,false,\"b\",\"U\",false,true,\",\",0,0,199,\"json_in\",\"json_out\",\"json_recv\",\"json_send\",\"-\",\"-\",\"-\",\"i\",\"e\",false,0,-1,0,0,\"NULL\",\"NULL\",\"NULL\"]"}
2026-02-28T14:57:47.768+0300	DEBUG	logger/zap_logger.go:71	DEBUG: Saved row: 	{"rowKey": "testdb:pg_catalog:pg_type:row:3802:", "rowData": "[3802,\"jsonb\",11,10,-1,false,\"b\",\"U\",false,true,\",\",0,0,3807,\"jsonb_in\",\"jsonb_out\",\"jsonb_recv\",\"jsonb_send\",\"-\",\"-\",\"-\",\"i\",\"e\",false,0,-1,0,0,\"NULL\",\"NULL\",\"NULL\"]"}
2026-02-28T14:57:47.768+0300	DEBUG	logger/zap_logger.go:71	DEBUG: Saved row: 	{"rowKey": "testdb:pg_catalog:pg_type:row:1042:", "rowData": "[1042,\"bpchar\",11,10,-1,false,\"b\",\"S\",false,true,\",\",0,0,1014,\"bpcharin\",\"bpcharout\",\"bpcharrecv\",\"bpcharsend\",\"bpchartypmodin\",\"bpchartypmodout\",\"-\",\"i\",\"e\",false,0,-1,0,100,\"NULL\",\"NULL\",\"NULL\"]"}
2026-02-28T14:57:47.768+0300	DEBUG	logger/zap_logger.go:71	DEBUG: Saved row: 	{"rowKey": "testdb:pg_catalog:pg_type:row:100001:", "rowData": "[100001,\"positive_int\",11,10,4,true,\"d\",\"N\",false,true,\",\",0,0,0,\"int4in\",\"int4out\",\"int4recv\",\"int4send\",\"-\",\"-\",\"-\",\"i\",\"p\",false,23,-1,0,0,\"NULL\",\"NULL\",\"NULL\"]"}
2026-02-28T14:57:47.768+0300	DEBUG	logger/zap_logger.go:71	DEBUG: Saved row: 	{"rowKey": "testdb:pg_catalog:pg_type:row:100002:", "rowData": "[100002,\"email_address\",11,10,-1,false,\"d\",\"S\",false,true,\",\",0,0,0,\"textin\",\"textout\",\"textrecv\",\"textsend\",\"-\",\"-\",\"-\",\"i\",\"e\",false,25,-1,0,0,\"NULL\",\"NULL\",\"NULL\"]"}
2026-02-28T14:57:47.768+0300	DEBUG	logger/zap_logger.go:71	DEBUG: Saved row: 	{"rowKey": "testdb:pg_catalog:pg_type:row:100003:", "rowData": "[100003,\"us_postal_code\",11,10,-1,false,\"d\",\"S\",false,true,\",\",0,0,0,\"textin\",\"textout\",\"textrecv\",\"textsend\",\"-\",\"-\",\"-\",\"i\",\"e\",false,25,-1,0,0,\"NULL\",\"NULL\",\"NULL\"]"}
2026-02-28T14:57:47.768+0300	INFO	logger/zap_logger.go:76	[SynchronizerVClock] Loaded key	{"key": "testdb:pg_catalog:pg_type:row:1042:", "value": "[1042,\"bpchar\",11,10,-1,false,\"b\",\"S\",false,true,\",\",0,0,1014,\"bpcharin\",\"bpcharout\",\"bpcharrecv\",\"bpcharsend\",\"bpchartypmodin\",\"bpchartypmodout\",\"-\",\"i\",\"e\",false,0,-1,0,100,\"NULL\",\"NULL\",\"NULL\"]", "vclock": {"node1":81}}
2026-02-28T14:57:47.768+0300	DEBUG	logger/zap_logger.go:96	Executing: 

CREATE TABLE IF NOT EXISTS pg_catalog.pg_namespace (
    oid INT,
    nspname TEXT,
    nspowner INT,
    nspacl TEXT,
    PRIMARY KEY (oid)
)
2026-02-28T14:57:47.768+0300	INFO	logger/zap_logger.go:76	[SynchronizerVClock] Loaded key	{"key": "testdb:pg_catalog:pg_type:row:100002:", "value": "[100002,\"email_address\",11,10,-1,false,\"d\",\"S\",false,true,\",\",0,0,0,\"textin\",\"textout\",\"textrecv\",\"textsend\",\"-\",\"-\",\"-\",\"i\",\"e\",false,25,-1,0,0,\"NULL\",\"NULL\",\"NULL\"]", "vclock": {"node1":82}}
2026-02-28T14:57:47.768+0300	INFO	logger/zap_logger.go:76	[SynchronizerVClock] Loaded key	{"key": "testdb:pg_catalog:pg_type:row:17:", "value": "[17,\"bytea\",11,10,-1,false,\"b\",\"U\",false,true,\",\",0,0,1001,\"byteain\",\"byteaout\",\"bytearecv\",\"byteasend\",\"-\",\"-\",\"-\",\"i\",\"x\",false,0,-1,0,0,\"NULL\",\"NULL\",\"NULL\"]", "vclock": {"node1":83}}
2026-02-28T14:57:47.768+0300	INFO	logger/zap_logger.go:76	[SynchronizerVClock] Loaded key	{"key": "testdb:pg_catalog:pg_type:row:26:", "value": "[26,\"oid\",11,10,4,true,\"b\",\"N\",true,true,\",\",0,0,1028,\"oidin\",\"oidout\",\"oidrecv\",\"oidsend\",\"-\",\"-\",\"-\",\"i\",\"p\",false,0,-1,0,0,\"NULL\",\"NULL\",\"NULL\"]", "vclock": {"node1":84}}
2026-02-28T14:57:47.768+0300	DEBUG	logger/zap_logger.go:96	DEBUG: Parsed statement type: CREATE_TABLE

2026-02-28T14:57:47.768+0300	INFO	logger/zap_logger.go:76	[SynchronizerVClock] Loaded key	{"key": "testdb:pg_catalog:pg_type:row:1083:", "value": "[1083,\"time\",11,10,8,true,\"b\",\"D\",false,true,\",\",0,0,1183,\"time_in\",\"time_out\",\"time_recv\",\"time_send\",\"timetypmodin\",\"timetypmodout\",\"-\",\"d\",\"p\",false,0,-1,0,0,\"NULL\",\"NULL\",\"NULL\"]", "vclock": {"node1":85}}
2026-02-28T14:57:47.768+0300	INFO	logger/zap_logger.go:76	[SynchronizerVClock] Loaded key	{"key": "testdb:pg_catalog:pg_type:row:1184:", "value": "[1184,\"timestamptz\",11,10,8,true,\"b\",\"D\",true,true,\",\",0,0,1185,\"timestamptz_in\",\"timestamptz_out\",\"timestamptz_recv\",\"timestamptz_send\",\"timestamptztypmodin\",\"timestamptztypmodout\",\"-\",\"d\",\"p\",false,0,-1,0,0,\"NULL\",\"NULL\",\"NULL\"]", "vclock": {"node1":86}}
2026-02-28T14:57:47.768+0300	DEBUG	logger/zap_logger.go:96	Executing: 

INSERT INTO pg_catalog.pg_namespace (oid, nspname, nspowner, nspacl) VALUES
(11, 'pg_catalog', 10, NULL),
(12, 'public', 10, NULL)
2026-02-28T14:57:47.768+0300	INFO	logger/zap_logger.go:76	[SynchronizerVClock] Loaded key	{"key": "testdb:pg_catalog:pg_type:row:18:", "value": "[18,\"char\",11,10,1,true,\"b\",\"Z\",false,true,\",\",0,0,1002,\"charin\",\"charout\",\"charrecv\",\"charsend\",\"-\",\"-\",\"-\",\"c\",\"p\",false,0,-1,0,0,\"NULL\",\"NULL\",\"NULL\"]", "vclock": {"node1":87}}
2026-02-28T14:57:47.768+0300	INFO	logger/zap_logger.go:76	[SynchronizerVClock] Loaded key	{"key": "testdb:pg_catalog:pg_type:row:19:", "value": "[19,\"name\",11,10,64,false,\"b\",\"S\",false,true,\",\",0,0,1003,\"namein\",\"nameout\",\"namerecv\",\"namesend\",\"-\",\"-\",\"-\",\"c\",\"p\",false,0,-1,0,950,\"NULL\",\"NULL\",\"NULL\"]", "vclock": {"node1":88}}
2026-02-28T14:57:47.769+0300	INFO	logger/zap_logger.go:76	[SynchronizerVClock] Loaded key	{"key": "testdb:pg_catalog:pg_type:row:20:", "value": "[20,\"int8\",11,10,8,true,\"b\",\"N\",false,true,\",\",0,0,1016,\"int8in\",\"int8out\",\"int8recv\",\"int8send\",\"-\",\"-\",\"-\",\"d\",\"p\",false,0,-1,0,0,\"NULL\",\"NULL\",\"NULL\"]", "vclock": {"node1":89}}
2026-02-28T14:57:47.769+0300	INFO	logger/zap_logger.go:76	[SynchronizerVClock] Loaded key	{"key": "testdb:pg_catalog:pg_type:row:21:", "value": "[21,\"int2\",11,10,2,true,\"b\",\"N\",false,true,\",\",0,0,1005,\"int2in\",\"int2out\",\"int2recv\",\"int2send\",\"-\",\"-\",\"-\",\"s\",\"p\",false,0,-1,0,0,\"NULL\",\"NULL\",\"NULL\"]", "vclock": {"node1":90}}
2026-02-28T14:57:47.769+0300	INFO	logger/zap_logger.go:76	[SynchronizerVClock] Loaded key	{"key": "testdb:pg_catalog:pg_type:row:24:", "value": "[24,\"regproc\",11,10,4,true,\"b\",\"N\",false,true,\",\",0,0,1008,\"regprocin\",\"regprocout\",\"regprocrecv\",\"regprocsend\",\"-\",\"-\",\"-\",\"i\",\"p\",false,0,-1,0,0,\"NULL\",\"NULL\",\"NULL\"]", "vclock": {"node1":91}}
2026-02-28T14:57:47.769+0300	DEBUG	logger/zap_logger.go:96	DEBUG: Parsed statement type: INSERT

2026-02-28T14:57:47.769+0300	INFO	logger/zap_logger.go:76	[SynchronizerVClock] Loaded key	{"key": "testdb:pg_catalog:pg_type:row:25:", "value": "[25,\"text\",11,10,-1,false,\"b\",\"S\",true,true,\",\",0,0,1009,\"textin\",\"textout\",\"textrecv\",\"textsend\",\"texttypmodin\",\"texttypmodout\",\"textanalyze\",\"i\",\"e\",false,0,-1,0,0,\"NULL\",\"NULL\",\"NULL\"]", "vclock": {"node1":92}}
2026-02-28T14:57:47.769+0300	INFO	logger/zap_logger.go:76	[SynchronizerVClock] Loaded key	{"key": "testdb:pg_catalog:pg_type:row:1082:", "value": "[1082,\"date\",11,10,4,true,\"b\",\"D\",false,true,\",\",0,0,1182,\"date_in\",\"date_out\",\"date_recv\",\"date_send\",\"-\",\"-\",\"-\",\"i\",\"p\",false,0,-1,0,0,\"NULL\",\"NULL\",\"NULL\"]", "vclock": {"node1":93}}
2026-02-28T14:57:47.769+0300	INFO	logger/zap_logger.go:76	[SynchronizerVClock] Loaded key	{"key": "testdb:pg_catalog:pg_type:row:1114:", "value": "[1114,\"timestamp\",11,10,8,true,\"b\",\"D\",false,true,\",\",0,0,1115,\"timestamp_in\",\"timestamp_out\",\"timestamp_recv\",\"timestamp_send\",\"timestamptypmodin\",\"timestamptypmodout\",\"-\",\"d\",\"p\",false,0,-1,0,0,\"NULL\",\"NULL\",\"NULL\"]", "vclock": {"node1":94}}
2026-02-28T14:57:47.769+0300	DEBUG	logger/zap_logger.go:96	DEBUG: Insert into pg_catalog.pg_namespace: [[11 pg_catalog 10 NULL] [12 public 10 NULL]]

2026-02-28T14:57:47.769+0300	INFO	logger/zap_logger.go:76	[SynchronizerVClock] Loaded key	{"key": "testdb:pg_catalog:pg_type:row:16:", "value": "[16,\"bool\",11,10,1,true,\"b\",\"B\",true,true,\",\",0,0,1000,\"boolin\",\"boolout\",\"boolrecv\",\"boolsend\",\"booltypmodin\",\"booltypmodout\",\"boolanalyze\",\"c\",\"p\",false,0,-1,0,0,\"NULL\",\"NULL\",\"NULL\"]", "vclock": {"node1":95}}
2026-02-28T14:57:47.769+0300	INFO	logger/zap_logger.go:76	[SynchronizerVClock] Loaded key	{"key": "testdb:pg_catalog:pg_type:row:701:", "value": "[701,\"float8\",11,10,8,true,\"b\",\"N\",true,true,\",\",0,0,1022,\"float8in\",\"float8out\",\"float8recv\",\"float8send\",\"-\",\"-\",\"-\",\"d\",\"p\",false,0,-1,0,0,\"NULL\",\"NULL\",\"NULL\"]", "vclock": {"node1":96}}
2026-02-28T14:57:47.769+0300	INFO	logger/zap_logger.go:76	[SynchronizerVClock] Loaded key	{"key": "testdb:pg_catalog:pg_type:row:1043:", "value": "[1043,\"varchar\",11,10,-1,false,\"b\",\"S\",false,true,\",\",0,0,1015,\"varcharin\",\"varcharout\",\"varcharrecv\",\"varcharsend\",\"varchartypmodin\",\"varchartypmodout\",\"-\",\"i\",\"e\",false,0,-1,0,100,\"NULL\",\"NULL\",\"NULL\"]", "vclock": {"node1":97}}
2026-02-28T14:57:47.769+0300	INFO	logger/zap_logger.go:76	[SynchronizerVClock] Loaded key	{"key": "testdb:pg_catalog:pg_type:row:2950:", "value": "[2950,\"uuid\",11,10,16,false,\"b\",\"U\",false,true,\",\",0,0,2951,\"uuid_in\",\"uuid_out\",\"uuid_recv\",\"uuid_send\",\"-\",\"-\",\"-\",\"c\",\"p\",false,0,-1,0,0,\"NULL\",\"NULL\",\"NULL\"]", "vclock": {"node1":98}}
2026-02-28T14:57:47.769+0300	DEBUG	logger/zap_logger.go:71	DEBUG: Table metadata:	{"meta": {"Name":"pg_catalog.pg_namespace","Columns":{"nspacl":{"Type":0,"IsNullable":true,"DefaultValue":null,"IsSerial":false,"IsUnique":false,"Idx":4},"nspname":{"Type":0,"IsNullable":true,"DefaultValue":null,"IsSerial":false,"IsUnique":false,"Idx":2},"nspowner":{"Type":1,"IsNullable":true,"DefaultValue":null,"IsSerial":false,"IsUnique":false,"Idx":3},"oid":{"Type":1,"IsNullable":false,"DefaultValue":null,"IsSerial":false,"IsUnique":false,"Idx":1}},"PrimaryKeys":[1]}}
2026-02-28T14:57:47.769+0300	INFO	logger/zap_logger.go:76	[SynchronizerVClock] Loaded key	{"key": "testdb:pg_catalog:pg_type:row:100001:", "value": "[100001,\"positive_int\",11,10,4,true,\"d\",\"N\",false,true,\",\",0,0,0,\"int4in\",\"int4out\",\"int4recv\",\"int4send\",\"-\",\"-\",\"-\",\"i\",\"p\",false,23,-1,0,0,\"NULL\",\"NULL\",\"NULL\"]", "vclock": {"node1":99}}
2026-02-28T14:57:47.769+0300	DEBUG	logger/zap_logger.go:71	DEBUG: Saved row: 	{"rowKey": "testdb:pg_catalog:pg_namespace:row:11:", "rowData": "[11,\"pg_catalog\",10,\"NULL\"]"}
2026-02-28T14:57:47.769+0300	INFO	logger/zap_logger.go:76	[SynchronizerVClock] Loaded key	{"key": "testdb:pg_catalog:pg_type:row:100003:", "value": "[100003,\"us_postal_code\",11,10,-1,false,\"d\",\"S\",false,true,\",\",0,0,0,\"textin\",\"textout\",\"textrecv\",\"textsend\",\"-\",\"-\",\"-\",\"i\",\"e\",false,25,-1,0,0,\"NULL\",\"NULL\",\"NULL\"]", "vclock": {"node1":100}}
2026-02-28T14:57:47.769+0300	INFO	logger/zap_logger.go:76	[SynchronizerVClock] Loaded key	{"key": "testdb:pg_catalog:pg_type:row:23:", "value": "[23,\"int4\",11,10,4,true,\"b\",\"N\",true,true,\",\",0,0,1007,\"int4in\",\"int4out\",\"int4recv\",\"int4send\",\"int4typmodin\",\"int4typmodout\",\"int4analyze\",\"i\",\"p\",false,0,-1,0,0,\"NULL\",\"NULL\",\"NULL\"]", "vclock": {"node1":101}}
2026-02-28T14:57:47.769+0300	DEBUG	logger/zap_logger.go:71	DEBUG: Saved row: 	{"rowKey": "testdb:pg_catalog:pg_namespace:row:12:", "rowData": "[12,\"public\",10,\"NULL\"]"}
2026-02-28T14:57:47.769+0300	INFO	logger/zap_logger.go:76	[SynchronizerVClock] Loaded key	{"key": "testdb:pg_catalog:pg_type:row:700:", "value": "[700,\"float4\",11,10,4,true,\"b\",\"N\",false,true,\",\",0,0,1021,\"float4in\",\"float4out\",\"float4recv\",\"float4send\",\"-\",\"-\",\"-\",\"i\",\"p\",false,0,-1,0,0,\"NULL\",\"NULL\",\"NULL\"]", "vclock": {"node1":102}}
2026-02-28T14:57:47.769+0300	INFO	logger/zap_logger.go:76	[SynchronizerVClock] Loaded key	{"key": "testdb:pg_catalog:pg_type:row:1700:", "value": "[1700,\"numeric\",11,10,-1,false,\"b\",\"N\",false,true,\",\",0,0,1231,\"numeric_in\",\"numeric_out\",\"numeric_recv\",\"numeric_send\",\"numerictypmodin\",\"numerictypmodout\",\"-\",\"i\",\"m\",false,0,-1,0,0,\"NULL\",\"NULL\",\"NULL\"]", "vclock": {"node1":103}}
2026-02-28T14:57:47.769+0300	DEBUG	logger/zap_logger.go:96	Executing: 

CREATE TABLE IF NOT EXISTS pg_catalog.pg_database (
    oid INT,
    datname TEXT,
    datdba INT,
    encoding INT,
    datcollate TEXT,
    datctype TEXT,
    datistemplate BOOLEAN,
    datallowconn BOOLEAN,
    datconnlimit INT,
    datlastsysoid INT,
    datfrozenxid INT,
    datminmxid INT,
    dattablespace INT,
    datacl TEXT,
    PRIMARY KEY (oid)
)
2026-02-28T14:57:47.769+0300	INFO	logger/zap_logger.go:76	[SynchronizerVClock] Loaded key	{"key": "testdb:pg_catalog:pg_type:row:114:", "value": "[114,\"json\",11,10,-1,false,\"b\",\"U\",false,true,\",\",0,0,199,\"json_in\",\"json_out\",\"json_recv\",\"json_send\",\"-\",\"-\",\"-\",\"i\",\"e\",false,0,-1,0,0,\"NULL\",\"NULL\",\"NULL\"]", "vclock": {"node1":104}}
2026-02-28T14:57:47.769+0300	INFO	logger/zap_logger.go:76	[SynchronizerVClock] Loaded key	{"key": "testdb:pg_catalog:pg_type:row:3802:", "value": "[3802,\"jsonb\",11,10,-1,false,\"b\",\"U\",false,true,\",\",0,0,3807,\"jsonb_in\",\"jsonb_out\",\"jsonb_recv\",\"jsonb_send\",\"-\",\"-\",\"-\",\"i\",\"e\",false,0,-1,0,0,\"NULL\",\"NULL\",\"NULL\"]", "vclock": {"node1":105}}
2026-02-28T14:57:47.769+0300	INFO	logger/zap_logger.go:76	[SynchronizerVClock] Loaded key	{"key": "schema:testdb:pg_catalog:pg_namespace:", "value": "{\"Name\":\"pg_catalog.pg_namespace\",\"Columns\":{\"nspacl\":{\"Type\":0,\"IsNullable\":true,\"DefaultValue\":null,\"IsSerial\":false,\"IsUnique\":false,\"Idx\":4},\"nspname\":{\"Type\":0,\"IsNullable\":true,\"DefaultValue\":null,\"IsSerial\":false,\"IsUnique\":false,\"Idx\":2},\"nspowner\":{\"Type\":1,\"IsNullable\":true,\"DefaultValue\":null,\"IsSerial\":false,\"IsUnique\":false,\"Idx\":3},\"oid\":{\"Type\":1,\"IsNullable\":false,\"DefaultValue\":null,\"IsSerial\":false,\"IsUnique\":false,\"Idx\":1}},\"PrimaryKeys\":[1]}", "vclock": {"node1":106}}
2026-02-28T14:57:47.769+0300	INFO	logger/zap_logger.go:76	[SynchronizerVClock] Loaded key	{"key": "testdb:pg_catalog:pg_namespace:row:11:", "value": "[11,\"pg_catalog\",10,\"NULL\"]", "vclock": {"node1":107}}
2026-02-28T14:57:47.769+0300	INFO	logger/zap_logger.go:76	[SynchronizerVClock] Loaded key	{"key": "testdb:pg_catalog:pg_namespace:row:12:", "value": "[12,\"public\",10,\"NULL\"]", "vclock": {"node1":108}}
2026-02-28T14:57:47.769+0300	DEBUG	logger/zap_logger.go:96	DEBUG: Parsed statement type: CREATE_TABLE

2026-02-28T14:57:47.769+0300	DEBUG	logger/zap_logger.go:96	Executing: 

INSERT INTO pg_catalog.pg_database (oid, datname, datdba, encoding, datcollate, datctype, datistemplate, datallowconn, datconnlimit, datlastsysoid, datfrozenxid, datminmxid, dattablespace, datacl) VALUES
(1, 'postgres', 10, 6, 'en_US.UTF-8', 'en_US.UTF-8', FALSE, TRUE, -1, 0, 0, 0, 1663, NULL)
2026-02-28T14:57:47.769+0300	INFO	logger/zap_logger.go:76	[SynchronizerVClock] Loaded key	{"key": "schema:testdb:pg_catalog:pg_database:", "value": "{\"Name\":\"pg_catalog.pg_database\",\"Columns\":{\"datacl\":{\"Type\":0,\"IsNullable\":true,\"DefaultValue\":null,\"IsSerial\":false,\"IsUnique\":false,\"Idx\":14},\"datallowconn\":{\"Type\":0,\"IsNullable\":true,\"DefaultValue\":null,\"IsSerial\":false,\"IsUnique\":false,\"Idx\":8},\"datcollate\":{\"Type\":0,\"IsNullable\":true,\"DefaultValue\":null,\"IsSerial\":false,\"IsUnique\":false,\"Idx\":5},\"datconnlimit\":{\"Type\":1,\"IsNullable\":true,\"DefaultValue\":null,\"IsSerial\":false,\"IsUnique\":false,\"Idx\":9},\"datctype\":{\"Type\":0,\"IsNullable\":true,\"DefaultValue\":null,\"IsSerial\":false,\"IsUnique\":false,\"Idx\":6},\"datdba\":{\"Type\":1,\"IsNullable\":true,\"DefaultValue\":null,\"IsSerial\":false,\"IsUnique\":false,\"Idx\":3},\"datfrozenxid\":{\"Type\":1,\"IsNullable\":true,\"DefaultValue\":null,\"IsSerial\":false,\"IsUnique\":false,\"Idx\":11},\"datistemplate\":{\"Type\":0,\"IsNullable\":true,\"DefaultValue\":null,\"IsSerial\":false,\"IsUnique\":false,\"Idx\":7},\"datlastsysoid\":{\"Type\":1,\"IsNullable\":true,\"DefaultValue\":null,\"IsSerial\":false,\"IsUnique\":false,\"Idx\":10},\"datminmxid\":{\"Type\":1,\"IsNullable\":true,\"DefaultValue\":null,\"IsSerial\":false,\"IsUnique\":false,\"Idx\":12},\"datname\":{\"Type\":0,\"IsNullable\":true,\"DefaultValue\":null,\"IsSerial\":false,\"IsUnique\":false,\"Idx\":2},\"dattablespace\":{\"Type\":1,\"IsNullable\":true,\"DefaultValue\":null,\"IsSerial\":false,\"IsUnique\":false,\"Idx\":13},\"encoding\":{\"Type\":1,\"IsNullable\":true,\"DefaultValue\":null,\"IsSerial\":false,\"IsUnique\":false,\"Idx\":4},\"oid\":{\"Type\":1,\"IsNullable\":false,\"DefaultValue\":null,\"IsSerial\":false,\"IsUnique\":false,\"Idx\":1}},\"PrimaryKeys\":[1]}", "vclock": {"node1":109}}
2026-02-28T14:57:47.769+0300	DEBUG	logger/zap_logger.go:96	DEBUG: Parsed statement type: INSERT

2026-02-28T14:57:47.769+0300	DEBUG	logger/zap_logger.go:96	DEBUG: Insert into pg_catalog.pg_database: [[1 postgres 10 6 en_US.UTF-8 en_US.UTF-8 false true -1 0 0 0 1663 NULL]]

2026-02-28T14:57:47.769+0300	DEBUG	logger/zap_logger.go:71	DEBUG: Table metadata:	{"meta": {"Name":"pg_catalog.pg_database","Columns":{"datacl":{"Type":0,"IsNullable":true,"DefaultValue":null,"IsSerial":false,"IsUnique":false,"Idx":14},"datallowconn":{"Type":0,"IsNullable":true,"DefaultValue":null,"IsSerial":false,"IsUnique":false,"Idx":8},"datcollate":{"Type":0,"IsNullable":true,"DefaultValue":null,"IsSerial":false,"IsUnique":false,"Idx":5},"datconnlimit":{"Type":1,"IsNullable":true,"DefaultValue":null,"IsSerial":false,"IsUnique":false,"Idx":9},"datctype":{"Type":0,"IsNullable":true,"DefaultValue":null,"IsSerial":false,"IsUnique":false,"Idx":6},"datdba":{"Type":1,"IsNullable":true,"DefaultValue":null,"IsSerial":false,"IsUnique":false,"Idx":3},"datfrozenxid":{"Type":1,"IsNullable":true,"DefaultValue":null,"IsSerial":false,"IsUnique":false,"Idx":11},"datistemplate":{"Type":0,"IsNullable":true,"DefaultValue":null,"IsSerial":false,"IsUnique":false,"Idx":7},"datlastsysoid":{"Type":1,"IsNullable":true,"DefaultValue":null,"IsSerial":false,"IsUnique":false,"Idx":10},"datminmxid":{"Type":1,"IsNullable":true,"DefaultValue":null,"IsSerial":false,"IsUnique":false,"Idx":12},"datname":{"Type":0,"IsNullable":true,"DefaultValue":null,"IsSerial":false,"IsUnique":false,"Idx":2},"dattablespace":{"Type":1,"IsNullable":true,"DefaultValue":null,"IsSerial":false,"IsUnique":false,"Idx":13},"encoding":{"Type":1,"IsNullable":true,"DefaultValue":null,"IsSerial":false,"IsUnique":false,"Idx":4},"oid":{"Type":1,"IsNullable":false,"DefaultValue":null,"IsSerial":false,"IsUnique":false,"Idx":1}},"PrimaryKeys":[1]}}
2026-02-28T14:57:47.769+0300	DEBUG	logger/zap_logger.go:71	DEBUG: Saved row: 	{"rowKey": "testdb:pg_catalog:pg_database:row:1:", "rowData": "[1,\"postgres\",10,6,\"en_US.UTF-8\",\"en_US.UTF-8\",false,true,-1,0,0,0,1663,\"NULL\"]"}
2026-02-28T14:57:47.769+0300	DEBUG	logger/zap_logger.go:96	Executing: 

CREATE TABLE IF NOT EXISTS pg_catalog.pg_tablespace (
    oid INT,
    spcname TEXT,
    spcowner INT,
    spcacl TEXT,
    spcoptions TEXT,
    PRIMARY KEY (oid)
)
2026-02-28T14:57:47.769+0300	INFO	logger/zap_logger.go:76	[SynchronizerVClock] Loaded key	{"key": "testdb:pg_catalog:pg_database:row:1:", "value": "[1,\"postgres\",10,6,\"en_US.UTF-8\",\"en_US.UTF-8\",false,true,-1,0,0,0,1663,\"NULL\"]", "vclock": {"node1":110}}
2026-02-28T14:57:47.769+0300	DEBUG	logger/zap_logger.go:96	DEBUG: Parsed statement type: CREATE_TABLE

2026-02-28T14:57:47.769+0300	DEBUG	logger/zap_logger.go:96	Executing: 

INSERT INTO pg_catalog.pg_tablespace (oid, spcname, spcowner, spcacl, spcoptions) VALUES
(1663, 'pg_default', 10, NULL, NULL),
(1664, 'pg_global', 10, NULL, NULL)
2026-02-28T14:57:47.769+0300	INFO	logger/zap_logger.go:76	[SynchronizerVClock] Loaded key	{"key": "schema:testdb:pg_catalog:pg_tablespace:", "value": "{\"Name\":\"pg_catalog.pg_tablespace\",\"Columns\":{\"oid\":{\"Type\":1,\"IsNullable\":false,\"DefaultValue\":null,\"IsSerial\":false,\"IsUnique\":false,\"Idx\":1},\"spcacl\":{\"Type\":0,\"IsNullable\":true,\"DefaultValue\":null,\"IsSerial\":false,\"IsUnique\":false,\"Idx\":4},\"spcname\":{\"Type\":0,\"IsNullable\":true,\"DefaultValue\":null,\"IsSerial\":false,\"IsUnique\":false,\"Idx\":2},\"spcoptions\":{\"Type\":0,\"IsNullable\":true,\"DefaultValue\":null,\"IsSerial\":false,\"IsUnique\":false,\"Idx\":5},\"spcowner\":{\"Type\":1,\"IsNullable\":true,\"DefaultValue\":null,\"IsSerial\":false,\"IsUnique\":false,\"Idx\":3}},\"PrimaryKeys\":[1]}", "vclock": {"node1":111}}
2026-02-28T14:57:47.769+0300	DEBUG	logger/zap_logger.go:96	DEBUG: Parsed statement type: INSERT

2026-02-28T14:57:47.769+0300	DEBUG	logger/zap_logger.go:96	DEBUG: Insert into pg_catalog.pg_tablespace: [[1663 pg_default 10 NULL NULL] [1664 pg_global 10 NULL NULL]]

2026-02-28T14:57:47.769+0300	DEBUG	logger/zap_logger.go:71	DEBUG: Table metadata:	{"meta": {"Name":"pg_catalog.pg_tablespace","Columns":{"oid":{"Type":1,"IsNullable":false,"DefaultValue":null,"IsSerial":false,"IsUnique":false,"Idx":1},"spcacl":{"Type":0,"IsNullable":true,"DefaultValue":null,"IsSerial":false,"IsUnique":false,"Idx":4},"spcname":{"Type":0,"IsNullable":true,"DefaultValue":null,"IsSerial":false,"IsUnique":false,"Idx":2},"spcoptions":{"Type":0,"IsNullable":true,"DefaultValue":null,"IsSerial":false,"IsUnique":false,"Idx":5},"spcowner":{"Type":1,"IsNullable":true,"DefaultValue":null,"IsSerial":false,"IsUnique":false,"Idx":3}},"PrimaryKeys":[1]}}
2026-02-28T14:57:47.769+0300	DEBUG	logger/zap_logger.go:71	DEBUG: Saved row: 	{"rowKey": "testdb:pg_catalog:pg_tablespace:row:1663:", "rowData": "[1663,\"pg_default\",10,\"NULL\",\"NULL\"]"}
2026-02-28T14:57:47.769+0300	DEBUG	logger/zap_logger.go:71	DEBUG: Saved row: 	{"rowKey": "testdb:pg_catalog:pg_tablespace:row:1664:", "rowData": "[1664,\"pg_global\",10,\"NULL\",\"NULL\"]"}
2026-02-28T14:57:47.769+0300	INFO	logger/zap_logger.go:76	[SynchronizerVClock] Loaded key	{"key": "testdb:pg_catalog:pg_tablespace:row:1663:", "value": "[1663,\"pg_default\",10,\"NULL\",\"NULL\"]", "vclock": {"node1":112}}
2026-02-28T14:57:47.769+0300	DEBUG	logger/zap_logger.go:96	Executing: 

CREATE TABLE IF NOT EXISTS pg_catalog.pg_roles (
    oid INT,
    rolname TEXT,
    rolsuper BOOLEAN,
    rolinherit BOOLEAN,
    rolcreaterole BOOLEAN,
    rolcreatedb BOOLEAN,
    rolcanlogin BOOLEAN,
    rolreplication BOOLEAN,
    rolconnlimit INT,
    rolpassword TEXT,
    rolvaliduntil TEXT,
    rolbypassrls BOOLEAN,
    rolconfig TEXT,
    PRIMARY KEY (oid)
)
2026-02-28T14:57:47.769+0300	INFO	logger/zap_logger.go:76	[SynchronizerVClock] Loaded key	{"key": "testdb:pg_catalog:pg_tablespace:row:1664:", "value": "[1664,\"pg_global\",10,\"NULL\",\"NULL\"]", "vclock": {"node1":113}}
2026-02-28T14:57:47.769+0300	DEBUG	logger/zap_logger.go:96	DEBUG: Parsed statement type: CREATE_TABLE

2026-02-28T14:57:47.769+0300	DEBUG	logger/zap_logger.go:96	Executing: 

INSERT INTO pg_catalog.pg_roles (oid, rolname, rolsuper, rolinherit, rolcreaterole, rolcreatedb, rolcanlogin, rolreplication, rolconnlimit, rolpassword, rolvaliduntil, rolbypassrls, rolconfig) VALUES
(10, 'system', TRUE, TRUE, TRUE, TRUE, TRUE, TRUE, -1, NULL, NULL, FALSE, NULL),
(11, 'user1', FALSE, TRUE, FALSE, TRUE, TRUE, FALSE, -1, NULL, NULL, FALSE, NULL)
2026-02-28T14:57:47.769+0300	INFO	logger/zap_logger.go:76	[SynchronizerVClock] Loaded key	{"key": "schema:testdb:pg_catalog:pg_roles:", "value": "{\"Name\":\"pg_catalog.pg_roles\",\"Columns\":{\"oid\":{\"Type\":1,\"IsNullable\":false,\"DefaultValue\":null,\"IsSerial\":false,\"IsUnique\":false,\"Idx\":1},\"rolbypassrls\":{\"Type\":0,\"IsNullable\":true,\"DefaultValue\":null,\"IsSerial\":false,\"IsUnique\":false,\"Idx\":12},\"rolcanlogin\":{\"Type\":0,\"IsNullable\":true,\"DefaultValue\":null,\"IsSerial\":false,\"IsUnique\":false,\"Idx\":7},\"rolconfig\":{\"Type\":0,\"IsNullable\":true,\"DefaultValue\":null,\"IsSerial\":false,\"IsUnique\":false,\"Idx\":13},\"rolconnlimit\":{\"Type\":1,\"IsNullable\":true,\"DefaultValue\":null,\"IsSerial\":false,\"IsUnique\":false,\"Idx\":9},\"rolcreatedb\":{\"Type\":0,\"IsNullable\":true,\"DefaultValue\":null,\"IsSerial\":false,\"IsUnique\":false,\"Idx\":6},\"rolcreaterole\":{\"Type\":0,\"IsNullable\":true,\"DefaultValue\":null,\"IsSerial\":false,\"IsUnique\":false,\"Idx\":5},\"rolinherit\":{\"Type\":0,\"IsNullable\":true,\"DefaultValue\":null,\"IsSerial\":false,\"IsUnique\":false,\"Idx\":4},\"rolname\":{\"Type\":0,\"IsNullable\":true,\"DefaultValue\":null,\"IsSerial\":false,\"IsUnique\":false,\"Idx\":2},\"rolpassword\":{\"Type\":0,\"IsNullable\":true,\"DefaultValue\":null,\"IsSerial\":false,\"IsUnique\":false,\"Idx\":10},\"rolreplication\":{\"Type\":0,\"IsNullable\":true,\"DefaultValue\":null,\"IsSerial\":false,\"IsUnique\":false,\"Idx\":8},\"rolsuper\":{\"Type\":0,\"IsNullable\":true,\"DefaultValue\":null,\"IsSerial\":false,\"IsUnique\":false,\"Idx\":3},\"rolvaliduntil\":{\"Type\":0,\"IsNullable\":true,\"DefaultValue\":null,\"IsSerial\":false,\"IsUnique\":false,\"Idx\":11}},\"PrimaryKeys\":[1]}", "vclock": {"node1":114}}
2026-02-28T14:57:47.770+0300	DEBUG	logger/zap_logger.go:96	DEBUG: Parsed statement type: INSERT

2026-02-28T14:57:47.770+0300	DEBUG	logger/zap_logger.go:96	DEBUG: Insert into pg_catalog.pg_roles: [[10 system true true true true true true -1 NULL NULL false NULL] [11 user1 false true false true true false -1 NULL NULL false NULL]]

2026-02-28T14:57:47.770+0300	DEBUG	logger/zap_logger.go:71	DEBUG: Table metadata:	{"meta": {"Name":"pg_catalog.pg_roles","Columns":{"oid":{"Type":1,"IsNullable":false,"DefaultValue":null,"IsSerial":false,"IsUnique":false,"Idx":1},"rolbypassrls":{"Type":0,"IsNullable":true,"DefaultValue":null,"IsSerial":false,"IsUnique":false,"Idx":12},"rolcanlogin":{"Type":0,"IsNullable":true,"DefaultValue":null,"IsSerial":false,"IsUnique":false,"Idx":7},"rolconfig":{"Type":0,"IsNullable":true,"DefaultValue":null,"IsSerial":false,"IsUnique":false,"Idx":13},"rolconnlimit":{"Type":1,"IsNullable":true,"DefaultValue":null,"IsSerial":false,"IsUnique":false,"Idx":9},"rolcreatedb":{"Type":0,"IsNullable":true,"DefaultValue":null,"IsSerial":false,"IsUnique":false,"Idx":6},"rolcreaterole":{"Type":0,"IsNullable":true,"DefaultValue":null,"IsSerial":false,"IsUnique":false,"Idx":5},"rolinherit":{"Type":0,"IsNullable":true,"DefaultValue":null,"IsSerial":false,"IsUnique":false,"Idx":4},"rolname":{"Type":0,"IsNullable":true,"DefaultValue":null,"IsSerial":false,"IsUnique":false,"Idx":2},"rolpassword":{"Type":0,"IsNullable":true,"DefaultValue":null,"IsSerial":false,"IsUnique":false,"Idx":10},"rolreplication":{"Type":0,"IsNullable":true,"DefaultValue":null,"IsSerial":false,"IsUnique":false,"Idx":8},"rolsuper":{"Type":0,"IsNullable":true,"DefaultValue":null,"IsSerial":false,"IsUnique":false,"Idx":3},"rolvaliduntil":{"Type":0,"IsNullable":true,"DefaultValue":null,"IsSerial":false,"IsUnique":false,"Idx":11}},"PrimaryKeys":[1]}}
2026-02-28T14:57:47.770+0300	DEBUG	logger/zap_logger.go:71	DEBUG: Saved row: 	{"rowKey": "testdb:pg_catalog:pg_roles:row:10:", "rowData": "[10,\"system\",true,true,true,true,true,true,-1,\"NULL\",\"NULL\",false,\"NULL\"]"}
2026-02-28T14:57:47.770+0300	DEBUG	logger/zap_logger.go:71	DEBUG: Saved row: 	{"rowKey": "testdb:pg_catalog:pg_roles:row:11:", "rowData": "[11,\"user1\",false,true,false,true,true,false,-1,\"NULL\",\"NULL\",false,\"NULL\"]"}
2026-02-28T14:57:47.770+0300	INFO	logger/zap_logger.go:76	[SynchronizerVClock] Loaded key	{"key": "testdb:pg_catalog:pg_roles:row:10:", "value": "[10,\"system\",true,true,true,true,true,true,-1,\"NULL\",\"NULL\",false,\"NULL\"]", "vclock": {"node1":115}}
2026-02-28T14:57:47.770+0300	DEBUG	logger/zap_logger.go:96	Executing: 

CREATE TABLE IF NOT EXISTS pg_catalog.pg_stat_ssl (
    pid INT,
    ssl BOOLEAN,
    version TEXT,
    cipher TEXT,
    bits INT,
    compression BOOLEAN,
    clientdn TEXT,
    PRIMARY KEY (pid)
)
2026-02-28T14:57:47.770+0300	INFO	logger/zap_logger.go:76	[SynchronizerVClock] Loaded key	{"key": "testdb:pg_catalog:pg_roles:row:11:", "value": "[11,\"user1\",false,true,false,true,true,false,-1,\"NULL\",\"NULL\",false,\"NULL\"]", "vclock": {"node1":116}}
2026-02-28T14:57:47.770+0300	DEBUG	logger/zap_logger.go:96	DEBUG: Parsed statement type: CREATE_TABLE

2026-02-28T14:57:47.770+0300	DEBUG	logger/zap_logger.go:96	Executing: 

INSERT INTO pg_catalog.pg_stat_ssl (pid, ssl, version, cipher, bits, compression, clientdn) VALUES
(12345, TRUE, 'TLSv1.3', 'TLS_AES_256_GCM_SHA384', 256, FALSE, 'CN=client,O=example,C=US')
2026-02-28T14:57:47.770+0300	DEBUG	logger/zap_logger.go:96	DEBUG: Parsed statement type: INSERT

2026-02-28T14:57:47.770+0300	DEBUG	logger/zap_logger.go:96	DEBUG: Insert into pg_catalog.pg_stat_ssl: [[12345 true TLSv1.3 TLS_AES_256_GCM_SHA384 256 false CN=client,O=example,C=US]]

2026-02-28T14:57:47.770+0300	DEBUG	logger/zap_logger.go:71	DEBUG: Table metadata:	{"meta": {"Name":"pg_catalog.pg_stat_ssl","Columns":{"bits":{"Type":1,"IsNullable":true,"DefaultValue":null,"IsSerial":false,"IsUnique":false,"Idx":5},"cipher":{"Type":0,"IsNullable":true,"DefaultValue":null,"IsSerial":false,"IsUnique":false,"Idx":4},"clientdn":{"Type":0,"IsNullable":true,"DefaultValue":null,"IsSerial":false,"IsUnique":false,"Idx":7},"compression":{"Type":0,"IsNullable":true,"DefaultValue":null,"IsSerial":false,"IsUnique":false,"Idx":6},"pid":{"Type":1,"IsNullable":false,"DefaultValue":null,"IsSerial":false,"IsUnique":false,"Idx":1},"ssl":{"Type":0,"IsNullable":true,"DefaultValue":null,"IsSerial":false,"IsUnique":false,"Idx":2},"version":{"Type":0,"IsNullable":true,"DefaultValue":null,"IsSerial":false,"IsUnique":false,"Idx":3}},"PrimaryKeys":[1]}}
2026-02-28T14:57:47.770+0300	DEBUG	logger/zap_logger.go:71	DEBUG: Saved row: 	{"rowKey": "testdb:pg_catalog:pg_stat_ssl:row:12345:", "rowData": "[12345,true,\"TLSv1.3\",\"TLS_AES_256_GCM_SHA384\",256,false,\"CN=client,O=example,C=US\"]"}
2026-02-28T14:57:47.770+0300	INFO	logger/zap_logger.go:76	[SynchronizerVClock] Loaded key	{"key": "schema:testdb:pg_catalog:pg_stat_ssl:", "value": "{\"Name\":\"pg_catalog.pg_stat_ssl\",\"Columns\":{\"bits\":{\"Type\":1,\"IsNullable\":true,\"DefaultValue\":null,\"IsSerial\":false,\"IsUnique\":false,\"Idx\":5},\"cipher\":{\"Type\":0,\"IsNullable\":true,\"DefaultValue\":null,\"IsSerial\":false,\"IsUnique\":false,\"Idx\":4},\"clientdn\":{\"Type\":0,\"IsNullable\":true,\"DefaultValue\":null,\"IsSerial\":false,\"IsUnique\":false,\"Idx\":7},\"compression\":{\"Type\":0,\"IsNullable\":true,\"DefaultValue\":null,\"IsSerial\":false,\"IsUnique\":false,\"Idx\":6},\"pid\":{\"Type\":1,\"IsNullable\":false,\"DefaultValue\":null,\"IsSerial\":false,\"IsUnique\":false,\"Idx\":1},\"ssl\":{\"Type\":0,\"IsNullable\":true,\"DefaultValue\":null,\"IsSerial\":false,\"IsUnique\":false,\"Idx\":2},\"version\":{\"Type\":0,\"IsNullable\":true,\"DefaultValue\":null,\"IsSerial\":false,\"IsUnique\":false,\"Idx\":3}},\"PrimaryKeys\":[1]}", "vclock": {"node1":117}}
2026-02-28T14:57:47.770+0300	DEBUG	logger/zap_logger.go:96	Executing: 

CREATE TABLE IF NOT EXISTS pg_catalog.pg_shdescription (
    objoid INT,
    classoid INT,
    objsubid INT,
    description TEXT,
    PRIMARY KEY (objoid, classoid, objsubid)
)
2026-02-28T14:57:47.770+0300	INFO	logger/zap_logger.go:76	[SynchronizerVClock] Loaded key	{"key": "testdb:pg_catalog:pg_stat_ssl:row:12345:", "value": "[12345,true,\"TLSv1.3\",\"TLS_AES_256_GCM_SHA384\",256,false,\"CN=client,O=example,C=US\"]", "vclock": {"node1":118}}
2026-02-28T14:57:47.770+0300	DEBUG	logger/zap_logger.go:96	DEBUG: Parsed statement type: CREATE_TABLE

2026-02-28T14:57:47.770+0300	DEBUG	logger/zap_logger.go:96	Executing: 

INSERT INTO pg_catalog.pg_shdescription (objoid, classoid, objsubid, description) VALUES
(1, 1259, 0, 'Description for pg_tables table'),
(2, 1259, 0, 'Description for pg_columns table')
2026-02-28T14:57:47.770+0300	INFO	logger/zap_logger.go:76	[SynchronizerVClock] Loaded key	{"key": "schema:testdb:pg_catalog:pg_shdescription:", "value": "{\"Name\":\"pg_catalog.pg_shdescription\",\"Columns\":{\"classoid\":{\"Type\":1,\"IsNullable\":false,\"DefaultValue\":null,\"IsSerial\":false,\"IsUnique\":false,\"Idx\":2},\"description\":{\"Type\":0,\"IsNullable\":true,\"DefaultValue\":null,\"IsSerial\":false,\"IsUnique\":false,\"Idx\":4},\"objoid\":{\"Type\":1,\"IsNullable\":false,\"DefaultValue\":null,\"IsSerial\":false,\"IsUnique\":false,\"Idx\":1},\"objsubid\":{\"Type\":1,\"IsNullable\":false,\"DefaultValue\":null,\"IsSerial\":false,\"IsUnique\":false,\"Idx\":3}},\"PrimaryKeys\":[1,2,3]}", "vclock": {"node1":119}}
2026-02-28T14:57:47.770+0300	DEBUG	logger/zap_logger.go:96	DEBUG: Parsed statement type: INSERT

2026-02-28T14:57:47.770+0300	DEBUG	logger/zap_logger.go:96	DEBUG: Insert into pg_catalog.pg_shdescription: [[1 1259 0 Description for pg_tables table] [2 1259 0 Description for pg_columns table]]

2026-02-28T14:57:47.770+0300	DEBUG	logger/zap_logger.go:71	DEBUG: Table metadata:	{"meta": {"Name":"pg_catalog.pg_shdescription","Columns":{"classoid":{"Type":1,"IsNullable":false,"DefaultValue":null,"IsSerial":false,"IsUnique":false,"Idx":2},"description":{"Type":0,"IsNullable":true,"DefaultValue":null,"IsSerial":false,"IsUnique":false,"Idx":4},"objoid":{"Type":1,"IsNullable":false,"DefaultValue":null,"IsSerial":false,"IsUnique":false,"Idx":1},"objsubid":{"Type":1,"IsNullable":false,"DefaultValue":null,"IsSerial":false,"IsUnique":false,"Idx":3}},"PrimaryKeys":[1,2,3]}}
2026-02-28T14:57:47.770+0300	DEBUG	logger/zap_logger.go:71	DEBUG: Saved row: 	{"rowKey": "testdb:pg_catalog:pg_shdescription:row:112590:", "rowData": "[1,1259,0,\"Description for pg_tables table\"]"}
2026-02-28T14:57:47.770+0300	DEBUG	logger/zap_logger.go:71	DEBUG: Saved row: 	{"rowKey": "testdb:pg_catalog:pg_shdescription:row:212590:", "rowData": "[2,1259,0,\"Description for pg_columns table\"]"}
2026-02-28T14:57:47.770+0300	INFO	logger/zap_logger.go:76	[SynchronizerVClock] Loaded key	{"key": "testdb:pg_catalog:pg_shdescription:row:112590:", "value": "[1,1259,0,\"Description for pg_tables table\"]", "vclock": {"node1":120}}
2026-02-28T14:57:47.770+0300	DEBUG	logger/zap_logger.go:96	Executing: 

CREATE TABLE IF NOT EXISTS pg_catalog.pg_am (
    oid INT,
    amname TEXT,
    amhandler INT,
    amtype TEXT,
    PRIMARY KEY (oid)
)
2026-02-28T14:57:47.770+0300	INFO	logger/zap_logger.go:76	[SynchronizerVClock] Loaded key	{"key": "testdb:pg_catalog:pg_shdescription:row:212590:", "value": "[2,1259,0,\"Description for pg_columns table\"]", "vclock": {"node1":121}}
2026-02-28T14:57:47.770+0300	DEBUG	logger/zap_logger.go:96	DEBUG: Parsed statement type: CREATE_TABLE

2026-02-28T14:57:47.770+0300	DEBUG	logger/zap_logger.go:96	Executing: 

INSERT INTO pg_catalog.pg_am (oid, amname, amhandler, amtype) VALUES
(403, 'heap', 0, 't'),
(405, 'btree', 0, 'i')
2026-02-28T14:57:47.771+0300	INFO	logger/zap_logger.go:76	[SynchronizerVClock] Loaded key	{"key": "schema:testdb:pg_catalog:pg_am:", "value": "{\"Name\":\"pg_catalog.pg_am\",\"Columns\":{\"amhandler\":{\"Type\":1,\"IsNullable\":true,\"DefaultValue\":null,\"IsSerial\":false,\"IsUnique\":false,\"Idx\":3},\"amname\":{\"Type\":0,\"IsNullable\":true,\"DefaultValue\":null,\"IsSerial\":false,\"IsUnique\":false,\"Idx\":2},\"amtype\":{\"Type\":0,\"IsNullable\":true,\"DefaultValue\":null,\"IsSerial\":false,\"IsUnique\":false,\"Idx\":4},\"oid\":{\"Type\":1,\"IsNullable\":false,\"DefaultValue\":null,\"IsSerial\":false,\"IsUnique\":false,\"Idx\":1}},\"PrimaryKeys\":[1]}", "vclock": {"node1":122}}
2026-02-28T14:57:47.771+0300	DEBUG	logger/zap_logger.go:96	DEBUG: Parsed statement type: INSERT

2026-02-28T14:57:47.771+0300	DEBUG	logger/zap_logger.go:96	DEBUG: Insert into pg_catalog.pg_am: [[403 heap 0 t] [405 btree 0 i]]

2026-02-28T14:57:47.771+0300	DEBUG	logger/zap_logger.go:71	DEBUG: Table metadata:	{"meta": {"Name":"pg_catalog.pg_am","Columns":{"amhandler":{"Type":1,"IsNullable":true,"DefaultValue":null,"IsSerial":false,"IsUnique":false,"Idx":3},"amname":{"Type":0,"IsNullable":true,"DefaultValue":null,"IsSerial":false,"IsUnique":false,"Idx":2},"amtype":{"Type":0,"IsNullable":true,"DefaultValue":null,"IsSerial":false,"IsUnique":false,"Idx":4},"oid":{"Type":1,"IsNullable":false,"DefaultValue":null,"IsSerial":false,"IsUnique":false,"Idx":1}},"PrimaryKeys":[1]}}
2026-02-28T14:57:47.771+0300	DEBUG	logger/zap_logger.go:71	DEBUG: Saved row: 	{"rowKey": "testdb:pg_catalog:pg_am:row:403:", "rowData": "[403,\"heap\",0,\"t\"]"}
2026-02-28T14:57:47.771+0300	DEBUG	logger/zap_logger.go:71	DEBUG: Saved row: 	{"rowKey": "testdb:pg_catalog:pg_am:row:405:", "rowData": "[405,\"btree\",0,\"i\"]"}
2026-02-28T14:57:47.771+0300	INFO	logger/zap_logger.go:76	[SynchronizerVClock] Loaded key	{"key": "testdb:pg_catalog:pg_am:row:403:", "value": "[403,\"heap\",0,\"t\"]", "vclock": {"node1":123}}
2026-02-28T14:57:47.771+0300	DEBUG	logger/zap_logger.go:96	Executing: 

2026-02-28T14:57:47.771+0300	INFO	logger/zap_logger.go:76	System tables initialization completed
2026-02-28T14:57:47.771+0300	INFO	logger/zap_logger.go:76	[SynchronizerVClock] Loaded key	{"key": "testdb:pg_catalog:pg_am:row:405:", "value": "[405,\"btree\",0,\"i\"]", "vclock": {"node1":124}}
2026-02-28T14:57:47.771+0300	INFO	logger/zap_logger.go:76	Pg server started
2026-02-28T14:57:49.963+0300	INFO	logger/zap_logger.go:76	Accepted connection
2026-02-28T14:57:49.964+0300	INFO	logger/zap_logger.go:76	Accepted connection
2026-02-28T14:57:49.966+0300	INFO	logger/zap_logger.go:76	SSL request received, sending 'N'
2026-02-28T14:57:49.966+0300	INFO	logger/zap_logger.go:76	Startup complete
2026-02-28T14:57:50.732+0300	DEBUG	logger/zap_logger.go:96	Query: select t.oid,
	case when nsp.nspname in ('pg_catalog', 'public') then t.typname
		else nsp.nspname||'.'||t.typname
	end
from pg_type t
left join pg_type base_type on t.typelem=base_type.oid
;
2026-02-28T14:57:50.734+0300	DEBUG	logger/zap_logger.go:96	Parsing select item: t.oid
2026-02-28T14:57:50.734+0300	DEBUG	logger/zap_logger.go:96	Parsing select item: casewhennsp.nspnamein('pg_catalog','public')thent.typnameelsensp.nspname||'.'||t.typnameend
2026-02-28T14:57:50.734+0300	DEBUG	logger/zap_logger.go:96	DEBUG: Parsed statement type: SELECT

2026-02-28T14:57:50.734+0300	DEBUG	logger/zap_logger.go:96	Parsed statement: %!(EXTRA zapcore.Field={stmt 23 0  0x1400041bae0})
2026-02-28T14:57:50.734+0300	DEBUG	logger/zap_logger.go:96	Executing query plan: %!(EXTRA zapcore.Field={queryPlan 25 0  Project
  Join
    Scan (pg_catalog.pg_type AS t)
    Scan (pg_catalog.pg_type AS base_type)
})
2026-02-28T14:57:50.734+0300	DEBUG	logger/zap_logger.go:71	executing plan node	{"type": "Project"}
2026-02-28T14:57:50.734+0300	DEBUG	logger/zap_logger.go:71	executing plan node	{"type": "Join"}
2026-02-28T14:57:50.734+0300	DEBUG	logger/zap_logger.go:71	executing plan node	{"type": "Scan"}
2026-02-28T14:57:50.734+0300	DEBUG	logger/zap_logger.go:71	Table metadata: 	{"meta": {"Name":"pg_catalog.pg_type","Columns":{"oid":{"Type":1,"IsNullable":false,"DefaultValue":null,"IsSerial":false,"IsUnique":false,"Idx":1},"typacl":{"Type":0,"IsNullable":true,"DefaultValue":null,"IsSerial":false,"IsUnique":false,"Idx":31},"typalign":{"Type":0,"IsNullable":true,"DefaultValue":null,"IsSerial":false,"IsUnique":false,"Idx":22},"typanalyze":{"Type":0,"IsNullable":true,"DefaultValue":null,"IsSerial":false,"IsUnique":false,"Idx":21},"typarray":{"Type":1,"IsNullable":true,"DefaultValue":null,"IsSerial":false,"IsUnique":false,"Idx":14},"typbasetype":{"Type":1,"IsNullable":true,"DefaultValue":null,"IsSerial":false,"IsUnique":false,"Idx":25},"typbyval":{"Type":0,"IsNullable":true,"DefaultValue":null,"IsSerial":false,"IsUnique":false,"Idx":6},"typcategory":{"Type":0,"IsNullable":true,"DefaultValue":null,"IsSerial":false,"IsUnique":false,"Idx":8},"typcollation":{"Type":1,"IsNullable":true,"DefaultValue":null,"IsSerial":false,"IsUnique":false,"Idx":28},"typdefault":{"Type":0,"IsNullable":true,"DefaultValue":null,"IsSerial":false,"IsUnique":false,"Idx":30},"typdefaultbin":{"Type":0,"IsNullable":true,"DefaultValue":null,"IsSerial":false,"IsUnique":false,"Idx":29},"typdelim":{"Type":0,"IsNullable":true,"DefaultValue":null,"IsSerial":false,"IsUnique":false,"Idx":11},"typelem":{"Type":1,"IsNullable":true,"DefaultValue":null,"IsSerial":false,"IsUnique":false,"Idx":13},"typinput":{"Type":0,"IsNullable":true,"DefaultValue":null,"IsSerial":false,"IsUnique":false,"Idx":15},"typisdefined":{"Type":0,"IsNullable":true,"DefaultValue":null,"IsSerial":false,"IsUnique":false,"Idx":10},"typispreferred":{"Type":0,"IsNullable":true,"DefaultValue":null,"IsSerial":false,"IsUnique":false,"Idx":9},"typlen":{"Type":1,"IsNullable":true,"DefaultValue":null,"IsSerial":false,"IsUnique":false,"Idx":5},"typmodin":{"Type":0,"IsNullable":true,"DefaultValue":null,"IsSerial":false,"IsUnique":false,"Idx":19},"typmodout":{"Type":0,"IsNullable":true,"DefaultValue":null,"IsSerial":false,"IsUnique":false,"Idx":20},"typname":{"Type":0,"IsNullable":true,"DefaultValue":null,"IsSerial":false,"IsUnique":false,"Idx":2},"typnamespace":{"Type":1,"IsNullable":true,"DefaultValue":null,"IsSerial":false,"IsUnique":false,"Idx":3},"typndims":{"Type":1,"IsNullable":true,"DefaultValue":null,"IsSerial":false,"IsUnique":false,"Idx":27},"typnotnull":{"Type":0,"IsNullable":true,"DefaultValue":null,"IsSerial":false,"IsUnique":false,"Idx":24},"typoutput":{"Type":0,"IsNullable":true,"DefaultValue":null,"IsSerial":false,"IsUnique":false,"Idx":16},"typowner":{"Type":1,"IsNullable":true,"DefaultValue":null,"IsSerial":false,"IsUnique":false,"Idx":4},"typreceive":{"Type":0,"IsNullable":true,"DefaultValue":null,"IsSerial":false,"IsUnique":false,"Idx":17},"typrelid":{"Type":1,"IsNullable":true,"DefaultValue":null,"IsSerial":false,"IsUnique":false,"Idx":12},"typsend":{"Type":0,"IsNullable":true,"DefaultValue":null,"IsSerial":false,"IsUnique":false,"Idx":18},"typstorage":{"Type":0,"IsNullable":true,"DefaultValue":null,"IsSerial":false,"IsUnique":false,"Idx":23},"typtype":{"Type":0,"IsNullable":true,"DefaultValue":null,"IsSerial":false,"IsUnique":false,"Idx":7},"typtypmod":{"Type":1,"IsNullable":true,"DefaultValue":null,"IsSerial":false,"IsUnique":false,"Idx":26}},"PrimaryKeys":[1]}}
2026-02-28T14:57:50.734+0300	DEBUG	logger/zap_logger.go:71	Table columns	{"columns": [{"Idx":1,"Name":"oid","Type":1,"TableIdentifier":"","OriginalTableName":""},{"Idx":2,"Name":"typname","Type":0,"TableIdentifier":"","OriginalTableName":""},{"Idx":3,"Name":"typnamespace","Type":1,"TableIdentifier":"","OriginalTableName":""},{"Idx":4,"Name":"typowner","Type":1,"TableIdentifier":"","OriginalTableName":""},{"Idx":5,"Name":"typlen","Type":1,"TableIdentifier":"","OriginalTableName":""},{"Idx":6,"Name":"typbyval","Type":0,"TableIdentifier":"","OriginalTableName":""},{"Idx":7,"Name":"typtype","Type":0,"TableIdentifier":"","OriginalTableName":""},{"Idx":8,"Name":"typcategory","Type":0,"TableIdentifier":"","OriginalTableName":""},{"Idx":9,"Name":"typispreferred","Type":0,"TableIdentifier":"","OriginalTableName":""},{"Idx":10,"Name":"typisdefined","Type":0,"TableIdentifier":"","OriginalTableName":""},{"Idx":11,"Name":"typdelim","Type":0,"TableIdentifier":"","OriginalTableName":""},{"Idx":12,"Name":"typrelid","Type":1,"TableIdentifier":"","OriginalTableName":""},{"Idx":13,"Name":"typelem","Type":1,"TableIdentifier":"","OriginalTableName":""},{"Idx":14,"Name":"typarray","Type":1,"TableIdentifier":"","OriginalTableName":""},{"Idx":15,"Name":"typinput","Type":0,"TableIdentifier":"","OriginalTableName":""},{"Idx":16,"Name":"typoutput","Type":0,"TableIdentifier":"","OriginalTableName":""},{"Idx":17,"Name":"typreceive","Type":0,"TableIdentifier":"","OriginalTableName":""},{"Idx":18,"Name":"typsend","Type":0,"TableIdentifier":"","OriginalTableName":""},{"Idx":19,"Name":"typmodin","Type":0,"TableIdentifier":"","OriginalTableName":""},{"Idx":20,"Name":"typmodout","Type":0,"TableIdentifier":"","OriginalTableName":""},{"Idx":21,"Name":"typanalyze","Type":0,"TableIdentifier":"","OriginalTableName":""},{"Idx":22,"Name":"typalign","Type":0,"TableIdentifier":"","OriginalTableName":""},{"Idx":23,"Name":"typstorage","Type":0,"TableIdentifier":"","OriginalTableName":""},{"Idx":24,"Name":"typnotnull","Type":0,"TableIdentifier":"","OriginalTableName":""},{"Idx":25,"Name":"typbasetype","Type":1,"TableIdentifier":"","OriginalTableName":""},{"Idx":26,"Name":"typtypmod","Type":1,"TableIdentifier":"","OriginalTableName":""},{"Idx":27,"Name":"typndims","Type":1,"TableIdentifier":"","OriginalTableName":""},{"Idx":28,"Name":"typcollation","Type":1,"TableIdentifier":"","OriginalTableName":""},{"Idx":29,"Name":"typdefaultbin","Type":0,"TableIdentifier":"","OriginalTableName":""},{"Idx":30,"Name":"typdefault","Type":0,"TableIdentifier":"","OriginalTableName":""},{"Idx":31,"Name":"typacl","Type":0,"TableIdentifier":"","OriginalTableName":""}]}
2026-02-28T14:57:50.734+0300	DEBUG	logger/zap_logger.go:71	Select columns	{"columns": [{"Name":"","IsAll":true}]}
2026-02-28T14:57:50.734+0300	DEBUG	logger/zap_logger.go:71	NewIterator called with seekKey:	{"seekKey": "testdb:pg_catalog:pg_type:row:", "typ": "ALL"}
2026-02-28T14:57:50.735+0300	DEBUG	logger/zap_logger.go:71	Select result: 	{"result": {"Rows":[[19,"name",11,10,64,false,"b","S",false,true,",",0,0,1003,"namein","nameout","namerecv","namesend","-","-","-","c","p",false,0,-1,0,950,"NULL","NULL","NULL"],[3802,"jsonb",11,10,-1,false,"b","U",false,true,",",0,0,3807,"jsonb_in","jsonb_out","jsonb_recv","jsonb_send","-","-","-","i","e",false,0,-1,0,0,"NULL","NULL","NULL"],[2950,"uuid",11,10,16,false,"b","U",false,true,",",0,0,2951,"uuid_in","uuid_out","uuid_recv","uuid_send","-","-","-","c","p",false,0,-1,0,0,"NULL","NULL","NULL"],[100002,"email_address",11,10,-1,false,"d","S",false,true,",",0,0,0,"textin","textout","textrecv","textsend","-","-","-","i","e",false,25,-1,0,0,"NULL","NULL","NULL"],[1184,"timestamptz",11,10,8,true,"b","D",true,true,",",0,0,1185,"timestamptz_in","timestamptz_out","timestamptz_recv","timestamptz_send","timestamptztypmodin","timestamptztypmodout","-","d","p",false,0,-1,0,0,"NULL","NULL","NULL"],[16,"bool",11,10,1,true,"b","B",true,true,",",0,0,1000,"boolin","boolout","boolrecv","boolsend","booltypmodin","booltypmodout","boolanalyze","c","p",false,0,-1,0,0,"NULL","NULL","NULL"],[700,"float4",11,10,4,true,"b","N",false,true,",",0,0,1021,"float4in","float4out","float4recv","float4send","-","-","-","i","p",false,0,-1,0,0,"NULL","NULL","NULL"],[100003,"us_postal_code",11,10,-1,false,"d","S",false,true,",",0,0,0,"textin","textout","textrecv","textsend","-","-","-","i","e",false,25,-1,0,0,"NULL","NULL","NULL"],[1082,"date",11,10,4,true,"b","D",false,true,",",0,0,1182,"date_in","date_out","date_recv","date_send","-","-","-","i","p",false,0,-1,0,0,"NULL","NULL","NULL"],[18,"char",11,10,1,true,"b","Z",false,true,",",0,0,1002,"charin","charout","charrecv","charsend","-","-","-","c","p",false,0,-1,0,0,"NULL","NULL","NULL"],[21,"int2",11,10,2,true,"b","N",false,true,",",0,0,1005,"int2in","int2out","int2recv","int2send","-","-","-","s","p",false,0,-1,0,0,"NULL","NULL","NULL"],[26,"oid",11,10,4,true,"b","N",true,true,",",0,0,1028,"oidin","oidout","oidrecv","oidsend","-","-","-","i","p",false,0,-1,0,0,"NULL","NULL","NULL"],[20,"int8",11,10,8,true,"b","N",false,true,",",0,0,1016,"int8in","int8out","int8recv","int8send","-","-","-","d","p",false,0,-1,0,0,"NULL","NULL","NULL"],[1043,"varchar",11,10,-1,false,"b","S",false,true,",",0,0,1015,"varcharin","varcharout","varcharrecv","varcharsend","varchartypmodin","varchartypmodout","-","i","e",false,0,-1,0,100,"NULL","NULL","NULL"],[1083,"time",11,10,8,true,"b","D",false,true,",",0,0,1183,"time_in","time_out","time_recv","time_send","timetypmodin","timetypmodout","-","d","p",false,0,-1,0,0,"NULL","NULL","NULL"],[25,"text",11,10,-1,false,"b","S",true,true,",",0,0,1009,"textin","textout","textrecv","textsend","texttypmodin","texttypmodout","textanalyze","i","e",false,0,-1,0,0,"NULL","NULL","NULL"],[1700,"numeric",11,10,-1,false,"b","N",false,true,",",0,0,1231,"numeric_in","numeric_out","numeric_recv","numeric_send","numerictypmodin","numerictypmodout","-","i","m",false,0,-1,0,0,"NULL","NULL","NULL"],[23,"int4",11,10,4,true,"b","N",true,true,",",0,0,1007,"int4in","int4out","int4recv","int4send","int4typmodin","int4typmodout","int4analyze","i","p",false,0,-1,0,0,"NULL","NULL","NULL"],[701,"float8",11,10,8,true,"b","N",true,true,",",0,0,1022,"float8in","float8out","float8recv","float8send","-","-","-","d","p",false,0,-1,0,0,"NULL","NULL","NULL"],[24,"regproc",11,10,4,true,"b","N",false,true,",",0,0,1008,"regprocin","regprocout","regprocrecv","regprocsend","-","-","-","i","p",false,0,-1,0,0,"NULL","NULL","NULL"],[1042,"bpchar",11,10,-1,false,"b","S",false,true,",",0,0,1014,"bpcharin","bpcharout","bpcharrecv","bpcharsend","bpchartypmodin","bpchartypmodout","-","i","e",false,0,-1,0,100,"NULL","NULL","NULL"],[114,"json",11,10,-1,false,"b","U",false,true,",",0,0,199,"json_in","json_out","json_recv","json_send","-","-","-","i","e",false,0,-1,0,0,"NULL","NULL","NULL"],[1114,"timestamp",11,10,8,true,"b","D",false,true,",",0,0,1115,"timestamp_in","timestamp_out","timestamp_recv","timestamp_send","timestamptypmodin","timestamptypmodout","-","d","p",false,0,-1,0,0,"NULL","NULL","NULL"],[17,"bytea",11,10,-1,false,"b","U",false,true,",",0,0,1001,"byteain","byteaout","bytearecv","byteasend","-","-","-","i","x",false,0,-1,0,0,"NULL","NULL","NULL"],[100001,"positive_int",11,10,4,true,"d","N",false,true,",",0,0,0,"int4in","int4out","int4recv","int4send","-","-","-","i","p",false,23,-1,0,0,"NULL","NULL","NULL"]],"Columns":[{"Idx":1,"Name":"oid","Type":1,"TableIdentifier":"","OriginalTableName":""},{"Idx":2,"Name":"typname","Type":0,"TableIdentifier":"","OriginalTableName":""},{"Idx":3,"Name":"typnamespace","Type":1,"TableIdentifier":"","OriginalTableName":""},{"Idx":4,"Name":"typowner","Type":1,"TableIdentifier":"","OriginalTableName":""},{"Idx":5,"Name":"typlen","Type":1,"TableIdentifier":"","OriginalTableName":""},{"Idx":6,"Name":"typbyval","Type":0,"TableIdentifier":"","OriginalTableName":""},{"Idx":7,"Name":"typtype","Type":0,"TableIdentifier":"","OriginalTableName":""},{"Idx":8,"Name":"typcategory","Type":0,"TableIdentifier":"","OriginalTableName":""},{"Idx":9,"Name":"typispreferred","Type":0,"TableIdentifier":"","OriginalTableName":""},{"Idx":10,"Name":"typisdefined","Type":0,"TableIdentifier":"","OriginalTableName":""},{"Idx":11,"Name":"typdelim","Type":0,"TableIdentifier":"","OriginalTableName":""},{"Idx":12,"Name":"typrelid","Type":1,"TableIdentifier":"","OriginalTableName":""},{"Idx":13,"Name":"typelem","Type":1,"TableIdentifier":"","OriginalTableName":""},{"Idx":14,"Name":"typarray","Type":1,"TableIdentifier":"","OriginalTableName":""},{"Idx":15,"Name":"typinput","Type":0,"TableIdentifier":"","OriginalTableName":""},{"Idx":16,"Name":"typoutput","Type":0,"TableIdentifier":"","OriginalTableName":""},{"Idx":17,"Name":"typreceive","Type":0,"TableIdentifier":"","OriginalTableName":""},{"Idx":18,"Name":"typsend","Type":0,"TableIdentifier":"","OriginalTableName":""},{"Idx":19,"Name":"typmodin","Type":0,"TableIdentifier":"","OriginalTableName":""},{"Idx":20,"Name":"typmodout","Type":0,"TableIdentifier":"","OriginalTableName":""},{"Idx":21,"Name":"typanalyze","Type":0,"TableIdentifier":"","OriginalTableName":""},{"Idx":22,"Name":"typalign","Type":0,"TableIdentifier":"","OriginalTableName":""},{"Idx":23,"Name":"typstorage","Type":0,"TableIdentifier":"","OriginalTableName":""},{"Idx":24,"Name":"typnotnull","Type":0,"TableIdentifier":"","OriginalTableName":""},{"Idx":25,"Name":"typbasetype","Type":1,"TableIdentifier":"","OriginalTableName":""},{"Idx":26,"Name":"typtypmod","Type":1,"TableIdentifier":"","OriginalTableName":""},{"Idx":27,"Name":"typndims","Type":1,"TableIdentifier":"","OriginalTableName":""},{"Idx":28,"Name":"typcollation","Type":1,"TableIdentifier":"","OriginalTableName":""},{"Idx":29,"Name":"typdefaultbin","Type":0,"TableIdentifier":"","OriginalTableName":""},{"Idx":30,"Name":"typdefault","Type":0,"TableIdentifier":"","OriginalTableName":""},{"Idx":31,"Name":"typacl","Type":0,"TableIdentifier":"","OriginalTableName":""}]}}
2026-02-28T14:57:50.735+0300	DEBUG	logger/zap_logger.go:71	scan result	{"rows": 25, "cols": 31}
2026-02-28T14:57:50.735+0300	DEBUG	logger/zap_logger.go:71	executing plan node	{"type": "Scan"}
2026-02-28T14:57:50.735+0300	DEBUG	logger/zap_logger.go:71	Table metadata: 	{"meta": {"Name":"pg_catalog.pg_type","Columns":{"oid":{"Type":1,"IsNullable":false,"DefaultValue":null,"IsSerial":false,"IsUnique":false,"Idx":1},"typacl":{"Type":0,"IsNullable":true,"DefaultValue":null,"IsSerial":false,"IsUnique":false,"Idx":31},"typalign":{"Type":0,"IsNullable":true,"DefaultValue":null,"IsSerial":false,"IsUnique":false,"Idx":22},"typanalyze":{"Type":0,"IsNullable":true,"DefaultValue":null,"IsSerial":false,"IsUnique":false,"Idx":21},"typarray":{"Type":1,"IsNullable":true,"DefaultValue":null,"IsSerial":false,"IsUnique":false,"Idx":14},"typbasetype":{"Type":1,"IsNullable":true,"DefaultValue":null,"IsSerial":false,"IsUnique":false,"Idx":25},"typbyval":{"Type":0,"IsNullable":true,"DefaultValue":null,"IsSerial":false,"IsUnique":false,"Idx":6},"typcategory":{"Type":0,"IsNullable":true,"DefaultValue":null,"IsSerial":false,"IsUnique":false,"Idx":8},"typcollation":{"Type":1,"IsNullable":true,"DefaultValue":null,"IsSerial":false,"IsUnique":false,"Idx":28},"typdefault":{"Type":0,"IsNullable":true,"DefaultValue":null,"IsSerial":false,"IsUnique":false,"Idx":30},"typdefaultbin":{"Type":0,"IsNullable":true,"DefaultValue":null,"IsSerial":false,"IsUnique":false,"Idx":29},"typdelim":{"Type":0,"IsNullable":true,"DefaultValue":null,"IsSerial":false,"IsUnique":false,"Idx":11},"typelem":{"Type":1,"IsNullable":true,"DefaultValue":null,"IsSerial":false,"IsUnique":false,"Idx":13},"typinput":{"Type":0,"IsNullable":true,"DefaultValue":null,"IsSerial":false,"IsUnique":false,"Idx":15},"typisdefined":{"Type":0,"IsNullable":true,"DefaultValue":null,"IsSerial":false,"IsUnique":false,"Idx":10},"typispreferred":{"Type":0,"IsNullable":true,"DefaultValue":null,"IsSerial":false,"IsUnique":false,"Idx":9},"typlen":{"Type":1,"IsNullable":true,"DefaultValue":null,"IsSerial":false,"IsUnique":false,"Idx":5},"typmodin":{"Type":0,"IsNullable":true,"DefaultValue":null,"IsSerial":false,"IsUnique":false,"Idx":19},"typmodout":{"Type":0,"IsNullable":true,"DefaultValue":null,"IsSerial":false,"IsUnique":false,"Idx":20},"typname":{"Type":0,"IsNullable":true,"DefaultValue":null,"IsSerial":false,"IsUnique":false,"Idx":2},"typnamespace":{"Type":1,"IsNullable":true,"DefaultValue":null,"IsSerial":false,"IsUnique":false,"Idx":3},"typndims":{"Type":1,"IsNullable":true,"DefaultValue":null,"IsSerial":false,"IsUnique":false,"Idx":27},"typnotnull":{"Type":0,"IsNullable":true,"DefaultValue":null,"IsSerial":false,"IsUnique":false,"Idx":24},"typoutput":{"Type":0,"IsNullable":true,"DefaultValue":null,"IsSerial":false,"IsUnique":false,"Idx":16},"typowner":{"Type":1,"IsNullable":true,"DefaultValue":null,"IsSerial":false,"IsUnique":false,"Idx":4},"typreceive":{"Type":0,"IsNullable":true,"DefaultValue":null,"IsSerial":false,"IsUnique":false,"Idx":17},"typrelid":{"Type":1,"IsNullable":true,"DefaultValue":null,"IsSerial":false,"IsUnique":false,"Idx":12},"typsend":{"Type":0,"IsNullable":true,"DefaultValue":null,"IsSerial":false,"IsUnique":false,"Idx":18},"typstorage":{"Type":0,"IsNullable":true,"DefaultValue":null,"IsSerial":false,"IsUnique":false,"Idx":23},"typtype":{"Type":0,"IsNullable":true,"DefaultValue":null,"IsSerial":false,"IsUnique":false,"Idx":7},"typtypmod":{"Type":1,"IsNullable":true,"DefaultValue":null,"IsSerial":false,"IsUnique":false,"Idx":26}},"PrimaryKeys":[1]}}
2026-02-28T14:57:50.735+0300	DEBUG	logger/zap_logger.go:71	Table columns	{"columns": [{"Idx":1,"Name":"oid","Type":1,"TableIdentifier":"","OriginalTableName":""},{"Idx":2,"Name":"typname","Type":0,"TableIdentifier":"","OriginalTableName":""},{"Idx":3,"Name":"typnamespace","Type":1,"TableIdentifier":"","OriginalTableName":""},{"Idx":4,"Name":"typowner","Type":1,"TableIdentifier":"","OriginalTableName":""},{"Idx":5,"Name":"typlen","Type":1,"TableIdentifier":"","OriginalTableName":""},{"Idx":6,"Name":"typbyval","Type":0,"TableIdentifier":"","OriginalTableName":""},{"Idx":7,"Name":"typtype","Type":0,"TableIdentifier":"","OriginalTableName":""},{"Idx":8,"Name":"typcategory","Type":0,"TableIdentifier":"","OriginalTableName":""},{"Idx":9,"Name":"typispreferred","Type":0,"TableIdentifier":"","OriginalTableName":""},{"Idx":10,"Name":"typisdefined","Type":0,"TableIdentifier":"","OriginalTableName":""},{"Idx":11,"Name":"typdelim","Type":0,"TableIdentifier":"","OriginalTableName":""},{"Idx":12,"Name":"typrelid","Type":1,"TableIdentifier":"","OriginalTableName":""},{"Idx":13,"Name":"typelem","Type":1,"TableIdentifier":"","OriginalTableName":""},{"Idx":14,"Name":"typarray","Type":1,"TableIdentifier":"","OriginalTableName":""},{"Idx":15,"Name":"typinput","Type":0,"TableIdentifier":"","OriginalTableName":""},{"Idx":16,"Name":"typoutput","Type":0,"TableIdentifier":"","OriginalTableName":""},{"Idx":17,"Name":"typreceive","Type":0,"TableIdentifier":"","OriginalTableName":""},{"Idx":18,"Name":"typsend","Type":0,"TableIdentifier":"","OriginalTableName":""},{"Idx":19,"Name":"typmodin","Type":0,"TableIdentifier":"","OriginalTableName":""},{"Idx":20,"Name":"typmodout","Type":0,"TableIdentifier":"","OriginalTableName":""},{"Idx":21,"Name":"typanalyze","Type":0,"TableIdentifier":"","OriginalTableName":""},{"Idx":22,"Name":"typalign","Type":0,"TableIdentifier":"","OriginalTableName":""},{"Idx":23,"Name":"typstorage","Type":0,"TableIdentifier":"","OriginalTableName":""},{"Idx":24,"Name":"typnotnull","Type":0,"TableIdentifier":"","OriginalTableName":""},{"Idx":25,"Name":"typbasetype","Type":1,"TableIdentifier":"","OriginalTableName":""},{"Idx":26,"Name":"typtypmod","Type":1,"TableIdentifier":"","OriginalTableName":""},{"Idx":27,"Name":"typndims","Type":1,"TableIdentifier":"","OriginalTableName":""},{"Idx":28,"Name":"typcollation","Type":1,"TableIdentifier":"","OriginalTableName":""},{"Idx":29,"Name":"typdefaultbin","Type":0,"TableIdentifier":"","OriginalTableName":""},{"Idx":30,"Name":"typdefault","Type":0,"TableIdentifier":"","OriginalTableName":""},{"Idx":31,"Name":"typacl","Type":0,"TableIdentifier":"","OriginalTableName":""}]}
2026-02-28T14:57:50.735+0300	DEBUG	logger/zap_logger.go:71	Select columns	{"columns": [{"Name":"","IsAll":true}]}
2026-02-28T14:57:50.735+0300	DEBUG	logger/zap_logger.go:71	NewIterator called with seekKey:	{"seekKey": "testdb:pg_catalog:pg_type:row:", "typ": "ALL"}
2026-02-28T14:57:50.735+0300	DEBUG	logger/zap_logger.go:71	Select result: 	{"result": {"Rows":[[701,"float8",11,10,8,true,"b","N",true,true,",",0,0,1022,"float8in","float8out","float8recv","float8send","-","-","-","d","p",false,0,-1,0,0,"NULL","NULL","NULL"],[3802,"jsonb",11,10,-1,false,"b","U",false,true,",",0,0,3807,"jsonb_in","jsonb_out","jsonb_recv","jsonb_send","-","-","-","i","e",false,0,-1,0,0,"NULL","NULL","NULL"],[1184,"timestamptz",11,10,8,true,"b","D",true,true,",",0,0,1185,"timestamptz_in","timestamptz_out","timestamptz_recv","timestamptz_send","timestamptztypmodin","timestamptztypmodout","-","d","p",false,0,-1,0,0,"NULL","NULL","NULL"],[19,"name",11,10,64,false,"b","S",false,true,",",0,0,1003,"namein","nameout","namerecv","namesend","-","-","-","c","p",false,0,-1,0,950,"NULL","NULL","NULL"],[25,"text",11,10,-1,false,"b","S",true,true,",",0,0,1009,"textin","textout","textrecv","textsend","texttypmodin","texttypmodout","textanalyze","i","e",false,0,-1,0,0,"NULL","NULL","NULL"],[1042,"bpchar",11,10,-1,false,"b","S",false,true,",",0,0,1014,"bpcharin","bpcharout","bpcharrecv","bpcharsend","bpchartypmodin","bpchartypmodout","-","i","e",false,0,-1,0,100,"NULL","NULL","NULL"],[16,"bool",11,10,1,true,"b","B",true,true,",",0,0,1000,"boolin","boolout","boolrecv","boolsend","booltypmodin","booltypmodout","boolanalyze","c","p",false,0,-1,0,0,"NULL","NULL","NULL"],[26,"oid",11,10,4,true,"b","N",true,true,",",0,0,1028,"oidin","oidout","oidrecv","oidsend","-","-","-","i","p",false,0,-1,0,0,"NULL","NULL","NULL"],[1083,"time",11,10,8,true,"b","D",false,true,",",0,0,1183,"time_in","time_out","time_recv","time_send","timetypmodin","timetypmodout","-","d","p",false,0,-1,0,0,"NULL","NULL","NULL"],[21,"int2",11,10,2,true,"b","N",false,true,",",0,0,1005,"int2in","int2out","int2recv","int2send","-","-","-","s","p",false,0,-1,0,0,"NULL","NULL","NULL"],[100002,"email_address",11,10,-1,false,"d","S",false,true,",",0,0,0,"textin","textout","textrecv","textsend","-","-","-","i","e",false,25,-1,0,0,"NULL","NULL","NULL"],[20,"int8",11,10,8,true,"b","N",false,true,",",0,0,1016,"int8in","int8out","int8recv","int8send","-","-","-","d","p",false,0,-1,0,0,"NULL","NULL","NULL"],[2950,"uuid",11,10,16,false,"b","U",false,true,",",0,0,2951,"uuid_in","uuid_out","uuid_recv","uuid_send","-","-","-","c","p",false,0,-1,0,0,"NULL","NULL","NULL"],[100001,"positive_int",11,10,4,true,"d","N",false,true,",",0,0,0,"int4in","int4out","int4recv","int4send","-","-","-","i","p",false,23,-1,0,0,"NULL","NULL","NULL"],[100003,"us_postal_code",11,10,-1,false,"d","S",false,true,",",0,0,0,"textin","textout","textrecv","textsend","-","-","-","i","e",false,25,-1,0,0,"NULL","NULL","NULL"],[1043,"varchar",11,10,-1,false,"b","S",false,true,",",0,0,1015,"varcharin","varcharout","varcharrecv","varcharsend","varchartypmodin","varchartypmodout","-","i","e",false,0,-1,0,100,"NULL","NULL","NULL"],[24,"regproc",11,10,4,true,"b","N",false,true,",",0,0,1008,"regprocin","regprocout","regprocrecv","regprocsend","-","-","-","i","p",false,0,-1,0,0,"NULL","NULL","NULL"],[700,"float4",11,10,4,true,"b","N",false,true,",",0,0,1021,"float4in","float4out","float4recv","float4send","-","-","-","i","p",false,0,-1,0,0,"NULL","NULL","NULL"],[17,"bytea",11,10,-1,false,"b","U",false,true,",",0,0,1001,"byteain","byteaout","bytearecv","byteasend","-","-","-","i","x",false,0,-1,0,0,"NULL","NULL","NULL"],[1114,"timestamp",11,10,8,true,"b","D",false,true,",",0,0,1115,"timestamp_in","timestamp_out","timestamp_recv","timestamp_send","timestamptypmodin","timestamptypmodout","-","d","p",false,0,-1,0,0,"NULL","NULL","NULL"],[114,"json",11,10,-1,false,"b","U",false,true,",",0,0,199,"json_in","json_out","json_recv","json_send","-","-","-","i","e",false,0,-1,0,0,"NULL","NULL","NULL"],[1700,"numeric",11,10,-1,false,"b","N",false,true,",",0,0,1231,"numeric_in","numeric_out","numeric_recv","numeric_send","numerictypmodin","numerictypmodout","-","i","m",false,0,-1,0,0,"NULL","NULL","NULL"],[1082,"date",11,10,4,true,"b","D",false,true,",",0,0,1182,"date_in","date_out","date_recv","date_send","-","-","-","i","p",false,0,-1,0,0,"NULL","NULL","NULL"],[18,"char",11,10,1,true,"b","Z",false,true,",",0,0,1002,"charin","charout","charrecv","charsend","-","-","-","c","p",false,0,-1,0,0,"NULL","NULL","NULL"],[23,"int4",11,10,4,true,"b","N",true,true,",",0,0,1007,"int4in","int4out","int4recv","int4send","int4typmodin","int4typmodout","int4analyze","i","p",false,0,-1,0,0,"NULL","NULL","NULL"]],"Columns":[{"Idx":1,"Name":"oid","Type":1,"TableIdentifier":"","OriginalTableName":""},{"Idx":2,"Name":"typname","Type":0,"TableIdentifier":"","OriginalTableName":""},{"Idx":3,"Name":"typnamespace","Type":1,"TableIdentifier":"","OriginalTableName":""},{"Idx":4,"Name":"typowner","Type":1,"TableIdentifier":"","OriginalTableName":""},{"Idx":5,"Name":"typlen","Type":1,"TableIdentifier":"","OriginalTableName":""},{"Idx":6,"Name":"typbyval","Type":0,"TableIdentifier":"","OriginalTableName":""},{"Idx":7,"Name":"typtype","Type":0,"TableIdentifier":"","OriginalTableName":""},{"Idx":8,"Name":"typcategory","Type":0,"TableIdentifier":"","OriginalTableName":""},{"Idx":9,"Name":"typispreferred","Type":0,"TableIdentifier":"","OriginalTableName":""},{"Idx":10,"Name":"typisdefined","Type":0,"TableIdentifier":"","OriginalTableName":""},{"Idx":11,"Name":"typdelim","Type":0,"TableIdentifier":"","OriginalTableName":""},{"Idx":12,"Name":"typrelid","Type":1,"TableIdentifier":"","OriginalTableName":""},{"Idx":13,"Name":"typelem","Type":1,"TableIdentifier":"","OriginalTableName":""},{"Idx":14,"Name":"typarray","Type":1,"TableIdentifier":"","OriginalTableName":""},{"Idx":15,"Name":"typinput","Type":0,"TableIdentifier":"","OriginalTableName":""},{"Idx":16,"Name":"typoutput","Type":0,"TableIdentifier":"","OriginalTableName":""},{"Idx":17,"Name":"typreceive","Type":0,"TableIdentifier":"","OriginalTableName":""},{"Idx":18,"Name":"typsend","Type":0,"TableIdentifier":"","OriginalTableName":""},{"Idx":19,"Name":"typmodin","Type":0,"TableIdentifier":"","OriginalTableName":""},{"Idx":20,"Name":"typmodout","Type":0,"TableIdentifier":"","OriginalTableName":""},{"Idx":21,"Name":"typanalyze","Type":0,"TableIdentifier":"","OriginalTableName":""},{"Idx":22,"Name":"typalign","Type":0,"TableIdentifier":"","OriginalTableName":""},{"Idx":23,"Name":"typstorage","Type":0,"TableIdentifier":"","OriginalTableName":""},{"Idx":24,"Name":"typnotnull","Type":0,"TableIdentifier":"","OriginalTableName":""},{"Idx":25,"Name":"typbasetype","Type":1,"TableIdentifier":"","OriginalTableName":""},{"Idx":26,"Name":"typtypmod","Type":1,"TableIdentifier":"","OriginalTableName":""},{"Idx":27,"Name":"typndims","Type":1,"TableIdentifier":"","OriginalTableName":""},{"Idx":28,"Name":"typcollation","Type":1,"TableIdentifier":"","OriginalTableName":""},{"Idx":29,"Name":"typdefaultbin","Type":0,"TableIdentifier":"","OriginalTableName":""},{"Idx":30,"Name":"typdefault","Type":0,"TableIdentifier":"","OriginalTableName":""},{"Idx":31,"Name":"typacl","Type":0,"TableIdentifier":"","OriginalTableName":""}]}}
2026-02-28T14:57:50.735+0300	DEBUG	logger/zap_logger.go:71	scan result	{"rows": 25, "cols": 31}
2026-02-28T14:57:50.739+0300	DEBUG	logger/zap_logger.go:96	Column nspname (qualified: nsp.nspname) not found in row context
2026-02-28T14:58:01.055+0300	DEBUG	logger/zap_logger.go:96	Query: SELECT u.id, o.user_id, * FROM orders o
JOIN users u ON o.user_id = u.id;
2026-02-28T14:58:01.058+0300	DEBUG	logger/zap_logger.go:96	Parsing select item: u.id
2026-02-28T14:58:01.058+0300	DEBUG	logger/zap_logger.go:96	Parsing select item: o.user_id
2026-02-28T14:58:01.058+0300	DEBUG	logger/zap_logger.go:96	Parsing select item: *
2026-02-28T14:58:01.058+0300	DEBUG	logger/zap_logger.go:96	DEBUG: Parsed statement type: SELECT

2026-02-28T14:58:01.058+0300	DEBUG	logger/zap_logger.go:96	Parsed statement: %!(EXTRA zapcore.Field={stmt 23 0  0x14000049640})
2026-02-28T14:58:01.058+0300	DEBUG	logger/zap_logger.go:96	Executing query plan: %!(EXTRA zapcore.Field={queryPlan 25 0  Project
  Join
    Scan (orders AS o)
    Scan (users AS u)
})
2026-02-28T14:58:01.058+0300	DEBUG	logger/zap_logger.go:71	executing plan node	{"type": "Project"}
2026-02-28T14:58:01.058+0300	DEBUG	logger/zap_logger.go:71	executing plan node	{"type": "Join"}
2026-02-28T14:58:01.058+0300	DEBUG	logger/zap_logger.go:71	executing plan node	{"type": "Scan"}
2026-02-28T14:58:06.537+0300	DEBUG	logger/zap_logger.go:96	Query: CREATE TABLE orders (
    id INT PRIMARY KEY,
    user_id INT
);
2026-02-28T14:58:06.538+0300	DEBUG	logger/zap_logger.go:96	DEBUG: Parsed statement type: CREATE_TABLE

2026-02-28T14:58:06.538+0300	DEBUG	logger/zap_logger.go:96	Parsed statement: %!(EXTRA zapcore.Field={stmt 23 0  0x14000526af0})
2026-02-28T14:58:06.539+0300	INFO	logger/zap_logger.go:76	[SynchronizerVClock] Loaded key	{"key": "schema:testdb:public:orders:", "value": "{\"Name\":\"orders\",\"Columns\":{\"id\":{\"Type\":1,\"IsNullable\":false,\"DefaultValue\":null,\"IsSerial\":false,\"IsUnique\":false,\"Idx\":1},\"user_id\":{\"Type\":1,\"IsNullable\":true,\"DefaultValue\":null,\"IsSerial\":false,\"IsUnique\":false,\"Idx\":2}},\"PrimaryKeys\":[1]}", "vclock": {"node1":125}}
2026-02-28T14:58:06.539+0300	DEBUG	logger/zap_logger.go:96	Query: CREATE TABLE users (
    id INT PRIMARY KEY,
    name TEXT
);
2026-02-28T14:58:06.539+0300	DEBUG	logger/zap_logger.go:96	DEBUG: Parsed statement type: CREATE_TABLE

2026-02-28T14:58:06.540+0300	DEBUG	logger/zap_logger.go:96	Parsed statement: %!(EXTRA zapcore.Field={stmt 23 0  0x1400041e9b0})
2026-02-28T14:58:06.540+0300	INFO	logger/zap_logger.go:76	[SynchronizerVClock] Loaded key	{"key": "schema:testdb:public:users:", "value": "{\"Name\":\"users\",\"Columns\":{\"id\":{\"Type\":1,\"IsNullable\":false,\"DefaultValue\":null,\"IsSerial\":false,\"IsUnique\":false,\"Idx\":1},\"name\":{\"Type\":0,\"IsNullable\":true,\"DefaultValue\":null,\"IsSerial\":false,\"IsUnique\":false,\"Idx\":2}},\"PrimaryKeys\":[1]}", "vclock": {"node1":126}}
2026-02-28T14:58:06.540+0300	DEBUG	logger/zap_logger.go:96	Query: INSERT INTO users (id, name) VALUES (1, 'Alice'), (2, 'Bob');
2026-02-28T14:58:06.540+0300	DEBUG	logger/zap_logger.go:96	DEBUG: Parsed statement type: INSERT

2026-02-28T14:58:06.540+0300	DEBUG	logger/zap_logger.go:96	Parsed statement: %!(EXTRA zapcore.Field={stmt 23 0  0x140004d8b80})
2026-02-28T14:58:06.540+0300	DEBUG	logger/zap_logger.go:96	DEBUG: Insert into users: [[1 Alice] [2 Bob]]

2026-02-28T14:58:06.540+0300	DEBUG	logger/zap_logger.go:71	DEBUG: Table metadata:	{"meta": {"Name":"users","Columns":{"id":{"Type":1,"IsNullable":false,"DefaultValue":null,"IsSerial":false,"IsUnique":false,"Idx":1},"name":{"Type":0,"IsNullable":true,"DefaultValue":null,"IsSerial":false,"IsUnique":false,"Idx":2}},"PrimaryKeys":[1]}}
2026-02-28T14:58:06.541+0300	DEBUG	logger/zap_logger.go:71	DEBUG: Saved row: 	{"rowKey": "testdb:public:users:row:1:", "rowData": "[1,\"Alice\"]"}
2026-02-28T14:58:06.541+0300	DEBUG	logger/zap_logger.go:71	DEBUG: Saved row: 	{"rowKey": "testdb:public:users:row:2:", "rowData": "[2,\"Bob\"]"}
2026-02-28T14:58:06.541+0300	INFO	logger/zap_logger.go:76	[SynchronizerVClock] Loaded key	{"key": "testdb:public:users:row:2:", "value": "[2,\"Bob\"]", "vclock": {"node1":127}}
2026-02-28T14:58:06.541+0300	INFO	logger/zap_logger.go:76	[SynchronizerVClock] Loaded key	{"key": "testdb:public:users:row:1:", "value": "[1,\"Alice\"]", "vclock": {"node1":128}}
2026-02-28T14:58:06.541+0300	DEBUG	logger/zap_logger.go:96	Query: INSERT INTO orders (id, user_id) VALUES (1, 1), (2, 2), (3, 1);
2026-02-28T14:58:06.541+0300	DEBUG	logger/zap_logger.go:96	DEBUG: Parsed statement type: INSERT

2026-02-28T14:58:06.541+0300	DEBUG	logger/zap_logger.go:96	Parsed statement: %!(EXTRA zapcore.Field={stmt 23 0  0x140004d9300})
2026-02-28T14:58:06.541+0300	DEBUG	logger/zap_logger.go:96	DEBUG: Insert into orders: [[1 1] [2 2] [3 1]]

2026-02-28T14:58:06.541+0300	DEBUG	logger/zap_logger.go:71	DEBUG: Table metadata:	{"meta": {"Name":"orders","Columns":{"id":{"Type":1,"IsNullable":false,"DefaultValue":null,"IsSerial":false,"IsUnique":false,"Idx":1},"user_id":{"Type":1,"IsNullable":true,"DefaultValue":null,"IsSerial":false,"IsUnique":false,"Idx":2}},"PrimaryKeys":[1]}}
2026-02-28T14:58:06.541+0300	DEBUG	logger/zap_logger.go:71	DEBUG: Saved row: 	{"rowKey": "testdb:public:orders:row:1:", "rowData": "[1,1]"}
2026-02-28T14:58:06.541+0300	DEBUG	logger/zap_logger.go:71	DEBUG: Saved row: 	{"rowKey": "testdb:public:orders:row:2:", "rowData": "[2,2]"}
2026-02-28T14:58:06.541+0300	DEBUG	logger/zap_logger.go:71	DEBUG: Saved row: 	{"rowKey": "testdb:public:orders:row:3:", "rowData": "[3,1]"}
2026-02-28T14:58:06.542+0300	INFO	logger/zap_logger.go:76	[SynchronizerVClock] Loaded key	{"key": "testdb:public:orders:row:3:", "value": "[3,1]", "vclock": {"node1":129}}
2026-02-28T14:58:06.542+0300	INFO	logger/zap_logger.go:76	[SynchronizerVClock] Loaded key	{"key": "testdb:public:orders:row:1:", "value": "[1,1]", "vclock": {"node1":130}}
2026-02-28T14:58:06.542+0300	INFO	logger/zap_logger.go:76	[SynchronizerVClock] Loaded key	{"key": "testdb:public:orders:row:2:", "value": "[2,2]", "vclock": {"node1":131}}
2026-02-28T14:58:09.823+0300	DEBUG	logger/zap_logger.go:96	Query: SELECT u.id, o.user_id, * FROM orders o
JOIN users u ON o.user_id = u.id;
2026-02-28T14:58:09.824+0300	DEBUG	logger/zap_logger.go:96	Parsing select item: u.id
2026-02-28T14:58:09.824+0300	DEBUG	logger/zap_logger.go:96	Parsing select item: o.user_id
2026-02-28T14:58:09.824+0300	DEBUG	logger/zap_logger.go:96	Parsing select item: *
2026-02-28T14:58:09.824+0300	DEBUG	logger/zap_logger.go:96	DEBUG: Parsed statement type: SELECT

2026-02-28T14:58:09.824+0300	DEBUG	logger/zap_logger.go:96	Parsed statement: %!(EXTRA zapcore.Field={stmt 23 0  0x140000f7dc0})
2026-02-28T14:58:09.824+0300	DEBUG	logger/zap_logger.go:96	Executing query plan: %!(EXTRA zapcore.Field={queryPlan 25 0  Project
  Join
    Scan (orders AS o)
    Scan (users AS u)
})
2026-02-28T14:58:09.824+0300	DEBUG	logger/zap_logger.go:71	executing plan node	{"type": "Project"}
2026-02-28T14:58:09.824+0300	DEBUG	logger/zap_logger.go:71	executing plan node	{"type": "Join"}
2026-02-28T14:58:09.824+0300	DEBUG	logger/zap_logger.go:71	executing plan node	{"type": "Scan"}
2026-02-28T14:58:09.824+0300	DEBUG	logger/zap_logger.go:71	Table metadata: 	{"meta": {"Name":"orders","Columns":{"id":{"Type":1,"IsNullable":false,"DefaultValue":null,"IsSerial":false,"IsUnique":false,"Idx":1},"user_id":{"Type":1,"IsNullable":true,"DefaultValue":null,"IsSerial":false,"IsUnique":false,"Idx":2}},"PrimaryKeys":[1]}}
2026-02-28T14:58:09.825+0300	DEBUG	logger/zap_logger.go:71	Table columns	{"columns": [{"Idx":1,"Name":"id","Type":1,"TableIdentifier":"","OriginalTableName":""},{"Idx":2,"Name":"user_id","Type":1,"TableIdentifier":"","OriginalTableName":""}]}
2026-02-28T14:58:09.825+0300	DEBUG	logger/zap_logger.go:71	Select columns	{"columns": [{"Name":"","IsAll":true}]}
2026-02-28T14:58:09.825+0300	DEBUG	logger/zap_logger.go:71	NewIterator called with seekKey:	{"seekKey": "testdb:public:orders:row:", "typ": "ALL"}
2026-02-28T14:58:09.825+0300	DEBUG	logger/zap_logger.go:71	Select result: 	{"result": {"Rows":[[1,1],[2,2],[3,1]],"Columns":[{"Idx":1,"Name":"id","Type":1,"TableIdentifier":"","OriginalTableName":""},{"Idx":2,"Name":"user_id","Type":1,"TableIdentifier":"","OriginalTableName":""}]}}
2026-02-28T14:58:09.825+0300	DEBUG	logger/zap_logger.go:71	scan result	{"rows": 3, "cols": 2}
2026-02-28T14:58:09.825+0300	DEBUG	logger/zap_logger.go:71	executing plan node	{"type": "Scan"}
2026-02-28T14:58:09.825+0300	DEBUG	logger/zap_logger.go:71	Table metadata: 	{"meta": {"Name":"users","Columns":{"id":{"Type":1,"IsNullable":false,"DefaultValue":null,"IsSerial":false,"IsUnique":false,"Idx":1},"name":{"Type":0,"IsNullable":true,"DefaultValue":null,"IsSerial":false,"IsUnique":false,"Idx":2}},"PrimaryKeys":[1]}}
2026-02-28T14:58:09.825+0300	DEBUG	logger/zap_logger.go:71	Table columns	{"columns": [{"Idx":1,"Name":"id","Type":1,"TableIdentifier":"","OriginalTableName":""},{"Idx":2,"Name":"name","Type":0,"TableIdentifier":"","OriginalTableName":""}]}
2026-02-28T14:58:09.825+0300	DEBUG	logger/zap_logger.go:71	Select columns	{"columns": [{"Name":"","IsAll":true}]}
2026-02-28T14:58:09.825+0300	DEBUG	logger/zap_logger.go:71	NewIterator called with seekKey:	{"seekKey": "testdb:public:users:row:", "typ": "ALL"}
2026-02-28T14:58:09.825+0300	DEBUG	logger/zap_logger.go:71	Select result: 	{"result": {"Rows":[[2,"Bob"],[1,"Alice"]],"Columns":[{"Idx":1,"Name":"id","Type":1,"TableIdentifier":"","OriginalTableName":""},{"Idx":2,"Name":"name","Type":0,"TableIdentifier":"","OriginalTableName":""}]}}
2026-02-28T14:58:09.825+0300	DEBUG	logger/zap_logger.go:71	scan result	{"rows": 2, "cols": 2}
2026-02-28T14:58:09.825+0300	DEBUG	logger/zap_logger.go:71	performNestedLoopJoin	{"leftRows": 3, "rightRows": 2, "leftCols": 2, "rightCols": 2}
2026-02-28T14:58:09.825+0300	DEBUG	logger/zap_logger.go:71	Evaluating JOIN condition	{"leftRowIdx": 0, "rightRowIdx": 0, "leftRow": [1,1], "rightRow": [2,"Bob"], "combinedRow": [1,1,2,"Bob"]}
2026-02-28T14:58:09.825+0300	DEBUG	logger/zap_logger.go:71	JOIN condition result	{"matches": false, "exprType": "*rmodels.BoolExpression"}
2026-02-28T14:58:09.825+0300	DEBUG	logger/zap_logger.go:71	Evaluating JOIN condition	{"leftRowIdx": 0, "rightRowIdx": 1, "leftRow": [1,1], "rightRow": [1,"Alice"], "combinedRow": [1,1,1,"Alice"]}
2026-02-28T14:58:09.825+0300	DEBUG	logger/zap_logger.go:71	JOIN condition result	{"matches": true, "exprType": "*rmodels.BoolExpression"}
2026-02-28T14:58:09.825+0300	DEBUG	logger/zap_logger.go:71	Evaluating JOIN condition	{"leftRowIdx": 1, "rightRowIdx": 0, "leftRow": [2,2], "rightRow": [2,"Bob"], "combinedRow": [2,2,2,"Bob"]}
2026-02-28T14:58:09.825+0300	DEBUG	logger/zap_logger.go:71	JOIN condition result	{"matches": true, "exprType": "*rmodels.BoolExpression"}
2026-02-28T14:58:09.825+0300	DEBUG	logger/zap_logger.go:71	Evaluating JOIN condition	{"leftRowIdx": 1, "rightRowIdx": 1, "leftRow": [2,2], "rightRow": [1,"Alice"], "combinedRow": [2,2,1,"Alice"]}
2026-02-28T14:58:09.825+0300	DEBUG	logger/zap_logger.go:71	JOIN condition result	{"matches": false, "exprType": "*rmodels.BoolExpression"}
2026-02-28T14:58:09.825+0300	DEBUG	logger/zap_logger.go:71	Evaluating JOIN condition	{"leftRowIdx": 2, "rightRowIdx": 0, "leftRow": [3,1], "rightRow": [2,"Bob"], "combinedRow": [3,1,2,"Bob"]}
2026-02-28T14:58:09.825+0300	DEBUG	logger/zap_logger.go:71	JOIN condition result	{"matches": false, "exprType": "*rmodels.BoolExpression"}
2026-02-28T14:58:09.825+0300	DEBUG	logger/zap_logger.go:71	Evaluating JOIN condition	{"leftRowIdx": 2, "rightRowIdx": 1, "leftRow": [3,1], "rightRow": [1,"Alice"], "combinedRow": [3,1,1,"Alice"]}
2026-02-28T14:58:09.825+0300	DEBUG	logger/zap_logger.go:71	JOIN condition result	{"matches": true, "exprType": "*rmodels.BoolExpression"}
2026-02-28T14:58:09.825+0300	DEBUG	logger/zap_logger.go:71	performNestedLoopJoin result	{"resultRows": 3}
2026-02-28T14:58:09.825+0300	DEBUG	logger/zap_logger.go:71	DEBUG: Sending row:	{"row": [1,1,1,1,1,"Alice"]}
2026-02-28T14:58:09.825+0300	DEBUG	logger/zap_logger.go:71	DEBUG: Sending row:	{"row": [2,2,2,2,2,"Bob"]}
2026-02-28T14:58:09.826+0300	DEBUG	logger/zap_logger.go:71	DEBUG: Sending row:	{"row": [1,1,3,1,1,"Alice"]}
2026-02-28T14:59:18.892+0300	DEBUG	logger/zap_logger.go:96	Query: SELECT id, * FROM orders o
JOIN users u ON o.user_id = u.id;
2026-02-28T14:59:18.895+0300	DEBUG	logger/zap_logger.go:96	Parsing select item: id
2026-02-28T14:59:18.895+0300	DEBUG	logger/zap_logger.go:96	Parsing select item: *
2026-02-28T14:59:18.895+0300	DEBUG	logger/zap_logger.go:96	DEBUG: Parsed statement type: SELECT

2026-02-28T14:59:18.895+0300	DEBUG	logger/zap_logger.go:96	Parsed statement: %!(EXTRA zapcore.Field={stmt 23 0  0x140004370d0})
2026-02-28T14:59:18.895+0300	DEBUG	logger/zap_logger.go:96	Executing query plan: %!(EXTRA zapcore.Field={queryPlan 25 0  Project
  Join
    Scan (orders AS o)
    Scan (users AS u)
})
2026-02-28T14:59:18.895+0300	DEBUG	logger/zap_logger.go:71	executing plan node	{"type": "Project"}
2026-02-28T14:59:18.895+0300	DEBUG	logger/zap_logger.go:71	executing plan node	{"type": "Join"}
2026-02-28T14:59:18.895+0300	DEBUG	logger/zap_logger.go:71	executing plan node	{"type": "Scan"}
2026-02-28T14:59:18.895+0300	DEBUG	logger/zap_logger.go:71	Table metadata: 	{"meta": {"Name":"orders","Columns":{"id":{"Type":1,"IsNullable":false,"DefaultValue":null,"IsSerial":false,"IsUnique":false,"Idx":1},"user_id":{"Type":1,"IsNullable":true,"DefaultValue":null,"IsSerial":false,"IsUnique":false,"Idx":2}},"PrimaryKeys":[1]}}
2026-02-28T14:59:18.896+0300	DEBUG	logger/zap_logger.go:71	Table columns	{"columns": [{"Idx":1,"Name":"id","Type":1,"TableIdentifier":"","OriginalTableName":""},{"Idx":2,"Name":"user_id","Type":1,"TableIdentifier":"","OriginalTableName":""}]}
2026-02-28T14:59:18.896+0300	DEBUG	logger/zap_logger.go:71	Select columns	{"columns": [{"Name":"","IsAll":true}]}
2026-02-28T14:59:18.896+0300	DEBUG	logger/zap_logger.go:71	NewIterator called with seekKey:	{"seekKey": "testdb:public:orders:row:", "typ": "ALL"}
2026-02-28T14:59:18.896+0300	DEBUG	logger/zap_logger.go:71	Select result: 	{"result": {"Rows":[[1,1],[2,2],[3,1]],"Columns":[{"Idx":1,"Name":"id","Type":1,"TableIdentifier":"","OriginalTableName":""},{"Idx":2,"Name":"user_id","Type":1,"TableIdentifier":"","OriginalTableName":""}]}}
2026-02-28T14:59:18.896+0300	DEBUG	logger/zap_logger.go:71	scan result	{"rows": 3, "cols": 2}
2026-02-28T14:59:18.896+0300	DEBUG	logger/zap_logger.go:71	executing plan node	{"type": "Scan"}
2026-02-28T14:59:18.896+0300	DEBUG	logger/zap_logger.go:71	Table metadata: 	{"meta": {"Name":"users","Columns":{"id":{"Type":1,"IsNullable":false,"DefaultValue":null,"IsSerial":false,"IsUnique":false,"Idx":1},"name":{"Type":0,"IsNullable":true,"DefaultValue":null,"IsSerial":false,"IsUnique":false,"Idx":2}},"PrimaryKeys":[1]}}
2026-02-28T14:59:18.896+0300	DEBUG	logger/zap_logger.go:71	Table columns	{"columns": [{"Idx":1,"Name":"id","Type":1,"TableIdentifier":"","OriginalTableName":""},{"Idx":2,"Name":"name","Type":0,"TableIdentifier":"","OriginalTableName":""}]}
2026-02-28T14:59:18.896+0300	DEBUG	logger/zap_logger.go:71	Select columns	{"columns": [{"Name":"","IsAll":true}]}
2026-02-28T14:59:18.896+0300	DEBUG	logger/zap_logger.go:71	NewIterator called with seekKey:	{"seekKey": "testdb:public:users:row:", "typ": "ALL"}
2026-02-28T14:59:18.896+0300	DEBUG	logger/zap_logger.go:71	Select result: 	{"result": {"Rows":[[1,"Alice"],[2,"Bob"]],"Columns":[{"Idx":1,"Name":"id","Type":1,"TableIdentifier":"","OriginalTableName":""},{"Idx":2,"Name":"name","Type":0,"TableIdentifier":"","OriginalTableName":""}]}}
2026-02-28T14:59:18.896+0300	DEBUG	logger/zap_logger.go:71	scan result	{"rows": 2, "cols": 2}
2026-02-28T14:59:18.896+0300	DEBUG	logger/zap_logger.go:71	performNestedLoopJoin	{"leftRows": 3, "rightRows": 2, "leftCols": 2, "rightCols": 2}
2026-02-28T14:59:18.896+0300	DEBUG	logger/zap_logger.go:71	Evaluating JOIN condition	{"leftRowIdx": 0, "rightRowIdx": 0, "leftRow": [1,1], "rightRow": [1,"Alice"], "combinedRow": [1,1,1,"Alice"]}
2026-02-28T14:59:18.896+0300	DEBUG	logger/zap_logger.go:71	JOIN condition result	{"matches": true, "exprType": "*rmodels.BoolExpression"}
2026-02-28T14:59:18.896+0300	DEBUG	logger/zap_logger.go:71	Evaluating JOIN condition	{"leftRowIdx": 0, "rightRowIdx": 1, "leftRow": [1,1], "rightRow": [2,"Bob"], "combinedRow": [1,1,2,"Bob"]}
2026-02-28T14:59:18.896+0300	DEBUG	logger/zap_logger.go:71	JOIN condition result	{"matches": false, "exprType": "*rmodels.BoolExpression"}
2026-02-28T14:59:18.896+0300	DEBUG	logger/zap_logger.go:71	Evaluating JOIN condition	{"leftRowIdx": 1, "rightRowIdx": 0, "leftRow": [2,2], "rightRow": [1,"Alice"], "combinedRow": [2,2,1,"Alice"]}
2026-02-28T14:59:18.896+0300	DEBUG	logger/zap_logger.go:71	JOIN condition result	{"matches": false, "exprType": "*rmodels.BoolExpression"}
2026-02-28T14:59:18.896+0300	DEBUG	logger/zap_logger.go:71	Evaluating JOIN condition	{"leftRowIdx": 1, "rightRowIdx": 1, "leftRow": [2,2], "rightRow": [2,"Bob"], "combinedRow": [2,2,2,"Bob"]}
2026-02-28T14:59:18.896+0300	DEBUG	logger/zap_logger.go:71	JOIN condition result	{"matches": true, "exprType": "*rmodels.BoolExpression"}
2026-02-28T14:59:18.896+0300	DEBUG	logger/zap_logger.go:71	Evaluating JOIN condition	{"leftRowIdx": 2, "rightRowIdx": 0, "leftRow": [3,1], "rightRow": [1,"Alice"], "combinedRow": [3,1,1,"Alice"]}
2026-02-28T14:59:18.896+0300	DEBUG	logger/zap_logger.go:71	JOIN condition result	{"matches": true, "exprType": "*rmodels.BoolExpression"}
2026-02-28T14:59:18.896+0300	DEBUG	logger/zap_logger.go:71	Evaluating JOIN condition	{"leftRowIdx": 2, "rightRowIdx": 1, "leftRow": [3,1], "rightRow": [2,"Bob"], "combinedRow": [3,1,2,"Bob"]}
2026-02-28T14:59:18.896+0300	DEBUG	logger/zap_logger.go:71	JOIN condition result	{"matches": false, "exprType": "*rmodels.BoolExpression"}
2026-02-28T14:59:18.896+0300	DEBUG	logger/zap_logger.go:71	performNestedLoopJoin result	{"resultRows": 3}
2026-02-28T14:59:18.896+0300	DEBUG	logger/zap_logger.go:71	DEBUG: Sending row:	{"row": [1,1,1,1,"Alice"]}
2026-02-28T14:59:18.896+0300	DEBUG	logger/zap_logger.go:71	DEBUG: Sending row:	{"row": [2,2,2,2,"Bob"]}
2026-02-28T14:59:18.896+0300	DEBUG	logger/zap_logger.go:71	DEBUG: Sending row:	{"row": [3,3,1,1,"Alice"]}
2026-02-28T15:02:24.035+0300	INFO	logger/zap_logger.go:76	Using in-memory store
2026-02-28T15:02:24.035+0300	DEBUG	logger/zap_logger.go:96	Registering functions for plugin base: [0x14000074770 0x14000074778 0x14000074780 0x14000074788 0x14000074790 0x14000074798 0x140000747a0 0x140000747a8 0x140000747b0 0x140000747b8 0x140000747c0 0x140000747c8 0x140000747d0 0x140000747d8]

2026-02-28T15:02:24.035+0300	INFO	logger/zap_logger.go:76	Plugins registered
2026-02-28T15:02:24.035+0300	INFO	logger/zap_logger.go:76	Initializing system tables...
2026-02-28T15:02:24.035+0300	INFO	logger/zap_logger.go:76	[SynchronizerVClock] Sync complete	{"nodeID": "node1"}
2026-02-28T15:02:24.035+0300	INFO	logger/zap_logger.go:101	Executing system initialization file: 0001_information_schema.sql
2026-02-28T15:02:24.036+0300	DEBUG	logger/zap_logger.go:96	Executing: -- information_schema global system schema

CREATE TABLE IF NOT EXISTS information_schema.tables (
    table_schema TEXT,
    table_name TEXT,
    table_type TEXT,
    PRIMARY KEY (table_schema, table_name)
)
2026-02-28T15:02:24.038+0300	DEBUG	logger/zap_logger.go:96	DEBUG: Parsed statement type: CREATE_TABLE

2026-02-28T15:02:24.038+0300	DEBUG	logger/zap_logger.go:96	Executing: 

INSERT INTO information_schema.tables (table_schema, table_name, table_type) VALUES
    ('information_schema', 'tables', 'BASE TABLE'),
    ('information_schema', 'columns', 'BASE TABLE'),
    ('information_schema', 'schemata', 'BASE TABLE')
2026-02-28T15:02:24.038+0300	INFO	logger/zap_logger.go:76	[SynchronizerVClock] Loaded key	{"key": "schema:testdb:information_schema:tables:", "value": "{\"Name\":\"information_schema.tables\",\"Columns\":{\"table_name\":{\"Type\":0,\"IsNullable\":false,\"DefaultValue\":null,\"IsSerial\":false,\"IsUnique\":false,\"Idx\":2},\"table_schema\":{\"Type\":0,\"IsNullable\":false,\"DefaultValue\":null,\"IsSerial\":false,\"IsUnique\":false,\"Idx\":1},\"table_type\":{\"Type\":0,\"IsNullable\":true,\"DefaultValue\":null,\"IsSerial\":false,\"IsUnique\":false,\"Idx\":3}},\"PrimaryKeys\":[1,2]}", "vclock": {"node1":1}}
2026-02-28T15:02:24.039+0300	DEBUG	logger/zap_logger.go:96	DEBUG: Parsed statement type: INSERT

2026-02-28T15:02:24.039+0300	DEBUG	logger/zap_logger.go:96	DEBUG: Insert into information_schema.tables: [[information_schema tables BASE TABLE] [information_schema columns BASE TABLE] [information_schema schemata BASE TABLE]]

2026-02-28T15:02:24.039+0300	DEBUG	logger/zap_logger.go:71	DEBUG: Table metadata:	{"meta": {"Name":"information_schema.tables","Columns":{"table_name":{"Type":0,"IsNullable":false,"DefaultValue":null,"IsSerial":false,"IsUnique":false,"Idx":2},"table_schema":{"Type":0,"IsNullable":false,"DefaultValue":null,"IsSerial":false,"IsUnique":false,"Idx":1},"table_type":{"Type":0,"IsNullable":true,"DefaultValue":null,"IsSerial":false,"IsUnique":false,"Idx":3}},"PrimaryKeys":[1,2]}}
2026-02-28T15:02:24.039+0300	DEBUG	logger/zap_logger.go:71	DEBUG: Saved row: 	{"rowKey": "testdb:information_schema:tables:row:information_schematables:", "rowData": "[\"information_schema\",\"tables\",\"BASE TABLE\"]"}
2026-02-28T15:02:24.039+0300	DEBUG	logger/zap_logger.go:71	DEBUG: Saved row: 	{"rowKey": "testdb:information_schema:tables:row:information_schemacolumns:", "rowData": "[\"information_schema\",\"columns\",\"BASE TABLE\"]"}
2026-02-28T15:02:24.039+0300	DEBUG	logger/zap_logger.go:71	DEBUG: Saved row: 	{"rowKey": "testdb:information_schema:tables:row:information_schemaschemata:", "rowData": "[\"information_schema\",\"schemata\",\"BASE TABLE\"]"}
2026-02-28T15:02:24.039+0300	INFO	logger/zap_logger.go:76	[SynchronizerVClock] Loaded key	{"key": "testdb:information_schema:tables:row:information_schematables:", "value": "[\"information_schema\",\"tables\",\"BASE TABLE\"]", "vclock": {"node1":2}}
2026-02-28T15:02:24.039+0300	DEBUG	logger/zap_logger.go:96	Executing: 

CREATE TABLE IF NOT EXISTS information_schema.columns (
    table_schema TEXT,
    table_name TEXT,
    column_name TEXT,
    original_position INT,
    column_default TEXT,
    is_nullable BOOLEAN,
    data_type TEXT,
    PRIMARY KEY (table_schema, table_name, column_name)
)
2026-02-28T15:02:24.039+0300	INFO	logger/zap_logger.go:76	[SynchronizerVClock] Loaded key	{"key": "testdb:information_schema:tables:row:information_schemacolumns:", "value": "[\"information_schema\",\"columns\",\"BASE TABLE\"]", "vclock": {"node1":3}}
2026-02-28T15:02:24.039+0300	INFO	logger/zap_logger.go:76	[SynchronizerVClock] Loaded key	{"key": "testdb:information_schema:tables:row:information_schemaschemata:", "value": "[\"information_schema\",\"schemata\",\"BASE TABLE\"]", "vclock": {"node1":4}}
2026-02-28T15:02:24.039+0300	DEBUG	logger/zap_logger.go:96	DEBUG: Parsed statement type: CREATE_TABLE

2026-02-28T15:02:24.039+0300	DEBUG	logger/zap_logger.go:96	Executing: 

INSERT INTO information_schema.columns (table_schema, table_name, column_name, original_position, is_nullable, data_type) VALUES
    ('information_schema', 'tables', 'table_schema', 1, FALSE, 'TEXT'),
    ('information_schema', 'tables', 'table_name', 2, FALSE, 'TEXT'),
    ('information_schema', 'tables', 'table_type', 3, FALSE, 'TEXT'),
    ('information_schema', 'columns', 'table_schema', 1, FALSE, 'TEXT'),
    ('information_schema', 'columns', 'table_name', 2, FALSE, 'TEXT'),
    ('information_schema', 'columns', 'column_name', 3, FALSE, 'TEXT'),
    ('information_schema', 'columns', 'original_position', 4, FALSE, 'INT'),
    ('information_schema', 'columns', 'column_default', 5, TRUE, 'TEXT'),
    ('information_schema', 'columns', 'is_nullable', 6, FALSE, 'BOOLEAN'),
    ('information_schema', 'columns', 'data_type', 7, FALSE, 'TEXT'),
    ('information_schema', 'schemata', 'catalog_name', 1, FALSE, 'TEXT'),
    ('information_schema', 'schemata', 'schema_name', 2, FALSE, 'TEXT'),
    ('information_schema', 'schemata', 'schema_owner', 3, FALSE, 'TEXT'),
    ('information_schema', 'schemata', 'default_character_set_catalog', 4, TRUE, 'TEXT'),
    ('information_schema', 'schemata', 'default_character_set_schema', 5, TRUE, 'TEXT'),
    ('information_schema', 'schemata', 'default_character_set_name', 6, TRUE, 'TEXT'),
    ('information_schema', 'schemata', 'sql_path', 7, TRUE, 'TEXT')
2026-02-28T15:02:24.039+0300	INFO	logger/zap_logger.go:76	[SynchronizerVClock] Loaded key	{"key": "schema:testdb:information_schema:columns:", "value": "{\"Name\":\"information_schema.columns\",\"Columns\":{\"column_default\":{\"Type\":0,\"IsNullable\":true,\"DefaultValue\":null,\"IsSerial\":false,\"IsUnique\":false,\"Idx\":5},\"column_name\":{\"Type\":0,\"IsNullable\":false,\"DefaultValue\":null,\"IsSerial\":false,\"IsUnique\":false,\"Idx\":3},\"data_type\":{\"Type\":0,\"IsNullable\":true,\"DefaultValue\":null,\"IsSerial\":false,\"IsUnique\":false,\"Idx\":7},\"is_nullable\":{\"Type\":0,\"IsNullable\":true,\"DefaultValue\":null,\"IsSerial\":false,\"IsUnique\":false,\"Idx\":6},\"original_position\":{\"Type\":1,\"IsNullable\":true,\"DefaultValue\":null,\"IsSerial\":false,\"IsUnique\":false,\"Idx\":4},\"table_name\":{\"Type\":0,\"IsNullable\":false,\"DefaultValue\":null,\"IsSerial\":false,\"IsUnique\":false,\"Idx\":2},\"table_schema\":{\"Type\":0,\"IsNullable\":false,\"DefaultValue\":null,\"IsSerial\":false,\"IsUnique\":false,\"Idx\":1}},\"PrimaryKeys\":[1,2,3]}", "vclock": {"node1":5}}
2026-02-28T15:02:24.040+0300	DEBUG	logger/zap_logger.go:96	DEBUG: Parsed statement type: INSERT

2026-02-28T15:02:24.040+0300	DEBUG	logger/zap_logger.go:96	DEBUG: Insert into information_schema.columns: [[information_schema tables table_schema 1 false TEXT] [information_schema tables table_name 2 false TEXT] [information_schema tables table_type 3 false TEXT] [information_schema columns table_schema 1 false TEXT] [information_schema columns table_name 2 false TEXT] [information_schema columns column_name 3 false TEXT] [information_schema columns original_position 4 false INT] [information_schema columns column_default 5 true TEXT] [information_schema columns is_nullable 6 false BOOLEAN] [information_schema columns data_type 7 false TEXT] [information_schema schemata catalog_name 1 false TEXT] [information_schema schemata schema_name 2 false TEXT] [information_schema schemata schema_owner 3 false TEXT] [information_schema schemata default_character_set_catalog 4 true TEXT] [information_schema schemata default_character_set_schema 5 true TEXT] [information_schema schemata default_character_set_name 6 true TEXT] [information_schema schemata sql_path 7 true TEXT]]

2026-02-28T15:02:24.040+0300	DEBUG	logger/zap_logger.go:71	DEBUG: Table metadata:	{"meta": {"Name":"information_schema.columns","Columns":{"column_default":{"Type":0,"IsNullable":true,"DefaultValue":null,"IsSerial":false,"IsUnique":false,"Idx":5},"column_name":{"Type":0,"IsNullable":false,"DefaultValue":null,"IsSerial":false,"IsUnique":false,"Idx":3},"data_type":{"Type":0,"IsNullable":true,"DefaultValue":null,"IsSerial":false,"IsUnique":false,"Idx":7},"is_nullable":{"Type":0,"IsNullable":true,"DefaultValue":null,"IsSerial":false,"IsUnique":false,"Idx":6},"original_position":{"Type":1,"IsNullable":true,"DefaultValue":null,"IsSerial":false,"IsUnique":false,"Idx":4},"table_name":{"Type":0,"IsNullable":false,"DefaultValue":null,"IsSerial":false,"IsUnique":false,"Idx":2},"table_schema":{"Type":0,"IsNullable":false,"DefaultValue":null,"IsSerial":false,"IsUnique":false,"Idx":1}},"PrimaryKeys":[1,2,3]}}
2026-02-28T15:02:24.040+0300	DEBUG	logger/zap_logger.go:71	DEBUG: Saved row: 	{"rowKey": "testdb:information_schema:columns:row:information_schematablestable_schema:", "rowData": "[\"information_schema\",\"tables\",\"table_schema\",1,null,false,\"TEXT\"]"}
2026-02-28T15:02:24.040+0300	DEBUG	logger/zap_logger.go:71	DEBUG: Saved row: 	{"rowKey": "testdb:information_schema:columns:row:information_schematablestable_name:", "rowData": "[\"information_schema\",\"tables\",\"table_name\",2,null,false,\"TEXT\"]"}
2026-02-28T15:02:24.040+0300	DEBUG	logger/zap_logger.go:71	DEBUG: Saved row: 	{"rowKey": "testdb:information_schema:columns:row:information_schematablestable_type:", "rowData": "[\"information_schema\",\"tables\",\"table_type\",3,null,false,\"TEXT\"]"}
2026-02-28T15:02:24.040+0300	DEBUG	logger/zap_logger.go:71	DEBUG: Saved row: 	{"rowKey": "testdb:information_schema:columns:row:information_schemacolumnstable_schema:", "rowData": "[\"information_schema\",\"columns\",\"table_schema\",1,null,false,\"TEXT\"]"}
2026-02-28T15:02:24.040+0300	DEBUG	logger/zap_logger.go:71	DEBUG: Saved row: 	{"rowKey": "testdb:information_schema:columns:row:information_schemacolumnstable_name:", "rowData": "[\"information_schema\",\"columns\",\"table_name\",2,null,false,\"TEXT\"]"}
2026-02-28T15:02:24.040+0300	DEBUG	logger/zap_logger.go:71	DEBUG: Saved row: 	{"rowKey": "testdb:information_schema:columns:row:information_schemacolumnscolumn_name:", "rowData": "[\"information_schema\",\"columns\",\"column_name\",3,null,false,\"TEXT\"]"}
2026-02-28T15:02:24.040+0300	DEBUG	logger/zap_logger.go:71	DEBUG: Saved row: 	{"rowKey": "testdb:information_schema:columns:row:information_schemacolumnsoriginal_position:", "rowData": "[\"information_schema\",\"columns\",\"original_position\",4,null,false,\"INT\"]"}
2026-02-28T15:02:24.040+0300	DEBUG	logger/zap_logger.go:71	DEBUG: Saved row: 	{"rowKey": "testdb:information_schema:columns:row:information_schemacolumnscolumn_default:", "rowData": "[\"information_schema\",\"columns\",\"column_default\",5,null,true,\"TEXT\"]"}
2026-02-28T15:02:24.040+0300	DEBUG	logger/zap_logger.go:71	DEBUG: Saved row: 	{"rowKey": "testdb:information_schema:columns:row:information_schemacolumnsis_nullable:", "rowData": "[\"information_schema\",\"columns\",\"is_nullable\",6,null,false,\"BOOLEAN\"]"}
2026-02-28T15:02:24.040+0300	DEBUG	logger/zap_logger.go:71	DEBUG: Saved row: 	{"rowKey": "testdb:information_schema:columns:row:information_schemacolumnsdata_type:", "rowData": "[\"information_schema\",\"columns\",\"data_type\",7,null,false,\"TEXT\"]"}
2026-02-28T15:02:24.040+0300	DEBUG	logger/zap_logger.go:71	DEBUG: Saved row: 	{"rowKey": "testdb:information_schema:columns:row:information_schemaschematacatalog_name:", "rowData": "[\"information_schema\",\"schemata\",\"catalog_name\",1,null,false,\"TEXT\"]"}
2026-02-28T15:02:24.040+0300	DEBUG	logger/zap_logger.go:71	DEBUG: Saved row: 	{"rowKey": "testdb:information_schema:columns:row:information_schemaschemataschema_name:", "rowData": "[\"information_schema\",\"schemata\",\"schema_name\",2,null,false,\"TEXT\"]"}
2026-02-28T15:02:24.040+0300	DEBUG	logger/zap_logger.go:71	DEBUG: Saved row: 	{"rowKey": "testdb:information_schema:columns:row:information_schemaschemataschema_owner:", "rowData": "[\"information_schema\",\"schemata\",\"schema_owner\",3,null,false,\"TEXT\"]"}
2026-02-28T15:02:24.040+0300	DEBUG	logger/zap_logger.go:71	DEBUG: Saved row: 	{"rowKey": "testdb:information_schema:columns:row:information_schemaschematadefault_character_set_catalog:", "rowData": "[\"information_schema\",\"schemata\",\"default_character_set_catalog\",4,null,true,\"TEXT\"]"}
2026-02-28T15:02:24.040+0300	DEBUG	logger/zap_logger.go:71	DEBUG: Saved row: 	{"rowKey": "testdb:information_schema:columns:row:information_schemaschematadefault_character_set_schema:", "rowData": "[\"information_schema\",\"schemata\",\"default_character_set_schema\",5,null,true,\"TEXT\"]"}
2026-02-28T15:02:24.040+0300	DEBUG	logger/zap_logger.go:71	DEBUG: Saved row: 	{"rowKey": "testdb:information_schema:columns:row:information_schemaschematadefault_character_set_name:", "rowData": "[\"information_schema\",\"schemata\",\"default_character_set_name\",6,null,true,\"TEXT\"]"}
2026-02-28T15:02:24.040+0300	DEBUG	logger/zap_logger.go:71	DEBUG: Saved row: 	{"rowKey": "testdb:information_schema:columns:row:information_schemaschematasql_path:", "rowData": "[\"information_schema\",\"schemata\",\"sql_path\",7,null,true,\"TEXT\"]"}
2026-02-28T15:02:24.041+0300	INFO	logger/zap_logger.go:76	[SynchronizerVClock] Loaded key	{"key": "testdb:information_schema:columns:row:information_schemacolumnsis_nullable:", "value": "[\"information_schema\",\"columns\",\"is_nullable\",6,null,false,\"BOOLEAN\"]", "vclock": {"node1":6}}
2026-02-28T15:02:24.041+0300	INFO	logger/zap_logger.go:76	[SynchronizerVClock] Loaded key	{"key": "testdb:information_schema:columns:row:information_schemaschematacatalog_name:", "value": "[\"information_schema\",\"schemata\",\"catalog_name\",1,null,false,\"TEXT\"]", "vclock": {"node1":7}}
2026-02-28T15:02:24.041+0300	DEBUG	logger/zap_logger.go:96	Executing: 

CREATE TABLE IF NOT EXISTS information_schema.schemata (
    catalog_name TEXT,
    schema_name TEXT,
    schema_owner TEXT,
    default_character_set_catalog TEXT,
    default_character_set_schema TEXT,
    default_character_set_name TEXT,
    sql_path TEXT,
    PRIMARY KEY (catalog_name, schema_name)
)
2026-02-28T15:02:24.041+0300	INFO	logger/zap_logger.go:76	[SynchronizerVClock] Loaded key	{"key": "testdb:information_schema:columns:row:information_schemaschemataschema_name:", "value": "[\"information_schema\",\"schemata\",\"schema_name\",2,null,false,\"TEXT\"]", "vclock": {"node1":8}}
2026-02-28T15:02:24.041+0300	INFO	logger/zap_logger.go:76	[SynchronizerVClock] Loaded key	{"key": "testdb:information_schema:columns:row:information_schemaschematadefault_character_set_catalog:", "value": "[\"information_schema\",\"schemata\",\"default_character_set_catalog\",4,null,true,\"TEXT\"]", "vclock": {"node1":9}}
2026-02-28T15:02:24.041+0300	INFO	logger/zap_logger.go:76	[SynchronizerVClock] Loaded key	{"key": "testdb:information_schema:columns:row:information_schematablestable_name:", "value": "[\"information_schema\",\"tables\",\"table_name\",2,null,false,\"TEXT\"]", "vclock": {"node1":10}}
2026-02-28T15:02:24.041+0300	INFO	logger/zap_logger.go:76	[SynchronizerVClock] Loaded key	{"key": "testdb:information_schema:columns:row:information_schemaschematadefault_character_set_schema:", "value": "[\"information_schema\",\"schemata\",\"default_character_set_schema\",5,null,true,\"TEXT\"]", "vclock": {"node1":11}}
2026-02-28T15:02:24.041+0300	INFO	logger/zap_logger.go:76	[SynchronizerVClock] Loaded key	{"key": "testdb:information_schema:columns:row:information_schemaschematasql_path:", "value": "[\"information_schema\",\"schemata\",\"sql_path\",7,null,true,\"TEXT\"]", "vclock": {"node1":12}}
2026-02-28T15:02:24.041+0300	INFO	logger/zap_logger.go:76	[SynchronizerVClock] Loaded key	{"key": "testdb:information_schema:columns:row:information_schematablestable_schema:", "value": "[\"information_schema\",\"tables\",\"table_schema\",1,null,false,\"TEXT\"]", "vclock": {"node1":13}}
2026-02-28T15:02:24.041+0300	INFO	logger/zap_logger.go:76	[SynchronizerVClock] Loaded key	{"key": "testdb:information_schema:columns:row:information_schemacolumnstable_schema:", "value": "[\"information_schema\",\"columns\",\"table_schema\",1,null,false,\"TEXT\"]", "vclock": {"node1":14}}
2026-02-28T15:02:24.041+0300	INFO	logger/zap_logger.go:76	[SynchronizerVClock] Loaded key	{"key": "testdb:information_schema:columns:row:information_schemacolumnstable_name:", "value": "[\"information_schema\",\"columns\",\"table_name\",2,null,false,\"TEXT\"]", "vclock": {"node1":15}}
2026-02-28T15:02:24.041+0300	DEBUG	logger/zap_logger.go:96	DEBUG: Parsed statement type: CREATE_TABLE

2026-02-28T15:02:24.041+0300	INFO	logger/zap_logger.go:76	[SynchronizerVClock] Loaded key	{"key": "testdb:information_schema:columns:row:information_schemacolumnscolumn_name:", "value": "[\"information_schema\",\"columns\",\"column_name\",3,null,false,\"TEXT\"]", "vclock": {"node1":16}}
2026-02-28T15:02:24.041+0300	INFO	logger/zap_logger.go:76	[SynchronizerVClock] Loaded key	{"key": "testdb:information_schema:columns:row:information_schemacolumnsoriginal_position:", "value": "[\"information_schema\",\"columns\",\"original_position\",4,null,false,\"INT\"]", "vclock": {"node1":17}}
2026-02-28T15:02:24.041+0300	DEBUG	logger/zap_logger.go:96	Executing: 

INSERT INTO information_schema.schemata (catalog_name, schema_name, schema_owner) VALUES
    ('petacore', 'information_schema', 'system'),
    ('petacore', 'pg_catalog', 'system')
2026-02-28T15:02:24.041+0300	INFO	logger/zap_logger.go:76	[SynchronizerVClock] Loaded key	{"key": "testdb:information_schema:columns:row:information_schemacolumnsdata_type:", "value": "[\"information_schema\",\"columns\",\"data_type\",7,null,false,\"TEXT\"]", "vclock": {"node1":18}}
2026-02-28T15:02:24.041+0300	INFO	logger/zap_logger.go:76	[SynchronizerVClock] Loaded key	{"key": "testdb:information_schema:columns:row:information_schemaschemataschema_owner:", "value": "[\"information_schema\",\"schemata\",\"schema_owner\",3,null,false,\"TEXT\"]", "vclock": {"node1":19}}
2026-02-28T15:02:24.041+0300	INFO	logger/zap_logger.go:76	[SynchronizerVClock] Loaded key	{"key": "testdb:information_schema:columns:row:information_schematablestable_type:", "value": "[\"information_schema\",\"tables\",\"table_type\",3,null,false,\"TEXT\"]", "vclock": {"node1":20}}
2026-02-28T15:02:24.041+0300	INFO	logger/zap_logger.go:76	[SynchronizerVClock] Loaded key	{"key": "testdb:information_schema:columns:row:information_schemacolumnscolumn_default:", "value": "[\"information_schema\",\"columns\",\"column_default\",5,null,true,\"TEXT\"]", "vclock": {"node1":21}}
2026-02-28T15:02:24.041+0300	INFO	logger/zap_logger.go:76	[SynchronizerVClock] Loaded key	{"key": "testdb:information_schema:columns:row:information_schemaschematadefault_character_set_name:", "value": "[\"information_schema\",\"schemata\",\"default_character_set_name\",6,null,true,\"TEXT\"]", "vclock": {"node1":22}}
2026-02-28T15:02:24.041+0300	INFO	logger/zap_logger.go:76	[SynchronizerVClock] Loaded key	{"key": "schema:testdb:information_schema:schemata:", "value": "{\"Name\":\"information_schema.schemata\",\"Columns\":{\"catalog_name\":{\"Type\":0,\"IsNullable\":false,\"DefaultValue\":null,\"IsSerial\":false,\"IsUnique\":false,\"Idx\":1},\"default_character_set_catalog\":{\"Type\":0,\"IsNullable\":true,\"DefaultValue\":null,\"IsSerial\":false,\"IsUnique\":false,\"Idx\":4},\"default_character_set_name\":{\"Type\":0,\"IsNullable\":true,\"DefaultValue\":null,\"IsSerial\":false,\"IsUnique\":false,\"Idx\":6},\"default_character_set_schema\":{\"Type\":0,\"IsNullable\":true,\"DefaultValue\":null,\"IsSerial\":false,\"IsUnique\":false,\"Idx\":5},\"schema_name\":{\"Type\":0,\"IsNullable\":false,\"DefaultValue\":null,\"IsSerial\":false,\"IsUnique\":false,\"Idx\":2},\"schema_owner\":{\"Type\":0,\"IsNullable\":true,\"DefaultValue\":null,\"IsSerial\":false,\"IsUnique\":false,\"Idx\":3},\"sql_path\":{\"Type\":0,\"IsNullable\":true,\"DefaultValue\":null,\"IsSerial\":false,\"IsUnique\":false,\"Idx\":7}},\"PrimaryKeys\":[1,2]}", "vclock": {"node1":23}}
2026-02-28T15:02:24.041+0300	DEBUG	logger/zap_logger.go:96	DEBUG: Parsed statement type: INSERT

2026-02-28T15:02:24.041+0300	DEBUG	logger/zap_logger.go:96	DEBUG: Insert into information_schema.schemata: [[petacore information_schema system] [petacore pg_catalog system]]

2026-02-28T15:02:24.041+0300	DEBUG	logger/zap_logger.go:71	DEBUG: Table metadata:	{"meta": {"Name":"information_schema.schemata","Columns":{"catalog_name":{"Type":0,"IsNullable":false,"DefaultValue":null,"IsSerial":false,"IsUnique":false,"Idx":1},"default_character_set_catalog":{"Type":0,"IsNullable":true,"DefaultValue":null,"IsSerial":false,"IsUnique":false,"Idx":4},"default_character_set_name":{"Type":0,"IsNullable":true,"DefaultValue":null,"IsSerial":false,"IsUnique":false,"Idx":6},"default_character_set_schema":{"Type":0,"IsNullable":true,"DefaultValue":null,"IsSerial":false,"IsUnique":false,"Idx":5},"schema_name":{"Type":0,"IsNullable":false,"DefaultValue":null,"IsSerial":false,"IsUnique":false,"Idx":2},"schema_owner":{"Type":0,"IsNullable":true,"DefaultValue":null,"IsSerial":false,"IsUnique":false,"Idx":3},"sql_path":{"Type":0,"IsNullable":true,"DefaultValue":null,"IsSerial":false,"IsUnique":false,"Idx":7}},"PrimaryKeys":[1,2]}}
2026-02-28T15:02:24.041+0300	DEBUG	logger/zap_logger.go:71	DEBUG: Saved row: 	{"rowKey": "testdb:information_schema:schemata:row:petacoreinformation_schema:", "rowData": "[\"petacore\",\"information_schema\",\"system\",null,null,null,null]"}
2026-02-28T15:02:24.041+0300	DEBUG	logger/zap_logger.go:71	DEBUG: Saved row: 	{"rowKey": "testdb:information_schema:schemata:row:petacorepg_catalog:", "rowData": "[\"petacore\",\"pg_catalog\",\"system\",null,null,null,null]"}
2026-02-28T15:02:24.041+0300	INFO	logger/zap_logger.go:76	[SynchronizerVClock] Loaded key	{"key": "testdb:information_schema:schemata:row:petacorepg_catalog:", "value": "[\"petacore\",\"pg_catalog\",\"system\",null,null,null,null]", "vclock": {"node1":24}}
2026-02-28T15:02:24.041+0300	DEBUG	logger/zap_logger.go:96	Executing: 

2026-02-28T15:02:24.041+0300	INFO	logger/zap_logger.go:101	Executing system initialization file: 0002_pg_catalog.sql
2026-02-28T15:02:24.041+0300	INFO	logger/zap_logger.go:76	[SynchronizerVClock] Loaded key	{"key": "testdb:information_schema:schemata:row:petacoreinformation_schema:", "value": "[\"petacore\",\"information_schema\",\"system\",null,null,null,null]", "vclock": {"node1":25}}
2026-02-28T15:02:24.041+0300	DEBUG	logger/zap_logger.go:96	Executing: -- pg_catalog global system schema
-- Инициализация системных таблиц для базы 

CREATE TABLE IF NOT EXISTS pg_catalog.pg_tables (
    schemaname TEXT,
    schematable TEXT,
    tableowner TEXT,
    tablespace TEXT, -- TODO CHECK
    hasindexes BOOLEAN,
    hasrules BOOLEAN,
    hastriggers BOOLEAN,
    rowsecurity BOOLEAN,
    PRIMARY KEY (schemaname, schematable)
)
2026-02-28T15:02:24.042+0300	DEBUG	logger/zap_logger.go:96	DEBUG: Parsed statement type: CREATE_TABLE

2026-02-28T15:02:24.042+0300	DEBUG	logger/zap_logger.go:96	Executing: 

INSERT INTO pg_catalog.pg_tables (schemaname, schematable, tableowner, tablespace, hasindexes, hasrules, hastriggers, rowsecurity) VALUES
('pg_catalog', 'pg_tables', 'system', NULL, FALSE, FALSE, FALSE, FALSE),
('pg_catalog', 'pg_columns', 'system', NULL, FALSE, FALSE, FALSE, FALSE),
('pg_catalog', 'pg_class', 'system', NULL, FALSE, FALSE, FALSE, FALSE),
('pg_catalog', 'pg_attribute', 'system', NULL, FALSE, FALSE, FALSE, FALSE),
('pg_catalog', 'pg_proc', 'system', NULL, FALSE, FALSE, FALSE, FALSE),
('pg_catalog', 'pg_type', 'system', NULL, FALSE, FALSE, FALSE, FALSE),
('pg_catalog', 'pg_namespace', 'system', NULL, FALSE, FALSE, FALSE, FALSE),
('pg_catalog', 'pg_database', 'system', NULL, FALSE, FALSE, FALSE, FALSE),
('pg_catalog', 'pg_tablespace', 'system', NULL, FALSE, FALSE, FALSE, FALSE),
('pg_catalog', 'pg_roles', 'system', NULL, FALSE, FALSE, FALSE, FALSE),
('pg_catalog', 'pg_stat_ssl', 'system', NULL, FALSE, FALSE, FALSE, FALSE),
('pg_catalog', 'pg_shdescription', 'system', NULL, FALSE, FALSE, FALSE, FALSE),
('pg_catalog', 'pg_am', 'system', NULL, FALSE, FALSE, FALSE, FALSE)
2026-02-28T15:02:24.042+0300	INFO	logger/zap_logger.go:76	[SynchronizerVClock] Loaded key	{"key": "schema:testdb:pg_catalog:pg_tables:", "value": "{\"Name\":\"pg_catalog.pg_tables\",\"Columns\":{\"hasindexes\":{\"Type\":0,\"IsNullable\":true,\"DefaultValue\":null,\"IsSerial\":false,\"IsUnique\":false,\"Idx\":5},\"hasrules\":{\"Type\":0,\"IsNullable\":true,\"DefaultValue\":null,\"IsSerial\":false,\"IsUnique\":false,\"Idx\":6},\"hastriggers\":{\"Type\":0,\"IsNullable\":true,\"DefaultValue\":null,\"IsSerial\":false,\"IsUnique\":false,\"Idx\":7},\"rowsecurity\":{\"Type\":0,\"IsNullable\":true,\"DefaultValue\":null,\"IsSerial\":false,\"IsUnique\":false,\"Idx\":8},\"schemaname\":{\"Type\":0,\"IsNullable\":false,\"DefaultValue\":null,\"IsSerial\":false,\"IsUnique\":false,\"Idx\":1},\"schematable\":{\"Type\":0,\"IsNullable\":false,\"DefaultValue\":null,\"IsSerial\":false,\"IsUnique\":false,\"Idx\":2},\"tableowner\":{\"Type\":0,\"IsNullable\":true,\"DefaultValue\":null,\"IsSerial\":false,\"IsUnique\":false,\"Idx\":3},\"tablespace\":{\"Type\":0,\"IsNullable\":true,\"DefaultValue\":null,\"IsSerial\":false,\"IsUnique\":false,\"Idx\":4}},\"PrimaryKeys\":[1,2]}", "vclock": {"node1":26}}
2026-02-28T15:02:24.043+0300	DEBUG	logger/zap_logger.go:96	DEBUG: Parsed statement type: INSERT

2026-02-28T15:02:24.043+0300	DEBUG	logger/zap_logger.go:96	DEBUG: Insert into pg_catalog.pg_tables: [[pg_catalog pg_tables system NULL false false false false] [pg_catalog pg_columns system NULL false false false false] [pg_catalog pg_class system NULL false false false false] [pg_catalog pg_attribute system NULL false false false false] [pg_catalog pg_proc system NULL false false false false] [pg_catalog pg_type system NULL false false false false] [pg_catalog pg_namespace system NULL false false false false] [pg_catalog pg_database system NULL false false false false] [pg_catalog pg_tablespace system NULL false false false false] [pg_catalog pg_roles system NULL false false false false] [pg_catalog pg_stat_ssl system NULL false false false false] [pg_catalog pg_shdescription system NULL false false false false] [pg_catalog pg_am system NULL false false false false]]

2026-02-28T15:02:24.043+0300	DEBUG	logger/zap_logger.go:71	DEBUG: Table metadata:	{"meta": {"Name":"pg_catalog.pg_tables","Columns":{"hasindexes":{"Type":0,"IsNullable":true,"DefaultValue":null,"IsSerial":false,"IsUnique":false,"Idx":5},"hasrules":{"Type":0,"IsNullable":true,"DefaultValue":null,"IsSerial":false,"IsUnique":false,"Idx":6},"hastriggers":{"Type":0,"IsNullable":true,"DefaultValue":null,"IsSerial":false,"IsUnique":false,"Idx":7},"rowsecurity":{"Type":0,"IsNullable":true,"DefaultValue":null,"IsSerial":false,"IsUnique":false,"Idx":8},"schemaname":{"Type":0,"IsNullable":false,"DefaultValue":null,"IsSerial":false,"IsUnique":false,"Idx":1},"schematable":{"Type":0,"IsNullable":false,"DefaultValue":null,"IsSerial":false,"IsUnique":false,"Idx":2},"tableowner":{"Type":0,"IsNullable":true,"DefaultValue":null,"IsSerial":false,"IsUnique":false,"Idx":3},"tablespace":{"Type":0,"IsNullable":true,"DefaultValue":null,"IsSerial":false,"IsUnique":false,"Idx":4}},"PrimaryKeys":[1,2]}}
2026-02-28T15:02:24.043+0300	DEBUG	logger/zap_logger.go:71	DEBUG: Saved row: 	{"rowKey": "testdb:pg_catalog:pg_tables:row:pg_catalogpg_tables:", "rowData": "[\"pg_catalog\",\"pg_tables\",\"system\",\"NULL\",false,false,false,false]"}
2026-02-28T15:02:24.043+0300	DEBUG	logger/zap_logger.go:71	DEBUG: Saved row: 	{"rowKey": "testdb:pg_catalog:pg_tables:row:pg_catalogpg_columns:", "rowData": "[\"pg_catalog\",\"pg_columns\",\"system\",\"NULL\",false,false,false,false]"}
2026-02-28T15:02:24.043+0300	DEBUG	logger/zap_logger.go:71	DEBUG: Saved row: 	{"rowKey": "testdb:pg_catalog:pg_tables:row:pg_catalogpg_class:", "rowData": "[\"pg_catalog\",\"pg_class\",\"system\",\"NULL\",false,false,false,false]"}
2026-02-28T15:02:24.043+0300	DEBUG	logger/zap_logger.go:71	DEBUG: Saved row: 	{"rowKey": "testdb:pg_catalog:pg_tables:row:pg_catalogpg_attribute:", "rowData": "[\"pg_catalog\",\"pg_attribute\",\"system\",\"NULL\",false,false,false,false]"}
2026-02-28T15:02:24.043+0300	DEBUG	logger/zap_logger.go:71	DEBUG: Saved row: 	{"rowKey": "testdb:pg_catalog:pg_tables:row:pg_catalogpg_proc:", "rowData": "[\"pg_catalog\",\"pg_proc\",\"system\",\"NULL\",false,false,false,false]"}
2026-02-28T15:02:24.043+0300	DEBUG	logger/zap_logger.go:71	DEBUG: Saved row: 	{"rowKey": "testdb:pg_catalog:pg_tables:row:pg_catalogpg_type:", "rowData": "[\"pg_catalog\",\"pg_type\",\"system\",\"NULL\",false,false,false,false]"}
2026-02-28T15:02:24.043+0300	DEBUG	logger/zap_logger.go:71	DEBUG: Saved row: 	{"rowKey": "testdb:pg_catalog:pg_tables:row:pg_catalogpg_namespace:", "rowData": "[\"pg_catalog\",\"pg_namespace\",\"system\",\"NULL\",false,false,false,false]"}
2026-02-28T15:02:24.043+0300	DEBUG	logger/zap_logger.go:71	DEBUG: Saved row: 	{"rowKey": "testdb:pg_catalog:pg_tables:row:pg_catalogpg_database:", "rowData": "[\"pg_catalog\",\"pg_database\",\"system\",\"NULL\",false,false,false,false]"}
2026-02-28T15:02:24.043+0300	DEBUG	logger/zap_logger.go:71	DEBUG: Saved row: 	{"rowKey": "testdb:pg_catalog:pg_tables:row:pg_catalogpg_tablespace:", "rowData": "[\"pg_catalog\",\"pg_tablespace\",\"system\",\"NULL\",false,false,false,false]"}
2026-02-28T15:02:24.043+0300	DEBUG	logger/zap_logger.go:71	DEBUG: Saved row: 	{"rowKey": "testdb:pg_catalog:pg_tables:row:pg_catalogpg_roles:", "rowData": "[\"pg_catalog\",\"pg_roles\",\"system\",\"NULL\",false,false,false,false]"}
2026-02-28T15:02:24.043+0300	DEBUG	logger/zap_logger.go:71	DEBUG: Saved row: 	{"rowKey": "testdb:pg_catalog:pg_tables:row:pg_catalogpg_stat_ssl:", "rowData": "[\"pg_catalog\",\"pg_stat_ssl\",\"system\",\"NULL\",false,false,false,false]"}
2026-02-28T15:02:24.043+0300	DEBUG	logger/zap_logger.go:71	DEBUG: Saved row: 	{"rowKey": "testdb:pg_catalog:pg_tables:row:pg_catalogpg_shdescription:", "rowData": "[\"pg_catalog\",\"pg_shdescription\",\"system\",\"NULL\",false,false,false,false]"}
2026-02-28T15:02:24.043+0300	DEBUG	logger/zap_logger.go:71	DEBUG: Saved row: 	{"rowKey": "testdb:pg_catalog:pg_tables:row:pg_catalogpg_am:", "rowData": "[\"pg_catalog\",\"pg_am\",\"system\",\"NULL\",false,false,false,false]"}
2026-02-28T15:02:24.043+0300	INFO	logger/zap_logger.go:76	[SynchronizerVClock] Loaded key	{"key": "testdb:pg_catalog:pg_tables:row:pg_catalogpg_attribute:", "value": "[\"pg_catalog\",\"pg_attribute\",\"system\",\"NULL\",false,false,false,false]", "vclock": {"node1":27}}
2026-02-28T15:02:24.043+0300	INFO	logger/zap_logger.go:76	[SynchronizerVClock] Loaded key	{"key": "testdb:pg_catalog:pg_tables:row:pg_catalogpg_namespace:", "value": "[\"pg_catalog\",\"pg_namespace\",\"system\",\"NULL\",false,false,false,false]", "vclock": {"node1":28}}
2026-02-28T15:02:24.044+0300	DEBUG	logger/zap_logger.go:96	Executing: 


CREATE TABLE IF NOT EXISTS pg_catalog.pg_columns (
    table_schema TEXT,
    table_name TEXT,
    column_name TEXT,
    original_position INTEGER,
    column_default TEXT, -- TODO check default
    is_nullable BOOLEAN,
    data_type TEXT,
    character_maximum_length INTEGER, -- TODO check
    numeric_precision INTEGER, -- TODO check
    PRIMARY KEY (table_schema, table_name, column_name)
)
2026-02-28T15:02:24.044+0300	INFO	logger/zap_logger.go:76	[SynchronizerVClock] Loaded key	{"key": "testdb:pg_catalog:pg_tables:row:pg_catalogpg_database:", "value": "[\"pg_catalog\",\"pg_database\",\"system\",\"NULL\",false,false,false,false]", "vclock": {"node1":29}}
2026-02-28T15:02:24.044+0300	INFO	logger/zap_logger.go:76	[SynchronizerVClock] Loaded key	{"key": "testdb:pg_catalog:pg_tables:row:pg_catalogpg_tablespace:", "value": "[\"pg_catalog\",\"pg_tablespace\",\"system\",\"NULL\",false,false,false,false]", "vclock": {"node1":30}}
2026-02-28T15:02:24.044+0300	INFO	logger/zap_logger.go:76	[SynchronizerVClock] Loaded key	{"key": "testdb:pg_catalog:pg_tables:row:pg_catalogpg_roles:", "value": "[\"pg_catalog\",\"pg_roles\",\"system\",\"NULL\",false,false,false,false]", "vclock": {"node1":31}}
2026-02-28T15:02:24.044+0300	INFO	logger/zap_logger.go:76	[SynchronizerVClock] Loaded key	{"key": "testdb:pg_catalog:pg_tables:row:pg_catalogpg_stat_ssl:", "value": "[\"pg_catalog\",\"pg_stat_ssl\",\"system\",\"NULL\",false,false,false,false]", "vclock": {"node1":32}}
2026-02-28T15:02:24.044+0300	INFO	logger/zap_logger.go:76	[SynchronizerVClock] Loaded key	{"key": "testdb:pg_catalog:pg_tables:row:pg_catalogpg_am:", "value": "[\"pg_catalog\",\"pg_am\",\"system\",\"NULL\",false,false,false,false]", "vclock": {"node1":33}}
2026-02-28T15:02:24.044+0300	INFO	logger/zap_logger.go:76	[SynchronizerVClock] Loaded key	{"key": "testdb:pg_catalog:pg_tables:row:pg_catalogpg_tables:", "value": "[\"pg_catalog\",\"pg_tables\",\"system\",\"NULL\",false,false,false,false]", "vclock": {"node1":34}}
2026-02-28T15:02:24.044+0300	INFO	logger/zap_logger.go:76	[SynchronizerVClock] Loaded key	{"key": "testdb:pg_catalog:pg_tables:row:pg_catalogpg_class:", "value": "[\"pg_catalog\",\"pg_class\",\"system\",\"NULL\",false,false,false,false]", "vclock": {"node1":35}}
2026-02-28T15:02:24.044+0300	INFO	logger/zap_logger.go:76	[SynchronizerVClock] Loaded key	{"key": "testdb:pg_catalog:pg_tables:row:pg_catalogpg_proc:", "value": "[\"pg_catalog\",\"pg_proc\",\"system\",\"NULL\",false,false,false,false]", "vclock": {"node1":36}}
2026-02-28T15:02:24.044+0300	INFO	logger/zap_logger.go:76	[SynchronizerVClock] Loaded key	{"key": "testdb:pg_catalog:pg_tables:row:pg_catalogpg_type:", "value": "[\"pg_catalog\",\"pg_type\",\"system\",\"NULL\",false,false,false,false]", "vclock": {"node1":37}}
2026-02-28T15:02:24.044+0300	DEBUG	logger/zap_logger.go:96	DEBUG: Parsed statement type: CREATE_TABLE

2026-02-28T15:02:24.044+0300	INFO	logger/zap_logger.go:76	[SynchronizerVClock] Loaded key	{"key": "testdb:pg_catalog:pg_tables:row:pg_catalogpg_shdescription:", "value": "[\"pg_catalog\",\"pg_shdescription\",\"system\",\"NULL\",false,false,false,false]", "vclock": {"node1":38}}
2026-02-28T15:02:24.044+0300	INFO	logger/zap_logger.go:76	[SynchronizerVClock] Loaded key	{"key": "testdb:pg_catalog:pg_tables:row:pg_catalogpg_columns:", "value": "[\"pg_catalog\",\"pg_columns\",\"system\",\"NULL\",false,false,false,false]", "vclock": {"node1":39}}
2026-02-28T15:02:24.044+0300	DEBUG	logger/zap_logger.go:96	Executing: 

INSERT INTO pg_catalog.pg_columns (table_schema, table_name, column_name, original_position, column_default, is_nullable, data_type, character_maximum_length, numeric_precision) VALUES
('pg_catalog', 'pg_tables',  'schemaname', 1, NULL, FALSE, 'TEXT', NULL, NULL),
('pg_catalog', 'pg_tables',  'schematable', 2, NULL, FALSE, 'TEXT', NULL, NULL),
('pg_catalog', 'pg_tables',  'tableowner', 3, NULL, FALSE, 'TEXT', NULL, NULL),
('pg_catalog', 'pg_tables',  'tablespace', 4, NULL, TRUE, 'TEXT', NULL, NULL),
('pg_catalog', 'pg_tables',  'hasindexes', 5, NULL, FALSE, 'BOOLEAN', NULL, NULL),
('pg_catalog', 'pg_tables',  'hasrules', 6, NULL, FALSE, 'BOOLEAN', NULL, NULL),
('pg_catalog', 'pg_tables',  'hastriggers', 7, NULL, FALSE, 'BOOLEAN', NULL, NULL),
('pg_catalog', 'pg_tables',  'rowsecurity', 8, NULL, FALSE, 'BOOLEAN', NULL, NULL)
2026-02-28T15:02:24.044+0300	INFO	logger/zap_logger.go:76	[SynchronizerVClock] Loaded key	{"key": "schema:testdb:pg_catalog:pg_columns:", "value": "{\"Name\":\"pg_catalog.pg_columns\",\"Columns\":{\"character_maximum_length\":{\"Type\":0,\"IsNullable\":true,\"DefaultValue\":null,\"IsSerial\":false,\"IsUnique\":false,\"Idx\":8},\"column_default\":{\"Type\":0,\"IsNullable\":true,\"DefaultValue\":null,\"IsSerial\":false,\"IsUnique\":false,\"Idx\":5},\"column_name\":{\"Type\":0,\"IsNullable\":false,\"DefaultValue\":null,\"IsSerial\":false,\"IsUnique\":false,\"Idx\":3},\"data_type\":{\"Type\":0,\"IsNullable\":true,\"DefaultValue\":null,\"IsSerial\":false,\"IsUnique\":false,\"Idx\":7},\"is_nullable\":{\"Type\":0,\"IsNullable\":true,\"DefaultValue\":null,\"IsSerial\":false,\"IsUnique\":false,\"Idx\":6},\"numeric_precision\":{\"Type\":0,\"IsNullable\":true,\"DefaultValue\":null,\"IsSerial\":false,\"IsUnique\":false,\"Idx\":9},\"original_position\":{\"Type\":0,\"IsNullable\":true,\"DefaultValue\":null,\"IsSerial\":false,\"IsUnique\":false,\"Idx\":4},\"table_name\":{\"Type\":0,\"IsNullable\":false,\"DefaultValue\":null,\"IsSerial\":false,\"IsUnique\":false,\"Idx\":2},\"table_schema\":{\"Type\":0,\"IsNullable\":false,\"DefaultValue\":null,\"IsSerial\":false,\"IsUnique\":false,\"Idx\":1}},\"PrimaryKeys\":[1,2,3]}", "vclock": {"node1":40}}
2026-02-28T15:02:24.045+0300	DEBUG	logger/zap_logger.go:96	DEBUG: Parsed statement type: INSERT

2026-02-28T15:02:24.045+0300	DEBUG	logger/zap_logger.go:96	DEBUG: Insert into pg_catalog.pg_columns: [[pg_catalog pg_tables schemaname 1 NULL false TEXT NULL NULL] [pg_catalog pg_tables schematable 2 NULL false TEXT NULL NULL] [pg_catalog pg_tables tableowner 3 NULL false TEXT NULL NULL] [pg_catalog pg_tables tablespace 4 NULL true TEXT NULL NULL] [pg_catalog pg_tables hasindexes 5 NULL false BOOLEAN NULL NULL] [pg_catalog pg_tables hasrules 6 NULL false BOOLEAN NULL NULL] [pg_catalog pg_tables hastriggers 7 NULL false BOOLEAN NULL NULL] [pg_catalog pg_tables rowsecurity 8 NULL false BOOLEAN NULL NULL]]

2026-02-28T15:02:24.045+0300	DEBUG	logger/zap_logger.go:71	DEBUG: Table metadata:	{"meta": {"Name":"pg_catalog.pg_columns","Columns":{"character_maximum_length":{"Type":0,"IsNullable":true,"DefaultValue":null,"IsSerial":false,"IsUnique":false,"Idx":8},"column_default":{"Type":0,"IsNullable":true,"DefaultValue":null,"IsSerial":false,"IsUnique":false,"Idx":5},"column_name":{"Type":0,"IsNullable":false,"DefaultValue":null,"IsSerial":false,"IsUnique":false,"Idx":3},"data_type":{"Type":0,"IsNullable":true,"DefaultValue":null,"IsSerial":false,"IsUnique":false,"Idx":7},"is_nullable":{"Type":0,"IsNullable":true,"DefaultValue":null,"IsSerial":false,"IsUnique":false,"Idx":6},"numeric_precision":{"Type":0,"IsNullable":true,"DefaultValue":null,"IsSerial":false,"IsUnique":false,"Idx":9},"original_position":{"Type":0,"IsNullable":true,"DefaultValue":null,"IsSerial":false,"IsUnique":false,"Idx":4},"table_name":{"Type":0,"IsNullable":false,"DefaultValue":null,"IsSerial":false,"IsUnique":false,"Idx":2},"table_schema":{"Type":0,"IsNullable":false,"DefaultValue":null,"IsSerial":false,"IsUnique":false,"Idx":1}},"PrimaryKeys":[1,2,3]}}
2026-02-28T15:02:24.045+0300	DEBUG	logger/zap_logger.go:71	DEBUG: Saved row: 	{"rowKey": "testdb:pg_catalog:pg_columns:row:pg_catalogpg_tablesschemaname:", "rowData": "[\"pg_catalog\",\"pg_tables\",\"schemaname\",1,\"NULL\",false,\"TEXT\",\"NULL\",\"NULL\"]"}
2026-02-28T15:02:24.045+0300	DEBUG	logger/zap_logger.go:71	DEBUG: Saved row: 	{"rowKey": "testdb:pg_catalog:pg_columns:row:pg_catalogpg_tablesschematable:", "rowData": "[\"pg_catalog\",\"pg_tables\",\"schematable\",2,\"NULL\",false,\"TEXT\",\"NULL\",\"NULL\"]"}
2026-02-28T15:02:24.045+0300	DEBUG	logger/zap_logger.go:71	DEBUG: Saved row: 	{"rowKey": "testdb:pg_catalog:pg_columns:row:pg_catalogpg_tablestableowner:", "rowData": "[\"pg_catalog\",\"pg_tables\",\"tableowner\",3,\"NULL\",false,\"TEXT\",\"NULL\",\"NULL\"]"}
2026-02-28T15:02:24.045+0300	DEBUG	logger/zap_logger.go:71	DEBUG: Saved row: 	{"rowKey": "testdb:pg_catalog:pg_columns:row:pg_catalogpg_tablestablespace:", "rowData": "[\"pg_catalog\",\"pg_tables\",\"tablespace\",4,\"NULL\",true,\"TEXT\",\"NULL\",\"NULL\"]"}
2026-02-28T15:02:24.045+0300	DEBUG	logger/zap_logger.go:71	DEBUG: Saved row: 	{"rowKey": "testdb:pg_catalog:pg_columns:row:pg_catalogpg_tableshasindexes:", "rowData": "[\"pg_catalog\",\"pg_tables\",\"hasindexes\",5,\"NULL\",false,\"BOOLEAN\",\"NULL\",\"NULL\"]"}
2026-02-28T15:02:24.045+0300	DEBUG	logger/zap_logger.go:71	DEBUG: Saved row: 	{"rowKey": "testdb:pg_catalog:pg_columns:row:pg_catalogpg_tableshasrules:", "rowData": "[\"pg_catalog\",\"pg_tables\",\"hasrules\",6,\"NULL\",false,\"BOOLEAN\",\"NULL\",\"NULL\"]"}
2026-02-28T15:02:24.045+0300	DEBUG	logger/zap_logger.go:71	DEBUG: Saved row: 	{"rowKey": "testdb:pg_catalog:pg_columns:row:pg_catalogpg_tableshastriggers:", "rowData": "[\"pg_catalog\",\"pg_tables\",\"hastriggers\",7,\"NULL\",false,\"BOOLEAN\",\"NULL\",\"NULL\"]"}
2026-02-28T15:02:24.045+0300	DEBUG	logger/zap_logger.go:71	DEBUG: Saved row: 	{"rowKey": "testdb:pg_catalog:pg_columns:row:pg_catalogpg_tablesrowsecurity:", "rowData": "[\"pg_catalog\",\"pg_tables\",\"rowsecurity\",8,\"NULL\",false,\"BOOLEAN\",\"NULL\",\"NULL\"]"}
2026-02-28T15:02:24.045+0300	INFO	logger/zap_logger.go:76	[SynchronizerVClock] Loaded key	{"key": "testdb:pg_catalog:pg_columns:row:pg_catalogpg_tablestableowner:", "value": "[\"pg_catalog\",\"pg_tables\",\"tableowner\",3,\"NULL\",false,\"TEXT\",\"NULL\",\"NULL\"]", "vclock": {"node1":41}}
2026-02-28T15:02:24.045+0300	DEBUG	logger/zap_logger.go:96	Executing: 

CREATE TABLE IF NOT EXISTS pg_catalog.pg_class (
    oid INTEGER,
    relname TEXT,
    relnamespace INTEGER,
    reltype INTEGER,
    reloftype INTEGER,
    relowner INTEGER,
    relam INTEGER,
    relfilenode INTEGER,
    reltablespace INTEGER,
    relpages INTEGER,
    reltuples FLOAT,
    relallvisible INTEGER,
    reltoastrelid INTEGER,
    relhasindex BOOLEAN,
    relisshared BOOLEAN,
    relpersistence TEXT,
    relkind TEXT,
    relnatts INTEGER,
    relchecks INTEGER,
    relhasrules BOOLEAN,
    relhastriggers BOOLEAN,
    relhassubclass BOOLEAN,
    relrowsecurity BOOLEAN,
    relforcerowsecurity BOOLEAN,
    relispopulated BOOLEAN,
    relreplident TEXT,
    relispartition BOOLEAN,
    relrewrite INTEGER,
    relfrozenxid INTEGER,
    relminmxid INTEGER,
    PRIMARY KEY (oid)
)
2026-02-28T15:02:24.045+0300	INFO	logger/zap_logger.go:76	[SynchronizerVClock] Loaded key	{"key": "testdb:pg_catalog:pg_columns:row:pg_catalogpg_tablestablespace:", "value": "[\"pg_catalog\",\"pg_tables\",\"tablespace\",4,\"NULL\",true,\"TEXT\",\"NULL\",\"NULL\"]", "vclock": {"node1":42}}
2026-02-28T15:02:24.045+0300	INFO	logger/zap_logger.go:76	[SynchronizerVClock] Loaded key	{"key": "testdb:pg_catalog:pg_columns:row:pg_catalogpg_tableshasindexes:", "value": "[\"pg_catalog\",\"pg_tables\",\"hasindexes\",5,\"NULL\",false,\"BOOLEAN\",\"NULL\",\"NULL\"]", "vclock": {"node1":43}}
2026-02-28T15:02:24.045+0300	INFO	logger/zap_logger.go:76	[SynchronizerVClock] Loaded key	{"key": "testdb:pg_catalog:pg_columns:row:pg_catalogpg_tableshasrules:", "value": "[\"pg_catalog\",\"pg_tables\",\"hasrules\",6,\"NULL\",false,\"BOOLEAN\",\"NULL\",\"NULL\"]", "vclock": {"node1":44}}
2026-02-28T15:02:24.045+0300	INFO	logger/zap_logger.go:76	[SynchronizerVClock] Loaded key	{"key": "testdb:pg_catalog:pg_columns:row:pg_catalogpg_tableshastriggers:", "value": "[\"pg_catalog\",\"pg_tables\",\"hastriggers\",7,\"NULL\",false,\"BOOLEAN\",\"NULL\",\"NULL\"]", "vclock": {"node1":45}}
2026-02-28T15:02:24.045+0300	INFO	logger/zap_logger.go:76	[SynchronizerVClock] Loaded key	{"key": "testdb:pg_catalog:pg_columns:row:pg_catalogpg_tablesrowsecurity:", "value": "[\"pg_catalog\",\"pg_tables\",\"rowsecurity\",8,\"NULL\",false,\"BOOLEAN\",\"NULL\",\"NULL\"]", "vclock": {"node1":46}}
2026-02-28T15:02:24.045+0300	INFO	logger/zap_logger.go:76	[SynchronizerVClock] Loaded key	{"key": "testdb:pg_catalog:pg_columns:row:pg_catalogpg_tablesschemaname:", "value": "[\"pg_catalog\",\"pg_tables\",\"schemaname\",1,\"NULL\",false,\"TEXT\",\"NULL\",\"NULL\"]", "vclock": {"node1":47}}
2026-02-28T15:02:24.045+0300	INFO	logger/zap_logger.go:76	[SynchronizerVClock] Loaded key	{"key": "testdb:pg_catalog:pg_columns:row:pg_catalogpg_tablesschematable:", "value": "[\"pg_catalog\",\"pg_tables\",\"schematable\",2,\"NULL\",false,\"TEXT\",\"NULL\",\"NULL\"]", "vclock": {"node1":48}}
2026-02-28T15:02:24.046+0300	DEBUG	logger/zap_logger.go:96	DEBUG: Parsed statement type: CREATE_TABLE

2026-02-28T15:02:24.046+0300	DEBUG	logger/zap_logger.go:96	Executing: 

INSERT INTO pg_catalog.pg_class (
    oid, relname, relnamespace, reltype, reloftype, relowner,
    relam, relfilenode, reltablespace, relpages, reltuples,
    relallvisible, reltoastrelid, relhasindex, relisshared,
    relpersistence, relkind, relnatts, relchecks, relhasrules,
    relhastriggers, relhassubclass, relrowsecurity,
    relforcerowsecurity, relispopulated, relreplident,
    relispartition, relrewrite, relfrozenxid, relminmxid
) VALUES
(1259, 'pg_tables', 11, 0, 0, 10, 0, 0, 0, 0, 0.0, 0, 0, FALSE, FALSE, 'p', 'r', 8, 0, FALSE, FALSE, FALSE, FALSE, FALSE, TRUE, 'n', FALSE, 0, 0, 0),
(1260, 'pg_columns', 11, 0, 0, 10, 0, 0, 0, 0, 0.0, 0, 0, FALSE, FALSE, 'p', 'r', 9, 0, FALSE, FALSE, FALSE, FALSE, FALSE, TRUE, 'n', FALSE, 0, 0, 0),
(1261, 'pg_class', 11, 83, 0, 10, 0, 0, 0, 0, 0.0, 0, 0, FALSE, FALSE, 'p', 'r', 30, 0, FALSE, FALSE, FALSE, FALSE, FALSE, TRUE, 'n', FALSE, 0, 0, 0),
(1249, 'pg_attribute', 11, 75, 0, 10, 0, 0, 0, 0, 0.0, 0, 0, FALSE, FALSE, 'p', 'r', 23, 0, FALSE, FALSE, FALSE, FALSE, FALSE, TRUE, 'n', FALSE, 0, 0, 0),
(1255, 'pg_proc', 11, 81, 0, 10, 0, 0, 0, 0, 0.0, 0, 0, FALSE, FALSE, 'p', 'r', 29, 0, FALSE, FALSE, FALSE, FALSE, FALSE, TRUE, 'n', FALSE, 0, 0, 0),
(1247, 'pg_type', 11, 71, 0, 10, 0, 0, 0, 0, 0.0, 0, 0, FALSE, FALSE, 'p', 'r', 31, 0, FALSE, FALSE, FALSE, FALSE, FALSE, TRUE, 'n', FALSE, 0, 0, 0),
(2615, 'pg_namespace', 11, 2615, 0, 10, 0, 0, 0, 0, 0.0, 0, 0, FALSE, FALSE, 'p', 'r', 4, 0, FALSE, FALSE, FALSE, FALSE, FALSE, TRUE, 'n', FALSE, 0, 0, 0),
(1262, 'pg_database', 11, 1248, 0, 10, 0, 0, 0, 0, 0.0, 0, 0, FALSE, FALSE, 'p', 'r', 14, 0, FALSE, FALSE, FALSE, FALSE, FALSE, TRUE, 'n', FALSE, 0, 0, 0),
(1213, 'pg_tablespace', 11, 1213, 0, 10, 0, 0, 0, 0, 0.0, 0, 0, FALSE, FALSE, 'p', 'r', 5, 0, FALSE, FALSE, FALSE, FALSE, FALSE, TRUE, 'n', FALSE, 0, 0, 0),
(1263, 'pg_shdescription', 11, 0, 0, 10, 0, 0, 0, 0, 0.0, 0, 0, FALSE, FALSE, 'p', 'r', 4, 0, FALSE, FALSE, FALSE, FALSE, FALSE, TRUE, 'n', FALSE, 0, 0, 0),
(2601, 'pg_am', 11, 0, 0, 10, 0, 0, 0, 0, 0.0, 0, 0, FALSE, FALSE, 'p', 'r', 4, 0, FALSE, FALSE, FALSE, FALSE, FALSE, TRUE, 'n', FALSE, 0, 0, 0)
2026-02-28T15:02:24.046+0300	INFO	logger/zap_logger.go:76	[SynchronizerVClock] Loaded key	{"key": "schema:testdb:pg_catalog:pg_class:", "value": "{\"Name\":\"pg_catalog.pg_class\",\"Columns\":{\"oid\":{\"Type\":0,\"IsNullable\":false,\"DefaultValue\":null,\"IsSerial\":false,\"IsUnique\":false,\"Idx\":1},\"relallvisible\":{\"Type\":0,\"IsNullable\":true,\"DefaultValue\":null,\"IsSerial\":false,\"IsUnique\":false,\"Idx\":12},\"relam\":{\"Type\":0,\"IsNullable\":true,\"DefaultValue\":null,\"IsSerial\":false,\"IsUnique\":false,\"Idx\":7},\"relchecks\":{\"Type\":0,\"IsNullable\":true,\"DefaultValue\":null,\"IsSerial\":false,\"IsUnique\":false,\"Idx\":19},\"relfilenode\":{\"Type\":0,\"IsNullable\":true,\"DefaultValue\":null,\"IsSerial\":false,\"IsUnique\":false,\"Idx\":8},\"relforcerowsecurity\":{\"Type\":0,\"IsNullable\":true,\"DefaultValue\":null,\"IsSerial\":false,\"IsUnique\":false,\"Idx\":24},\"relfrozenxid\":{\"Type\":0,\"IsNullable\":true,\"DefaultValue\":null,\"IsSerial\":false,\"IsUnique\":false,\"Idx\":29},\"relhasindex\":{\"Type\":0,\"IsNullable\":true,\"DefaultValue\":null,\"IsSerial\":false,\"IsUnique\":false,\"Idx\":14},\"relhasrules\":{\"Type\":0,\"IsNullable\":true,\"DefaultValue\":null,\"IsSerial\":false,\"IsUnique\":false,\"Idx\":20},\"relhassubclass\":{\"Type\":0,\"IsNullable\":true,\"DefaultValue\":null,\"IsSerial\":false,\"IsUnique\":false,\"Idx\":22},\"relhastriggers\":{\"Type\":0,\"IsNullable\":true,\"DefaultValue\":null,\"IsSerial\":false,\"IsUnique\":false,\"Idx\":21},\"relispartition\":{\"Type\":0,\"IsNullable\":true,\"DefaultValue\":null,\"IsSerial\":false,\"IsUnique\":false,\"Idx\":27},\"relispopulated\":{\"Type\":0,\"IsNullable\":true,\"DefaultValue\":null,\"IsSerial\":false,\"IsUnique\":false,\"Idx\":25},\"relisshared\":{\"Type\":0,\"IsNullable\":true,\"DefaultValue\":null,\"IsSerial\":false,\"IsUnique\":false,\"Idx\":15},\"relkind\":{\"Type\":0,\"IsNullable\":true,\"DefaultValue\":null,\"IsSerial\":false,\"IsUnique\":false,\"Idx\":17},\"relminmxid\":{\"Type\":0,\"IsNullable\":true,\"DefaultValue\":null,\"IsSerial\":false,\"IsUnique\":false,\"Idx\":30},\"relname\":{\"Type\":0,\"IsNullable\":true,\"DefaultValue\":null,\"IsSerial\":false,\"IsUnique\":false,\"Idx\":2},\"relnamespace\":{\"Type\":0,\"IsNullable\":true,\"DefaultValue\":null,\"IsSerial\":false,\"IsUnique\":false,\"Idx\":3},\"relnatts\":{\"Type\":0,\"IsNullable\":true,\"DefaultValue\":null,\"IsSerial\":false,\"IsUnique\":false,\"Idx\":18},\"reloftype\":{\"Type\":0,\"IsNullable\":true,\"DefaultValue\":null,\"IsSerial\":false,\"IsUnique\":false,\"Idx\":5},\"relowner\":{\"Type\":0,\"IsNullable\":true,\"DefaultValue\":null,\"IsSerial\":false,\"IsUnique\":false,\"Idx\":6},\"relpages\":{\"Type\":0,\"IsNullable\":true,\"DefaultValue\":null,\"IsSerial\":false,\"IsUnique\":false,\"Idx\":10},\"relpersistence\":{\"Type\":0,\"IsNullable\":true,\"DefaultValue\":null,\"IsSerial\":false,\"IsUnique\":false,\"Idx\":16},\"relreplident\":{\"Type\":0,\"IsNullable\":true,\"DefaultValue\":null,\"IsSerial\":false,\"IsUnique\":false,\"Idx\":26},\"relrewrite\":{\"Type\":0,\"IsNullable\":true,\"DefaultValue\":null,\"IsSerial\":false,\"IsUnique\":false,\"Idx\":28},\"relrowsecurity\":{\"Type\":0,\"IsNullable\":true,\"DefaultValue\":null,\"IsSerial\":false,\"IsUnique\":false,\"Idx\":23},\"reltablespace\":{\"Type\":0,\"IsNullable\":true,\"DefaultValue\":null,\"IsSerial\":false,\"IsUnique\":false,\"Idx\":9},\"reltoastrelid\":{\"Type\":0,\"IsNullable\":true,\"DefaultValue\":null,\"IsSerial\":false,\"IsUnique\":false,\"Idx\":13},\"reltuples\":{\"Type\":3,\"IsNullable\":true,\"DefaultValue\":null,\"IsSerial\":false,\"IsUnique\":false,\"Idx\":11},\"reltype\":{\"Type\":0,\"IsNullable\":true,\"DefaultValue\":null,\"IsSerial\":false,\"IsUnique\":false,\"Idx\":4}},\"PrimaryKeys\":[1]}", "vclock": {"node1":49}}
2026-02-28T15:02:24.049+0300	DEBUG	logger/zap_logger.go:96	DEBUG: Parsed statement type: INSERT

2026-02-28T15:02:24.049+0300	DEBUG	logger/zap_logger.go:96	DEBUG: Insert into pg_catalog.pg_class: [[1259 pg_tables 11 0 0 10 0 0 0 0 0 0 0 false false p r 8 0 false false false false false true n false 0 0 0] [1260 pg_columns 11 0 0 10 0 0 0 0 0 0 0 false false p r 9 0 false false false false false true n false 0 0 0] [1261 pg_class 11 83 0 10 0 0 0 0 0 0 0 false false p r 30 0 false false false false false true n false 0 0 0] [1249 pg_attribute 11 75 0 10 0 0 0 0 0 0 0 false false p r 23 0 false false false false false true n false 0 0 0] [1255 pg_proc 11 81 0 10 0 0 0 0 0 0 0 false false p r 29 0 false false false false false true n false 0 0 0] [1247 pg_type 11 71 0 10 0 0 0 0 0 0 0 false false p r 31 0 false false false false false true n false 0 0 0] [2615 pg_namespace 11 2615 0 10 0 0 0 0 0 0 0 false false p r 4 0 false false false false false true n false 0 0 0] [1262 pg_database 11 1248 0 10 0 0 0 0 0 0 0 false false p r 14 0 false false false false false true n false 0 0 0] [1213 pg_tablespace 11 1213 0 10 0 0 0 0 0 0 0 false false p r 5 0 false false false false false true n false 0 0 0] [1263 pg_shdescription 11 0 0 10 0 0 0 0 0 0 0 false false p r 4 0 false false false false false true n false 0 0 0] [2601 pg_am 11 0 0 10 0 0 0 0 0 0 0 false false p r 4 0 false false false false false true n false 0 0 0]]

2026-02-28T15:02:24.049+0300	DEBUG	logger/zap_logger.go:71	DEBUG: Table metadata:	{"meta": {"Name":"pg_catalog.pg_class","Columns":{"oid":{"Type":0,"IsNullable":false,"DefaultValue":null,"IsSerial":false,"IsUnique":false,"Idx":1},"relallvisible":{"Type":0,"IsNullable":true,"DefaultValue":null,"IsSerial":false,"IsUnique":false,"Idx":12},"relam":{"Type":0,"IsNullable":true,"DefaultValue":null,"IsSerial":false,"IsUnique":false,"Idx":7},"relchecks":{"Type":0,"IsNullable":true,"DefaultValue":null,"IsSerial":false,"IsUnique":false,"Idx":19},"relfilenode":{"Type":0,"IsNullable":true,"DefaultValue":null,"IsSerial":false,"IsUnique":false,"Idx":8},"relforcerowsecurity":{"Type":0,"IsNullable":true,"DefaultValue":null,"IsSerial":false,"IsUnique":false,"Idx":24},"relfrozenxid":{"Type":0,"IsNullable":true,"DefaultValue":null,"IsSerial":false,"IsUnique":false,"Idx":29},"relhasindex":{"Type":0,"IsNullable":true,"DefaultValue":null,"IsSerial":false,"IsUnique":false,"Idx":14},"relhasrules":{"Type":0,"IsNullable":true,"DefaultValue":null,"IsSerial":false,"IsUnique":false,"Idx":20},"relhassubclass":{"Type":0,"IsNullable":true,"DefaultValue":null,"IsSerial":false,"IsUnique":false,"Idx":22},"relhastriggers":{"Type":0,"IsNullable":true,"DefaultValue":null,"IsSerial":false,"IsUnique":false,"Idx":21},"relispartition":{"Type":0,"IsNullable":true,"DefaultValue":null,"IsSerial":false,"IsUnique":false,"Idx":27},"relispopulated":{"Type":0,"IsNullable":true,"DefaultValue":null,"IsSerial":false,"IsUnique":false,"Idx":25},"relisshared":{"Type":0,"IsNullable":true,"DefaultValue":null,"IsSerial":false,"IsUnique":false,"Idx":15},"relkind":{"Type":0,"IsNullable":true,"DefaultValue":null,"IsSerial":false,"IsUnique":false,"Idx":17},"relminmxid":{"Type":0,"IsNullable":true,"DefaultValue":null,"IsSerial":false,"IsUnique":false,"Idx":30},"relname":{"Type":0,"IsNullable":true,"DefaultValue":null,"IsSerial":false,"IsUnique":false,"Idx":2},"relnamespace":{"Type":0,"IsNullable":true,"DefaultValue":null,"IsSerial":false,"IsUnique":false,"Idx":3},"relnatts":{"Type":0,"IsNullable":true,"DefaultValue":null,"IsSerial":false,"IsUnique":false,"Idx":18},"reloftype":{"Type":0,"IsNullable":true,"DefaultValue":null,"IsSerial":false,"IsUnique":false,"Idx":5},"relowner":{"Type":0,"IsNullable":true,"DefaultValue":null,"IsSerial":false,"IsUnique":false,"Idx":6},"relpages":{"Type":0,"IsNullable":true,"DefaultValue":null,"IsSerial":false,"IsUnique":false,"Idx":10},"relpersistence":{"Type":0,"IsNullable":true,"DefaultValue":null,"IsSerial":false,"IsUnique":false,"Idx":16},"relreplident":{"Type":0,"IsNullable":true,"DefaultValue":null,"IsSerial":false,"IsUnique":false,"Idx":26},"relrewrite":{"Type":0,"IsNullable":true,"DefaultValue":null,"IsSerial":false,"IsUnique":false,"Idx":28},"relrowsecurity":{"Type":0,"IsNullable":true,"DefaultValue":null,"IsSerial":false,"IsUnique":false,"Idx":23},"reltablespace":{"Type":0,"IsNullable":true,"DefaultValue":null,"IsSerial":false,"IsUnique":false,"Idx":9},"reltoastrelid":{"Type":0,"IsNullable":true,"DefaultValue":null,"IsSerial":false,"IsUnique":false,"Idx":13},"reltuples":{"Type":3,"IsNullable":true,"DefaultValue":null,"IsSerial":false,"IsUnique":false,"Idx":11},"reltype":{"Type":0,"IsNullable":true,"DefaultValue":null,"IsSerial":false,"IsUnique":false,"Idx":4}},"PrimaryKeys":[1]}}
2026-02-28T15:02:24.049+0300	DEBUG	logger/zap_logger.go:71	DEBUG: Saved row: 	{"rowKey": "testdb:pg_catalog:pg_class:row:1259:", "rowData": "[1259,\"pg_tables\",11,0,0,10,0,0,0,0,0,0,0,false,false,\"p\",\"r\",8,0,false,false,false,false,false,true,\"n\",false,0,0,0]"}
2026-02-28T15:02:24.049+0300	DEBUG	logger/zap_logger.go:71	DEBUG: Saved row: 	{"rowKey": "testdb:pg_catalog:pg_class:row:1260:", "rowData": "[1260,\"pg_columns\",11,0,0,10,0,0,0,0,0,0,0,false,false,\"p\",\"r\",9,0,false,false,false,false,false,true,\"n\",false,0,0,0]"}
2026-02-28T15:02:24.049+0300	DEBUG	logger/zap_logger.go:71	DEBUG: Saved row: 	{"rowKey": "testdb:pg_catalog:pg_class:row:1261:", "rowData": "[1261,\"pg_class\",11,83,0,10,0,0,0,0,0,0,0,false,false,\"p\",\"r\",30,0,false,false,false,false,false,true,\"n\",false,0,0,0]"}
2026-02-28T15:02:24.049+0300	DEBUG	logger/zap_logger.go:71	DEBUG: Saved row: 	{"rowKey": "testdb:pg_catalog:pg_class:row:1249:", "rowData": "[1249,\"pg_attribute\",11,75,0,10,0,0,0,0,0,0,0,false,false,\"p\",\"r\",23,0,false,false,false,false,false,true,\"n\",false,0,0,0]"}
2026-02-28T15:02:24.049+0300	DEBUG	logger/zap_logger.go:71	DEBUG: Saved row: 	{"rowKey": "testdb:pg_catalog:pg_class:row:1255:", "rowData": "[1255,\"pg_proc\",11,81,0,10,0,0,0,0,0,0,0,false,false,\"p\",\"r\",29,0,false,false,false,false,false,true,\"n\",false,0,0,0]"}
2026-02-28T15:02:24.049+0300	DEBUG	logger/zap_logger.go:71	DEBUG: Saved row: 	{"rowKey": "testdb:pg_catalog:pg_class:row:1247:", "rowData": "[1247,\"pg_type\",11,71,0,10,0,0,0,0,0,0,0,false,false,\"p\",\"r\",31,0,false,false,false,false,false,true,\"n\",false,0,0,0]"}
2026-02-28T15:02:24.049+0300	DEBUG	logger/zap_logger.go:71	DEBUG: Saved row: 	{"rowKey": "testdb:pg_catalog:pg_class:row:2615:", "rowData": "[2615,\"pg_namespace\",11,2615,0,10,0,0,0,0,0,0,0,false,false,\"p\",\"r\",4,0,false,false,false,false,false,true,\"n\",false,0,0,0]"}
2026-02-28T15:02:24.049+0300	DEBUG	logger/zap_logger.go:71	DEBUG: Saved row: 	{"rowKey": "testdb:pg_catalog:pg_class:row:1262:", "rowData": "[1262,\"pg_database\",11,1248,0,10,0,0,0,0,0,0,0,false,false,\"p\",\"r\",14,0,false,false,false,false,false,true,\"n\",false,0,0,0]"}
2026-02-28T15:02:24.049+0300	DEBUG	logger/zap_logger.go:71	DEBUG: Saved row: 	{"rowKey": "testdb:pg_catalog:pg_class:row:1213:", "rowData": "[1213,\"pg_tablespace\",11,1213,0,10,0,0,0,0,0,0,0,false,false,\"p\",\"r\",5,0,false,false,false,false,false,true,\"n\",false,0,0,0]"}
2026-02-28T15:02:24.049+0300	DEBUG	logger/zap_logger.go:71	DEBUG: Saved row: 	{"rowKey": "testdb:pg_catalog:pg_class:row:1263:", "rowData": "[1263,\"pg_shdescription\",11,0,0,10,0,0,0,0,0,0,0,false,false,\"p\",\"r\",4,0,false,false,false,false,false,true,\"n\",false,0,0,0]"}
2026-02-28T15:02:24.049+0300	DEBUG	logger/zap_logger.go:71	DEBUG: Saved row: 	{"rowKey": "testdb:pg_catalog:pg_class:row:2601:", "rowData": "[2601,\"pg_am\",11,0,0,10,0,0,0,0,0,0,0,false,false,\"p\",\"r\",4,0,false,false,false,false,false,true,\"n\",false,0,0,0]"}
2026-02-28T15:02:24.049+0300	INFO	logger/zap_logger.go:76	[SynchronizerVClock] Loaded key	{"key": "testdb:pg_catalog:pg_class:row:1261:", "value": "[1261,\"pg_class\",11,83,0,10,0,0,0,0,0,0,0,false,false,\"p\",\"r\",30,0,false,false,false,false,false,true,\"n\",false,0,0,0]", "vclock": {"node1":50}}
2026-02-28T15:02:24.050+0300	INFO	logger/zap_logger.go:76	[SynchronizerVClock] Loaded key	{"key": "testdb:pg_catalog:pg_class:row:1255:", "value": "[1255,\"pg_proc\",11,81,0,10,0,0,0,0,0,0,0,false,false,\"p\",\"r\",29,0,false,false,false,false,false,true,\"n\",false,0,0,0]", "vclock": {"node1":51}}
2026-02-28T15:02:24.050+0300	DEBUG	logger/zap_logger.go:96	Executing: 

CREATE TABLE IF NOT EXISTS pg_catalog.pg_attribute (
    attrelid INTEGER,
    attname TEXT,
    atttypid INT,
    attstattarget INT,
    attlen INT,
    attnum INT,
    attndims INT,
    attcacheoff INT,
    atttypmod INT,
    attbyval BOOLEAN,
    attstorage CHAR(1),
    attalign CHAR(1),
    attnotnull BOOLEAN,
    atthasdef BOOLEAN,
    attidentity CHAR(1),
    attgenerated CHAR(1),
    attisdropped BOOLEAN,
    attislocal BOOLEAN,
    attinhcount INT,
    attcollation INT,
    attacl TEXT,
    attoptions TEXT,
    attfdwoptions TEXT,
    PRIMARY KEY (attrelid, attname)
)
2026-02-28T15:02:24.050+0300	INFO	logger/zap_logger.go:76	[SynchronizerVClock] Loaded key	{"key": "testdb:pg_catalog:pg_class:row:2615:", "value": "[2615,\"pg_namespace\",11,2615,0,10,0,0,0,0,0,0,0,false,false,\"p\",\"r\",4,0,false,false,false,false,false,true,\"n\",false,0,0,0]", "vclock": {"node1":52}}
2026-02-28T15:02:24.050+0300	INFO	logger/zap_logger.go:76	[SynchronizerVClock] Loaded key	{"key": "testdb:pg_catalog:pg_class:row:1262:", "value": "[1262,\"pg_database\",11,1248,0,10,0,0,0,0,0,0,0,false,false,\"p\",\"r\",14,0,false,false,false,false,false,true,\"n\",false,0,0,0]", "vclock": {"node1":53}}
2026-02-28T15:02:24.050+0300	INFO	logger/zap_logger.go:76	[SynchronizerVClock] Loaded key	{"key": "testdb:pg_catalog:pg_class:row:2601:", "value": "[2601,\"pg_am\",11,0,0,10,0,0,0,0,0,0,0,false,false,\"p\",\"r\",4,0,false,false,false,false,false,true,\"n\",false,0,0,0]", "vclock": {"node1":54}}
2026-02-28T15:02:24.050+0300	INFO	logger/zap_logger.go:76	[SynchronizerVClock] Loaded key	{"key": "testdb:pg_catalog:pg_class:row:1259:", "value": "[1259,\"pg_tables\",11,0,0,10,0,0,0,0,0,0,0,false,false,\"p\",\"r\",8,0,false,false,false,false,false,true,\"n\",false,0,0,0]", "vclock": {"node1":55}}
2026-02-28T15:02:24.050+0300	INFO	logger/zap_logger.go:76	[SynchronizerVClock] Loaded key	{"key": "testdb:pg_catalog:pg_class:row:1260:", "value": "[1260,\"pg_columns\",11,0,0,10,0,0,0,0,0,0,0,false,false,\"p\",\"r\",9,0,false,false,false,false,false,true,\"n\",false,0,0,0]", "vclock": {"node1":56}}
2026-02-28T15:02:24.050+0300	INFO	logger/zap_logger.go:76	[SynchronizerVClock] Loaded key	{"key": "testdb:pg_catalog:pg_class:row:1249:", "value": "[1249,\"pg_attribute\",11,75,0,10,0,0,0,0,0,0,0,false,false,\"p\",\"r\",23,0,false,false,false,false,false,true,\"n\",false,0,0,0]", "vclock": {"node1":57}}
2026-02-28T15:02:24.050+0300	INFO	logger/zap_logger.go:76	[SynchronizerVClock] Loaded key	{"key": "testdb:pg_catalog:pg_class:row:1247:", "value": "[1247,\"pg_type\",11,71,0,10,0,0,0,0,0,0,0,false,false,\"p\",\"r\",31,0,false,false,false,false,false,true,\"n\",false,0,0,0]", "vclock": {"node1":58}}
2026-02-28T15:02:24.050+0300	INFO	logger/zap_logger.go:76	[SynchronizerVClock] Loaded key	{"key": "testdb:pg_catalog:pg_class:row:1213:", "value": "[1213,\"pg_tablespace\",11,1213,0,10,0,0,0,0,0,0,0,false,false,\"p\",\"r\",5,0,false,false,false,false,false,true,\"n\",false,0,0,0]", "vclock": {"node1":59}}
2026-02-28T15:02:24.050+0300	INFO	logger/zap_logger.go:76	[SynchronizerVClock] Loaded key	{"key": "testdb:pg_catalog:pg_class:row:1263:", "value": "[1263,\"pg_shdescription\",11,0,0,10,0,0,0,0,0,0,0,false,false,\"p\",\"r\",4,0,false,false,false,false,false,true,\"n\",false,0,0,0]", "vclock": {"node1":60}}
2026-02-28T15:02:24.050+0300	DEBUG	logger/zap_logger.go:96	DEBUG: Parsed statement type: CREATE_TABLE

2026-02-28T15:02:24.050+0300	DEBUG	logger/zap_logger.go:96	Executing: 

INSERT INTO pg_catalog.pg_attribute (attrelid, attname, atttypid, attstattarget, attlen, attnum, attndims, attcacheoff, atttypmod, attbyval, attstorage, attalign, attnotnull, atthasdef, attidentity, attgenerated, attisdropped, attislocal, attinhcount, attcollation, attacl, attoptions, attfdwoptions) VALUES
(1, 'schemaname', 25, -1, -1, 1, 0, -1, -1, FALSE, 'p', 'i', FALSE, FALSE, '', '', FALSE, TRUE, 0, 0, NULL, NULL, NULL),
(1, 'schematable', 25, -1, -1, 2, 0, -1, -1, FALSE, 'p', 'i', FALSE, FALSE, '', '', FALSE, TRUE, 0, 0, NULL, NULL, NULL),
(1, 'tableowner', 25, -1, -1, 3, 0, -1, -1, FALSE, 'p', 'i', FALSE, FALSE, '', '', FALSE, TRUE, 0, 0, NULL, NULL, NULL),
(1, 'tablespace', 25, -1, -1, 4, 0, -1, -1, FALSE, 'p', 'i', TRUE, FALSE, '', '', FALSE, TRUE, 0, 0, NULL, NULL, NULL),
(1, 'hasindexes', 16, -1, 1, 5, 0, -1, -1, FALSE, 'p', 'i', FALSE, FALSE, '', '', FALSE, TRUE, 0, 0,NULL , NULL , NULL),
(1,'hasrules',16,-1 ,1 ,6 ,0 ,-1 ,-1 ,FALSE ,'p' ,'i' ,FALSE ,FALSE ,'' ,'' ,FALSE ,TRUE ,0 ,0 ,NULL ,NULL ,NULL),
(1,'hastriggers',16 ,-1 ,1 ,7 ,0 ,-1 ,-1 ,FALSE ,'p' ,'i' ,FALSE ,FALSE ,'' ,'' ,FALSE ,TRUE ,0 ,0 ,NULL ,NULL ,NULL),
(1,'rowsecurity',16 ,-1 ,1 ,8 ,0 ,-1 ,-1 ,FALSE ,'p' ,'i' ,FALSE ,FALSE ,'' ,'' ,FALSE ,TRUE ,0 ,0 ,NULL ,NULL ,NULL),
(2, 'table_schema', 25, -1, -1, 1, 0, -1, -1, FALSE, 'p', 'i', FALSE, FALSE, '', '', FALSE, TRUE, 0, 0, NULL, NULL, NULL),
(2, 'table_name', 25, -1, -1, 2, 0, -1, -1, FALSE, 'p', 'i', FALSE, FALSE, '', '', FALSE, TRUE, 0, 0, NULL, NULL, NULL),
(2, 'column_name', 25, -1, -1, 3, 0, -1, -1, FALSE, 'p', 'i', FALSE, FALSE, '', '', FALSE, TRUE, 0, 0, NULL, NULL, NULL),
(2, 'original_position', 23, -1, 4, 4, 0, -1, -1, FALSE, 'p', 'i', FALSE, FALSE, '', '', FALSE, TRUE, 0, 0, NULL, NULL, NULL),
(2, 'column_default', 25, -1, -1, 5, 0, -1, -1, TRUE, 'p', 'i', TRUE, FALSE, '', '', FALSE, TRUE, 0, 0, NULL, NULL, NULL),
(2, 'is_nullable', 16, -1, 1, 6, 0, -1, -1, FALSE, 'p', 'i', FALSE, FALSE, '', '', FALSE, TRUE, 0, 0, NULL, NULL, NULL),
(2, 'data_type', 25, -1, -1, 7, 0, -1, -1, FALSE, 'p', 'i', FALSE, FALSE, '', '', FALSE, TRUE, 0, 0, NULL, NULL, NULL),
(2, 'character_maximum_length', 23, -1, 4, 8, 0, -1, -1, TRUE, 'p', 'i', TRUE, FALSE, '', '', FALSE, TRUE, 0, 0, NULL, NULL, NULL),
(2, 'numeric_precision', 23, -1, 4, 9, 0, -1, -1, TRUE, 'p', 'i', TRUE, FALSE, '', '', FALSE, TRUE, 0, 0, NULL, NULL, NULL)
2026-02-28T15:02:24.050+0300	INFO	logger/zap_logger.go:76	[SynchronizerVClock] Loaded key	{"key": "schema:testdb:pg_catalog:pg_attribute:", "value": "{\"Name\":\"pg_catalog.pg_attribute\",\"Columns\":{\"attacl\":{\"Type\":0,\"IsNullable\":true,\"DefaultValue\":null,\"IsSerial\":false,\"IsUnique\":false,\"Idx\":21},\"attalign\":{\"Type\":0,\"IsNullable\":true,\"DefaultValue\":null,\"IsSerial\":false,\"IsUnique\":false,\"Idx\":12},\"attbyval\":{\"Type\":0,\"IsNullable\":true,\"DefaultValue\":null,\"IsSerial\":false,\"IsUnique\":false,\"Idx\":10},\"attcacheoff\":{\"Type\":1,\"IsNullable\":true,\"DefaultValue\":null,\"IsSerial\":false,\"IsUnique\":false,\"Idx\":8},\"attcollation\":{\"Type\":1,\"IsNullable\":true,\"DefaultValue\":null,\"IsSerial\":false,\"IsUnique\":false,\"Idx\":20},\"attfdwoptions\":{\"Type\":0,\"IsNullable\":true,\"DefaultValue\":null,\"IsSerial\":false,\"IsUnique\":false,\"Idx\":23},\"attgenerated\":{\"Type\":0,\"IsNullable\":true,\"DefaultValue\":null,\"IsSerial\":false,\"IsUnique\":false,\"Idx\":16},\"atthasdef\":{\"Type\":0,\"IsNullable\":true,\"DefaultValue\":null,\"IsSerial\":false,\"IsUnique\":false,\"Idx\":14},\"attidentity\":{\"Type\":0,\"IsNullable\":true,\"DefaultValue\":null,\"IsSerial\":false,\"IsUnique\":false,\"Idx\":15},\"attinhcount\":{\"Type\":1,\"IsNullable\":true,\"DefaultValue\":null,\"IsSerial\":false,\"IsUnique\":false,\"Idx\":19},\"attisdropped\":{\"Type\":0,\"IsNullable\":true,\"DefaultValue\":null,\"IsSerial\":false,\"IsUnique\":false,\"Idx\":17},\"attislocal\":{\"Type\":0,\"IsNullable\":true,\"DefaultValue\":null,\"IsSerial\":false,\"IsUnique\":false,\"Idx\":18},\"attlen\":{\"Type\":1,\"IsNullable\":true,\"DefaultValue\":null,\"IsSerial\":false,\"IsUnique\":false,\"Idx\":5},\"attname\":{\"Type\":0,\"IsNullable\":false,\"DefaultValue\":null,\"IsSerial\":false,\"IsUnique\":false,\"Idx\":2},\"attndims\":{\"Type\":1,\"IsNullable\":true,\"DefaultValue\":null,\"IsSerial\":false,\"IsUnique\":false,\"Idx\":7},\"attnotnull\":{\"Type\":0,\"IsNullable\":true,\"DefaultValue\":null,\"IsSerial\":false,\"IsUnique\":false,\"Idx\":13},\"attnum\":{\"Type\":1,\"IsNullable\":true,\"DefaultValue\":null,\"IsSerial\":false,\"IsUnique\":false,\"Idx\":6},\"attoptions\":{\"Type\":0,\"IsNullable\":true,\"DefaultValue\":null,\"IsSerial\":false,\"IsUnique\":false,\"Idx\":22},\"attrelid\":{\"Type\":0,\"IsNullable\":false,\"DefaultValue\":null,\"IsSerial\":false,\"IsUnique\":false,\"Idx\":1},\"attstattarget\":{\"Type\":1,\"IsNullable\":true,\"DefaultValue\":null,\"IsSerial\":false,\"IsUnique\":false,\"Idx\":4},\"attstorage\":{\"Type\":0,\"IsNullable\":true,\"DefaultValue\":null,\"IsSerial\":false,\"IsUnique\":false,\"Idx\":11},\"atttypid\":{\"Type\":1,\"IsNullable\":true,\"DefaultValue\":null,\"IsSerial\":false,\"IsUnique\":false,\"Idx\":3},\"atttypmod\":{\"Type\":1,\"IsNullable\":true,\"DefaultValue\":null,\"IsSerial\":false,\"IsUnique\":false,\"Idx\":9}},\"PrimaryKeys\":[1,2]}", "vclock": {"node1":61}}
2026-02-28T15:02:24.052+0300	DEBUG	logger/zap_logger.go:96	DEBUG: Parsed statement type: INSERT

2026-02-28T15:02:24.052+0300	DEBUG	logger/zap_logger.go:96	DEBUG: Insert into pg_catalog.pg_attribute: [[1 schemaname 25 -1 -1 1 0 -1 -1 false p i false false   false true 0 0 NULL NULL NULL] [1 schematable 25 -1 -1 2 0 -1 -1 false p i false false   false true 0 0 NULL NULL NULL] [1 tableowner 25 -1 -1 3 0 -1 -1 false p i false false   false true 0 0 NULL NULL NULL] [1 tablespace 25 -1 -1 4 0 -1 -1 false p i true false   false true 0 0 NULL NULL NULL] [1 hasindexes 16 -1 1 5 0 -1 -1 false p i false false   false true 0 0 NULL NULL NULL] [1 hasrules 16 -1 1 6 0 -1 -1 false p i false false   false true 0 0 NULL NULL NULL] [1 hastriggers 16 -1 1 7 0 -1 -1 false p i false false   false true 0 0 NULL NULL NULL] [1 rowsecurity 16 -1 1 8 0 -1 -1 false p i false false   false true 0 0 NULL NULL NULL] [2 table_schema 25 -1 -1 1 0 -1 -1 false p i false false   false true 0 0 NULL NULL NULL] [2 table_name 25 -1 -1 2 0 -1 -1 false p i false false   false true 0 0 NULL NULL NULL] [2 column_name 25 -1 -1 3 0 -1 -1 false p i false false   false true 0 0 NULL NULL NULL] [2 original_position 23 -1 4 4 0 -1 -1 false p i false false   false true 0 0 NULL NULL NULL] [2 column_default 25 -1 -1 5 0 -1 -1 true p i true false   false true 0 0 NULL NULL NULL] [2 is_nullable 16 -1 1 6 0 -1 -1 false p i false false   false true 0 0 NULL NULL NULL] [2 data_type 25 -1 -1 7 0 -1 -1 false p i false false   false true 0 0 NULL NULL NULL] [2 character_maximum_length 23 -1 4 8 0 -1 -1 true p i true false   false true 0 0 NULL NULL NULL] [2 numeric_precision 23 -1 4 9 0 -1 -1 true p i true false   false true 0 0 NULL NULL NULL]]

2026-02-28T15:02:24.052+0300	DEBUG	logger/zap_logger.go:71	DEBUG: Table metadata:	{"meta": {"Name":"pg_catalog.pg_attribute","Columns":{"attacl":{"Type":0,"IsNullable":true,"DefaultValue":null,"IsSerial":false,"IsUnique":false,"Idx":21},"attalign":{"Type":0,"IsNullable":true,"DefaultValue":null,"IsSerial":false,"IsUnique":false,"Idx":12},"attbyval":{"Type":0,"IsNullable":true,"DefaultValue":null,"IsSerial":false,"IsUnique":false,"Idx":10},"attcacheoff":{"Type":1,"IsNullable":true,"DefaultValue":null,"IsSerial":false,"IsUnique":false,"Idx":8},"attcollation":{"Type":1,"IsNullable":true,"DefaultValue":null,"IsSerial":false,"IsUnique":false,"Idx":20},"attfdwoptions":{"Type":0,"IsNullable":true,"DefaultValue":null,"IsSerial":false,"IsUnique":false,"Idx":23},"attgenerated":{"Type":0,"IsNullable":true,"DefaultValue":null,"IsSerial":false,"IsUnique":false,"Idx":16},"atthasdef":{"Type":0,"IsNullable":true,"DefaultValue":null,"IsSerial":false,"IsUnique":false,"Idx":14},"attidentity":{"Type":0,"IsNullable":true,"DefaultValue":null,"IsSerial":false,"IsUnique":false,"Idx":15},"attinhcount":{"Type":1,"IsNullable":true,"DefaultValue":null,"IsSerial":false,"IsUnique":false,"Idx":19},"attisdropped":{"Type":0,"IsNullable":true,"DefaultValue":null,"IsSerial":false,"IsUnique":false,"Idx":17},"attislocal":{"Type":0,"IsNullable":true,"DefaultValue":null,"IsSerial":false,"IsUnique":false,"Idx":18},"attlen":{"Type":1,"IsNullable":true,"DefaultValue":null,"IsSerial":false,"IsUnique":false,"Idx":5},"attname":{"Type":0,"IsNullable":false,"DefaultValue":null,"IsSerial":false,"IsUnique":false,"Idx":2},"attndims":{"Type":1,"IsNullable":true,"DefaultValue":null,"IsSerial":false,"IsUnique":false,"Idx":7},"attnotnull":{"Type":0,"IsNullable":true,"DefaultValue":null,"IsSerial":false,"IsUnique":false,"Idx":13},"attnum":{"Type":1,"IsNullable":true,"DefaultValue":null,"IsSerial":false,"IsUnique":false,"Idx":6},"attoptions":{"Type":0,"IsNullable":true,"DefaultValue":null,"IsSerial":false,"IsUnique":false,"Idx":22},"attrelid":{"Type":0,"IsNullable":false,"DefaultValue":null,"IsSerial":false,"IsUnique":false,"Idx":1},"attstattarget":{"Type":1,"IsNullable":true,"DefaultValue":null,"IsSerial":false,"IsUnique":false,"Idx":4},"attstorage":{"Type":0,"IsNullable":true,"DefaultValue":null,"IsSerial":false,"IsUnique":false,"Idx":11},"atttypid":{"Type":1,"IsNullable":true,"DefaultValue":null,"IsSerial":false,"IsUnique":false,"Idx":3},"atttypmod":{"Type":1,"IsNullable":true,"DefaultValue":null,"IsSerial":false,"IsUnique":false,"Idx":9}},"PrimaryKeys":[1,2]}}
2026-02-28T15:02:24.052+0300	DEBUG	logger/zap_logger.go:71	DEBUG: Saved row: 	{"rowKey": "testdb:pg_catalog:pg_attribute:row:1schemaname:", "rowData": "[1,\"schemaname\",25,-1,-1,1,0,-1,-1,false,\"p\",\"i\",false,false,\"\",\"\",false,true,0,0,\"NULL\",\"NULL\",\"NULL\"]"}
2026-02-28T15:02:24.052+0300	DEBUG	logger/zap_logger.go:71	DEBUG: Saved row: 	{"rowKey": "testdb:pg_catalog:pg_attribute:row:1schematable:", "rowData": "[1,\"schematable\",25,-1,-1,2,0,-1,-1,false,\"p\",\"i\",false,false,\"\",\"\",false,true,0,0,\"NULL\",\"NULL\",\"NULL\"]"}
2026-02-28T15:02:24.052+0300	DEBUG	logger/zap_logger.go:71	DEBUG: Saved row: 	{"rowKey": "testdb:pg_catalog:pg_attribute:row:1tableowner:", "rowData": "[1,\"tableowner\",25,-1,-1,3,0,-1,-1,false,\"p\",\"i\",false,false,\"\",\"\",false,true,0,0,\"NULL\",\"NULL\",\"NULL\"]"}
2026-02-28T15:02:24.052+0300	DEBUG	logger/zap_logger.go:71	DEBUG: Saved row: 	{"rowKey": "testdb:pg_catalog:pg_attribute:row:1tablespace:", "rowData": "[1,\"tablespace\",25,-1,-1,4,0,-1,-1,false,\"p\",\"i\",true,false,\"\",\"\",false,true,0,0,\"NULL\",\"NULL\",\"NULL\"]"}
2026-02-28T15:02:24.052+0300	DEBUG	logger/zap_logger.go:71	DEBUG: Saved row: 	{"rowKey": "testdb:pg_catalog:pg_attribute:row:1hasindexes:", "rowData": "[1,\"hasindexes\",16,-1,1,5,0,-1,-1,false,\"p\",\"i\",false,false,\"\",\"\",false,true,0,0,\"NULL\",\"NULL\",\"NULL\"]"}
2026-02-28T15:02:24.052+0300	DEBUG	logger/zap_logger.go:71	DEBUG: Saved row: 	{"rowKey": "testdb:pg_catalog:pg_attribute:row:1hasrules:", "rowData": "[1,\"hasrules\",16,-1,1,6,0,-1,-1,false,\"p\",\"i\",false,false,\"\",\"\",false,true,0,0,\"NULL\",\"NULL\",\"NULL\"]"}
2026-02-28T15:02:24.052+0300	DEBUG	logger/zap_logger.go:71	DEBUG: Saved row: 	{"rowKey": "testdb:pg_catalog:pg_attribute:row:1hastriggers:", "rowData": "[1,\"hastriggers\",16,-1,1,7,0,-1,-1,false,\"p\",\"i\",false,false,\"\",\"\",false,true,0,0,\"NULL\",\"NULL\",\"NULL\"]"}
2026-02-28T15:02:24.052+0300	DEBUG	logger/zap_logger.go:71	DEBUG: Saved row: 	{"rowKey": "testdb:pg_catalog:pg_attribute:row:1rowsecurity:", "rowData": "[1,\"rowsecurity\",16,-1,1,8,0,-1,-1,false,\"p\",\"i\",false,false,\"\",\"\",false,true,0,0,\"NULL\",\"NULL\",\"NULL\"]"}
2026-02-28T15:02:24.052+0300	DEBUG	logger/zap_logger.go:71	DEBUG: Saved row: 	{"rowKey": "testdb:pg_catalog:pg_attribute:row:2table_schema:", "rowData": "[2,\"table_schema\",25,-1,-1,1,0,-1,-1,false,\"p\",\"i\",false,false,\"\",\"\",false,true,0,0,\"NULL\",\"NULL\",\"NULL\"]"}
2026-02-28T15:02:24.052+0300	DEBUG	logger/zap_logger.go:71	DEBUG: Saved row: 	{"rowKey": "testdb:pg_catalog:pg_attribute:row:2table_name:", "rowData": "[2,\"table_name\",25,-1,-1,2,0,-1,-1,false,\"p\",\"i\",false,false,\"\",\"\",false,true,0,0,\"NULL\",\"NULL\",\"NULL\"]"}
2026-02-28T15:02:24.052+0300	DEBUG	logger/zap_logger.go:71	DEBUG: Saved row: 	{"rowKey": "testdb:pg_catalog:pg_attribute:row:2column_name:", "rowData": "[2,\"column_name\",25,-1,-1,3,0,-1,-1,false,\"p\",\"i\",false,false,\"\",\"\",false,true,0,0,\"NULL\",\"NULL\",\"NULL\"]"}
2026-02-28T15:02:24.052+0300	DEBUG	logger/zap_logger.go:71	DEBUG: Saved row: 	{"rowKey": "testdb:pg_catalog:pg_attribute:row:2original_position:", "rowData": "[2,\"original_position\",23,-1,4,4,0,-1,-1,false,\"p\",\"i\",false,false,\"\",\"\",false,true,0,0,\"NULL\",\"NULL\",\"NULL\"]"}
2026-02-28T15:02:24.052+0300	DEBUG	logger/zap_logger.go:71	DEBUG: Saved row: 	{"rowKey": "testdb:pg_catalog:pg_attribute:row:2column_default:", "rowData": "[2,\"column_default\",25,-1,-1,5,0,-1,-1,true,\"p\",\"i\",true,false,\"\",\"\",false,true,0,0,\"NULL\",\"NULL\",\"NULL\"]"}
2026-02-28T15:02:24.052+0300	DEBUG	logger/zap_logger.go:71	DEBUG: Saved row: 	{"rowKey": "testdb:pg_catalog:pg_attribute:row:2is_nullable:", "rowData": "[2,\"is_nullable\",16,-1,1,6,0,-1,-1,false,\"p\",\"i\",false,false,\"\",\"\",false,true,0,0,\"NULL\",\"NULL\",\"NULL\"]"}
2026-02-28T15:02:24.052+0300	DEBUG	logger/zap_logger.go:71	DEBUG: Saved row: 	{"rowKey": "testdb:pg_catalog:pg_attribute:row:2data_type:", "rowData": "[2,\"data_type\",25,-1,-1,7,0,-1,-1,false,\"p\",\"i\",false,false,\"\",\"\",false,true,0,0,\"NULL\",\"NULL\",\"NULL\"]"}
2026-02-28T15:02:24.052+0300	DEBUG	logger/zap_logger.go:71	DEBUG: Saved row: 	{"rowKey": "testdb:pg_catalog:pg_attribute:row:2character_maximum_length:", "rowData": "[2,\"character_maximum_length\",23,-1,4,8,0,-1,-1,true,\"p\",\"i\",true,false,\"\",\"\",false,true,0,0,\"NULL\",\"NULL\",\"NULL\"]"}
2026-02-28T15:02:24.052+0300	DEBUG	logger/zap_logger.go:71	DEBUG: Saved row: 	{"rowKey": "testdb:pg_catalog:pg_attribute:row:2numeric_precision:", "rowData": "[2,\"numeric_precision\",23,-1,4,9,0,-1,-1,true,\"p\",\"i\",true,false,\"\",\"\",false,true,0,0,\"NULL\",\"NULL\",\"NULL\"]"}
2026-02-28T15:02:24.052+0300	INFO	logger/zap_logger.go:76	[SynchronizerVClock] Loaded key	{"key": "testdb:pg_catalog:pg_attribute:row:1hasindexes:", "value": "[1,\"hasindexes\",16,-1,1,5,0,-1,-1,false,\"p\",\"i\",false,false,\"\",\"\",false,true,0,0,\"NULL\",\"NULL\",\"NULL\"]", "vclock": {"node1":62}}
2026-02-28T15:02:24.052+0300	INFO	logger/zap_logger.go:76	[SynchronizerVClock] Loaded key	{"key": "testdb:pg_catalog:pg_attribute:row:1tableowner:", "value": "[1,\"tableowner\",25,-1,-1,3,0,-1,-1,false,\"p\",\"i\",false,false,\"\",\"\",false,true,0,0,\"NULL\",\"NULL\",\"NULL\"]", "vclock": {"node1":63}}
2026-02-28T15:02:24.052+0300	INFO	logger/zap_logger.go:76	[SynchronizerVClock] Loaded key	{"key": "testdb:pg_catalog:pg_attribute:row:2column_default:", "value": "[2,\"column_default\",25,-1,-1,5,0,-1,-1,true,\"p\",\"i\",true,false,\"\",\"\",false,true,0,0,\"NULL\",\"NULL\",\"NULL\"]", "vclock": {"node1":64}}
2026-02-28T15:02:24.053+0300	INFO	logger/zap_logger.go:76	[SynchronizerVClock] Loaded key	{"key": "testdb:pg_catalog:pg_attribute:row:2numeric_precision:", "value": "[2,\"numeric_precision\",23,-1,4,9,0,-1,-1,true,\"p\",\"i\",true,false,\"\",\"\",false,true,0,0,\"NULL\",\"NULL\",\"NULL\"]", "vclock": {"node1":65}}
2026-02-28T15:02:24.053+0300	DEBUG	logger/zap_logger.go:96	Executing: 

CREATE TABLE IF NOT EXISTS pg_catalog.pg_proc (
    oid INT,
    proname TEXT,
    pronamespace INT,
    proowner INT,
    prolang INT,
    procost FLOAT,
    prorows FLOAT,
    provariadic INT,
    protransform TEXT,
    proisagg BOOLEAN,
    proiswindow BOOLEAN,
    prosecdef BOOLEAN,
    proleakproof BOOLEAN,
    proisstrict BOOLEAN,
    proretset BOOLEAN,
    provolatile CHAR(1),
    proparallel CHAR(1),
    pronargs INT,
    pronargdefaults INT,
    prorettype INT,
    proargtypes TEXT,
    proallargtypes TEXT,
    proargmodes TEXT,
    proargnames TEXT,
    proargdefaults TEXT,
    protrftypes TEXT,
    prosrc TEXT,
    probin TEXT,
    proconfig TEXT,
    proacl TEXT
)
2026-02-28T15:02:24.053+0300	INFO	logger/zap_logger.go:76	[SynchronizerVClock] Loaded key	{"key": "testdb:pg_catalog:pg_attribute:row:1schematable:", "value": "[1,\"schematable\",25,-1,-1,2,0,-1,-1,false,\"p\",\"i\",false,false,\"\",\"\",false,true,0,0,\"NULL\",\"NULL\",\"NULL\"]", "vclock": {"node1":66}}
2026-02-28T15:02:24.053+0300	INFO	logger/zap_logger.go:76	[SynchronizerVClock] Loaded key	{"key": "testdb:pg_catalog:pg_attribute:row:1hasrules:", "value": "[1,\"hasrules\",16,-1,1,6,0,-1,-1,false,\"p\",\"i\",false,false,\"\",\"\",false,true,0,0,\"NULL\",\"NULL\",\"NULL\"]", "vclock": {"node1":67}}
2026-02-28T15:02:24.053+0300	INFO	logger/zap_logger.go:76	[SynchronizerVClock] Loaded key	{"key": "testdb:pg_catalog:pg_attribute:row:1hastriggers:", "value": "[1,\"hastriggers\",16,-1,1,7,0,-1,-1,false,\"p\",\"i\",false,false,\"\",\"\",false,true,0,0,\"NULL\",\"NULL\",\"NULL\"]", "vclock": {"node1":68}}
2026-02-28T15:02:24.053+0300	INFO	logger/zap_logger.go:76	[SynchronizerVClock] Loaded key	{"key": "testdb:pg_catalog:pg_attribute:row:1rowsecurity:", "value": "[1,\"rowsecurity\",16,-1,1,8,0,-1,-1,false,\"p\",\"i\",false,false,\"\",\"\",false,true,0,0,\"NULL\",\"NULL\",\"NULL\"]", "vclock": {"node1":69}}
2026-02-28T15:02:24.053+0300	INFO	logger/zap_logger.go:76	[SynchronizerVClock] Loaded key	{"key": "testdb:pg_catalog:pg_attribute:row:2character_maximum_length:", "value": "[2,\"character_maximum_length\",23,-1,4,8,0,-1,-1,true,\"p\",\"i\",true,false,\"\",\"\",false,true,0,0,\"NULL\",\"NULL\",\"NULL\"]", "vclock": {"node1":70}}
2026-02-28T15:02:24.053+0300	INFO	logger/zap_logger.go:76	[SynchronizerVClock] Loaded key	{"key": "testdb:pg_catalog:pg_attribute:row:2table_schema:", "value": "[2,\"table_schema\",25,-1,-1,1,0,-1,-1,false,\"p\",\"i\",false,false,\"\",\"\",false,true,0,0,\"NULL\",\"NULL\",\"NULL\"]", "vclock": {"node1":71}}
2026-02-28T15:02:24.053+0300	INFO	logger/zap_logger.go:76	[SynchronizerVClock] Loaded key	{"key": "testdb:pg_catalog:pg_attribute:row:2table_name:", "value": "[2,\"table_name\",25,-1,-1,2,0,-1,-1,false,\"p\",\"i\",false,false,\"\",\"\",false,true,0,0,\"NULL\",\"NULL\",\"NULL\"]", "vclock": {"node1":72}}
2026-02-28T15:02:24.053+0300	INFO	logger/zap_logger.go:76	[SynchronizerVClock] Loaded key	{"key": "testdb:pg_catalog:pg_attribute:row:2column_name:", "value": "[2,\"column_name\",25,-1,-1,3,0,-1,-1,false,\"p\",\"i\",false,false,\"\",\"\",false,true,0,0,\"NULL\",\"NULL\",\"NULL\"]", "vclock": {"node1":73}}
2026-02-28T15:02:24.053+0300	INFO	logger/zap_logger.go:76	[SynchronizerVClock] Loaded key	{"key": "testdb:pg_catalog:pg_attribute:row:2original_position:", "value": "[2,\"original_position\",23,-1,4,4,0,-1,-1,false,\"p\",\"i\",false,false,\"\",\"\",false,true,0,0,\"NULL\",\"NULL\",\"NULL\"]", "vclock": {"node1":74}}
2026-02-28T15:02:24.053+0300	INFO	logger/zap_logger.go:76	[SynchronizerVClock] Loaded key	{"key": "testdb:pg_catalog:pg_attribute:row:2is_nullable:", "value": "[2,\"is_nullable\",16,-1,1,6,0,-1,-1,false,\"p\",\"i\",false,false,\"\",\"\",false,true,0,0,\"NULL\",\"NULL\",\"NULL\"]", "vclock": {"node1":75}}
2026-02-28T15:02:24.053+0300	INFO	logger/zap_logger.go:76	[SynchronizerVClock] Loaded key	{"key": "testdb:pg_catalog:pg_attribute:row:2data_type:", "value": "[2,\"data_type\",25,-1,-1,7,0,-1,-1,false,\"p\",\"i\",false,false,\"\",\"\",false,true,0,0,\"NULL\",\"NULL\",\"NULL\"]", "vclock": {"node1":76}}
2026-02-28T15:02:24.053+0300	INFO	logger/zap_logger.go:76	[SynchronizerVClock] Loaded key	{"key": "testdb:pg_catalog:pg_attribute:row:1schemaname:", "value": "[1,\"schemaname\",25,-1,-1,1,0,-1,-1,false,\"p\",\"i\",false,false,\"\",\"\",false,true,0,0,\"NULL\",\"NULL\",\"NULL\"]", "vclock": {"node1":77}}
2026-02-28T15:02:24.053+0300	INFO	logger/zap_logger.go:76	[SynchronizerVClock] Loaded key	{"key": "testdb:pg_catalog:pg_attribute:row:1tablespace:", "value": "[1,\"tablespace\",25,-1,-1,4,0,-1,-1,false,\"p\",\"i\",true,false,\"\",\"\",false,true,0,0,\"NULL\",\"NULL\",\"NULL\"]", "vclock": {"node1":78}}
2026-02-28T15:02:24.053+0300	DEBUG	logger/zap_logger.go:96	DEBUG: Parsed statement type: CREATE_TABLE

2026-02-28T15:02:24.053+0300	DEBUG	logger/zap_logger.go:96	Executing: 

CREATE TABLE IF NOT EXISTS pg_catalog.pg_type (
    oid INT,
    typname TEXT,
    typnamespace INT,
    typowner INT,
    typlen INT,
    typbyval BOOLEAN,
    typtype CHAR(1),
    typcategory CHAR(1),
    typispreferred BOOLEAN,
    typisdefined BOOLEAN,
    typdelim CHAR(1),
    typrelid INT,
    typelem INT,
    typarray INT,
    typinput TEXT,
    typoutput TEXT,
    typreceive TEXT,
    typsend TEXT,
    typmodin TEXT,
    typmodout TEXT,
    typanalyze TEXT,
    typalign CHAR(1),
    typstorage CHAR(1),
    typnotnull BOOLEAN,
    typbasetype INT,
    typtypmod INT,
    typndims INT,
    typcollation INT,
    typdefaultbin TEXT,
    typdefault TEXT,
    typacl TEXT,
    PRIMARY KEY (oid)
)
2026-02-28T15:02:24.053+0300	INFO	logger/zap_logger.go:76	[SynchronizerVClock] Loaded key	{"key": "schema:testdb:pg_catalog:pg_proc:", "value": "{\"Name\":\"pg_catalog.pg_proc\",\"Columns\":{\"oid\":{\"Type\":1,\"IsNullable\":true,\"DefaultValue\":null,\"IsSerial\":false,\"IsUnique\":false,\"Idx\":1},\"proacl\":{\"Type\":0,\"IsNullable\":true,\"DefaultValue\":null,\"IsSerial\":false,\"IsUnique\":false,\"Idx\":30},\"proallargtypes\":{\"Type\":0,\"IsNullable\":true,\"DefaultValue\":null,\"IsSerial\":false,\"IsUnique\":false,\"Idx\":22},\"proargdefaults\":{\"Type\":0,\"IsNullable\":true,\"DefaultValue\":null,\"IsSerial\":false,\"IsUnique\":false,\"Idx\":25},\"proargmodes\":{\"Type\":0,\"IsNullable\":true,\"DefaultValue\":null,\"IsSerial\":false,\"IsUnique\":false,\"Idx\":23},\"proargnames\":{\"Type\":0,\"IsNullable\":true,\"DefaultValue\":null,\"IsSerial\":false,\"IsUnique\":false,\"Idx\":24},\"proargtypes\":{\"Type\":0,\"IsNullable\":true,\"DefaultValue\":null,\"IsSerial\":false,\"IsUnique\":false,\"Idx\":21},\"probin\":{\"Type\":0,\"IsNullable\":true,\"DefaultValue\":null,\"IsSerial\":false,\"IsUnique\":false,\"Idx\":28},\"proconfig\":{\"Type\":0,\"IsNullable\":true,\"DefaultValue\":null,\"IsSerial\":false,\"IsUnique\":false,\"Idx\":29},\"procost\":{\"Type\":3,\"IsNullable\":true,\"DefaultValue\":null,\"IsSerial\":false,\"IsUnique\":false,\"Idx\":6},\"proisagg\":{\"Type\":0,\"IsNullable\":true,\"DefaultValue\":null,\"IsSerial\":false,\"IsUnique\":false,\"Idx\":10},\"proisstrict\":{\"Type\":0,\"IsNullable\":true,\"DefaultValue\":null,\"IsSerial\":false,\"IsUnique\":false,\"Idx\":14},\"proiswindow\":{\"Type\":0,\"IsNullable\":true,\"DefaultValue\":null,\"IsSerial\":false,\"IsUnique\":false,\"Idx\":11},\"prolang\":{\"Type\":1,\"IsNullable\":true,\"DefaultValue\":null,\"IsSerial\":false,\"IsUnique\":false,\"Idx\":5},\"proleakproof\":{\"Type\":0,\"IsNullable\":true,\"DefaultValue\":null,\"IsSerial\":false,\"IsUnique\":false,\"Idx\":13},\"proname\":{\"Type\":0,\"IsNullable\":true,\"DefaultValue\":null,\"IsSerial\":false,\"IsUnique\":false,\"Idx\":2},\"pronamespace\":{\"Type\":1,\"IsNullable\":true,\"DefaultValue\":null,\"IsSerial\":false,\"IsUnique\":false,\"Idx\":3},\"pronargdefaults\":{\"Type\":1,\"IsNullable\":true,\"DefaultValue\":null,\"IsSerial\":false,\"IsUnique\":false,\"Idx\":19},\"pronargs\":{\"Type\":1,\"IsNullable\":true,\"DefaultValue\":null,\"IsSerial\":false,\"IsUnique\":false,\"Idx\":18},\"proowner\":{\"Type\":1,\"IsNullable\":true,\"DefaultValue\":null,\"IsSerial\":false,\"IsUnique\":false,\"Idx\":4},\"proparallel\":{\"Type\":0,\"IsNullable\":true,\"DefaultValue\":null,\"IsSerial\":false,\"IsUnique\":false,\"Idx\":17},\"proretset\":{\"Type\":0,\"IsNullable\":true,\"DefaultValue\":null,\"IsSerial\":false,\"IsUnique\":false,\"Idx\":15},\"prorettype\":{\"Type\":1,\"IsNullable\":true,\"DefaultValue\":null,\"IsSerial\":false,\"IsUnique\":false,\"Idx\":20},\"prorows\":{\"Type\":3,\"IsNullable\":true,\"DefaultValue\":null,\"IsSerial\":false,\"IsUnique\":false,\"Idx\":7},\"prosecdef\":{\"Type\":0,\"IsNullable\":true,\"DefaultValue\":null,\"IsSerial\":false,\"IsUnique\":false,\"Idx\":12},\"prosrc\":{\"Type\":0,\"IsNullable\":true,\"DefaultValue\":null,\"IsSerial\":false,\"IsUnique\":false,\"Idx\":27},\"protransform\":{\"Type\":0,\"IsNullable\":true,\"DefaultValue\":null,\"IsSerial\":false,\"IsUnique\":false,\"Idx\":9},\"protrftypes\":{\"Type\":0,\"IsNullable\":true,\"DefaultValue\":null,\"IsSerial\":false,\"IsUnique\":false,\"Idx\":26},\"provariadic\":{\"Type\":1,\"IsNullable\":true,\"DefaultValue\":null,\"IsSerial\":false,\"IsUnique\":false,\"Idx\":8},\"provolatile\":{\"Type\":0,\"IsNullable\":true,\"DefaultValue\":null,\"IsSerial\":false,\"IsUnique\":false,\"Idx\":16}},\"PrimaryKeys\":[]}", "vclock": {"node1":79}}
2026-02-28T15:02:24.053+0300	DEBUG	logger/zap_logger.go:96	DEBUG: Parsed statement type: CREATE_TABLE

2026-02-28T15:02:24.053+0300	DEBUG	logger/zap_logger.go:96	Executing: 

INSERT INTO pg_catalog.pg_type (oid, typname, typnamespace, typowner, typlen, typbyval, typtype, typcategory, typispreferred, typisdefined, typdelim, typrelid, typelem, typarray, typinput, typoutput, typreceive, typsend, typmodin, typmodout, typanalyze, typalign, typstorage, typnotnull, typbasetype, typtypmod, typndims, typcollation, typdefaultbin, typdefault, typacl) VALUES
(16, 'bool', 11, 10, 1, TRUE, 'b', 'B', TRUE, TRUE, ',', 0, 0, 1000, 'boolin', 'boolout', 'boolrecv', 'boolsend', 'booltypmodin', 'booltypmodout', 'boolanalyze', 'c', 'p', FALSE, 0, -1, 0, 0, NULL, NULL, NULL),
(17, 'bytea', 11, 10, -1, FALSE, 'b', 'U', FALSE, TRUE, ',', 0, 0, 1001, 'byteain', 'byteaout', 'bytearecv', 'byteasend', '-', '-', '-', 'i', 'x', FALSE, 0, -1, 0, 0, NULL, NULL, NULL),
(18, 'char', 11, 10, 1, TRUE, 'b', 'Z', FALSE, TRUE, ',', 0, 0, 1002, 'charin', 'charout', 'charrecv', 'charsend', '-', '-', '-', 'c', 'p', FALSE, 0, -1, 0, 0, NULL, NULL, NULL),
(19, 'name', 11, 10, 64, FALSE, 'b', 'S', FALSE, TRUE, ',', 0, 0, 1003, 'namein', 'nameout', 'namerecv', 'namesend', '-', '-', '-', 'c', 'p', FALSE, 0, -1, 0, 950, NULL, NULL, NULL),
(20, 'int8', 11, 10, 8, TRUE, 'b', 'N', FALSE, TRUE, ',', 0, 0, 1016, 'int8in', 'int8out', 'int8recv', 'int8send', '-', '-', '-', 'd', 'p', FALSE, 0, -1, 0, 0, NULL, NULL, NULL),
(21, 'int2', 11, 10, 2, TRUE, 'b', 'N', FALSE, TRUE, ',', 0, 0, 1005, 'int2in', 'int2out', 'int2recv', 'int2send', '-', '-', '-', 's', 'p', FALSE, 0, -1, 0, 0, NULL, NULL, NULL),
(23, 'int4', 11, 10, 4, TRUE, 'b', 'N', TRUE, TRUE, ',', 0, 0, 1007, 'int4in', 'int4out', 'int4recv', 'int4send', 'int4typmodin', 'int4typmodout', 'int4analyze', 'i', 'p', FALSE, 0, -1, 0, 0, NULL, NULL, NULL),
(24, 'regproc', 11, 10, 4, TRUE, 'b', 'N', FALSE, TRUE, ',', 0, 0, 1008, 'regprocin', 'regprocout', 'regprocrecv', 'regprocsend', '-', '-', '-', 'i', 'p', FALSE, 0, -1, 0, 0, NULL, NULL, NULL),
(25, 'text', 11, 10, -1, FALSE, 'b', 'S', TRUE, TRUE, ',', 0, 0, 1009, 'textin', 'textout', 'textrecv', 'textsend', 'texttypmodin', 'texttypmodout', 'textanalyze', 'i', 'e', FALSE, 0, -1, 0, 0, NULL, NULL, NULL),
(26, 'oid', 11, 10, 4, TRUE, 'b', 'N', TRUE, TRUE, ',', 0, 0, 1028, 'oidin', 'oidout', 'oidrecv', 'oidsend', '-', '-', '-', 'i', 'p', FALSE, 0, -1, 0, 0, NULL, NULL, NULL),
(700, 'float4', 11, 10, 4, TRUE, 'b', 'N', FALSE, TRUE, ',', 0, 0, 1021, 'float4in', 'float4out', 'float4recv', 'float4send', '-', '-', '-', 'i', 'p', FALSE, 0, -1, 0, 0, NULL, NULL, NULL),
(701, 'float8', 11, 10, 8, TRUE, 'b', 'N', TRUE, TRUE, ',', 0, 0, 1022, 'float8in', 'float8out', 'float8recv', 'float8send', '-', '-', '-', 'd', 'p', FALSE, 0, -1, 0, 0, NULL, NULL, NULL),
(1043, 'varchar', 11, 10, -1, FALSE, 'b', 'S', FALSE, TRUE, ',', 0, 0, 1015, 'varcharin', 'varcharout', 'varcharrecv', 'varcharsend', 'varchartypmodin', 'varchartypmodout', '-', 'i', 'e', FALSE, 0, -1, 0, 100, NULL, NULL, NULL),
(1082, 'date', 11, 10, 4, TRUE, 'b', 'D', FALSE, TRUE, ',', 0, 0, 1182, 'date_in', 'date_out', 'date_recv', 'date_send', '-', '-', '-', 'i', 'p', FALSE, 0, -1, 0, 0, NULL, NULL, NULL),
(1083, 'time', 11, 10, 8, TRUE, 'b', 'D', FALSE, TRUE, ',', 0, 0, 1183, 'time_in', 'time_out', 'time_recv', 'time_send', 'timetypmodin', 'timetypmodout', '-', 'd', 'p', FALSE, 0, -1, 0, 0, NULL, NULL, NULL),
(1114, 'timestamp', 11, 10, 8, TRUE, 'b', 'D', FALSE, TRUE, ',', 0, 0, 1115, 'timestamp_in', 'timestamp_out', 'timestamp_recv', 'timestamp_send', 'timestamptypmodin', 'timestamptypmodout', '-', 'd', 'p', FALSE, 0, -1, 0, 0, NULL, NULL, NULL),
(1184, 'timestamptz', 11, 10, 8, TRUE, 'b', 'D', TRUE, TRUE, ',', 0, 0, 1185, 'timestamptz_in', 'timestamptz_out', 'timestamptz_recv', 'timestamptz_send', 'timestamptztypmodin', 'timestamptztypmodout', '-', 'd', 'p', FALSE, 0, -1, 0, 0, NULL, NULL, NULL),
(1700, 'numeric', 11, 10, -1, FALSE, 'b', 'N', FALSE, TRUE, ',', 0, 0, 1231, 'numeric_in', 'numeric_out', 'numeric_recv', 'numeric_send', 'numerictypmodin', 'numerictypmodout', '-', 'i', 'm', FALSE, 0, -1, 0, 0, NULL, NULL, NULL),
(2950, 'uuid', 11, 10, 16, FALSE, 'b', 'U', FALSE, TRUE, ',', 0, 0, 2951, 'uuid_in', 'uuid_out', 'uuid_recv', 'uuid_send', '-', '-', '-', 'c', 'p', FALSE, 0, -1, 0, 0, NULL, NULL, NULL),
(114, 'json', 11, 10, -1, FALSE, 'b', 'U', FALSE, TRUE, ',', 0, 0, 199, 'json_in', 'json_out', 'json_recv', 'json_send', '-', '-', '-', 'i', 'e', FALSE, 0, -1, 0, 0, NULL, NULL, NULL),
(3802, 'jsonb', 11, 10, -1, FALSE, 'b', 'U', FALSE, TRUE, ',', 0, 0, 3807, 'jsonb_in', 'jsonb_out', 'jsonb_recv', 'jsonb_send', '-', '-', '-', 'i', 'e', FALSE, 0, -1, 0, 0, NULL, NULL, NULL),
(1042, 'bpchar', 11, 10, -1, FALSE, 'b', 'S', FALSE, TRUE, ',', 0, 0, 1014, 'bpcharin', 'bpcharout', 'bpcharrecv', 'bpcharsend', 'bpchartypmodin', 'bpchartypmodout', '-', 'i', 'e', FALSE, 0, -1, 0, 100, NULL, NULL, NULL),
-- Domain types examples (typtype='d' based on base types)
(100001, 'positive_int', 11, 10, 4, TRUE, 'd', 'N', FALSE, TRUE, ',', 0, 0, 0, 'int4in', 'int4out', 'int4recv', 'int4send', '-', '-', '-', 'i', 'p', FALSE, 23, -1, 0, 0, NULL, NULL, NULL),
(100002, 'email_address', 11, 10, -1, FALSE, 'd', 'S', FALSE, TRUE, ',', 0, 0, 0, 'textin', 'textout', 'textrecv', 'textsend', '-', '-', '-', 'i', 'e', FALSE, 25, -1, 0, 0, NULL, NULL, NULL),
(100003, 'us_postal_code', 11, 10, -1, FALSE, 'd', 'S', FALSE, TRUE, ',', 0, 0, 0, 'textin', 'textout', 'textrecv', 'textsend', '-', '-', '-', 'i', 'e', FALSE, 25, -1, 0, 0, NULL, NULL, NULL)
2026-02-28T15:02:24.054+0300	INFO	logger/zap_logger.go:76	[SynchronizerVClock] Loaded key	{"key": "schema:testdb:pg_catalog:pg_type:", "value": "{\"Name\":\"pg_catalog.pg_type\",\"Columns\":{\"oid\":{\"Type\":1,\"IsNullable\":false,\"DefaultValue\":null,\"IsSerial\":false,\"IsUnique\":false,\"Idx\":1},\"typacl\":{\"Type\":0,\"IsNullable\":true,\"DefaultValue\":null,\"IsSerial\":false,\"IsUnique\":false,\"Idx\":31},\"typalign\":{\"Type\":0,\"IsNullable\":true,\"DefaultValue\":null,\"IsSerial\":false,\"IsUnique\":false,\"Idx\":22},\"typanalyze\":{\"Type\":0,\"IsNullable\":true,\"DefaultValue\":null,\"IsSerial\":false,\"IsUnique\":false,\"Idx\":21},\"typarray\":{\"Type\":1,\"IsNullable\":true,\"DefaultValue\":null,\"IsSerial\":false,\"IsUnique\":false,\"Idx\":14},\"typbasetype\":{\"Type\":1,\"IsNullable\":true,\"DefaultValue\":null,\"IsSerial\":false,\"IsUnique\":false,\"Idx\":25},\"typbyval\":{\"Type\":0,\"IsNullable\":true,\"DefaultValue\":null,\"IsSerial\":false,\"IsUnique\":false,\"Idx\":6},\"typcategory\":{\"Type\":0,\"IsNullable\":true,\"DefaultValue\":null,\"IsSerial\":false,\"IsUnique\":false,\"Idx\":8},\"typcollation\":{\"Type\":1,\"IsNullable\":true,\"DefaultValue\":null,\"IsSerial\":false,\"IsUnique\":false,\"Idx\":28},\"typdefault\":{\"Type\":0,\"IsNullable\":true,\"DefaultValue\":null,\"IsSerial\":false,\"IsUnique\":false,\"Idx\":30},\"typdefaultbin\":{\"Type\":0,\"IsNullable\":true,\"DefaultValue\":null,\"IsSerial\":false,\"IsUnique\":false,\"Idx\":29},\"typdelim\":{\"Type\":0,\"IsNullable\":true,\"DefaultValue\":null,\"IsSerial\":false,\"IsUnique\":false,\"Idx\":11},\"typelem\":{\"Type\":1,\"IsNullable\":true,\"DefaultValue\":null,\"IsSerial\":false,\"IsUnique\":false,\"Idx\":13},\"typinput\":{\"Type\":0,\"IsNullable\":true,\"DefaultValue\":null,\"IsSerial\":false,\"IsUnique\":false,\"Idx\":15},\"typisdefined\":{\"Type\":0,\"IsNullable\":true,\"DefaultValue\":null,\"IsSerial\":false,\"IsUnique\":false,\"Idx\":10},\"typispreferred\":{\"Type\":0,\"IsNullable\":true,\"DefaultValue\":null,\"IsSerial\":false,\"IsUnique\":false,\"Idx\":9},\"typlen\":{\"Type\":1,\"IsNullable\":true,\"DefaultValue\":null,\"IsSerial\":false,\"IsUnique\":false,\"Idx\":5},\"typmodin\":{\"Type\":0,\"IsNullable\":true,\"DefaultValue\":null,\"IsSerial\":false,\"IsUnique\":false,\"Idx\":19},\"typmodout\":{\"Type\":0,\"IsNullable\":true,\"DefaultValue\":null,\"IsSerial\":false,\"IsUnique\":false,\"Idx\":20},\"typname\":{\"Type\":0,\"IsNullable\":true,\"DefaultValue\":null,\"IsSerial\":false,\"IsUnique\":false,\"Idx\":2},\"typnamespace\":{\"Type\":1,\"IsNullable\":true,\"DefaultValue\":null,\"IsSerial\":false,\"IsUnique\":false,\"Idx\":3},\"typndims\":{\"Type\":1,\"IsNullable\":true,\"DefaultValue\":null,\"IsSerial\":false,\"IsUnique\":false,\"Idx\":27},\"typnotnull\":{\"Type\":0,\"IsNullable\":true,\"DefaultValue\":null,\"IsSerial\":false,\"IsUnique\":false,\"Idx\":24},\"typoutput\":{\"Type\":0,\"IsNullable\":true,\"DefaultValue\":null,\"IsSerial\":false,\"IsUnique\":false,\"Idx\":16},\"typowner\":{\"Type\":1,\"IsNullable\":true,\"DefaultValue\":null,\"IsSerial\":false,\"IsUnique\":false,\"Idx\":4},\"typreceive\":{\"Type\":0,\"IsNullable\":true,\"DefaultValue\":null,\"IsSerial\":false,\"IsUnique\":false,\"Idx\":17},\"typrelid\":{\"Type\":1,\"IsNullable\":true,\"DefaultValue\":null,\"IsSerial\":false,\"IsUnique\":false,\"Idx\":12},\"typsend\":{\"Type\":0,\"IsNullable\":true,\"DefaultValue\":null,\"IsSerial\":false,\"IsUnique\":false,\"Idx\":18},\"typstorage\":{\"Type\":0,\"IsNullable\":true,\"DefaultValue\":null,\"IsSerial\":false,\"IsUnique\":false,\"Idx\":23},\"typtype\":{\"Type\":0,\"IsNullable\":true,\"DefaultValue\":null,\"IsSerial\":false,\"IsUnique\":false,\"Idx\":7},\"typtypmod\":{\"Type\":1,\"IsNullable\":true,\"DefaultValue\":null,\"IsSerial\":false,\"IsUnique\":false,\"Idx\":26}},\"PrimaryKeys\":[1]}", "vclock": {"node1":80}}
2026-02-28T15:02:24.058+0300	DEBUG	logger/zap_logger.go:96	DEBUG: Parsed statement type: INSERT

2026-02-28T15:02:24.058+0300	DEBUG	logger/zap_logger.go:96	DEBUG: Insert into pg_catalog.pg_type: [[16 bool 11 10 1 true b B true true , 0 0 1000 boolin boolout boolrecv boolsend booltypmodin booltypmodout boolanalyze c p false 0 -1 0 0 NULL NULL NULL] [17 bytea 11 10 -1 false b U false true , 0 0 1001 byteain byteaout bytearecv byteasend - - - i x false 0 -1 0 0 NULL NULL NULL] [18 char 11 10 1 true b Z false true , 0 0 1002 charin charout charrecv charsend - - - c p false 0 -1 0 0 NULL NULL NULL] [19 name 11 10 64 false b S false true , 0 0 1003 namein nameout namerecv namesend - - - c p false 0 -1 0 950 NULL NULL NULL] [20 int8 11 10 8 true b N false true , 0 0 1016 int8in int8out int8recv int8send - - - d p false 0 -1 0 0 NULL NULL NULL] [21 int2 11 10 2 true b N false true , 0 0 1005 int2in int2out int2recv int2send - - - s p false 0 -1 0 0 NULL NULL NULL] [23 int4 11 10 4 true b N true true , 0 0 1007 int4in int4out int4recv int4send int4typmodin int4typmodout int4analyze i p false 0 -1 0 0 NULL NULL NULL] [24 regproc 11 10 4 true b N false true , 0 0 1008 regprocin regprocout regprocrecv regprocsend - - - i p false 0 -1 0 0 NULL NULL NULL] [25 text 11 10 -1 false b S true true , 0 0 1009 textin textout textrecv textsend texttypmodin texttypmodout textanalyze i e false 0 -1 0 0 NULL NULL NULL] [26 oid 11 10 4 true b N true true , 0 0 1028 oidin oidout oidrecv oidsend - - - i p false 0 -1 0 0 NULL NULL NULL] [700 float4 11 10 4 true b N false true , 0 0 1021 float4in float4out float4recv float4send - - - i p false 0 -1 0 0 NULL NULL NULL] [701 float8 11 10 8 true b N true true , 0 0 1022 float8in float8out float8recv float8send - - - d p false 0 -1 0 0 NULL NULL NULL] [1043 varchar 11 10 -1 false b S false true , 0 0 1015 varcharin varcharout varcharrecv varcharsend varchartypmodin varchartypmodout - i e false 0 -1 0 100 NULL NULL NULL] [1082 date 11 10 4 true b D false true , 0 0 1182 date_in date_out date_recv date_send - - - i p false 0 -1 0 0 NULL NULL NULL] [1083 time 11 10 8 true b D false true , 0 0 1183 time_in time_out time_recv time_send timetypmodin timetypmodout - d p false 0 -1 0 0 NULL NULL NULL] [1114 timestamp 11 10 8 true b D false true , 0 0 1115 timestamp_in timestamp_out timestamp_recv timestamp_send timestamptypmodin timestamptypmodout - d p false 0 -1 0 0 NULL NULL NULL] [1184 timestamptz 11 10 8 true b D true true , 0 0 1185 timestamptz_in timestamptz_out timestamptz_recv timestamptz_send timestamptztypmodin timestamptztypmodout - d p false 0 -1 0 0 NULL NULL NULL] [1700 numeric 11 10 -1 false b N false true , 0 0 1231 numeric_in numeric_out numeric_recv numeric_send numerictypmodin numerictypmodout - i m false 0 -1 0 0 NULL NULL NULL] [2950 uuid 11 10 16 false b U false true , 0 0 2951 uuid_in uuid_out uuid_recv uuid_send - - - c p false 0 -1 0 0 NULL NULL NULL] [114 json 11 10 -1 false b U false true , 0 0 199 json_in json_out json_recv json_send - - - i e false 0 -1 0 0 NULL NULL NULL] [3802 jsonb 11 10 -1 false b U false true , 0 0 3807 jsonb_in jsonb_out jsonb_recv jsonb_send - - - i e false 0 -1 0 0 NULL NULL NULL] [1042 bpchar 11 10 -1 false b S false true , 0 0 1014 bpcharin bpcharout bpcharrecv bpcharsend bpchartypmodin bpchartypmodout - i e false 0 -1 0 100 NULL NULL NULL] [100001 positive_int 11 10 4 true d N false true , 0 0 0 int4in int4out int4recv int4send - - - i p false 23 -1 0 0 NULL NULL NULL] [100002 email_address 11 10 -1 false d S false true , 0 0 0 textin textout textrecv textsend - - - i e false 25 -1 0 0 NULL NULL NULL] [100003 us_postal_code 11 10 -1 false d S false true , 0 0 0 textin textout textrecv textsend - - - i e false 25 -1 0 0 NULL NULL NULL]]

2026-02-28T15:02:24.058+0300	DEBUG	logger/zap_logger.go:71	DEBUG: Table metadata:	{"meta": {"Name":"pg_catalog.pg_type","Columns":{"oid":{"Type":1,"IsNullable":false,"DefaultValue":null,"IsSerial":false,"IsUnique":false,"Idx":1},"typacl":{"Type":0,"IsNullable":true,"DefaultValue":null,"IsSerial":false,"IsUnique":false,"Idx":31},"typalign":{"Type":0,"IsNullable":true,"DefaultValue":null,"IsSerial":false,"IsUnique":false,"Idx":22},"typanalyze":{"Type":0,"IsNullable":true,"DefaultValue":null,"IsSerial":false,"IsUnique":false,"Idx":21},"typarray":{"Type":1,"IsNullable":true,"DefaultValue":null,"IsSerial":false,"IsUnique":false,"Idx":14},"typbasetype":{"Type":1,"IsNullable":true,"DefaultValue":null,"IsSerial":false,"IsUnique":false,"Idx":25},"typbyval":{"Type":0,"IsNullable":true,"DefaultValue":null,"IsSerial":false,"IsUnique":false,"Idx":6},"typcategory":{"Type":0,"IsNullable":true,"DefaultValue":null,"IsSerial":false,"IsUnique":false,"Idx":8},"typcollation":{"Type":1,"IsNullable":true,"DefaultValue":null,"IsSerial":false,"IsUnique":false,"Idx":28},"typdefault":{"Type":0,"IsNullable":true,"DefaultValue":null,"IsSerial":false,"IsUnique":false,"Idx":30},"typdefaultbin":{"Type":0,"IsNullable":true,"DefaultValue":null,"IsSerial":false,"IsUnique":false,"Idx":29},"typdelim":{"Type":0,"IsNullable":true,"DefaultValue":null,"IsSerial":false,"IsUnique":false,"Idx":11},"typelem":{"Type":1,"IsNullable":true,"DefaultValue":null,"IsSerial":false,"IsUnique":false,"Idx":13},"typinput":{"Type":0,"IsNullable":true,"DefaultValue":null,"IsSerial":false,"IsUnique":false,"Idx":15},"typisdefined":{"Type":0,"IsNullable":true,"DefaultValue":null,"IsSerial":false,"IsUnique":false,"Idx":10},"typispreferred":{"Type":0,"IsNullable":true,"DefaultValue":null,"IsSerial":false,"IsUnique":false,"Idx":9},"typlen":{"Type":1,"IsNullable":true,"DefaultValue":null,"IsSerial":false,"IsUnique":false,"Idx":5},"typmodin":{"Type":0,"IsNullable":true,"DefaultValue":null,"IsSerial":false,"IsUnique":false,"Idx":19},"typmodout":{"Type":0,"IsNullable":true,"DefaultValue":null,"IsSerial":false,"IsUnique":false,"Idx":20},"typname":{"Type":0,"IsNullable":true,"DefaultValue":null,"IsSerial":false,"IsUnique":false,"Idx":2},"typnamespace":{"Type":1,"IsNullable":true,"DefaultValue":null,"IsSerial":false,"IsUnique":false,"Idx":3},"typndims":{"Type":1,"IsNullable":true,"DefaultValue":null,"IsSerial":false,"IsUnique":false,"Idx":27},"typnotnull":{"Type":0,"IsNullable":true,"DefaultValue":null,"IsSerial":false,"IsUnique":false,"Idx":24},"typoutput":{"Type":0,"IsNullable":true,"DefaultValue":null,"IsSerial":false,"IsUnique":false,"Idx":16},"typowner":{"Type":1,"IsNullable":true,"DefaultValue":null,"IsSerial":false,"IsUnique":false,"Idx":4},"typreceive":{"Type":0,"IsNullable":true,"DefaultValue":null,"IsSerial":false,"IsUnique":false,"Idx":17},"typrelid":{"Type":1,"IsNullable":true,"DefaultValue":null,"IsSerial":false,"IsUnique":false,"Idx":12},"typsend":{"Type":0,"IsNullable":true,"DefaultValue":null,"IsSerial":false,"IsUnique":false,"Idx":18},"typstorage":{"Type":0,"IsNullable":true,"DefaultValue":null,"IsSerial":false,"IsUnique":false,"Idx":23},"typtype":{"Type":0,"IsNullable":true,"DefaultValue":null,"IsSerial":false,"IsUnique":false,"Idx":7},"typtypmod":{"Type":1,"IsNullable":true,"DefaultValue":null,"IsSerial":false,"IsUnique":false,"Idx":26}},"PrimaryKeys":[1]}}
2026-02-28T15:02:24.058+0300	DEBUG	logger/zap_logger.go:71	DEBUG: Saved row: 	{"rowKey": "testdb:pg_catalog:pg_type:row:16:", "rowData": "[16,\"bool\",11,10,1,true,\"b\",\"B\",true,true,\",\",0,0,1000,\"boolin\",\"boolout\",\"boolrecv\",\"boolsend\",\"booltypmodin\",\"booltypmodout\",\"boolanalyze\",\"c\",\"p\",false,0,-1,0,0,\"NULL\",\"NULL\",\"NULL\"]"}
2026-02-28T15:02:24.058+0300	DEBUG	logger/zap_logger.go:71	DEBUG: Saved row: 	{"rowKey": "testdb:pg_catalog:pg_type:row:17:", "rowData": "[17,\"bytea\",11,10,-1,false,\"b\",\"U\",false,true,\",\",0,0,1001,\"byteain\",\"byteaout\",\"bytearecv\",\"byteasend\",\"-\",\"-\",\"-\",\"i\",\"x\",false,0,-1,0,0,\"NULL\",\"NULL\",\"NULL\"]"}
2026-02-28T15:02:24.058+0300	DEBUG	logger/zap_logger.go:71	DEBUG: Saved row: 	{"rowKey": "testdb:pg_catalog:pg_type:row:18:", "rowData": "[18,\"char\",11,10,1,true,\"b\",\"Z\",false,true,\",\",0,0,1002,\"charin\",\"charout\",\"charrecv\",\"charsend\",\"-\",\"-\",\"-\",\"c\",\"p\",false,0,-1,0,0,\"NULL\",\"NULL\",\"NULL\"]"}
2026-02-28T15:02:24.058+0300	DEBUG	logger/zap_logger.go:71	DEBUG: Saved row: 	{"rowKey": "testdb:pg_catalog:pg_type:row:19:", "rowData": "[19,\"name\",11,10,64,false,\"b\",\"S\",false,true,\",\",0,0,1003,\"namein\",\"nameout\",\"namerecv\",\"namesend\",\"-\",\"-\",\"-\",\"c\",\"p\",false,0,-1,0,950,\"NULL\",\"NULL\",\"NULL\"]"}
2026-02-28T15:02:24.058+0300	DEBUG	logger/zap_logger.go:71	DEBUG: Saved row: 	{"rowKey": "testdb:pg_catalog:pg_type:row:20:", "rowData": "[20,\"int8\",11,10,8,true,\"b\",\"N\",false,true,\",\",0,0,1016,\"int8in\",\"int8out\",\"int8recv\",\"int8send\",\"-\",\"-\",\"-\",\"d\",\"p\",false,0,-1,0,0,\"NULL\",\"NULL\",\"NULL\"]"}
2026-02-28T15:02:24.058+0300	DEBUG	logger/zap_logger.go:71	DEBUG: Saved row: 	{"rowKey": "testdb:pg_catalog:pg_type:row:21:", "rowData": "[21,\"int2\",11,10,2,true,\"b\",\"N\",false,true,\",\",0,0,1005,\"int2in\",\"int2out\",\"int2recv\",\"int2send\",\"-\",\"-\",\"-\",\"s\",\"p\",false,0,-1,0,0,\"NULL\",\"NULL\",\"NULL\"]"}
2026-02-28T15:02:24.058+0300	DEBUG	logger/zap_logger.go:71	DEBUG: Saved row: 	{"rowKey": "testdb:pg_catalog:pg_type:row:23:", "rowData": "[23,\"int4\",11,10,4,true,\"b\",\"N\",true,true,\",\",0,0,1007,\"int4in\",\"int4out\",\"int4recv\",\"int4send\",\"int4typmodin\",\"int4typmodout\",\"int4analyze\",\"i\",\"p\",false,0,-1,0,0,\"NULL\",\"NULL\",\"NULL\"]"}
2026-02-28T15:02:24.058+0300	DEBUG	logger/zap_logger.go:71	DEBUG: Saved row: 	{"rowKey": "testdb:pg_catalog:pg_type:row:24:", "rowData": "[24,\"regproc\",11,10,4,true,\"b\",\"N\",false,true,\",\",0,0,1008,\"regprocin\",\"regprocout\",\"regprocrecv\",\"regprocsend\",\"-\",\"-\",\"-\",\"i\",\"p\",false,0,-1,0,0,\"NULL\",\"NULL\",\"NULL\"]"}
2026-02-28T15:02:24.058+0300	DEBUG	logger/zap_logger.go:71	DEBUG: Saved row: 	{"rowKey": "testdb:pg_catalog:pg_type:row:25:", "rowData": "[25,\"text\",11,10,-1,false,\"b\",\"S\",true,true,\",\",0,0,1009,\"textin\",\"textout\",\"textrecv\",\"textsend\",\"texttypmodin\",\"texttypmodout\",\"textanalyze\",\"i\",\"e\",false,0,-1,0,0,\"NULL\",\"NULL\",\"NULL\"]"}
2026-02-28T15:02:24.058+0300	DEBUG	logger/zap_logger.go:71	DEBUG: Saved row: 	{"rowKey": "testdb:pg_catalog:pg_type:row:26:", "rowData": "[26,\"oid\",11,10,4,true,\"b\",\"N\",true,true,\",\",0,0,1028,\"oidin\",\"oidout\",\"oidrecv\",\"oidsend\",\"-\",\"-\",\"-\",\"i\",\"p\",false,0,-1,0,0,\"NULL\",\"NULL\",\"NULL\"]"}
2026-02-28T15:02:24.058+0300	DEBUG	logger/zap_logger.go:71	DEBUG: Saved row: 	{"rowKey": "testdb:pg_catalog:pg_type:row:700:", "rowData": "[700,\"float4\",11,10,4,true,\"b\",\"N\",false,true,\",\",0,0,1021,\"float4in\",\"float4out\",\"float4recv\",\"float4send\",\"-\",\"-\",\"-\",\"i\",\"p\",false,0,-1,0,0,\"NULL\",\"NULL\",\"NULL\"]"}
2026-02-28T15:02:24.058+0300	DEBUG	logger/zap_logger.go:71	DEBUG: Saved row: 	{"rowKey": "testdb:pg_catalog:pg_type:row:701:", "rowData": "[701,\"float8\",11,10,8,true,\"b\",\"N\",true,true,\",\",0,0,1022,\"float8in\",\"float8out\",\"float8recv\",\"float8send\",\"-\",\"-\",\"-\",\"d\",\"p\",false,0,-1,0,0,\"NULL\",\"NULL\",\"NULL\"]"}
2026-02-28T15:02:24.058+0300	DEBUG	logger/zap_logger.go:71	DEBUG: Saved row: 	{"rowKey": "testdb:pg_catalog:pg_type:row:1043:", "rowData": "[1043,\"varchar\",11,10,-1,false,\"b\",\"S\",false,true,\",\",0,0,1015,\"varcharin\",\"varcharout\",\"varcharrecv\",\"varcharsend\",\"varchartypmodin\",\"varchartypmodout\",\"-\",\"i\",\"e\",false,0,-1,0,100,\"NULL\",\"NULL\",\"NULL\"]"}
2026-02-28T15:02:24.058+0300	DEBUG	logger/zap_logger.go:71	DEBUG: Saved row: 	{"rowKey": "testdb:pg_catalog:pg_type:row:1082:", "rowData": "[1082,\"date\",11,10,4,true,\"b\",\"D\",false,true,\",\",0,0,1182,\"date_in\",\"date_out\",\"date_recv\",\"date_send\",\"-\",\"-\",\"-\",\"i\",\"p\",false,0,-1,0,0,\"NULL\",\"NULL\",\"NULL\"]"}
2026-02-28T15:02:24.058+0300	DEBUG	logger/zap_logger.go:71	DEBUG: Saved row: 	{"rowKey": "testdb:pg_catalog:pg_type:row:1083:", "rowData": "[1083,\"time\",11,10,8,true,\"b\",\"D\",false,true,\",\",0,0,1183,\"time_in\",\"time_out\",\"time_recv\",\"time_send\",\"timetypmodin\",\"timetypmodout\",\"-\",\"d\",\"p\",false,0,-1,0,0,\"NULL\",\"NULL\",\"NULL\"]"}
2026-02-28T15:02:24.058+0300	DEBUG	logger/zap_logger.go:71	DEBUG: Saved row: 	{"rowKey": "testdb:pg_catalog:pg_type:row:1114:", "rowData": "[1114,\"timestamp\",11,10,8,true,\"b\",\"D\",false,true,\",\",0,0,1115,\"timestamp_in\",\"timestamp_out\",\"timestamp_recv\",\"timestamp_send\",\"timestamptypmodin\",\"timestamptypmodout\",\"-\",\"d\",\"p\",false,0,-1,0,0,\"NULL\",\"NULL\",\"NULL\"]"}
2026-02-28T15:02:24.058+0300	DEBUG	logger/zap_logger.go:71	DEBUG: Saved row: 	{"rowKey": "testdb:pg_catalog:pg_type:row:1184:", "rowData": "[1184,\"timestamptz\",11,10,8,true,\"b\",\"D\",true,true,\",\",0,0,1185,\"timestamptz_in\",\"timestamptz_out\",\"timestamptz_recv\",\"timestamptz_send\",\"timestamptztypmodin\",\"timestamptztypmodout\",\"-\",\"d\",\"p\",false,0,-1,0,0,\"NULL\",\"NULL\",\"NULL\"]"}
2026-02-28T15:02:24.058+0300	DEBUG	logger/zap_logger.go:71	DEBUG: Saved row: 	{"rowKey": "testdb:pg_catalog:pg_type:row:1700:", "rowData": "[1700,\"numeric\",11,10,-1,false,\"b\",\"N\",false,true,\",\",0,0,1231,\"numeric_in\",\"numeric_out\",\"numeric_recv\",\"numeric_send\",\"numerictypmodin\",\"numerictypmodout\",\"-\",\"i\",\"m\",false,0,-1,0,0,\"NULL\",\"NULL\",\"NULL\"]"}
2026-02-28T15:02:24.059+0300	DEBUG	logger/zap_logger.go:71	DEBUG: Saved row: 	{"rowKey": "testdb:pg_catalog:pg_type:row:2950:", "rowData": "[2950,\"uuid\",11,10,16,false,\"b\",\"U\",false,true,\",\",0,0,2951,\"uuid_in\",\"uuid_out\",\"uuid_recv\",\"uuid_send\",\"-\",\"-\",\"-\",\"c\",\"p\",false,0,-1,0,0,\"NULL\",\"NULL\",\"NULL\"]"}
2026-02-28T15:02:24.059+0300	DEBUG	logger/zap_logger.go:71	DEBUG: Saved row: 	{"rowKey": "testdb:pg_catalog:pg_type:row:114:", "rowData": "[114,\"json\",11,10,-1,false,\"b\",\"U\",false,true,\",\",0,0,199,\"json_in\",\"json_out\",\"json_recv\",\"json_send\",\"-\",\"-\",\"-\",\"i\",\"e\",false,0,-1,0,0,\"NULL\",\"NULL\",\"NULL\"]"}
2026-02-28T15:02:24.059+0300	DEBUG	logger/zap_logger.go:71	DEBUG: Saved row: 	{"rowKey": "testdb:pg_catalog:pg_type:row:3802:", "rowData": "[3802,\"jsonb\",11,10,-1,false,\"b\",\"U\",false,true,\",\",0,0,3807,\"jsonb_in\",\"jsonb_out\",\"jsonb_recv\",\"jsonb_send\",\"-\",\"-\",\"-\",\"i\",\"e\",false,0,-1,0,0,\"NULL\",\"NULL\",\"NULL\"]"}
2026-02-28T15:02:24.059+0300	DEBUG	logger/zap_logger.go:71	DEBUG: Saved row: 	{"rowKey": "testdb:pg_catalog:pg_type:row:1042:", "rowData": "[1042,\"bpchar\",11,10,-1,false,\"b\",\"S\",false,true,\",\",0,0,1014,\"bpcharin\",\"bpcharout\",\"bpcharrecv\",\"bpcharsend\",\"bpchartypmodin\",\"bpchartypmodout\",\"-\",\"i\",\"e\",false,0,-1,0,100,\"NULL\",\"NULL\",\"NULL\"]"}
2026-02-28T15:02:24.059+0300	DEBUG	logger/zap_logger.go:71	DEBUG: Saved row: 	{"rowKey": "testdb:pg_catalog:pg_type:row:100001:", "rowData": "[100001,\"positive_int\",11,10,4,true,\"d\",\"N\",false,true,\",\",0,0,0,\"int4in\",\"int4out\",\"int4recv\",\"int4send\",\"-\",\"-\",\"-\",\"i\",\"p\",false,23,-1,0,0,\"NULL\",\"NULL\",\"NULL\"]"}
2026-02-28T15:02:24.059+0300	DEBUG	logger/zap_logger.go:71	DEBUG: Saved row: 	{"rowKey": "testdb:pg_catalog:pg_type:row:100002:", "rowData": "[100002,\"email_address\",11,10,-1,false,\"d\",\"S\",false,true,\",\",0,0,0,\"textin\",\"textout\",\"textrecv\",\"textsend\",\"-\",\"-\",\"-\",\"i\",\"e\",false,25,-1,0,0,\"NULL\",\"NULL\",\"NULL\"]"}
2026-02-28T15:02:24.059+0300	DEBUG	logger/zap_logger.go:71	DEBUG: Saved row: 	{"rowKey": "testdb:pg_catalog:pg_type:row:100003:", "rowData": "[100003,\"us_postal_code\",11,10,-1,false,\"d\",\"S\",false,true,\",\",0,0,0,\"textin\",\"textout\",\"textrecv\",\"textsend\",\"-\",\"-\",\"-\",\"i\",\"e\",false,25,-1,0,0,\"NULL\",\"NULL\",\"NULL\"]"}
2026-02-28T15:02:24.059+0300	INFO	logger/zap_logger.go:76	[SynchronizerVClock] Loaded key	{"key": "testdb:pg_catalog:pg_type:row:17:", "value": "[17,\"bytea\",11,10,-1,false,\"b\",\"U\",false,true,\",\",0,0,1001,\"byteain\",\"byteaout\",\"bytearecv\",\"byteasend\",\"-\",\"-\",\"-\",\"i\",\"x\",false,0,-1,0,0,\"NULL\",\"NULL\",\"NULL\"]", "vclock": {"node1":81}}
2026-02-28T15:02:24.059+0300	DEBUG	logger/zap_logger.go:96	Executing: 

CREATE TABLE IF NOT EXISTS pg_catalog.pg_namespace (
    oid INT,
    nspname TEXT,
    nspowner INT,
    nspacl TEXT,
    PRIMARY KEY (oid)
)
2026-02-28T15:02:24.059+0300	DEBUG	logger/zap_logger.go:96	DEBUG: Parsed statement type: CREATE_TABLE

2026-02-28T15:02:24.059+0300	DEBUG	logger/zap_logger.go:96	Executing: 

INSERT INTO pg_catalog.pg_namespace (oid, nspname, nspowner, nspacl) VALUES
(11, 'pg_catalog', 10, NULL),
(12, 'public', 10, NULL)
2026-02-28T15:02:24.059+0300	INFO	logger/zap_logger.go:76	[SynchronizerVClock] Loaded key	{"key": "testdb:pg_catalog:pg_type:row:24:", "value": "[24,\"regproc\",11,10,4,true,\"b\",\"N\",false,true,\",\",0,0,1008,\"regprocin\",\"regprocout\",\"regprocrecv\",\"regprocsend\",\"-\",\"-\",\"-\",\"i\",\"p\",false,0,-1,0,0,\"NULL\",\"NULL\",\"NULL\"]", "vclock": {"node1":82}}
2026-02-28T15:02:24.059+0300	INFO	logger/zap_logger.go:76	[SynchronizerVClock] Loaded key	{"key": "testdb:pg_catalog:pg_type:row:25:", "value": "[25,\"text\",11,10,-1,false,\"b\",\"S\",true,true,\",\",0,0,1009,\"textin\",\"textout\",\"textrecv\",\"textsend\",\"texttypmodin\",\"texttypmodout\",\"textanalyze\",\"i\",\"e\",false,0,-1,0,0,\"NULL\",\"NULL\",\"NULL\"]", "vclock": {"node1":83}}
2026-02-28T15:02:24.059+0300	INFO	logger/zap_logger.go:76	[SynchronizerVClock] Loaded key	{"key": "testdb:pg_catalog:pg_type:row:700:", "value": "[700,\"float4\",11,10,4,true,\"b\",\"N\",false,true,\",\",0,0,1021,\"float4in\",\"float4out\",\"float4recv\",\"float4send\",\"-\",\"-\",\"-\",\"i\",\"p\",false,0,-1,0,0,\"NULL\",\"NULL\",\"NULL\"]", "vclock": {"node1":84}}
2026-02-28T15:02:24.059+0300	INFO	logger/zap_logger.go:76	[SynchronizerVClock] Loaded key	{"key": "testdb:pg_catalog:pg_type:row:1082:", "value": "[1082,\"date\",11,10,4,true,\"b\",\"D\",false,true,\",\",0,0,1182,\"date_in\",\"date_out\",\"date_recv\",\"date_send\",\"-\",\"-\",\"-\",\"i\",\"p\",false,0,-1,0,0,\"NULL\",\"NULL\",\"NULL\"]", "vclock": {"node1":85}}
2026-02-28T15:02:24.060+0300	INFO	logger/zap_logger.go:76	[SynchronizerVClock] Loaded key	{"key": "testdb:pg_catalog:pg_type:row:1083:", "value": "[1083,\"time\",11,10,8,true,\"b\",\"D\",false,true,\",\",0,0,1183,\"time_in\",\"time_out\",\"time_recv\",\"time_send\",\"timetypmodin\",\"timetypmodout\",\"-\",\"d\",\"p\",false,0,-1,0,0,\"NULL\",\"NULL\",\"NULL\"]", "vclock": {"node1":86}}
2026-02-28T15:02:24.060+0300	INFO	logger/zap_logger.go:76	[SynchronizerVClock] Loaded key	{"key": "testdb:pg_catalog:pg_type:row:2950:", "value": "[2950,\"uuid\",11,10,16,false,\"b\",\"U\",false,true,\",\",0,0,2951,\"uuid_in\",\"uuid_out\",\"uuid_recv\",\"uuid_send\",\"-\",\"-\",\"-\",\"c\",\"p\",false,0,-1,0,0,\"NULL\",\"NULL\",\"NULL\"]", "vclock": {"node1":87}}
2026-02-28T15:02:24.060+0300	INFO	logger/zap_logger.go:76	[SynchronizerVClock] Loaded key	{"key": "testdb:pg_catalog:pg_type:row:3802:", "value": "[3802,\"jsonb\",11,10,-1,false,\"b\",\"U\",false,true,\",\",0,0,3807,\"jsonb_in\",\"jsonb_out\",\"jsonb_recv\",\"jsonb_send\",\"-\",\"-\",\"-\",\"i\",\"e\",false,0,-1,0,0,\"NULL\",\"NULL\",\"NULL\"]", "vclock": {"node1":88}}
2026-02-28T15:02:24.060+0300	INFO	logger/zap_logger.go:76	[SynchronizerVClock] Loaded key	{"key": "testdb:pg_catalog:pg_type:row:16:", "value": "[16,\"bool\",11,10,1,true,\"b\",\"B\",true,true,\",\",0,0,1000,\"boolin\",\"boolout\",\"boolrecv\",\"boolsend\",\"booltypmodin\",\"booltypmodout\",\"boolanalyze\",\"c\",\"p\",false,0,-1,0,0,\"NULL\",\"NULL\",\"NULL\"]", "vclock": {"node1":89}}
2026-02-28T15:02:24.060+0300	INFO	logger/zap_logger.go:76	[SynchronizerVClock] Loaded key	{"key": "testdb:pg_catalog:pg_type:row:18:", "value": "[18,\"char\",11,10,1,true,\"b\",\"Z\",false,true,\",\",0,0,1002,\"charin\",\"charout\",\"charrecv\",\"charsend\",\"-\",\"-\",\"-\",\"c\",\"p\",false,0,-1,0,0,\"NULL\",\"NULL\",\"NULL\"]", "vclock": {"node1":90}}
2026-02-28T15:02:24.060+0300	INFO	logger/zap_logger.go:76	[SynchronizerVClock] Loaded key	{"key": "testdb:pg_catalog:pg_type:row:20:", "value": "[20,\"int8\",11,10,8,true,\"b\",\"N\",false,true,\",\",0,0,1016,\"int8in\",\"int8out\",\"int8recv\",\"int8send\",\"-\",\"-\",\"-\",\"d\",\"p\",false,0,-1,0,0,\"NULL\",\"NULL\",\"NULL\"]", "vclock": {"node1":91}}
2026-02-28T15:02:24.060+0300	INFO	logger/zap_logger.go:76	[SynchronizerVClock] Loaded key	{"key": "testdb:pg_catalog:pg_type:row:701:", "value": "[701,\"float8\",11,10,8,true,\"b\",\"N\",true,true,\",\",0,0,1022,\"float8in\",\"float8out\",\"float8recv\",\"float8send\",\"-\",\"-\",\"-\",\"d\",\"p\",false,0,-1,0,0,\"NULL\",\"NULL\",\"NULL\"]", "vclock": {"node1":92}}
2026-02-28T15:02:24.060+0300	INFO	logger/zap_logger.go:76	[SynchronizerVClock] Loaded key	{"key": "testdb:pg_catalog:pg_type:row:1043:", "value": "[1043,\"varchar\",11,10,-1,false,\"b\",\"S\",false,true,\",\",0,0,1015,\"varcharin\",\"varcharout\",\"varcharrecv\",\"varcharsend\",\"varchartypmodin\",\"varchartypmodout\",\"-\",\"i\",\"e\",false,0,-1,0,100,\"NULL\",\"NULL\",\"NULL\"]", "vclock": {"node1":93}}
2026-02-28T15:02:24.060+0300	INFO	logger/zap_logger.go:76	[SynchronizerVClock] Loaded key	{"key": "testdb:pg_catalog:pg_type:row:114:", "value": "[114,\"json\",11,10,-1,false,\"b\",\"U\",false,true,\",\",0,0,199,\"json_in\",\"json_out\",\"json_recv\",\"json_send\",\"-\",\"-\",\"-\",\"i\",\"e\",false,0,-1,0,0,\"NULL\",\"NULL\",\"NULL\"]", "vclock": {"node1":94}}
2026-02-28T15:02:24.060+0300	INFO	logger/zap_logger.go:76	[SynchronizerVClock] Loaded key	{"key": "testdb:pg_catalog:pg_type:row:100001:", "value": "[100001,\"positive_int\",11,10,4,true,\"d\",\"N\",false,true,\",\",0,0,0,\"int4in\",\"int4out\",\"int4recv\",\"int4send\",\"-\",\"-\",\"-\",\"i\",\"p\",false,23,-1,0,0,\"NULL\",\"NULL\",\"NULL\"]", "vclock": {"node1":95}}
2026-02-28T15:02:24.060+0300	INFO	logger/zap_logger.go:76	[SynchronizerVClock] Loaded key	{"key": "testdb:pg_catalog:pg_type:row:100002:", "value": "[100002,\"email_address\",11,10,-1,false,\"d\",\"S\",false,true,\",\",0,0,0,\"textin\",\"textout\",\"textrecv\",\"textsend\",\"-\",\"-\",\"-\",\"i\",\"e\",false,25,-1,0,0,\"NULL\",\"NULL\",\"NULL\"]", "vclock": {"node1":96}}
2026-02-28T15:02:24.060+0300	DEBUG	logger/zap_logger.go:96	DEBUG: Parsed statement type: INSERT

2026-02-28T15:02:24.060+0300	DEBUG	logger/zap_logger.go:96	DEBUG: Insert into pg_catalog.pg_namespace: [[11 pg_catalog 10 NULL] [12 public 10 NULL]]

2026-02-28T15:02:24.060+0300	DEBUG	logger/zap_logger.go:71	DEBUG: Table metadata:	{"meta": {"Name":"pg_catalog.pg_namespace","Columns":{"nspacl":{"Type":0,"IsNullable":true,"DefaultValue":null,"IsSerial":false,"IsUnique":false,"Idx":4},"nspname":{"Type":0,"IsNullable":true,"DefaultValue":null,"IsSerial":false,"IsUnique":false,"Idx":2},"nspowner":{"Type":1,"IsNullable":true,"DefaultValue":null,"IsSerial":false,"IsUnique":false,"Idx":3},"oid":{"Type":1,"IsNullable":false,"DefaultValue":null,"IsSerial":false,"IsUnique":false,"Idx":1}},"PrimaryKeys":[1]}}
2026-02-28T15:02:24.060+0300	INFO	logger/zap_logger.go:76	[SynchronizerVClock] Loaded key	{"key": "testdb:pg_catalog:pg_type:row:21:", "value": "[21,\"int2\",11,10,2,true,\"b\",\"N\",false,true,\",\",0,0,1005,\"int2in\",\"int2out\",\"int2recv\",\"int2send\",\"-\",\"-\",\"-\",\"s\",\"p\",false,0,-1,0,0,\"NULL\",\"NULL\",\"NULL\"]", "vclock": {"node1":97}}
2026-02-28T15:02:24.060+0300	DEBUG	logger/zap_logger.go:71	DEBUG: Saved row: 	{"rowKey": "testdb:pg_catalog:pg_namespace:row:11:", "rowData": "[11,\"pg_catalog\",10,\"NULL\"]"}
2026-02-28T15:02:24.060+0300	INFO	logger/zap_logger.go:76	[SynchronizerVClock] Loaded key	{"key": "testdb:pg_catalog:pg_type:row:23:", "value": "[23,\"int4\",11,10,4,true,\"b\",\"N\",true,true,\",\",0,0,1007,\"int4in\",\"int4out\",\"int4recv\",\"int4send\",\"int4typmodin\",\"int4typmodout\",\"int4analyze\",\"i\",\"p\",false,0,-1,0,0,\"NULL\",\"NULL\",\"NULL\"]", "vclock": {"node1":98}}
2026-02-28T15:02:24.060+0300	INFO	logger/zap_logger.go:76	[SynchronizerVClock] Loaded key	{"key": "testdb:pg_catalog:pg_type:row:26:", "value": "[26,\"oid\",11,10,4,true,\"b\",\"N\",true,true,\",\",0,0,1028,\"oidin\",\"oidout\",\"oidrecv\",\"oidsend\",\"-\",\"-\",\"-\",\"i\",\"p\",false,0,-1,0,0,\"NULL\",\"NULL\",\"NULL\"]", "vclock": {"node1":99}}
2026-02-28T15:02:24.060+0300	INFO	logger/zap_logger.go:76	[SynchronizerVClock] Loaded key	{"key": "testdb:pg_catalog:pg_type:row:1700:", "value": "[1700,\"numeric\",11,10,-1,false,\"b\",\"N\",false,true,\",\",0,0,1231,\"numeric_in\",\"numeric_out\",\"numeric_recv\",\"numeric_send\",\"numerictypmodin\",\"numerictypmodout\",\"-\",\"i\",\"m\",false,0,-1,0,0,\"NULL\",\"NULL\",\"NULL\"]", "vclock": {"node1":100}}
2026-02-28T15:02:24.060+0300	DEBUG	logger/zap_logger.go:71	DEBUG: Saved row: 	{"rowKey": "testdb:pg_catalog:pg_namespace:row:12:", "rowData": "[12,\"public\",10,\"NULL\"]"}
2026-02-28T15:02:24.060+0300	INFO	logger/zap_logger.go:76	[SynchronizerVClock] Loaded key	{"key": "testdb:pg_catalog:pg_type:row:1042:", "value": "[1042,\"bpchar\",11,10,-1,false,\"b\",\"S\",false,true,\",\",0,0,1014,\"bpcharin\",\"bpcharout\",\"bpcharrecv\",\"bpcharsend\",\"bpchartypmodin\",\"bpchartypmodout\",\"-\",\"i\",\"e\",false,0,-1,0,100,\"NULL\",\"NULL\",\"NULL\"]", "vclock": {"node1":101}}
2026-02-28T15:02:24.060+0300	DEBUG	logger/zap_logger.go:96	Executing: 

CREATE TABLE IF NOT EXISTS pg_catalog.pg_database (
    oid INT,
    datname TEXT,
    datdba INT,
    encoding INT,
    datcollate TEXT,
    datctype TEXT,
    datistemplate BOOLEAN,
    datallowconn BOOLEAN,
    datconnlimit INT,
    datlastsysoid INT,
    datfrozenxid INT,
    datminmxid INT,
    dattablespace INT,
    datacl TEXT,
    PRIMARY KEY (oid)
)
2026-02-28T15:02:24.060+0300	INFO	logger/zap_logger.go:76	[SynchronizerVClock] Loaded key	{"key": "testdb:pg_catalog:pg_type:row:19:", "value": "[19,\"name\",11,10,64,false,\"b\",\"S\",false,true,\",\",0,0,1003,\"namein\",\"nameout\",\"namerecv\",\"namesend\",\"-\",\"-\",\"-\",\"c\",\"p\",false,0,-1,0,950,\"NULL\",\"NULL\",\"NULL\"]", "vclock": {"node1":102}}
2026-02-28T15:02:24.060+0300	INFO	logger/zap_logger.go:76	[SynchronizerVClock] Loaded key	{"key": "testdb:pg_catalog:pg_type:row:1114:", "value": "[1114,\"timestamp\",11,10,8,true,\"b\",\"D\",false,true,\",\",0,0,1115,\"timestamp_in\",\"timestamp_out\",\"timestamp_recv\",\"timestamp_send\",\"timestamptypmodin\",\"timestamptypmodout\",\"-\",\"d\",\"p\",false,0,-1,0,0,\"NULL\",\"NULL\",\"NULL\"]", "vclock": {"node1":103}}
2026-02-28T15:02:24.060+0300	INFO	logger/zap_logger.go:76	[SynchronizerVClock] Loaded key	{"key": "testdb:pg_catalog:pg_type:row:1184:", "value": "[1184,\"timestamptz\",11,10,8,true,\"b\",\"D\",true,true,\",\",0,0,1185,\"timestamptz_in\",\"timestamptz_out\",\"timestamptz_recv\",\"timestamptz_send\",\"timestamptztypmodin\",\"timestamptztypmodout\",\"-\",\"d\",\"p\",false,0,-1,0,0,\"NULL\",\"NULL\",\"NULL\"]", "vclock": {"node1":104}}
2026-02-28T15:02:24.060+0300	INFO	logger/zap_logger.go:76	[SynchronizerVClock] Loaded key	{"key": "testdb:pg_catalog:pg_type:row:100003:", "value": "[100003,\"us_postal_code\",11,10,-1,false,\"d\",\"S\",false,true,\",\",0,0,0,\"textin\",\"textout\",\"textrecv\",\"textsend\",\"-\",\"-\",\"-\",\"i\",\"e\",false,25,-1,0,0,\"NULL\",\"NULL\",\"NULL\"]", "vclock": {"node1":105}}
2026-02-28T15:02:24.060+0300	INFO	logger/zap_logger.go:76	[SynchronizerVClock] Loaded key	{"key": "schema:testdb:pg_catalog:pg_namespace:", "value": "{\"Name\":\"pg_catalog.pg_namespace\",\"Columns\":{\"nspacl\":{\"Type\":0,\"IsNullable\":true,\"DefaultValue\":null,\"IsSerial\":false,\"IsUnique\":false,\"Idx\":4},\"nspname\":{\"Type\":0,\"IsNullable\":true,\"DefaultValue\":null,\"IsSerial\":false,\"IsUnique\":false,\"Idx\":2},\"nspowner\":{\"Type\":1,\"IsNullable\":true,\"DefaultValue\":null,\"IsSerial\":false,\"IsUnique\":false,\"Idx\":3},\"oid\":{\"Type\":1,\"IsNullable\":false,\"DefaultValue\":null,\"IsSerial\":false,\"IsUnique\":false,\"Idx\":1}},\"PrimaryKeys\":[1]}", "vclock": {"node1":106}}
2026-02-28T15:02:24.060+0300	DEBUG	logger/zap_logger.go:96	DEBUG: Parsed statement type: CREATE_TABLE

2026-02-28T15:02:24.060+0300	INFO	logger/zap_logger.go:76	[SynchronizerVClock] Loaded key	{"key": "testdb:pg_catalog:pg_namespace:row:11:", "value": "[11,\"pg_catalog\",10,\"NULL\"]", "vclock": {"node1":107}}
2026-02-28T15:02:24.060+0300	DEBUG	logger/zap_logger.go:96	Executing: 

INSERT INTO pg_catalog.pg_database (oid, datname, datdba, encoding, datcollate, datctype, datistemplate, datallowconn, datconnlimit, datlastsysoid, datfrozenxid, datminmxid, dattablespace, datacl) VALUES
(1, 'postgres', 10, 6, 'en_US.UTF-8', 'en_US.UTF-8', FALSE, TRUE, -1, 0, 0, 0, 1663, NULL)
2026-02-28T15:02:24.060+0300	INFO	logger/zap_logger.go:76	[SynchronizerVClock] Loaded key	{"key": "testdb:pg_catalog:pg_namespace:row:12:", "value": "[12,\"public\",10,\"NULL\"]", "vclock": {"node1":108}}
2026-02-28T15:02:24.060+0300	INFO	logger/zap_logger.go:76	[SynchronizerVClock] Loaded key	{"key": "schema:testdb:pg_catalog:pg_database:", "value": "{\"Name\":\"pg_catalog.pg_database\",\"Columns\":{\"datacl\":{\"Type\":0,\"IsNullable\":true,\"DefaultValue\":null,\"IsSerial\":false,\"IsUnique\":false,\"Idx\":14},\"datallowconn\":{\"Type\":0,\"IsNullable\":true,\"DefaultValue\":null,\"IsSerial\":false,\"IsUnique\":false,\"Idx\":8},\"datcollate\":{\"Type\":0,\"IsNullable\":true,\"DefaultValue\":null,\"IsSerial\":false,\"IsUnique\":false,\"Idx\":5},\"datconnlimit\":{\"Type\":1,\"IsNullable\":true,\"DefaultValue\":null,\"IsSerial\":false,\"IsUnique\":false,\"Idx\":9},\"datctype\":{\"Type\":0,\"IsNullable\":true,\"DefaultValue\":null,\"IsSerial\":false,\"IsUnique\":false,\"Idx\":6},\"datdba\":{\"Type\":1,\"IsNullable\":true,\"DefaultValue\":null,\"IsSerial\":false,\"IsUnique\":false,\"Idx\":3},\"datfrozenxid\":{\"Type\":1,\"IsNullable\":true,\"DefaultValue\":null,\"IsSerial\":false,\"IsUnique\":false,\"Idx\":11},\"datistemplate\":{\"Type\":0,\"IsNullable\":true,\"DefaultValue\":null,\"IsSerial\":false,\"IsUnique\":false,\"Idx\":7},\"datlastsysoid\":{\"Type\":1,\"IsNullable\":true,\"DefaultValue\":null,\"IsSerial\":false,\"IsUnique\":false,\"Idx\":10},\"datminmxid\":{\"Type\":1,\"IsNullable\":true,\"DefaultValue\":null,\"IsSerial\":false,\"IsUnique\":false,\"Idx\":12},\"datname\":{\"Type\":0,\"IsNullable\":true,\"DefaultValue\":null,\"IsSerial\":false,\"IsUnique\":false,\"Idx\":2},\"dattablespace\":{\"Type\":1,\"IsNullable\":true,\"DefaultValue\":null,\"IsSerial\":false,\"IsUnique\":false,\"Idx\":13},\"encoding\":{\"Type\":1,\"IsNullable\":true,\"DefaultValue\":null,\"IsSerial\":false,\"IsUnique\":false,\"Idx\":4},\"oid\":{\"Type\":1,\"IsNullable\":false,\"DefaultValue\":null,\"IsSerial\":false,\"IsUnique\":false,\"Idx\":1}},\"PrimaryKeys\":[1]}", "vclock": {"node1":109}}
2026-02-28T15:02:24.060+0300	DEBUG	logger/zap_logger.go:96	DEBUG: Parsed statement type: INSERT

2026-02-28T15:02:24.060+0300	DEBUG	logger/zap_logger.go:96	DEBUG: Insert into pg_catalog.pg_database: [[1 postgres 10 6 en_US.UTF-8 en_US.UTF-8 false true -1 0 0 0 1663 NULL]]

2026-02-28T15:02:24.060+0300	DEBUG	logger/zap_logger.go:71	DEBUG: Table metadata:	{"meta": {"Name":"pg_catalog.pg_database","Columns":{"datacl":{"Type":0,"IsNullable":true,"DefaultValue":null,"IsSerial":false,"IsUnique":false,"Idx":14},"datallowconn":{"Type":0,"IsNullable":true,"DefaultValue":null,"IsSerial":false,"IsUnique":false,"Idx":8},"datcollate":{"Type":0,"IsNullable":true,"DefaultValue":null,"IsSerial":false,"IsUnique":false,"Idx":5},"datconnlimit":{"Type":1,"IsNullable":true,"DefaultValue":null,"IsSerial":false,"IsUnique":false,"Idx":9},"datctype":{"Type":0,"IsNullable":true,"DefaultValue":null,"IsSerial":false,"IsUnique":false,"Idx":6},"datdba":{"Type":1,"IsNullable":true,"DefaultValue":null,"IsSerial":false,"IsUnique":false,"Idx":3},"datfrozenxid":{"Type":1,"IsNullable":true,"DefaultValue":null,"IsSerial":false,"IsUnique":false,"Idx":11},"datistemplate":{"Type":0,"IsNullable":true,"DefaultValue":null,"IsSerial":false,"IsUnique":false,"Idx":7},"datlastsysoid":{"Type":1,"IsNullable":true,"DefaultValue":null,"IsSerial":false,"IsUnique":false,"Idx":10},"datminmxid":{"Type":1,"IsNullable":true,"DefaultValue":null,"IsSerial":false,"IsUnique":false,"Idx":12},"datname":{"Type":0,"IsNullable":true,"DefaultValue":null,"IsSerial":false,"IsUnique":false,"Idx":2},"dattablespace":{"Type":1,"IsNullable":true,"DefaultValue":null,"IsSerial":false,"IsUnique":false,"Idx":13},"encoding":{"Type":1,"IsNullable":true,"DefaultValue":null,"IsSerial":false,"IsUnique":false,"Idx":4},"oid":{"Type":1,"IsNullable":false,"DefaultValue":null,"IsSerial":false,"IsUnique":false,"Idx":1}},"PrimaryKeys":[1]}}
2026-02-28T15:02:24.060+0300	DEBUG	logger/zap_logger.go:71	DEBUG: Saved row: 	{"rowKey": "testdb:pg_catalog:pg_database:row:1:", "rowData": "[1,\"postgres\",10,6,\"en_US.UTF-8\",\"en_US.UTF-8\",false,true,-1,0,0,0,1663,\"NULL\"]"}
2026-02-28T15:02:24.060+0300	DEBUG	logger/zap_logger.go:96	Executing: 

CREATE TABLE IF NOT EXISTS pg_catalog.pg_tablespace (
    oid INT,
    spcname TEXT,
    spcowner INT,
    spcacl TEXT,
    spcoptions TEXT,
    PRIMARY KEY (oid)
)
2026-02-28T15:02:24.060+0300	INFO	logger/zap_logger.go:76	[SynchronizerVClock] Loaded key	{"key": "testdb:pg_catalog:pg_database:row:1:", "value": "[1,\"postgres\",10,6,\"en_US.UTF-8\",\"en_US.UTF-8\",false,true,-1,0,0,0,1663,\"NULL\"]", "vclock": {"node1":110}}
2026-02-28T15:02:24.060+0300	DEBUG	logger/zap_logger.go:96	DEBUG: Parsed statement type: CREATE_TABLE

2026-02-28T15:02:24.060+0300	DEBUG	logger/zap_logger.go:96	Executing: 

INSERT INTO pg_catalog.pg_tablespace (oid, spcname, spcowner, spcacl, spcoptions) VALUES
(1663, 'pg_default', 10, NULL, NULL),
(1664, 'pg_global', 10, NULL, NULL)
2026-02-28T15:02:24.060+0300	INFO	logger/zap_logger.go:76	[SynchronizerVClock] Loaded key	{"key": "schema:testdb:pg_catalog:pg_tablespace:", "value": "{\"Name\":\"pg_catalog.pg_tablespace\",\"Columns\":{\"oid\":{\"Type\":1,\"IsNullable\":false,\"DefaultValue\":null,\"IsSerial\":false,\"IsUnique\":false,\"Idx\":1},\"spcacl\":{\"Type\":0,\"IsNullable\":true,\"DefaultValue\":null,\"IsSerial\":false,\"IsUnique\":false,\"Idx\":4},\"spcname\":{\"Type\":0,\"IsNullable\":true,\"DefaultValue\":null,\"IsSerial\":false,\"IsUnique\":false,\"Idx\":2},\"spcoptions\":{\"Type\":0,\"IsNullable\":true,\"DefaultValue\":null,\"IsSerial\":false,\"IsUnique\":false,\"Idx\":5},\"spcowner\":{\"Type\":1,\"IsNullable\":true,\"DefaultValue\":null,\"IsSerial\":false,\"IsUnique\":false,\"Idx\":3}},\"PrimaryKeys\":[1]}", "vclock": {"node1":111}}
2026-02-28T15:02:24.060+0300	DEBUG	logger/zap_logger.go:96	DEBUG: Parsed statement type: INSERT

2026-02-28T15:02:24.060+0300	DEBUG	logger/zap_logger.go:96	DEBUG: Insert into pg_catalog.pg_tablespace: [[1663 pg_default 10 NULL NULL] [1664 pg_global 10 NULL NULL]]

2026-02-28T15:02:24.060+0300	DEBUG	logger/zap_logger.go:71	DEBUG: Table metadata:	{"meta": {"Name":"pg_catalog.pg_tablespace","Columns":{"oid":{"Type":1,"IsNullable":false,"DefaultValue":null,"IsSerial":false,"IsUnique":false,"Idx":1},"spcacl":{"Type":0,"IsNullable":true,"DefaultValue":null,"IsSerial":false,"IsUnique":false,"Idx":4},"spcname":{"Type":0,"IsNullable":true,"DefaultValue":null,"IsSerial":false,"IsUnique":false,"Idx":2},"spcoptions":{"Type":0,"IsNullable":true,"DefaultValue":null,"IsSerial":false,"IsUnique":false,"Idx":5},"spcowner":{"Type":1,"IsNullable":true,"DefaultValue":null,"IsSerial":false,"IsUnique":false,"Idx":3}},"PrimaryKeys":[1]}}
2026-02-28T15:02:24.060+0300	DEBUG	logger/zap_logger.go:71	DEBUG: Saved row: 	{"rowKey": "testdb:pg_catalog:pg_tablespace:row:1663:", "rowData": "[1663,\"pg_default\",10,\"NULL\",\"NULL\"]"}
2026-02-28T15:02:24.061+0300	DEBUG	logger/zap_logger.go:71	DEBUG: Saved row: 	{"rowKey": "testdb:pg_catalog:pg_tablespace:row:1664:", "rowData": "[1664,\"pg_global\",10,\"NULL\",\"NULL\"]"}
2026-02-28T15:02:24.061+0300	INFO	logger/zap_logger.go:76	[SynchronizerVClock] Loaded key	{"key": "testdb:pg_catalog:pg_tablespace:row:1664:", "value": "[1664,\"pg_global\",10,\"NULL\",\"NULL\"]", "vclock": {"node1":112}}
2026-02-28T15:02:24.061+0300	DEBUG	logger/zap_logger.go:96	Executing: 

CREATE TABLE IF NOT EXISTS pg_catalog.pg_roles (
    oid INT,
    rolname TEXT,
    rolsuper BOOLEAN,
    rolinherit BOOLEAN,
    rolcreaterole BOOLEAN,
    rolcreatedb BOOLEAN,
    rolcanlogin BOOLEAN,
    rolreplication BOOLEAN,
    rolconnlimit INT,
    rolpassword TEXT,
    rolvaliduntil TEXT,
    rolbypassrls BOOLEAN,
    rolconfig TEXT,
    PRIMARY KEY (oid)
)
2026-02-28T15:02:24.061+0300	INFO	logger/zap_logger.go:76	[SynchronizerVClock] Loaded key	{"key": "testdb:pg_catalog:pg_tablespace:row:1663:", "value": "[1663,\"pg_default\",10,\"NULL\",\"NULL\"]", "vclock": {"node1":113}}
2026-02-28T15:02:24.061+0300	DEBUG	logger/zap_logger.go:96	DEBUG: Parsed statement type: CREATE_TABLE

2026-02-28T15:02:24.061+0300	DEBUG	logger/zap_logger.go:96	Executing: 

INSERT INTO pg_catalog.pg_roles (oid, rolname, rolsuper, rolinherit, rolcreaterole, rolcreatedb, rolcanlogin, rolreplication, rolconnlimit, rolpassword, rolvaliduntil, rolbypassrls, rolconfig) VALUES
(10, 'system', TRUE, TRUE, TRUE, TRUE, TRUE, TRUE, -1, NULL, NULL, FALSE, NULL),
(11, 'user1', FALSE, TRUE, FALSE, TRUE, TRUE, FALSE, -1, NULL, NULL, FALSE, NULL)
2026-02-28T15:02:24.061+0300	INFO	logger/zap_logger.go:76	[SynchronizerVClock] Loaded key	{"key": "schema:testdb:pg_catalog:pg_roles:", "value": "{\"Name\":\"pg_catalog.pg_roles\",\"Columns\":{\"oid\":{\"Type\":1,\"IsNullable\":false,\"DefaultValue\":null,\"IsSerial\":false,\"IsUnique\":false,\"Idx\":1},\"rolbypassrls\":{\"Type\":0,\"IsNullable\":true,\"DefaultValue\":null,\"IsSerial\":false,\"IsUnique\":false,\"Idx\":12},\"rolcanlogin\":{\"Type\":0,\"IsNullable\":true,\"DefaultValue\":null,\"IsSerial\":false,\"IsUnique\":false,\"Idx\":7},\"rolconfig\":{\"Type\":0,\"IsNullable\":true,\"DefaultValue\":null,\"IsSerial\":false,\"IsUnique\":false,\"Idx\":13},\"rolconnlimit\":{\"Type\":1,\"IsNullable\":true,\"DefaultValue\":null,\"IsSerial\":false,\"IsUnique\":false,\"Idx\":9},\"rolcreatedb\":{\"Type\":0,\"IsNullable\":true,\"DefaultValue\":null,\"IsSerial\":false,\"IsUnique\":false,\"Idx\":6},\"rolcreaterole\":{\"Type\":0,\"IsNullable\":true,\"DefaultValue\":null,\"IsSerial\":false,\"IsUnique\":false,\"Idx\":5},\"rolinherit\":{\"Type\":0,\"IsNullable\":true,\"DefaultValue\":null,\"IsSerial\":false,\"IsUnique\":false,\"Idx\":4},\"rolname\":{\"Type\":0,\"IsNullable\":true,\"DefaultValue\":null,\"IsSerial\":false,\"IsUnique\":false,\"Idx\":2},\"rolpassword\":{\"Type\":0,\"IsNullable\":true,\"DefaultValue\":null,\"IsSerial\":false,\"IsUnique\":false,\"Idx\":10},\"rolreplication\":{\"Type\":0,\"IsNullable\":true,\"DefaultValue\":null,\"IsSerial\":false,\"IsUnique\":false,\"Idx\":8},\"rolsuper\":{\"Type\":0,\"IsNullable\":true,\"DefaultValue\":null,\"IsSerial\":false,\"IsUnique\":false,\"Idx\":3},\"rolvaliduntil\":{\"Type\":0,\"IsNullable\":true,\"DefaultValue\":null,\"IsSerial\":false,\"IsUnique\":false,\"Idx\":11}},\"PrimaryKeys\":[1]}", "vclock": {"node1":114}}
2026-02-28T15:02:24.061+0300	DEBUG	logger/zap_logger.go:96	DEBUG: Parsed statement type: INSERT

2026-02-28T15:02:24.061+0300	DEBUG	logger/zap_logger.go:96	DEBUG: Insert into pg_catalog.pg_roles: [[10 system true true true true true true -1 NULL NULL false NULL] [11 user1 false true false true true false -1 NULL NULL false NULL]]

2026-02-28T15:02:24.061+0300	DEBUG	logger/zap_logger.go:71	DEBUG: Table metadata:	{"meta": {"Name":"pg_catalog.pg_roles","Columns":{"oid":{"Type":1,"IsNullable":false,"DefaultValue":null,"IsSerial":false,"IsUnique":false,"Idx":1},"rolbypassrls":{"Type":0,"IsNullable":true,"DefaultValue":null,"IsSerial":false,"IsUnique":false,"Idx":12},"rolcanlogin":{"Type":0,"IsNullable":true,"DefaultValue":null,"IsSerial":false,"IsUnique":false,"Idx":7},"rolconfig":{"Type":0,"IsNullable":true,"DefaultValue":null,"IsSerial":false,"IsUnique":false,"Idx":13},"rolconnlimit":{"Type":1,"IsNullable":true,"DefaultValue":null,"IsSerial":false,"IsUnique":false,"Idx":9},"rolcreatedb":{"Type":0,"IsNullable":true,"DefaultValue":null,"IsSerial":false,"IsUnique":false,"Idx":6},"rolcreaterole":{"Type":0,"IsNullable":true,"DefaultValue":null,"IsSerial":false,"IsUnique":false,"Idx":5},"rolinherit":{"Type":0,"IsNullable":true,"DefaultValue":null,"IsSerial":false,"IsUnique":false,"Idx":4},"rolname":{"Type":0,"IsNullable":true,"DefaultValue":null,"IsSerial":false,"IsUnique":false,"Idx":2},"rolpassword":{"Type":0,"IsNullable":true,"DefaultValue":null,"IsSerial":false,"IsUnique":false,"Idx":10},"rolreplication":{"Type":0,"IsNullable":true,"DefaultValue":null,"IsSerial":false,"IsUnique":false,"Idx":8},"rolsuper":{"Type":0,"IsNullable":true,"DefaultValue":null,"IsSerial":false,"IsUnique":false,"Idx":3},"rolvaliduntil":{"Type":0,"IsNullable":true,"DefaultValue":null,"IsSerial":false,"IsUnique":false,"Idx":11}},"PrimaryKeys":[1]}}
2026-02-28T15:02:24.061+0300	DEBUG	logger/zap_logger.go:71	DEBUG: Saved row: 	{"rowKey": "testdb:pg_catalog:pg_roles:row:10:", "rowData": "[10,\"system\",true,true,true,true,true,true,-1,\"NULL\",\"NULL\",false,\"NULL\"]"}
2026-02-28T15:02:24.061+0300	DEBUG	logger/zap_logger.go:71	DEBUG: Saved row: 	{"rowKey": "testdb:pg_catalog:pg_roles:row:11:", "rowData": "[11,\"user1\",false,true,false,true,true,false,-1,\"NULL\",\"NULL\",false,\"NULL\"]"}
2026-02-28T15:02:24.061+0300	INFO	logger/zap_logger.go:76	[SynchronizerVClock] Loaded key	{"key": "testdb:pg_catalog:pg_roles:row:10:", "value": "[10,\"system\",true,true,true,true,true,true,-1,\"NULL\",\"NULL\",false,\"NULL\"]", "vclock": {"node1":115}}
2026-02-28T15:02:24.061+0300	DEBUG	logger/zap_logger.go:96	Executing: 

CREATE TABLE IF NOT EXISTS pg_catalog.pg_stat_ssl (
    pid INT,
    ssl BOOLEAN,
    version TEXT,
    cipher TEXT,
    bits INT,
    compression BOOLEAN,
    clientdn TEXT,
    PRIMARY KEY (pid)
)
2026-02-28T15:02:24.061+0300	INFO	logger/zap_logger.go:76	[SynchronizerVClock] Loaded key	{"key": "testdb:pg_catalog:pg_roles:row:11:", "value": "[11,\"user1\",false,true,false,true,true,false,-1,\"NULL\",\"NULL\",false,\"NULL\"]", "vclock": {"node1":116}}
2026-02-28T15:02:24.062+0300	DEBUG	logger/zap_logger.go:96	DEBUG: Parsed statement type: CREATE_TABLE

2026-02-28T15:02:24.062+0300	DEBUG	logger/zap_logger.go:96	Executing: 

INSERT INTO pg_catalog.pg_stat_ssl (pid, ssl, version, cipher, bits, compression, clientdn) VALUES
(12345, TRUE, 'TLSv1.3', 'TLS_AES_256_GCM_SHA384', 256, FALSE, 'CN=client,O=example,C=US')
2026-02-28T15:02:24.062+0300	INFO	logger/zap_logger.go:76	[SynchronizerVClock] Loaded key	{"key": "schema:testdb:pg_catalog:pg_stat_ssl:", "value": "{\"Name\":\"pg_catalog.pg_stat_ssl\",\"Columns\":{\"bits\":{\"Type\":1,\"IsNullable\":true,\"DefaultValue\":null,\"IsSerial\":false,\"IsUnique\":false,\"Idx\":5},\"cipher\":{\"Type\":0,\"IsNullable\":true,\"DefaultValue\":null,\"IsSerial\":false,\"IsUnique\":false,\"Idx\":4},\"clientdn\":{\"Type\":0,\"IsNullable\":true,\"DefaultValue\":null,\"IsSerial\":false,\"IsUnique\":false,\"Idx\":7},\"compression\":{\"Type\":0,\"IsNullable\":true,\"DefaultValue\":null,\"IsSerial\":false,\"IsUnique\":false,\"Idx\":6},\"pid\":{\"Type\":1,\"IsNullable\":false,\"DefaultValue\":null,\"IsSerial\":false,\"IsUnique\":false,\"Idx\":1},\"ssl\":{\"Type\":0,\"IsNullable\":true,\"DefaultValue\":null,\"IsSerial\":false,\"IsUnique\":false,\"Idx\":2},\"version\":{\"Type\":0,\"IsNullable\":true,\"DefaultValue\":null,\"IsSerial\":false,\"IsUnique\":false,\"Idx\":3}},\"PrimaryKeys\":[1]}", "vclock": {"node1":117}}
2026-02-28T15:02:24.062+0300	DEBUG	logger/zap_logger.go:96	DEBUG: Parsed statement type: INSERT

2026-02-28T15:02:24.062+0300	DEBUG	logger/zap_logger.go:96	DEBUG: Insert into pg_catalog.pg_stat_ssl: [[12345 true TLSv1.3 TLS_AES_256_GCM_SHA384 256 false CN=client,O=example,C=US]]

2026-02-28T15:02:24.062+0300	DEBUG	logger/zap_logger.go:71	DEBUG: Table metadata:	{"meta": {"Name":"pg_catalog.pg_stat_ssl","Columns":{"bits":{"Type":1,"IsNullable":true,"DefaultValue":null,"IsSerial":false,"IsUnique":false,"Idx":5},"cipher":{"Type":0,"IsNullable":true,"DefaultValue":null,"IsSerial":false,"IsUnique":false,"Idx":4},"clientdn":{"Type":0,"IsNullable":true,"DefaultValue":null,"IsSerial":false,"IsUnique":false,"Idx":7},"compression":{"Type":0,"IsNullable":true,"DefaultValue":null,"IsSerial":false,"IsUnique":false,"Idx":6},"pid":{"Type":1,"IsNullable":false,"DefaultValue":null,"IsSerial":false,"IsUnique":false,"Idx":1},"ssl":{"Type":0,"IsNullable":true,"DefaultValue":null,"IsSerial":false,"IsUnique":false,"Idx":2},"version":{"Type":0,"IsNullable":true,"DefaultValue":null,"IsSerial":false,"IsUnique":false,"Idx":3}},"PrimaryKeys":[1]}}
2026-02-28T15:02:24.062+0300	DEBUG	logger/zap_logger.go:71	DEBUG: Saved row: 	{"rowKey": "testdb:pg_catalog:pg_stat_ssl:row:12345:", "rowData": "[12345,true,\"TLSv1.3\",\"TLS_AES_256_GCM_SHA384\",256,false,\"CN=client,O=example,C=US\"]"}
2026-02-28T15:02:24.062+0300	DEBUG	logger/zap_logger.go:96	Executing: 

CREATE TABLE IF NOT EXISTS pg_catalog.pg_shdescription (
    objoid INT,
    classoid INT,
    objsubid INT,
    description TEXT,
    PRIMARY KEY (objoid, classoid, objsubid)
)
2026-02-28T15:02:24.062+0300	INFO	logger/zap_logger.go:76	[SynchronizerVClock] Loaded key	{"key": "testdb:pg_catalog:pg_stat_ssl:row:12345:", "value": "[12345,true,\"TLSv1.3\",\"TLS_AES_256_GCM_SHA384\",256,false,\"CN=client,O=example,C=US\"]", "vclock": {"node1":118}}
2026-02-28T15:02:24.062+0300	DEBUG	logger/zap_logger.go:96	DEBUG: Parsed statement type: CREATE_TABLE

2026-02-28T15:02:24.062+0300	DEBUG	logger/zap_logger.go:96	Executing: 

INSERT INTO pg_catalog.pg_shdescription (objoid, classoid, objsubid, description) VALUES
(1, 1259, 0, 'Description for pg_tables table'),
(2, 1259, 0, 'Description for pg_columns table')
2026-02-28T15:02:24.062+0300	INFO	logger/zap_logger.go:76	[SynchronizerVClock] Loaded key	{"key": "schema:testdb:pg_catalog:pg_shdescription:", "value": "{\"Name\":\"pg_catalog.pg_shdescription\",\"Columns\":{\"classoid\":{\"Type\":1,\"IsNullable\":false,\"DefaultValue\":null,\"IsSerial\":false,\"IsUnique\":false,\"Idx\":2},\"description\":{\"Type\":0,\"IsNullable\":true,\"DefaultValue\":null,\"IsSerial\":false,\"IsUnique\":false,\"Idx\":4},\"objoid\":{\"Type\":1,\"IsNullable\":false,\"DefaultValue\":null,\"IsSerial\":false,\"IsUnique\":false,\"Idx\":1},\"objsubid\":{\"Type\":1,\"IsNullable\":false,\"DefaultValue\":null,\"IsSerial\":false,\"IsUnique\":false,\"Idx\":3}},\"PrimaryKeys\":[1,2,3]}", "vclock": {"node1":119}}
2026-02-28T15:02:24.062+0300	DEBUG	logger/zap_logger.go:96	DEBUG: Parsed statement type: INSERT

2026-02-28T15:02:24.062+0300	DEBUG	logger/zap_logger.go:96	DEBUG: Insert into pg_catalog.pg_shdescription: [[1 1259 0 Description for pg_tables table] [2 1259 0 Description for pg_columns table]]

2026-02-28T15:02:24.062+0300	DEBUG	logger/zap_logger.go:71	DEBUG: Table metadata:	{"meta": {"Name":"pg_catalog.pg_shdescription","Columns":{"classoid":{"Type":1,"IsNullable":false,"DefaultValue":null,"IsSerial":false,"IsUnique":false,"Idx":2},"description":{"Type":0,"IsNullable":true,"DefaultValue":null,"IsSerial":false,"IsUnique":false,"Idx":4},"objoid":{"Type":1,"IsNullable":false,"DefaultValue":null,"IsSerial":false,"IsUnique":false,"Idx":1},"objsubid":{"Type":1,"IsNullable":false,"DefaultValue":null,"IsSerial":false,"IsUnique":false,"Idx":3}},"PrimaryKeys":[1,2,3]}}
2026-02-28T15:02:24.062+0300	DEBUG	logger/zap_logger.go:71	DEBUG: Saved row: 	{"rowKey": "testdb:pg_catalog:pg_shdescription:row:112590:", "rowData": "[1,1259,0,\"Description for pg_tables table\"]"}
2026-02-28T15:02:24.062+0300	DEBUG	logger/zap_logger.go:71	DEBUG: Saved row: 	{"rowKey": "testdb:pg_catalog:pg_shdescription:row:212590:", "rowData": "[2,1259,0,\"Description for pg_columns table\"]"}
2026-02-28T15:02:24.062+0300	INFO	logger/zap_logger.go:76	[SynchronizerVClock] Loaded key	{"key": "testdb:pg_catalog:pg_shdescription:row:112590:", "value": "[1,1259,0,\"Description for pg_tables table\"]", "vclock": {"node1":120}}
2026-02-28T15:02:24.062+0300	INFO	logger/zap_logger.go:76	[SynchronizerVClock] Loaded key	{"key": "testdb:pg_catalog:pg_shdescription:row:212590:", "value": "[2,1259,0,\"Description for pg_columns table\"]", "vclock": {"node1":121}}
2026-02-28T15:02:24.062+0300	DEBUG	logger/zap_logger.go:96	Executing: 

CREATE TABLE IF NOT EXISTS pg_catalog.pg_am (
    oid INT,
    amname TEXT,
    amhandler INT,
    amtype TEXT,
    PRIMARY KEY (oid)
)
2026-02-28T15:02:24.062+0300	DEBUG	logger/zap_logger.go:96	DEBUG: Parsed statement type: CREATE_TABLE

2026-02-28T15:02:24.062+0300	DEBUG	logger/zap_logger.go:96	Executing: 

INSERT INTO pg_catalog.pg_am (oid, amname, amhandler, amtype) VALUES
(403, 'heap', 0, 't'),
(405, 'btree', 0, 'i')
2026-02-28T15:02:24.062+0300	DEBUG	logger/zap_logger.go:96	DEBUG: Parsed statement type: INSERT

2026-02-28T15:02:24.062+0300	DEBUG	logger/zap_logger.go:96	DEBUG: Insert into pg_catalog.pg_am: [[403 heap 0 t] [405 btree 0 i]]

2026-02-28T15:02:24.062+0300	DEBUG	logger/zap_logger.go:71	DEBUG: Table metadata:	{"meta": {"Name":"pg_catalog.pg_am","Columns":{"amhandler":{"Type":1,"IsNullable":true,"DefaultValue":null,"IsSerial":false,"IsUnique":false,"Idx":3},"amname":{"Type":0,"IsNullable":true,"DefaultValue":null,"IsSerial":false,"IsUnique":false,"Idx":2},"amtype":{"Type":0,"IsNullable":true,"DefaultValue":null,"IsSerial":false,"IsUnique":false,"Idx":4},"oid":{"Type":1,"IsNullable":false,"DefaultValue":null,"IsSerial":false,"IsUnique":false,"Idx":1}},"PrimaryKeys":[1]}}
2026-02-28T15:02:24.062+0300	DEBUG	logger/zap_logger.go:71	DEBUG: Saved row: 	{"rowKey": "testdb:pg_catalog:pg_am:row:403:", "rowData": "[403,\"heap\",0,\"t\"]"}
2026-02-28T15:02:24.062+0300	DEBUG	logger/zap_logger.go:71	DEBUG: Saved row: 	{"rowKey": "testdb:pg_catalog:pg_am:row:405:", "rowData": "[405,\"btree\",0,\"i\"]"}
2026-02-28T15:02:24.062+0300	DEBUG	logger/zap_logger.go:96	Executing: 

2026-02-28T15:02:24.062+0300	INFO	logger/zap_logger.go:76	System tables initialization completed
2026-02-28T15:02:24.062+0300	INFO	logger/zap_logger.go:76	[SynchronizerVClock] Loaded key	{"key": "schema:testdb:pg_catalog:pg_am:", "value": "{\"Name\":\"pg_catalog.pg_am\",\"Columns\":{\"amhandler\":{\"Type\":1,\"IsNullable\":true,\"DefaultValue\":null,\"IsSerial\":false,\"IsUnique\":false,\"Idx\":3},\"amname\":{\"Type\":0,\"IsNullable\":true,\"DefaultValue\":null,\"IsSerial\":false,\"IsUnique\":false,\"Idx\":2},\"amtype\":{\"Type\":0,\"IsNullable\":true,\"DefaultValue\":null,\"IsSerial\":false,\"IsUnique\":false,\"Idx\":4},\"oid\":{\"Type\":1,\"IsNullable\":false,\"DefaultValue\":null,\"IsSerial\":false,\"IsUnique\":false,\"Idx\":1}},\"PrimaryKeys\":[1]}", "vclock": {"node1":122}}
2026-02-28T15:02:24.062+0300	INFO	logger/zap_logger.go:76	[SynchronizerVClock] Loaded key	{"key": "testdb:pg_catalog:pg_am:row:403:", "value": "[403,\"heap\",0,\"t\"]", "vclock": {"node1":123}}
2026-02-28T15:02:24.062+0300	INFO	logger/zap_logger.go:76	[SynchronizerVClock] Loaded key	{"key": "testdb:pg_catalog:pg_am:row:405:", "value": "[405,\"btree\",0,\"i\"]", "vclock": {"node1":124}}
2026-02-28T15:02:24.063+0300	INFO	logger/zap_logger.go:76	Pg server started
2026-02-28T15:02:26.153+0300	INFO	logger/zap_logger.go:76	Accepted connection
2026-02-28T15:02:26.153+0300	INFO	logger/zap_logger.go:76	Accepted connection
2026-02-28T15:02:26.158+0300	INFO	logger/zap_logger.go:76	SSL request received, sending 'N'
2026-02-28T15:02:26.159+0300	INFO	logger/zap_logger.go:76	Startup complete
2026-02-28T15:02:26.159+0300	DEBUG	logger/zap_logger.go:96	Query: CREATE TABLE users (
    id INT PRIMARY KEY,
    name TEXT
);
2026-02-28T15:02:26.160+0300	DEBUG	logger/zap_logger.go:96	DEBUG: Parsed statement type: CREATE_TABLE

2026-02-28T15:02:26.160+0300	DEBUG	logger/zap_logger.go:96	Parsed statement: %!(EXTRA zapcore.Field={stmt 23 0  0x140005d4320})
2026-02-28T15:02:26.160+0300	INFO	logger/zap_logger.go:76	[SynchronizerVClock] Loaded key	{"key": "schema:testdb:public:users:", "value": "{\"Name\":\"users\",\"Columns\":{\"id\":{\"Type\":1,\"IsNullable\":false,\"DefaultValue\":null,\"IsSerial\":false,\"IsUnique\":false,\"Idx\":1},\"name\":{\"Type\":0,\"IsNullable\":true,\"DefaultValue\":null,\"IsSerial\":false,\"IsUnique\":false,\"Idx\":2}},\"PrimaryKeys\":[1]}", "vclock": {"node1":125}}
2026-02-28T15:02:26.160+0300	DEBUG	logger/zap_logger.go:96	Query: INSERT INTO users (id, name) VALUES (1, 'Alice'), (2, 'Bob');
2026-02-28T15:02:26.160+0300	DEBUG	logger/zap_logger.go:96	DEBUG: Parsed statement type: INSERT

2026-02-28T15:02:26.160+0300	DEBUG	logger/zap_logger.go:96	Parsed statement: %!(EXTRA zapcore.Field={stmt 23 0  0x140007d20c0})
2026-02-28T15:02:26.160+0300	DEBUG	logger/zap_logger.go:96	DEBUG: Insert into users: [[1 Alice] [2 Bob]]

2026-02-28T15:02:26.160+0300	DEBUG	logger/zap_logger.go:71	DEBUG: Table metadata:	{"meta": {"Name":"users","Columns":{"id":{"Type":1,"IsNullable":false,"DefaultValue":null,"IsSerial":false,"IsUnique":false,"Idx":1},"name":{"Type":0,"IsNullable":true,"DefaultValue":null,"IsSerial":false,"IsUnique":false,"Idx":2}},"PrimaryKeys":[1]}}
2026-02-28T15:02:26.160+0300	DEBUG	logger/zap_logger.go:71	DEBUG: Saved row: 	{"rowKey": "testdb:public:users:row:1:", "rowData": "[1,\"Alice\"]"}
2026-02-28T15:02:26.160+0300	DEBUG	logger/zap_logger.go:71	DEBUG: Saved row: 	{"rowKey": "testdb:public:users:row:2:", "rowData": "[2,\"Bob\"]"}
2026-02-28T15:02:26.160+0300	INFO	logger/zap_logger.go:76	[SynchronizerVClock] Loaded key	{"key": "testdb:public:users:row:1:", "value": "[1,\"Alice\"]", "vclock": {"node1":126}}
2026-02-28T15:02:26.160+0300	INFO	logger/zap_logger.go:76	[SynchronizerVClock] Loaded key	{"key": "testdb:public:users:row:2:", "value": "[2,\"Bob\"]", "vclock": {"node1":127}}
2026-02-28T15:02:26.160+0300	DEBUG	logger/zap_logger.go:96	Query: INSERT INTO orders (id, user_id) VALUES (1, 1), (2, 2), (3, 1);
2026-02-28T15:02:26.161+0300	DEBUG	logger/zap_logger.go:96	DEBUG: Parsed statement type: INSERT

2026-02-28T15:02:26.161+0300	DEBUG	logger/zap_logger.go:96	Parsed statement: %!(EXTRA zapcore.Field={stmt 23 0  0x1400068a600})
2026-02-28T15:02:26.161+0300	DEBUG	logger/zap_logger.go:96	DEBUG: Insert into orders: [[1 1] [2 2] [3 1]]

2026-02-28T15:02:27.148+0300	DEBUG	logger/zap_logger.go:96	Query: CREATE TABLE orders (
    id INT PRIMARY KEY,
    user_id INT
);
2026-02-28T15:02:27.148+0300	DEBUG	logger/zap_logger.go:96	DEBUG: Parsed statement type: CREATE_TABLE

2026-02-28T15:02:27.148+0300	DEBUG	logger/zap_logger.go:96	Parsed statement: %!(EXTRA zapcore.Field={stmt 23 0  0x140005d4500})
2026-02-28T15:02:27.150+0300	INFO	logger/zap_logger.go:76	[SynchronizerVClock] Loaded key	{"key": "schema:testdb:public:orders:", "value": "{\"Name\":\"orders\",\"Columns\":{\"id\":{\"Type\":1,\"IsNullable\":false,\"DefaultValue\":null,\"IsSerial\":false,\"IsUnique\":false,\"Idx\":1},\"user_id\":{\"Type\":1,\"IsNullable\":true,\"DefaultValue\":null,\"IsSerial\":false,\"IsUnique\":false,\"Idx\":2}},\"PrimaryKeys\":[1]}", "vclock": {"node1":128}}
2026-02-28T15:02:27.150+0300	DEBUG	logger/zap_logger.go:96	Query: CREATE TABLE users (
    id INT PRIMARY KEY,
    name TEXT
);
2026-02-28T15:02:27.151+0300	DEBUG	logger/zap_logger.go:96	DEBUG: Parsed statement type: CREATE_TABLE

2026-02-28T15:02:27.151+0300	DEBUG	logger/zap_logger.go:96	Parsed statement: %!(EXTRA zapcore.Field={stmt 23 0  0x140005d4690})
2026-02-28T15:02:27.153+0300	DEBUG	logger/zap_logger.go:96	Query: INSERT INTO users (id, name) VALUES (1, 'Alice'), (2, 'Bob');
2026-02-28T15:02:27.153+0300	DEBUG	logger/zap_logger.go:96	DEBUG: Parsed statement type: INSERT

2026-02-28T15:02:27.153+0300	DEBUG	logger/zap_logger.go:96	Parsed statement: %!(EXTRA zapcore.Field={stmt 23 0  0x1400068b040})
2026-02-28T15:02:27.153+0300	DEBUG	logger/zap_logger.go:96	DEBUG: Insert into users: [[1 Alice] [2 Bob]]

2026-02-28T15:02:27.154+0300	DEBUG	logger/zap_logger.go:71	DEBUG: Table metadata:	{"meta": {"Name":"users","Columns":{"id":{"Type":1,"IsNullable":false,"DefaultValue":null,"IsSerial":false,"IsUnique":false,"Idx":1},"name":{"Type":0,"IsNullable":true,"DefaultValue":null,"IsSerial":false,"IsUnique":false,"Idx":2}},"PrimaryKeys":[1]}}
2026-02-28T15:02:27.154+0300	DEBUG	logger/zap_logger.go:96	Query: INSERT INTO orders (id, user_id) VALUES (1, 1), (2, 2), (3, 1);
2026-02-28T15:02:27.154+0300	DEBUG	logger/zap_logger.go:96	DEBUG: Parsed statement type: INSERT

2026-02-28T15:02:27.154+0300	DEBUG	logger/zap_logger.go:96	Parsed statement: %!(EXTRA zapcore.Field={stmt 23 0  0x1400068b480})
2026-02-28T15:02:27.154+0300	DEBUG	logger/zap_logger.go:96	DEBUG: Insert into orders: [[1 1] [2 2] [3 1]]

2026-02-28T15:02:27.154+0300	DEBUG	logger/zap_logger.go:71	DEBUG: Table metadata:	{"meta": {"Name":"orders","Columns":{"id":{"Type":1,"IsNullable":false,"DefaultValue":null,"IsSerial":false,"IsUnique":false,"Idx":1},"user_id":{"Type":1,"IsNullable":true,"DefaultValue":null,"IsSerial":false,"IsUnique":false,"Idx":2}},"PrimaryKeys":[1]}}
2026-02-28T15:02:27.154+0300	DEBUG	logger/zap_logger.go:71	DEBUG: Saved row: 	{"rowKey": "testdb:public:orders:row:1:", "rowData": "[1,1]"}
2026-02-28T15:02:27.155+0300	DEBUG	logger/zap_logger.go:71	DEBUG: Saved row: 	{"rowKey": "testdb:public:orders:row:2:", "rowData": "[2,2]"}
2026-02-28T15:02:27.155+0300	DEBUG	logger/zap_logger.go:71	DEBUG: Saved row: 	{"rowKey": "testdb:public:orders:row:3:", "rowData": "[3,1]"}
2026-02-28T15:02:27.155+0300	INFO	logger/zap_logger.go:76	[SynchronizerVClock] Loaded key	{"key": "testdb:public:orders:row:3:", "value": "[3,1]", "vclock": {"node1":129}}
2026-02-28T15:02:27.155+0300	INFO	logger/zap_logger.go:76	[SynchronizerVClock] Loaded key	{"key": "testdb:public:orders:row:1:", "value": "[1,1]", "vclock": {"node1":130}}
2026-02-28T15:02:27.155+0300	INFO	logger/zap_logger.go:76	[SynchronizerVClock] Loaded key	{"key": "testdb:public:orders:row:2:", "value": "[2,2]", "vclock": {"node1":131}}
2026-02-28T15:02:29.554+0300	DEBUG	logger/zap_logger.go:96	Query: SELECT id, * FROM orders o
JOIN users u ON o.user_id = u.id;
2026-02-28T15:02:29.555+0300	DEBUG	logger/zap_logger.go:96	Parsing select item: id
2026-02-28T15:02:29.555+0300	DEBUG	logger/zap_logger.go:96	Parsing select item: *
2026-02-28T15:02:29.556+0300	DEBUG	logger/zap_logger.go:96	DEBUG: Parsed statement type: SELECT

2026-02-28T15:02:29.556+0300	DEBUG	logger/zap_logger.go:96	Parsed statement: %!(EXTRA zapcore.Field={stmt 23 0  0x1400077e860})
2026-02-28T15:02:29.556+0300	DEBUG	logger/zap_logger.go:96	Executing query plan: %!(EXTRA zapcore.Field={queryPlan 25 0  Project
  Join
    Scan (orders AS o)
    Scan (users AS u)
})
2026-02-28T15:02:29.556+0300	DEBUG	logger/zap_logger.go:71	executing plan node	{"type": "Project"}
2026-02-28T15:02:29.556+0300	DEBUG	logger/zap_logger.go:71	executing plan node	{"type": "Join"}
2026-02-28T15:02:29.556+0300	DEBUG	logger/zap_logger.go:71	executing plan node	{"type": "Scan"}
2026-02-28T15:02:29.556+0300	DEBUG	logger/zap_logger.go:71	Table metadata: 	{"meta": {"Name":"orders","Columns":{"id":{"Type":1,"IsNullable":false,"DefaultValue":null,"IsSerial":false,"IsUnique":false,"Idx":1},"user_id":{"Type":1,"IsNullable":true,"DefaultValue":null,"IsSerial":false,"IsUnique":false,"Idx":2}},"PrimaryKeys":[1]}}
2026-02-28T15:02:29.556+0300	DEBUG	logger/zap_logger.go:71	Table columns	{"columns": [{"Idx":1,"Name":"id","Type":1,"TableIdentifier":"","OriginalTableName":""},{"Idx":2,"Name":"user_id","Type":1,"TableIdentifier":"","OriginalTableName":""}]}
2026-02-28T15:02:29.556+0300	DEBUG	logger/zap_logger.go:71	Select columns	{"columns": [{"Name":"","IsAll":true}]}
2026-02-28T15:02:29.556+0300	DEBUG	logger/zap_logger.go:71	NewIterator called with seekKey:	{"seekKey": "testdb:public:orders:row:", "typ": "ALL"}
2026-02-28T15:02:29.556+0300	DEBUG	logger/zap_logger.go:71	Select result: 	{"result": {"Rows":[[1,1],[2,2],[3,1]],"Columns":[{"Idx":1,"Name":"id","Type":1,"TableIdentifier":"","OriginalTableName":""},{"Idx":2,"Name":"user_id","Type":1,"TableIdentifier":"","OriginalTableName":""}]}}
2026-02-28T15:02:29.556+0300	DEBUG	logger/zap_logger.go:71	scan result	{"rows": 3, "cols": 2}
2026-02-28T15:02:29.556+0300	DEBUG	logger/zap_logger.go:71	executing plan node	{"type": "Scan"}
2026-02-28T15:02:29.556+0300	DEBUG	logger/zap_logger.go:71	Table metadata: 	{"meta": {"Name":"users","Columns":{"id":{"Type":1,"IsNullable":false,"DefaultValue":null,"IsSerial":false,"IsUnique":false,"Idx":1},"name":{"Type":0,"IsNullable":true,"DefaultValue":null,"IsSerial":false,"IsUnique":false,"Idx":2}},"PrimaryKeys":[1]}}
2026-02-28T15:02:29.556+0300	DEBUG	logger/zap_logger.go:71	Table columns	{"columns": [{"Idx":1,"Name":"id","Type":1,"TableIdentifier":"","OriginalTableName":""},{"Idx":2,"Name":"name","Type":0,"TableIdentifier":"","OriginalTableName":""}]}
2026-02-28T15:02:29.556+0300	DEBUG	logger/zap_logger.go:71	Select columns	{"columns": [{"Name":"","IsAll":true}]}
2026-02-28T15:02:29.556+0300	DEBUG	logger/zap_logger.go:71	NewIterator called with seekKey:	{"seekKey": "testdb:public:users:row:", "typ": "ALL"}
2026-02-28T15:02:29.557+0300	DEBUG	logger/zap_logger.go:71	Select result: 	{"result": {"Rows":[[1,"Alice"],[2,"Bob"]],"Columns":[{"Idx":1,"Name":"id","Type":1,"TableIdentifier":"","OriginalTableName":""},{"Idx":2,"Name":"name","Type":0,"TableIdentifier":"","OriginalTableName":""}]}}
2026-02-28T15:02:29.557+0300	DEBUG	logger/zap_logger.go:71	scan result	{"rows": 2, "cols": 2}
2026-02-28T15:02:29.557+0300	DEBUG	logger/zap_logger.go:71	performNestedLoopJoin	{"leftRows": 3, "rightRows": 2, "leftCols": 2, "rightCols": 2}
2026-02-28T15:02:29.557+0300	DEBUG	logger/zap_logger.go:71	Evaluating JOIN condition	{"leftRowIdx": 0, "rightRowIdx": 0, "leftRow": [1,1], "rightRow": [1,"Alice"], "combinedRow": [1,1,1,"Alice"]}
2026-02-28T15:02:29.557+0300	DEBUG	logger/zap_logger.go:71	JOIN condition result	{"matches": true, "exprType": "*rmodels.BoolExpression"}
2026-02-28T15:02:29.557+0300	DEBUG	logger/zap_logger.go:71	Evaluating JOIN condition	{"leftRowIdx": 0, "rightRowIdx": 1, "leftRow": [1,1], "rightRow": [2,"Bob"], "combinedRow": [1,1,2,"Bob"]}
2026-02-28T15:02:29.557+0300	DEBUG	logger/zap_logger.go:71	JOIN condition result	{"matches": false, "exprType": "*rmodels.BoolExpression"}
2026-02-28T15:02:29.557+0300	DEBUG	logger/zap_logger.go:71	Evaluating JOIN condition	{"leftRowIdx": 1, "rightRowIdx": 0, "leftRow": [2,2], "rightRow": [1,"Alice"], "combinedRow": [2,2,1,"Alice"]}
2026-02-28T15:02:29.557+0300	DEBUG	logger/zap_logger.go:71	JOIN condition result	{"matches": false, "exprType": "*rmodels.BoolExpression"}
2026-02-28T15:02:29.557+0300	DEBUG	logger/zap_logger.go:71	Evaluating JOIN condition	{"leftRowIdx": 1, "rightRowIdx": 1, "leftRow": [2,2], "rightRow": [2,"Bob"], "combinedRow": [2,2,2,"Bob"]}
2026-02-28T15:02:29.557+0300	DEBUG	logger/zap_logger.go:71	JOIN condition result	{"matches": true, "exprType": "*rmodels.BoolExpression"}
2026-02-28T15:02:29.557+0300	DEBUG	logger/zap_logger.go:71	Evaluating JOIN condition	{"leftRowIdx": 2, "rightRowIdx": 0, "leftRow": [3,1], "rightRow": [1,"Alice"], "combinedRow": [3,1,1,"Alice"]}
2026-02-28T15:02:29.557+0300	DEBUG	logger/zap_logger.go:71	JOIN condition result	{"matches": true, "exprType": "*rmodels.BoolExpression"}
2026-02-28T15:02:29.557+0300	DEBUG	logger/zap_logger.go:71	Evaluating JOIN condition	{"leftRowIdx": 2, "rightRowIdx": 1, "leftRow": [3,1], "rightRow": [2,"Bob"], "combinedRow": [3,1,2,"Bob"]}
2026-02-28T15:02:29.557+0300	DEBUG	logger/zap_logger.go:71	JOIN condition result	{"matches": false, "exprType": "*rmodels.BoolExpression"}
2026-02-28T15:02:29.557+0300	DEBUG	logger/zap_logger.go:71	performNestedLoopJoin result	{"resultRows": 3}
2026-02-28T15:02:36.101+0300	DEBUG	logger/zap_logger.go:96	Query: SELECT o.id, * FROM orders o
JOIN users u ON o.user_id = u.id;
2026-02-28T15:02:36.102+0300	DEBUG	logger/zap_logger.go:96	Parsing select item: o.id
2026-02-28T15:02:36.102+0300	DEBUG	logger/zap_logger.go:96	Parsing select item: *
2026-02-28T15:02:36.102+0300	DEBUG	logger/zap_logger.go:96	DEBUG: Parsed statement type: SELECT

2026-02-28T15:02:36.102+0300	DEBUG	logger/zap_logger.go:96	Parsed statement: %!(EXTRA zapcore.Field={stmt 23 0  0x1400077fb50})
2026-02-28T15:02:36.102+0300	DEBUG	logger/zap_logger.go:96	Executing query plan: %!(EXTRA zapcore.Field={queryPlan 25 0  Project
  Join
    Scan (orders AS o)
    Scan (users AS u)
})
2026-02-28T15:02:36.102+0300	DEBUG	logger/zap_logger.go:71	executing plan node	{"type": "Project"}
2026-02-28T15:02:36.102+0300	DEBUG	logger/zap_logger.go:71	executing plan node	{"type": "Join"}
2026-02-28T15:02:36.102+0300	DEBUG	logger/zap_logger.go:71	executing plan node	{"type": "Scan"}
2026-02-28T15:02:36.102+0300	DEBUG	logger/zap_logger.go:71	Table metadata: 	{"meta": {"Name":"orders","Columns":{"id":{"Type":1,"IsNullable":false,"DefaultValue":null,"IsSerial":false,"IsUnique":false,"Idx":1},"user_id":{"Type":1,"IsNullable":true,"DefaultValue":null,"IsSerial":false,"IsUnique":false,"Idx":2}},"PrimaryKeys":[1]}}
2026-02-28T15:02:36.102+0300	DEBUG	logger/zap_logger.go:71	Table columns	{"columns": [{"Idx":1,"Name":"id","Type":1,"TableIdentifier":"","OriginalTableName":""},{"Idx":2,"Name":"user_id","Type":1,"TableIdentifier":"","OriginalTableName":""}]}
2026-02-28T15:02:36.102+0300	DEBUG	logger/zap_logger.go:71	Select columns	{"columns": [{"Name":"","IsAll":true}]}
2026-02-28T15:02:36.103+0300	DEBUG	logger/zap_logger.go:71	NewIterator called with seekKey:	{"seekKey": "testdb:public:orders:row:", "typ": "ALL"}
2026-02-28T15:02:36.103+0300	DEBUG	logger/zap_logger.go:71	Select result: 	{"result": {"Rows":[[2,2],[3,1],[1,1]],"Columns":[{"Idx":1,"Name":"id","Type":1,"TableIdentifier":"","OriginalTableName":""},{"Idx":2,"Name":"user_id","Type":1,"TableIdentifier":"","OriginalTableName":""}]}}
2026-02-28T15:02:36.103+0300	DEBUG	logger/zap_logger.go:71	scan result	{"rows": 3, "cols": 2}
2026-02-28T15:02:36.103+0300	DEBUG	logger/zap_logger.go:71	executing plan node	{"type": "Scan"}
2026-02-28T15:02:36.103+0300	DEBUG	logger/zap_logger.go:71	Table metadata: 	{"meta": {"Name":"users","Columns":{"id":{"Type":1,"IsNullable":false,"DefaultValue":null,"IsSerial":false,"IsUnique":false,"Idx":1},"name":{"Type":0,"IsNullable":true,"DefaultValue":null,"IsSerial":false,"IsUnique":false,"Idx":2}},"PrimaryKeys":[1]}}
2026-02-28T15:02:36.103+0300	DEBUG	logger/zap_logger.go:71	Table columns	{"columns": [{"Idx":1,"Name":"id","Type":1,"TableIdentifier":"","OriginalTableName":""},{"Idx":2,"Name":"name","Type":0,"TableIdentifier":"","OriginalTableName":""}]}
2026-02-28T15:02:36.103+0300	DEBUG	logger/zap_logger.go:71	Select columns	{"columns": [{"Name":"","IsAll":true}]}
2026-02-28T15:02:36.103+0300	DEBUG	logger/zap_logger.go:71	NewIterator called with seekKey:	{"seekKey": "testdb:public:users:row:", "typ": "ALL"}
2026-02-28T15:02:36.103+0300	DEBUG	logger/zap_logger.go:71	Select result: 	{"result": {"Rows":[[2,"Bob"],[1,"Alice"]],"Columns":[{"Idx":1,"Name":"id","Type":1,"TableIdentifier":"","OriginalTableName":""},{"Idx":2,"Name":"name","Type":0,"TableIdentifier":"","OriginalTableName":""}]}}
2026-02-28T15:02:36.103+0300	DEBUG	logger/zap_logger.go:71	scan result	{"rows": 2, "cols": 2}
2026-02-28T15:02:36.103+0300	DEBUG	logger/zap_logger.go:71	performNestedLoopJoin	{"leftRows": 3, "rightRows": 2, "leftCols": 2, "rightCols": 2}
2026-02-28T15:02:36.103+0300	DEBUG	logger/zap_logger.go:71	Evaluating JOIN condition	{"leftRowIdx": 0, "rightRowIdx": 0, "leftRow": [2,2], "rightRow": [2,"Bob"], "combinedRow": [2,2,2,"Bob"]}
2026-02-28T15:02:36.103+0300	DEBUG	logger/zap_logger.go:71	JOIN condition result	{"matches": true, "exprType": "*rmodels.BoolExpression"}
2026-02-28T15:02:36.103+0300	DEBUG	logger/zap_logger.go:71	Evaluating JOIN condition	{"leftRowIdx": 0, "rightRowIdx": 1, "leftRow": [2,2], "rightRow": [1,"Alice"], "combinedRow": [2,2,1,"Alice"]}
2026-02-28T15:02:36.103+0300	DEBUG	logger/zap_logger.go:71	JOIN condition result	{"matches": false, "exprType": "*rmodels.BoolExpression"}
2026-02-28T15:02:36.103+0300	DEBUG	logger/zap_logger.go:71	Evaluating JOIN condition	{"leftRowIdx": 1, "rightRowIdx": 0, "leftRow": [3,1], "rightRow": [2,"Bob"], "combinedRow": [3,1,2,"Bob"]}
2026-02-28T15:02:36.103+0300	DEBUG	logger/zap_logger.go:71	JOIN condition result	{"matches": false, "exprType": "*rmodels.BoolExpression"}
2026-02-28T15:02:36.103+0300	DEBUG	logger/zap_logger.go:71	Evaluating JOIN condition	{"leftRowIdx": 1, "rightRowIdx": 1, "leftRow": [3,1], "rightRow": [1,"Alice"], "combinedRow": [3,1,1,"Alice"]}
2026-02-28T15:02:36.103+0300	DEBUG	logger/zap_logger.go:71	JOIN condition result	{"matches": true, "exprType": "*rmodels.BoolExpression"}
2026-02-28T15:02:36.103+0300	DEBUG	logger/zap_logger.go:71	Evaluating JOIN condition	{"leftRowIdx": 2, "rightRowIdx": 0, "leftRow": [1,1], "rightRow": [2,"Bob"], "combinedRow": [1,1,2,"Bob"]}
2026-02-28T15:02:36.103+0300	DEBUG	logger/zap_logger.go:71	JOIN condition result	{"matches": false, "exprType": "*rmodels.BoolExpression"}
2026-02-28T15:02:36.103+0300	DEBUG	logger/zap_logger.go:71	Evaluating JOIN condition	{"leftRowIdx": 2, "rightRowIdx": 1, "leftRow": [1,1], "rightRow": [1,"Alice"], "combinedRow": [1,1,1,"Alice"]}
2026-02-28T15:02:36.103+0300	DEBUG	logger/zap_logger.go:71	JOIN condition result	{"matches": true, "exprType": "*rmodels.BoolExpression"}
2026-02-28T15:02:36.103+0300	DEBUG	logger/zap_logger.go:71	performNestedLoopJoin result	{"resultRows": 3}
2026-02-28T15:02:36.103+0300	DEBUG	logger/zap_logger.go:71	DEBUG: Sending row:	{"row": [2,2,2,2,"Bob"]}
2026-02-28T15:02:36.103+0300	DEBUG	logger/zap_logger.go:71	DEBUG: Sending row:	{"row": [3,3,1,1,"Alice"]}
2026-02-28T15:02:36.104+0300	DEBUG	logger/zap_logger.go:71	DEBUG: Sending row:	{"row": [1,1,1,1,"Alice"]}
2026-02-28T15:04:14.118+0300	INFO	logger/zap_logger.go:76	Using in-memory store
2026-02-28T15:04:14.119+0300	DEBUG	logger/zap_logger.go:96	Registering functions for plugin base: [0x14000192768 0x14000192770 0x14000192778 0x14000192780 0x14000192788 0x14000192790 0x14000192798 0x140001927a0 0x140001927a8 0x140001927b0 0x140001927b8 0x140001927c0 0x140001927c8 0x140001927d0]

2026-02-28T15:04:14.119+0300	INFO	logger/zap_logger.go:76	Plugins registered
2026-02-28T15:04:14.119+0300	INFO	logger/zap_logger.go:76	[SynchronizerVClock] Sync complete	{"nodeID": "node1"}
2026-02-28T15:04:14.119+0300	INFO	logger/zap_logger.go:76	Initializing system tables...
2026-02-28T15:04:14.119+0300	INFO	logger/zap_logger.go:101	Executing system initialization file: 0001_information_schema.sql
2026-02-28T15:04:14.119+0300	DEBUG	logger/zap_logger.go:96	Executing: -- information_schema global system schema

CREATE TABLE IF NOT EXISTS information_schema.tables (
    table_schema TEXT,
    table_name TEXT,
    table_type TEXT,
    PRIMARY KEY (table_schema, table_name)
)
2026-02-28T15:04:14.121+0300	DEBUG	logger/zap_logger.go:96	DEBUG: Parsed statement type: CREATE_TABLE

2026-02-28T15:04:14.121+0300	DEBUG	logger/zap_logger.go:96	Executing: 

INSERT INTO information_schema.tables (table_schema, table_name, table_type) VALUES
    ('information_schema', 'tables', 'BASE TABLE'),
    ('information_schema', 'columns', 'BASE TABLE'),
    ('information_schema', 'schemata', 'BASE TABLE')
2026-02-28T15:04:14.121+0300	INFO	logger/zap_logger.go:76	[SynchronizerVClock] Loaded key	{"key": "schema:testdb:information_schema:tables:", "value": "{\"Name\":\"information_schema.tables\",\"Columns\":{\"table_name\":{\"Type\":0,\"IsNullable\":false,\"DefaultValue\":null,\"IsSerial\":false,\"IsUnique\":false,\"Idx\":2},\"table_schema\":{\"Type\":0,\"IsNullable\":false,\"DefaultValue\":null,\"IsSerial\":false,\"IsUnique\":false,\"Idx\":1},\"table_type\":{\"Type\":0,\"IsNullable\":true,\"DefaultValue\":null,\"IsSerial\":false,\"IsUnique\":false,\"Idx\":3}},\"PrimaryKeys\":[1,2]}", "vclock": {"node1":1}}
2026-02-28T15:04:14.121+0300	DEBUG	logger/zap_logger.go:96	DEBUG: Parsed statement type: INSERT

2026-02-28T15:04:14.121+0300	DEBUG	logger/zap_logger.go:96	DEBUG: Insert into information_schema.tables: [[information_schema tables BASE TABLE] [information_schema columns BASE TABLE] [information_schema schemata BASE TABLE]]

2026-02-28T15:04:14.121+0300	DEBUG	logger/zap_logger.go:71	DEBUG: Table metadata:	{"meta": {"Name":"information_schema.tables","Columns":{"table_name":{"Type":0,"IsNullable":false,"DefaultValue":null,"IsSerial":false,"IsUnique":false,"Idx":2},"table_schema":{"Type":0,"IsNullable":false,"DefaultValue":null,"IsSerial":false,"IsUnique":false,"Idx":1},"table_type":{"Type":0,"IsNullable":true,"DefaultValue":null,"IsSerial":false,"IsUnique":false,"Idx":3}},"PrimaryKeys":[1,2]}}
2026-02-28T15:04:14.121+0300	DEBUG	logger/zap_logger.go:71	DEBUG: Saved row: 	{"rowKey": "testdb:information_schema:tables:row:information_schematables:", "rowData": "[\"information_schema\",\"tables\",\"BASE TABLE\"]"}
2026-02-28T15:04:14.121+0300	DEBUG	logger/zap_logger.go:71	DEBUG: Saved row: 	{"rowKey": "testdb:information_schema:tables:row:information_schemacolumns:", "rowData": "[\"information_schema\",\"columns\",\"BASE TABLE\"]"}
2026-02-28T15:04:14.121+0300	DEBUG	logger/zap_logger.go:71	DEBUG: Saved row: 	{"rowKey": "testdb:information_schema:tables:row:information_schemaschemata:", "rowData": "[\"information_schema\",\"schemata\",\"BASE TABLE\"]"}
2026-02-28T15:04:14.121+0300	INFO	logger/zap_logger.go:76	[SynchronizerVClock] Loaded key	{"key": "testdb:information_schema:tables:row:information_schematables:", "value": "[\"information_schema\",\"tables\",\"BASE TABLE\"]", "vclock": {"node1":2}}
2026-02-28T15:04:14.121+0300	DEBUG	logger/zap_logger.go:96	Executing: 

CREATE TABLE IF NOT EXISTS information_schema.columns (
    table_schema TEXT,
    table_name TEXT,
    column_name TEXT,
    original_position INT,
    column_default TEXT,
    is_nullable BOOLEAN,
    data_type TEXT,
    PRIMARY KEY (table_schema, table_name, column_name)
)
2026-02-28T15:04:14.121+0300	INFO	logger/zap_logger.go:76	[SynchronizerVClock] Loaded key	{"key": "testdb:information_schema:tables:row:information_schemacolumns:", "value": "[\"information_schema\",\"columns\",\"BASE TABLE\"]", "vclock": {"node1":3}}
2026-02-28T15:04:14.121+0300	INFO	logger/zap_logger.go:76	[SynchronizerVClock] Loaded key	{"key": "testdb:information_schema:tables:row:information_schemaschemata:", "value": "[\"information_schema\",\"schemata\",\"BASE TABLE\"]", "vclock": {"node1":4}}
2026-02-28T15:04:14.122+0300	DEBUG	logger/zap_logger.go:96	DEBUG: Parsed statement type: CREATE_TABLE

2026-02-28T15:04:14.122+0300	DEBUG	logger/zap_logger.go:96	Executing: 

INSERT INTO information_schema.columns (table_schema, table_name, column_name, original_position, is_nullable, data_type) VALUES
    ('information_schema', 'tables', 'table_schema', 1, FALSE, 'TEXT'),
    ('information_schema', 'tables', 'table_name', 2, FALSE, 'TEXT'),
    ('information_schema', 'tables', 'table_type', 3, FALSE, 'TEXT'),
    ('information_schema', 'columns', 'table_schema', 1, FALSE, 'TEXT'),
    ('information_schema', 'columns', 'table_name', 2, FALSE, 'TEXT'),
    ('information_schema', 'columns', 'column_name', 3, FALSE, 'TEXT'),
    ('information_schema', 'columns', 'original_position', 4, FALSE, 'INT'),
    ('information_schema', 'columns', 'column_default', 5, TRUE, 'TEXT'),
    ('information_schema', 'columns', 'is_nullable', 6, FALSE, 'BOOLEAN'),
    ('information_schema', 'columns', 'data_type', 7, FALSE, 'TEXT'),
    ('information_schema', 'schemata', 'catalog_name', 1, FALSE, 'TEXT'),
    ('information_schema', 'schemata', 'schema_name', 2, FALSE, 'TEXT'),
    ('information_schema', 'schemata', 'schema_owner', 3, FALSE, 'TEXT'),
    ('information_schema', 'schemata', 'default_character_set_catalog', 4, TRUE, 'TEXT'),
    ('information_schema', 'schemata', 'default_character_set_schema', 5, TRUE, 'TEXT'),
    ('information_schema', 'schemata', 'default_character_set_name', 6, TRUE, 'TEXT'),
    ('information_schema', 'schemata', 'sql_path', 7, TRUE, 'TEXT')
2026-02-28T15:04:14.122+0300	INFO	logger/zap_logger.go:76	[SynchronizerVClock] Loaded key	{"key": "schema:testdb:information_schema:columns:", "value": "{\"Name\":\"information_schema.columns\",\"Columns\":{\"column_default\":{\"Type\":0,\"IsNullable\":true,\"DefaultValue\":null,\"IsSerial\":false,\"IsUnique\":false,\"Idx\":5},\"column_name\":{\"Type\":0,\"IsNullable\":false,\"DefaultValue\":null,\"IsSerial\":false,\"IsUnique\":false,\"Idx\":3},\"data_type\":{\"Type\":0,\"IsNullable\":true,\"DefaultValue\":null,\"IsSerial\":false,\"IsUnique\":false,\"Idx\":7},\"is_nullable\":{\"Type\":0,\"IsNullable\":true,\"DefaultValue\":null,\"IsSerial\":false,\"IsUnique\":false,\"Idx\":6},\"original_position\":{\"Type\":1,\"IsNullable\":true,\"DefaultValue\":null,\"IsSerial\":false,\"IsUnique\":false,\"Idx\":4},\"table_name\":{\"Type\":0,\"IsNullable\":false,\"DefaultValue\":null,\"IsSerial\":false,\"IsUnique\":false,\"Idx\":2},\"table_schema\":{\"Type\":0,\"IsNullable\":false,\"DefaultValue\":null,\"IsSerial\":false,\"IsUnique\":false,\"Idx\":1}},\"PrimaryKeys\":[1,2,3]}", "vclock": {"node1":5}}
2026-02-28T15:04:14.122+0300	DEBUG	logger/zap_logger.go:96	DEBUG: Parsed statement type: INSERT

2026-02-28T15:04:14.122+0300	DEBUG	logger/zap_logger.go:96	DEBUG: Insert into information_schema.columns: [[information_schema tables table_schema 1 false TEXT] [information_schema tables table_name 2 false TEXT] [information_schema tables table_type 3 false TEXT] [information_schema columns table_schema 1 false TEXT] [information_schema columns table_name 2 false TEXT] [information_schema columns column_name 3 false TEXT] [information_schema columns original_position 4 false INT] [information_schema columns column_default 5 true TEXT] [information_schema columns is_nullable 6 false BOOLEAN] [information_schema columns data_type 7 false TEXT] [information_schema schemata catalog_name 1 false TEXT] [information_schema schemata schema_name 2 false TEXT] [information_schema schemata schema_owner 3 false TEXT] [information_schema schemata default_character_set_catalog 4 true TEXT] [information_schema schemata default_character_set_schema 5 true TEXT] [information_schema schemata default_character_set_name 6 true TEXT] [information_schema schemata sql_path 7 true TEXT]]

2026-02-28T15:04:14.122+0300	DEBUG	logger/zap_logger.go:71	DEBUG: Table metadata:	{"meta": {"Name":"information_schema.columns","Columns":{"column_default":{"Type":0,"IsNullable":true,"DefaultValue":null,"IsSerial":false,"IsUnique":false,"Idx":5},"column_name":{"Type":0,"IsNullable":false,"DefaultValue":null,"IsSerial":false,"IsUnique":false,"Idx":3},"data_type":{"Type":0,"IsNullable":true,"DefaultValue":null,"IsSerial":false,"IsUnique":false,"Idx":7},"is_nullable":{"Type":0,"IsNullable":true,"DefaultValue":null,"IsSerial":false,"IsUnique":false,"Idx":6},"original_position":{"Type":1,"IsNullable":true,"DefaultValue":null,"IsSerial":false,"IsUnique":false,"Idx":4},"table_name":{"Type":0,"IsNullable":false,"DefaultValue":null,"IsSerial":false,"IsUnique":false,"Idx":2},"table_schema":{"Type":0,"IsNullable":false,"DefaultValue":null,"IsSerial":false,"IsUnique":false,"Idx":1}},"PrimaryKeys":[1,2,3]}}
2026-02-28T15:04:14.122+0300	DEBUG	logger/zap_logger.go:71	DEBUG: Saved row: 	{"rowKey": "testdb:information_schema:columns:row:information_schematablestable_schema:", "rowData": "[\"information_schema\",\"tables\",\"table_schema\",1,null,false,\"TEXT\"]"}
2026-02-28T15:04:14.122+0300	DEBUG	logger/zap_logger.go:71	DEBUG: Saved row: 	{"rowKey": "testdb:information_schema:columns:row:information_schematablestable_name:", "rowData": "[\"information_schema\",\"tables\",\"table_name\",2,null,false,\"TEXT\"]"}
2026-02-28T15:04:14.122+0300	DEBUG	logger/zap_logger.go:71	DEBUG: Saved row: 	{"rowKey": "testdb:information_schema:columns:row:information_schematablestable_type:", "rowData": "[\"information_schema\",\"tables\",\"table_type\",3,null,false,\"TEXT\"]"}
2026-02-28T15:04:14.122+0300	DEBUG	logger/zap_logger.go:71	DEBUG: Saved row: 	{"rowKey": "testdb:information_schema:columns:row:information_schemacolumnstable_schema:", "rowData": "[\"information_schema\",\"columns\",\"table_schema\",1,null,false,\"TEXT\"]"}
2026-02-28T15:04:14.122+0300	DEBUG	logger/zap_logger.go:71	DEBUG: Saved row: 	{"rowKey": "testdb:information_schema:columns:row:information_schemacolumnstable_name:", "rowData": "[\"information_schema\",\"columns\",\"table_name\",2,null,false,\"TEXT\"]"}
2026-02-28T15:04:14.122+0300	DEBUG	logger/zap_logger.go:71	DEBUG: Saved row: 	{"rowKey": "testdb:information_schema:columns:row:information_schemacolumnscolumn_name:", "rowData": "[\"information_schema\",\"columns\",\"column_name\",3,null,false,\"TEXT\"]"}
2026-02-28T15:04:14.122+0300	DEBUG	logger/zap_logger.go:71	DEBUG: Saved row: 	{"rowKey": "testdb:information_schema:columns:row:information_schemacolumnsoriginal_position:", "rowData": "[\"information_schema\",\"columns\",\"original_position\",4,null,false,\"INT\"]"}
2026-02-28T15:04:14.122+0300	DEBUG	logger/zap_logger.go:71	DEBUG: Saved row: 	{"rowKey": "testdb:information_schema:columns:row:information_schemacolumnscolumn_default:", "rowData": "[\"information_schema\",\"columns\",\"column_default\",5,null,true,\"TEXT\"]"}
2026-02-28T15:04:14.122+0300	DEBUG	logger/zap_logger.go:71	DEBUG: Saved row: 	{"rowKey": "testdb:information_schema:columns:row:information_schemacolumnsis_nullable:", "rowData": "[\"information_schema\",\"columns\",\"is_nullable\",6,null,false,\"BOOLEAN\"]"}
2026-02-28T15:04:14.122+0300	DEBUG	logger/zap_logger.go:71	DEBUG: Saved row: 	{"rowKey": "testdb:information_schema:columns:row:information_schemacolumnsdata_type:", "rowData": "[\"information_schema\",\"columns\",\"data_type\",7,null,false,\"TEXT\"]"}
2026-02-28T15:04:14.122+0300	DEBUG	logger/zap_logger.go:71	DEBUG: Saved row: 	{"rowKey": "testdb:information_schema:columns:row:information_schemaschematacatalog_name:", "rowData": "[\"information_schema\",\"schemata\",\"catalog_name\",1,null,false,\"TEXT\"]"}
2026-02-28T15:04:14.122+0300	DEBUG	logger/zap_logger.go:71	DEBUG: Saved row: 	{"rowKey": "testdb:information_schema:columns:row:information_schemaschemataschema_name:", "rowData": "[\"information_schema\",\"schemata\",\"schema_name\",2,null,false,\"TEXT\"]"}
2026-02-28T15:04:14.122+0300	DEBUG	logger/zap_logger.go:71	DEBUG: Saved row: 	{"rowKey": "testdb:information_schema:columns:row:information_schemaschemataschema_owner:", "rowData": "[\"information_schema\",\"schemata\",\"schema_owner\",3,null,false,\"TEXT\"]"}
2026-02-28T15:04:14.122+0300	DEBUG	logger/zap_logger.go:71	DEBUG: Saved row: 	{"rowKey": "testdb:information_schema:columns:row:information_schemaschematadefault_character_set_catalog:", "rowData": "[\"information_schema\",\"schemata\",\"default_character_set_catalog\",4,null,true,\"TEXT\"]"}
2026-02-28T15:04:14.122+0300	DEBUG	logger/zap_logger.go:71	DEBUG: Saved row: 	{"rowKey": "testdb:information_schema:columns:row:information_schemaschematadefault_character_set_schema:", "rowData": "[\"information_schema\",\"schemata\",\"default_character_set_schema\",5,null,true,\"TEXT\"]"}
2026-02-28T15:04:14.122+0300	DEBUG	logger/zap_logger.go:71	DEBUG: Saved row: 	{"rowKey": "testdb:information_schema:columns:row:information_schemaschematadefault_character_set_name:", "rowData": "[\"information_schema\",\"schemata\",\"default_character_set_name\",6,null,true,\"TEXT\"]"}
2026-02-28T15:04:14.122+0300	DEBUG	logger/zap_logger.go:71	DEBUG: Saved row: 	{"rowKey": "testdb:information_schema:columns:row:information_schemaschematasql_path:", "rowData": "[\"information_schema\",\"schemata\",\"sql_path\",7,null,true,\"TEXT\"]"}
2026-02-28T15:04:14.122+0300	INFO	logger/zap_logger.go:76	[SynchronizerVClock] Loaded key	{"key": "testdb:information_schema:columns:row:information_schematablestable_schema:", "value": "[\"information_schema\",\"tables\",\"table_schema\",1,null,false,\"TEXT\"]", "vclock": {"node1":6}}
2026-02-28T15:04:14.122+0300	INFO	logger/zap_logger.go:76	[SynchronizerVClock] Loaded key	{"key": "testdb:information_schema:columns:row:information_schematablestable_type:", "value": "[\"information_schema\",\"tables\",\"table_type\",3,null,false,\"TEXT\"]", "vclock": {"node1":7}}
2026-02-28T15:04:14.123+0300	DEBUG	logger/zap_logger.go:96	Executing: 

CREATE TABLE IF NOT EXISTS information_schema.schemata (
    catalog_name TEXT,
    schema_name TEXT,
    schema_owner TEXT,
    default_character_set_catalog TEXT,
    default_character_set_schema TEXT,
    default_character_set_name TEXT,
    sql_path TEXT,
    PRIMARY KEY (catalog_name, schema_name)
)
2026-02-28T15:04:14.123+0300	INFO	logger/zap_logger.go:76	[SynchronizerVClock] Loaded key	{"key": "testdb:information_schema:columns:row:information_schemacolumnsoriginal_position:", "value": "[\"information_schema\",\"columns\",\"original_position\",4,null,false,\"INT\"]", "vclock": {"node1":8}}
2026-02-28T15:04:14.123+0300	INFO	logger/zap_logger.go:76	[SynchronizerVClock] Loaded key	{"key": "testdb:information_schema:columns:row:information_schemacolumnsdata_type:", "value": "[\"information_schema\",\"columns\",\"data_type\",7,null,false,\"TEXT\"]", "vclock": {"node1":9}}
2026-02-28T15:04:14.123+0300	INFO	logger/zap_logger.go:76	[SynchronizerVClock] Loaded key	{"key": "testdb:information_schema:columns:row:information_schemaschemataschema_owner:", "value": "[\"information_schema\",\"schemata\",\"schema_owner\",3,null,false,\"TEXT\"]", "vclock": {"node1":10}}
2026-02-28T15:04:14.123+0300	INFO	logger/zap_logger.go:76	[SynchronizerVClock] Loaded key	{"key": "testdb:information_schema:columns:row:information_schemacolumnstable_schema:", "value": "[\"information_schema\",\"columns\",\"table_schema\",1,null,false,\"TEXT\"]", "vclock": {"node1":11}}
2026-02-28T15:04:14.123+0300	INFO	logger/zap_logger.go:76	[SynchronizerVClock] Loaded key	{"key": "testdb:information_schema:columns:row:information_schemacolumnscolumn_name:", "value": "[\"information_schema\",\"columns\",\"column_name\",3,null,false,\"TEXT\"]", "vclock": {"node1":12}}
2026-02-28T15:04:14.123+0300	INFO	logger/zap_logger.go:76	[SynchronizerVClock] Loaded key	{"key": "testdb:information_schema:columns:row:information_schemaschematacatalog_name:", "value": "[\"information_schema\",\"schemata\",\"catalog_name\",1,null,false,\"TEXT\"]", "vclock": {"node1":13}}
2026-02-28T15:04:14.123+0300	INFO	logger/zap_logger.go:76	[SynchronizerVClock] Loaded key	{"key": "testdb:information_schema:columns:row:information_schemaschemataschema_name:", "value": "[\"information_schema\",\"schemata\",\"schema_name\",2,null,false,\"TEXT\"]", "vclock": {"node1":14}}
2026-02-28T15:04:14.123+0300	INFO	logger/zap_logger.go:76	[SynchronizerVClock] Loaded key	{"key": "testdb:information_schema:columns:row:information_schemaschematadefault_character_set_schema:", "value": "[\"information_schema\",\"schemata\",\"default_character_set_schema\",5,null,true,\"TEXT\"]", "vclock": {"node1":15}}
2026-02-28T15:04:14.123+0300	INFO	logger/zap_logger.go:76	[SynchronizerVClock] Loaded key	{"key": "testdb:information_schema:columns:row:information_schemaschematadefault_character_set_catalog:", "value": "[\"information_schema\",\"schemata\",\"default_character_set_catalog\",4,null,true,\"TEXT\"]", "vclock": {"node1":16}}
2026-02-28T15:04:14.123+0300	DEBUG	logger/zap_logger.go:96	DEBUG: Parsed statement type: CREATE_TABLE

2026-02-28T15:04:14.123+0300	INFO	logger/zap_logger.go:76	[SynchronizerVClock] Loaded key	{"key": "testdb:information_schema:columns:row:information_schemaschematadefault_character_set_name:", "value": "[\"information_schema\",\"schemata\",\"default_character_set_name\",6,null,true,\"TEXT\"]", "vclock": {"node1":17}}
2026-02-28T15:04:14.123+0300	DEBUG	logger/zap_logger.go:96	Executing: 

INSERT INTO information_schema.schemata (catalog_name, schema_name, schema_owner) VALUES
    ('petacore', 'information_schema', 'system'),
    ('petacore', 'pg_catalog', 'system')
2026-02-28T15:04:14.123+0300	INFO	logger/zap_logger.go:76	[SynchronizerVClock] Loaded key	{"key": "testdb:information_schema:columns:row:information_schematablestable_name:", "value": "[\"information_schema\",\"tables\",\"table_name\",2,null,false,\"TEXT\"]", "vclock": {"node1":18}}
2026-02-28T15:04:14.123+0300	INFO	logger/zap_logger.go:76	[SynchronizerVClock] Loaded key	{"key": "testdb:information_schema:columns:row:information_schemacolumnstable_name:", "value": "[\"information_schema\",\"columns\",\"table_name\",2,null,false,\"TEXT\"]", "vclock": {"node1":19}}
2026-02-28T15:04:14.123+0300	INFO	logger/zap_logger.go:76	[SynchronizerVClock] Loaded key	{"key": "testdb:information_schema:columns:row:information_schemacolumnscolumn_default:", "value": "[\"information_schema\",\"columns\",\"column_default\",5,null,true,\"TEXT\"]", "vclock": {"node1":20}}
2026-02-28T15:04:14.123+0300	INFO	logger/zap_logger.go:76	[SynchronizerVClock] Loaded key	{"key": "testdb:information_schema:columns:row:information_schemacolumnsis_nullable:", "value": "[\"information_schema\",\"columns\",\"is_nullable\",6,null,false,\"BOOLEAN\"]", "vclock": {"node1":21}}
2026-02-28T15:04:14.123+0300	INFO	logger/zap_logger.go:76	[SynchronizerVClock] Loaded key	{"key": "testdb:information_schema:columns:row:information_schemaschematasql_path:", "value": "[\"information_schema\",\"schemata\",\"sql_path\",7,null,true,\"TEXT\"]", "vclock": {"node1":22}}
2026-02-28T15:04:14.123+0300	INFO	logger/zap_logger.go:76	[SynchronizerVClock] Loaded key	{"key": "schema:testdb:information_schema:schemata:", "value": "{\"Name\":\"information_schema.schemata\",\"Columns\":{\"catalog_name\":{\"Type\":0,\"IsNullable\":false,\"DefaultValue\":null,\"IsSerial\":false,\"IsUnique\":false,\"Idx\":1},\"default_character_set_catalog\":{\"Type\":0,\"IsNullable\":true,\"DefaultValue\":null,\"IsSerial\":false,\"IsUnique\":false,\"Idx\":4},\"default_character_set_name\":{\"Type\":0,\"IsNullable\":true,\"DefaultValue\":null,\"IsSerial\":false,\"IsUnique\":false,\"Idx\":6},\"default_character_set_schema\":{\"Type\":0,\"IsNullable\":true,\"DefaultValue\":null,\"IsSerial\":false,\"IsUnique\":false,\"Idx\":5},\"schema_name\":{\"Type\":0,\"IsNullable\":false,\"DefaultValue\":null,\"IsSerial\":false,\"IsUnique\":false,\"Idx\":2},\"schema_owner\":{\"Type\":0,\"IsNullable\":true,\"DefaultValue\":null,\"IsSerial\":false,\"IsUnique\":false,\"Idx\":3},\"sql_path\":{\"Type\":0,\"IsNullable\":true,\"DefaultValue\":null,\"IsSerial\":false,\"IsUnique\":false,\"Idx\":7}},\"PrimaryKeys\":[1,2]}", "vclock": {"node1":23}}
2026-02-28T15:04:14.123+0300	DEBUG	logger/zap_logger.go:96	DEBUG: Parsed statement type: INSERT

2026-02-28T15:04:14.123+0300	DEBUG	logger/zap_logger.go:96	DEBUG: Insert into information_schema.schemata: [[petacore information_schema system] [petacore pg_catalog system]]

2026-02-28T15:04:14.123+0300	DEBUG	logger/zap_logger.go:71	DEBUG: Table metadata:	{"meta": {"Name":"information_schema.schemata","Columns":{"catalog_name":{"Type":0,"IsNullable":false,"DefaultValue":null,"IsSerial":false,"IsUnique":false,"Idx":1},"default_character_set_catalog":{"Type":0,"IsNullable":true,"DefaultValue":null,"IsSerial":false,"IsUnique":false,"Idx":4},"default_character_set_name":{"Type":0,"IsNullable":true,"DefaultValue":null,"IsSerial":false,"IsUnique":false,"Idx":6},"default_character_set_schema":{"Type":0,"IsNullable":true,"DefaultValue":null,"IsSerial":false,"IsUnique":false,"Idx":5},"schema_name":{"Type":0,"IsNullable":false,"DefaultValue":null,"IsSerial":false,"IsUnique":false,"Idx":2},"schema_owner":{"Type":0,"IsNullable":true,"DefaultValue":null,"IsSerial":false,"IsUnique":false,"Idx":3},"sql_path":{"Type":0,"IsNullable":true,"DefaultValue":null,"IsSerial":false,"IsUnique":false,"Idx":7}},"PrimaryKeys":[1,2]}}
2026-02-28T15:04:14.123+0300	DEBUG	logger/zap_logger.go:71	DEBUG: Saved row: 	{"rowKey": "testdb:information_schema:schemata:row:petacoreinformation_schema:", "rowData": "[\"petacore\",\"information_schema\",\"system\",null,null,null,null]"}
2026-02-28T15:04:14.123+0300	DEBUG	logger/zap_logger.go:71	DEBUG: Saved row: 	{"rowKey": "testdb:information_schema:schemata:row:petacorepg_catalog:", "rowData": "[\"petacore\",\"pg_catalog\",\"system\",null,null,null,null]"}
2026-02-28T15:04:14.123+0300	INFO	logger/zap_logger.go:76	[SynchronizerVClock] Loaded key	{"key": "testdb:information_schema:schemata:row:petacoreinformation_schema:", "value": "[\"petacore\",\"information_schema\",\"system\",null,null,null,null]", "vclock": {"node1":24}}
2026-02-28T15:04:14.123+0300	DEBUG	logger/zap_logger.go:96	Executing: 

2026-02-28T15:04:14.123+0300	INFO	logger/zap_logger.go:101	Executing system initialization file: 0002_pg_catalog.sql
2026-02-28T15:04:14.123+0300	INFO	logger/zap_logger.go:76	[SynchronizerVClock] Loaded key	{"key": "testdb:information_schema:schemata:row:petacorepg_catalog:", "value": "[\"petacore\",\"pg_catalog\",\"system\",null,null,null,null]", "vclock": {"node1":25}}
2026-02-28T15:04:14.123+0300	DEBUG	logger/zap_logger.go:96	Executing: -- pg_catalog global system schema
-- Инициализация системных таблиц для базы 

CREATE TABLE IF NOT EXISTS pg_catalog.pg_tables (
    schemaname TEXT,
    schematable TEXT,
    tableowner TEXT,
    tablespace TEXT, -- TODO CHECK
    hasindexes BOOLEAN,
    hasrules BOOLEAN,
    hastriggers BOOLEAN,
    rowsecurity BOOLEAN,
    PRIMARY KEY (schemaname, schematable)
)
2026-02-28T15:04:14.123+0300	DEBUG	logger/zap_logger.go:96	DEBUG: Parsed statement type: CREATE_TABLE

2026-02-28T15:04:14.123+0300	DEBUG	logger/zap_logger.go:96	Executing: 

INSERT INTO pg_catalog.pg_tables (schemaname, schematable, tableowner, tablespace, hasindexes, hasrules, hastriggers, rowsecurity) VALUES
('pg_catalog', 'pg_tables', 'system', NULL, FALSE, FALSE, FALSE, FALSE),
('pg_catalog', 'pg_columns', 'system', NULL, FALSE, FALSE, FALSE, FALSE),
('pg_catalog', 'pg_class', 'system', NULL, FALSE, FALSE, FALSE, FALSE),
('pg_catalog', 'pg_attribute', 'system', NULL, FALSE, FALSE, FALSE, FALSE),
('pg_catalog', 'pg_proc', 'system', NULL, FALSE, FALSE, FALSE, FALSE),
('pg_catalog', 'pg_type', 'system', NULL, FALSE, FALSE, FALSE, FALSE),
('pg_catalog', 'pg_namespace', 'system', NULL, FALSE, FALSE, FALSE, FALSE),
('pg_catalog', 'pg_database', 'system', NULL, FALSE, FALSE, FALSE, FALSE),
('pg_catalog', 'pg_tablespace', 'system', NULL, FALSE, FALSE, FALSE, FALSE),
('pg_catalog', 'pg_roles', 'system', NULL, FALSE, FALSE, FALSE, FALSE),
('pg_catalog', 'pg_stat_ssl', 'system', NULL, FALSE, FALSE, FALSE, FALSE),
('pg_catalog', 'pg_shdescription', 'system', NULL, FALSE, FALSE, FALSE, FALSE),
('pg_catalog', 'pg_am', 'system', NULL, FALSE, FALSE, FALSE, FALSE)
2026-02-28T15:04:14.123+0300	INFO	logger/zap_logger.go:76	[SynchronizerVClock] Loaded key	{"key": "schema:testdb:pg_catalog:pg_tables:", "value": "{\"Name\":\"pg_catalog.pg_tables\",\"Columns\":{\"hasindexes\":{\"Type\":0,\"IsNullable\":true,\"DefaultValue\":null,\"IsSerial\":false,\"IsUnique\":false,\"Idx\":5},\"hasrules\":{\"Type\":0,\"IsNullable\":true,\"DefaultValue\":null,\"IsSerial\":false,\"IsUnique\":false,\"Idx\":6},\"hastriggers\":{\"Type\":0,\"IsNullable\":true,\"DefaultValue\":null,\"IsSerial\":false,\"IsUnique\":false,\"Idx\":7},\"rowsecurity\":{\"Type\":0,\"IsNullable\":true,\"DefaultValue\":null,\"IsSerial\":false,\"IsUnique\":false,\"Idx\":8},\"schemaname\":{\"Type\":0,\"IsNullable\":false,\"DefaultValue\":null,\"IsSerial\":false,\"IsUnique\":false,\"Idx\":1},\"schematable\":{\"Type\":0,\"IsNullable\":false,\"DefaultValue\":null,\"IsSerial\":false,\"IsUnique\":false,\"Idx\":2},\"tableowner\":{\"Type\":0,\"IsNullable\":true,\"DefaultValue\":null,\"IsSerial\":false,\"IsUnique\":false,\"Idx\":3},\"tablespace\":{\"Type\":0,\"IsNullable\":true,\"DefaultValue\":null,\"IsSerial\":false,\"IsUnique\":false,\"Idx\":4}},\"PrimaryKeys\":[1,2]}", "vclock": {"node1":26}}
2026-02-28T15:04:14.124+0300	DEBUG	logger/zap_logger.go:96	DEBUG: Parsed statement type: INSERT

2026-02-28T15:04:14.124+0300	DEBUG	logger/zap_logger.go:96	DEBUG: Insert into pg_catalog.pg_tables: [[pg_catalog pg_tables system NULL false false false false] [pg_catalog pg_columns system NULL false false false false] [pg_catalog pg_class system NULL false false false false] [pg_catalog pg_attribute system NULL false false false false] [pg_catalog pg_proc system NULL false false false false] [pg_catalog pg_type system NULL false false false false] [pg_catalog pg_namespace system NULL false false false false] [pg_catalog pg_database system NULL false false false false] [pg_catalog pg_tablespace system NULL false false false false] [pg_catalog pg_roles system NULL false false false false] [pg_catalog pg_stat_ssl system NULL false false false false] [pg_catalog pg_shdescription system NULL false false false false] [pg_catalog pg_am system NULL false false false false]]

2026-02-28T15:04:14.124+0300	DEBUG	logger/zap_logger.go:71	DEBUG: Table metadata:	{"meta": {"Name":"pg_catalog.pg_tables","Columns":{"hasindexes":{"Type":0,"IsNullable":true,"DefaultValue":null,"IsSerial":false,"IsUnique":false,"Idx":5},"hasrules":{"Type":0,"IsNullable":true,"DefaultValue":null,"IsSerial":false,"IsUnique":false,"Idx":6},"hastriggers":{"Type":0,"IsNullable":true,"DefaultValue":null,"IsSerial":false,"IsUnique":false,"Idx":7},"rowsecurity":{"Type":0,"IsNullable":true,"DefaultValue":null,"IsSerial":false,"IsUnique":false,"Idx":8},"schemaname":{"Type":0,"IsNullable":false,"DefaultValue":null,"IsSerial":false,"IsUnique":false,"Idx":1},"schematable":{"Type":0,"IsNullable":false,"DefaultValue":null,"IsSerial":false,"IsUnique":false,"Idx":2},"tableowner":{"Type":0,"IsNullable":true,"DefaultValue":null,"IsSerial":false,"IsUnique":false,"Idx":3},"tablespace":{"Type":0,"IsNullable":true,"DefaultValue":null,"IsSerial":false,"IsUnique":false,"Idx":4}},"PrimaryKeys":[1,2]}}
2026-02-28T15:04:14.124+0300	DEBUG	logger/zap_logger.go:71	DEBUG: Saved row: 	{"rowKey": "testdb:pg_catalog:pg_tables:row:pg_catalogpg_tables:", "rowData": "[\"pg_catalog\",\"pg_tables\",\"system\",\"NULL\",false,false,false,false]"}
2026-02-28T15:04:14.124+0300	DEBUG	logger/zap_logger.go:71	DEBUG: Saved row: 	{"rowKey": "testdb:pg_catalog:pg_tables:row:pg_catalogpg_columns:", "rowData": "[\"pg_catalog\",\"pg_columns\",\"system\",\"NULL\",false,false,false,false]"}
2026-02-28T15:04:14.124+0300	DEBUG	logger/zap_logger.go:71	DEBUG: Saved row: 	{"rowKey": "testdb:pg_catalog:pg_tables:row:pg_catalogpg_class:", "rowData": "[\"pg_catalog\",\"pg_class\",\"system\",\"NULL\",false,false,false,false]"}
2026-02-28T15:04:14.124+0300	DEBUG	logger/zap_logger.go:71	DEBUG: Saved row: 	{"rowKey": "testdb:pg_catalog:pg_tables:row:pg_catalogpg_attribute:", "rowData": "[\"pg_catalog\",\"pg_attribute\",\"system\",\"NULL\",false,false,false,false]"}
2026-02-28T15:04:14.124+0300	DEBUG	logger/zap_logger.go:71	DEBUG: Saved row: 	{"rowKey": "testdb:pg_catalog:pg_tables:row:pg_catalogpg_proc:", "rowData": "[\"pg_catalog\",\"pg_proc\",\"system\",\"NULL\",false,false,false,false]"}
2026-02-28T15:04:14.124+0300	DEBUG	logger/zap_logger.go:71	DEBUG: Saved row: 	{"rowKey": "testdb:pg_catalog:pg_tables:row:pg_catalogpg_type:", "rowData": "[\"pg_catalog\",\"pg_type\",\"system\",\"NULL\",false,false,false,false]"}
2026-02-28T15:04:14.124+0300	DEBUG	logger/zap_logger.go:71	DEBUG: Saved row: 	{"rowKey": "testdb:pg_catalog:pg_tables:row:pg_catalogpg_namespace:", "rowData": "[\"pg_catalog\",\"pg_namespace\",\"system\",\"NULL\",false,false,false,false]"}
2026-02-28T15:04:14.124+0300	DEBUG	logger/zap_logger.go:71	DEBUG: Saved row: 	{"rowKey": "testdb:pg_catalog:pg_tables:row:pg_catalogpg_database:", "rowData": "[\"pg_catalog\",\"pg_database\",\"system\",\"NULL\",false,false,false,false]"}
2026-02-28T15:04:14.124+0300	DEBUG	logger/zap_logger.go:71	DEBUG: Saved row: 	{"rowKey": "testdb:pg_catalog:pg_tables:row:pg_catalogpg_tablespace:", "rowData": "[\"pg_catalog\",\"pg_tablespace\",\"system\",\"NULL\",false,false,false,false]"}
2026-02-28T15:04:14.124+0300	DEBUG	logger/zap_logger.go:71	DEBUG: Saved row: 	{"rowKey": "testdb:pg_catalog:pg_tables:row:pg_catalogpg_roles:", "rowData": "[\"pg_catalog\",\"pg_roles\",\"system\",\"NULL\",false,false,false,false]"}
2026-02-28T15:04:14.124+0300	DEBUG	logger/zap_logger.go:71	DEBUG: Saved row: 	{"rowKey": "testdb:pg_catalog:pg_tables:row:pg_catalogpg_stat_ssl:", "rowData": "[\"pg_catalog\",\"pg_stat_ssl\",\"system\",\"NULL\",false,false,false,false]"}
2026-02-28T15:04:14.124+0300	DEBUG	logger/zap_logger.go:71	DEBUG: Saved row: 	{"rowKey": "testdb:pg_catalog:pg_tables:row:pg_catalogpg_shdescription:", "rowData": "[\"pg_catalog\",\"pg_shdescription\",\"system\",\"NULL\",false,false,false,false]"}
2026-02-28T15:04:14.124+0300	DEBUG	logger/zap_logger.go:71	DEBUG: Saved row: 	{"rowKey": "testdb:pg_catalog:pg_tables:row:pg_catalogpg_am:", "rowData": "[\"pg_catalog\",\"pg_am\",\"system\",\"NULL\",false,false,false,false]"}
2026-02-28T15:04:14.124+0300	INFO	logger/zap_logger.go:76	[SynchronizerVClock] Loaded key	{"key": "testdb:pg_catalog:pg_tables:row:pg_catalogpg_tables:", "value": "[\"pg_catalog\",\"pg_tables\",\"system\",\"NULL\",false,false,false,false]", "vclock": {"node1":27}}
2026-02-28T15:04:14.124+0300	INFO	logger/zap_logger.go:76	[SynchronizerVClock] Loaded key	{"key": "testdb:pg_catalog:pg_tables:row:pg_catalogpg_columns:", "value": "[\"pg_catalog\",\"pg_columns\",\"system\",\"NULL\",false,false,false,false]", "vclock": {"node1":28}}
2026-02-28T15:04:14.125+0300	DEBUG	logger/zap_logger.go:96	Executing: 


CREATE TABLE IF NOT EXISTS pg_catalog.pg_columns (
    table_schema TEXT,
    table_name TEXT,
    column_name TEXT,
    original_position INTEGER,
    column_default TEXT, -- TODO check default
    is_nullable BOOLEAN,
    data_type TEXT,
    character_maximum_length INTEGER, -- TODO check
    numeric_precision INTEGER, -- TODO check
    PRIMARY KEY (table_schema, table_name, column_name)
)
2026-02-28T15:04:14.125+0300	INFO	logger/zap_logger.go:76	[SynchronizerVClock] Loaded key	{"key": "testdb:pg_catalog:pg_tables:row:pg_catalogpg_attribute:", "value": "[\"pg_catalog\",\"pg_attribute\",\"system\",\"NULL\",false,false,false,false]", "vclock": {"node1":29}}
2026-02-28T15:04:14.125+0300	INFO	logger/zap_logger.go:76	[SynchronizerVClock] Loaded key	{"key": "testdb:pg_catalog:pg_tables:row:pg_catalogpg_type:", "value": "[\"pg_catalog\",\"pg_type\",\"system\",\"NULL\",false,false,false,false]", "vclock": {"node1":30}}
2026-02-28T15:04:14.125+0300	INFO	logger/zap_logger.go:76	[SynchronizerVClock] Loaded key	{"key": "testdb:pg_catalog:pg_tables:row:pg_catalogpg_tablespace:", "value": "[\"pg_catalog\",\"pg_tablespace\",\"system\",\"NULL\",false,false,false,false]", "vclock": {"node1":31}}
2026-02-28T15:04:14.125+0300	INFO	logger/zap_logger.go:76	[SynchronizerVClock] Loaded key	{"key": "testdb:pg_catalog:pg_tables:row:pg_catalogpg_class:", "value": "[\"pg_catalog\",\"pg_class\",\"system\",\"NULL\",false,false,false,false]", "vclock": {"node1":32}}
2026-02-28T15:04:14.125+0300	INFO	logger/zap_logger.go:76	[SynchronizerVClock] Loaded key	{"key": "testdb:pg_catalog:pg_tables:row:pg_catalogpg_proc:", "value": "[\"pg_catalog\",\"pg_proc\",\"system\",\"NULL\",false,false,false,false]", "vclock": {"node1":33}}
2026-02-28T15:04:14.125+0300	INFO	logger/zap_logger.go:76	[SynchronizerVClock] Loaded key	{"key": "testdb:pg_catalog:pg_tables:row:pg_catalogpg_namespace:", "value": "[\"pg_catalog\",\"pg_namespace\",\"system\",\"NULL\",false,false,false,false]", "vclock": {"node1":34}}
2026-02-28T15:04:14.125+0300	INFO	logger/zap_logger.go:76	[SynchronizerVClock] Loaded key	{"key": "testdb:pg_catalog:pg_tables:row:pg_catalogpg_database:", "value": "[\"pg_catalog\",\"pg_database\",\"system\",\"NULL\",false,false,false,false]", "vclock": {"node1":35}}
2026-02-28T15:04:14.125+0300	INFO	logger/zap_logger.go:76	[SynchronizerVClock] Loaded key	{"key": "testdb:pg_catalog:pg_tables:row:pg_catalogpg_roles:", "value": "[\"pg_catalog\",\"pg_roles\",\"system\",\"NULL\",false,false,false,false]", "vclock": {"node1":36}}
2026-02-28T15:04:14.125+0300	INFO	logger/zap_logger.go:76	[SynchronizerVClock] Loaded key	{"key": "testdb:pg_catalog:pg_tables:row:pg_catalogpg_stat_ssl:", "value": "[\"pg_catalog\",\"pg_stat_ssl\",\"system\",\"NULL\",false,false,false,false]", "vclock": {"node1":37}}
2026-02-28T15:04:14.125+0300	INFO	logger/zap_logger.go:76	[SynchronizerVClock] Loaded key	{"key": "testdb:pg_catalog:pg_tables:row:pg_catalogpg_shdescription:", "value": "[\"pg_catalog\",\"pg_shdescription\",\"system\",\"NULL\",false,false,false,false]", "vclock": {"node1":38}}
2026-02-28T15:04:14.125+0300	INFO	logger/zap_logger.go:76	[SynchronizerVClock] Loaded key	{"key": "testdb:pg_catalog:pg_tables:row:pg_catalogpg_am:", "value": "[\"pg_catalog\",\"pg_am\",\"system\",\"NULL\",false,false,false,false]", "vclock": {"node1":39}}
2026-02-28T15:04:14.125+0300	DEBUG	logger/zap_logger.go:96	DEBUG: Parsed statement type: CREATE_TABLE

2026-02-28T15:04:14.125+0300	DEBUG	logger/zap_logger.go:96	Executing: 

INSERT INTO pg_catalog.pg_columns (table_schema, table_name, column_name, original_position, column_default, is_nullable, data_type, character_maximum_length, numeric_precision) VALUES
('pg_catalog', 'pg_tables',  'schemaname', 1, NULL, FALSE, 'TEXT', NULL, NULL),
('pg_catalog', 'pg_tables',  'schematable', 2, NULL, FALSE, 'TEXT', NULL, NULL),
('pg_catalog', 'pg_tables',  'tableowner', 3, NULL, FALSE, 'TEXT', NULL, NULL),
('pg_catalog', 'pg_tables',  'tablespace', 4, NULL, TRUE, 'TEXT', NULL, NULL),
('pg_catalog', 'pg_tables',  'hasindexes', 5, NULL, FALSE, 'BOOLEAN', NULL, NULL),
('pg_catalog', 'pg_tables',  'hasrules', 6, NULL, FALSE, 'BOOLEAN', NULL, NULL),
('pg_catalog', 'pg_tables',  'hastriggers', 7, NULL, FALSE, 'BOOLEAN', NULL, NULL),
('pg_catalog', 'pg_tables',  'rowsecurity', 8, NULL, FALSE, 'BOOLEAN', NULL, NULL)
2026-02-28T15:04:14.125+0300	INFO	logger/zap_logger.go:76	[SynchronizerVClock] Loaded key	{"key": "schema:testdb:pg_catalog:pg_columns:", "value": "{\"Name\":\"pg_catalog.pg_columns\",\"Columns\":{\"character_maximum_length\":{\"Type\":0,\"IsNullable\":true,\"DefaultValue\":null,\"IsSerial\":false,\"IsUnique\":false,\"Idx\":8},\"column_default\":{\"Type\":0,\"IsNullable\":true,\"DefaultValue\":null,\"IsSerial\":false,\"IsUnique\":false,\"Idx\":5},\"column_name\":{\"Type\":0,\"IsNullable\":false,\"DefaultValue\":null,\"IsSerial\":false,\"IsUnique\":false,\"Idx\":3},\"data_type\":{\"Type\":0,\"IsNullable\":true,\"DefaultValue\":null,\"IsSerial\":false,\"IsUnique\":false,\"Idx\":7},\"is_nullable\":{\"Type\":0,\"IsNullable\":true,\"DefaultValue\":null,\"IsSerial\":false,\"IsUnique\":false,\"Idx\":6},\"numeric_precision\":{\"Type\":0,\"IsNullable\":true,\"DefaultValue\":null,\"IsSerial\":false,\"IsUnique\":false,\"Idx\":9},\"original_position\":{\"Type\":0,\"IsNullable\":true,\"DefaultValue\":null,\"IsSerial\":false,\"IsUnique\":false,\"Idx\":4},\"table_name\":{\"Type\":0,\"IsNullable\":false,\"DefaultValue\":null,\"IsSerial\":false,\"IsUnique\":false,\"Idx\":2},\"table_schema\":{\"Type\":0,\"IsNullable\":false,\"DefaultValue\":null,\"IsSerial\":false,\"IsUnique\":false,\"Idx\":1}},\"PrimaryKeys\":[1,2,3]}", "vclock": {"node1":40}}
2026-02-28T15:04:14.125+0300	DEBUG	logger/zap_logger.go:96	DEBUG: Parsed statement type: INSERT

2026-02-28T15:04:14.125+0300	DEBUG	logger/zap_logger.go:96	DEBUG: Insert into pg_catalog.pg_columns: [[pg_catalog pg_tables schemaname 1 NULL false TEXT NULL NULL] [pg_catalog pg_tables schematable 2 NULL false TEXT NULL NULL] [pg_catalog pg_tables tableowner 3 NULL false TEXT NULL NULL] [pg_catalog pg_tables tablespace 4 NULL true TEXT NULL NULL] [pg_catalog pg_tables hasindexes 5 NULL false BOOLEAN NULL NULL] [pg_catalog pg_tables hasrules 6 NULL false BOOLEAN NULL NULL] [pg_catalog pg_tables hastriggers 7 NULL false BOOLEAN NULL NULL] [pg_catalog pg_tables rowsecurity 8 NULL false BOOLEAN NULL NULL]]

2026-02-28T15:04:14.125+0300	DEBUG	logger/zap_logger.go:71	DEBUG: Table metadata:	{"meta": {"Name":"pg_catalog.pg_columns","Columns":{"character_maximum_length":{"Type":0,"IsNullable":true,"DefaultValue":null,"IsSerial":false,"IsUnique":false,"Idx":8},"column_default":{"Type":0,"IsNullable":true,"DefaultValue":null,"IsSerial":false,"IsUnique":false,"Idx":5},"column_name":{"Type":0,"IsNullable":false,"DefaultValue":null,"IsSerial":false,"IsUnique":false,"Idx":3},"data_type":{"Type":0,"IsNullable":true,"DefaultValue":null,"IsSerial":false,"IsUnique":false,"Idx":7},"is_nullable":{"Type":0,"IsNullable":true,"DefaultValue":null,"IsSerial":false,"IsUnique":false,"Idx":6},"numeric_precision":{"Type":0,"IsNullable":true,"DefaultValue":null,"IsSerial":false,"IsUnique":false,"Idx":9},"original_position":{"Type":0,"IsNullable":true,"DefaultValue":null,"IsSerial":false,"IsUnique":false,"Idx":4},"table_name":{"Type":0,"IsNullable":false,"DefaultValue":null,"IsSerial":false,"IsUnique":false,"Idx":2},"table_schema":{"Type":0,"IsNullable":false,"DefaultValue":null,"IsSerial":false,"IsUnique":false,"Idx":1}},"PrimaryKeys":[1,2,3]}}
2026-02-28T15:04:14.125+0300	DEBUG	logger/zap_logger.go:71	DEBUG: Saved row: 	{"rowKey": "testdb:pg_catalog:pg_columns:row:pg_catalogpg_tablesschemaname:", "rowData": "[\"pg_catalog\",\"pg_tables\",\"schemaname\",1,\"NULL\",false,\"TEXT\",\"NULL\",\"NULL\"]"}
2026-02-28T15:04:14.125+0300	DEBUG	logger/zap_logger.go:71	DEBUG: Saved row: 	{"rowKey": "testdb:pg_catalog:pg_columns:row:pg_catalogpg_tablesschematable:", "rowData": "[\"pg_catalog\",\"pg_tables\",\"schematable\",2,\"NULL\",false,\"TEXT\",\"NULL\",\"NULL\"]"}
2026-02-28T15:04:14.125+0300	DEBUG	logger/zap_logger.go:71	DEBUG: Saved row: 	{"rowKey": "testdb:pg_catalog:pg_columns:row:pg_catalogpg_tablestableowner:", "rowData": "[\"pg_catalog\",\"pg_tables\",\"tableowner\",3,\"NULL\",false,\"TEXT\",\"NULL\",\"NULL\"]"}
2026-02-28T15:04:14.125+0300	DEBUG	logger/zap_logger.go:71	DEBUG: Saved row: 	{"rowKey": "testdb:pg_catalog:pg_columns:row:pg_catalogpg_tablestablespace:", "rowData": "[\"pg_catalog\",\"pg_tables\",\"tablespace\",4,\"NULL\",true,\"TEXT\",\"NULL\",\"NULL\"]"}
2026-02-28T15:04:14.125+0300	DEBUG	logger/zap_logger.go:71	DEBUG: Saved row: 	{"rowKey": "testdb:pg_catalog:pg_columns:row:pg_catalogpg_tableshasindexes:", "rowData": "[\"pg_catalog\",\"pg_tables\",\"hasindexes\",5,\"NULL\",false,\"BOOLEAN\",\"NULL\",\"NULL\"]"}
2026-02-28T15:04:14.125+0300	DEBUG	logger/zap_logger.go:71	DEBUG: Saved row: 	{"rowKey": "testdb:pg_catalog:pg_columns:row:pg_catalogpg_tableshasrules:", "rowData": "[\"pg_catalog\",\"pg_tables\",\"hasrules\",6,\"NULL\",false,\"BOOLEAN\",\"NULL\",\"NULL\"]"}
2026-02-28T15:04:14.125+0300	DEBUG	logger/zap_logger.go:71	DEBUG: Saved row: 	{"rowKey": "testdb:pg_catalog:pg_columns:row:pg_catalogpg_tableshastriggers:", "rowData": "[\"pg_catalog\",\"pg_tables\",\"hastriggers\",7,\"NULL\",false,\"BOOLEAN\",\"NULL\",\"NULL\"]"}
2026-02-28T15:04:14.125+0300	DEBUG	logger/zap_logger.go:71	DEBUG: Saved row: 	{"rowKey": "testdb:pg_catalog:pg_columns:row:pg_catalogpg_tablesrowsecurity:", "rowData": "[\"pg_catalog\",\"pg_tables\",\"rowsecurity\",8,\"NULL\",false,\"BOOLEAN\",\"NULL\",\"NULL\"]"}
2026-02-28T15:04:14.125+0300	INFO	logger/zap_logger.go:76	[SynchronizerVClock] Loaded key	{"key": "testdb:pg_catalog:pg_columns:row:pg_catalogpg_tablestablespace:", "value": "[\"pg_catalog\",\"pg_tables\",\"tablespace\",4,\"NULL\",true,\"TEXT\",\"NULL\",\"NULL\"]", "vclock": {"node1":41}}
2026-02-28T15:04:14.126+0300	DEBUG	logger/zap_logger.go:96	Executing: 

CREATE TABLE IF NOT EXISTS pg_catalog.pg_class (
    oid INTEGER,
    relname TEXT,
    relnamespace INTEGER,
    reltype INTEGER,
    reloftype INTEGER,
    relowner INTEGER,
    relam INTEGER,
    relfilenode INTEGER,
    reltablespace INTEGER,
    relpages INTEGER,
    reltuples FLOAT,
    relallvisible INTEGER,
    reltoastrelid INTEGER,
    relhasindex BOOLEAN,
    relisshared BOOLEAN,
    relpersistence TEXT,
    relkind TEXT,
    relnatts INTEGER,
    relchecks INTEGER,
    relhasrules BOOLEAN,
    relhastriggers BOOLEAN,
    relhassubclass BOOLEAN,
    relrowsecurity BOOLEAN,
    relforcerowsecurity BOOLEAN,
    relispopulated BOOLEAN,
    relreplident TEXT,
    relispartition BOOLEAN,
    relrewrite INTEGER,
    relfrozenxid INTEGER,
    relminmxid INTEGER,
    PRIMARY KEY (oid)
)
2026-02-28T15:04:14.126+0300	INFO	logger/zap_logger.go:76	[SynchronizerVClock] Loaded key	{"key": "testdb:pg_catalog:pg_columns:row:pg_catalogpg_tableshasindexes:", "value": "[\"pg_catalog\",\"pg_tables\",\"hasindexes\",5,\"NULL\",false,\"BOOLEAN\",\"NULL\",\"NULL\"]", "vclock": {"node1":42}}
2026-02-28T15:04:14.126+0300	INFO	logger/zap_logger.go:76	[SynchronizerVClock] Loaded key	{"key": "testdb:pg_catalog:pg_columns:row:pg_catalogpg_tableshasrules:", "value": "[\"pg_catalog\",\"pg_tables\",\"hasrules\",6,\"NULL\",false,\"BOOLEAN\",\"NULL\",\"NULL\"]", "vclock": {"node1":43}}
2026-02-28T15:04:14.126+0300	INFO	logger/zap_logger.go:76	[SynchronizerVClock] Loaded key	{"key": "testdb:pg_catalog:pg_columns:row:pg_catalogpg_tableshastriggers:", "value": "[\"pg_catalog\",\"pg_tables\",\"hastriggers\",7,\"NULL\",false,\"BOOLEAN\",\"NULL\",\"NULL\"]", "vclock": {"node1":44}}
2026-02-28T15:04:14.126+0300	INFO	logger/zap_logger.go:76	[SynchronizerVClock] Loaded key	{"key": "testdb:pg_catalog:pg_columns:row:pg_catalogpg_tablesrowsecurity:", "value": "[\"pg_catalog\",\"pg_tables\",\"rowsecurity\",8,\"NULL\",false,\"BOOLEAN\",\"NULL\",\"NULL\"]", "vclock": {"node1":45}}
2026-02-28T15:04:14.126+0300	INFO	logger/zap_logger.go:76	[SynchronizerVClock] Loaded key	{"key": "testdb:pg_catalog:pg_columns:row:pg_catalogpg_tablesschemaname:", "value": "[\"pg_catalog\",\"pg_tables\",\"schemaname\",1,\"NULL\",false,\"TEXT\",\"NULL\",\"NULL\"]", "vclock": {"node1":46}}
2026-02-28T15:04:14.126+0300	INFO	logger/zap_logger.go:76	[SynchronizerVClock] Loaded key	{"key": "testdb:pg_catalog:pg_columns:row:pg_catalogpg_tablesschematable:", "value": "[\"pg_catalog\",\"pg_tables\",\"schematable\",2,\"NULL\",false,\"TEXT\",\"NULL\",\"NULL\"]", "vclock": {"node1":47}}
2026-02-28T15:04:14.126+0300	DEBUG	logger/zap_logger.go:96	DEBUG: Parsed statement type: CREATE_TABLE

2026-02-28T15:04:14.126+0300	INFO	logger/zap_logger.go:76	[SynchronizerVClock] Loaded key	{"key": "testdb:pg_catalog:pg_columns:row:pg_catalogpg_tablestableowner:", "value": "[\"pg_catalog\",\"pg_tables\",\"tableowner\",3,\"NULL\",false,\"TEXT\",\"NULL\",\"NULL\"]", "vclock": {"node1":48}}
2026-02-28T15:04:14.126+0300	DEBUG	logger/zap_logger.go:96	Executing: 

INSERT INTO pg_catalog.pg_class (
    oid, relname, relnamespace, reltype, reloftype, relowner,
    relam, relfilenode, reltablespace, relpages, reltuples,
    relallvisible, reltoastrelid, relhasindex, relisshared,
    relpersistence, relkind, relnatts, relchecks, relhasrules,
    relhastriggers, relhassubclass, relrowsecurity,
    relforcerowsecurity, relispopulated, relreplident,
    relispartition, relrewrite, relfrozenxid, relminmxid
) VALUES
(1259, 'pg_tables', 11, 0, 0, 10, 0, 0, 0, 0, 0.0, 0, 0, FALSE, FALSE, 'p', 'r', 8, 0, FALSE, FALSE, FALSE, FALSE, FALSE, TRUE, 'n', FALSE, 0, 0, 0),
(1260, 'pg_columns', 11, 0, 0, 10, 0, 0, 0, 0, 0.0, 0, 0, FALSE, FALSE, 'p', 'r', 9, 0, FALSE, FALSE, FALSE, FALSE, FALSE, TRUE, 'n', FALSE, 0, 0, 0),
(1261, 'pg_class', 11, 83, 0, 10, 0, 0, 0, 0, 0.0, 0, 0, FALSE, FALSE, 'p', 'r', 30, 0, FALSE, FALSE, FALSE, FALSE, FALSE, TRUE, 'n', FALSE, 0, 0, 0),
(1249, 'pg_attribute', 11, 75, 0, 10, 0, 0, 0, 0, 0.0, 0, 0, FALSE, FALSE, 'p', 'r', 23, 0, FALSE, FALSE, FALSE, FALSE, FALSE, TRUE, 'n', FALSE, 0, 0, 0),
(1255, 'pg_proc', 11, 81, 0, 10, 0, 0, 0, 0, 0.0, 0, 0, FALSE, FALSE, 'p', 'r', 29, 0, FALSE, FALSE, FALSE, FALSE, FALSE, TRUE, 'n', FALSE, 0, 0, 0),
(1247, 'pg_type', 11, 71, 0, 10, 0, 0, 0, 0, 0.0, 0, 0, FALSE, FALSE, 'p', 'r', 31, 0, FALSE, FALSE, FALSE, FALSE, FALSE, TRUE, 'n', FALSE, 0, 0, 0),
(2615, 'pg_namespace', 11, 2615, 0, 10, 0, 0, 0, 0, 0.0, 0, 0, FALSE, FALSE, 'p', 'r', 4, 0, FALSE, FALSE, FALSE, FALSE, FALSE, TRUE, 'n', FALSE, 0, 0, 0),
(1262, 'pg_database', 11, 1248, 0, 10, 0, 0, 0, 0, 0.0, 0, 0, FALSE, FALSE, 'p', 'r', 14, 0, FALSE, FALSE, FALSE, FALSE, FALSE, TRUE, 'n', FALSE, 0, 0, 0),
(1213, 'pg_tablespace', 11, 1213, 0, 10, 0, 0, 0, 0, 0.0, 0, 0, FALSE, FALSE, 'p', 'r', 5, 0, FALSE, FALSE, FALSE, FALSE, FALSE, TRUE, 'n', FALSE, 0, 0, 0),
(1263, 'pg_shdescription', 11, 0, 0, 10, 0, 0, 0, 0, 0.0, 0, 0, FALSE, FALSE, 'p', 'r', 4, 0, FALSE, FALSE, FALSE, FALSE, FALSE, TRUE, 'n', FALSE, 0, 0, 0),
(2601, 'pg_am', 11, 0, 0, 10, 0, 0, 0, 0, 0.0, 0, 0, FALSE, FALSE, 'p', 'r', 4, 0, FALSE, FALSE, FALSE, FALSE, FALSE, TRUE, 'n', FALSE, 0, 0, 0)
2026-02-28T15:04:14.126+0300	INFO	logger/zap_logger.go:76	[SynchronizerVClock] Loaded key	{"key": "schema:testdb:pg_catalog:pg_class:", "value": "{\"Name\":\"pg_catalog.pg_class\",\"Columns\":{\"oid\":{\"Type\":0,\"IsNullable\":false,\"DefaultValue\":null,\"IsSerial\":false,\"IsUnique\":false,\"Idx\":1},\"relallvisible\":{\"Type\":0,\"IsNullable\":true,\"DefaultValue\":null,\"IsSerial\":false,\"IsUnique\":false,\"Idx\":12},\"relam\":{\"Type\":0,\"IsNullable\":true,\"DefaultValue\":null,\"IsSerial\":false,\"IsUnique\":false,\"Idx\":7},\"relchecks\":{\"Type\":0,\"IsNullable\":true,\"DefaultValue\":null,\"IsSerial\":false,\"IsUnique\":false,\"Idx\":19},\"relfilenode\":{\"Type\":0,\"IsNullable\":true,\"DefaultValue\":null,\"IsSerial\":false,\"IsUnique\":false,\"Idx\":8},\"relforcerowsecurity\":{\"Type\":0,\"IsNullable\":true,\"DefaultValue\":null,\"IsSerial\":false,\"IsUnique\":false,\"Idx\":24},\"relfrozenxid\":{\"Type\":0,\"IsNullable\":true,\"DefaultValue\":null,\"IsSerial\":false,\"IsUnique\":false,\"Idx\":29},\"relhasindex\":{\"Type\":0,\"IsNullable\":true,\"DefaultValue\":null,\"IsSerial\":false,\"IsUnique\":false,\"Idx\":14},\"relhasrules\":{\"Type\":0,\"IsNullable\":true,\"DefaultValue\":null,\"IsSerial\":false,\"IsUnique\":false,\"Idx\":20},\"relhassubclass\":{\"Type\":0,\"IsNullable\":true,\"DefaultValue\":null,\"IsSerial\":false,\"IsUnique\":false,\"Idx\":22},\"relhastriggers\":{\"Type\":0,\"IsNullable\":true,\"DefaultValue\":null,\"IsSerial\":false,\"IsUnique\":false,\"Idx\":21},\"relispartition\":{\"Type\":0,\"IsNullable\":true,\"DefaultValue\":null,\"IsSerial\":false,\"IsUnique\":false,\"Idx\":27},\"relispopulated\":{\"Type\":0,\"IsNullable\":true,\"DefaultValue\":null,\"IsSerial\":false,\"IsUnique\":false,\"Idx\":25},\"relisshared\":{\"Type\":0,\"IsNullable\":true,\"DefaultValue\":null,\"IsSerial\":false,\"IsUnique\":false,\"Idx\":15},\"relkind\":{\"Type\":0,\"IsNullable\":true,\"DefaultValue\":null,\"IsSerial\":false,\"IsUnique\":false,\"Idx\":17},\"relminmxid\":{\"Type\":0,\"IsNullable\":true,\"DefaultValue\":null,\"IsSerial\":false,\"IsUnique\":false,\"Idx\":30},\"relname\":{\"Type\":0,\"IsNullable\":true,\"DefaultValue\":null,\"IsSerial\":false,\"IsUnique\":false,\"Idx\":2},\"relnamespace\":{\"Type\":0,\"IsNullable\":true,\"DefaultValue\":null,\"IsSerial\":false,\"IsUnique\":false,\"Idx\":3},\"relnatts\":{\"Type\":0,\"IsNullable\":true,\"DefaultValue\":null,\"IsSerial\":false,\"IsUnique\":false,\"Idx\":18},\"reloftype\":{\"Type\":0,\"IsNullable\":true,\"DefaultValue\":null,\"IsSerial\":false,\"IsUnique\":false,\"Idx\":5},\"relowner\":{\"Type\":0,\"IsNullable\":true,\"DefaultValue\":null,\"IsSerial\":false,\"IsUnique\":false,\"Idx\":6},\"relpages\":{\"Type\":0,\"IsNullable\":true,\"DefaultValue\":null,\"IsSerial\":false,\"IsUnique\":false,\"Idx\":10},\"relpersistence\":{\"Type\":0,\"IsNullable\":true,\"DefaultValue\":null,\"IsSerial\":false,\"IsUnique\":false,\"Idx\":16},\"relreplident\":{\"Type\":0,\"IsNullable\":true,\"DefaultValue\":null,\"IsSerial\":false,\"IsUnique\":false,\"Idx\":26},\"relrewrite\":{\"Type\":0,\"IsNullable\":true,\"DefaultValue\":null,\"IsSerial\":false,\"IsUnique\":false,\"Idx\":28},\"relrowsecurity\":{\"Type\":0,\"IsNullable\":true,\"DefaultValue\":null,\"IsSerial\":false,\"IsUnique\":false,\"Idx\":23},\"reltablespace\":{\"Type\":0,\"IsNullable\":true,\"DefaultValue\":null,\"IsSerial\":false,\"IsUnique\":false,\"Idx\":9},\"reltoastrelid\":{\"Type\":0,\"IsNullable\":true,\"DefaultValue\":null,\"IsSerial\":false,\"IsUnique\":false,\"Idx\":13},\"reltuples\":{\"Type\":3,\"IsNullable\":true,\"DefaultValue\":null,\"IsSerial\":false,\"IsUnique\":false,\"Idx\":11},\"reltype\":{\"Type\":0,\"IsNullable\":true,\"DefaultValue\":null,\"IsSerial\":false,\"IsUnique\":false,\"Idx\":4}},\"PrimaryKeys\":[1]}", "vclock": {"node1":49}}
2026-02-28T15:04:14.128+0300	DEBUG	logger/zap_logger.go:96	DEBUG: Parsed statement type: INSERT

2026-02-28T15:04:14.128+0300	DEBUG	logger/zap_logger.go:96	DEBUG: Insert into pg_catalog.pg_class: [[1259 pg_tables 11 0 0 10 0 0 0 0 0 0 0 false false p r 8 0 false false false false false true n false 0 0 0] [1260 pg_columns 11 0 0 10 0 0 0 0 0 0 0 false false p r 9 0 false false false false false true n false 0 0 0] [1261 pg_class 11 83 0 10 0 0 0 0 0 0 0 false false p r 30 0 false false false false false true n false 0 0 0] [1249 pg_attribute 11 75 0 10 0 0 0 0 0 0 0 false false p r 23 0 false false false false false true n false 0 0 0] [1255 pg_proc 11 81 0 10 0 0 0 0 0 0 0 false false p r 29 0 false false false false false true n false 0 0 0] [1247 pg_type 11 71 0 10 0 0 0 0 0 0 0 false false p r 31 0 false false false false false true n false 0 0 0] [2615 pg_namespace 11 2615 0 10 0 0 0 0 0 0 0 false false p r 4 0 false false false false false true n false 0 0 0] [1262 pg_database 11 1248 0 10 0 0 0 0 0 0 0 false false p r 14 0 false false false false false true n false 0 0 0] [1213 pg_tablespace 11 1213 0 10 0 0 0 0 0 0 0 false false p r 5 0 false false false false false true n false 0 0 0] [1263 pg_shdescription 11 0 0 10 0 0 0 0 0 0 0 false false p r 4 0 false false false false false true n false 0 0 0] [2601 pg_am 11 0 0 10 0 0 0 0 0 0 0 false false p r 4 0 false false false false false true n false 0 0 0]]

2026-02-28T15:04:14.129+0300	DEBUG	logger/zap_logger.go:71	DEBUG: Table metadata:	{"meta": {"Name":"pg_catalog.pg_class","Columns":{"oid":{"Type":0,"IsNullable":false,"DefaultValue":null,"IsSerial":false,"IsUnique":false,"Idx":1},"relallvisible":{"Type":0,"IsNullable":true,"DefaultValue":null,"IsSerial":false,"IsUnique":false,"Idx":12},"relam":{"Type":0,"IsNullable":true,"DefaultValue":null,"IsSerial":false,"IsUnique":false,"Idx":7},"relchecks":{"Type":0,"IsNullable":true,"DefaultValue":null,"IsSerial":false,"IsUnique":false,"Idx":19},"relfilenode":{"Type":0,"IsNullable":true,"DefaultValue":null,"IsSerial":false,"IsUnique":false,"Idx":8},"relforcerowsecurity":{"Type":0,"IsNullable":true,"DefaultValue":null,"IsSerial":false,"IsUnique":false,"Idx":24},"relfrozenxid":{"Type":0,"IsNullable":true,"DefaultValue":null,"IsSerial":false,"IsUnique":false,"Idx":29},"relhasindex":{"Type":0,"IsNullable":true,"DefaultValue":null,"IsSerial":false,"IsUnique":false,"Idx":14},"relhasrules":{"Type":0,"IsNullable":true,"DefaultValue":null,"IsSerial":false,"IsUnique":false,"Idx":20},"relhassubclass":{"Type":0,"IsNullable":true,"DefaultValue":null,"IsSerial":false,"IsUnique":false,"Idx":22},"relhastriggers":{"Type":0,"IsNullable":true,"DefaultValue":null,"IsSerial":false,"IsUnique":false,"Idx":21},"relispartition":{"Type":0,"IsNullable":true,"DefaultValue":null,"IsSerial":false,"IsUnique":false,"Idx":27},"relispopulated":{"Type":0,"IsNullable":true,"DefaultValue":null,"IsSerial":false,"IsUnique":false,"Idx":25},"relisshared":{"Type":0,"IsNullable":true,"DefaultValue":null,"IsSerial":false,"IsUnique":false,"Idx":15},"relkind":{"Type":0,"IsNullable":true,"DefaultValue":null,"IsSerial":false,"IsUnique":false,"Idx":17},"relminmxid":{"Type":0,"IsNullable":true,"DefaultValue":null,"IsSerial":false,"IsUnique":false,"Idx":30},"relname":{"Type":0,"IsNullable":true,"DefaultValue":null,"IsSerial":false,"IsUnique":false,"Idx":2},"relnamespace":{"Type":0,"IsNullable":true,"DefaultValue":null,"IsSerial":false,"IsUnique":false,"Idx":3},"relnatts":{"Type":0,"IsNullable":true,"DefaultValue":null,"IsSerial":false,"IsUnique":false,"Idx":18},"reloftype":{"Type":0,"IsNullable":true,"DefaultValue":null,"IsSerial":false,"IsUnique":false,"Idx":5},"relowner":{"Type":0,"IsNullable":true,"DefaultValue":null,"IsSerial":false,"IsUnique":false,"Idx":6},"relpages":{"Type":0,"IsNullable":true,"DefaultValue":null,"IsSerial":false,"IsUnique":false,"Idx":10},"relpersistence":{"Type":0,"IsNullable":true,"DefaultValue":null,"IsSerial":false,"IsUnique":false,"Idx":16},"relreplident":{"Type":0,"IsNullable":true,"DefaultValue":null,"IsSerial":false,"IsUnique":false,"Idx":26},"relrewrite":{"Type":0,"IsNullable":true,"DefaultValue":null,"IsSerial":false,"IsUnique":false,"Idx":28},"relrowsecurity":{"Type":0,"IsNullable":true,"DefaultValue":null,"IsSerial":false,"IsUnique":false,"Idx":23},"reltablespace":{"Type":0,"IsNullable":true,"DefaultValue":null,"IsSerial":false,"IsUnique":false,"Idx":9},"reltoastrelid":{"Type":0,"IsNullable":true,"DefaultValue":null,"IsSerial":false,"IsUnique":false,"Idx":13},"reltuples":{"Type":3,"IsNullable":true,"DefaultValue":null,"IsSerial":false,"IsUnique":false,"Idx":11},"reltype":{"Type":0,"IsNullable":true,"DefaultValue":null,"IsSerial":false,"IsUnique":false,"Idx":4}},"PrimaryKeys":[1]}}
2026-02-28T15:04:14.129+0300	DEBUG	logger/zap_logger.go:71	DEBUG: Saved row: 	{"rowKey": "testdb:pg_catalog:pg_class:row:1259:", "rowData": "[1259,\"pg_tables\",11,0,0,10,0,0,0,0,0,0,0,false,false,\"p\",\"r\",8,0,false,false,false,false,false,true,\"n\",false,0,0,0]"}
2026-02-28T15:04:14.129+0300	DEBUG	logger/zap_logger.go:71	DEBUG: Saved row: 	{"rowKey": "testdb:pg_catalog:pg_class:row:1260:", "rowData": "[1260,\"pg_columns\",11,0,0,10,0,0,0,0,0,0,0,false,false,\"p\",\"r\",9,0,false,false,false,false,false,true,\"n\",false,0,0,0]"}
2026-02-28T15:04:14.129+0300	DEBUG	logger/zap_logger.go:71	DEBUG: Saved row: 	{"rowKey": "testdb:pg_catalog:pg_class:row:1261:", "rowData": "[1261,\"pg_class\",11,83,0,10,0,0,0,0,0,0,0,false,false,\"p\",\"r\",30,0,false,false,false,false,false,true,\"n\",false,0,0,0]"}
2026-02-28T15:04:14.129+0300	DEBUG	logger/zap_logger.go:71	DEBUG: Saved row: 	{"rowKey": "testdb:pg_catalog:pg_class:row:1249:", "rowData": "[1249,\"pg_attribute\",11,75,0,10,0,0,0,0,0,0,0,false,false,\"p\",\"r\",23,0,false,false,false,false,false,true,\"n\",false,0,0,0]"}
2026-02-28T15:04:14.129+0300	DEBUG	logger/zap_logger.go:71	DEBUG: Saved row: 	{"rowKey": "testdb:pg_catalog:pg_class:row:1255:", "rowData": "[1255,\"pg_proc\",11,81,0,10,0,0,0,0,0,0,0,false,false,\"p\",\"r\",29,0,false,false,false,false,false,true,\"n\",false,0,0,0]"}
2026-02-28T15:04:14.129+0300	DEBUG	logger/zap_logger.go:71	DEBUG: Saved row: 	{"rowKey": "testdb:pg_catalog:pg_class:row:1247:", "rowData": "[1247,\"pg_type\",11,71,0,10,0,0,0,0,0,0,0,false,false,\"p\",\"r\",31,0,false,false,false,false,false,true,\"n\",false,0,0,0]"}
2026-02-28T15:04:14.129+0300	DEBUG	logger/zap_logger.go:71	DEBUG: Saved row: 	{"rowKey": "testdb:pg_catalog:pg_class:row:2615:", "rowData": "[2615,\"pg_namespace\",11,2615,0,10,0,0,0,0,0,0,0,false,false,\"p\",\"r\",4,0,false,false,false,false,false,true,\"n\",false,0,0,0]"}
2026-02-28T15:04:14.129+0300	DEBUG	logger/zap_logger.go:71	DEBUG: Saved row: 	{"rowKey": "testdb:pg_catalog:pg_class:row:1262:", "rowData": "[1262,\"pg_database\",11,1248,0,10,0,0,0,0,0,0,0,false,false,\"p\",\"r\",14,0,false,false,false,false,false,true,\"n\",false,0,0,0]"}
2026-02-28T15:04:14.129+0300	DEBUG	logger/zap_logger.go:71	DEBUG: Saved row: 	{"rowKey": "testdb:pg_catalog:pg_class:row:1213:", "rowData": "[1213,\"pg_tablespace\",11,1213,0,10,0,0,0,0,0,0,0,false,false,\"p\",\"r\",5,0,false,false,false,false,false,true,\"n\",false,0,0,0]"}
2026-02-28T15:04:14.129+0300	DEBUG	logger/zap_logger.go:71	DEBUG: Saved row: 	{"rowKey": "testdb:pg_catalog:pg_class:row:1263:", "rowData": "[1263,\"pg_shdescription\",11,0,0,10,0,0,0,0,0,0,0,false,false,\"p\",\"r\",4,0,false,false,false,false,false,true,\"n\",false,0,0,0]"}
2026-02-28T15:04:14.129+0300	DEBUG	logger/zap_logger.go:71	DEBUG: Saved row: 	{"rowKey": "testdb:pg_catalog:pg_class:row:2601:", "rowData": "[2601,\"pg_am\",11,0,0,10,0,0,0,0,0,0,0,false,false,\"p\",\"r\",4,0,false,false,false,false,false,true,\"n\",false,0,0,0]"}
2026-02-28T15:04:14.129+0300	INFO	logger/zap_logger.go:76	[SynchronizerVClock] Loaded key	{"key": "testdb:pg_catalog:pg_class:row:1259:", "value": "[1259,\"pg_tables\",11,0,0,10,0,0,0,0,0,0,0,false,false,\"p\",\"r\",8,0,false,false,false,false,false,true,\"n\",false,0,0,0]", "vclock": {"node1":50}}
2026-02-28T15:04:14.129+0300	INFO	logger/zap_logger.go:76	[SynchronizerVClock] Loaded key	{"key": "testdb:pg_catalog:pg_class:row:1261:", "value": "[1261,\"pg_class\",11,83,0,10,0,0,0,0,0,0,0,false,false,\"p\",\"r\",30,0,false,false,false,false,false,true,\"n\",false,0,0,0]", "vclock": {"node1":51}}
2026-02-28T15:04:14.129+0300	DEBUG	logger/zap_logger.go:96	Executing: 

CREATE TABLE IF NOT EXISTS pg_catalog.pg_attribute (
    attrelid INTEGER,
    attname TEXT,
    atttypid INT,
    attstattarget INT,
    attlen INT,
    attnum INT,
    attndims INT,
    attcacheoff INT,
    atttypmod INT,
    attbyval BOOLEAN,
    attstorage CHAR(1),
    attalign CHAR(1),
    attnotnull BOOLEAN,
    atthasdef BOOLEAN,
    attidentity CHAR(1),
    attgenerated CHAR(1),
    attisdropped BOOLEAN,
    attislocal BOOLEAN,
    attinhcount INT,
    attcollation INT,
    attacl TEXT,
    attoptions TEXT,
    attfdwoptions TEXT,
    PRIMARY KEY (attrelid, attname)
)
2026-02-28T15:04:14.129+0300	INFO	logger/zap_logger.go:76	[SynchronizerVClock] Loaded key	{"key": "testdb:pg_catalog:pg_class:row:1249:", "value": "[1249,\"pg_attribute\",11,75,0,10,0,0,0,0,0,0,0,false,false,\"p\",\"r\",23,0,false,false,false,false,false,true,\"n\",false,0,0,0]", "vclock": {"node1":52}}
2026-02-28T15:04:14.129+0300	INFO	logger/zap_logger.go:76	[SynchronizerVClock] Loaded key	{"key": "testdb:pg_catalog:pg_class:row:1247:", "value": "[1247,\"pg_type\",11,71,0,10,0,0,0,0,0,0,0,false,false,\"p\",\"r\",31,0,false,false,false,false,false,true,\"n\",false,0,0,0]", "vclock": {"node1":53}}
2026-02-28T15:04:14.129+0300	INFO	logger/zap_logger.go:76	[SynchronizerVClock] Loaded key	{"key": "testdb:pg_catalog:pg_class:row:1262:", "value": "[1262,\"pg_database\",11,1248,0,10,0,0,0,0,0,0,0,false,false,\"p\",\"r\",14,0,false,false,false,false,false,true,\"n\",false,0,0,0]", "vclock": {"node1":54}}
2026-02-28T15:04:14.129+0300	INFO	logger/zap_logger.go:76	[SynchronizerVClock] Loaded key	{"key": "testdb:pg_catalog:pg_class:row:1213:", "value": "[1213,\"pg_tablespace\",11,1213,0,10,0,0,0,0,0,0,0,false,false,\"p\",\"r\",5,0,false,false,false,false,false,true,\"n\",false,0,0,0]", "vclock": {"node1":55}}
2026-02-28T15:04:14.129+0300	INFO	logger/zap_logger.go:76	[SynchronizerVClock] Loaded key	{"key": "testdb:pg_catalog:pg_class:row:1263:", "value": "[1263,\"pg_shdescription\",11,0,0,10,0,0,0,0,0,0,0,false,false,\"p\",\"r\",4,0,false,false,false,false,false,true,\"n\",false,0,0,0]", "vclock": {"node1":56}}
2026-02-28T15:04:14.129+0300	INFO	logger/zap_logger.go:76	[SynchronizerVClock] Loaded key	{"key": "testdb:pg_catalog:pg_class:row:1260:", "value": "[1260,\"pg_columns\",11,0,0,10,0,0,0,0,0,0,0,false,false,\"p\",\"r\",9,0,false,false,false,false,false,true,\"n\",false,0,0,0]", "vclock": {"node1":57}}
2026-02-28T15:04:14.129+0300	INFO	logger/zap_logger.go:76	[SynchronizerVClock] Loaded key	{"key": "testdb:pg_catalog:pg_class:row:1255:", "value": "[1255,\"pg_proc\",11,81,0,10,0,0,0,0,0,0,0,false,false,\"p\",\"r\",29,0,false,false,false,false,false,true,\"n\",false,0,0,0]", "vclock": {"node1":58}}
2026-02-28T15:04:14.129+0300	INFO	logger/zap_logger.go:76	[SynchronizerVClock] Loaded key	{"key": "testdb:pg_catalog:pg_class:row:2615:", "value": "[2615,\"pg_namespace\",11,2615,0,10,0,0,0,0,0,0,0,false,false,\"p\",\"r\",4,0,false,false,false,false,false,true,\"n\",false,0,0,0]", "vclock": {"node1":59}}
2026-02-28T15:04:14.129+0300	INFO	logger/zap_logger.go:76	[SynchronizerVClock] Loaded key	{"key": "testdb:pg_catalog:pg_class:row:2601:", "value": "[2601,\"pg_am\",11,0,0,10,0,0,0,0,0,0,0,false,false,\"p\",\"r\",4,0,false,false,false,false,false,true,\"n\",false,0,0,0]", "vclock": {"node1":60}}
2026-02-28T15:04:14.129+0300	DEBUG	logger/zap_logger.go:96	DEBUG: Parsed statement type: CREATE_TABLE

2026-02-28T15:04:14.129+0300	DEBUG	logger/zap_logger.go:96	Executing: 

INSERT INTO pg_catalog.pg_attribute (attrelid, attname, atttypid, attstattarget, attlen, attnum, attndims, attcacheoff, atttypmod, attbyval, attstorage, attalign, attnotnull, atthasdef, attidentity, attgenerated, attisdropped, attislocal, attinhcount, attcollation, attacl, attoptions, attfdwoptions) VALUES
(1, 'schemaname', 25, -1, -1, 1, 0, -1, -1, FALSE, 'p', 'i', FALSE, FALSE, '', '', FALSE, TRUE, 0, 0, NULL, NULL, NULL),
(1, 'schematable', 25, -1, -1, 2, 0, -1, -1, FALSE, 'p', 'i', FALSE, FALSE, '', '', FALSE, TRUE, 0, 0, NULL, NULL, NULL),
(1, 'tableowner', 25, -1, -1, 3, 0, -1, -1, FALSE, 'p', 'i', FALSE, FALSE, '', '', FALSE, TRUE, 0, 0, NULL, NULL, NULL),
(1, 'tablespace', 25, -1, -1, 4, 0, -1, -1, FALSE, 'p', 'i', TRUE, FALSE, '', '', FALSE, TRUE, 0, 0, NULL, NULL, NULL),
(1, 'hasindexes', 16, -1, 1, 5, 0, -1, -1, FALSE, 'p', 'i', FALSE, FALSE, '', '', FALSE, TRUE, 0, 0,NULL , NULL , NULL),
(1,'hasrules',16,-1 ,1 ,6 ,0 ,-1 ,-1 ,FALSE ,'p' ,'i' ,FALSE ,FALSE ,'' ,'' ,FALSE ,TRUE ,0 ,0 ,NULL ,NULL ,NULL),
(1,'hastriggers',16 ,-1 ,1 ,7 ,0 ,-1 ,-1 ,FALSE ,'p' ,'i' ,FALSE ,FALSE ,'' ,'' ,FALSE ,TRUE ,0 ,0 ,NULL ,NULL ,NULL),
(1,'rowsecurity',16 ,-1 ,1 ,8 ,0 ,-1 ,-1 ,FALSE ,'p' ,'i' ,FALSE ,FALSE ,'' ,'' ,FALSE ,TRUE ,0 ,0 ,NULL ,NULL ,NULL),
(2, 'table_schema', 25, -1, -1, 1, 0, -1, -1, FALSE, 'p', 'i', FALSE, FALSE, '', '', FALSE, TRUE, 0, 0, NULL, NULL, NULL),
(2, 'table_name', 25, -1, -1, 2, 0, -1, -1, FALSE, 'p', 'i', FALSE, FALSE, '', '', FALSE, TRUE, 0, 0, NULL, NULL, NULL),
(2, 'column_name', 25, -1, -1, 3, 0, -1, -1, FALSE, 'p', 'i', FALSE, FALSE, '', '', FALSE, TRUE, 0, 0, NULL, NULL, NULL),
(2, 'original_position', 23, -1, 4, 4, 0, -1, -1, FALSE, 'p', 'i', FALSE, FALSE, '', '', FALSE, TRUE, 0, 0, NULL, NULL, NULL),
(2, 'column_default', 25, -1, -1, 5, 0, -1, -1, TRUE, 'p', 'i', TRUE, FALSE, '', '', FALSE, TRUE, 0, 0, NULL, NULL, NULL),
(2, 'is_nullable', 16, -1, 1, 6, 0, -1, -1, FALSE, 'p', 'i', FALSE, FALSE, '', '', FALSE, TRUE, 0, 0, NULL, NULL, NULL),
(2, 'data_type', 25, -1, -1, 7, 0, -1, -1, FALSE, 'p', 'i', FALSE, FALSE, '', '', FALSE, TRUE, 0, 0, NULL, NULL, NULL),
(2, 'character_maximum_length', 23, -1, 4, 8, 0, -1, -1, TRUE, 'p', 'i', TRUE, FALSE, '', '', FALSE, TRUE, 0, 0, NULL, NULL, NULL),
(2, 'numeric_precision', 23, -1, 4, 9, 0, -1, -1, TRUE, 'p', 'i', TRUE, FALSE, '', '', FALSE, TRUE, 0, 0, NULL, NULL, NULL)
2026-02-28T15:04:14.129+0300	INFO	logger/zap_logger.go:76	[SynchronizerVClock] Loaded key	{"key": "schema:testdb:pg_catalog:pg_attribute:", "value": "{\"Name\":\"pg_catalog.pg_attribute\",\"Columns\":{\"attacl\":{\"Type\":0,\"IsNullable\":true,\"DefaultValue\":null,\"IsSerial\":false,\"IsUnique\":false,\"Idx\":21},\"attalign\":{\"Type\":0,\"IsNullable\":true,\"DefaultValue\":null,\"IsSerial\":false,\"IsUnique\":false,\"Idx\":12},\"attbyval\":{\"Type\":0,\"IsNullable\":true,\"DefaultValue\":null,\"IsSerial\":false,\"IsUnique\":false,\"Idx\":10},\"attcacheoff\":{\"Type\":1,\"IsNullable\":true,\"DefaultValue\":null,\"IsSerial\":false,\"IsUnique\":false,\"Idx\":8},\"attcollation\":{\"Type\":1,\"IsNullable\":true,\"DefaultValue\":null,\"IsSerial\":false,\"IsUnique\":false,\"Idx\":20},\"attfdwoptions\":{\"Type\":0,\"IsNullable\":true,\"DefaultValue\":null,\"IsSerial\":false,\"IsUnique\":false,\"Idx\":23},\"attgenerated\":{\"Type\":0,\"IsNullable\":true,\"DefaultValue\":null,\"IsSerial\":false,\"IsUnique\":false,\"Idx\":16},\"atthasdef\":{\"Type\":0,\"IsNullable\":true,\"DefaultValue\":null,\"IsSerial\":false,\"IsUnique\":false,\"Idx\":14},\"attidentity\":{\"Type\":0,\"IsNullable\":true,\"DefaultValue\":null,\"IsSerial\":false,\"IsUnique\":false,\"Idx\":15},\"attinhcount\":{\"Type\":1,\"IsNullable\":true,\"DefaultValue\":null,\"IsSerial\":false,\"IsUnique\":false,\"Idx\":19},\"attisdropped\":{\"Type\":0,\"IsNullable\":true,\"DefaultValue\":null,\"IsSerial\":false,\"IsUnique\":false,\"Idx\":17},\"attislocal\":{\"Type\":0,\"IsNullable\":true,\"DefaultValue\":null,\"IsSerial\":false,\"IsUnique\":false,\"Idx\":18},\"attlen\":{\"Type\":1,\"IsNullable\":true,\"DefaultValue\":null,\"IsSerial\":false,\"IsUnique\":false,\"Idx\":5},\"attname\":{\"Type\":0,\"IsNullable\":false,\"DefaultValue\":null,\"IsSerial\":false,\"IsUnique\":false,\"Idx\":2},\"attndims\":{\"Type\":1,\"IsNullable\":true,\"DefaultValue\":null,\"IsSerial\":false,\"IsUnique\":false,\"Idx\":7},\"attnotnull\":{\"Type\":0,\"IsNullable\":true,\"DefaultValue\":null,\"IsSerial\":false,\"IsUnique\":false,\"Idx\":13},\"attnum\":{\"Type\":1,\"IsNullable\":true,\"DefaultValue\":null,\"IsSerial\":false,\"IsUnique\":false,\"Idx\":6},\"attoptions\":{\"Type\":0,\"IsNullable\":true,\"DefaultValue\":null,\"IsSerial\":false,\"IsUnique\":false,\"Idx\":22},\"attrelid\":{\"Type\":0,\"IsNullable\":false,\"DefaultValue\":null,\"IsSerial\":false,\"IsUnique\":false,\"Idx\":1},\"attstattarget\":{\"Type\":1,\"IsNullable\":true,\"DefaultValue\":null,\"IsSerial\":false,\"IsUnique\":false,\"Idx\":4},\"attstorage\":{\"Type\":0,\"IsNullable\":true,\"DefaultValue\":null,\"IsSerial\":false,\"IsUnique\":false,\"Idx\":11},\"atttypid\":{\"Type\":1,\"IsNullable\":true,\"DefaultValue\":null,\"IsSerial\":false,\"IsUnique\":false,\"Idx\":3},\"atttypmod\":{\"Type\":1,\"IsNullable\":true,\"DefaultValue\":null,\"IsSerial\":false,\"IsUnique\":false,\"Idx\":9}},\"PrimaryKeys\":[1,2]}", "vclock": {"node1":61}}
2026-02-28T15:04:14.131+0300	DEBUG	logger/zap_logger.go:96	DEBUG: Parsed statement type: INSERT

2026-02-28T15:04:14.131+0300	DEBUG	logger/zap_logger.go:96	DEBUG: Insert into pg_catalog.pg_attribute: [[1 schemaname 25 -1 -1 1 0 -1 -1 false p i false false   false true 0 0 NULL NULL NULL] [1 schematable 25 -1 -1 2 0 -1 -1 false p i false false   false true 0 0 NULL NULL NULL] [1 tableowner 25 -1 -1 3 0 -1 -1 false p i false false   false true 0 0 NULL NULL NULL] [1 tablespace 25 -1 -1 4 0 -1 -1 false p i true false   false true 0 0 NULL NULL NULL] [1 hasindexes 16 -1 1 5 0 -1 -1 false p i false false   false true 0 0 NULL NULL NULL] [1 hasrules 16 -1 1 6 0 -1 -1 false p i false false   false true 0 0 NULL NULL NULL] [1 hastriggers 16 -1 1 7 0 -1 -1 false p i false false   false true 0 0 NULL NULL NULL] [1 rowsecurity 16 -1 1 8 0 -1 -1 false p i false false   false true 0 0 NULL NULL NULL] [2 table_schema 25 -1 -1 1 0 -1 -1 false p i false false   false true 0 0 NULL NULL NULL] [2 table_name 25 -1 -1 2 0 -1 -1 false p i false false   false true 0 0 NULL NULL NULL] [2 column_name 25 -1 -1 3 0 -1 -1 false p i false false   false true 0 0 NULL NULL NULL] [2 original_position 23 -1 4 4 0 -1 -1 false p i false false   false true 0 0 NULL NULL NULL] [2 column_default 25 -1 -1 5 0 -1 -1 true p i true false   false true 0 0 NULL NULL NULL] [2 is_nullable 16 -1 1 6 0 -1 -1 false p i false false   false true 0 0 NULL NULL NULL] [2 data_type 25 -1 -1 7 0 -1 -1 false p i false false   false true 0 0 NULL NULL NULL] [2 character_maximum_length 23 -1 4 8 0 -1 -1 true p i true false   false true 0 0 NULL NULL NULL] [2 numeric_precision 23 -1 4 9 0 -1 -1 true p i true false   false true 0 0 NULL NULL NULL]]

2026-02-28T15:04:14.131+0300	DEBUG	logger/zap_logger.go:71	DEBUG: Table metadata:	{"meta": {"Name":"pg_catalog.pg_attribute","Columns":{"attacl":{"Type":0,"IsNullable":true,"DefaultValue":null,"IsSerial":false,"IsUnique":false,"Idx":21},"attalign":{"Type":0,"IsNullable":true,"DefaultValue":null,"IsSerial":false,"IsUnique":false,"Idx":12},"attbyval":{"Type":0,"IsNullable":true,"DefaultValue":null,"IsSerial":false,"IsUnique":false,"Idx":10},"attcacheoff":{"Type":1,"IsNullable":true,"DefaultValue":null,"IsSerial":false,"IsUnique":false,"Idx":8},"attcollation":{"Type":1,"IsNullable":true,"DefaultValue":null,"IsSerial":false,"IsUnique":false,"Idx":20},"attfdwoptions":{"Type":0,"IsNullable":true,"DefaultValue":null,"IsSerial":false,"IsUnique":false,"Idx":23},"attgenerated":{"Type":0,"IsNullable":true,"DefaultValue":null,"IsSerial":false,"IsUnique":false,"Idx":16},"atthasdef":{"Type":0,"IsNullable":true,"DefaultValue":null,"IsSerial":false,"IsUnique":false,"Idx":14},"attidentity":{"Type":0,"IsNullable":true,"DefaultValue":null,"IsSerial":false,"IsUnique":false,"Idx":15},"attinhcount":{"Type":1,"IsNullable":true,"DefaultValue":null,"IsSerial":false,"IsUnique":false,"Idx":19},"attisdropped":{"Type":0,"IsNullable":true,"DefaultValue":null,"IsSerial":false,"IsUnique":false,"Idx":17},"attislocal":{"Type":0,"IsNullable":true,"DefaultValue":null,"IsSerial":false,"IsUnique":false,"Idx":18},"attlen":{"Type":1,"IsNullable":true,"DefaultValue":null,"IsSerial":false,"IsUnique":false,"Idx":5},"attname":{"Type":0,"IsNullable":false,"DefaultValue":null,"IsSerial":false,"IsUnique":false,"Idx":2},"attndims":{"Type":1,"IsNullable":true,"DefaultValue":null,"IsSerial":false,"IsUnique":false,"Idx":7},"attnotnull":{"Type":0,"IsNullable":true,"DefaultValue":null,"IsSerial":false,"IsUnique":false,"Idx":13},"attnum":{"Type":1,"IsNullable":true,"DefaultValue":null,"IsSerial":false,"IsUnique":false,"Idx":6},"attoptions":{"Type":0,"IsNullable":true,"DefaultValue":null,"IsSerial":false,"IsUnique":false,"Idx":22},"attrelid":{"Type":0,"IsNullable":false,"DefaultValue":null,"IsSerial":false,"IsUnique":false,"Idx":1},"attstattarget":{"Type":1,"IsNullable":true,"DefaultValue":null,"IsSerial":false,"IsUnique":false,"Idx":4},"attstorage":{"Type":0,"IsNullable":true,"DefaultValue":null,"IsSerial":false,"IsUnique":false,"Idx":11},"atttypid":{"Type":1,"IsNullable":true,"DefaultValue":null,"IsSerial":false,"IsUnique":false,"Idx":3},"atttypmod":{"Type":1,"IsNullable":true,"DefaultValue":null,"IsSerial":false,"IsUnique":false,"Idx":9}},"PrimaryKeys":[1,2]}}
2026-02-28T15:04:14.131+0300	DEBUG	logger/zap_logger.go:71	DEBUG: Saved row: 	{"rowKey": "testdb:pg_catalog:pg_attribute:row:1schemaname:", "rowData": "[1,\"schemaname\",25,-1,-1,1,0,-1,-1,false,\"p\",\"i\",false,false,\"\",\"\",false,true,0,0,\"NULL\",\"NULL\",\"NULL\"]"}
2026-02-28T15:04:14.131+0300	DEBUG	logger/zap_logger.go:71	DEBUG: Saved row: 	{"rowKey": "testdb:pg_catalog:pg_attribute:row:1schematable:", "rowData": "[1,\"schematable\",25,-1,-1,2,0,-1,-1,false,\"p\",\"i\",false,false,\"\",\"\",false,true,0,0,\"NULL\",\"NULL\",\"NULL\"]"}
2026-02-28T15:04:14.131+0300	DEBUG	logger/zap_logger.go:71	DEBUG: Saved row: 	{"rowKey": "testdb:pg_catalog:pg_attribute:row:1tableowner:", "rowData": "[1,\"tableowner\",25,-1,-1,3,0,-1,-1,false,\"p\",\"i\",false,false,\"\",\"\",false,true,0,0,\"NULL\",\"NULL\",\"NULL\"]"}
2026-02-28T15:04:14.131+0300	DEBUG	logger/zap_logger.go:71	DEBUG: Saved row: 	{"rowKey": "testdb:pg_catalog:pg_attribute:row:1tablespace:", "rowData": "[1,\"tablespace\",25,-1,-1,4,0,-1,-1,false,\"p\",\"i\",true,false,\"\",\"\",false,true,0,0,\"NULL\",\"NULL\",\"NULL\"]"}
2026-02-28T15:04:14.131+0300	DEBUG	logger/zap_logger.go:71	DEBUG: Saved row: 	{"rowKey": "testdb:pg_catalog:pg_attribute:row:1hasindexes:", "rowData": "[1,\"hasindexes\",16,-1,1,5,0,-1,-1,false,\"p\",\"i\",false,false,\"\",\"\",false,true,0,0,\"NULL\",\"NULL\",\"NULL\"]"}
2026-02-28T15:04:14.131+0300	DEBUG	logger/zap_logger.go:71	DEBUG: Saved row: 	{"rowKey": "testdb:pg_catalog:pg_attribute:row:1hasrules:", "rowData": "[1,\"hasrules\",16,-1,1,6,0,-1,-1,false,\"p\",\"i\",false,false,\"\",\"\",false,true,0,0,\"NULL\",\"NULL\",\"NULL\"]"}
2026-02-28T15:04:14.131+0300	DEBUG	logger/zap_logger.go:71	DEBUG: Saved row: 	{"rowKey": "testdb:pg_catalog:pg_attribute:row:1hastriggers:", "rowData": "[1,\"hastriggers\",16,-1,1,7,0,-1,-1,false,\"p\",\"i\",false,false,\"\",\"\",false,true,0,0,\"NULL\",\"NULL\",\"NULL\"]"}
2026-02-28T15:04:14.131+0300	DEBUG	logger/zap_logger.go:71	DEBUG: Saved row: 	{"rowKey": "testdb:pg_catalog:pg_attribute:row:1rowsecurity:", "rowData": "[1,\"rowsecurity\",16,-1,1,8,0,-1,-1,false,\"p\",\"i\",false,false,\"\",\"\",false,true,0,0,\"NULL\",\"NULL\",\"NULL\"]"}
2026-02-28T15:04:14.131+0300	DEBUG	logger/zap_logger.go:71	DEBUG: Saved row: 	{"rowKey": "testdb:pg_catalog:pg_attribute:row:2table_schema:", "rowData": "[2,\"table_schema\",25,-1,-1,1,0,-1,-1,false,\"p\",\"i\",false,false,\"\",\"\",false,true,0,0,\"NULL\",\"NULL\",\"NULL\"]"}
2026-02-28T15:04:14.131+0300	DEBUG	logger/zap_logger.go:71	DEBUG: Saved row: 	{"rowKey": "testdb:pg_catalog:pg_attribute:row:2table_name:", "rowData": "[2,\"table_name\",25,-1,-1,2,0,-1,-1,false,\"p\",\"i\",false,false,\"\",\"\",false,true,0,0,\"NULL\",\"NULL\",\"NULL\"]"}
2026-02-28T15:04:14.131+0300	DEBUG	logger/zap_logger.go:71	DEBUG: Saved row: 	{"rowKey": "testdb:pg_catalog:pg_attribute:row:2column_name:", "rowData": "[2,\"column_name\",25,-1,-1,3,0,-1,-1,false,\"p\",\"i\",false,false,\"\",\"\",false,true,0,0,\"NULL\",\"NULL\",\"NULL\"]"}
2026-02-28T15:04:14.131+0300	DEBUG	logger/zap_logger.go:71	DEBUG: Saved row: 	{"rowKey": "testdb:pg_catalog:pg_attribute:row:2original_position:", "rowData": "[2,\"original_position\",23,-1,4,4,0,-1,-1,false,\"p\",\"i\",false,false,\"\",\"\",false,true,0,0,\"NULL\",\"NULL\",\"NULL\"]"}
2026-02-28T15:04:14.131+0300	DEBUG	logger/zap_logger.go:71	DEBUG: Saved row: 	{"rowKey": "testdb:pg_catalog:pg_attribute:row:2column_default:", "rowData": "[2,\"column_default\",25,-1,-1,5,0,-1,-1,true,\"p\",\"i\",true,false,\"\",\"\",false,true,0,0,\"NULL\",\"NULL\",\"NULL\"]"}
2026-02-28T15:04:14.131+0300	DEBUG	logger/zap_logger.go:71	DEBUG: Saved row: 	{"rowKey": "testdb:pg_catalog:pg_attribute:row:2is_nullable:", "rowData": "[2,\"is_nullable\",16,-1,1,6,0,-1,-1,false,\"p\",\"i\",false,false,\"\",\"\",false,true,0,0,\"NULL\",\"NULL\",\"NULL\"]"}
2026-02-28T15:04:14.131+0300	DEBUG	logger/zap_logger.go:71	DEBUG: Saved row: 	{"rowKey": "testdb:pg_catalog:pg_attribute:row:2data_type:", "rowData": "[2,\"data_type\",25,-1,-1,7,0,-1,-1,false,\"p\",\"i\",false,false,\"\",\"\",false,true,0,0,\"NULL\",\"NULL\",\"NULL\"]"}
2026-02-28T15:04:14.131+0300	DEBUG	logger/zap_logger.go:71	DEBUG: Saved row: 	{"rowKey": "testdb:pg_catalog:pg_attribute:row:2character_maximum_length:", "rowData": "[2,\"character_maximum_length\",23,-1,4,8,0,-1,-1,true,\"p\",\"i\",true,false,\"\",\"\",false,true,0,0,\"NULL\",\"NULL\",\"NULL\"]"}
2026-02-28T15:04:14.131+0300	DEBUG	logger/zap_logger.go:71	DEBUG: Saved row: 	{"rowKey": "testdb:pg_catalog:pg_attribute:row:2numeric_precision:", "rowData": "[2,\"numeric_precision\",23,-1,4,9,0,-1,-1,true,\"p\",\"i\",true,false,\"\",\"\",false,true,0,0,\"NULL\",\"NULL\",\"NULL\"]"}
2026-02-28T15:04:14.132+0300	INFO	logger/zap_logger.go:76	[SynchronizerVClock] Loaded key	{"key": "testdb:pg_catalog:pg_attribute:row:2numeric_precision:", "value": "[2,\"numeric_precision\",23,-1,4,9,0,-1,-1,true,\"p\",\"i\",true,false,\"\",\"\",false,true,0,0,\"NULL\",\"NULL\",\"NULL\"]", "vclock": {"node1":62}}
2026-02-28T15:04:14.132+0300	DEBUG	logger/zap_logger.go:96	Executing: 

CREATE TABLE IF NOT EXISTS pg_catalog.pg_proc (
    oid INT,
    proname TEXT,
    pronamespace INT,
    proowner INT,
    prolang INT,
    procost FLOAT,
    prorows FLOAT,
    provariadic INT,
    protransform TEXT,
    proisagg BOOLEAN,
    proiswindow BOOLEAN,
    prosecdef BOOLEAN,
    proleakproof BOOLEAN,
    proisstrict BOOLEAN,
    proretset BOOLEAN,
    provolatile CHAR(1),
    proparallel CHAR(1),
    pronargs INT,
    pronargdefaults INT,
    prorettype INT,
    proargtypes TEXT,
    proallargtypes TEXT,
    proargmodes TEXT,
    proargnames TEXT,
    proargdefaults TEXT,
    protrftypes TEXT,
    prosrc TEXT,
    probin TEXT,
    proconfig TEXT,
    proacl TEXT
)
2026-02-28T15:04:14.132+0300	INFO	logger/zap_logger.go:76	[SynchronizerVClock] Loaded key	{"key": "testdb:pg_catalog:pg_attribute:row:2column_default:", "value": "[2,\"column_default\",25,-1,-1,5,0,-1,-1,true,\"p\",\"i\",true,false,\"\",\"\",false,true,0,0,\"NULL\",\"NULL\",\"NULL\"]", "vclock": {"node1":63}}
2026-02-28T15:04:14.132+0300	INFO	logger/zap_logger.go:76	[SynchronizerVClock] Loaded key	{"key": "testdb:pg_catalog:pg_attribute:row:1schemaname:", "value": "[1,\"schemaname\",25,-1,-1,1,0,-1,-1,false,\"p\",\"i\",false,false,\"\",\"\",false,true,0,0,\"NULL\",\"NULL\",\"NULL\"]", "vclock": {"node1":64}}
2026-02-28T15:04:14.132+0300	INFO	logger/zap_logger.go:76	[SynchronizerVClock] Loaded key	{"key": "testdb:pg_catalog:pg_attribute:row:1schematable:", "value": "[1,\"schematable\",25,-1,-1,2,0,-1,-1,false,\"p\",\"i\",false,false,\"\",\"\",false,true,0,0,\"NULL\",\"NULL\",\"NULL\"]", "vclock": {"node1":65}}
2026-02-28T15:04:14.132+0300	INFO	logger/zap_logger.go:76	[SynchronizerVClock] Loaded key	{"key": "testdb:pg_catalog:pg_attribute:row:1tablespace:", "value": "[1,\"tablespace\",25,-1,-1,4,0,-1,-1,false,\"p\",\"i\",true,false,\"\",\"\",false,true,0,0,\"NULL\",\"NULL\",\"NULL\"]", "vclock": {"node1":66}}
2026-02-28T15:04:14.132+0300	INFO	logger/zap_logger.go:76	[SynchronizerVClock] Loaded key	{"key": "testdb:pg_catalog:pg_attribute:row:1hasindexes:", "value": "[1,\"hasindexes\",16,-1,1,5,0,-1,-1,false,\"p\",\"i\",false,false,\"\",\"\",false,true,0,0,\"NULL\",\"NULL\",\"NULL\"]", "vclock": {"node1":67}}
2026-02-28T15:04:14.132+0300	INFO	logger/zap_logger.go:76	[SynchronizerVClock] Loaded key	{"key": "testdb:pg_catalog:pg_attribute:row:2table_name:", "value": "[2,\"table_name\",25,-1,-1,2,0,-1,-1,false,\"p\",\"i\",false,false,\"\",\"\",false,true,0,0,\"NULL\",\"NULL\",\"NULL\"]", "vclock": {"node1":68}}
2026-02-28T15:04:14.132+0300	INFO	logger/zap_logger.go:76	[SynchronizerVClock] Loaded key	{"key": "testdb:pg_catalog:pg_attribute:row:2data_type:", "value": "[2,\"data_type\",25,-1,-1,7,0,-1,-1,false,\"p\",\"i\",false,false,\"\",\"\",false,true,0,0,\"NULL\",\"NULL\",\"NULL\"]", "vclock": {"node1":69}}
2026-02-28T15:04:14.132+0300	INFO	logger/zap_logger.go:76	[SynchronizerVClock] Loaded key	{"key": "testdb:pg_catalog:pg_attribute:row:1hasrules:", "value": "[1,\"hasrules\",16,-1,1,6,0,-1,-1,false,\"p\",\"i\",false,false,\"\",\"\",false,true,0,0,\"NULL\",\"NULL\",\"NULL\"]", "vclock": {"node1":70}}
2026-02-28T15:04:14.132+0300	INFO	logger/zap_logger.go:76	[SynchronizerVClock] Loaded key	{"key": "testdb:pg_catalog:pg_attribute:row:2column_name:", "value": "[2,\"column_name\",25,-1,-1,3,0,-1,-1,false,\"p\",\"i\",false,false,\"\",\"\",false,true,0,0,\"NULL\",\"NULL\",\"NULL\"]", "vclock": {"node1":71}}
2026-02-28T15:04:14.132+0300	INFO	logger/zap_logger.go:76	[SynchronizerVClock] Loaded key	{"key": "testdb:pg_catalog:pg_attribute:row:1tableowner:", "value": "[1,\"tableowner\",25,-1,-1,3,0,-1,-1,false,\"p\",\"i\",false,false,\"\",\"\",false,true,0,0,\"NULL\",\"NULL\",\"NULL\"]", "vclock": {"node1":72}}
2026-02-28T15:04:14.132+0300	INFO	logger/zap_logger.go:76	[SynchronizerVClock] Loaded key	{"key": "testdb:pg_catalog:pg_attribute:row:1hastriggers:", "value": "[1,\"hastriggers\",16,-1,1,7,0,-1,-1,false,\"p\",\"i\",false,false,\"\",\"\",false,true,0,0,\"NULL\",\"NULL\",\"NULL\"]", "vclock": {"node1":73}}
2026-02-28T15:04:14.132+0300	INFO	logger/zap_logger.go:76	[SynchronizerVClock] Loaded key	{"key": "testdb:pg_catalog:pg_attribute:row:2table_schema:", "value": "[2,\"table_schema\",25,-1,-1,1,0,-1,-1,false,\"p\",\"i\",false,false,\"\",\"\",false,true,0,0,\"NULL\",\"NULL\",\"NULL\"]", "vclock": {"node1":74}}
2026-02-28T15:04:14.132+0300	INFO	logger/zap_logger.go:76	[SynchronizerVClock] Loaded key	{"key": "testdb:pg_catalog:pg_attribute:row:1rowsecurity:", "value": "[1,\"rowsecurity\",16,-1,1,8,0,-1,-1,false,\"p\",\"i\",false,false,\"\",\"\",false,true,0,0,\"NULL\",\"NULL\",\"NULL\"]", "vclock": {"node1":75}}
2026-02-28T15:04:14.132+0300	INFO	logger/zap_logger.go:76	[SynchronizerVClock] Loaded key	{"key": "testdb:pg_catalog:pg_attribute:row:2original_position:", "value": "[2,\"original_position\",23,-1,4,4,0,-1,-1,false,\"p\",\"i\",false,false,\"\",\"\",false,true,0,0,\"NULL\",\"NULL\",\"NULL\"]", "vclock": {"node1":76}}
2026-02-28T15:04:14.132+0300	INFO	logger/zap_logger.go:76	[SynchronizerVClock] Loaded key	{"key": "testdb:pg_catalog:pg_attribute:row:2is_nullable:", "value": "[2,\"is_nullable\",16,-1,1,6,0,-1,-1,false,\"p\",\"i\",false,false,\"\",\"\",false,true,0,0,\"NULL\",\"NULL\",\"NULL\"]", "vclock": {"node1":77}}
2026-02-28T15:04:14.132+0300	INFO	logger/zap_logger.go:76	[SynchronizerVClock] Loaded key	{"key": "testdb:pg_catalog:pg_attribute:row:2character_maximum_length:", "value": "[2,\"character_maximum_length\",23,-1,4,8,0,-1,-1,true,\"p\",\"i\",true,false,\"\",\"\",false,true,0,0,\"NULL\",\"NULL\",\"NULL\"]", "vclock": {"node1":78}}
2026-02-28T15:04:14.132+0300	DEBUG	logger/zap_logger.go:96	DEBUG: Parsed statement type: CREATE_TABLE

2026-02-28T15:04:14.132+0300	DEBUG	logger/zap_logger.go:96	Executing: 

CREATE TABLE IF NOT EXISTS pg_catalog.pg_type (
    oid INT,
    typname TEXT,
    typnamespace INT,
    typowner INT,
    typlen INT,
    typbyval BOOLEAN,
    typtype CHAR(1),
    typcategory CHAR(1),
    typispreferred BOOLEAN,
    typisdefined BOOLEAN,
    typdelim CHAR(1),
    typrelid INT,
    typelem INT,
    typarray INT,
    typinput TEXT,
    typoutput TEXT,
    typreceive TEXT,
    typsend TEXT,
    typmodin TEXT,
    typmodout TEXT,
    typanalyze TEXT,
    typalign CHAR(1),
    typstorage CHAR(1),
    typnotnull BOOLEAN,
    typbasetype INT,
    typtypmod INT,
    typndims INT,
    typcollation INT,
    typdefaultbin TEXT,
    typdefault TEXT,
    typacl TEXT,
    PRIMARY KEY (oid)
)
2026-02-28T15:04:14.132+0300	INFO	logger/zap_logger.go:76	[SynchronizerVClock] Loaded key	{"key": "schema:testdb:pg_catalog:pg_proc:", "value": "{\"Name\":\"pg_catalog.pg_proc\",\"Columns\":{\"oid\":{\"Type\":1,\"IsNullable\":true,\"DefaultValue\":null,\"IsSerial\":false,\"IsUnique\":false,\"Idx\":1},\"proacl\":{\"Type\":0,\"IsNullable\":true,\"DefaultValue\":null,\"IsSerial\":false,\"IsUnique\":false,\"Idx\":30},\"proallargtypes\":{\"Type\":0,\"IsNullable\":true,\"DefaultValue\":null,\"IsSerial\":false,\"IsUnique\":false,\"Idx\":22},\"proargdefaults\":{\"Type\":0,\"IsNullable\":true,\"DefaultValue\":null,\"IsSerial\":false,\"IsUnique\":false,\"Idx\":25},\"proargmodes\":{\"Type\":0,\"IsNullable\":true,\"DefaultValue\":null,\"IsSerial\":false,\"IsUnique\":false,\"Idx\":23},\"proargnames\":{\"Type\":0,\"IsNullable\":true,\"DefaultValue\":null,\"IsSerial\":false,\"IsUnique\":false,\"Idx\":24},\"proargtypes\":{\"Type\":0,\"IsNullable\":true,\"DefaultValue\":null,\"IsSerial\":false,\"IsUnique\":false,\"Idx\":21},\"probin\":{\"Type\":0,\"IsNullable\":true,\"DefaultValue\":null,\"IsSerial\":false,\"IsUnique\":false,\"Idx\":28},\"proconfig\":{\"Type\":0,\"IsNullable\":true,\"DefaultValue\":null,\"IsSerial\":false,\"IsUnique\":false,\"Idx\":29},\"procost\":{\"Type\":3,\"IsNullable\":true,\"DefaultValue\":null,\"IsSerial\":false,\"IsUnique\":false,\"Idx\":6},\"proisagg\":{\"Type\":0,\"IsNullable\":true,\"DefaultValue\":null,\"IsSerial\":false,\"IsUnique\":false,\"Idx\":10},\"proisstrict\":{\"Type\":0,\"IsNullable\":true,\"DefaultValue\":null,\"IsSerial\":false,\"IsUnique\":false,\"Idx\":14},\"proiswindow\":{\"Type\":0,\"IsNullable\":true,\"DefaultValue\":null,\"IsSerial\":false,\"IsUnique\":false,\"Idx\":11},\"prolang\":{\"Type\":1,\"IsNullable\":true,\"DefaultValue\":null,\"IsSerial\":false,\"IsUnique\":false,\"Idx\":5},\"proleakproof\":{\"Type\":0,\"IsNullable\":true,\"DefaultValue\":null,\"IsSerial\":false,\"IsUnique\":false,\"Idx\":13},\"proname\":{\"Type\":0,\"IsNullable\":true,\"DefaultValue\":null,\"IsSerial\":false,\"IsUnique\":false,\"Idx\":2},\"pronamespace\":{\"Type\":1,\"IsNullable\":true,\"DefaultValue\":null,\"IsSerial\":false,\"IsUnique\":false,\"Idx\":3},\"pronargdefaults\":{\"Type\":1,\"IsNullable\":true,\"DefaultValue\":null,\"IsSerial\":false,\"IsUnique\":false,\"Idx\":19},\"pronargs\":{\"Type\":1,\"IsNullable\":true,\"DefaultValue\":null,\"IsSerial\":false,\"IsUnique\":false,\"Idx\":18},\"proowner\":{\"Type\":1,\"IsNullable\":true,\"DefaultValue\":null,\"IsSerial\":false,\"IsUnique\":false,\"Idx\":4},\"proparallel\":{\"Type\":0,\"IsNullable\":true,\"DefaultValue\":null,\"IsSerial\":false,\"IsUnique\":false,\"Idx\":17},\"proretset\":{\"Type\":0,\"IsNullable\":true,\"DefaultValue\":null,\"IsSerial\":false,\"IsUnique\":false,\"Idx\":15},\"prorettype\":{\"Type\":1,\"IsNullable\":true,\"DefaultValue\":null,\"IsSerial\":false,\"IsUnique\":false,\"Idx\":20},\"prorows\":{\"Type\":3,\"IsNullable\":true,\"DefaultValue\":null,\"IsSerial\":false,\"IsUnique\":false,\"Idx\":7},\"prosecdef\":{\"Type\":0,\"IsNullable\":true,\"DefaultValue\":null,\"IsSerial\":false,\"IsUnique\":false,\"Idx\":12},\"prosrc\":{\"Type\":0,\"IsNullable\":true,\"DefaultValue\":null,\"IsSerial\":false,\"IsUnique\":false,\"Idx\":27},\"protransform\":{\"Type\":0,\"IsNullable\":true,\"DefaultValue\":null,\"IsSerial\":false,\"IsUnique\":false,\"Idx\":9},\"protrftypes\":{\"Type\":0,\"IsNullable\":true,\"DefaultValue\":null,\"IsSerial\":false,\"IsUnique\":false,\"Idx\":26},\"provariadic\":{\"Type\":1,\"IsNullable\":true,\"DefaultValue\":null,\"IsSerial\":false,\"IsUnique\":false,\"Idx\":8},\"provolatile\":{\"Type\":0,\"IsNullable\":true,\"DefaultValue\":null,\"IsSerial\":false,\"IsUnique\":false,\"Idx\":16}},\"PrimaryKeys\":[]}", "vclock": {"node1":79}}
2026-02-28T15:04:14.132+0300	DEBUG	logger/zap_logger.go:96	DEBUG: Parsed statement type: CREATE_TABLE

2026-02-28T15:04:14.132+0300	DEBUG	logger/zap_logger.go:96	Executing: 

INSERT INTO pg_catalog.pg_type (oid, typname, typnamespace, typowner, typlen, typbyval, typtype, typcategory, typispreferred, typisdefined, typdelim, typrelid, typelem, typarray, typinput, typoutput, typreceive, typsend, typmodin, typmodout, typanalyze, typalign, typstorage, typnotnull, typbasetype, typtypmod, typndims, typcollation, typdefaultbin, typdefault, typacl) VALUES
(16, 'bool', 11, 10, 1, TRUE, 'b', 'B', TRUE, TRUE, ',', 0, 0, 1000, 'boolin', 'boolout', 'boolrecv', 'boolsend', 'booltypmodin', 'booltypmodout', 'boolanalyze', 'c', 'p', FALSE, 0, -1, 0, 0, NULL, NULL, NULL),
(17, 'bytea', 11, 10, -1, FALSE, 'b', 'U', FALSE, TRUE, ',', 0, 0, 1001, 'byteain', 'byteaout', 'bytearecv', 'byteasend', '-', '-', '-', 'i', 'x', FALSE, 0, -1, 0, 0, NULL, NULL, NULL),
(18, 'char', 11, 10, 1, TRUE, 'b', 'Z', FALSE, TRUE, ',', 0, 0, 1002, 'charin', 'charout', 'charrecv', 'charsend', '-', '-', '-', 'c', 'p', FALSE, 0, -1, 0, 0, NULL, NULL, NULL),
(19, 'name', 11, 10, 64, FALSE, 'b', 'S', FALSE, TRUE, ',', 0, 0, 1003, 'namein', 'nameout', 'namerecv', 'namesend', '-', '-', '-', 'c', 'p', FALSE, 0, -1, 0, 950, NULL, NULL, NULL),
(20, 'int8', 11, 10, 8, TRUE, 'b', 'N', FALSE, TRUE, ',', 0, 0, 1016, 'int8in', 'int8out', 'int8recv', 'int8send', '-', '-', '-', 'd', 'p', FALSE, 0, -1, 0, 0, NULL, NULL, NULL),
(21, 'int2', 11, 10, 2, TRUE, 'b', 'N', FALSE, TRUE, ',', 0, 0, 1005, 'int2in', 'int2out', 'int2recv', 'int2send', '-', '-', '-', 's', 'p', FALSE, 0, -1, 0, 0, NULL, NULL, NULL),
(23, 'int4', 11, 10, 4, TRUE, 'b', 'N', TRUE, TRUE, ',', 0, 0, 1007, 'int4in', 'int4out', 'int4recv', 'int4send', 'int4typmodin', 'int4typmodout', 'int4analyze', 'i', 'p', FALSE, 0, -1, 0, 0, NULL, NULL, NULL),
(24, 'regproc', 11, 10, 4, TRUE, 'b', 'N', FALSE, TRUE, ',', 0, 0, 1008, 'regprocin', 'regprocout', 'regprocrecv', 'regprocsend', '-', '-', '-', 'i', 'p', FALSE, 0, -1, 0, 0, NULL, NULL, NULL),
(25, 'text', 11, 10, -1, FALSE, 'b', 'S', TRUE, TRUE, ',', 0, 0, 1009, 'textin', 'textout', 'textrecv', 'textsend', 'texttypmodin', 'texttypmodout', 'textanalyze', 'i', 'e', FALSE, 0, -1, 0, 0, NULL, NULL, NULL),
(26, 'oid', 11, 10, 4, TRUE, 'b', 'N', TRUE, TRUE, ',', 0, 0, 1028, 'oidin', 'oidout', 'oidrecv', 'oidsend', '-', '-', '-', 'i', 'p', FALSE, 0, -1, 0, 0, NULL, NULL, NULL),
(700, 'float4', 11, 10, 4, TRUE, 'b', 'N', FALSE, TRUE, ',', 0, 0, 1021, 'float4in', 'float4out', 'float4recv', 'float4send', '-', '-', '-', 'i', 'p', FALSE, 0, -1, 0, 0, NULL, NULL, NULL),
(701, 'float8', 11, 10, 8, TRUE, 'b', 'N', TRUE, TRUE, ',', 0, 0, 1022, 'float8in', 'float8out', 'float8recv', 'float8send', '-', '-', '-', 'd', 'p', FALSE, 0, -1, 0, 0, NULL, NULL, NULL),
(1043, 'varchar', 11, 10, -1, FALSE, 'b', 'S', FALSE, TRUE, ',', 0, 0, 1015, 'varcharin', 'varcharout', 'varcharrecv', 'varcharsend', 'varchartypmodin', 'varchartypmodout', '-', 'i', 'e', FALSE, 0, -1, 0, 100, NULL, NULL, NULL),
(1082, 'date', 11, 10, 4, TRUE, 'b', 'D', FALSE, TRUE, ',', 0, 0, 1182, 'date_in', 'date_out', 'date_recv', 'date_send', '-', '-', '-', 'i', 'p', FALSE, 0, -1, 0, 0, NULL, NULL, NULL),
(1083, 'time', 11, 10, 8, TRUE, 'b', 'D', FALSE, TRUE, ',', 0, 0, 1183, 'time_in', 'time_out', 'time_recv', 'time_send', 'timetypmodin', 'timetypmodout', '-', 'd', 'p', FALSE, 0, -1, 0, 0, NULL, NULL, NULL),
(1114, 'timestamp', 11, 10, 8, TRUE, 'b', 'D', FALSE, TRUE, ',', 0, 0, 1115, 'timestamp_in', 'timestamp_out', 'timestamp_recv', 'timestamp_send', 'timestamptypmodin', 'timestamptypmodout', '-', 'd', 'p', FALSE, 0, -1, 0, 0, NULL, NULL, NULL),
(1184, 'timestamptz', 11, 10, 8, TRUE, 'b', 'D', TRUE, TRUE, ',', 0, 0, 1185, 'timestamptz_in', 'timestamptz_out', 'timestamptz_recv', 'timestamptz_send', 'timestamptztypmodin', 'timestamptztypmodout', '-', 'd', 'p', FALSE, 0, -1, 0, 0, NULL, NULL, NULL),
(1700, 'numeric', 11, 10, -1, FALSE, 'b', 'N', FALSE, TRUE, ',', 0, 0, 1231, 'numeric_in', 'numeric_out', 'numeric_recv', 'numeric_send', 'numerictypmodin', 'numerictypmodout', '-', 'i', 'm', FALSE, 0, -1, 0, 0, NULL, NULL, NULL),
(2950, 'uuid', 11, 10, 16, FALSE, 'b', 'U', FALSE, TRUE, ',', 0, 0, 2951, 'uuid_in', 'uuid_out', 'uuid_recv', 'uuid_send', '-', '-', '-', 'c', 'p', FALSE, 0, -1, 0, 0, NULL, NULL, NULL),
(114, 'json', 11, 10, -1, FALSE, 'b', 'U', FALSE, TRUE, ',', 0, 0, 199, 'json_in', 'json_out', 'json_recv', 'json_send', '-', '-', '-', 'i', 'e', FALSE, 0, -1, 0, 0, NULL, NULL, NULL),
(3802, 'jsonb', 11, 10, -1, FALSE, 'b', 'U', FALSE, TRUE, ',', 0, 0, 3807, 'jsonb_in', 'jsonb_out', 'jsonb_recv', 'jsonb_send', '-', '-', '-', 'i', 'e', FALSE, 0, -1, 0, 0, NULL, NULL, NULL),
(1042, 'bpchar', 11, 10, -1, FALSE, 'b', 'S', FALSE, TRUE, ',', 0, 0, 1014, 'bpcharin', 'bpcharout', 'bpcharrecv', 'bpcharsend', 'bpchartypmodin', 'bpchartypmodout', '-', 'i', 'e', FALSE, 0, -1, 0, 100, NULL, NULL, NULL),
-- Domain types examples (typtype='d' based on base types)
(100001, 'positive_int', 11, 10, 4, TRUE, 'd', 'N', FALSE, TRUE, ',', 0, 0, 0, 'int4in', 'int4out', 'int4recv', 'int4send', '-', '-', '-', 'i', 'p', FALSE, 23, -1, 0, 0, NULL, NULL, NULL),
(100002, 'email_address', 11, 10, -1, FALSE, 'd', 'S', FALSE, TRUE, ',', 0, 0, 0, 'textin', 'textout', 'textrecv', 'textsend', '-', '-', '-', 'i', 'e', FALSE, 25, -1, 0, 0, NULL, NULL, NULL),
(100003, 'us_postal_code', 11, 10, -1, FALSE, 'd', 'S', FALSE, TRUE, ',', 0, 0, 0, 'textin', 'textout', 'textrecv', 'textsend', '-', '-', '-', 'i', 'e', FALSE, 25, -1, 0, 0, NULL, NULL, NULL)
2026-02-28T15:04:14.132+0300	INFO	logger/zap_logger.go:76	[SynchronizerVClock] Loaded key	{"key": "schema:testdb:pg_catalog:pg_type:", "value": "{\"Name\":\"pg_catalog.pg_type\",\"Columns\":{\"oid\":{\"Type\":1,\"IsNullable\":false,\"DefaultValue\":null,\"IsSerial\":false,\"IsUnique\":false,\"Idx\":1},\"typacl\":{\"Type\":0,\"IsNullable\":true,\"DefaultValue\":null,\"IsSerial\":false,\"IsUnique\":false,\"Idx\":31},\"typalign\":{\"Type\":0,\"IsNullable\":true,\"DefaultValue\":null,\"IsSerial\":false,\"IsUnique\":false,\"Idx\":22},\"typanalyze\":{\"Type\":0,\"IsNullable\":true,\"DefaultValue\":null,\"IsSerial\":false,\"IsUnique\":false,\"Idx\":21},\"typarray\":{\"Type\":1,\"IsNullable\":true,\"DefaultValue\":null,\"IsSerial\":false,\"IsUnique\":false,\"Idx\":14},\"typbasetype\":{\"Type\":1,\"IsNullable\":true,\"DefaultValue\":null,\"IsSerial\":false,\"IsUnique\":false,\"Idx\":25},\"typbyval\":{\"Type\":0,\"IsNullable\":true,\"DefaultValue\":null,\"IsSerial\":false,\"IsUnique\":false,\"Idx\":6},\"typcategory\":{\"Type\":0,\"IsNullable\":true,\"DefaultValue\":null,\"IsSerial\":false,\"IsUnique\":false,\"Idx\":8},\"typcollation\":{\"Type\":1,\"IsNullable\":true,\"DefaultValue\":null,\"IsSerial\":false,\"IsUnique\":false,\"Idx\":28},\"typdefault\":{\"Type\":0,\"IsNullable\":true,\"DefaultValue\":null,\"IsSerial\":false,\"IsUnique\":false,\"Idx\":30},\"typdefaultbin\":{\"Type\":0,\"IsNullable\":true,\"DefaultValue\":null,\"IsSerial\":false,\"IsUnique\":false,\"Idx\":29},\"typdelim\":{\"Type\":0,\"IsNullable\":true,\"DefaultValue\":null,\"IsSerial\":false,\"IsUnique\":false,\"Idx\":11},\"typelem\":{\"Type\":1,\"IsNullable\":true,\"DefaultValue\":null,\"IsSerial\":false,\"IsUnique\":false,\"Idx\":13},\"typinput\":{\"Type\":0,\"IsNullable\":true,\"DefaultValue\":null,\"IsSerial\":false,\"IsUnique\":false,\"Idx\":15},\"typisdefined\":{\"Type\":0,\"IsNullable\":true,\"DefaultValue\":null,\"IsSerial\":false,\"IsUnique\":false,\"Idx\":10},\"typispreferred\":{\"Type\":0,\"IsNullable\":true,\"DefaultValue\":null,\"IsSerial\":false,\"IsUnique\":false,\"Idx\":9},\"typlen\":{\"Type\":1,\"IsNullable\":true,\"DefaultValue\":null,\"IsSerial\":false,\"IsUnique\":false,\"Idx\":5},\"typmodin\":{\"Type\":0,\"IsNullable\":true,\"DefaultValue\":null,\"IsSerial\":false,\"IsUnique\":false,\"Idx\":19},\"typmodout\":{\"Type\":0,\"IsNullable\":true,\"DefaultValue\":null,\"IsSerial\":false,\"IsUnique\":false,\"Idx\":20},\"typname\":{\"Type\":0,\"IsNullable\":true,\"DefaultValue\":null,\"IsSerial\":false,\"IsUnique\":false,\"Idx\":2},\"typnamespace\":{\"Type\":1,\"IsNullable\":true,\"DefaultValue\":null,\"IsSerial\":false,\"IsUnique\":false,\"Idx\":3},\"typndims\":{\"Type\":1,\"IsNullable\":true,\"DefaultValue\":null,\"IsSerial\":false,\"IsUnique\":false,\"Idx\":27},\"typnotnull\":{\"Type\":0,\"IsNullable\":true,\"DefaultValue\":null,\"IsSerial\":false,\"IsUnique\":false,\"Idx\":24},\"typoutput\":{\"Type\":0,\"IsNullable\":true,\"DefaultValue\":null,\"IsSerial\":false,\"IsUnique\":false,\"Idx\":16},\"typowner\":{\"Type\":1,\"IsNullable\":true,\"DefaultValue\":null,\"IsSerial\":false,\"IsUnique\":false,\"Idx\":4},\"typreceive\":{\"Type\":0,\"IsNullable\":true,\"DefaultValue\":null,\"IsSerial\":false,\"IsUnique\":false,\"Idx\":17},\"typrelid\":{\"Type\":1,\"IsNullable\":true,\"DefaultValue\":null,\"IsSerial\":false,\"IsUnique\":false,\"Idx\":12},\"typsend\":{\"Type\":0,\"IsNullable\":true,\"DefaultValue\":null,\"IsSerial\":false,\"IsUnique\":false,\"Idx\":18},\"typstorage\":{\"Type\":0,\"IsNullable\":true,\"DefaultValue\":null,\"IsSerial\":false,\"IsUnique\":false,\"Idx\":23},\"typtype\":{\"Type\":0,\"IsNullable\":true,\"DefaultValue\":null,\"IsSerial\":false,\"IsUnique\":false,\"Idx\":7},\"typtypmod\":{\"Type\":1,\"IsNullable\":true,\"DefaultValue\":null,\"IsSerial\":false,\"IsUnique\":false,\"Idx\":26}},\"PrimaryKeys\":[1]}", "vclock": {"node1":80}}
2026-02-28T15:04:14.136+0300	DEBUG	logger/zap_logger.go:96	DEBUG: Parsed statement type: INSERT

2026-02-28T15:04:14.136+0300	DEBUG	logger/zap_logger.go:96	DEBUG: Insert into pg_catalog.pg_type: [[16 bool 11 10 1 true b B true true , 0 0 1000 boolin boolout boolrecv boolsend booltypmodin booltypmodout boolanalyze c p false 0 -1 0 0 NULL NULL NULL] [17 bytea 11 10 -1 false b U false true , 0 0 1001 byteain byteaout bytearecv byteasend - - - i x false 0 -1 0 0 NULL NULL NULL] [18 char 11 10 1 true b Z false true , 0 0 1002 charin charout charrecv charsend - - - c p false 0 -1 0 0 NULL NULL NULL] [19 name 11 10 64 false b S false true , 0 0 1003 namein nameout namerecv namesend - - - c p false 0 -1 0 950 NULL NULL NULL] [20 int8 11 10 8 true b N false true , 0 0 1016 int8in int8out int8recv int8send - - - d p false 0 -1 0 0 NULL NULL NULL] [21 int2 11 10 2 true b N false true , 0 0 1005 int2in int2out int2recv int2send - - - s p false 0 -1 0 0 NULL NULL NULL] [23 int4 11 10 4 true b N true true , 0 0 1007 int4in int4out int4recv int4send int4typmodin int4typmodout int4analyze i p false 0 -1 0 0 NULL NULL NULL] [24 regproc 11 10 4 true b N false true , 0 0 1008 regprocin regprocout regprocrecv regprocsend - - - i p false 0 -1 0 0 NULL NULL NULL] [25 text 11 10 -1 false b S true true , 0 0 1009 textin textout textrecv textsend texttypmodin texttypmodout textanalyze i e false 0 -1 0 0 NULL NULL NULL] [26 oid 11 10 4 true b N true true , 0 0 1028 oidin oidout oidrecv oidsend - - - i p false 0 -1 0 0 NULL NULL NULL] [700 float4 11 10 4 true b N false true , 0 0 1021 float4in float4out float4recv float4send - - - i p false 0 -1 0 0 NULL NULL NULL] [701 float8 11 10 8 true b N true true , 0 0 1022 float8in float8out float8recv float8send - - - d p false 0 -1 0 0 NULL NULL NULL] [1043 varchar 11 10 -1 false b S false true , 0 0 1015 varcharin varcharout varcharrecv varcharsend varchartypmodin varchartypmodout - i e false 0 -1 0 100 NULL NULL NULL] [1082 date 11 10 4 true b D false true , 0 0 1182 date_in date_out date_recv date_send - - - i p false 0 -1 0 0 NULL NULL NULL] [1083 time 11 10 8 true b D false true , 0 0 1183 time_in time_out time_recv time_send timetypmodin timetypmodout - d p false 0 -1 0 0 NULL NULL NULL] [1114 timestamp 11 10 8 true b D false true , 0 0 1115 timestamp_in timestamp_out timestamp_recv timestamp_send timestamptypmodin timestamptypmodout - d p false 0 -1 0 0 NULL NULL NULL] [1184 timestamptz 11 10 8 true b D true true , 0 0 1185 timestamptz_in timestamptz_out timestamptz_recv timestamptz_send timestamptztypmodin timestamptztypmodout - d p false 0 -1 0 0 NULL NULL NULL] [1700 numeric 11 10 -1 false b N false true , 0 0 1231 numeric_in numeric_out numeric_recv numeric_send numerictypmodin numerictypmodout - i m false 0 -1 0 0 NULL NULL NULL] [2950 uuid 11 10 16 false b U false true , 0 0 2951 uuid_in uuid_out uuid_recv uuid_send - - - c p false 0 -1 0 0 NULL NULL NULL] [114 json 11 10 -1 false b U false true , 0 0 199 json_in json_out json_recv json_send - - - i e false 0 -1 0 0 NULL NULL NULL] [3802 jsonb 11 10 -1 false b U false true , 0 0 3807 jsonb_in jsonb_out jsonb_recv jsonb_send - - - i e false 0 -1 0 0 NULL NULL NULL] [1042 bpchar 11 10 -1 false b S false true , 0 0 1014 bpcharin bpcharout bpcharrecv bpcharsend bpchartypmodin bpchartypmodout - i e false 0 -1 0 100 NULL NULL NULL] [100001 positive_int 11 10 4 true d N false true , 0 0 0 int4in int4out int4recv int4send - - - i p false 23 -1 0 0 NULL NULL NULL] [100002 email_address 11 10 -1 false d S false true , 0 0 0 textin textout textrecv textsend - - - i e false 25 -1 0 0 NULL NULL NULL] [100003 us_postal_code 11 10 -1 false d S false true , 0 0 0 textin textout textrecv textsend - - - i e false 25 -1 0 0 NULL NULL NULL]]

2026-02-28T15:04:14.136+0300	DEBUG	logger/zap_logger.go:71	DEBUG: Table metadata:	{"meta": {"Name":"pg_catalog.pg_type","Columns":{"oid":{"Type":1,"IsNullable":false,"DefaultValue":null,"IsSerial":false,"IsUnique":false,"Idx":1},"typacl":{"Type":0,"IsNullable":true,"DefaultValue":null,"IsSerial":false,"IsUnique":false,"Idx":31},"typalign":{"Type":0,"IsNullable":true,"DefaultValue":null,"IsSerial":false,"IsUnique":false,"Idx":22},"typanalyze":{"Type":0,"IsNullable":true,"DefaultValue":null,"IsSerial":false,"IsUnique":false,"Idx":21},"typarray":{"Type":1,"IsNullable":true,"DefaultValue":null,"IsSerial":false,"IsUnique":false,"Idx":14},"typbasetype":{"Type":1,"IsNullable":true,"DefaultValue":null,"IsSerial":false,"IsUnique":false,"Idx":25},"typbyval":{"Type":0,"IsNullable":true,"DefaultValue":null,"IsSerial":false,"IsUnique":false,"Idx":6},"typcategory":{"Type":0,"IsNullable":true,"DefaultValue":null,"IsSerial":false,"IsUnique":false,"Idx":8},"typcollation":{"Type":1,"IsNullable":true,"DefaultValue":null,"IsSerial":false,"IsUnique":false,"Idx":28},"typdefault":{"Type":0,"IsNullable":true,"DefaultValue":null,"IsSerial":false,"IsUnique":false,"Idx":30},"typdefaultbin":{"Type":0,"IsNullable":true,"DefaultValue":null,"IsSerial":false,"IsUnique":false,"Idx":29},"typdelim":{"Type":0,"IsNullable":true,"DefaultValue":null,"IsSerial":false,"IsUnique":false,"Idx":11},"typelem":{"Type":1,"IsNullable":true,"DefaultValue":null,"IsSerial":false,"IsUnique":false,"Idx":13},"typinput":{"Type":0,"IsNullable":true,"DefaultValue":null,"IsSerial":false,"IsUnique":false,"Idx":15},"typisdefined":{"Type":0,"IsNullable":true,"DefaultValue":null,"IsSerial":false,"IsUnique":false,"Idx":10},"typispreferred":{"Type":0,"IsNullable":true,"DefaultValue":null,"IsSerial":false,"IsUnique":false,"Idx":9},"typlen":{"Type":1,"IsNullable":true,"DefaultValue":null,"IsSerial":false,"IsUnique":false,"Idx":5},"typmodin":{"Type":0,"IsNullable":true,"DefaultValue":null,"IsSerial":false,"IsUnique":false,"Idx":19},"typmodout":{"Type":0,"IsNullable":true,"DefaultValue":null,"IsSerial":false,"IsUnique":false,"Idx":20},"typname":{"Type":0,"IsNullable":true,"DefaultValue":null,"IsSerial":false,"IsUnique":false,"Idx":2},"typnamespace":{"Type":1,"IsNullable":true,"DefaultValue":null,"IsSerial":false,"IsUnique":false,"Idx":3},"typndims":{"Type":1,"IsNullable":true,"DefaultValue":null,"IsSerial":false,"IsUnique":false,"Idx":27},"typnotnull":{"Type":0,"IsNullable":true,"DefaultValue":null,"IsSerial":false,"IsUnique":false,"Idx":24},"typoutput":{"Type":0,"IsNullable":true,"DefaultValue":null,"IsSerial":false,"IsUnique":false,"Idx":16},"typowner":{"Type":1,"IsNullable":true,"DefaultValue":null,"IsSerial":false,"IsUnique":false,"Idx":4},"typreceive":{"Type":0,"IsNullable":true,"DefaultValue":null,"IsSerial":false,"IsUnique":false,"Idx":17},"typrelid":{"Type":1,"IsNullable":true,"DefaultValue":null,"IsSerial":false,"IsUnique":false,"Idx":12},"typsend":{"Type":0,"IsNullable":true,"DefaultValue":null,"IsSerial":false,"IsUnique":false,"Idx":18},"typstorage":{"Type":0,"IsNullable":true,"DefaultValue":null,"IsSerial":false,"IsUnique":false,"Idx":23},"typtype":{"Type":0,"IsNullable":true,"DefaultValue":null,"IsSerial":false,"IsUnique":false,"Idx":7},"typtypmod":{"Type":1,"IsNullable":true,"DefaultValue":null,"IsSerial":false,"IsUnique":false,"Idx":26}},"PrimaryKeys":[1]}}
2026-02-28T15:04:14.136+0300	DEBUG	logger/zap_logger.go:71	DEBUG: Saved row: 	{"rowKey": "testdb:pg_catalog:pg_type:row:16:", "rowData": "[16,\"bool\",11,10,1,true,\"b\",\"B\",true,true,\",\",0,0,1000,\"boolin\",\"boolout\",\"boolrecv\",\"boolsend\",\"booltypmodin\",\"booltypmodout\",\"boolanalyze\",\"c\",\"p\",false,0,-1,0,0,\"NULL\",\"NULL\",\"NULL\"]"}
2026-02-28T15:04:14.136+0300	DEBUG	logger/zap_logger.go:71	DEBUG: Saved row: 	{"rowKey": "testdb:pg_catalog:pg_type:row:17:", "rowData": "[17,\"bytea\",11,10,-1,false,\"b\",\"U\",false,true,\",\",0,0,1001,\"byteain\",\"byteaout\",\"bytearecv\",\"byteasend\",\"-\",\"-\",\"-\",\"i\",\"x\",false,0,-1,0,0,\"NULL\",\"NULL\",\"NULL\"]"}
2026-02-28T15:04:14.136+0300	DEBUG	logger/zap_logger.go:71	DEBUG: Saved row: 	{"rowKey": "testdb:pg_catalog:pg_type:row:18:", "rowData": "[18,\"char\",11,10,1,true,\"b\",\"Z\",false,true,\",\",0,0,1002,\"charin\",\"charout\",\"charrecv\",\"charsend\",\"-\",\"-\",\"-\",\"c\",\"p\",false,0,-1,0,0,\"NULL\",\"NULL\",\"NULL\"]"}
2026-02-28T15:04:14.136+0300	DEBUG	logger/zap_logger.go:71	DEBUG: Saved row: 	{"rowKey": "testdb:pg_catalog:pg_type:row:19:", "rowData": "[19,\"name\",11,10,64,false,\"b\",\"S\",false,true,\",\",0,0,1003,\"namein\",\"nameout\",\"namerecv\",\"namesend\",\"-\",\"-\",\"-\",\"c\",\"p\",false,0,-1,0,950,\"NULL\",\"NULL\",\"NULL\"]"}
2026-02-28T15:04:14.136+0300	DEBUG	logger/zap_logger.go:71	DEBUG: Saved row: 	{"rowKey": "testdb:pg_catalog:pg_type:row:20:", "rowData": "[20,\"int8\",11,10,8,true,\"b\",\"N\",false,true,\",\",0,0,1016,\"int8in\",\"int8out\",\"int8recv\",\"int8send\",\"-\",\"-\",\"-\",\"d\",\"p\",false,0,-1,0,0,\"NULL\",\"NULL\",\"NULL\"]"}
2026-02-28T15:04:14.136+0300	DEBUG	logger/zap_logger.go:71	DEBUG: Saved row: 	{"rowKey": "testdb:pg_catalog:pg_type:row:21:", "rowData": "[21,\"int2\",11,10,2,true,\"b\",\"N\",false,true,\",\",0,0,1005,\"int2in\",\"int2out\",\"int2recv\",\"int2send\",\"-\",\"-\",\"-\",\"s\",\"p\",false,0,-1,0,0,\"NULL\",\"NULL\",\"NULL\"]"}
2026-02-28T15:04:14.136+0300	DEBUG	logger/zap_logger.go:71	DEBUG: Saved row: 	{"rowKey": "testdb:pg_catalog:pg_type:row:23:", "rowData": "[23,\"int4\",11,10,4,true,\"b\",\"N\",true,true,\",\",0,0,1007,\"int4in\",\"int4out\",\"int4recv\",\"int4send\",\"int4typmodin\",\"int4typmodout\",\"int4analyze\",\"i\",\"p\",false,0,-1,0,0,\"NULL\",\"NULL\",\"NULL\"]"}
2026-02-28T15:04:14.136+0300	DEBUG	logger/zap_logger.go:71	DEBUG: Saved row: 	{"rowKey": "testdb:pg_catalog:pg_type:row:24:", "rowData": "[24,\"regproc\",11,10,4,true,\"b\",\"N\",false,true,\",\",0,0,1008,\"regprocin\",\"regprocout\",\"regprocrecv\",\"regprocsend\",\"-\",\"-\",\"-\",\"i\",\"p\",false,0,-1,0,0,\"NULL\",\"NULL\",\"NULL\"]"}
2026-02-28T15:04:14.136+0300	DEBUG	logger/zap_logger.go:71	DEBUG: Saved row: 	{"rowKey": "testdb:pg_catalog:pg_type:row:25:", "rowData": "[25,\"text\",11,10,-1,false,\"b\",\"S\",true,true,\",\",0,0,1009,\"textin\",\"textout\",\"textrecv\",\"textsend\",\"texttypmodin\",\"texttypmodout\",\"textanalyze\",\"i\",\"e\",false,0,-1,0,0,\"NULL\",\"NULL\",\"NULL\"]"}
2026-02-28T15:04:14.136+0300	DEBUG	logger/zap_logger.go:71	DEBUG: Saved row: 	{"rowKey": "testdb:pg_catalog:pg_type:row:26:", "rowData": "[26,\"oid\",11,10,4,true,\"b\",\"N\",true,true,\",\",0,0,1028,\"oidin\",\"oidout\",\"oidrecv\",\"oidsend\",\"-\",\"-\",\"-\",\"i\",\"p\",false,0,-1,0,0,\"NULL\",\"NULL\",\"NULL\"]"}
2026-02-28T15:04:14.136+0300	DEBUG	logger/zap_logger.go:71	DEBUG: Saved row: 	{"rowKey": "testdb:pg_catalog:pg_type:row:700:", "rowData": "[700,\"float4\",11,10,4,true,\"b\",\"N\",false,true,\",\",0,0,1021,\"float4in\",\"float4out\",\"float4recv\",\"float4send\",\"-\",\"-\",\"-\",\"i\",\"p\",false,0,-1,0,0,\"NULL\",\"NULL\",\"NULL\"]"}
2026-02-28T15:04:14.136+0300	DEBUG	logger/zap_logger.go:71	DEBUG: Saved row: 	{"rowKey": "testdb:pg_catalog:pg_type:row:701:", "rowData": "[701,\"float8\",11,10,8,true,\"b\",\"N\",true,true,\",\",0,0,1022,\"float8in\",\"float8out\",\"float8recv\",\"float8send\",\"-\",\"-\",\"-\",\"d\",\"p\",false,0,-1,0,0,\"NULL\",\"NULL\",\"NULL\"]"}
2026-02-28T15:04:14.136+0300	DEBUG	logger/zap_logger.go:71	DEBUG: Saved row: 	{"rowKey": "testdb:pg_catalog:pg_type:row:1043:", "rowData": "[1043,\"varchar\",11,10,-1,false,\"b\",\"S\",false,true,\",\",0,0,1015,\"varcharin\",\"varcharout\",\"varcharrecv\",\"varcharsend\",\"varchartypmodin\",\"varchartypmodout\",\"-\",\"i\",\"e\",false,0,-1,0,100,\"NULL\",\"NULL\",\"NULL\"]"}
2026-02-28T15:04:14.136+0300	DEBUG	logger/zap_logger.go:71	DEBUG: Saved row: 	{"rowKey": "testdb:pg_catalog:pg_type:row:1082:", "rowData": "[1082,\"date\",11,10,4,true,\"b\",\"D\",false,true,\",\",0,0,1182,\"date_in\",\"date_out\",\"date_recv\",\"date_send\",\"-\",\"-\",\"-\",\"i\",\"p\",false,0,-1,0,0,\"NULL\",\"NULL\",\"NULL\"]"}
2026-02-28T15:04:14.136+0300	DEBUG	logger/zap_logger.go:71	DEBUG: Saved row: 	{"rowKey": "testdb:pg_catalog:pg_type:row:1083:", "rowData": "[1083,\"time\",11,10,8,true,\"b\",\"D\",false,true,\",\",0,0,1183,\"time_in\",\"time_out\",\"time_recv\",\"time_send\",\"timetypmodin\",\"timetypmodout\",\"-\",\"d\",\"p\",false,0,-1,0,0,\"NULL\",\"NULL\",\"NULL\"]"}
2026-02-28T15:04:14.136+0300	DEBUG	logger/zap_logger.go:71	DEBUG: Saved row: 	{"rowKey": "testdb:pg_catalog:pg_type:row:1114:", "rowData": "[1114,\"timestamp\",11,10,8,true,\"b\",\"D\",false,true,\",\",0,0,1115,\"timestamp_in\",\"timestamp_out\",\"timestamp_recv\",\"timestamp_send\",\"timestamptypmodin\",\"timestamptypmodout\",\"-\",\"d\",\"p\",false,0,-1,0,0,\"NULL\",\"NULL\",\"NULL\"]"}
2026-02-28T15:04:14.136+0300	DEBUG	logger/zap_logger.go:71	DEBUG: Saved row: 	{"rowKey": "testdb:pg_catalog:pg_type:row:1184:", "rowData": "[1184,\"timestamptz\",11,10,8,true,\"b\",\"D\",true,true,\",\",0,0,1185,\"timestamptz_in\",\"timestamptz_out\",\"timestamptz_recv\",\"timestamptz_send\",\"timestamptztypmodin\",\"timestamptztypmodout\",\"-\",\"d\",\"p\",false,0,-1,0,0,\"NULL\",\"NULL\",\"NULL\"]"}
2026-02-28T15:04:14.136+0300	DEBUG	logger/zap_logger.go:71	DEBUG: Saved row: 	{"rowKey": "testdb:pg_catalog:pg_type:row:1700:", "rowData": "[1700,\"numeric\",11,10,-1,false,\"b\",\"N\",false,true,\",\",0,0,1231,\"numeric_in\",\"numeric_out\",\"numeric_recv\",\"numeric_send\",\"numerictypmodin\",\"numerictypmodout\",\"-\",\"i\",\"m\",false,0,-1,0,0,\"NULL\",\"NULL\",\"NULL\"]"}
2026-02-28T15:04:14.136+0300	DEBUG	logger/zap_logger.go:71	DEBUG: Saved row: 	{"rowKey": "testdb:pg_catalog:pg_type:row:2950:", "rowData": "[2950,\"uuid\",11,10,16,false,\"b\",\"U\",false,true,\",\",0,0,2951,\"uuid_in\",\"uuid_out\",\"uuid_recv\",\"uuid_send\",\"-\",\"-\",\"-\",\"c\",\"p\",false,0,-1,0,0,\"NULL\",\"NULL\",\"NULL\"]"}
2026-02-28T15:04:14.136+0300	DEBUG	logger/zap_logger.go:71	DEBUG: Saved row: 	{"rowKey": "testdb:pg_catalog:pg_type:row:114:", "rowData": "[114,\"json\",11,10,-1,false,\"b\",\"U\",false,true,\",\",0,0,199,\"json_in\",\"json_out\",\"json_recv\",\"json_send\",\"-\",\"-\",\"-\",\"i\",\"e\",false,0,-1,0,0,\"NULL\",\"NULL\",\"NULL\"]"}
2026-02-28T15:04:14.136+0300	DEBUG	logger/zap_logger.go:71	DEBUG: Saved row: 	{"rowKey": "testdb:pg_catalog:pg_type:row:3802:", "rowData": "[3802,\"jsonb\",11,10,-1,false,\"b\",\"U\",false,true,\",\",0,0,3807,\"jsonb_in\",\"jsonb_out\",\"jsonb_recv\",\"jsonb_send\",\"-\",\"-\",\"-\",\"i\",\"e\",false,0,-1,0,0,\"NULL\",\"NULL\",\"NULL\"]"}
2026-02-28T15:04:14.136+0300	DEBUG	logger/zap_logger.go:71	DEBUG: Saved row: 	{"rowKey": "testdb:pg_catalog:pg_type:row:1042:", "rowData": "[1042,\"bpchar\",11,10,-1,false,\"b\",\"S\",false,true,\",\",0,0,1014,\"bpcharin\",\"bpcharout\",\"bpcharrecv\",\"bpcharsend\",\"bpchartypmodin\",\"bpchartypmodout\",\"-\",\"i\",\"e\",false,0,-1,0,100,\"NULL\",\"NULL\",\"NULL\"]"}
2026-02-28T15:04:14.136+0300	DEBUG	logger/zap_logger.go:71	DEBUG: Saved row: 	{"rowKey": "testdb:pg_catalog:pg_type:row:100001:", "rowData": "[100001,\"positive_int\",11,10,4,true,\"d\",\"N\",false,true,\",\",0,0,0,\"int4in\",\"int4out\",\"int4recv\",\"int4send\",\"-\",\"-\",\"-\",\"i\",\"p\",false,23,-1,0,0,\"NULL\",\"NULL\",\"NULL\"]"}
2026-02-28T15:04:14.136+0300	DEBUG	logger/zap_logger.go:71	DEBUG: Saved row: 	{"rowKey": "testdb:pg_catalog:pg_type:row:100002:", "rowData": "[100002,\"email_address\",11,10,-1,false,\"d\",\"S\",false,true,\",\",0,0,0,\"textin\",\"textout\",\"textrecv\",\"textsend\",\"-\",\"-\",\"-\",\"i\",\"e\",false,25,-1,0,0,\"NULL\",\"NULL\",\"NULL\"]"}
2026-02-28T15:04:14.136+0300	DEBUG	logger/zap_logger.go:71	DEBUG: Saved row: 	{"rowKey": "testdb:pg_catalog:pg_type:row:100003:", "rowData": "[100003,\"us_postal_code\",11,10,-1,false,\"d\",\"S\",false,true,\",\",0,0,0,\"textin\",\"textout\",\"textrecv\",\"textsend\",\"-\",\"-\",\"-\",\"i\",\"e\",false,25,-1,0,0,\"NULL\",\"NULL\",\"NULL\"]"}
2026-02-28T15:04:14.136+0300	INFO	logger/zap_logger.go:76	[SynchronizerVClock] Loaded key	{"key": "testdb:pg_catalog:pg_type:row:100003:", "value": "[100003,\"us_postal_code\",11,10,-1,false,\"d\",\"S\",false,true,\",\",0,0,0,\"textin\",\"textout\",\"textrecv\",\"textsend\",\"-\",\"-\",\"-\",\"i\",\"e\",false,25,-1,0,0,\"NULL\",\"NULL\",\"NULL\"]", "vclock": {"node1":81}}
2026-02-28T15:04:14.136+0300	INFO	logger/zap_logger.go:76	[SynchronizerVClock] Loaded key	{"key": "testdb:pg_catalog:pg_type:row:19:", "value": "[19,\"name\",11,10,64,false,\"b\",\"S\",false,true,\",\",0,0,1003,\"namein\",\"nameout\",\"namerecv\",\"namesend\",\"-\",\"-\",\"-\",\"c\",\"p\",false,0,-1,0,950,\"NULL\",\"NULL\",\"NULL\"]", "vclock": {"node1":82}}
2026-02-28T15:04:14.136+0300	INFO	logger/zap_logger.go:76	[SynchronizerVClock] Loaded key	{"key": "testdb:pg_catalog:pg_type:row:100002:", "value": "[100002,\"email_address\",11,10,-1,false,\"d\",\"S\",false,true,\",\",0,0,0,\"textin\",\"textout\",\"textrecv\",\"textsend\",\"-\",\"-\",\"-\",\"i\",\"e\",false,25,-1,0,0,\"NULL\",\"NULL\",\"NULL\"]", "vclock": {"node1":83}}
2026-02-28T15:04:14.136+0300	INFO	logger/zap_logger.go:76	[SynchronizerVClock] Loaded key	{"key": "testdb:pg_catalog:pg_type:row:20:", "value": "[20,\"int8\",11,10,8,true,\"b\",\"N\",false,true,\",\",0,0,1016,\"int8in\",\"int8out\",\"int8recv\",\"int8send\",\"-\",\"-\",\"-\",\"d\",\"p\",false,0,-1,0,0,\"NULL\",\"NULL\",\"NULL\"]", "vclock": {"node1":84}}
2026-02-28T15:04:14.136+0300	INFO	logger/zap_logger.go:76	[SynchronizerVClock] Loaded key	{"key": "testdb:pg_catalog:pg_type:row:25:", "value": "[25,\"text\",11,10,-1,false,\"b\",\"S\",true,true,\",\",0,0,1009,\"textin\",\"textout\",\"textrecv\",\"textsend\",\"texttypmodin\",\"texttypmodout\",\"textanalyze\",\"i\",\"e\",false,0,-1,0,0,\"NULL\",\"NULL\",\"NULL\"]", "vclock": {"node1":85}}
2026-02-28T15:04:14.136+0300	INFO	logger/zap_logger.go:76	[SynchronizerVClock] Loaded key	{"key": "testdb:pg_catalog:pg_type:row:1043:", "value": "[1043,\"varchar\",11,10,-1,false,\"b\",\"S\",false,true,\",\",0,0,1015,\"varcharin\",\"varcharout\",\"varcharrecv\",\"varcharsend\",\"varchartypmodin\",\"varchartypmodout\",\"-\",\"i\",\"e\",false,0,-1,0,100,\"NULL\",\"NULL\",\"NULL\"]", "vclock": {"node1":86}}
2026-02-28T15:04:14.137+0300	INFO	logger/zap_logger.go:76	[SynchronizerVClock] Loaded key	{"key": "testdb:pg_catalog:pg_type:row:1083:", "value": "[1083,\"time\",11,10,8,true,\"b\",\"D\",false,true,\",\",0,0,1183,\"time_in\",\"time_out\",\"time_recv\",\"time_send\",\"timetypmodin\",\"timetypmodout\",\"-\",\"d\",\"p\",false,0,-1,0,0,\"NULL\",\"NULL\",\"NULL\"]", "vclock": {"node1":87}}
2026-02-28T15:04:14.137+0300	INFO	logger/zap_logger.go:76	[SynchronizerVClock] Loaded key	{"key": "testdb:pg_catalog:pg_type:row:1114:", "value": "[1114,\"timestamp\",11,10,8,true,\"b\",\"D\",false,true,\",\",0,0,1115,\"timestamp_in\",\"timestamp_out\",\"timestamp_recv\",\"timestamp_send\",\"timestamptypmodin\",\"timestamptypmodout\",\"-\",\"d\",\"p\",false,0,-1,0,0,\"NULL\",\"NULL\",\"NULL\"]", "vclock": {"node1":88}}
2026-02-28T15:04:14.137+0300	DEBUG	logger/zap_logger.go:96	Executing: 

CREATE TABLE IF NOT EXISTS pg_catalog.pg_namespace (
    oid INT,
    nspname TEXT,
    nspowner INT,
    nspacl TEXT,
    PRIMARY KEY (oid)
)
2026-02-28T15:04:14.137+0300	INFO	logger/zap_logger.go:76	[SynchronizerVClock] Loaded key	{"key": "testdb:pg_catalog:pg_type:row:1700:", "value": "[1700,\"numeric\",11,10,-1,false,\"b\",\"N\",false,true,\",\",0,0,1231,\"numeric_in\",\"numeric_out\",\"numeric_recv\",\"numeric_send\",\"numerictypmodin\",\"numerictypmodout\",\"-\",\"i\",\"m\",false,0,-1,0,0,\"NULL\",\"NULL\",\"NULL\"]", "vclock": {"node1":89}}
2026-02-28T15:04:14.137+0300	INFO	logger/zap_logger.go:76	[SynchronizerVClock] Loaded key	{"key": "testdb:pg_catalog:pg_type:row:2950:", "value": "[2950,\"uuid\",11,10,16,false,\"b\",\"U\",false,true,\",\",0,0,2951,\"uuid_in\",\"uuid_out\",\"uuid_recv\",\"uuid_send\",\"-\",\"-\",\"-\",\"c\",\"p\",false,0,-1,0,0,\"NULL\",\"NULL\",\"NULL\"]", "vclock": {"node1":90}}
2026-02-28T15:04:14.137+0300	DEBUG	logger/zap_logger.go:96	DEBUG: Parsed statement type: CREATE_TABLE

2026-02-28T15:04:14.137+0300	INFO	logger/zap_logger.go:76	[SynchronizerVClock] Loaded key	{"key": "testdb:pg_catalog:pg_type:row:114:", "value": "[114,\"json\",11,10,-1,false,\"b\",\"U\",false,true,\",\",0,0,199,\"json_in\",\"json_out\",\"json_recv\",\"json_send\",\"-\",\"-\",\"-\",\"i\",\"e\",false,0,-1,0,0,\"NULL\",\"NULL\",\"NULL\"]", "vclock": {"node1":91}}
2026-02-28T15:04:14.137+0300	INFO	logger/zap_logger.go:76	[SynchronizerVClock] Loaded key	{"key": "testdb:pg_catalog:pg_type:row:18:", "value": "[18,\"char\",11,10,1,true,\"b\",\"Z\",false,true,\",\",0,0,1002,\"charin\",\"charout\",\"charrecv\",\"charsend\",\"-\",\"-\",\"-\",\"c\",\"p\",false,0,-1,0,0,\"NULL\",\"NULL\",\"NULL\"]", "vclock": {"node1":92}}
2026-02-28T15:04:14.137+0300	DEBUG	logger/zap_logger.go:96	Executing: 

INSERT INTO pg_catalog.pg_namespace (oid, nspname, nspowner, nspacl) VALUES
(11, 'pg_catalog', 10, NULL),
(12, 'public', 10, NULL)
2026-02-28T15:04:14.137+0300	INFO	logger/zap_logger.go:76	[SynchronizerVClock] Loaded key	{"key": "testdb:pg_catalog:pg_type:row:23:", "value": "[23,\"int4\",11,10,4,true,\"b\",\"N\",true,true,\",\",0,0,1007,\"int4in\",\"int4out\",\"int4recv\",\"int4send\",\"int4typmodin\",\"int4typmodout\",\"int4analyze\",\"i\",\"p\",false,0,-1,0,0,\"NULL\",\"NULL\",\"NULL\"]", "vclock": {"node1":93}}
2026-02-28T15:04:14.137+0300	INFO	logger/zap_logger.go:76	[SynchronizerVClock] Loaded key	{"key": "testdb:pg_catalog:pg_type:row:26:", "value": "[26,\"oid\",11,10,4,true,\"b\",\"N\",true,true,\",\",0,0,1028,\"oidin\",\"oidout\",\"oidrecv\",\"oidsend\",\"-\",\"-\",\"-\",\"i\",\"p\",false,0,-1,0,0,\"NULL\",\"NULL\",\"NULL\"]", "vclock": {"node1":94}}
2026-02-28T15:04:14.137+0300	INFO	logger/zap_logger.go:76	[SynchronizerVClock] Loaded key	{"key": "testdb:pg_catalog:pg_type:row:700:", "value": "[700,\"float4\",11,10,4,true,\"b\",\"N\",false,true,\",\",0,0,1021,\"float4in\",\"float4out\",\"float4recv\",\"float4send\",\"-\",\"-\",\"-\",\"i\",\"p\",false,0,-1,0,0,\"NULL\",\"NULL\",\"NULL\"]", "vclock": {"node1":95}}
2026-02-28T15:04:14.137+0300	INFO	logger/zap_logger.go:76	[SynchronizerVClock] Loaded key	{"key": "testdb:pg_catalog:pg_type:row:1184:", "value": "[1184,\"timestamptz\",11,10,8,true,\"b\",\"D\",true,true,\",\",0,0,1185,\"timestamptz_in\",\"timestamptz_out\",\"timestamptz_recv\",\"timestamptz_send\",\"timestamptztypmodin\",\"timestamptztypmodout\",\"-\",\"d\",\"p\",false,0,-1,0,0,\"NULL\",\"NULL\",\"NULL\"]", "vclock": {"node1":96}}
2026-02-28T15:04:14.137+0300	INFO	logger/zap_logger.go:76	[SynchronizerVClock] Loaded key	{"key": "testdb:pg_catalog:pg_type:row:3802:", "value": "[3802,\"jsonb\",11,10,-1,false,\"b\",\"U\",false,true,\",\",0,0,3807,\"jsonb_in\",\"jsonb_out\",\"jsonb_recv\",\"jsonb_send\",\"-\",\"-\",\"-\",\"i\",\"e\",false,0,-1,0,0,\"NULL\",\"NULL\",\"NULL\"]", "vclock": {"node1":97}}
2026-02-28T15:04:14.137+0300	DEBUG	logger/zap_logger.go:96	DEBUG: Parsed statement type: INSERT

2026-02-28T15:04:14.137+0300	INFO	logger/zap_logger.go:76	[SynchronizerVClock] Loaded key	{"key": "testdb:pg_catalog:pg_type:row:1042:", "value": "[1042,\"bpchar\",11,10,-1,false,\"b\",\"S\",false,true,\",\",0,0,1014,\"bpcharin\",\"bpcharout\",\"bpcharrecv\",\"bpcharsend\",\"bpchartypmodin\",\"bpchartypmodout\",\"-\",\"i\",\"e\",false,0,-1,0,100,\"NULL\",\"NULL\",\"NULL\"]", "vclock": {"node1":98}}
2026-02-28T15:04:14.137+0300	INFO	logger/zap_logger.go:76	[SynchronizerVClock] Loaded key	{"key": "testdb:pg_catalog:pg_type:row:100001:", "value": "[100001,\"positive_int\",11,10,4,true,\"d\",\"N\",false,true,\",\",0,0,0,\"int4in\",\"int4out\",\"int4recv\",\"int4send\",\"-\",\"-\",\"-\",\"i\",\"p\",false,23,-1,0,0,\"NULL\",\"NULL\",\"NULL\"]", "vclock": {"node1":99}}
2026-02-28T15:04:14.137+0300	DEBUG	logger/zap_logger.go:96	DEBUG: Insert into pg_catalog.pg_namespace: [[11 pg_catalog 10 NULL] [12 public 10 NULL]]

2026-02-28T15:04:14.137+0300	INFO	logger/zap_logger.go:76	[SynchronizerVClock] Loaded key	{"key": "testdb:pg_catalog:pg_type:row:16:", "value": "[16,\"bool\",11,10,1,true,\"b\",\"B\",true,true,\",\",0,0,1000,\"boolin\",\"boolout\",\"boolrecv\",\"boolsend\",\"booltypmodin\",\"booltypmodout\",\"boolanalyze\",\"c\",\"p\",false,0,-1,0,0,\"NULL\",\"NULL\",\"NULL\"]", "vclock": {"node1":100}}
2026-02-28T15:04:14.137+0300	INFO	logger/zap_logger.go:76	[SynchronizerVClock] Loaded key	{"key": "testdb:pg_catalog:pg_type:row:17:", "value": "[17,\"bytea\",11,10,-1,false,\"b\",\"U\",false,true,\",\",0,0,1001,\"byteain\",\"byteaout\",\"bytearecv\",\"byteasend\",\"-\",\"-\",\"-\",\"i\",\"x\",false,0,-1,0,0,\"NULL\",\"NULL\",\"NULL\"]", "vclock": {"node1":101}}
2026-02-28T15:04:14.137+0300	INFO	logger/zap_logger.go:76	[SynchronizerVClock] Loaded key	{"key": "testdb:pg_catalog:pg_type:row:21:", "value": "[21,\"int2\",11,10,2,true,\"b\",\"N\",false,true,\",\",0,0,1005,\"int2in\",\"int2out\",\"int2recv\",\"int2send\",\"-\",\"-\",\"-\",\"s\",\"p\",false,0,-1,0,0,\"NULL\",\"NULL\",\"NULL\"]", "vclock": {"node1":102}}
2026-02-28T15:04:14.137+0300	DEBUG	logger/zap_logger.go:71	DEBUG: Table metadata:	{"meta": {"Name":"pg_catalog.pg_namespace","Columns":{"nspacl":{"Type":0,"IsNullable":true,"DefaultValue":null,"IsSerial":false,"IsUnique":false,"Idx":4},"nspname":{"Type":0,"IsNullable":true,"DefaultValue":null,"IsSerial":false,"IsUnique":false,"Idx":2},"nspowner":{"Type":1,"IsNullable":true,"DefaultValue":null,"IsSerial":false,"IsUnique":false,"Idx":3},"oid":{"Type":1,"IsNullable":false,"DefaultValue":null,"IsSerial":false,"IsUnique":false,"Idx":1}},"PrimaryKeys":[1]}}
2026-02-28T15:04:14.137+0300	INFO	logger/zap_logger.go:76	[SynchronizerVClock] Loaded key	{"key": "testdb:pg_catalog:pg_type:row:24:", "value": "[24,\"regproc\",11,10,4,true,\"b\",\"N\",false,true,\",\",0,0,1008,\"regprocin\",\"regprocout\",\"regprocrecv\",\"regprocsend\",\"-\",\"-\",\"-\",\"i\",\"p\",false,0,-1,0,0,\"NULL\",\"NULL\",\"NULL\"]", "vclock": {"node1":103}}
2026-02-28T15:04:14.137+0300	INFO	logger/zap_logger.go:76	[SynchronizerVClock] Loaded key	{"key": "testdb:pg_catalog:pg_type:row:701:", "value": "[701,\"float8\",11,10,8,true,\"b\",\"N\",true,true,\",\",0,0,1022,\"float8in\",\"float8out\",\"float8recv\",\"float8send\",\"-\",\"-\",\"-\",\"d\",\"p\",false,0,-1,0,0,\"NULL\",\"NULL\",\"NULL\"]", "vclock": {"node1":104}}
2026-02-28T15:04:14.137+0300	DEBUG	logger/zap_logger.go:71	DEBUG: Saved row: 	{"rowKey": "testdb:pg_catalog:pg_namespace:row:11:", "rowData": "[11,\"pg_catalog\",10,\"NULL\"]"}
2026-02-28T15:04:14.137+0300	INFO	logger/zap_logger.go:76	[SynchronizerVClock] Loaded key	{"key": "testdb:pg_catalog:pg_type:row:1082:", "value": "[1082,\"date\",11,10,4,true,\"b\",\"D\",false,true,\",\",0,0,1182,\"date_in\",\"date_out\",\"date_recv\",\"date_send\",\"-\",\"-\",\"-\",\"i\",\"p\",false,0,-1,0,0,\"NULL\",\"NULL\",\"NULL\"]", "vclock": {"node1":105}}
2026-02-28T15:04:14.137+0300	DEBUG	logger/zap_logger.go:71	DEBUG: Saved row: 	{"rowKey": "testdb:pg_catalog:pg_namespace:row:12:", "rowData": "[12,\"public\",10,\"NULL\"]"}
2026-02-28T15:04:14.137+0300	INFO	logger/zap_logger.go:76	[SynchronizerVClock] Loaded key	{"key": "schema:testdb:pg_catalog:pg_namespace:", "value": "{\"Name\":\"pg_catalog.pg_namespace\",\"Columns\":{\"nspacl\":{\"Type\":0,\"IsNullable\":true,\"DefaultValue\":null,\"IsSerial\":false,\"IsUnique\":false,\"Idx\":4},\"nspname\":{\"Type\":0,\"IsNullable\":true,\"DefaultValue\":null,\"IsSerial\":false,\"IsUnique\":false,\"Idx\":2},\"nspowner\":{\"Type\":1,\"IsNullable\":true,\"DefaultValue\":null,\"IsSerial\":false,\"IsUnique\":false,\"Idx\":3},\"oid\":{\"Type\":1,\"IsNullable\":false,\"DefaultValue\":null,\"IsSerial\":false,\"IsUnique\":false,\"Idx\":1}},\"PrimaryKeys\":[1]}", "vclock": {"node1":106}}
2026-02-28T15:04:14.137+0300	DEBUG	logger/zap_logger.go:96	Executing: 

CREATE TABLE IF NOT EXISTS pg_catalog.pg_database (
    oid INT,
    datname TEXT,
    datdba INT,
    encoding INT,
    datcollate TEXT,
    datctype TEXT,
    datistemplate BOOLEAN,
    datallowconn BOOLEAN,
    datconnlimit INT,
    datlastsysoid INT,
    datfrozenxid INT,
    datminmxid INT,
    dattablespace INT,
    datacl TEXT,
    PRIMARY KEY (oid)
)
2026-02-28T15:04:14.137+0300	INFO	logger/zap_logger.go:76	[SynchronizerVClock] Loaded key	{"key": "testdb:pg_catalog:pg_namespace:row:11:", "value": "[11,\"pg_catalog\",10,\"NULL\"]", "vclock": {"node1":107}}
2026-02-28T15:04:14.137+0300	INFO	logger/zap_logger.go:76	[SynchronizerVClock] Loaded key	{"key": "testdb:pg_catalog:pg_namespace:row:12:", "value": "[12,\"public\",10,\"NULL\"]", "vclock": {"node1":108}}
2026-02-28T15:04:14.137+0300	DEBUG	logger/zap_logger.go:96	DEBUG: Parsed statement type: CREATE_TABLE

2026-02-28T15:04:14.137+0300	DEBUG	logger/zap_logger.go:96	Executing: 

INSERT INTO pg_catalog.pg_database (oid, datname, datdba, encoding, datcollate, datctype, datistemplate, datallowconn, datconnlimit, datlastsysoid, datfrozenxid, datminmxid, dattablespace, datacl) VALUES
(1, 'postgres', 10, 6, 'en_US.UTF-8', 'en_US.UTF-8', FALSE, TRUE, -1, 0, 0, 0, 1663, NULL)
2026-02-28T15:04:14.137+0300	INFO	logger/zap_logger.go:76	[SynchronizerVClock] Loaded key	{"key": "schema:testdb:pg_catalog:pg_database:", "value": "{\"Name\":\"pg_catalog.pg_database\",\"Columns\":{\"datacl\":{\"Type\":0,\"IsNullable\":true,\"DefaultValue\":null,\"IsSerial\":false,\"IsUnique\":false,\"Idx\":14},\"datallowconn\":{\"Type\":0,\"IsNullable\":true,\"DefaultValue\":null,\"IsSerial\":false,\"IsUnique\":false,\"Idx\":8},\"datcollate\":{\"Type\":0,\"IsNullable\":true,\"DefaultValue\":null,\"IsSerial\":false,\"IsUnique\":false,\"Idx\":5},\"datconnlimit\":{\"Type\":1,\"IsNullable\":true,\"DefaultValue\":null,\"IsSerial\":false,\"IsUnique\":false,\"Idx\":9},\"datctype\":{\"Type\":0,\"IsNullable\":true,\"DefaultValue\":null,\"IsSerial\":false,\"IsUnique\":false,\"Idx\":6},\"datdba\":{\"Type\":1,\"IsNullable\":true,\"DefaultValue\":null,\"IsSerial\":false,\"IsUnique\":false,\"Idx\":3},\"datfrozenxid\":{\"Type\":1,\"IsNullable\":true,\"DefaultValue\":null,\"IsSerial\":false,\"IsUnique\":false,\"Idx\":11},\"datistemplate\":{\"Type\":0,\"IsNullable\":true,\"DefaultValue\":null,\"IsSerial\":false,\"IsUnique\":false,\"Idx\":7},\"datlastsysoid\":{\"Type\":1,\"IsNullable\":true,\"DefaultValue\":null,\"IsSerial\":false,\"IsUnique\":false,\"Idx\":10},\"datminmxid\":{\"Type\":1,\"IsNullable\":true,\"DefaultValue\":null,\"IsSerial\":false,\"IsUnique\":false,\"Idx\":12},\"datname\":{\"Type\":0,\"IsNullable\":true,\"DefaultValue\":null,\"IsSerial\":false,\"IsUnique\":false,\"Idx\":2},\"dattablespace\":{\"Type\":1,\"IsNullable\":true,\"DefaultValue\":null,\"IsSerial\":false,\"IsUnique\":false,\"Idx\":13},\"encoding\":{\"Type\":1,\"IsNullable\":true,\"DefaultValue\":null,\"IsSerial\":false,\"IsUnique\":false,\"Idx\":4},\"oid\":{\"Type\":1,\"IsNullable\":false,\"DefaultValue\":null,\"IsSerial\":false,\"IsUnique\":false,\"Idx\":1}},\"PrimaryKeys\":[1]}", "vclock": {"node1":109}}
2026-02-28T15:04:14.137+0300	DEBUG	logger/zap_logger.go:96	DEBUG: Parsed statement type: INSERT

2026-02-28T15:04:14.137+0300	DEBUG	logger/zap_logger.go:96	DEBUG: Insert into pg_catalog.pg_database: [[1 postgres 10 6 en_US.UTF-8 en_US.UTF-8 false true -1 0 0 0 1663 NULL]]

2026-02-28T15:04:14.137+0300	DEBUG	logger/zap_logger.go:71	DEBUG: Table metadata:	{"meta": {"Name":"pg_catalog.pg_database","Columns":{"datacl":{"Type":0,"IsNullable":true,"DefaultValue":null,"IsSerial":false,"IsUnique":false,"Idx":14},"datallowconn":{"Type":0,"IsNullable":true,"DefaultValue":null,"IsSerial":false,"IsUnique":false,"Idx":8},"datcollate":{"Type":0,"IsNullable":true,"DefaultValue":null,"IsSerial":false,"IsUnique":false,"Idx":5},"datconnlimit":{"Type":1,"IsNullable":true,"DefaultValue":null,"IsSerial":false,"IsUnique":false,"Idx":9},"datctype":{"Type":0,"IsNullable":true,"DefaultValue":null,"IsSerial":false,"IsUnique":false,"Idx":6},"datdba":{"Type":1,"IsNullable":true,"DefaultValue":null,"IsSerial":false,"IsUnique":false,"Idx":3},"datfrozenxid":{"Type":1,"IsNullable":true,"DefaultValue":null,"IsSerial":false,"IsUnique":false,"Idx":11},"datistemplate":{"Type":0,"IsNullable":true,"DefaultValue":null,"IsSerial":false,"IsUnique":false,"Idx":7},"datlastsysoid":{"Type":1,"IsNullable":true,"DefaultValue":null,"IsSerial":false,"IsUnique":false,"Idx":10},"datminmxid":{"Type":1,"IsNullable":true,"DefaultValue":null,"IsSerial":false,"IsUnique":false,"Idx":12},"datname":{"Type":0,"IsNullable":true,"DefaultValue":null,"IsSerial":false,"IsUnique":false,"Idx":2},"dattablespace":{"Type":1,"IsNullable":true,"DefaultValue":null,"IsSerial":false,"IsUnique":false,"Idx":13},"encoding":{"Type":1,"IsNullable":true,"DefaultValue":null,"IsSerial":false,"IsUnique":false,"Idx":4},"oid":{"Type":1,"IsNullable":false,"DefaultValue":null,"IsSerial":false,"IsUnique":false,"Idx":1}},"PrimaryKeys":[1]}}
2026-02-28T15:04:14.137+0300	DEBUG	logger/zap_logger.go:71	DEBUG: Saved row: 	{"rowKey": "testdb:pg_catalog:pg_database:row:1:", "rowData": "[1,\"postgres\",10,6,\"en_US.UTF-8\",\"en_US.UTF-8\",false,true,-1,0,0,0,1663,\"NULL\"]"}
2026-02-28T15:04:14.137+0300	DEBUG	logger/zap_logger.go:96	Executing: 

CREATE TABLE IF NOT EXISTS pg_catalog.pg_tablespace (
    oid INT,
    spcname TEXT,
    spcowner INT,
    spcacl TEXT,
    spcoptions TEXT,
    PRIMARY KEY (oid)
)
2026-02-28T15:04:14.137+0300	INFO	logger/zap_logger.go:76	[SynchronizerVClock] Loaded key	{"key": "testdb:pg_catalog:pg_database:row:1:", "value": "[1,\"postgres\",10,6,\"en_US.UTF-8\",\"en_US.UTF-8\",false,true,-1,0,0,0,1663,\"NULL\"]", "vclock": {"node1":110}}
2026-02-28T15:04:14.137+0300	DEBUG	logger/zap_logger.go:96	DEBUG: Parsed statement type: CREATE_TABLE

2026-02-28T15:04:14.138+0300	DEBUG	logger/zap_logger.go:96	Executing: 

INSERT INTO pg_catalog.pg_tablespace (oid, spcname, spcowner, spcacl, spcoptions) VALUES
(1663, 'pg_default', 10, NULL, NULL),
(1664, 'pg_global', 10, NULL, NULL)
2026-02-28T15:04:14.138+0300	INFO	logger/zap_logger.go:76	[SynchronizerVClock] Loaded key	{"key": "schema:testdb:pg_catalog:pg_tablespace:", "value": "{\"Name\":\"pg_catalog.pg_tablespace\",\"Columns\":{\"oid\":{\"Type\":1,\"IsNullable\":false,\"DefaultValue\":null,\"IsSerial\":false,\"IsUnique\":false,\"Idx\":1},\"spcacl\":{\"Type\":0,\"IsNullable\":true,\"DefaultValue\":null,\"IsSerial\":false,\"IsUnique\":false,\"Idx\":4},\"spcname\":{\"Type\":0,\"IsNullable\":true,\"DefaultValue\":null,\"IsSerial\":false,\"IsUnique\":false,\"Idx\":2},\"spcoptions\":{\"Type\":0,\"IsNullable\":true,\"DefaultValue\":null,\"IsSerial\":false,\"IsUnique\":false,\"Idx\":5},\"spcowner\":{\"Type\":1,\"IsNullable\":true,\"DefaultValue\":null,\"IsSerial\":false,\"IsUnique\":false,\"Idx\":3}},\"PrimaryKeys\":[1]}", "vclock": {"node1":111}}
2026-02-28T15:04:14.138+0300	DEBUG	logger/zap_logger.go:96	DEBUG: Parsed statement type: INSERT

2026-02-28T15:04:14.138+0300	DEBUG	logger/zap_logger.go:96	DEBUG: Insert into pg_catalog.pg_tablespace: [[1663 pg_default 10 NULL NULL] [1664 pg_global 10 NULL NULL]]

2026-02-28T15:04:14.138+0300	DEBUG	logger/zap_logger.go:71	DEBUG: Table metadata:	{"meta": {"Name":"pg_catalog.pg_tablespace","Columns":{"oid":{"Type":1,"IsNullable":false,"DefaultValue":null,"IsSerial":false,"IsUnique":false,"Idx":1},"spcacl":{"Type":0,"IsNullable":true,"DefaultValue":null,"IsSerial":false,"IsUnique":false,"Idx":4},"spcname":{"Type":0,"IsNullable":true,"DefaultValue":null,"IsSerial":false,"IsUnique":false,"Idx":2},"spcoptions":{"Type":0,"IsNullable":true,"DefaultValue":null,"IsSerial":false,"IsUnique":false,"Idx":5},"spcowner":{"Type":1,"IsNullable":true,"DefaultValue":null,"IsSerial":false,"IsUnique":false,"Idx":3}},"PrimaryKeys":[1]}}
2026-02-28T15:04:14.138+0300	DEBUG	logger/zap_logger.go:71	DEBUG: Saved row: 	{"rowKey": "testdb:pg_catalog:pg_tablespace:row:1663:", "rowData": "[1663,\"pg_default\",10,\"NULL\",\"NULL\"]"}
2026-02-28T15:04:14.138+0300	DEBUG	logger/zap_logger.go:71	DEBUG: Saved row: 	{"rowKey": "testdb:pg_catalog:pg_tablespace:row:1664:", "rowData": "[1664,\"pg_global\",10,\"NULL\",\"NULL\"]"}
2026-02-28T15:04:14.138+0300	INFO	logger/zap_logger.go:76	[SynchronizerVClock] Loaded key	{"key": "testdb:pg_catalog:pg_tablespace:row:1663:", "value": "[1663,\"pg_default\",10,\"NULL\",\"NULL\"]", "vclock": {"node1":112}}
2026-02-28T15:04:14.138+0300	DEBUG	logger/zap_logger.go:96	Executing: 

CREATE TABLE IF NOT EXISTS pg_catalog.pg_roles (
    oid INT,
    rolname TEXT,
    rolsuper BOOLEAN,
    rolinherit BOOLEAN,
    rolcreaterole BOOLEAN,
    rolcreatedb BOOLEAN,
    rolcanlogin BOOLEAN,
    rolreplication BOOLEAN,
    rolconnlimit INT,
    rolpassword TEXT,
    rolvaliduntil TEXT,
    rolbypassrls BOOLEAN,
    rolconfig TEXT,
    PRIMARY KEY (oid)
)
2026-02-28T15:04:14.138+0300	INFO	logger/zap_logger.go:76	[SynchronizerVClock] Loaded key	{"key": "testdb:pg_catalog:pg_tablespace:row:1664:", "value": "[1664,\"pg_global\",10,\"NULL\",\"NULL\"]", "vclock": {"node1":113}}
2026-02-28T15:04:14.138+0300	DEBUG	logger/zap_logger.go:96	DEBUG: Parsed statement type: CREATE_TABLE

2026-02-28T15:04:14.138+0300	DEBUG	logger/zap_logger.go:96	Executing: 

INSERT INTO pg_catalog.pg_roles (oid, rolname, rolsuper, rolinherit, rolcreaterole, rolcreatedb, rolcanlogin, rolreplication, rolconnlimit, rolpassword, rolvaliduntil, rolbypassrls, rolconfig) VALUES
(10, 'system', TRUE, TRUE, TRUE, TRUE, TRUE, TRUE, -1, NULL, NULL, FALSE, NULL),
(11, 'user1', FALSE, TRUE, FALSE, TRUE, TRUE, FALSE, -1, NULL, NULL, FALSE, NULL)
2026-02-28T15:04:14.138+0300	INFO	logger/zap_logger.go:76	[SynchronizerVClock] Loaded key	{"key": "schema:testdb:pg_catalog:pg_roles:", "value": "{\"Name\":\"pg_catalog.pg_roles\",\"Columns\":{\"oid\":{\"Type\":1,\"IsNullable\":false,\"DefaultValue\":null,\"IsSerial\":false,\"IsUnique\":false,\"Idx\":1},\"rolbypassrls\":{\"Type\":0,\"IsNullable\":true,\"DefaultValue\":null,\"IsSerial\":false,\"IsUnique\":false,\"Idx\":12},\"rolcanlogin\":{\"Type\":0,\"IsNullable\":true,\"DefaultValue\":null,\"IsSerial\":false,\"IsUnique\":false,\"Idx\":7},\"rolconfig\":{\"Type\":0,\"IsNullable\":true,\"DefaultValue\":null,\"IsSerial\":false,\"IsUnique\":false,\"Idx\":13},\"rolconnlimit\":{\"Type\":1,\"IsNullable\":true,\"DefaultValue\":null,\"IsSerial\":false,\"IsUnique\":false,\"Idx\":9},\"rolcreatedb\":{\"Type\":0,\"IsNullable\":true,\"DefaultValue\":null,\"IsSerial\":false,\"IsUnique\":false,\"Idx\":6},\"rolcreaterole\":{\"Type\":0,\"IsNullable\":true,\"DefaultValue\":null,\"IsSerial\":false,\"IsUnique\":false,\"Idx\":5},\"rolinherit\":{\"Type\":0,\"IsNullable\":true,\"DefaultValue\":null,\"IsSerial\":false,\"IsUnique\":false,\"Idx\":4},\"rolname\":{\"Type\":0,\"IsNullable\":true,\"DefaultValue\":null,\"IsSerial\":false,\"IsUnique\":false,\"Idx\":2},\"rolpassword\":{\"Type\":0,\"IsNullable\":true,\"DefaultValue\":null,\"IsSerial\":false,\"IsUnique\":false,\"Idx\":10},\"rolreplication\":{\"Type\":0,\"IsNullable\":true,\"DefaultValue\":null,\"IsSerial\":false,\"IsUnique\":false,\"Idx\":8},\"rolsuper\":{\"Type\":0,\"IsNullable\":true,\"DefaultValue\":null,\"IsSerial\":false,\"IsUnique\":false,\"Idx\":3},\"rolvaliduntil\":{\"Type\":0,\"IsNullable\":true,\"DefaultValue\":null,\"IsSerial\":false,\"IsUnique\":false,\"Idx\":11}},\"PrimaryKeys\":[1]}", "vclock": {"node1":114}}
2026-02-28T15:04:14.138+0300	DEBUG	logger/zap_logger.go:96	DEBUG: Parsed statement type: INSERT

2026-02-28T15:04:14.138+0300	DEBUG	logger/zap_logger.go:96	DEBUG: Insert into pg_catalog.pg_roles: [[10 system true true true true true true -1 NULL NULL false NULL] [11 user1 false true false true true false -1 NULL NULL false NULL]]

2026-02-28T15:04:14.138+0300	DEBUG	logger/zap_logger.go:71	DEBUG: Table metadata:	{"meta": {"Name":"pg_catalog.pg_roles","Columns":{"oid":{"Type":1,"IsNullable":false,"DefaultValue":null,"IsSerial":false,"IsUnique":false,"Idx":1},"rolbypassrls":{"Type":0,"IsNullable":true,"DefaultValue":null,"IsSerial":false,"IsUnique":false,"Idx":12},"rolcanlogin":{"Type":0,"IsNullable":true,"DefaultValue":null,"IsSerial":false,"IsUnique":false,"Idx":7},"rolconfig":{"Type":0,"IsNullable":true,"DefaultValue":null,"IsSerial":false,"IsUnique":false,"Idx":13},"rolconnlimit":{"Type":1,"IsNullable":true,"DefaultValue":null,"IsSerial":false,"IsUnique":false,"Idx":9},"rolcreatedb":{"Type":0,"IsNullable":true,"DefaultValue":null,"IsSerial":false,"IsUnique":false,"Idx":6},"rolcreaterole":{"Type":0,"IsNullable":true,"DefaultValue":null,"IsSerial":false,"IsUnique":false,"Idx":5},"rolinherit":{"Type":0,"IsNullable":true,"DefaultValue":null,"IsSerial":false,"IsUnique":false,"Idx":4},"rolname":{"Type":0,"IsNullable":true,"DefaultValue":null,"IsSerial":false,"IsUnique":false,"Idx":2},"rolpassword":{"Type":0,"IsNullable":true,"DefaultValue":null,"IsSerial":false,"IsUnique":false,"Idx":10},"rolreplication":{"Type":0,"IsNullable":true,"DefaultValue":null,"IsSerial":false,"IsUnique":false,"Idx":8},"rolsuper":{"Type":0,"IsNullable":true,"DefaultValue":null,"IsSerial":false,"IsUnique":false,"Idx":3},"rolvaliduntil":{"Type":0,"IsNullable":true,"DefaultValue":null,"IsSerial":false,"IsUnique":false,"Idx":11}},"PrimaryKeys":[1]}}
2026-02-28T15:04:14.138+0300	DEBUG	logger/zap_logger.go:71	DEBUG: Saved row: 	{"rowKey": "testdb:pg_catalog:pg_roles:row:10:", "rowData": "[10,\"system\",true,true,true,true,true,true,-1,\"NULL\",\"NULL\",false,\"NULL\"]"}
2026-02-28T15:04:14.138+0300	DEBUG	logger/zap_logger.go:71	DEBUG: Saved row: 	{"rowKey": "testdb:pg_catalog:pg_roles:row:11:", "rowData": "[11,\"user1\",false,true,false,true,true,false,-1,\"NULL\",\"NULL\",false,\"NULL\"]"}
2026-02-28T15:04:14.138+0300	INFO	logger/zap_logger.go:76	[SynchronizerVClock] Loaded key	{"key": "testdb:pg_catalog:pg_roles:row:10:", "value": "[10,\"system\",true,true,true,true,true,true,-1,\"NULL\",\"NULL\",false,\"NULL\"]", "vclock": {"node1":115}}
2026-02-28T15:04:14.138+0300	DEBUG	logger/zap_logger.go:96	Executing: 

CREATE TABLE IF NOT EXISTS pg_catalog.pg_stat_ssl (
    pid INT,
    ssl BOOLEAN,
    version TEXT,
    cipher TEXT,
    bits INT,
    compression BOOLEAN,
    clientdn TEXT,
    PRIMARY KEY (pid)
)
2026-02-28T15:04:14.138+0300	INFO	logger/zap_logger.go:76	[SynchronizerVClock] Loaded key	{"key": "testdb:pg_catalog:pg_roles:row:11:", "value": "[11,\"user1\",false,true,false,true,true,false,-1,\"NULL\",\"NULL\",false,\"NULL\"]", "vclock": {"node1":116}}
2026-02-28T15:04:14.138+0300	DEBUG	logger/zap_logger.go:96	DEBUG: Parsed statement type: CREATE_TABLE

2026-02-28T15:04:14.138+0300	DEBUG	logger/zap_logger.go:96	Executing: 

INSERT INTO pg_catalog.pg_stat_ssl (pid, ssl, version, cipher, bits, compression, clientdn) VALUES
(12345, TRUE, 'TLSv1.3', 'TLS_AES_256_GCM_SHA384', 256, FALSE, 'CN=client,O=example,C=US')
2026-02-28T15:04:14.138+0300	INFO	logger/zap_logger.go:76	[SynchronizerVClock] Loaded key	{"key": "schema:testdb:pg_catalog:pg_stat_ssl:", "value": "{\"Name\":\"pg_catalog.pg_stat_ssl\",\"Columns\":{\"bits\":{\"Type\":1,\"IsNullable\":true,\"DefaultValue\":null,\"IsSerial\":false,\"IsUnique\":false,\"Idx\":5},\"cipher\":{\"Type\":0,\"IsNullable\":true,\"DefaultValue\":null,\"IsSerial\":false,\"IsUnique\":false,\"Idx\":4},\"clientdn\":{\"Type\":0,\"IsNullable\":true,\"DefaultValue\":null,\"IsSerial\":false,\"IsUnique\":false,\"Idx\":7},\"compression\":{\"Type\":0,\"IsNullable\":true,\"DefaultValue\":null,\"IsSerial\":false,\"IsUnique\":false,\"Idx\":6},\"pid\":{\"Type\":1,\"IsNullable\":false,\"DefaultValue\":null,\"IsSerial\":false,\"IsUnique\":false,\"Idx\":1},\"ssl\":{\"Type\":0,\"IsNullable\":true,\"DefaultValue\":null,\"IsSerial\":false,\"IsUnique\":false,\"Idx\":2},\"version\":{\"Type\":0,\"IsNullable\":true,\"DefaultValue\":null,\"IsSerial\":false,\"IsUnique\":false,\"Idx\":3}},\"PrimaryKeys\":[1]}", "vclock": {"node1":117}}
2026-02-28T15:04:14.138+0300	DEBUG	logger/zap_logger.go:96	DEBUG: Parsed statement type: INSERT

2026-02-28T15:04:14.138+0300	DEBUG	logger/zap_logger.go:96	DEBUG: Insert into pg_catalog.pg_stat_ssl: [[12345 true TLSv1.3 TLS_AES_256_GCM_SHA384 256 false CN=client,O=example,C=US]]

2026-02-28T15:04:14.138+0300	DEBUG	logger/zap_logger.go:71	DEBUG: Table metadata:	{"meta": {"Name":"pg_catalog.pg_stat_ssl","Columns":{"bits":{"Type":1,"IsNullable":true,"DefaultValue":null,"IsSerial":false,"IsUnique":false,"Idx":5},"cipher":{"Type":0,"IsNullable":true,"DefaultValue":null,"IsSerial":false,"IsUnique":false,"Idx":4},"clientdn":{"Type":0,"IsNullable":true,"DefaultValue":null,"IsSerial":false,"IsUnique":false,"Idx":7},"compression":{"Type":0,"IsNullable":true,"DefaultValue":null,"IsSerial":false,"IsUnique":false,"Idx":6},"pid":{"Type":1,"IsNullable":false,"DefaultValue":null,"IsSerial":false,"IsUnique":false,"Idx":1},"ssl":{"Type":0,"IsNullable":true,"DefaultValue":null,"IsSerial":false,"IsUnique":false,"Idx":2},"version":{"Type":0,"IsNullable":true,"DefaultValue":null,"IsSerial":false,"IsUnique":false,"Idx":3}},"PrimaryKeys":[1]}}
2026-02-28T15:04:14.138+0300	DEBUG	logger/zap_logger.go:71	DEBUG: Saved row: 	{"rowKey": "testdb:pg_catalog:pg_stat_ssl:row:12345:", "rowData": "[12345,true,\"TLSv1.3\",\"TLS_AES_256_GCM_SHA384\",256,false,\"CN=client,O=example,C=US\"]"}
2026-02-28T15:04:14.138+0300	DEBUG	logger/zap_logger.go:96	Executing: 

CREATE TABLE IF NOT EXISTS pg_catalog.pg_shdescription (
    objoid INT,
    classoid INT,
    objsubid INT,
    description TEXT,
    PRIMARY KEY (objoid, classoid, objsubid)
)
2026-02-28T15:04:14.138+0300	INFO	logger/zap_logger.go:76	[SynchronizerVClock] Loaded key	{"key": "testdb:pg_catalog:pg_stat_ssl:row:12345:", "value": "[12345,true,\"TLSv1.3\",\"TLS_AES_256_GCM_SHA384\",256,false,\"CN=client,O=example,C=US\"]", "vclock": {"node1":118}}
2026-02-28T15:04:14.138+0300	DEBUG	logger/zap_logger.go:96	DEBUG: Parsed statement type: CREATE_TABLE

2026-02-28T15:04:14.138+0300	DEBUG	logger/zap_logger.go:96	Executing: 

INSERT INTO pg_catalog.pg_shdescription (objoid, classoid, objsubid, description) VALUES
(1, 1259, 0, 'Description for pg_tables table'),
(2, 1259, 0, 'Description for pg_columns table')
2026-02-28T15:04:14.138+0300	INFO	logger/zap_logger.go:76	[SynchronizerVClock] Loaded key	{"key": "schema:testdb:pg_catalog:pg_shdescription:", "value": "{\"Name\":\"pg_catalog.pg_shdescription\",\"Columns\":{\"classoid\":{\"Type\":1,\"IsNullable\":false,\"DefaultValue\":null,\"IsSerial\":false,\"IsUnique\":false,\"Idx\":2},\"description\":{\"Type\":0,\"IsNullable\":true,\"DefaultValue\":null,\"IsSerial\":false,\"IsUnique\":false,\"Idx\":4},\"objoid\":{\"Type\":1,\"IsNullable\":false,\"DefaultValue\":null,\"IsSerial\":false,\"IsUnique\":false,\"Idx\":1},\"objsubid\":{\"Type\":1,\"IsNullable\":false,\"DefaultValue\":null,\"IsSerial\":false,\"IsUnique\":false,\"Idx\":3}},\"PrimaryKeys\":[1,2,3]}", "vclock": {"node1":119}}
2026-02-28T15:04:14.138+0300	DEBUG	logger/zap_logger.go:96	DEBUG: Parsed statement type: INSERT

2026-02-28T15:04:14.138+0300	DEBUG	logger/zap_logger.go:96	DEBUG: Insert into pg_catalog.pg_shdescription: [[1 1259 0 Description for pg_tables table] [2 1259 0 Description for pg_columns table]]

2026-02-28T15:04:14.138+0300	DEBUG	logger/zap_logger.go:71	DEBUG: Table metadata:	{"meta": {"Name":"pg_catalog.pg_shdescription","Columns":{"classoid":{"Type":1,"IsNullable":false,"DefaultValue":null,"IsSerial":false,"IsUnique":false,"Idx":2},"description":{"Type":0,"IsNullable":true,"DefaultValue":null,"IsSerial":false,"IsUnique":false,"Idx":4},"objoid":{"Type":1,"IsNullable":false,"DefaultValue":null,"IsSerial":false,"IsUnique":false,"Idx":1},"objsubid":{"Type":1,"IsNullable":false,"DefaultValue":null,"IsSerial":false,"IsUnique":false,"Idx":3}},"PrimaryKeys":[1,2,3]}}
2026-02-28T15:04:14.138+0300	DEBUG	logger/zap_logger.go:71	DEBUG: Saved row: 	{"rowKey": "testdb:pg_catalog:pg_shdescription:row:112590:", "rowData": "[1,1259,0,\"Description for pg_tables table\"]"}
2026-02-28T15:04:14.138+0300	DEBUG	logger/zap_logger.go:71	DEBUG: Saved row: 	{"rowKey": "testdb:pg_catalog:pg_shdescription:row:212590:", "rowData": "[2,1259,0,\"Description for pg_columns table\"]"}
2026-02-28T15:04:14.138+0300	INFO	logger/zap_logger.go:76	[SynchronizerVClock] Loaded key	{"key": "testdb:pg_catalog:pg_shdescription:row:112590:", "value": "[1,1259,0,\"Description for pg_tables table\"]", "vclock": {"node1":120}}
2026-02-28T15:04:14.138+0300	DEBUG	logger/zap_logger.go:96	Executing: 

CREATE TABLE IF NOT EXISTS pg_catalog.pg_am (
    oid INT,
    amname TEXT,
    amhandler INT,
    amtype TEXT,
    PRIMARY KEY (oid)
)
2026-02-28T15:04:14.138+0300	INFO	logger/zap_logger.go:76	[SynchronizerVClock] Loaded key	{"key": "testdb:pg_catalog:pg_shdescription:row:212590:", "value": "[2,1259,0,\"Description for pg_columns table\"]", "vclock": {"node1":121}}
2026-02-28T15:04:14.138+0300	DEBUG	logger/zap_logger.go:96	DEBUG: Parsed statement type: CREATE_TABLE

2026-02-28T15:04:14.138+0300	DEBUG	logger/zap_logger.go:96	Executing: 

INSERT INTO pg_catalog.pg_am (oid, amname, amhandler, amtype) VALUES
(403, 'heap', 0, 't'),
(405, 'btree', 0, 'i')
2026-02-28T15:04:14.138+0300	INFO	logger/zap_logger.go:76	[SynchronizerVClock] Loaded key	{"key": "schema:testdb:pg_catalog:pg_am:", "value": "{\"Name\":\"pg_catalog.pg_am\",\"Columns\":{\"amhandler\":{\"Type\":1,\"IsNullable\":true,\"DefaultValue\":null,\"IsSerial\":false,\"IsUnique\":false,\"Idx\":3},\"amname\":{\"Type\":0,\"IsNullable\":true,\"DefaultValue\":null,\"IsSerial\":false,\"IsUnique\":false,\"Idx\":2},\"amtype\":{\"Type\":0,\"IsNullable\":true,\"DefaultValue\":null,\"IsSerial\":false,\"IsUnique\":false,\"Idx\":4},\"oid\":{\"Type\":1,\"IsNullable\":false,\"DefaultValue\":null,\"IsSerial\":false,\"IsUnique\":false,\"Idx\":1}},\"PrimaryKeys\":[1]}", "vclock": {"node1":122}}
2026-02-28T15:04:14.138+0300	DEBUG	logger/zap_logger.go:96	DEBUG: Parsed statement type: INSERT

2026-02-28T15:04:14.138+0300	DEBUG	logger/zap_logger.go:96	DEBUG: Insert into pg_catalog.pg_am: [[403 heap 0 t] [405 btree 0 i]]

2026-02-28T15:04:14.138+0300	DEBUG	logger/zap_logger.go:71	DEBUG: Table metadata:	{"meta": {"Name":"pg_catalog.pg_am","Columns":{"amhandler":{"Type":1,"IsNullable":true,"DefaultValue":null,"IsSerial":false,"IsUnique":false,"Idx":3},"amname":{"Type":0,"IsNullable":true,"DefaultValue":null,"IsSerial":false,"IsUnique":false,"Idx":2},"amtype":{"Type":0,"IsNullable":true,"DefaultValue":null,"IsSerial":false,"IsUnique":false,"Idx":4},"oid":{"Type":1,"IsNullable":false,"DefaultValue":null,"IsSerial":false,"IsUnique":false,"Idx":1}},"PrimaryKeys":[1]}}
2026-02-28T15:04:14.138+0300	DEBUG	logger/zap_logger.go:71	DEBUG: Saved row: 	{"rowKey": "testdb:pg_catalog:pg_am:row:403:", "rowData": "[403,\"heap\",0,\"t\"]"}
2026-02-28T15:04:14.139+0300	DEBUG	logger/zap_logger.go:71	DEBUG: Saved row: 	{"rowKey": "testdb:pg_catalog:pg_am:row:405:", "rowData": "[405,\"btree\",0,\"i\"]"}
2026-02-28T15:04:14.139+0300	INFO	logger/zap_logger.go:76	[SynchronizerVClock] Loaded key	{"key": "testdb:pg_catalog:pg_am:row:403:", "value": "[403,\"heap\",0,\"t\"]", "vclock": {"node1":123}}
2026-02-28T15:04:14.139+0300	DEBUG	logger/zap_logger.go:96	Executing: 

2026-02-28T15:04:14.139+0300	INFO	logger/zap_logger.go:76	System tables initialization completed
2026-02-28T15:04:14.139+0300	INFO	logger/zap_logger.go:76	[SynchronizerVClock] Loaded key	{"key": "testdb:pg_catalog:pg_am:row:405:", "value": "[405,\"btree\",0,\"i\"]", "vclock": {"node1":124}}
2026-02-28T15:04:14.139+0300	INFO	logger/zap_logger.go:76	Pg server started
2026-02-28T15:04:22.130+0300	INFO	logger/zap_logger.go:76	Accepted connection
2026-02-28T15:04:22.130+0300	INFO	logger/zap_logger.go:76	Accepted connection
2026-02-28T15:04:22.162+0300	INFO	logger/zap_logger.go:76	SSL request received, sending 'N'
2026-02-28T15:04:22.162+0300	INFO	logger/zap_logger.go:76	Startup complete
2026-02-28T15:04:23.130+0300	DEBUG	logger/zap_logger.go:96	Query: CREATE TABLE orders (
    id INT PRIMARY KEY,
    user_id INT
);
2026-02-28T15:04:23.133+0300	DEBUG	logger/zap_logger.go:96	DEBUG: Parsed statement type: CREATE_TABLE

2026-02-28T15:04:23.133+0300	DEBUG	logger/zap_logger.go:96	Parsed statement: %!(EXTRA zapcore.Field={stmt 23 0  0x140007ac0f0})
2026-02-28T15:04:23.134+0300	INFO	logger/zap_logger.go:76	[SynchronizerVClock] Loaded key	{"key": "schema:testdb:public:orders:", "value": "{\"Name\":\"orders\",\"Columns\":{\"id\":{\"Type\":1,\"IsNullable\":false,\"DefaultValue\":null,\"IsSerial\":false,\"IsUnique\":false,\"Idx\":1},\"user_id\":{\"Type\":1,\"IsNullable\":true,\"DefaultValue\":null,\"IsSerial\":false,\"IsUnique\":false,\"Idx\":2}},\"PrimaryKeys\":[1]}", "vclock": {"node1":125}}
2026-02-28T15:04:23.134+0300	DEBUG	logger/zap_logger.go:96	Query: CREATE TABLE users (
    id INT PRIMARY KEY,
    name TEXT
);
2026-02-28T15:04:23.135+0300	DEBUG	logger/zap_logger.go:96	DEBUG: Parsed statement type: CREATE_TABLE

2026-02-28T15:04:23.135+0300	DEBUG	logger/zap_logger.go:96	Parsed statement: %!(EXTRA zapcore.Field={stmt 23 0  0x140007ac280})
2026-02-28T15:04:23.136+0300	INFO	logger/zap_logger.go:76	[SynchronizerVClock] Loaded key	{"key": "schema:testdb:public:users:", "value": "{\"Name\":\"users\",\"Columns\":{\"id\":{\"Type\":1,\"IsNullable\":false,\"DefaultValue\":null,\"IsSerial\":false,\"IsUnique\":false,\"Idx\":1},\"name\":{\"Type\":0,\"IsNullable\":true,\"DefaultValue\":null,\"IsSerial\":false,\"IsUnique\":false,\"Idx\":2}},\"PrimaryKeys\":[1]}", "vclock": {"node1":126}}
2026-02-28T15:04:23.136+0300	DEBUG	logger/zap_logger.go:96	Query: INSERT INTO users (id, name) VALUES (1, 'Alice'), (2, 'Bob');
2026-02-28T15:04:23.136+0300	DEBUG	logger/zap_logger.go:96	DEBUG: Parsed statement type: INSERT

2026-02-28T15:04:23.136+0300	DEBUG	logger/zap_logger.go:96	Parsed statement: %!(EXTRA zapcore.Field={stmt 23 0  0x140004a2180})
2026-02-28T15:04:23.136+0300	DEBUG	logger/zap_logger.go:96	DEBUG: Insert into users: [[1 Alice] [2 Bob]]

2026-02-28T15:04:23.136+0300	DEBUG	logger/zap_logger.go:71	DEBUG: Table metadata:	{"meta": {"Name":"users","Columns":{"id":{"Type":1,"IsNullable":false,"DefaultValue":null,"IsSerial":false,"IsUnique":false,"Idx":1},"name":{"Type":0,"IsNullable":true,"DefaultValue":null,"IsSerial":false,"IsUnique":false,"Idx":2}},"PrimaryKeys":[1]}}
2026-02-28T15:04:23.136+0300	DEBUG	logger/zap_logger.go:71	DEBUG: Saved row: 	{"rowKey": "testdb:public:users:row:1:", "rowData": "[1,\"Alice\"]"}
2026-02-28T15:04:23.136+0300	DEBUG	logger/zap_logger.go:71	DEBUG: Saved row: 	{"rowKey": "testdb:public:users:row:2:", "rowData": "[2,\"Bob\"]"}
2026-02-28T15:04:23.136+0300	INFO	logger/zap_logger.go:76	[SynchronizerVClock] Loaded key	{"key": "testdb:public:users:row:2:", "value": "[2,\"Bob\"]", "vclock": {"node1":127}}
2026-02-28T15:04:23.136+0300	INFO	logger/zap_logger.go:76	[SynchronizerVClock] Loaded key	{"key": "testdb:public:users:row:1:", "value": "[1,\"Alice\"]", "vclock": {"node1":128}}
2026-02-28T15:04:23.137+0300	DEBUG	logger/zap_logger.go:96	Query: INSERT INTO orders (id, user_id) VALUES (1, 1), (2, 2), (3, 1);
2026-02-28T15:04:23.137+0300	DEBUG	logger/zap_logger.go:96	DEBUG: Parsed statement type: INSERT

2026-02-28T15:04:23.137+0300	DEBUG	logger/zap_logger.go:96	Parsed statement: %!(EXTRA zapcore.Field={stmt 23 0  0x140004a3200})
2026-02-28T15:04:23.137+0300	DEBUG	logger/zap_logger.go:96	DEBUG: Insert into orders: [[1 1] [2 2] [3 1]]

2026-02-28T15:04:23.137+0300	DEBUG	logger/zap_logger.go:71	DEBUG: Table metadata:	{"meta": {"Name":"orders","Columns":{"id":{"Type":1,"IsNullable":false,"DefaultValue":null,"IsSerial":false,"IsUnique":false,"Idx":1},"user_id":{"Type":1,"IsNullable":true,"DefaultValue":null,"IsSerial":false,"IsUnique":false,"Idx":2}},"PrimaryKeys":[1]}}
2026-02-28T15:04:23.137+0300	DEBUG	logger/zap_logger.go:71	DEBUG: Saved row: 	{"rowKey": "testdb:public:orders:row:1:", "rowData": "[1,1]"}
2026-02-28T15:04:23.137+0300	DEBUG	logger/zap_logger.go:71	DEBUG: Saved row: 	{"rowKey": "testdb:public:orders:row:2:", "rowData": "[2,2]"}
2026-02-28T15:04:23.137+0300	DEBUG	logger/zap_logger.go:71	DEBUG: Saved row: 	{"rowKey": "testdb:public:orders:row:3:", "rowData": "[3,1]"}
2026-02-28T15:04:23.137+0300	INFO	logger/zap_logger.go:76	[SynchronizerVClock] Loaded key	{"key": "testdb:public:orders:row:2:", "value": "[2,2]", "vclock": {"node1":129}}
2026-02-28T15:04:23.137+0300	INFO	logger/zap_logger.go:76	[SynchronizerVClock] Loaded key	{"key": "testdb:public:orders:row:3:", "value": "[3,1]", "vclock": {"node1":130}}
2026-02-28T15:04:23.137+0300	INFO	logger/zap_logger.go:76	[SynchronizerVClock] Loaded key	{"key": "testdb:public:orders:row:1:", "value": "[1,1]", "vclock": {"node1":131}}
2026-02-28T15:04:26.095+0300	DEBUG	logger/zap_logger.go:96	Query: SELECT o.id, * FROM orders o
JOIN users u ON o.user_id = u.id;
2026-02-28T15:04:26.099+0300	DEBUG	logger/zap_logger.go:96	Parsing select item: o.id
2026-02-28T15:04:26.099+0300	DEBUG	logger/zap_logger.go:96	Parsing select item: *
2026-02-28T15:04:26.100+0300	DEBUG	logger/zap_logger.go:96	DEBUG: Parsed statement type: SELECT

2026-02-28T15:04:26.100+0300	DEBUG	logger/zap_logger.go:96	Parsed statement: %!(EXTRA zapcore.Field={stmt 23 0  0x1400060a0c0})
2026-02-28T15:04:26.100+0300	DEBUG	logger/zap_logger.go:96	Executing query plan: %!(EXTRA zapcore.Field={queryPlan 25 0  Project
  Join
    Scan (orders AS o)
    Scan (users AS u)
})
2026-02-28T15:04:26.100+0300	DEBUG	logger/zap_logger.go:71	executing plan node	{"type": "Project"}
2026-02-28T15:04:26.100+0300	DEBUG	logger/zap_logger.go:71	executing plan node	{"type": "Join"}
2026-02-28T15:04:26.100+0300	DEBUG	logger/zap_logger.go:71	executing plan node	{"type": "Scan"}
2026-02-28T15:04:26.100+0300	DEBUG	logger/zap_logger.go:71	Table metadata: 	{"meta": {"Name":"orders","Columns":{"id":{"Type":1,"IsNullable":false,"DefaultValue":null,"IsSerial":false,"IsUnique":false,"Idx":1},"user_id":{"Type":1,"IsNullable":true,"DefaultValue":null,"IsSerial":false,"IsUnique":false,"Idx":2}},"PrimaryKeys":[1]}}
2026-02-28T15:04:26.100+0300	DEBUG	logger/zap_logger.go:71	Table columns	{"columns": [{"Idx":1,"Name":"id","Type":1,"TableIdentifier":"","OriginalTableName":""},{"Idx":2,"Name":"user_id","Type":1,"TableIdentifier":"","OriginalTableName":""}]}
2026-02-28T15:04:26.100+0300	DEBUG	logger/zap_logger.go:71	Select columns	{"columns": [{"Name":"","IsAll":true}]}
2026-02-28T15:04:26.100+0300	DEBUG	logger/zap_logger.go:71	NewIterator called with seekKey:	{"seekKey": "testdb:public:orders:row:", "typ": "ALL"}
2026-02-28T15:04:26.100+0300	DEBUG	logger/zap_logger.go:71	Select result: 	{"result": {"Rows":[[2,2],[3,1],[1,1]],"Columns":[{"Idx":1,"Name":"id","Type":1,"TableIdentifier":"","OriginalTableName":""},{"Idx":2,"Name":"user_id","Type":1,"TableIdentifier":"","OriginalTableName":""}]}}
2026-02-28T15:04:26.100+0300	DEBUG	logger/zap_logger.go:71	scan result	{"rows": 3, "cols": 2}
2026-02-28T15:04:26.100+0300	DEBUG	logger/zap_logger.go:71	executing plan node	{"type": "Scan"}
2026-02-28T15:04:26.100+0300	DEBUG	logger/zap_logger.go:71	Table metadata: 	{"meta": {"Name":"users","Columns":{"id":{"Type":1,"IsNullable":false,"DefaultValue":null,"IsSerial":false,"IsUnique":false,"Idx":1},"name":{"Type":0,"IsNullable":true,"DefaultValue":null,"IsSerial":false,"IsUnique":false,"Idx":2}},"PrimaryKeys":[1]}}
2026-02-28T15:04:26.100+0300	DEBUG	logger/zap_logger.go:71	Table columns	{"columns": [{"Idx":1,"Name":"id","Type":1,"TableIdentifier":"","OriginalTableName":""},{"Idx":2,"Name":"name","Type":0,"TableIdentifier":"","OriginalTableName":""}]}
2026-02-28T15:04:26.100+0300	DEBUG	logger/zap_logger.go:71	Select columns	{"columns": [{"Name":"","IsAll":true}]}
2026-02-28T15:04:26.100+0300	DEBUG	logger/zap_logger.go:71	NewIterator called with seekKey:	{"seekKey": "testdb:public:users:row:", "typ": "ALL"}
2026-02-28T15:04:26.100+0300	DEBUG	logger/zap_logger.go:71	Select result: 	{"result": {"Rows":[[1,"Alice"],[2,"Bob"]],"Columns":[{"Idx":1,"Name":"id","Type":1,"TableIdentifier":"","OriginalTableName":""},{"Idx":2,"Name":"name","Type":0,"TableIdentifier":"","OriginalTableName":""}]}}
2026-02-28T15:04:26.100+0300	DEBUG	logger/zap_logger.go:71	scan result	{"rows": 2, "cols": 2}
2026-02-28T15:04:26.100+0300	DEBUG	logger/zap_logger.go:71	performNestedLoopJoin	{"leftRows": 3, "rightRows": 2, "leftCols": 2, "rightCols": 2}
2026-02-28T15:04:26.100+0300	DEBUG	logger/zap_logger.go:71	Evaluating JOIN condition	{"leftRowIdx": 0, "rightRowIdx": 0, "leftRow": [2,2], "rightRow": [1,"Alice"], "combinedRow": [2,2,1,"Alice"]}
2026-02-28T15:04:26.100+0300	DEBUG	logger/zap_logger.go:71	JOIN condition result	{"matches": false, "exprType": "*rmodels.BoolExpression"}
2026-02-28T15:04:26.100+0300	DEBUG	logger/zap_logger.go:71	Evaluating JOIN condition	{"leftRowIdx": 0, "rightRowIdx": 1, "leftRow": [2,2], "rightRow": [2,"Bob"], "combinedRow": [2,2,2,"Bob"]}
2026-02-28T15:04:26.100+0300	DEBUG	logger/zap_logger.go:71	JOIN condition result	{"matches": true, "exprType": "*rmodels.BoolExpression"}
2026-02-28T15:04:26.100+0300	DEBUG	logger/zap_logger.go:71	Evaluating JOIN condition	{"leftRowIdx": 1, "rightRowIdx": 0, "leftRow": [3,1], "rightRow": [1,"Alice"], "combinedRow": [3,1,1,"Alice"]}
2026-02-28T15:04:26.100+0300	DEBUG	logger/zap_logger.go:71	JOIN condition result	{"matches": true, "exprType": "*rmodels.BoolExpression"}
2026-02-28T15:04:26.100+0300	DEBUG	logger/zap_logger.go:71	Evaluating JOIN condition	{"leftRowIdx": 1, "rightRowIdx": 1, "leftRow": [3,1], "rightRow": [2,"Bob"], "combinedRow": [3,1,2,"Bob"]}
2026-02-28T15:04:26.100+0300	DEBUG	logger/zap_logger.go:71	JOIN condition result	{"matches": false, "exprType": "*rmodels.BoolExpression"}
2026-02-28T15:04:26.100+0300	DEBUG	logger/zap_logger.go:71	Evaluating JOIN condition	{"leftRowIdx": 2, "rightRowIdx": 0, "leftRow": [1,1], "rightRow": [1,"Alice"], "combinedRow": [1,1,1,"Alice"]}
2026-02-28T15:04:26.100+0300	DEBUG	logger/zap_logger.go:71	JOIN condition result	{"matches": true, "exprType": "*rmodels.BoolExpression"}
2026-02-28T15:04:26.100+0300	DEBUG	logger/zap_logger.go:71	Evaluating JOIN condition	{"leftRowIdx": 2, "rightRowIdx": 1, "leftRow": [1,1], "rightRow": [2,"Bob"], "combinedRow": [1,1,2,"Bob"]}
2026-02-28T15:04:26.100+0300	DEBUG	logger/zap_logger.go:71	JOIN condition result	{"matches": false, "exprType": "*rmodels.BoolExpression"}
2026-02-28T15:04:26.100+0300	DEBUG	logger/zap_logger.go:71	performNestedLoopJoin result	{"resultRows": 3}
2026-02-28T15:04:26.100+0300	DEBUG	logger/zap_logger.go:71	DEBUG: Sending row:	{"row": [2,2,2,2,"Bob"]}
2026-02-28T15:04:26.100+0300	DEBUG	logger/zap_logger.go:71	DEBUG: Sending row:	{"row": [3,3,1,1,"Alice"]}
2026-02-28T15:04:26.101+0300	DEBUG	logger/zap_logger.go:71	DEBUG: Sending row:	{"row": [1,1,1,1,"Alice"]}
2026-02-28T15:04:48.430+0300	INFO	logger/zap_logger.go:76	Terminate received
2026-02-28T15:04:49.476+0300	INFO	logger/zap_logger.go:76	Accepted connection
2026-02-28T15:04:49.476+0300	INFO	logger/zap_logger.go:76	Accepted connection
2026-02-28T15:04:49.483+0300	INFO	logger/zap_logger.go:76	SSL request received, sending 'N'
2026-02-28T15:04:49.483+0300	INFO	logger/zap_logger.go:76	Startup complete
2026-02-28T15:04:50.405+0300	DEBUG	logger/zap_logger.go:96	Query: SELECT o.id, * FROM orders o
JOIN users u ON o.user_id = u.id;
2026-02-28T15:04:50.405+0300	DEBUG	logger/zap_logger.go:96	Parsing select item: o.id
2026-02-28T15:04:50.405+0300	DEBUG	logger/zap_logger.go:96	Parsing select item: *
2026-02-28T15:04:50.405+0300	DEBUG	logger/zap_logger.go:96	DEBUG: Parsed statement type: SELECT

2026-02-28T15:04:50.406+0300	DEBUG	logger/zap_logger.go:96	Parsed statement: %!(EXTRA zapcore.Field={stmt 23 0  0x1400060b6c0})
2026-02-28T15:04:50.406+0300	DEBUG	logger/zap_logger.go:96	Executing query plan: %!(EXTRA zapcore.Field={queryPlan 25 0  Project
  Join
    Scan (orders AS o)
    Scan (users AS u)
})
2026-02-28T15:04:50.406+0300	DEBUG	logger/zap_logger.go:71	executing plan node	{"type": "Project"}
2026-02-28T15:04:50.406+0300	DEBUG	logger/zap_logger.go:71	executing plan node	{"type": "Join"}
2026-02-28T15:04:50.406+0300	DEBUG	logger/zap_logger.go:71	executing plan node	{"type": "Scan"}
2026-02-28T15:04:50.406+0300	DEBUG	logger/zap_logger.go:71	Table metadata: 	{"meta": {"Name":"orders","Columns":{"id":{"Type":1,"IsNullable":false,"DefaultValue":null,"IsSerial":false,"IsUnique":false,"Idx":1},"user_id":{"Type":1,"IsNullable":true,"DefaultValue":null,"IsSerial":false,"IsUnique":false,"Idx":2}},"PrimaryKeys":[1]}}
2026-02-28T15:04:50.406+0300	DEBUG	logger/zap_logger.go:71	Table columns	{"columns": [{"Idx":1,"Name":"id","Type":1,"TableIdentifier":"","OriginalTableName":""},{"Idx":2,"Name":"user_id","Type":1,"TableIdentifier":"","OriginalTableName":""}]}
2026-02-28T15:04:50.406+0300	DEBUG	logger/zap_logger.go:71	Select columns	{"columns": [{"Name":"","IsAll":true}]}
2026-02-28T15:04:50.406+0300	DEBUG	logger/zap_logger.go:71	NewIterator called with seekKey:	{"seekKey": "testdb:public:orders:row:", "typ": "ALL"}
2026-02-28T15:04:50.406+0300	DEBUG	logger/zap_logger.go:71	Select result: 	{"result": {"Rows":[[1,1],[2,2],[3,1]],"Columns":[{"Idx":1,"Name":"id","Type":1,"TableIdentifier":"","OriginalTableName":""},{"Idx":2,"Name":"user_id","Type":1,"TableIdentifier":"","OriginalTableName":""}]}}
2026-02-28T15:04:50.406+0300	DEBUG	logger/zap_logger.go:71	scan result	{"rows": 3, "cols": 2}
2026-02-28T15:04:50.406+0300	DEBUG	logger/zap_logger.go:71	executing plan node	{"type": "Scan"}
2026-02-28T15:04:50.406+0300	DEBUG	logger/zap_logger.go:71	Table metadata: 	{"meta": {"Name":"users","Columns":{"id":{"Type":1,"IsNullable":false,"DefaultValue":null,"IsSerial":false,"IsUnique":false,"Idx":1},"name":{"Type":0,"IsNullable":true,"DefaultValue":null,"IsSerial":false,"IsUnique":false,"Idx":2}},"PrimaryKeys":[1]}}
2026-02-28T15:04:50.406+0300	DEBUG	logger/zap_logger.go:71	Table columns	{"columns": [{"Idx":1,"Name":"id","Type":1,"TableIdentifier":"","OriginalTableName":""},{"Idx":2,"Name":"name","Type":0,"TableIdentifier":"","OriginalTableName":""}]}
2026-02-28T15:04:50.406+0300	DEBUG	logger/zap_logger.go:71	Select columns	{"columns": [{"Name":"","IsAll":true}]}
2026-02-28T15:04:50.406+0300	DEBUG	logger/zap_logger.go:71	NewIterator called with seekKey:	{"seekKey": "testdb:public:users:row:", "typ": "ALL"}
2026-02-28T15:04:50.406+0300	DEBUG	logger/zap_logger.go:71	Select result: 	{"result": {"Rows":[[1,"Alice"],[2,"Bob"]],"Columns":[{"Idx":1,"Name":"id","Type":1,"TableIdentifier":"","OriginalTableName":""},{"Idx":2,"Name":"name","Type":0,"TableIdentifier":"","OriginalTableName":""}]}}
2026-02-28T15:04:50.406+0300	DEBUG	logger/zap_logger.go:71	scan result	{"rows": 2, "cols": 2}
2026-02-28T15:04:50.406+0300	DEBUG	logger/zap_logger.go:71	performNestedLoopJoin	{"leftRows": 3, "rightRows": 2, "leftCols": 2, "rightCols": 2}
2026-02-28T15:04:50.406+0300	DEBUG	logger/zap_logger.go:71	Evaluating JOIN condition	{"leftRowIdx": 0, "rightRowIdx": 0, "leftRow": [1,1], "rightRow": [1,"Alice"], "combinedRow": [1,1,1,"Alice"]}
2026-02-28T15:04:50.406+0300	DEBUG	logger/zap_logger.go:71	JOIN condition result	{"matches": true, "exprType": "*rmodels.BoolExpression"}
2026-02-28T15:04:50.406+0300	DEBUG	logger/zap_logger.go:71	Evaluating JOIN condition	{"leftRowIdx": 0, "rightRowIdx": 1, "leftRow": [1,1], "rightRow": [2,"Bob"], "combinedRow": [1,1,2,"Bob"]}
2026-02-28T15:04:50.406+0300	DEBUG	logger/zap_logger.go:71	JOIN condition result	{"matches": false, "exprType": "*rmodels.BoolExpression"}
2026-02-28T15:04:50.406+0300	DEBUG	logger/zap_logger.go:71	Evaluating JOIN condition	{"leftRowIdx": 1, "rightRowIdx": 0, "leftRow": [2,2], "rightRow": [1,"Alice"], "combinedRow": [2,2,1,"Alice"]}
2026-02-28T15:04:50.406+0300	DEBUG	logger/zap_logger.go:71	JOIN condition result	{"matches": false, "exprType": "*rmodels.BoolExpression"}
2026-02-28T15:04:50.406+0300	DEBUG	logger/zap_logger.go:71	Evaluating JOIN condition	{"leftRowIdx": 1, "rightRowIdx": 1, "leftRow": [2,2], "rightRow": [2,"Bob"], "combinedRow": [2,2,2,"Bob"]}
2026-02-28T15:04:50.406+0300	DEBUG	logger/zap_logger.go:71	JOIN condition result	{"matches": true, "exprType": "*rmodels.BoolExpression"}
2026-02-28T15:04:50.406+0300	DEBUG	logger/zap_logger.go:71	Evaluating JOIN condition	{"leftRowIdx": 2, "rightRowIdx": 0, "leftRow": [3,1], "rightRow": [1,"Alice"], "combinedRow": [3,1,1,"Alice"]}
2026-02-28T15:04:50.406+0300	DEBUG	logger/zap_logger.go:71	JOIN condition result	{"matches": true, "exprType": "*rmodels.BoolExpression"}
2026-02-28T15:04:50.407+0300	DEBUG	logger/zap_logger.go:71	Evaluating JOIN condition	{"leftRowIdx": 2, "rightRowIdx": 1, "leftRow": [3,1], "rightRow": [2,"Bob"], "combinedRow": [3,1,2,"Bob"]}
2026-02-28T15:04:50.407+0300	DEBUG	logger/zap_logger.go:71	JOIN condition result	{"matches": false, "exprType": "*rmodels.BoolExpression"}
2026-02-28T15:04:50.407+0300	DEBUG	logger/zap_logger.go:71	performNestedLoopJoin result	{"resultRows": 3}
2026-02-28T15:04:50.407+0300	DEBUG	logger/zap_logger.go:71	DEBUG: Sending row:	{"row": [1,1,1,1,"Alice"]}
2026-02-28T15:04:50.407+0300	DEBUG	logger/zap_logger.go:71	DEBUG: Sending row:	{"row": [2,2,2,2,"Bob"]}
2026-02-28T15:04:50.407+0300	DEBUG	logger/zap_logger.go:71	DEBUG: Sending row:	{"row": [3,3,1,1,"Alice"]}
2026-02-28T15:05:18.154+0300	INFO	logger/zap_logger.go:76	Using in-memory store
2026-02-28T15:05:18.154+0300	DEBUG	logger/zap_logger.go:96	Registering functions for plugin base: [0x14000196768 0x14000196770 0x14000196778 0x14000196780 0x14000196788 0x14000196790 0x14000196798 0x140001967a0 0x140001967a8 0x140001967b0 0x140001967b8 0x140001967c0 0x140001967c8 0x140001967d0]

2026-02-28T15:05:18.155+0300	INFO	logger/zap_logger.go:76	Plugins registered
2026-02-28T15:05:18.155+0300	INFO	logger/zap_logger.go:76	[SynchronizerVClock] Sync complete	{"nodeID": "node1"}
2026-02-28T15:05:18.155+0300	INFO	logger/zap_logger.go:76	Initializing system tables...
2026-02-28T15:05:18.155+0300	INFO	logger/zap_logger.go:101	Executing system initialization file: 0001_information_schema.sql
2026-02-28T15:05:18.155+0300	DEBUG	logger/zap_logger.go:96	Executing: -- information_schema global system schema

CREATE TABLE IF NOT EXISTS information_schema.tables (
    table_schema TEXT,
    table_name TEXT,
    table_type TEXT,
    PRIMARY KEY (table_schema, table_name)
)
2026-02-28T15:05:18.158+0300	DEBUG	logger/zap_logger.go:96	DEBUG: Parsed statement type: CREATE_TABLE

2026-02-28T15:05:18.158+0300	DEBUG	logger/zap_logger.go:96	Executing: 

INSERT INTO information_schema.tables (table_schema, table_name, table_type) VALUES
    ('information_schema', 'tables', 'BASE TABLE'),
    ('information_schema', 'columns', 'BASE TABLE'),
    ('information_schema', 'schemata', 'BASE TABLE')
2026-02-28T15:05:18.158+0300	INFO	logger/zap_logger.go:76	[SynchronizerVClock] Loaded key	{"key": "schema:testdb:information_schema:tables:", "value": "{\"Name\":\"information_schema.tables\",\"Columns\":{\"table_name\":{\"Type\":0,\"IsNullable\":false,\"DefaultValue\":null,\"IsSerial\":false,\"IsUnique\":false,\"Idx\":2},\"table_schema\":{\"Type\":0,\"IsNullable\":false,\"DefaultValue\":null,\"IsSerial\":false,\"IsUnique\":false,\"Idx\":1},\"table_type\":{\"Type\":0,\"IsNullable\":true,\"DefaultValue\":null,\"IsSerial\":false,\"IsUnique\":false,\"Idx\":3}},\"PrimaryKeys\":[1,2]}", "vclock": {"node1":1}}
2026-02-28T15:05:18.159+0300	DEBUG	logger/zap_logger.go:96	DEBUG: Parsed statement type: INSERT

2026-02-28T15:05:18.159+0300	DEBUG	logger/zap_logger.go:96	DEBUG: Insert into information_schema.tables: [[information_schema tables BASE TABLE] [information_schema columns BASE TABLE] [information_schema schemata BASE TABLE]]

2026-02-28T15:05:18.159+0300	DEBUG	logger/zap_logger.go:71	DEBUG: Table metadata:	{"meta": {"Name":"information_schema.tables","Columns":{"table_name":{"Type":0,"IsNullable":false,"DefaultValue":null,"IsSerial":false,"IsUnique":false,"Idx":2},"table_schema":{"Type":0,"IsNullable":false,"DefaultValue":null,"IsSerial":false,"IsUnique":false,"Idx":1},"table_type":{"Type":0,"IsNullable":true,"DefaultValue":null,"IsSerial":false,"IsUnique":false,"Idx":3}},"PrimaryKeys":[1,2]}}
2026-02-28T15:05:18.159+0300	DEBUG	logger/zap_logger.go:71	DEBUG: Saved row: 	{"rowKey": "testdb:information_schema:tables:row:information_schematables:", "rowData": "[\"information_schema\",\"tables\",\"BASE TABLE\"]"}
2026-02-28T15:05:18.159+0300	DEBUG	logger/zap_logger.go:71	DEBUG: Saved row: 	{"rowKey": "testdb:information_schema:tables:row:information_schemacolumns:", "rowData": "[\"information_schema\",\"columns\",\"BASE TABLE\"]"}
2026-02-28T15:05:18.159+0300	DEBUG	logger/zap_logger.go:71	DEBUG: Saved row: 	{"rowKey": "testdb:information_schema:tables:row:information_schemaschemata:", "rowData": "[\"information_schema\",\"schemata\",\"BASE TABLE\"]"}
2026-02-28T15:05:18.159+0300	INFO	logger/zap_logger.go:76	[SynchronizerVClock] Loaded key	{"key": "testdb:information_schema:tables:row:information_schematables:", "value": "[\"information_schema\",\"tables\",\"BASE TABLE\"]", "vclock": {"node1":2}}
2026-02-28T15:05:18.159+0300	DEBUG	logger/zap_logger.go:96	Executing: 

CREATE TABLE IF NOT EXISTS information_schema.columns (
    table_schema TEXT,
    table_name TEXT,
    column_name TEXT,
    original_position INT,
    column_default TEXT,
    is_nullable BOOLEAN,
    data_type TEXT,
    PRIMARY KEY (table_schema, table_name, column_name)
)
2026-02-28T15:05:18.159+0300	INFO	logger/zap_logger.go:76	[SynchronizerVClock] Loaded key	{"key": "testdb:information_schema:tables:row:information_schemacolumns:", "value": "[\"information_schema\",\"columns\",\"BASE TABLE\"]", "vclock": {"node1":3}}
2026-02-28T15:05:18.159+0300	INFO	logger/zap_logger.go:76	[SynchronizerVClock] Loaded key	{"key": "testdb:information_schema:tables:row:information_schemaschemata:", "value": "[\"information_schema\",\"schemata\",\"BASE TABLE\"]", "vclock": {"node1":4}}
2026-02-28T15:05:18.159+0300	DEBUG	logger/zap_logger.go:96	DEBUG: Parsed statement type: CREATE_TABLE

2026-02-28T15:05:18.159+0300	DEBUG	logger/zap_logger.go:96	Executing: 

INSERT INTO information_schema.columns (table_schema, table_name, column_name, original_position, is_nullable, data_type) VALUES
    ('information_schema', 'tables', 'table_schema', 1, FALSE, 'TEXT'),
    ('information_schema', 'tables', 'table_name', 2, FALSE, 'TEXT'),
    ('information_schema', 'tables', 'table_type', 3, FALSE, 'TEXT'),
    ('information_schema', 'columns', 'table_schema', 1, FALSE, 'TEXT'),
    ('information_schema', 'columns', 'table_name', 2, FALSE, 'TEXT'),
    ('information_schema', 'columns', 'column_name', 3, FALSE, 'TEXT'),
    ('information_schema', 'columns', 'original_position', 4, FALSE, 'INT'),
    ('information_schema', 'columns', 'column_default', 5, TRUE, 'TEXT'),
    ('information_schema', 'columns', 'is_nullable', 6, FALSE, 'BOOLEAN'),
    ('information_schema', 'columns', 'data_type', 7, FALSE, 'TEXT'),
    ('information_schema', 'schemata', 'catalog_name', 1, FALSE, 'TEXT'),
    ('information_schema', 'schemata', 'schema_name', 2, FALSE, 'TEXT'),
    ('information_schema', 'schemata', 'schema_owner', 3, FALSE, 'TEXT'),
    ('information_schema', 'schemata', 'default_character_set_catalog', 4, TRUE, 'TEXT'),
    ('information_schema', 'schemata', 'default_character_set_schema', 5, TRUE, 'TEXT'),
    ('information_schema', 'schemata', 'default_character_set_name', 6, TRUE, 'TEXT'),
    ('information_schema', 'schemata', 'sql_path', 7, TRUE, 'TEXT')
2026-02-28T15:05:18.159+0300	INFO	logger/zap_logger.go:76	[SynchronizerVClock] Loaded key	{"key": "schema:testdb:information_schema:columns:", "value": "{\"Name\":\"information_schema.columns\",\"Columns\":{\"column_default\":{\"Type\":0,\"IsNullable\":true,\"DefaultValue\":null,\"IsSerial\":false,\"IsUnique\":false,\"Idx\":5},\"column_name\":{\"Type\":0,\"IsNullable\":false,\"DefaultValue\":null,\"IsSerial\":false,\"IsUnique\":false,\"Idx\":3},\"data_type\":{\"Type\":0,\"IsNullable\":true,\"DefaultValue\":null,\"IsSerial\":false,\"IsUnique\":false,\"Idx\":7},\"is_nullable\":{\"Type\":0,\"IsNullable\":true,\"DefaultValue\":null,\"IsSerial\":false,\"IsUnique\":false,\"Idx\":6},\"original_position\":{\"Type\":1,\"IsNullable\":true,\"DefaultValue\":null,\"IsSerial\":false,\"IsUnique\":false,\"Idx\":4},\"table_name\":{\"Type\":0,\"IsNullable\":false,\"DefaultValue\":null,\"IsSerial\":false,\"IsUnique\":false,\"Idx\":2},\"table_schema\":{\"Type\":0,\"IsNullable\":false,\"DefaultValue\":null,\"IsSerial\":false,\"IsUnique\":false,\"Idx\":1}},\"PrimaryKeys\":[1,2,3]}", "vclock": {"node1":5}}
2026-02-28T15:05:18.160+0300	DEBUG	logger/zap_logger.go:96	DEBUG: Parsed statement type: INSERT

2026-02-28T15:05:18.160+0300	DEBUG	logger/zap_logger.go:96	DEBUG: Insert into information_schema.columns: [[information_schema tables table_schema 1 false TEXT] [information_schema tables table_name 2 false TEXT] [information_schema tables table_type 3 false TEXT] [information_schema columns table_schema 1 false TEXT] [information_schema columns table_name 2 false TEXT] [information_schema columns column_name 3 false TEXT] [information_schema columns original_position 4 false INT] [information_schema columns column_default 5 true TEXT] [information_schema columns is_nullable 6 false BOOLEAN] [information_schema columns data_type 7 false TEXT] [information_schema schemata catalog_name 1 false TEXT] [information_schema schemata schema_name 2 false TEXT] [information_schema schemata schema_owner 3 false TEXT] [information_schema schemata default_character_set_catalog 4 true TEXT] [information_schema schemata default_character_set_schema 5 true TEXT] [information_schema schemata default_character_set_name 6 true TEXT] [information_schema schemata sql_path 7 true TEXT]]

2026-02-28T15:05:18.160+0300	DEBUG	logger/zap_logger.go:71	DEBUG: Table metadata:	{"meta": {"Name":"information_schema.columns","Columns":{"column_default":{"Type":0,"IsNullable":true,"DefaultValue":null,"IsSerial":false,"IsUnique":false,"Idx":5},"column_name":{"Type":0,"IsNullable":false,"DefaultValue":null,"IsSerial":false,"IsUnique":false,"Idx":3},"data_type":{"Type":0,"IsNullable":true,"DefaultValue":null,"IsSerial":false,"IsUnique":false,"Idx":7},"is_nullable":{"Type":0,"IsNullable":true,"DefaultValue":null,"IsSerial":false,"IsUnique":false,"Idx":6},"original_position":{"Type":1,"IsNullable":true,"DefaultValue":null,"IsSerial":false,"IsUnique":false,"Idx":4},"table_name":{"Type":0,"IsNullable":false,"DefaultValue":null,"IsSerial":false,"IsUnique":false,"Idx":2},"table_schema":{"Type":0,"IsNullable":false,"DefaultValue":null,"IsSerial":false,"IsUnique":false,"Idx":1}},"PrimaryKeys":[1,2,3]}}
2026-02-28T15:05:18.160+0300	DEBUG	logger/zap_logger.go:71	DEBUG: Saved row: 	{"rowKey": "testdb:information_schema:columns:row:information_schematablestable_schema:", "rowData": "[\"information_schema\",\"tables\",\"table_schema\",1,null,false,\"TEXT\"]"}
2026-02-28T15:05:18.160+0300	DEBUG	logger/zap_logger.go:71	DEBUG: Saved row: 	{"rowKey": "testdb:information_schema:columns:row:information_schematablestable_name:", "rowData": "[\"information_schema\",\"tables\",\"table_name\",2,null,false,\"TEXT\"]"}
2026-02-28T15:05:18.160+0300	DEBUG	logger/zap_logger.go:71	DEBUG: Saved row: 	{"rowKey": "testdb:information_schema:columns:row:information_schematablestable_type:", "rowData": "[\"information_schema\",\"tables\",\"table_type\",3,null,false,\"TEXT\"]"}
2026-02-28T15:05:18.160+0300	DEBUG	logger/zap_logger.go:71	DEBUG: Saved row: 	{"rowKey": "testdb:information_schema:columns:row:information_schemacolumnstable_schema:", "rowData": "[\"information_schema\",\"columns\",\"table_schema\",1,null,false,\"TEXT\"]"}
2026-02-28T15:05:18.160+0300	DEBUG	logger/zap_logger.go:71	DEBUG: Saved row: 	{"rowKey": "testdb:information_schema:columns:row:information_schemacolumnstable_name:", "rowData": "[\"information_schema\",\"columns\",\"table_name\",2,null,false,\"TEXT\"]"}
2026-02-28T15:05:18.160+0300	DEBUG	logger/zap_logger.go:71	DEBUG: Saved row: 	{"rowKey": "testdb:information_schema:columns:row:information_schemacolumnscolumn_name:", "rowData": "[\"information_schema\",\"columns\",\"column_name\",3,null,false,\"TEXT\"]"}
2026-02-28T15:05:18.160+0300	DEBUG	logger/zap_logger.go:71	DEBUG: Saved row: 	{"rowKey": "testdb:information_schema:columns:row:information_schemacolumnsoriginal_position:", "rowData": "[\"information_schema\",\"columns\",\"original_position\",4,null,false,\"INT\"]"}
2026-02-28T15:05:18.160+0300	DEBUG	logger/zap_logger.go:71	DEBUG: Saved row: 	{"rowKey": "testdb:information_schema:columns:row:information_schemacolumnscolumn_default:", "rowData": "[\"information_schema\",\"columns\",\"column_default\",5,null,true,\"TEXT\"]"}
2026-02-28T15:05:18.160+0300	DEBUG	logger/zap_logger.go:71	DEBUG: Saved row: 	{"rowKey": "testdb:information_schema:columns:row:information_schemacolumnsis_nullable:", "rowData": "[\"information_schema\",\"columns\",\"is_nullable\",6,null,false,\"BOOLEAN\"]"}
2026-02-28T15:05:18.160+0300	DEBUG	logger/zap_logger.go:71	DEBUG: Saved row: 	{"rowKey": "testdb:information_schema:columns:row:information_schemacolumnsdata_type:", "rowData": "[\"information_schema\",\"columns\",\"data_type\",7,null,false,\"TEXT\"]"}
2026-02-28T15:05:18.160+0300	DEBUG	logger/zap_logger.go:71	DEBUG: Saved row: 	{"rowKey": "testdb:information_schema:columns:row:information_schemaschematacatalog_name:", "rowData": "[\"information_schema\",\"schemata\",\"catalog_name\",1,null,false,\"TEXT\"]"}
2026-02-28T15:05:18.160+0300	DEBUG	logger/zap_logger.go:71	DEBUG: Saved row: 	{"rowKey": "testdb:information_schema:columns:row:information_schemaschemataschema_name:", "rowData": "[\"information_schema\",\"schemata\",\"schema_name\",2,null,false,\"TEXT\"]"}
2026-02-28T15:05:18.160+0300	DEBUG	logger/zap_logger.go:71	DEBUG: Saved row: 	{"rowKey": "testdb:information_schema:columns:row:information_schemaschemataschema_owner:", "rowData": "[\"information_schema\",\"schemata\",\"schema_owner\",3,null,false,\"TEXT\"]"}
2026-02-28T15:05:18.160+0300	DEBUG	logger/zap_logger.go:71	DEBUG: Saved row: 	{"rowKey": "testdb:information_schema:columns:row:information_schemaschematadefault_character_set_catalog:", "rowData": "[\"information_schema\",\"schemata\",\"default_character_set_catalog\",4,null,true,\"TEXT\"]"}
2026-02-28T15:05:18.160+0300	DEBUG	logger/zap_logger.go:71	DEBUG: Saved row: 	{"rowKey": "testdb:information_schema:columns:row:information_schemaschematadefault_character_set_schema:", "rowData": "[\"information_schema\",\"schemata\",\"default_character_set_schema\",5,null,true,\"TEXT\"]"}
2026-02-28T15:05:18.160+0300	DEBUG	logger/zap_logger.go:71	DEBUG: Saved row: 	{"rowKey": "testdb:information_schema:columns:row:information_schemaschematadefault_character_set_name:", "rowData": "[\"information_schema\",\"schemata\",\"default_character_set_name\",6,null,true,\"TEXT\"]"}
2026-02-28T15:05:18.160+0300	DEBUG	logger/zap_logger.go:71	DEBUG: Saved row: 	{"rowKey": "testdb:information_schema:columns:row:information_schemaschematasql_path:", "rowData": "[\"information_schema\",\"schemata\",\"sql_path\",7,null,true,\"TEXT\"]"}
2026-02-28T15:05:18.161+0300	INFO	logger/zap_logger.go:76	[SynchronizerVClock] Loaded key	{"key": "testdb:information_schema:columns:row:information_schemacolumnscolumn_name:", "value": "[\"information_schema\",\"columns\",\"column_name\",3,null,false,\"TEXT\"]", "vclock": {"node1":6}}
2026-02-28T15:05:18.161+0300	DEBUG	logger/zap_logger.go:96	Executing: 

CREATE TABLE IF NOT EXISTS information_schema.schemata (
    catalog_name TEXT,
    schema_name TEXT,
    schema_owner TEXT,
    default_character_set_catalog TEXT,
    default_character_set_schema TEXT,
    default_character_set_name TEXT,
    sql_path TEXT,
    PRIMARY KEY (catalog_name, schema_name)
)
2026-02-28T15:05:18.161+0300	INFO	logger/zap_logger.go:76	[SynchronizerVClock] Loaded key	{"key": "testdb:information_schema:columns:row:information_schemacolumnsdata_type:", "value": "[\"information_schema\",\"columns\",\"data_type\",7,null,false,\"TEXT\"]", "vclock": {"node1":7}}
2026-02-28T15:05:18.161+0300	INFO	logger/zap_logger.go:76	[SynchronizerVClock] Loaded key	{"key": "testdb:information_schema:columns:row:information_schematablestable_schema:", "value": "[\"information_schema\",\"tables\",\"table_schema\",1,null,false,\"TEXT\"]", "vclock": {"node1":8}}
2026-02-28T15:05:18.161+0300	INFO	logger/zap_logger.go:76	[SynchronizerVClock] Loaded key	{"key": "testdb:information_schema:columns:row:information_schematablestable_type:", "value": "[\"information_schema\",\"tables\",\"table_type\",3,null,false,\"TEXT\"]", "vclock": {"node1":9}}
2026-02-28T15:05:18.161+0300	INFO	logger/zap_logger.go:76	[SynchronizerVClock] Loaded key	{"key": "testdb:information_schema:columns:row:information_schemacolumnstable_name:", "value": "[\"information_schema\",\"columns\",\"table_name\",2,null,false,\"TEXT\"]", "vclock": {"node1":10}}
2026-02-28T15:05:18.161+0300	INFO	logger/zap_logger.go:76	[SynchronizerVClock] Loaded key	{"key": "testdb:information_schema:columns:row:information_schemaschematacatalog_name:", "value": "[\"information_schema\",\"schemata\",\"catalog_name\",1,null,false,\"TEXT\"]", "vclock": {"node1":11}}
2026-02-28T15:05:18.161+0300	INFO	logger/zap_logger.go:76	[SynchronizerVClock] Loaded key	{"key": "testdb:information_schema:columns:row:information_schematablestable_name:", "value": "[\"information_schema\",\"tables\",\"table_name\",2,null,false,\"TEXT\"]", "vclock": {"node1":12}}
2026-02-28T15:05:18.161+0300	INFO	logger/zap_logger.go:76	[SynchronizerVClock] Loaded key	{"key": "testdb:information_schema:columns:row:information_schemacolumnsis_nullable:", "value": "[\"information_schema\",\"columns\",\"is_nullable\",6,null,false,\"BOOLEAN\"]", "vclock": {"node1":13}}
2026-02-28T15:05:18.161+0300	INFO	logger/zap_logger.go:76	[SynchronizerVClock] Loaded key	{"key": "testdb:information_schema:columns:row:information_schemaschemataschema_name:", "value": "[\"information_schema\",\"schemata\",\"schema_name\",2,null,false,\"TEXT\"]", "vclock": {"node1":14}}
2026-02-28T15:05:18.161+0300	DEBUG	logger/zap_logger.go:96	DEBUG: Parsed statement type: CREATE_TABLE

2026-02-28T15:05:18.161+0300	INFO	logger/zap_logger.go:76	[SynchronizerVClock] Loaded key	{"key": "testdb:information_schema:columns:row:information_schemaschematadefault_character_set_catalog:", "value": "[\"information_schema\",\"schemata\",\"default_character_set_catalog\",4,null,true,\"TEXT\"]", "vclock": {"node1":15}}
2026-02-28T15:05:18.161+0300	DEBUG	logger/zap_logger.go:96	Executing: 

INSERT INTO information_schema.schemata (catalog_name, schema_name, schema_owner) VALUES
    ('petacore', 'information_schema', 'system'),
    ('petacore', 'pg_catalog', 'system')
2026-02-28T15:05:18.161+0300	INFO	logger/zap_logger.go:76	[SynchronizerVClock] Loaded key	{"key": "testdb:information_schema:columns:row:information_schemacolumnsoriginal_position:", "value": "[\"information_schema\",\"columns\",\"original_position\",4,null,false,\"INT\"]", "vclock": {"node1":16}}
2026-02-28T15:05:18.161+0300	INFO	logger/zap_logger.go:76	[SynchronizerVClock] Loaded key	{"key": "testdb:information_schema:columns:row:information_schemacolumnscolumn_default:", "value": "[\"information_schema\",\"columns\",\"column_default\",5,null,true,\"TEXT\"]", "vclock": {"node1":17}}
2026-02-28T15:05:18.161+0300	INFO	logger/zap_logger.go:76	[SynchronizerVClock] Loaded key	{"key": "testdb:information_schema:columns:row:information_schemaschemataschema_owner:", "value": "[\"information_schema\",\"schemata\",\"schema_owner\",3,null,false,\"TEXT\"]", "vclock": {"node1":18}}
2026-02-28T15:05:18.161+0300	INFO	logger/zap_logger.go:76	[SynchronizerVClock] Loaded key	{"key": "testdb:information_schema:columns:row:information_schemaschematadefault_character_set_schema:", "value": "[\"information_schema\",\"schemata\",\"default_character_set_schema\",5,null,true,\"TEXT\"]", "vclock": {"node1":19}}
2026-02-28T15:05:18.161+0300	INFO	logger/zap_logger.go:76	[SynchronizerVClock] Loaded key	{"key": "testdb:information_schema:columns:row:information_schemaschematadefault_character_set_name:", "value": "[\"information_schema\",\"schemata\",\"default_character_set_name\",6,null,true,\"TEXT\"]", "vclock": {"node1":20}}
2026-02-28T15:05:18.161+0300	DEBUG	logger/zap_logger.go:96	DEBUG: Parsed statement type: INSERT

2026-02-28T15:05:18.161+0300	DEBUG	logger/zap_logger.go:96	DEBUG: Insert into information_schema.schemata: [[petacore information_schema system] [petacore pg_catalog system]]

2026-02-28T15:05:18.161+0300	INFO	logger/zap_logger.go:76	[SynchronizerVClock] Loaded key	{"key": "testdb:information_schema:columns:row:information_schemaschematasql_path:", "value": "[\"information_schema\",\"schemata\",\"sql_path\",7,null,true,\"TEXT\"]", "vclock": {"node1":21}}
2026-02-28T15:05:18.161+0300	DEBUG	logger/zap_logger.go:71	DEBUG: Table metadata:	{"meta": {"Name":"information_schema.schemata","Columns":{"catalog_name":{"Type":0,"IsNullable":false,"DefaultValue":null,"IsSerial":false,"IsUnique":false,"Idx":1},"default_character_set_catalog":{"Type":0,"IsNullable":true,"DefaultValue":null,"IsSerial":false,"IsUnique":false,"Idx":4},"default_character_set_name":{"Type":0,"IsNullable":true,"DefaultValue":null,"IsSerial":false,"IsUnique":false,"Idx":6},"default_character_set_schema":{"Type":0,"IsNullable":true,"DefaultValue":null,"IsSerial":false,"IsUnique":false,"Idx":5},"schema_name":{"Type":0,"IsNullable":false,"DefaultValue":null,"IsSerial":false,"IsUnique":false,"Idx":2},"schema_owner":{"Type":0,"IsNullable":true,"DefaultValue":null,"IsSerial":false,"IsUnique":false,"Idx":3},"sql_path":{"Type":0,"IsNullable":true,"DefaultValue":null,"IsSerial":false,"IsUnique":false,"Idx":7}},"PrimaryKeys":[1,2]}}
2026-02-28T15:05:18.161+0300	DEBUG	logger/zap_logger.go:71	DEBUG: Saved row: 	{"rowKey": "testdb:information_schema:schemata:row:petacoreinformation_schema:", "rowData": "[\"petacore\",\"information_schema\",\"system\",null,null,null,null]"}
2026-02-28T15:05:18.161+0300	DEBUG	logger/zap_logger.go:71	DEBUG: Saved row: 	{"rowKey": "testdb:information_schema:schemata:row:petacorepg_catalog:", "rowData": "[\"petacore\",\"pg_catalog\",\"system\",null,null,null,null]"}
2026-02-28T15:05:18.161+0300	INFO	logger/zap_logger.go:76	[SynchronizerVClock] Loaded key	{"key": "testdb:information_schema:columns:row:information_schemacolumnstable_schema:", "value": "[\"information_schema\",\"columns\",\"table_schema\",1,null,false,\"TEXT\"]", "vclock": {"node1":22}}
2026-02-28T15:05:18.161+0300	DEBUG	logger/zap_logger.go:96	Executing: 

2026-02-28T15:05:18.161+0300	INFO	logger/zap_logger.go:101	Executing system initialization file: 0002_pg_catalog.sql
2026-02-28T15:05:18.161+0300	INFO	logger/zap_logger.go:76	[SynchronizerVClock] Loaded key	{"key": "schema:testdb:information_schema:schemata:", "value": "{\"Name\":\"information_schema.schemata\",\"Columns\":{\"catalog_name\":{\"Type\":0,\"IsNullable\":false,\"DefaultValue\":null,\"IsSerial\":false,\"IsUnique\":false,\"Idx\":1},\"default_character_set_catalog\":{\"Type\":0,\"IsNullable\":true,\"DefaultValue\":null,\"IsSerial\":false,\"IsUnique\":false,\"Idx\":4},\"default_character_set_name\":{\"Type\":0,\"IsNullable\":true,\"DefaultValue\":null,\"IsSerial\":false,\"IsUnique\":false,\"Idx\":6},\"default_character_set_schema\":{\"Type\":0,\"IsNullable\":true,\"DefaultValue\":null,\"IsSerial\":false,\"IsUnique\":false,\"Idx\":5},\"schema_name\":{\"Type\":0,\"IsNullable\":false,\"DefaultValue\":null,\"IsSerial\":false,\"IsUnique\":false,\"Idx\":2},\"schema_owner\":{\"Type\":0,\"IsNullable\":true,\"DefaultValue\":null,\"IsSerial\":false,\"IsUnique\":false,\"Idx\":3},\"sql_path\":{\"Type\":0,\"IsNullable\":true,\"DefaultValue\":null,\"IsSerial\":false,\"IsUnique\":false,\"Idx\":7}},\"PrimaryKeys\":[1,2]}", "vclock": {"node1":23}}
2026-02-28T15:05:18.161+0300	INFO	logger/zap_logger.go:76	[SynchronizerVClock] Loaded key	{"key": "testdb:information_schema:schemata:row:petacoreinformation_schema:", "value": "[\"petacore\",\"information_schema\",\"system\",null,null,null,null]", "vclock": {"node1":24}}
2026-02-28T15:05:18.161+0300	INFO	logger/zap_logger.go:76	[SynchronizerVClock] Loaded key	{"key": "testdb:information_schema:schemata:row:petacorepg_catalog:", "value": "[\"petacore\",\"pg_catalog\",\"system\",null,null,null,null]", "vclock": {"node1":25}}
2026-02-28T15:05:18.161+0300	DEBUG	logger/zap_logger.go:96	Executing: -- pg_catalog global system schema
-- Инициализация системных таблиц для базы 

CREATE TABLE IF NOT EXISTS pg_catalog.pg_tables (
    schemaname TEXT,
    schematable TEXT,
    tableowner TEXT,
    tablespace TEXT, -- TODO CHECK
    hasindexes BOOLEAN,
    hasrules BOOLEAN,
    hastriggers BOOLEAN,
    rowsecurity BOOLEAN,
    PRIMARY KEY (schemaname, schematable)
)
2026-02-28T15:05:18.162+0300	DEBUG	logger/zap_logger.go:96	DEBUG: Parsed statement type: CREATE_TABLE

2026-02-28T15:05:18.162+0300	DEBUG	logger/zap_logger.go:96	Executing: 

INSERT INTO pg_catalog.pg_tables (schemaname, schematable, tableowner, tablespace, hasindexes, hasrules, hastriggers, rowsecurity) VALUES
('pg_catalog', 'pg_tables', 'system', NULL, FALSE, FALSE, FALSE, FALSE),
('pg_catalog', 'pg_columns', 'system', NULL, FALSE, FALSE, FALSE, FALSE),
('pg_catalog', 'pg_class', 'system', NULL, FALSE, FALSE, FALSE, FALSE),
('pg_catalog', 'pg_attribute', 'system', NULL, FALSE, FALSE, FALSE, FALSE),
('pg_catalog', 'pg_proc', 'system', NULL, FALSE, FALSE, FALSE, FALSE),
('pg_catalog', 'pg_type', 'system', NULL, FALSE, FALSE, FALSE, FALSE),
('pg_catalog', 'pg_namespace', 'system', NULL, FALSE, FALSE, FALSE, FALSE),
('pg_catalog', 'pg_database', 'system', NULL, FALSE, FALSE, FALSE, FALSE),
('pg_catalog', 'pg_tablespace', 'system', NULL, FALSE, FALSE, FALSE, FALSE),
('pg_catalog', 'pg_roles', 'system', NULL, FALSE, FALSE, FALSE, FALSE),
('pg_catalog', 'pg_stat_ssl', 'system', NULL, FALSE, FALSE, FALSE, FALSE),
('pg_catalog', 'pg_shdescription', 'system', NULL, FALSE, FALSE, FALSE, FALSE),
('pg_catalog', 'pg_am', 'system', NULL, FALSE, FALSE, FALSE, FALSE)
2026-02-28T15:05:18.162+0300	INFO	logger/zap_logger.go:76	[SynchronizerVClock] Loaded key	{"key": "schema:testdb:pg_catalog:pg_tables:", "value": "{\"Name\":\"pg_catalog.pg_tables\",\"Columns\":{\"hasindexes\":{\"Type\":0,\"IsNullable\":true,\"DefaultValue\":null,\"IsSerial\":false,\"IsUnique\":false,\"Idx\":5},\"hasrules\":{\"Type\":0,\"IsNullable\":true,\"DefaultValue\":null,\"IsSerial\":false,\"IsUnique\":false,\"Idx\":6},\"hastriggers\":{\"Type\":0,\"IsNullable\":true,\"DefaultValue\":null,\"IsSerial\":false,\"IsUnique\":false,\"Idx\":7},\"rowsecurity\":{\"Type\":0,\"IsNullable\":true,\"DefaultValue\":null,\"IsSerial\":false,\"IsUnique\":false,\"Idx\":8},\"schemaname\":{\"Type\":0,\"IsNullable\":false,\"DefaultValue\":null,\"IsSerial\":false,\"IsUnique\":false,\"Idx\":1},\"schematable\":{\"Type\":0,\"IsNullable\":false,\"DefaultValue\":null,\"IsSerial\":false,\"IsUnique\":false,\"Idx\":2},\"tableowner\":{\"Type\":0,\"IsNullable\":true,\"DefaultValue\":null,\"IsSerial\":false,\"IsUnique\":false,\"Idx\":3},\"tablespace\":{\"Type\":0,\"IsNullable\":true,\"DefaultValue\":null,\"IsSerial\":false,\"IsUnique\":false,\"Idx\":4}},\"PrimaryKeys\":[1,2]}", "vclock": {"node1":26}}
2026-02-28T15:05:18.163+0300	DEBUG	logger/zap_logger.go:96	DEBUG: Parsed statement type: INSERT

2026-02-28T15:05:18.163+0300	DEBUG	logger/zap_logger.go:96	DEBUG: Insert into pg_catalog.pg_tables: [[pg_catalog pg_tables system NULL false false false false] [pg_catalog pg_columns system NULL false false false false] [pg_catalog pg_class system NULL false false false false] [pg_catalog pg_attribute system NULL false false false false] [pg_catalog pg_proc system NULL false false false false] [pg_catalog pg_type system NULL false false false false] [pg_catalog pg_namespace system NULL false false false false] [pg_catalog pg_database system NULL false false false false] [pg_catalog pg_tablespace system NULL false false false false] [pg_catalog pg_roles system NULL false false false false] [pg_catalog pg_stat_ssl system NULL false false false false] [pg_catalog pg_shdescription system NULL false false false false] [pg_catalog pg_am system NULL false false false false]]

2026-02-28T15:05:18.163+0300	DEBUG	logger/zap_logger.go:71	DEBUG: Table metadata:	{"meta": {"Name":"pg_catalog.pg_tables","Columns":{"hasindexes":{"Type":0,"IsNullable":true,"DefaultValue":null,"IsSerial":false,"IsUnique":false,"Idx":5},"hasrules":{"Type":0,"IsNullable":true,"DefaultValue":null,"IsSerial":false,"IsUnique":false,"Idx":6},"hastriggers":{"Type":0,"IsNullable":true,"DefaultValue":null,"IsSerial":false,"IsUnique":false,"Idx":7},"rowsecurity":{"Type":0,"IsNullable":true,"DefaultValue":null,"IsSerial":false,"IsUnique":false,"Idx":8},"schemaname":{"Type":0,"IsNullable":false,"DefaultValue":null,"IsSerial":false,"IsUnique":false,"Idx":1},"schematable":{"Type":0,"IsNullable":false,"DefaultValue":null,"IsSerial":false,"IsUnique":false,"Idx":2},"tableowner":{"Type":0,"IsNullable":true,"DefaultValue":null,"IsSerial":false,"IsUnique":false,"Idx":3},"tablespace":{"Type":0,"IsNullable":true,"DefaultValue":null,"IsSerial":false,"IsUnique":false,"Idx":4}},"PrimaryKeys":[1,2]}}
2026-02-28T15:05:18.163+0300	DEBUG	logger/zap_logger.go:71	DEBUG: Saved row: 	{"rowKey": "testdb:pg_catalog:pg_tables:row:pg_catalogpg_tables:", "rowData": "[\"pg_catalog\",\"pg_tables\",\"system\",\"NULL\",false,false,false,false]"}
2026-02-28T15:05:18.163+0300	DEBUG	logger/zap_logger.go:71	DEBUG: Saved row: 	{"rowKey": "testdb:pg_catalog:pg_tables:row:pg_catalogpg_columns:", "rowData": "[\"pg_catalog\",\"pg_columns\",\"system\",\"NULL\",false,false,false,false]"}
2026-02-28T15:05:18.163+0300	DEBUG	logger/zap_logger.go:71	DEBUG: Saved row: 	{"rowKey": "testdb:pg_catalog:pg_tables:row:pg_catalogpg_class:", "rowData": "[\"pg_catalog\",\"pg_class\",\"system\",\"NULL\",false,false,false,false]"}
2026-02-28T15:05:18.163+0300	DEBUG	logger/zap_logger.go:71	DEBUG: Saved row: 	{"rowKey": "testdb:pg_catalog:pg_tables:row:pg_catalogpg_attribute:", "rowData": "[\"pg_catalog\",\"pg_attribute\",\"system\",\"NULL\",false,false,false,false]"}
2026-02-28T15:05:18.163+0300	DEBUG	logger/zap_logger.go:71	DEBUG: Saved row: 	{"rowKey": "testdb:pg_catalog:pg_tables:row:pg_catalogpg_proc:", "rowData": "[\"pg_catalog\",\"pg_proc\",\"system\",\"NULL\",false,false,false,false]"}
2026-02-28T15:05:18.163+0300	DEBUG	logger/zap_logger.go:71	DEBUG: Saved row: 	{"rowKey": "testdb:pg_catalog:pg_tables:row:pg_catalogpg_type:", "rowData": "[\"pg_catalog\",\"pg_type\",\"system\",\"NULL\",false,false,false,false]"}
2026-02-28T15:05:18.163+0300	DEBUG	logger/zap_logger.go:71	DEBUG: Saved row: 	{"rowKey": "testdb:pg_catalog:pg_tables:row:pg_catalogpg_namespace:", "rowData": "[\"pg_catalog\",\"pg_namespace\",\"system\",\"NULL\",false,false,false,false]"}
2026-02-28T15:05:18.163+0300	DEBUG	logger/zap_logger.go:71	DEBUG: Saved row: 	{"rowKey": "testdb:pg_catalog:pg_tables:row:pg_catalogpg_database:", "rowData": "[\"pg_catalog\",\"pg_database\",\"system\",\"NULL\",false,false,false,false]"}
2026-02-28T15:05:18.163+0300	DEBUG	logger/zap_logger.go:71	DEBUG: Saved row: 	{"rowKey": "testdb:pg_catalog:pg_tables:row:pg_catalogpg_tablespace:", "rowData": "[\"pg_catalog\",\"pg_tablespace\",\"system\",\"NULL\",false,false,false,false]"}
2026-02-28T15:05:18.163+0300	DEBUG	logger/zap_logger.go:71	DEBUG: Saved row: 	{"rowKey": "testdb:pg_catalog:pg_tables:row:pg_catalogpg_roles:", "rowData": "[\"pg_catalog\",\"pg_roles\",\"system\",\"NULL\",false,false,false,false]"}
2026-02-28T15:05:18.163+0300	DEBUG	logger/zap_logger.go:71	DEBUG: Saved row: 	{"rowKey": "testdb:pg_catalog:pg_tables:row:pg_catalogpg_stat_ssl:", "rowData": "[\"pg_catalog\",\"pg_stat_ssl\",\"system\",\"NULL\",false,false,false,false]"}
2026-02-28T15:05:18.163+0300	DEBUG	logger/zap_logger.go:71	DEBUG: Saved row: 	{"rowKey": "testdb:pg_catalog:pg_tables:row:pg_catalogpg_shdescription:", "rowData": "[\"pg_catalog\",\"pg_shdescription\",\"system\",\"NULL\",false,false,false,false]"}
2026-02-28T15:05:18.163+0300	DEBUG	logger/zap_logger.go:71	DEBUG: Saved row: 	{"rowKey": "testdb:pg_catalog:pg_tables:row:pg_catalogpg_am:", "rowData": "[\"pg_catalog\",\"pg_am\",\"system\",\"NULL\",false,false,false,false]"}
2026-02-28T15:05:18.163+0300	INFO	logger/zap_logger.go:76	[SynchronizerVClock] Loaded key	{"key": "testdb:pg_catalog:pg_tables:row:pg_catalogpg_columns:", "value": "[\"pg_catalog\",\"pg_columns\",\"system\",\"NULL\",false,false,false,false]", "vclock": {"node1":27}}
2026-02-28T15:05:18.164+0300	DEBUG	logger/zap_logger.go:96	Executing: 


CREATE TABLE IF NOT EXISTS pg_catalog.pg_columns (
    table_schema TEXT,
    table_name TEXT,
    column_name TEXT,
    original_position INTEGER,
    column_default TEXT, -- TODO check default
    is_nullable BOOLEAN,
    data_type TEXT,
    character_maximum_length INTEGER, -- TODO check
    numeric_precision INTEGER, -- TODO check
    PRIMARY KEY (table_schema, table_name, column_name)
)
2026-02-28T15:05:18.164+0300	INFO	logger/zap_logger.go:76	[SynchronizerVClock] Loaded key	{"key": "testdb:pg_catalog:pg_tables:row:pg_catalogpg_class:", "value": "[\"pg_catalog\",\"pg_class\",\"system\",\"NULL\",false,false,false,false]", "vclock": {"node1":28}}
2026-02-28T15:05:18.164+0300	INFO	logger/zap_logger.go:76	[SynchronizerVClock] Loaded key	{"key": "testdb:pg_catalog:pg_tables:row:pg_catalogpg_proc:", "value": "[\"pg_catalog\",\"pg_proc\",\"system\",\"NULL\",false,false,false,false]", "vclock": {"node1":29}}
2026-02-28T15:05:18.164+0300	INFO	logger/zap_logger.go:76	[SynchronizerVClock] Loaded key	{"key": "testdb:pg_catalog:pg_tables:row:pg_catalogpg_tablespace:", "value": "[\"pg_catalog\",\"pg_tablespace\",\"system\",\"NULL\",false,false,false,false]", "vclock": {"node1":30}}
2026-02-28T15:05:18.164+0300	INFO	logger/zap_logger.go:76	[SynchronizerVClock] Loaded key	{"key": "testdb:pg_catalog:pg_tables:row:pg_catalogpg_shdescription:", "value": "[\"pg_catalog\",\"pg_shdescription\",\"system\",\"NULL\",false,false,false,false]", "vclock": {"node1":31}}
2026-02-28T15:05:18.164+0300	INFO	logger/zap_logger.go:76	[SynchronizerVClock] Loaded key	{"key": "testdb:pg_catalog:pg_tables:row:pg_catalogpg_am:", "value": "[\"pg_catalog\",\"pg_am\",\"system\",\"NULL\",false,false,false,false]", "vclock": {"node1":32}}
2026-02-28T15:05:18.164+0300	INFO	logger/zap_logger.go:76	[SynchronizerVClock] Loaded key	{"key": "testdb:pg_catalog:pg_tables:row:pg_catalogpg_tables:", "value": "[\"pg_catalog\",\"pg_tables\",\"system\",\"NULL\",false,false,false,false]", "vclock": {"node1":33}}
2026-02-28T15:05:18.164+0300	INFO	logger/zap_logger.go:76	[SynchronizerVClock] Loaded key	{"key": "testdb:pg_catalog:pg_tables:row:pg_catalogpg_attribute:", "value": "[\"pg_catalog\",\"pg_attribute\",\"system\",\"NULL\",false,false,false,false]", "vclock": {"node1":34}}
2026-02-28T15:05:18.164+0300	INFO	logger/zap_logger.go:76	[SynchronizerVClock] Loaded key	{"key": "testdb:pg_catalog:pg_tables:row:pg_catalogpg_type:", "value": "[\"pg_catalog\",\"pg_type\",\"system\",\"NULL\",false,false,false,false]", "vclock": {"node1":35}}
2026-02-28T15:05:18.164+0300	INFO	logger/zap_logger.go:76	[SynchronizerVClock] Loaded key	{"key": "testdb:pg_catalog:pg_tables:row:pg_catalogpg_namespace:", "value": "[\"pg_catalog\",\"pg_namespace\",\"system\",\"NULL\",false,false,false,false]", "vclock": {"node1":36}}
2026-02-28T15:05:18.164+0300	DEBUG	logger/zap_logger.go:96	DEBUG: Parsed statement type: CREATE_TABLE

2026-02-28T15:05:18.164+0300	INFO	logger/zap_logger.go:76	[SynchronizerVClock] Loaded key	{"key": "testdb:pg_catalog:pg_tables:row:pg_catalogpg_database:", "value": "[\"pg_catalog\",\"pg_database\",\"system\",\"NULL\",false,false,false,false]", "vclock": {"node1":37}}
2026-02-28T15:05:18.164+0300	DEBUG	logger/zap_logger.go:96	Executing: 

INSERT INTO pg_catalog.pg_columns (table_schema, table_name, column_name, original_position, column_default, is_nullable, data_type, character_maximum_length, numeric_precision) VALUES
('pg_catalog', 'pg_tables',  'schemaname', 1, NULL, FALSE, 'TEXT', NULL, NULL),
('pg_catalog', 'pg_tables',  'schematable', 2, NULL, FALSE, 'TEXT', NULL, NULL),
('pg_catalog', 'pg_tables',  'tableowner', 3, NULL, FALSE, 'TEXT', NULL, NULL),
('pg_catalog', 'pg_tables',  'tablespace', 4, NULL, TRUE, 'TEXT', NULL, NULL),
('pg_catalog', 'pg_tables',  'hasindexes', 5, NULL, FALSE, 'BOOLEAN', NULL, NULL),
('pg_catalog', 'pg_tables',  'hasrules', 6, NULL, FALSE, 'BOOLEAN', NULL, NULL),
('pg_catalog', 'pg_tables',  'hastriggers', 7, NULL, FALSE, 'BOOLEAN', NULL, NULL),
('pg_catalog', 'pg_tables',  'rowsecurity', 8, NULL, FALSE, 'BOOLEAN', NULL, NULL)
2026-02-28T15:05:18.164+0300	INFO	logger/zap_logger.go:76	[SynchronizerVClock] Loaded key	{"key": "testdb:pg_catalog:pg_tables:row:pg_catalogpg_roles:", "value": "[\"pg_catalog\",\"pg_roles\",\"system\",\"NULL\",false,false,false,false]", "vclock": {"node1":38}}
2026-02-28T15:05:18.164+0300	INFO	logger/zap_logger.go:76	[SynchronizerVClock] Loaded key	{"key": "testdb:pg_catalog:pg_tables:row:pg_catalogpg_stat_ssl:", "value": "[\"pg_catalog\",\"pg_stat_ssl\",\"system\",\"NULL\",false,false,false,false]", "vclock": {"node1":39}}
2026-02-28T15:05:18.164+0300	INFO	logger/zap_logger.go:76	[SynchronizerVClock] Loaded key	{"key": "schema:testdb:pg_catalog:pg_columns:", "value": "{\"Name\":\"pg_catalog.pg_columns\",\"Columns\":{\"character_maximum_length\":{\"Type\":0,\"IsNullable\":true,\"DefaultValue\":null,\"IsSerial\":false,\"IsUnique\":false,\"Idx\":8},\"column_default\":{\"Type\":0,\"IsNullable\":true,\"DefaultValue\":null,\"IsSerial\":false,\"IsUnique\":false,\"Idx\":5},\"column_name\":{\"Type\":0,\"IsNullable\":false,\"DefaultValue\":null,\"IsSerial\":false,\"IsUnique\":false,\"Idx\":3},\"data_type\":{\"Type\":0,\"IsNullable\":true,\"DefaultValue\":null,\"IsSerial\":false,\"IsUnique\":false,\"Idx\":7},\"is_nullable\":{\"Type\":0,\"IsNullable\":true,\"DefaultValue\":null,\"IsSerial\":false,\"IsUnique\":false,\"Idx\":6},\"numeric_precision\":{\"Type\":0,\"IsNullable\":true,\"DefaultValue\":null,\"IsSerial\":false,\"IsUnique\":false,\"Idx\":9},\"original_position\":{\"Type\":0,\"IsNullable\":true,\"DefaultValue\":null,\"IsSerial\":false,\"IsUnique\":false,\"Idx\":4},\"table_name\":{\"Type\":0,\"IsNullable\":false,\"DefaultValue\":null,\"IsSerial\":false,\"IsUnique\":false,\"Idx\":2},\"table_schema\":{\"Type\":0,\"IsNullable\":false,\"DefaultValue\":null,\"IsSerial\":false,\"IsUnique\":false,\"Idx\":1}},\"PrimaryKeys\":[1,2,3]}", "vclock": {"node1":40}}
2026-02-28T15:05:18.164+0300	DEBUG	logger/zap_logger.go:96	DEBUG: Parsed statement type: INSERT

2026-02-28T15:05:18.164+0300	DEBUG	logger/zap_logger.go:96	DEBUG: Insert into pg_catalog.pg_columns: [[pg_catalog pg_tables schemaname 1 NULL false TEXT NULL NULL] [pg_catalog pg_tables schematable 2 NULL false TEXT NULL NULL] [pg_catalog pg_tables tableowner 3 NULL false TEXT NULL NULL] [pg_catalog pg_tables tablespace 4 NULL true TEXT NULL NULL] [pg_catalog pg_tables hasindexes 5 NULL false BOOLEAN NULL NULL] [pg_catalog pg_tables hasrules 6 NULL false BOOLEAN NULL NULL] [pg_catalog pg_tables hastriggers 7 NULL false BOOLEAN NULL NULL] [pg_catalog pg_tables rowsecurity 8 NULL false BOOLEAN NULL NULL]]

2026-02-28T15:05:18.164+0300	DEBUG	logger/zap_logger.go:71	DEBUG: Table metadata:	{"meta": {"Name":"pg_catalog.pg_columns","Columns":{"character_maximum_length":{"Type":0,"IsNullable":true,"DefaultValue":null,"IsSerial":false,"IsUnique":false,"Idx":8},"column_default":{"Type":0,"IsNullable":true,"DefaultValue":null,"IsSerial":false,"IsUnique":false,"Idx":5},"column_name":{"Type":0,"IsNullable":false,"DefaultValue":null,"IsSerial":false,"IsUnique":false,"Idx":3},"data_type":{"Type":0,"IsNullable":true,"DefaultValue":null,"IsSerial":false,"IsUnique":false,"Idx":7},"is_nullable":{"Type":0,"IsNullable":true,"DefaultValue":null,"IsSerial":false,"IsUnique":false,"Idx":6},"numeric_precision":{"Type":0,"IsNullable":true,"DefaultValue":null,"IsSerial":false,"IsUnique":false,"Idx":9},"original_position":{"Type":0,"IsNullable":true,"DefaultValue":null,"IsSerial":false,"IsUnique":false,"Idx":4},"table_name":{"Type":0,"IsNullable":false,"DefaultValue":null,"IsSerial":false,"IsUnique":false,"Idx":2},"table_schema":{"Type":0,"IsNullable":false,"DefaultValue":null,"IsSerial":false,"IsUnique":false,"Idx":1}},"PrimaryKeys":[1,2,3]}}
2026-02-28T15:05:18.164+0300	DEBUG	logger/zap_logger.go:71	DEBUG: Saved row: 	{"rowKey": "testdb:pg_catalog:pg_columns:row:pg_catalogpg_tablesschemaname:", "rowData": "[\"pg_catalog\",\"pg_tables\",\"schemaname\",1,\"NULL\",false,\"TEXT\",\"NULL\",\"NULL\"]"}
2026-02-28T15:05:18.164+0300	DEBUG	logger/zap_logger.go:71	DEBUG: Saved row: 	{"rowKey": "testdb:pg_catalog:pg_columns:row:pg_catalogpg_tablesschematable:", "rowData": "[\"pg_catalog\",\"pg_tables\",\"schematable\",2,\"NULL\",false,\"TEXT\",\"NULL\",\"NULL\"]"}
2026-02-28T15:05:18.164+0300	DEBUG	logger/zap_logger.go:71	DEBUG: Saved row: 	{"rowKey": "testdb:pg_catalog:pg_columns:row:pg_catalogpg_tablestableowner:", "rowData": "[\"pg_catalog\",\"pg_tables\",\"tableowner\",3,\"NULL\",false,\"TEXT\",\"NULL\",\"NULL\"]"}
2026-02-28T15:05:18.164+0300	DEBUG	logger/zap_logger.go:71	DEBUG: Saved row: 	{"rowKey": "testdb:pg_catalog:pg_columns:row:pg_catalogpg_tablestablespace:", "rowData": "[\"pg_catalog\",\"pg_tables\",\"tablespace\",4,\"NULL\",true,\"TEXT\",\"NULL\",\"NULL\"]"}
2026-02-28T15:05:18.164+0300	DEBUG	logger/zap_logger.go:71	DEBUG: Saved row: 	{"rowKey": "testdb:pg_catalog:pg_columns:row:pg_catalogpg_tableshasindexes:", "rowData": "[\"pg_catalog\",\"pg_tables\",\"hasindexes\",5,\"NULL\",false,\"BOOLEAN\",\"NULL\",\"NULL\"]"}
2026-02-28T15:05:18.164+0300	DEBUG	logger/zap_logger.go:71	DEBUG: Saved row: 	{"rowKey": "testdb:pg_catalog:pg_columns:row:pg_catalogpg_tableshasrules:", "rowData": "[\"pg_catalog\",\"pg_tables\",\"hasrules\",6,\"NULL\",false,\"BOOLEAN\",\"NULL\",\"NULL\"]"}
2026-02-28T15:05:18.164+0300	DEBUG	logger/zap_logger.go:71	DEBUG: Saved row: 	{"rowKey": "testdb:pg_catalog:pg_columns:row:pg_catalogpg_tableshastriggers:", "rowData": "[\"pg_catalog\",\"pg_tables\",\"hastriggers\",7,\"NULL\",false,\"BOOLEAN\",\"NULL\",\"NULL\"]"}
2026-02-28T15:05:18.164+0300	DEBUG	logger/zap_logger.go:71	DEBUG: Saved row: 	{"rowKey": "testdb:pg_catalog:pg_columns:row:pg_catalogpg_tablesrowsecurity:", "rowData": "[\"pg_catalog\",\"pg_tables\",\"rowsecurity\",8,\"NULL\",false,\"BOOLEAN\",\"NULL\",\"NULL\"]"}
2026-02-28T15:05:18.165+0300	INFO	logger/zap_logger.go:76	[SynchronizerVClock] Loaded key	{"key": "testdb:pg_catalog:pg_columns:row:pg_catalogpg_tablesrowsecurity:", "value": "[\"pg_catalog\",\"pg_tables\",\"rowsecurity\",8,\"NULL\",false,\"BOOLEAN\",\"NULL\",\"NULL\"]", "vclock": {"node1":41}}
2026-02-28T15:05:18.165+0300	DEBUG	logger/zap_logger.go:96	Executing: 

CREATE TABLE IF NOT EXISTS pg_catalog.pg_class (
    oid INTEGER,
    relname TEXT,
    relnamespace INTEGER,
    reltype INTEGER,
    reloftype INTEGER,
    relowner INTEGER,
    relam INTEGER,
    relfilenode INTEGER,
    reltablespace INTEGER,
    relpages INTEGER,
    reltuples FLOAT,
    relallvisible INTEGER,
    reltoastrelid INTEGER,
    relhasindex BOOLEAN,
    relisshared BOOLEAN,
    relpersistence TEXT,
    relkind TEXT,
    relnatts INTEGER,
    relchecks INTEGER,
    relhasrules BOOLEAN,
    relhastriggers BOOLEAN,
    relhassubclass BOOLEAN,
    relrowsecurity BOOLEAN,
    relforcerowsecurity BOOLEAN,
    relispopulated BOOLEAN,
    relreplident TEXT,
    relispartition BOOLEAN,
    relrewrite INTEGER,
    relfrozenxid INTEGER,
    relminmxid INTEGER,
    PRIMARY KEY (oid)
)
2026-02-28T15:05:18.165+0300	INFO	logger/zap_logger.go:76	[SynchronizerVClock] Loaded key	{"key": "testdb:pg_catalog:pg_columns:row:pg_catalogpg_tablesschemaname:", "value": "[\"pg_catalog\",\"pg_tables\",\"schemaname\",1,\"NULL\",false,\"TEXT\",\"NULL\",\"NULL\"]", "vclock": {"node1":42}}
2026-02-28T15:05:18.165+0300	INFO	logger/zap_logger.go:76	[SynchronizerVClock] Loaded key	{"key": "testdb:pg_catalog:pg_columns:row:pg_catalogpg_tablesschematable:", "value": "[\"pg_catalog\",\"pg_tables\",\"schematable\",2,\"NULL\",false,\"TEXT\",\"NULL\",\"NULL\"]", "vclock": {"node1":43}}
2026-02-28T15:05:18.165+0300	INFO	logger/zap_logger.go:76	[SynchronizerVClock] Loaded key	{"key": "testdb:pg_catalog:pg_columns:row:pg_catalogpg_tablestableowner:", "value": "[\"pg_catalog\",\"pg_tables\",\"tableowner\",3,\"NULL\",false,\"TEXT\",\"NULL\",\"NULL\"]", "vclock": {"node1":44}}
2026-02-28T15:05:18.165+0300	INFO	logger/zap_logger.go:76	[SynchronizerVClock] Loaded key	{"key": "testdb:pg_catalog:pg_columns:row:pg_catalogpg_tablestablespace:", "value": "[\"pg_catalog\",\"pg_tables\",\"tablespace\",4,\"NULL\",true,\"TEXT\",\"NULL\",\"NULL\"]", "vclock": {"node1":45}}
2026-02-28T15:05:18.165+0300	INFO	logger/zap_logger.go:76	[SynchronizerVClock] Loaded key	{"key": "testdb:pg_catalog:pg_columns:row:pg_catalogpg_tableshasindexes:", "value": "[\"pg_catalog\",\"pg_tables\",\"hasindexes\",5,\"NULL\",false,\"BOOLEAN\",\"NULL\",\"NULL\"]", "vclock": {"node1":46}}
2026-02-28T15:05:18.165+0300	INFO	logger/zap_logger.go:76	[SynchronizerVClock] Loaded key	{"key": "testdb:pg_catalog:pg_columns:row:pg_catalogpg_tableshasrules:", "value": "[\"pg_catalog\",\"pg_tables\",\"hasrules\",6,\"NULL\",false,\"BOOLEAN\",\"NULL\",\"NULL\"]", "vclock": {"node1":47}}
2026-02-28T15:05:18.165+0300	INFO	logger/zap_logger.go:76	[SynchronizerVClock] Loaded key	{"key": "testdb:pg_catalog:pg_columns:row:pg_catalogpg_tableshastriggers:", "value": "[\"pg_catalog\",\"pg_tables\",\"hastriggers\",7,\"NULL\",false,\"BOOLEAN\",\"NULL\",\"NULL\"]", "vclock": {"node1":48}}
2026-02-28T15:05:18.165+0300	DEBUG	logger/zap_logger.go:96	DEBUG: Parsed statement type: CREATE_TABLE

2026-02-28T15:05:18.165+0300	DEBUG	logger/zap_logger.go:96	Executing: 

INSERT INTO pg_catalog.pg_class (
    oid, relname, relnamespace, reltype, reloftype, relowner,
    relam, relfilenode, reltablespace, relpages, reltuples,
    relallvisible, reltoastrelid, relhasindex, relisshared,
    relpersistence, relkind, relnatts, relchecks, relhasrules,
    relhastriggers, relhassubclass, relrowsecurity,
    relforcerowsecurity, relispopulated, relreplident,
    relispartition, relrewrite, relfrozenxid, relminmxid
) VALUES
(1259, 'pg_tables', 11, 0, 0, 10, 0, 0, 0, 0, 0.0, 0, 0, FALSE, FALSE, 'p', 'r', 8, 0, FALSE, FALSE, FALSE, FALSE, FALSE, TRUE, 'n', FALSE, 0, 0, 0),
(1260, 'pg_columns', 11, 0, 0, 10, 0, 0, 0, 0, 0.0, 0, 0, FALSE, FALSE, 'p', 'r', 9, 0, FALSE, FALSE, FALSE, FALSE, FALSE, TRUE, 'n', FALSE, 0, 0, 0),
(1261, 'pg_class', 11, 83, 0, 10, 0, 0, 0, 0, 0.0, 0, 0, FALSE, FALSE, 'p', 'r', 30, 0, FALSE, FALSE, FALSE, FALSE, FALSE, TRUE, 'n', FALSE, 0, 0, 0),
(1249, 'pg_attribute', 11, 75, 0, 10, 0, 0, 0, 0, 0.0, 0, 0, FALSE, FALSE, 'p', 'r', 23, 0, FALSE, FALSE, FALSE, FALSE, FALSE, TRUE, 'n', FALSE, 0, 0, 0),
(1255, 'pg_proc', 11, 81, 0, 10, 0, 0, 0, 0, 0.0, 0, 0, FALSE, FALSE, 'p', 'r', 29, 0, FALSE, FALSE, FALSE, FALSE, FALSE, TRUE, 'n', FALSE, 0, 0, 0),
(1247, 'pg_type', 11, 71, 0, 10, 0, 0, 0, 0, 0.0, 0, 0, FALSE, FALSE, 'p', 'r', 31, 0, FALSE, FALSE, FALSE, FALSE, FALSE, TRUE, 'n', FALSE, 0, 0, 0),
(2615, 'pg_namespace', 11, 2615, 0, 10, 0, 0, 0, 0, 0.0, 0, 0, FALSE, FALSE, 'p', 'r', 4, 0, FALSE, FALSE, FALSE, FALSE, FALSE, TRUE, 'n', FALSE, 0, 0, 0),
(1262, 'pg_database', 11, 1248, 0, 10, 0, 0, 0, 0, 0.0, 0, 0, FALSE, FALSE, 'p', 'r', 14, 0, FALSE, FALSE, FALSE, FALSE, FALSE, TRUE, 'n', FALSE, 0, 0, 0),
(1213, 'pg_tablespace', 11, 1213, 0, 10, 0, 0, 0, 0, 0.0, 0, 0, FALSE, FALSE, 'p', 'r', 5, 0, FALSE, FALSE, FALSE, FALSE, FALSE, TRUE, 'n', FALSE, 0, 0, 0),
(1263, 'pg_shdescription', 11, 0, 0, 10, 0, 0, 0, 0, 0.0, 0, 0, FALSE, FALSE, 'p', 'r', 4, 0, FALSE, FALSE, FALSE, FALSE, FALSE, TRUE, 'n', FALSE, 0, 0, 0),
(2601, 'pg_am', 11, 0, 0, 10, 0, 0, 0, 0, 0.0, 0, 0, FALSE, FALSE, 'p', 'r', 4, 0, FALSE, FALSE, FALSE, FALSE, FALSE, TRUE, 'n', FALSE, 0, 0, 0)
2026-02-28T15:05:18.165+0300	INFO	logger/zap_logger.go:76	[SynchronizerVClock] Loaded key	{"key": "schema:testdb:pg_catalog:pg_class:", "value": "{\"Name\":\"pg_catalog.pg_class\",\"Columns\":{\"oid\":{\"Type\":0,\"IsNullable\":false,\"DefaultValue\":null,\"IsSerial\":false,\"IsUnique\":false,\"Idx\":1},\"relallvisible\":{\"Type\":0,\"IsNullable\":true,\"DefaultValue\":null,\"IsSerial\":false,\"IsUnique\":false,\"Idx\":12},\"relam\":{\"Type\":0,\"IsNullable\":true,\"DefaultValue\":null,\"IsSerial\":false,\"IsUnique\":false,\"Idx\":7},\"relchecks\":{\"Type\":0,\"IsNullable\":true,\"DefaultValue\":null,\"IsSerial\":false,\"IsUnique\":false,\"Idx\":19},\"relfilenode\":{\"Type\":0,\"IsNullable\":true,\"DefaultValue\":null,\"IsSerial\":false,\"IsUnique\":false,\"Idx\":8},\"relforcerowsecurity\":{\"Type\":0,\"IsNullable\":true,\"DefaultValue\":null,\"IsSerial\":false,\"IsUnique\":false,\"Idx\":24},\"relfrozenxid\":{\"Type\":0,\"IsNullable\":true,\"DefaultValue\":null,\"IsSerial\":false,\"IsUnique\":false,\"Idx\":29},\"relhasindex\":{\"Type\":0,\"IsNullable\":true,\"DefaultValue\":null,\"IsSerial\":false,\"IsUnique\":false,\"Idx\":14},\"relhasrules\":{\"Type\":0,\"IsNullable\":true,\"DefaultValue\":null,\"IsSerial\":false,\"IsUnique\":false,\"Idx\":20},\"relhassubclass\":{\"Type\":0,\"IsNullable\":true,\"DefaultValue\":null,\"IsSerial\":false,\"IsUnique\":false,\"Idx\":22},\"relhastriggers\":{\"Type\":0,\"IsNullable\":true,\"DefaultValue\":null,\"IsSerial\":false,\"IsUnique\":false,\"Idx\":21},\"relispartition\":{\"Type\":0,\"IsNullable\":true,\"DefaultValue\":null,\"IsSerial\":false,\"IsUnique\":false,\"Idx\":27},\"relispopulated\":{\"Type\":0,\"IsNullable\":true,\"DefaultValue\":null,\"IsSerial\":false,\"IsUnique\":false,\"Idx\":25},\"relisshared\":{\"Type\":0,\"IsNullable\":true,\"DefaultValue\":null,\"IsSerial\":false,\"IsUnique\":false,\"Idx\":15},\"relkind\":{\"Type\":0,\"IsNullable\":true,\"DefaultValue\":null,\"IsSerial\":false,\"IsUnique\":false,\"Idx\":17},\"relminmxid\":{\"Type\":0,\"IsNullable\":true,\"DefaultValue\":null,\"IsSerial\":false,\"IsUnique\":false,\"Idx\":30},\"relname\":{\"Type\":0,\"IsNullable\":true,\"DefaultValue\":null,\"IsSerial\":false,\"IsUnique\":false,\"Idx\":2},\"relnamespace\":{\"Type\":0,\"IsNullable\":true,\"DefaultValue\":null,\"IsSerial\":false,\"IsUnique\":false,\"Idx\":3},\"relnatts\":{\"Type\":0,\"IsNullable\":true,\"DefaultValue\":null,\"IsSerial\":false,\"IsUnique\":false,\"Idx\":18},\"reloftype\":{\"Type\":0,\"IsNullable\":true,\"DefaultValue\":null,\"IsSerial\":false,\"IsUnique\":false,\"Idx\":5},\"relowner\":{\"Type\":0,\"IsNullable\":true,\"DefaultValue\":null,\"IsSerial\":false,\"IsUnique\":false,\"Idx\":6},\"relpages\":{\"Type\":0,\"IsNullable\":true,\"DefaultValue\":null,\"IsSerial\":false,\"IsUnique\":false,\"Idx\":10},\"relpersistence\":{\"Type\":0,\"IsNullable\":true,\"DefaultValue\":null,\"IsSerial\":false,\"IsUnique\":false,\"Idx\":16},\"relreplident\":{\"Type\":0,\"IsNullable\":true,\"DefaultValue\":null,\"IsSerial\":false,\"IsUnique\":false,\"Idx\":26},\"relrewrite\":{\"Type\":0,\"IsNullable\":true,\"DefaultValue\":null,\"IsSerial\":false,\"IsUnique\":false,\"Idx\":28},\"relrowsecurity\":{\"Type\":0,\"IsNullable\":true,\"DefaultValue\":null,\"IsSerial\":false,\"IsUnique\":false,\"Idx\":23},\"reltablespace\":{\"Type\":0,\"IsNullable\":true,\"DefaultValue\":null,\"IsSerial\":false,\"IsUnique\":false,\"Idx\":9},\"reltoastrelid\":{\"Type\":0,\"IsNullable\":true,\"DefaultValue\":null,\"IsSerial\":false,\"IsUnique\":false,\"Idx\":13},\"reltuples\":{\"Type\":3,\"IsNullable\":true,\"DefaultValue\":null,\"IsSerial\":false,\"IsUnique\":false,\"Idx\":11},\"reltype\":{\"Type\":0,\"IsNullable\":true,\"DefaultValue\":null,\"IsSerial\":false,\"IsUnique\":false,\"Idx\":4}},\"PrimaryKeys\":[1]}", "vclock": {"node1":49}}
2026-02-28T15:05:18.168+0300	DEBUG	logger/zap_logger.go:96	DEBUG: Parsed statement type: INSERT

2026-02-28T15:05:18.168+0300	DEBUG	logger/zap_logger.go:96	DEBUG: Insert into pg_catalog.pg_class: [[1259 pg_tables 11 0 0 10 0 0 0 0 0 0 0 false false p r 8 0 false false false false false true n false 0 0 0] [1260 pg_columns 11 0 0 10 0 0 0 0 0 0 0 false false p r 9 0 false false false false false true n false 0 0 0] [1261 pg_class 11 83 0 10 0 0 0 0 0 0 0 false false p r 30 0 false false false false false true n false 0 0 0] [1249 pg_attribute 11 75 0 10 0 0 0 0 0 0 0 false false p r 23 0 false false false false false true n false 0 0 0] [1255 pg_proc 11 81 0 10 0 0 0 0 0 0 0 false false p r 29 0 false false false false false true n false 0 0 0] [1247 pg_type 11 71 0 10 0 0 0 0 0 0 0 false false p r 31 0 false false false false false true n false 0 0 0] [2615 pg_namespace 11 2615 0 10 0 0 0 0 0 0 0 false false p r 4 0 false false false false false true n false 0 0 0] [1262 pg_database 11 1248 0 10 0 0 0 0 0 0 0 false false p r 14 0 false false false false false true n false 0 0 0] [1213 pg_tablespace 11 1213 0 10 0 0 0 0 0 0 0 false false p r 5 0 false false false false false true n false 0 0 0] [1263 pg_shdescription 11 0 0 10 0 0 0 0 0 0 0 false false p r 4 0 false false false false false true n false 0 0 0] [2601 pg_am 11 0 0 10 0 0 0 0 0 0 0 false false p r 4 0 false false false false false true n false 0 0 0]]

2026-02-28T15:05:18.168+0300	DEBUG	logger/zap_logger.go:71	DEBUG: Table metadata:	{"meta": {"Name":"pg_catalog.pg_class","Columns":{"oid":{"Type":0,"IsNullable":false,"DefaultValue":null,"IsSerial":false,"IsUnique":false,"Idx":1},"relallvisible":{"Type":0,"IsNullable":true,"DefaultValue":null,"IsSerial":false,"IsUnique":false,"Idx":12},"relam":{"Type":0,"IsNullable":true,"DefaultValue":null,"IsSerial":false,"IsUnique":false,"Idx":7},"relchecks":{"Type":0,"IsNullable":true,"DefaultValue":null,"IsSerial":false,"IsUnique":false,"Idx":19},"relfilenode":{"Type":0,"IsNullable":true,"DefaultValue":null,"IsSerial":false,"IsUnique":false,"Idx":8},"relforcerowsecurity":{"Type":0,"IsNullable":true,"DefaultValue":null,"IsSerial":false,"IsUnique":false,"Idx":24},"relfrozenxid":{"Type":0,"IsNullable":true,"DefaultValue":null,"IsSerial":false,"IsUnique":false,"Idx":29},"relhasindex":{"Type":0,"IsNullable":true,"DefaultValue":null,"IsSerial":false,"IsUnique":false,"Idx":14},"relhasrules":{"Type":0,"IsNullable":true,"DefaultValue":null,"IsSerial":false,"IsUnique":false,"Idx":20},"relhassubclass":{"Type":0,"IsNullable":true,"DefaultValue":null,"IsSerial":false,"IsUnique":false,"Idx":22},"relhastriggers":{"Type":0,"IsNullable":true,"DefaultValue":null,"IsSerial":false,"IsUnique":false,"Idx":21},"relispartition":{"Type":0,"IsNullable":true,"DefaultValue":null,"IsSerial":false,"IsUnique":false,"Idx":27},"relispopulated":{"Type":0,"IsNullable":true,"DefaultValue":null,"IsSerial":false,"IsUnique":false,"Idx":25},"relisshared":{"Type":0,"IsNullable":true,"DefaultValue":null,"IsSerial":false,"IsUnique":false,"Idx":15},"relkind":{"Type":0,"IsNullable":true,"DefaultValue":null,"IsSerial":false,"IsUnique":false,"Idx":17},"relminmxid":{"Type":0,"IsNullable":true,"DefaultValue":null,"IsSerial":false,"IsUnique":false,"Idx":30},"relname":{"Type":0,"IsNullable":true,"DefaultValue":null,"IsSerial":false,"IsUnique":false,"Idx":2},"relnamespace":{"Type":0,"IsNullable":true,"DefaultValue":null,"IsSerial":false,"IsUnique":false,"Idx":3},"relnatts":{"Type":0,"IsNullable":true,"DefaultValue":null,"IsSerial":false,"IsUnique":false,"Idx":18},"reloftype":{"Type":0,"IsNullable":true,"DefaultValue":null,"IsSerial":false,"IsUnique":false,"Idx":5},"relowner":{"Type":0,"IsNullable":true,"DefaultValue":null,"IsSerial":false,"IsUnique":false,"Idx":6},"relpages":{"Type":0,"IsNullable":true,"DefaultValue":null,"IsSerial":false,"IsUnique":false,"Idx":10},"relpersistence":{"Type":0,"IsNullable":true,"DefaultValue":null,"IsSerial":false,"IsUnique":false,"Idx":16},"relreplident":{"Type":0,"IsNullable":true,"DefaultValue":null,"IsSerial":false,"IsUnique":false,"Idx":26},"relrewrite":{"Type":0,"IsNullable":true,"DefaultValue":null,"IsSerial":false,"IsUnique":false,"Idx":28},"relrowsecurity":{"Type":0,"IsNullable":true,"DefaultValue":null,"IsSerial":false,"IsUnique":false,"Idx":23},"reltablespace":{"Type":0,"IsNullable":true,"DefaultValue":null,"IsSerial":false,"IsUnique":false,"Idx":9},"reltoastrelid":{"Type":0,"IsNullable":true,"DefaultValue":null,"IsSerial":false,"IsUnique":false,"Idx":13},"reltuples":{"Type":3,"IsNullable":true,"DefaultValue":null,"IsSerial":false,"IsUnique":false,"Idx":11},"reltype":{"Type":0,"IsNullable":true,"DefaultValue":null,"IsSerial":false,"IsUnique":false,"Idx":4}},"PrimaryKeys":[1]}}
2026-02-28T15:05:18.168+0300	DEBUG	logger/zap_logger.go:71	DEBUG: Saved row: 	{"rowKey": "testdb:pg_catalog:pg_class:row:1259:", "rowData": "[1259,\"pg_tables\",11,0,0,10,0,0,0,0,0,0,0,false,false,\"p\",\"r\",8,0,false,false,false,false,false,true,\"n\",false,0,0,0]"}
2026-02-28T15:05:18.168+0300	DEBUG	logger/zap_logger.go:71	DEBUG: Saved row: 	{"rowKey": "testdb:pg_catalog:pg_class:row:1260:", "rowData": "[1260,\"pg_columns\",11,0,0,10,0,0,0,0,0,0,0,false,false,\"p\",\"r\",9,0,false,false,false,false,false,true,\"n\",false,0,0,0]"}
2026-02-28T15:05:18.168+0300	DEBUG	logger/zap_logger.go:71	DEBUG: Saved row: 	{"rowKey": "testdb:pg_catalog:pg_class:row:1261:", "rowData": "[1261,\"pg_class\",11,83,0,10,0,0,0,0,0,0,0,false,false,\"p\",\"r\",30,0,false,false,false,false,false,true,\"n\",false,0,0,0]"}
2026-02-28T15:05:18.168+0300	DEBUG	logger/zap_logger.go:71	DEBUG: Saved row: 	{"rowKey": "testdb:pg_catalog:pg_class:row:1249:", "rowData": "[1249,\"pg_attribute\",11,75,0,10,0,0,0,0,0,0,0,false,false,\"p\",\"r\",23,0,false,false,false,false,false,true,\"n\",false,0,0,0]"}
2026-02-28T15:05:18.168+0300	DEBUG	logger/zap_logger.go:71	DEBUG: Saved row: 	{"rowKey": "testdb:pg_catalog:pg_class:row:1255:", "rowData": "[1255,\"pg_proc\",11,81,0,10,0,0,0,0,0,0,0,false,false,\"p\",\"r\",29,0,false,false,false,false,false,true,\"n\",false,0,0,0]"}
2026-02-28T15:05:18.168+0300	DEBUG	logger/zap_logger.go:71	DEBUG: Saved row: 	{"rowKey": "testdb:pg_catalog:pg_class:row:1247:", "rowData": "[1247,\"pg_type\",11,71,0,10,0,0,0,0,0,0,0,false,false,\"p\",\"r\",31,0,false,false,false,false,false,true,\"n\",false,0,0,0]"}
2026-02-28T15:05:18.168+0300	DEBUG	logger/zap_logger.go:71	DEBUG: Saved row: 	{"rowKey": "testdb:pg_catalog:pg_class:row:2615:", "rowData": "[2615,\"pg_namespace\",11,2615,0,10,0,0,0,0,0,0,0,false,false,\"p\",\"r\",4,0,false,false,false,false,false,true,\"n\",false,0,0,0]"}
2026-02-28T15:05:18.168+0300	DEBUG	logger/zap_logger.go:71	DEBUG: Saved row: 	{"rowKey": "testdb:pg_catalog:pg_class:row:1262:", "rowData": "[1262,\"pg_database\",11,1248,0,10,0,0,0,0,0,0,0,false,false,\"p\",\"r\",14,0,false,false,false,false,false,true,\"n\",false,0,0,0]"}
2026-02-28T15:05:18.168+0300	DEBUG	logger/zap_logger.go:71	DEBUG: Saved row: 	{"rowKey": "testdb:pg_catalog:pg_class:row:1213:", "rowData": "[1213,\"pg_tablespace\",11,1213,0,10,0,0,0,0,0,0,0,false,false,\"p\",\"r\",5,0,false,false,false,false,false,true,\"n\",false,0,0,0]"}
2026-02-28T15:05:18.168+0300	DEBUG	logger/zap_logger.go:71	DEBUG: Saved row: 	{"rowKey": "testdb:pg_catalog:pg_class:row:1263:", "rowData": "[1263,\"pg_shdescription\",11,0,0,10,0,0,0,0,0,0,0,false,false,\"p\",\"r\",4,0,false,false,false,false,false,true,\"n\",false,0,0,0]"}
2026-02-28T15:05:18.168+0300	DEBUG	logger/zap_logger.go:71	DEBUG: Saved row: 	{"rowKey": "testdb:pg_catalog:pg_class:row:2601:", "rowData": "[2601,\"pg_am\",11,0,0,10,0,0,0,0,0,0,0,false,false,\"p\",\"r\",4,0,false,false,false,false,false,true,\"n\",false,0,0,0]"}
2026-02-28T15:05:18.168+0300	INFO	logger/zap_logger.go:76	[SynchronizerVClock] Loaded key	{"key": "testdb:pg_catalog:pg_class:row:1249:", "value": "[1249,\"pg_attribute\",11,75,0,10,0,0,0,0,0,0,0,false,false,\"p\",\"r\",23,0,false,false,false,false,false,true,\"n\",false,0,0,0]", "vclock": {"node1":50}}
2026-02-28T15:05:18.168+0300	DEBUG	logger/zap_logger.go:96	Executing: 

CREATE TABLE IF NOT EXISTS pg_catalog.pg_attribute (
    attrelid INTEGER,
    attname TEXT,
    atttypid INT,
    attstattarget INT,
    attlen INT,
    attnum INT,
    attndims INT,
    attcacheoff INT,
    atttypmod INT,
    attbyval BOOLEAN,
    attstorage CHAR(1),
    attalign CHAR(1),
    attnotnull BOOLEAN,
    atthasdef BOOLEAN,
    attidentity CHAR(1),
    attgenerated CHAR(1),
    attisdropped BOOLEAN,
    attislocal BOOLEAN,
    attinhcount INT,
    attcollation INT,
    attacl TEXT,
    attoptions TEXT,
    attfdwoptions TEXT,
    PRIMARY KEY (attrelid, attname)
)
2026-02-28T15:05:18.168+0300	INFO	logger/zap_logger.go:76	[SynchronizerVClock] Loaded key	{"key": "testdb:pg_catalog:pg_class:row:1255:", "value": "[1255,\"pg_proc\",11,81,0,10,0,0,0,0,0,0,0,false,false,\"p\",\"r\",29,0,false,false,false,false,false,true,\"n\",false,0,0,0]", "vclock": {"node1":51}}
2026-02-28T15:05:18.168+0300	INFO	logger/zap_logger.go:76	[SynchronizerVClock] Loaded key	{"key": "testdb:pg_catalog:pg_class:row:1247:", "value": "[1247,\"pg_type\",11,71,0,10,0,0,0,0,0,0,0,false,false,\"p\",\"r\",31,0,false,false,false,false,false,true,\"n\",false,0,0,0]", "vclock": {"node1":52}}
2026-02-28T15:05:18.168+0300	INFO	logger/zap_logger.go:76	[SynchronizerVClock] Loaded key	{"key": "testdb:pg_catalog:pg_class:row:2615:", "value": "[2615,\"pg_namespace\",11,2615,0,10,0,0,0,0,0,0,0,false,false,\"p\",\"r\",4,0,false,false,false,false,false,true,\"n\",false,0,0,0]", "vclock": {"node1":53}}
2026-02-28T15:05:18.168+0300	INFO	logger/zap_logger.go:76	[SynchronizerVClock] Loaded key	{"key": "testdb:pg_catalog:pg_class:row:1262:", "value": "[1262,\"pg_database\",11,1248,0,10,0,0,0,0,0,0,0,false,false,\"p\",\"r\",14,0,false,false,false,false,false,true,\"n\",false,0,0,0]", "vclock": {"node1":54}}
2026-02-28T15:05:18.168+0300	INFO	logger/zap_logger.go:76	[SynchronizerVClock] Loaded key	{"key": "testdb:pg_catalog:pg_class:row:1213:", "value": "[1213,\"pg_tablespace\",11,1213,0,10,0,0,0,0,0,0,0,false,false,\"p\",\"r\",5,0,false,false,false,false,false,true,\"n\",false,0,0,0]", "vclock": {"node1":55}}
2026-02-28T15:05:18.168+0300	INFO	logger/zap_logger.go:76	[SynchronizerVClock] Loaded key	{"key": "testdb:pg_catalog:pg_class:row:1263:", "value": "[1263,\"pg_shdescription\",11,0,0,10,0,0,0,0,0,0,0,false,false,\"p\",\"r\",4,0,false,false,false,false,false,true,\"n\",false,0,0,0]", "vclock": {"node1":56}}
2026-02-28T15:05:18.168+0300	INFO	logger/zap_logger.go:76	[SynchronizerVClock] Loaded key	{"key": "testdb:pg_catalog:pg_class:row:2601:", "value": "[2601,\"pg_am\",11,0,0,10,0,0,0,0,0,0,0,false,false,\"p\",\"r\",4,0,false,false,false,false,false,true,\"n\",false,0,0,0]", "vclock": {"node1":57}}
2026-02-28T15:05:18.168+0300	INFO	logger/zap_logger.go:76	[SynchronizerVClock] Loaded key	{"key": "testdb:pg_catalog:pg_class:row:1259:", "value": "[1259,\"pg_tables\",11,0,0,10,0,0,0,0,0,0,0,false,false,\"p\",\"r\",8,0,false,false,false,false,false,true,\"n\",false,0,0,0]", "vclock": {"node1":58}}
2026-02-28T15:05:18.168+0300	INFO	logger/zap_logger.go:76	[SynchronizerVClock] Loaded key	{"key": "testdb:pg_catalog:pg_class:row:1260:", "value": "[1260,\"pg_columns\",11,0,0,10,0,0,0,0,0,0,0,false,false,\"p\",\"r\",9,0,false,false,false,false,false,true,\"n\",false,0,0,0]", "vclock": {"node1":59}}
2026-02-28T15:05:18.168+0300	INFO	logger/zap_logger.go:76	[SynchronizerVClock] Loaded key	{"key": "testdb:pg_catalog:pg_class:row:1261:", "value": "[1261,\"pg_class\",11,83,0,10,0,0,0,0,0,0,0,false,false,\"p\",\"r\",30,0,false,false,false,false,false,true,\"n\",false,0,0,0]", "vclock": {"node1":60}}
2026-02-28T15:05:18.169+0300	DEBUG	logger/zap_logger.go:96	DEBUG: Parsed statement type: CREATE_TABLE

2026-02-28T15:05:18.169+0300	DEBUG	logger/zap_logger.go:96	Executing: 

INSERT INTO pg_catalog.pg_attribute (attrelid, attname, atttypid, attstattarget, attlen, attnum, attndims, attcacheoff, atttypmod, attbyval, attstorage, attalign, attnotnull, atthasdef, attidentity, attgenerated, attisdropped, attislocal, attinhcount, attcollation, attacl, attoptions, attfdwoptions) VALUES
(1, 'schemaname', 25, -1, -1, 1, 0, -1, -1, FALSE, 'p', 'i', FALSE, FALSE, '', '', FALSE, TRUE, 0, 0, NULL, NULL, NULL),
(1, 'schematable', 25, -1, -1, 2, 0, -1, -1, FALSE, 'p', 'i', FALSE, FALSE, '', '', FALSE, TRUE, 0, 0, NULL, NULL, NULL),
(1, 'tableowner', 25, -1, -1, 3, 0, -1, -1, FALSE, 'p', 'i', FALSE, FALSE, '', '', FALSE, TRUE, 0, 0, NULL, NULL, NULL),
(1, 'tablespace', 25, -1, -1, 4, 0, -1, -1, FALSE, 'p', 'i', TRUE, FALSE, '', '', FALSE, TRUE, 0, 0, NULL, NULL, NULL),
(1, 'hasindexes', 16, -1, 1, 5, 0, -1, -1, FALSE, 'p', 'i', FALSE, FALSE, '', '', FALSE, TRUE, 0, 0,NULL , NULL , NULL),
(1,'hasrules',16,-1 ,1 ,6 ,0 ,-1 ,-1 ,FALSE ,'p' ,'i' ,FALSE ,FALSE ,'' ,'' ,FALSE ,TRUE ,0 ,0 ,NULL ,NULL ,NULL),
(1,'hastriggers',16 ,-1 ,1 ,7 ,0 ,-1 ,-1 ,FALSE ,'p' ,'i' ,FALSE ,FALSE ,'' ,'' ,FALSE ,TRUE ,0 ,0 ,NULL ,NULL ,NULL),
(1,'rowsecurity',16 ,-1 ,1 ,8 ,0 ,-1 ,-1 ,FALSE ,'p' ,'i' ,FALSE ,FALSE ,'' ,'' ,FALSE ,TRUE ,0 ,0 ,NULL ,NULL ,NULL),
(2, 'table_schema', 25, -1, -1, 1, 0, -1, -1, FALSE, 'p', 'i', FALSE, FALSE, '', '', FALSE, TRUE, 0, 0, NULL, NULL, NULL),
(2, 'table_name', 25, -1, -1, 2, 0, -1, -1, FALSE, 'p', 'i', FALSE, FALSE, '', '', FALSE, TRUE, 0, 0, NULL, NULL, NULL),
(2, 'column_name', 25, -1, -1, 3, 0, -1, -1, FALSE, 'p', 'i', FALSE, FALSE, '', '', FALSE, TRUE, 0, 0, NULL, NULL, NULL),
(2, 'original_position', 23, -1, 4, 4, 0, -1, -1, FALSE, 'p', 'i', FALSE, FALSE, '', '', FALSE, TRUE, 0, 0, NULL, NULL, NULL),
(2, 'column_default', 25, -1, -1, 5, 0, -1, -1, TRUE, 'p', 'i', TRUE, FALSE, '', '', FALSE, TRUE, 0, 0, NULL, NULL, NULL),
(2, 'is_nullable', 16, -1, 1, 6, 0, -1, -1, FALSE, 'p', 'i', FALSE, FALSE, '', '', FALSE, TRUE, 0, 0, NULL, NULL, NULL),
(2, 'data_type', 25, -1, -1, 7, 0, -1, -1, FALSE, 'p', 'i', FALSE, FALSE, '', '', FALSE, TRUE, 0, 0, NULL, NULL, NULL),
(2, 'character_maximum_length', 23, -1, 4, 8, 0, -1, -1, TRUE, 'p', 'i', TRUE, FALSE, '', '', FALSE, TRUE, 0, 0, NULL, NULL, NULL),
(2, 'numeric_precision', 23, -1, 4, 9, 0, -1, -1, TRUE, 'p', 'i', TRUE, FALSE, '', '', FALSE, TRUE, 0, 0, NULL, NULL, NULL)
2026-02-28T15:05:18.169+0300	INFO	logger/zap_logger.go:76	[SynchronizerVClock] Loaded key	{"key": "schema:testdb:pg_catalog:pg_attribute:", "value": "{\"Name\":\"pg_catalog.pg_attribute\",\"Columns\":{\"attacl\":{\"Type\":0,\"IsNullable\":true,\"DefaultValue\":null,\"IsSerial\":false,\"IsUnique\":false,\"Idx\":21},\"attalign\":{\"Type\":0,\"IsNullable\":true,\"DefaultValue\":null,\"IsSerial\":false,\"IsUnique\":false,\"Idx\":12},\"attbyval\":{\"Type\":0,\"IsNullable\":true,\"DefaultValue\":null,\"IsSerial\":false,\"IsUnique\":false,\"Idx\":10},\"attcacheoff\":{\"Type\":1,\"IsNullable\":true,\"DefaultValue\":null,\"IsSerial\":false,\"IsUnique\":false,\"Idx\":8},\"attcollation\":{\"Type\":1,\"IsNullable\":true,\"DefaultValue\":null,\"IsSerial\":false,\"IsUnique\":false,\"Idx\":20},\"attfdwoptions\":{\"Type\":0,\"IsNullable\":true,\"DefaultValue\":null,\"IsSerial\":false,\"IsUnique\":false,\"Idx\":23},\"attgenerated\":{\"Type\":0,\"IsNullable\":true,\"DefaultValue\":null,\"IsSerial\":false,\"IsUnique\":false,\"Idx\":16},\"atthasdef\":{\"Type\":0,\"IsNullable\":true,\"DefaultValue\":null,\"IsSerial\":false,\"IsUnique\":false,\"Idx\":14},\"attidentity\":{\"Type\":0,\"IsNullable\":true,\"DefaultValue\":null,\"IsSerial\":false,\"IsUnique\":false,\"Idx\":15},\"attinhcount\":{\"Type\":1,\"IsNullable\":true,\"DefaultValue\":null,\"IsSerial\":false,\"IsUnique\":false,\"Idx\":19},\"attisdropped\":{\"Type\":0,\"IsNullable\":true,\"DefaultValue\":null,\"IsSerial\":false,\"IsUnique\":false,\"Idx\":17},\"attislocal\":{\"Type\":0,\"IsNullable\":true,\"DefaultValue\":null,\"IsSerial\":false,\"IsUnique\":false,\"Idx\":18},\"attlen\":{\"Type\":1,\"IsNullable\":true,\"DefaultValue\":null,\"IsSerial\":false,\"IsUnique\":false,\"Idx\":5},\"attname\":{\"Type\":0,\"IsNullable\":false,\"DefaultValue\":null,\"IsSerial\":false,\"IsUnique\":false,\"Idx\":2},\"attndims\":{\"Type\":1,\"IsNullable\":true,\"DefaultValue\":null,\"IsSerial\":false,\"IsUnique\":false,\"Idx\":7},\"attnotnull\":{\"Type\":0,\"IsNullable\":true,\"DefaultValue\":null,\"IsSerial\":false,\"IsUnique\":false,\"Idx\":13},\"attnum\":{\"Type\":1,\"IsNullable\":true,\"DefaultValue\":null,\"IsSerial\":false,\"IsUnique\":false,\"Idx\":6},\"attoptions\":{\"Type\":0,\"IsNullable\":true,\"DefaultValue\":null,\"IsSerial\":false,\"IsUnique\":false,\"Idx\":22},\"attrelid\":{\"Type\":0,\"IsNullable\":false,\"DefaultValue\":null,\"IsSerial\":false,\"IsUnique\":false,\"Idx\":1},\"attstattarget\":{\"Type\":1,\"IsNullable\":true,\"DefaultValue\":null,\"IsSerial\":false,\"IsUnique\":false,\"Idx\":4},\"attstorage\":{\"Type\":0,\"IsNullable\":true,\"DefaultValue\":null,\"IsSerial\":false,\"IsUnique\":false,\"Idx\":11},\"atttypid\":{\"Type\":1,\"IsNullable\":true,\"DefaultValue\":null,\"IsSerial\":false,\"IsUnique\":false,\"Idx\":3},\"atttypmod\":{\"Type\":1,\"IsNullable\":true,\"DefaultValue\":null,\"IsSerial\":false,\"IsUnique\":false,\"Idx\":9}},\"PrimaryKeys\":[1,2]}", "vclock": {"node1":61}}
2026-02-28T15:05:18.171+0300	DEBUG	logger/zap_logger.go:96	DEBUG: Parsed statement type: INSERT

2026-02-28T15:05:18.171+0300	DEBUG	logger/zap_logger.go:96	DEBUG: Insert into pg_catalog.pg_attribute: [[1 schemaname 25 -1 -1 1 0 -1 -1 false p i false false   false true 0 0 NULL NULL NULL] [1 schematable 25 -1 -1 2 0 -1 -1 false p i false false   false true 0 0 NULL NULL NULL] [1 tableowner 25 -1 -1 3 0 -1 -1 false p i false false   false true 0 0 NULL NULL NULL] [1 tablespace 25 -1 -1 4 0 -1 -1 false p i true false   false true 0 0 NULL NULL NULL] [1 hasindexes 16 -1 1 5 0 -1 -1 false p i false false   false true 0 0 NULL NULL NULL] [1 hasrules 16 -1 1 6 0 -1 -1 false p i false false   false true 0 0 NULL NULL NULL] [1 hastriggers 16 -1 1 7 0 -1 -1 false p i false false   false true 0 0 NULL NULL NULL] [1 rowsecurity 16 -1 1 8 0 -1 -1 false p i false false   false true 0 0 NULL NULL NULL] [2 table_schema 25 -1 -1 1 0 -1 -1 false p i false false   false true 0 0 NULL NULL NULL] [2 table_name 25 -1 -1 2 0 -1 -1 false p i false false   false true 0 0 NULL NULL NULL] [2 column_name 25 -1 -1 3 0 -1 -1 false p i false false   false true 0 0 NULL NULL NULL] [2 original_position 23 -1 4 4 0 -1 -1 false p i false false   false true 0 0 NULL NULL NULL] [2 column_default 25 -1 -1 5 0 -1 -1 true p i true false   false true 0 0 NULL NULL NULL] [2 is_nullable 16 -1 1 6 0 -1 -1 false p i false false   false true 0 0 NULL NULL NULL] [2 data_type 25 -1 -1 7 0 -1 -1 false p i false false   false true 0 0 NULL NULL NULL] [2 character_maximum_length 23 -1 4 8 0 -1 -1 true p i true false   false true 0 0 NULL NULL NULL] [2 numeric_precision 23 -1 4 9 0 -1 -1 true p i true false   false true 0 0 NULL NULL NULL]]

2026-02-28T15:05:18.171+0300	DEBUG	logger/zap_logger.go:71	DEBUG: Table metadata:	{"meta": {"Name":"pg_catalog.pg_attribute","Columns":{"attacl":{"Type":0,"IsNullable":true,"DefaultValue":null,"IsSerial":false,"IsUnique":false,"Idx":21},"attalign":{"Type":0,"IsNullable":true,"DefaultValue":null,"IsSerial":false,"IsUnique":false,"Idx":12},"attbyval":{"Type":0,"IsNullable":true,"DefaultValue":null,"IsSerial":false,"IsUnique":false,"Idx":10},"attcacheoff":{"Type":1,"IsNullable":true,"DefaultValue":null,"IsSerial":false,"IsUnique":false,"Idx":8},"attcollation":{"Type":1,"IsNullable":true,"DefaultValue":null,"IsSerial":false,"IsUnique":false,"Idx":20},"attfdwoptions":{"Type":0,"IsNullable":true,"DefaultValue":null,"IsSerial":false,"IsUnique":false,"Idx":23},"attgenerated":{"Type":0,"IsNullable":true,"DefaultValue":null,"IsSerial":false,"IsUnique":false,"Idx":16},"atthasdef":{"Type":0,"IsNullable":true,"DefaultValue":null,"IsSerial":false,"IsUnique":false,"Idx":14},"attidentity":{"Type":0,"IsNullable":true,"DefaultValue":null,"IsSerial":false,"IsUnique":false,"Idx":15},"attinhcount":{"Type":1,"IsNullable":true,"DefaultValue":null,"IsSerial":false,"IsUnique":false,"Idx":19},"attisdropped":{"Type":0,"IsNullable":true,"DefaultValue":null,"IsSerial":false,"IsUnique":false,"Idx":17},"attislocal":{"Type":0,"IsNullable":true,"DefaultValue":null,"IsSerial":false,"IsUnique":false,"Idx":18},"attlen":{"Type":1,"IsNullable":true,"DefaultValue":null,"IsSerial":false,"IsUnique":false,"Idx":5},"attname":{"Type":0,"IsNullable":false,"DefaultValue":null,"IsSerial":false,"IsUnique":false,"Idx":2},"attndims":{"Type":1,"IsNullable":true,"DefaultValue":null,"IsSerial":false,"IsUnique":false,"Idx":7},"attnotnull":{"Type":0,"IsNullable":true,"DefaultValue":null,"IsSerial":false,"IsUnique":false,"Idx":13},"attnum":{"Type":1,"IsNullable":true,"DefaultValue":null,"IsSerial":false,"IsUnique":false,"Idx":6},"attoptions":{"Type":0,"IsNullable":true,"DefaultValue":null,"IsSerial":false,"IsUnique":false,"Idx":22},"attrelid":{"Type":0,"IsNullable":false,"DefaultValue":null,"IsSerial":false,"IsUnique":false,"Idx":1},"attstattarget":{"Type":1,"IsNullable":true,"DefaultValue":null,"IsSerial":false,"IsUnique":false,"Idx":4},"attstorage":{"Type":0,"IsNullable":true,"DefaultValue":null,"IsSerial":false,"IsUnique":false,"Idx":11},"atttypid":{"Type":1,"IsNullable":true,"DefaultValue":null,"IsSerial":false,"IsUnique":false,"Idx":3},"atttypmod":{"Type":1,"IsNullable":true,"DefaultValue":null,"IsSerial":false,"IsUnique":false,"Idx":9}},"PrimaryKeys":[1,2]}}
2026-02-28T15:05:18.171+0300	DEBUG	logger/zap_logger.go:71	DEBUG: Saved row: 	{"rowKey": "testdb:pg_catalog:pg_attribute:row:1schemaname:", "rowData": "[1,\"schemaname\",25,-1,-1,1,0,-1,-1,false,\"p\",\"i\",false,false,\"\",\"\",false,true,0,0,\"NULL\",\"NULL\",\"NULL\"]"}
2026-02-28T15:05:18.171+0300	DEBUG	logger/zap_logger.go:71	DEBUG: Saved row: 	{"rowKey": "testdb:pg_catalog:pg_attribute:row:1schematable:", "rowData": "[1,\"schematable\",25,-1,-1,2,0,-1,-1,false,\"p\",\"i\",false,false,\"\",\"\",false,true,0,0,\"NULL\",\"NULL\",\"NULL\"]"}
2026-02-28T15:05:18.171+0300	DEBUG	logger/zap_logger.go:71	DEBUG: Saved row: 	{"rowKey": "testdb:pg_catalog:pg_attribute:row:1tableowner:", "rowData": "[1,\"tableowner\",25,-1,-1,3,0,-1,-1,false,\"p\",\"i\",false,false,\"\",\"\",false,true,0,0,\"NULL\",\"NULL\",\"NULL\"]"}
2026-02-28T15:05:18.171+0300	DEBUG	logger/zap_logger.go:71	DEBUG: Saved row: 	{"rowKey": "testdb:pg_catalog:pg_attribute:row:1tablespace:", "rowData": "[1,\"tablespace\",25,-1,-1,4,0,-1,-1,false,\"p\",\"i\",true,false,\"\",\"\",false,true,0,0,\"NULL\",\"NULL\",\"NULL\"]"}
2026-02-28T15:05:18.171+0300	DEBUG	logger/zap_logger.go:71	DEBUG: Saved row: 	{"rowKey": "testdb:pg_catalog:pg_attribute:row:1hasindexes:", "rowData": "[1,\"hasindexes\",16,-1,1,5,0,-1,-1,false,\"p\",\"i\",false,false,\"\",\"\",false,true,0,0,\"NULL\",\"NULL\",\"NULL\"]"}
2026-02-28T15:05:18.171+0300	DEBUG	logger/zap_logger.go:71	DEBUG: Saved row: 	{"rowKey": "testdb:pg_catalog:pg_attribute:row:1hasrules:", "rowData": "[1,\"hasrules\",16,-1,1,6,0,-1,-1,false,\"p\",\"i\",false,false,\"\",\"\",false,true,0,0,\"NULL\",\"NULL\",\"NULL\"]"}
2026-02-28T15:05:18.171+0300	DEBUG	logger/zap_logger.go:71	DEBUG: Saved row: 	{"rowKey": "testdb:pg_catalog:pg_attribute:row:1hastriggers:", "rowData": "[1,\"hastriggers\",16,-1,1,7,0,-1,-1,false,\"p\",\"i\",false,false,\"\",\"\",false,true,0,0,\"NULL\",\"NULL\",\"NULL\"]"}
2026-02-28T15:05:18.171+0300	DEBUG	logger/zap_logger.go:71	DEBUG: Saved row: 	{"rowKey": "testdb:pg_catalog:pg_attribute:row:1rowsecurity:", "rowData": "[1,\"rowsecurity\",16,-1,1,8,0,-1,-1,false,\"p\",\"i\",false,false,\"\",\"\",false,true,0,0,\"NULL\",\"NULL\",\"NULL\"]"}
2026-02-28T15:05:18.171+0300	DEBUG	logger/zap_logger.go:71	DEBUG: Saved row: 	{"rowKey": "testdb:pg_catalog:pg_attribute:row:2table_schema:", "rowData": "[2,\"table_schema\",25,-1,-1,1,0,-1,-1,false,\"p\",\"i\",false,false,\"\",\"\",false,true,0,0,\"NULL\",\"NULL\",\"NULL\"]"}
2026-02-28T15:05:18.171+0300	DEBUG	logger/zap_logger.go:71	DEBUG: Saved row: 	{"rowKey": "testdb:pg_catalog:pg_attribute:row:2table_name:", "rowData": "[2,\"table_name\",25,-1,-1,2,0,-1,-1,false,\"p\",\"i\",false,false,\"\",\"\",false,true,0,0,\"NULL\",\"NULL\",\"NULL\"]"}
2026-02-28T15:05:18.171+0300	DEBUG	logger/zap_logger.go:71	DEBUG: Saved row: 	{"rowKey": "testdb:pg_catalog:pg_attribute:row:2column_name:", "rowData": "[2,\"column_name\",25,-1,-1,3,0,-1,-1,false,\"p\",\"i\",false,false,\"\",\"\",false,true,0,0,\"NULL\",\"NULL\",\"NULL\"]"}
2026-02-28T15:05:18.171+0300	DEBUG	logger/zap_logger.go:71	DEBUG: Saved row: 	{"rowKey": "testdb:pg_catalog:pg_attribute:row:2original_position:", "rowData": "[2,\"original_position\",23,-1,4,4,0,-1,-1,false,\"p\",\"i\",false,false,\"\",\"\",false,true,0,0,\"NULL\",\"NULL\",\"NULL\"]"}
2026-02-28T15:05:18.171+0300	DEBUG	logger/zap_logger.go:71	DEBUG: Saved row: 	{"rowKey": "testdb:pg_catalog:pg_attribute:row:2column_default:", "rowData": "[2,\"column_default\",25,-1,-1,5,0,-1,-1,true,\"p\",\"i\",true,false,\"\",\"\",false,true,0,0,\"NULL\",\"NULL\",\"NULL\"]"}
2026-02-28T15:05:18.171+0300	DEBUG	logger/zap_logger.go:71	DEBUG: Saved row: 	{"rowKey": "testdb:pg_catalog:pg_attribute:row:2is_nullable:", "rowData": "[2,\"is_nullable\",16,-1,1,6,0,-1,-1,false,\"p\",\"i\",false,false,\"\",\"\",false,true,0,0,\"NULL\",\"NULL\",\"NULL\"]"}
2026-02-28T15:05:18.171+0300	DEBUG	logger/zap_logger.go:71	DEBUG: Saved row: 	{"rowKey": "testdb:pg_catalog:pg_attribute:row:2data_type:", "rowData": "[2,\"data_type\",25,-1,-1,7,0,-1,-1,false,\"p\",\"i\",false,false,\"\",\"\",false,true,0,0,\"NULL\",\"NULL\",\"NULL\"]"}
2026-02-28T15:05:18.171+0300	DEBUG	logger/zap_logger.go:71	DEBUG: Saved row: 	{"rowKey": "testdb:pg_catalog:pg_attribute:row:2character_maximum_length:", "rowData": "[2,\"character_maximum_length\",23,-1,4,8,0,-1,-1,true,\"p\",\"i\",true,false,\"\",\"\",false,true,0,0,\"NULL\",\"NULL\",\"NULL\"]"}
2026-02-28T15:05:18.171+0300	DEBUG	logger/zap_logger.go:71	DEBUG: Saved row: 	{"rowKey": "testdb:pg_catalog:pg_attribute:row:2numeric_precision:", "rowData": "[2,\"numeric_precision\",23,-1,4,9,0,-1,-1,true,\"p\",\"i\",true,false,\"\",\"\",false,true,0,0,\"NULL\",\"NULL\",\"NULL\"]"}
2026-02-28T15:05:18.172+0300	INFO	logger/zap_logger.go:76	[SynchronizerVClock] Loaded key	{"key": "testdb:pg_catalog:pg_attribute:row:1schematable:", "value": "[1,\"schematable\",25,-1,-1,2,0,-1,-1,false,\"p\",\"i\",false,false,\"\",\"\",false,true,0,0,\"NULL\",\"NULL\",\"NULL\"]", "vclock": {"node1":62}}
2026-02-28T15:05:18.172+0300	DEBUG	logger/zap_logger.go:96	Executing: 

CREATE TABLE IF NOT EXISTS pg_catalog.pg_proc (
    oid INT,
    proname TEXT,
    pronamespace INT,
    proowner INT,
    prolang INT,
    procost FLOAT,
    prorows FLOAT,
    provariadic INT,
    protransform TEXT,
    proisagg BOOLEAN,
    proiswindow BOOLEAN,
    prosecdef BOOLEAN,
    proleakproof BOOLEAN,
    proisstrict BOOLEAN,
    proretset BOOLEAN,
    provolatile CHAR(1),
    proparallel CHAR(1),
    pronargs INT,
    pronargdefaults INT,
    prorettype INT,
    proargtypes TEXT,
    proallargtypes TEXT,
    proargmodes TEXT,
    proargnames TEXT,
    proargdefaults TEXT,
    protrftypes TEXT,
    prosrc TEXT,
    probin TEXT,
    proconfig TEXT,
    proacl TEXT
)
2026-02-28T15:05:18.172+0300	INFO	logger/zap_logger.go:76	[SynchronizerVClock] Loaded key	{"key": "testdb:pg_catalog:pg_attribute:row:1tableowner:", "value": "[1,\"tableowner\",25,-1,-1,3,0,-1,-1,false,\"p\",\"i\",false,false,\"\",\"\",false,true,0,0,\"NULL\",\"NULL\",\"NULL\"]", "vclock": {"node1":63}}
2026-02-28T15:05:18.172+0300	INFO	logger/zap_logger.go:76	[SynchronizerVClock] Loaded key	{"key": "testdb:pg_catalog:pg_attribute:row:1hastriggers:", "value": "[1,\"hastriggers\",16,-1,1,7,0,-1,-1,false,\"p\",\"i\",false,false,\"\",\"\",false,true,0,0,\"NULL\",\"NULL\",\"NULL\"]", "vclock": {"node1":64}}
2026-02-28T15:05:18.172+0300	INFO	logger/zap_logger.go:76	[SynchronizerVClock] Loaded key	{"key": "testdb:pg_catalog:pg_attribute:row:2table_schema:", "value": "[2,\"table_schema\",25,-1,-1,1,0,-1,-1,false,\"p\",\"i\",false,false,\"\",\"\",false,true,0,0,\"NULL\",\"NULL\",\"NULL\"]", "vclock": {"node1":65}}
2026-02-28T15:05:18.172+0300	INFO	logger/zap_logger.go:76	[SynchronizerVClock] Loaded key	{"key": "testdb:pg_catalog:pg_attribute:row:2original_position:", "value": "[2,\"original_position\",23,-1,4,4,0,-1,-1,false,\"p\",\"i\",false,false,\"\",\"\",false,true,0,0,\"NULL\",\"NULL\",\"NULL\"]", "vclock": {"node1":66}}
2026-02-28T15:05:18.172+0300	INFO	logger/zap_logger.go:76	[SynchronizerVClock] Loaded key	{"key": "testdb:pg_catalog:pg_attribute:row:2column_default:", "value": "[2,\"column_default\",25,-1,-1,5,0,-1,-1,true,\"p\",\"i\",true,false,\"\",\"\",false,true,0,0,\"NULL\",\"NULL\",\"NULL\"]", "vclock": {"node1":67}}
2026-02-28T15:05:18.172+0300	INFO	logger/zap_logger.go:76	[SynchronizerVClock] Loaded key	{"key": "testdb:pg_catalog:pg_attribute:row:2data_type:", "value": "[2,\"data_type\",25,-1,-1,7,0,-1,-1,false,\"p\",\"i\",false,false,\"\",\"\",false,true,0,0,\"NULL\",\"NULL\",\"NULL\"]", "vclock": {"node1":68}}
2026-02-28T15:05:18.172+0300	INFO	logger/zap_logger.go:76	[SynchronizerVClock] Loaded key	{"key": "testdb:pg_catalog:pg_attribute:row:1rowsecurity:", "value": "[1,\"rowsecurity\",16,-1,1,8,0,-1,-1,false,\"p\",\"i\",false,false,\"\",\"\",false,true,0,0,\"NULL\",\"NULL\",\"NULL\"]", "vclock": {"node1":69}}
2026-02-28T15:05:18.172+0300	INFO	logger/zap_logger.go:76	[SynchronizerVClock] Loaded key	{"key": "testdb:pg_catalog:pg_attribute:row:2column_name:", "value": "[2,\"column_name\",25,-1,-1,3,0,-1,-1,false,\"p\",\"i\",false,false,\"\",\"\",false,true,0,0,\"NULL\",\"NULL\",\"NULL\"]", "vclock": {"node1":70}}
2026-02-28T15:05:18.172+0300	INFO	logger/zap_logger.go:76	[SynchronizerVClock] Loaded key	{"key": "testdb:pg_catalog:pg_attribute:row:2is_nullable:", "value": "[2,\"is_nullable\",16,-1,1,6,0,-1,-1,false,\"p\",\"i\",false,false,\"\",\"\",false,true,0,0,\"NULL\",\"NULL\",\"NULL\"]", "vclock": {"node1":71}}
2026-02-28T15:05:18.172+0300	INFO	logger/zap_logger.go:76	[SynchronizerVClock] Loaded key	{"key": "testdb:pg_catalog:pg_attribute:row:2numeric_precision:", "value": "[2,\"numeric_precision\",23,-1,4,9,0,-1,-1,true,\"p\",\"i\",true,false,\"\",\"\",false,true,0,0,\"NULL\",\"NULL\",\"NULL\"]", "vclock": {"node1":72}}
2026-02-28T15:05:18.172+0300	INFO	logger/zap_logger.go:76	[SynchronizerVClock] Loaded key	{"key": "testdb:pg_catalog:pg_attribute:row:1schemaname:", "value": "[1,\"schemaname\",25,-1,-1,1,0,-1,-1,false,\"p\",\"i\",false,false,\"\",\"\",false,true,0,0,\"NULL\",\"NULL\",\"NULL\"]", "vclock": {"node1":73}}
2026-02-28T15:05:18.172+0300	INFO	logger/zap_logger.go:76	[SynchronizerVClock] Loaded key	{"key": "testdb:pg_catalog:pg_attribute:row:1hasrules:", "value": "[1,\"hasrules\",16,-1,1,6,0,-1,-1,false,\"p\",\"i\",false,false,\"\",\"\",false,true,0,0,\"NULL\",\"NULL\",\"NULL\"]", "vclock": {"node1":74}}
2026-02-28T15:05:18.172+0300	INFO	logger/zap_logger.go:76	[SynchronizerVClock] Loaded key	{"key": "testdb:pg_catalog:pg_attribute:row:2character_maximum_length:", "value": "[2,\"character_maximum_length\",23,-1,4,8,0,-1,-1,true,\"p\",\"i\",true,false,\"\",\"\",false,true,0,0,\"NULL\",\"NULL\",\"NULL\"]", "vclock": {"node1":75}}
2026-02-28T15:05:18.172+0300	INFO	logger/zap_logger.go:76	[SynchronizerVClock] Loaded key	{"key": "testdb:pg_catalog:pg_attribute:row:1tablespace:", "value": "[1,\"tablespace\",25,-1,-1,4,0,-1,-1,false,\"p\",\"i\",true,false,\"\",\"\",false,true,0,0,\"NULL\",\"NULL\",\"NULL\"]", "vclock": {"node1":76}}
2026-02-28T15:05:18.172+0300	INFO	logger/zap_logger.go:76	[SynchronizerVClock] Loaded key	{"key": "testdb:pg_catalog:pg_attribute:row:1hasindexes:", "value": "[1,\"hasindexes\",16,-1,1,5,0,-1,-1,false,\"p\",\"i\",false,false,\"\",\"\",false,true,0,0,\"NULL\",\"NULL\",\"NULL\"]", "vclock": {"node1":77}}
2026-02-28T15:05:18.172+0300	INFO	logger/zap_logger.go:76	[SynchronizerVClock] Loaded key	{"key": "testdb:pg_catalog:pg_attribute:row:2table_name:", "value": "[2,\"table_name\",25,-1,-1,2,0,-1,-1,false,\"p\",\"i\",false,false,\"\",\"\",false,true,0,0,\"NULL\",\"NULL\",\"NULL\"]", "vclock": {"node1":78}}
2026-02-28T15:05:18.172+0300	DEBUG	logger/zap_logger.go:96	DEBUG: Parsed statement type: CREATE_TABLE

2026-02-28T15:05:18.172+0300	INFO	logger/zap_logger.go:76	[SynchronizerVClock] Loaded key	{"key": "schema:testdb:pg_catalog:pg_proc:", "value": "{\"Name\":\"pg_catalog.pg_proc\",\"Columns\":{\"oid\":{\"Type\":1,\"IsNullable\":true,\"DefaultValue\":null,\"IsSerial\":false,\"IsUnique\":false,\"Idx\":1},\"proacl\":{\"Type\":0,\"IsNullable\":true,\"DefaultValue\":null,\"IsSerial\":false,\"IsUnique\":false,\"Idx\":30},\"proallargtypes\":{\"Type\":0,\"IsNullable\":true,\"DefaultValue\":null,\"IsSerial\":false,\"IsUnique\":false,\"Idx\":22},\"proargdefaults\":{\"Type\":0,\"IsNullable\":true,\"DefaultValue\":null,\"IsSerial\":false,\"IsUnique\":false,\"Idx\":25},\"proargmodes\":{\"Type\":0,\"IsNullable\":true,\"DefaultValue\":null,\"IsSerial\":false,\"IsUnique\":false,\"Idx\":23},\"proargnames\":{\"Type\":0,\"IsNullable\":true,\"DefaultValue\":null,\"IsSerial\":false,\"IsUnique\":false,\"Idx\":24},\"proargtypes\":{\"Type\":0,\"IsNullable\":true,\"DefaultValue\":null,\"IsSerial\":false,\"IsUnique\":false,\"Idx\":21},\"probin\":{\"Type\":0,\"IsNullable\":true,\"DefaultValue\":null,\"IsSerial\":false,\"IsUnique\":false,\"Idx\":28},\"proconfig\":{\"Type\":0,\"IsNullable\":true,\"DefaultValue\":null,\"IsSerial\":false,\"IsUnique\":false,\"Idx\":29},\"procost\":{\"Type\":3,\"IsNullable\":true,\"DefaultValue\":null,\"IsSerial\":false,\"IsUnique\":false,\"Idx\":6},\"proisagg\":{\"Type\":0,\"IsNullable\":true,\"DefaultValue\":null,\"IsSerial\":false,\"IsUnique\":false,\"Idx\":10},\"proisstrict\":{\"Type\":0,\"IsNullable\":true,\"DefaultValue\":null,\"IsSerial\":false,\"IsUnique\":false,\"Idx\":14},\"proiswindow\":{\"Type\":0,\"IsNullable\":true,\"DefaultValue\":null,\"IsSerial\":false,\"IsUnique\":false,\"Idx\":11},\"prolang\":{\"Type\":1,\"IsNullable\":true,\"DefaultValue\":null,\"IsSerial\":false,\"IsUnique\":false,\"Idx\":5},\"proleakproof\":{\"Type\":0,\"IsNullable\":true,\"DefaultValue\":null,\"IsSerial\":false,\"IsUnique\":false,\"Idx\":13},\"proname\":{\"Type\":0,\"IsNullable\":true,\"DefaultValue\":null,\"IsSerial\":false,\"IsUnique\":false,\"Idx\":2},\"pronamespace\":{\"Type\":1,\"IsNullable\":true,\"DefaultValue\":null,\"IsSerial\":false,\"IsUnique\":false,\"Idx\":3},\"pronargdefaults\":{\"Type\":1,\"IsNullable\":true,\"DefaultValue\":null,\"IsSerial\":false,\"IsUnique\":false,\"Idx\":19},\"pronargs\":{\"Type\":1,\"IsNullable\":true,\"DefaultValue\":null,\"IsSerial\":false,\"IsUnique\":false,\"Idx\":18},\"proowner\":{\"Type\":1,\"IsNullable\":true,\"DefaultValue\":null,\"IsSerial\":false,\"IsUnique\":false,\"Idx\":4},\"proparallel\":{\"Type\":0,\"IsNullable\":true,\"DefaultValue\":null,\"IsSerial\":false,\"IsUnique\":false,\"Idx\":17},\"proretset\":{\"Type\":0,\"IsNullable\":true,\"DefaultValue\":null,\"IsSerial\":false,\"IsUnique\":false,\"Idx\":15},\"prorettype\":{\"Type\":1,\"IsNullable\":true,\"DefaultValue\":null,\"IsSerial\":false,\"IsUnique\":false,\"Idx\":20},\"prorows\":{\"Type\":3,\"IsNullable\":true,\"DefaultValue\":null,\"IsSerial\":false,\"IsUnique\":false,\"Idx\":7},\"prosecdef\":{\"Type\":0,\"IsNullable\":true,\"DefaultValue\":null,\"IsSerial\":false,\"IsUnique\":false,\"Idx\":12},\"prosrc\":{\"Type\":0,\"IsNullable\":true,\"DefaultValue\":null,\"IsSerial\":false,\"IsUnique\":false,\"Idx\":27},\"protransform\":{\"Type\":0,\"IsNullable\":true,\"DefaultValue\":null,\"IsSerial\":false,\"IsUnique\":false,\"Idx\":9},\"protrftypes\":{\"Type\":0,\"IsNullable\":true,\"DefaultValue\":null,\"IsSerial\":false,\"IsUnique\":false,\"Idx\":26},\"provariadic\":{\"Type\":1,\"IsNullable\":true,\"DefaultValue\":null,\"IsSerial\":false,\"IsUnique\":false,\"Idx\":8},\"provolatile\":{\"Type\":0,\"IsNullable\":true,\"DefaultValue\":null,\"IsSerial\":false,\"IsUnique\":false,\"Idx\":16}},\"PrimaryKeys\":[]}", "vclock": {"node1":79}}
2026-02-28T15:05:18.172+0300	DEBUG	logger/zap_logger.go:96	Executing: 

CREATE TABLE IF NOT EXISTS pg_catalog.pg_type (
    oid INT,
    typname TEXT,
    typnamespace INT,
    typowner INT,
    typlen INT,
    typbyval BOOLEAN,
    typtype CHAR(1),
    typcategory CHAR(1),
    typispreferred BOOLEAN,
    typisdefined BOOLEAN,
    typdelim CHAR(1),
    typrelid INT,
    typelem INT,
    typarray INT,
    typinput TEXT,
    typoutput TEXT,
    typreceive TEXT,
    typsend TEXT,
    typmodin TEXT,
    typmodout TEXT,
    typanalyze TEXT,
    typalign CHAR(1),
    typstorage CHAR(1),
    typnotnull BOOLEAN,
    typbasetype INT,
    typtypmod INT,
    typndims INT,
    typcollation INT,
    typdefaultbin TEXT,
    typdefault TEXT,
    typacl TEXT,
    PRIMARY KEY (oid)
)
2026-02-28T15:05:18.173+0300	DEBUG	logger/zap_logger.go:96	DEBUG: Parsed statement type: CREATE_TABLE

2026-02-28T15:05:18.173+0300	DEBUG	logger/zap_logger.go:96	Executing: 

INSERT INTO pg_catalog.pg_type (oid, typname, typnamespace, typowner, typlen, typbyval, typtype, typcategory, typispreferred, typisdefined, typdelim, typrelid, typelem, typarray, typinput, typoutput, typreceive, typsend, typmodin, typmodout, typanalyze, typalign, typstorage, typnotnull, typbasetype, typtypmod, typndims, typcollation, typdefaultbin, typdefault, typacl) VALUES
(16, 'bool', 11, 10, 1, TRUE, 'b', 'B', TRUE, TRUE, ',', 0, 0, 1000, 'boolin', 'boolout', 'boolrecv', 'boolsend', 'booltypmodin', 'booltypmodout', 'boolanalyze', 'c', 'p', FALSE, 0, -1, 0, 0, NULL, NULL, NULL),
(17, 'bytea', 11, 10, -1, FALSE, 'b', 'U', FALSE, TRUE, ',', 0, 0, 1001, 'byteain', 'byteaout', 'bytearecv', 'byteasend', '-', '-', '-', 'i', 'x', FALSE, 0, -1, 0, 0, NULL, NULL, NULL),
(18, 'char', 11, 10, 1, TRUE, 'b', 'Z', FALSE, TRUE, ',', 0, 0, 1002, 'charin', 'charout', 'charrecv', 'charsend', '-', '-', '-', 'c', 'p', FALSE, 0, -1, 0, 0, NULL, NULL, NULL),
(19, 'name', 11, 10, 64, FALSE, 'b', 'S', FALSE, TRUE, ',', 0, 0, 1003, 'namein', 'nameout', 'namerecv', 'namesend', '-', '-', '-', 'c', 'p', FALSE, 0, -1, 0, 950, NULL, NULL, NULL),
(20, 'int8', 11, 10, 8, TRUE, 'b', 'N', FALSE, TRUE, ',', 0, 0, 1016, 'int8in', 'int8out', 'int8recv', 'int8send', '-', '-', '-', 'd', 'p', FALSE, 0, -1, 0, 0, NULL, NULL, NULL),
(21, 'int2', 11, 10, 2, TRUE, 'b', 'N', FALSE, TRUE, ',', 0, 0, 1005, 'int2in', 'int2out', 'int2recv', 'int2send', '-', '-', '-', 's', 'p', FALSE, 0, -1, 0, 0, NULL, NULL, NULL),
(23, 'int4', 11, 10, 4, TRUE, 'b', 'N', TRUE, TRUE, ',', 0, 0, 1007, 'int4in', 'int4out', 'int4recv', 'int4send', 'int4typmodin', 'int4typmodout', 'int4analyze', 'i', 'p', FALSE, 0, -1, 0, 0, NULL, NULL, NULL),
(24, 'regproc', 11, 10, 4, TRUE, 'b', 'N', FALSE, TRUE, ',', 0, 0, 1008, 'regprocin', 'regprocout', 'regprocrecv', 'regprocsend', '-', '-', '-', 'i', 'p', FALSE, 0, -1, 0, 0, NULL, NULL, NULL),
(25, 'text', 11, 10, -1, FALSE, 'b', 'S', TRUE, TRUE, ',', 0, 0, 1009, 'textin', 'textout', 'textrecv', 'textsend', 'texttypmodin', 'texttypmodout', 'textanalyze', 'i', 'e', FALSE, 0, -1, 0, 0, NULL, NULL, NULL),
(26, 'oid', 11, 10, 4, TRUE, 'b', 'N', TRUE, TRUE, ',', 0, 0, 1028, 'oidin', 'oidout', 'oidrecv', 'oidsend', '-', '-', '-', 'i', 'p', FALSE, 0, -1, 0, 0, NULL, NULL, NULL),
(700, 'float4', 11, 10, 4, TRUE, 'b', 'N', FALSE, TRUE, ',', 0, 0, 1021, 'float4in', 'float4out', 'float4recv', 'float4send', '-', '-', '-', 'i', 'p', FALSE, 0, -1, 0, 0, NULL, NULL, NULL),
(701, 'float8', 11, 10, 8, TRUE, 'b', 'N', TRUE, TRUE, ',', 0, 0, 1022, 'float8in', 'float8out', 'float8recv', 'float8send', '-', '-', '-', 'd', 'p', FALSE, 0, -1, 0, 0, NULL, NULL, NULL),
(1043, 'varchar', 11, 10, -1, FALSE, 'b', 'S', FALSE, TRUE, ',', 0, 0, 1015, 'varcharin', 'varcharout', 'varcharrecv', 'varcharsend', 'varchartypmodin', 'varchartypmodout', '-', 'i', 'e', FALSE, 0, -1, 0, 100, NULL, NULL, NULL),
(1082, 'date', 11, 10, 4, TRUE, 'b', 'D', FALSE, TRUE, ',', 0, 0, 1182, 'date_in', 'date_out', 'date_recv', 'date_send', '-', '-', '-', 'i', 'p', FALSE, 0, -1, 0, 0, NULL, NULL, NULL),
(1083, 'time', 11, 10, 8, TRUE, 'b', 'D', FALSE, TRUE, ',', 0, 0, 1183, 'time_in', 'time_out', 'time_recv', 'time_send', 'timetypmodin', 'timetypmodout', '-', 'd', 'p', FALSE, 0, -1, 0, 0, NULL, NULL, NULL),
(1114, 'timestamp', 11, 10, 8, TRUE, 'b', 'D', FALSE, TRUE, ',', 0, 0, 1115, 'timestamp_in', 'timestamp_out', 'timestamp_recv', 'timestamp_send', 'timestamptypmodin', 'timestamptypmodout', '-', 'd', 'p', FALSE, 0, -1, 0, 0, NULL, NULL, NULL),
(1184, 'timestamptz', 11, 10, 8, TRUE, 'b', 'D', TRUE, TRUE, ',', 0, 0, 1185, 'timestamptz_in', 'timestamptz_out', 'timestamptz_recv', 'timestamptz_send', 'timestamptztypmodin', 'timestamptztypmodout', '-', 'd', 'p', FALSE, 0, -1, 0, 0, NULL, NULL, NULL),
(1700, 'numeric', 11, 10, -1, FALSE, 'b', 'N', FALSE, TRUE, ',', 0, 0, 1231, 'numeric_in', 'numeric_out', 'numeric_recv', 'numeric_send', 'numerictypmodin', 'numerictypmodout', '-', 'i', 'm', FALSE, 0, -1, 0, 0, NULL, NULL, NULL),
(2950, 'uuid', 11, 10, 16, FALSE, 'b', 'U', FALSE, TRUE, ',', 0, 0, 2951, 'uuid_in', 'uuid_out', 'uuid_recv', 'uuid_send', '-', '-', '-', 'c', 'p', FALSE, 0, -1, 0, 0, NULL, NULL, NULL),
(114, 'json', 11, 10, -1, FALSE, 'b', 'U', FALSE, TRUE, ',', 0, 0, 199, 'json_in', 'json_out', 'json_recv', 'json_send', '-', '-', '-', 'i', 'e', FALSE, 0, -1, 0, 0, NULL, NULL, NULL),
(3802, 'jsonb', 11, 10, -1, FALSE, 'b', 'U', FALSE, TRUE, ',', 0, 0, 3807, 'jsonb_in', 'jsonb_out', 'jsonb_recv', 'jsonb_send', '-', '-', '-', 'i', 'e', FALSE, 0, -1, 0, 0, NULL, NULL, NULL),
(1042, 'bpchar', 11, 10, -1, FALSE, 'b', 'S', FALSE, TRUE, ',', 0, 0, 1014, 'bpcharin', 'bpcharout', 'bpcharrecv', 'bpcharsend', 'bpchartypmodin', 'bpchartypmodout', '-', 'i', 'e', FALSE, 0, -1, 0, 100, NULL, NULL, NULL),
-- Domain types examples (typtype='d' based on base types)
(100001, 'positive_int', 11, 10, 4, TRUE, 'd', 'N', FALSE, TRUE, ',', 0, 0, 0, 'int4in', 'int4out', 'int4recv', 'int4send', '-', '-', '-', 'i', 'p', FALSE, 23, -1, 0, 0, NULL, NULL, NULL),
(100002, 'email_address', 11, 10, -1, FALSE, 'd', 'S', FALSE, TRUE, ',', 0, 0, 0, 'textin', 'textout', 'textrecv', 'textsend', '-', '-', '-', 'i', 'e', FALSE, 25, -1, 0, 0, NULL, NULL, NULL),
(100003, 'us_postal_code', 11, 10, -1, FALSE, 'd', 'S', FALSE, TRUE, ',', 0, 0, 0, 'textin', 'textout', 'textrecv', 'textsend', '-', '-', '-', 'i', 'e', FALSE, 25, -1, 0, 0, NULL, NULL, NULL)
2026-02-28T15:05:18.173+0300	INFO	logger/zap_logger.go:76	[SynchronizerVClock] Loaded key	{"key": "schema:testdb:pg_catalog:pg_type:", "value": "{\"Name\":\"pg_catalog.pg_type\",\"Columns\":{\"oid\":{\"Type\":1,\"IsNullable\":false,\"DefaultValue\":null,\"IsSerial\":false,\"IsUnique\":false,\"Idx\":1},\"typacl\":{\"Type\":0,\"IsNullable\":true,\"DefaultValue\":null,\"IsSerial\":false,\"IsUnique\":false,\"Idx\":31},\"typalign\":{\"Type\":0,\"IsNullable\":true,\"DefaultValue\":null,\"IsSerial\":false,\"IsUnique\":false,\"Idx\":22},\"typanalyze\":{\"Type\":0,\"IsNullable\":true,\"DefaultValue\":null,\"IsSerial\":false,\"IsUnique\":false,\"Idx\":21},\"typarray\":{\"Type\":1,\"IsNullable\":true,\"DefaultValue\":null,\"IsSerial\":false,\"IsUnique\":false,\"Idx\":14},\"typbasetype\":{\"Type\":1,\"IsNullable\":true,\"DefaultValue\":null,\"IsSerial\":false,\"IsUnique\":false,\"Idx\":25},\"typbyval\":{\"Type\":0,\"IsNullable\":true,\"DefaultValue\":null,\"IsSerial\":false,\"IsUnique\":false,\"Idx\":6},\"typcategory\":{\"Type\":0,\"IsNullable\":true,\"DefaultValue\":null,\"IsSerial\":false,\"IsUnique\":false,\"Idx\":8},\"typcollation\":{\"Type\":1,\"IsNullable\":true,\"DefaultValue\":null,\"IsSerial\":false,\"IsUnique\":false,\"Idx\":28},\"typdefault\":{\"Type\":0,\"IsNullable\":true,\"DefaultValue\":null,\"IsSerial\":false,\"IsUnique\":false,\"Idx\":30},\"typdefaultbin\":{\"Type\":0,\"IsNullable\":true,\"DefaultValue\":null,\"IsSerial\":false,\"IsUnique\":false,\"Idx\":29},\"typdelim\":{\"Type\":0,\"IsNullable\":true,\"DefaultValue\":null,\"IsSerial\":false,\"IsUnique\":false,\"Idx\":11},\"typelem\":{\"Type\":1,\"IsNullable\":true,\"DefaultValue\":null,\"IsSerial\":false,\"IsUnique\":false,\"Idx\":13},\"typinput\":{\"Type\":0,\"IsNullable\":true,\"DefaultValue\":null,\"IsSerial\":false,\"IsUnique\":false,\"Idx\":15},\"typisdefined\":{\"Type\":0,\"IsNullable\":true,\"DefaultValue\":null,\"IsSerial\":false,\"IsUnique\":false,\"Idx\":10},\"typispreferred\":{\"Type\":0,\"IsNullable\":true,\"DefaultValue\":null,\"IsSerial\":false,\"IsUnique\":false,\"Idx\":9},\"typlen\":{\"Type\":1,\"IsNullable\":true,\"DefaultValue\":null,\"IsSerial\":false,\"IsUnique\":false,\"Idx\":5},\"typmodin\":{\"Type\":0,\"IsNullable\":true,\"DefaultValue\":null,\"IsSerial\":false,\"IsUnique\":false,\"Idx\":19},\"typmodout\":{\"Type\":0,\"IsNullable\":true,\"DefaultValue\":null,\"IsSerial\":false,\"IsUnique\":false,\"Idx\":20},\"typname\":{\"Type\":0,\"IsNullable\":true,\"DefaultValue\":null,\"IsSerial\":false,\"IsUnique\":false,\"Idx\":2},\"typnamespace\":{\"Type\":1,\"IsNullable\":true,\"DefaultValue\":null,\"IsSerial\":false,\"IsUnique\":false,\"Idx\":3},\"typndims\":{\"Type\":1,\"IsNullable\":true,\"DefaultValue\":null,\"IsSerial\":false,\"IsUnique\":false,\"Idx\":27},\"typnotnull\":{\"Type\":0,\"IsNullable\":true,\"DefaultValue\":null,\"IsSerial\":false,\"IsUnique\":false,\"Idx\":24},\"typoutput\":{\"Type\":0,\"IsNullable\":true,\"DefaultValue\":null,\"IsSerial\":false,\"IsUnique\":false,\"Idx\":16},\"typowner\":{\"Type\":1,\"IsNullable\":true,\"DefaultValue\":null,\"IsSerial\":false,\"IsUnique\":false,\"Idx\":4},\"typreceive\":{\"Type\":0,\"IsNullable\":true,\"DefaultValue\":null,\"IsSerial\":false,\"IsUnique\":false,\"Idx\":17},\"typrelid\":{\"Type\":1,\"IsNullable\":true,\"DefaultValue\":null,\"IsSerial\":false,\"IsUnique\":false,\"Idx\":12},\"typsend\":{\"Type\":0,\"IsNullable\":true,\"DefaultValue\":null,\"IsSerial\":false,\"IsUnique\":false,\"Idx\":18},\"typstorage\":{\"Type\":0,\"IsNullable\":true,\"DefaultValue\":null,\"IsSerial\":false,\"IsUnique\":false,\"Idx\":23},\"typtype\":{\"Type\":0,\"IsNullable\":true,\"DefaultValue\":null,\"IsSerial\":false,\"IsUnique\":false,\"Idx\":7},\"typtypmod\":{\"Type\":1,\"IsNullable\":true,\"DefaultValue\":null,\"IsSerial\":false,\"IsUnique\":false,\"Idx\":26}},\"PrimaryKeys\":[1]}", "vclock": {"node1":80}}
2026-02-28T15:05:18.177+0300	DEBUG	logger/zap_logger.go:96	DEBUG: Parsed statement type: INSERT

2026-02-28T15:05:18.177+0300	DEBUG	logger/zap_logger.go:96	DEBUG: Insert into pg_catalog.pg_type: [[16 bool 11 10 1 true b B true true , 0 0 1000 boolin boolout boolrecv boolsend booltypmodin booltypmodout boolanalyze c p false 0 -1 0 0 NULL NULL NULL] [17 bytea 11 10 -1 false b U false true , 0 0 1001 byteain byteaout bytearecv byteasend - - - i x false 0 -1 0 0 NULL NULL NULL] [18 char 11 10 1 true b Z false true , 0 0 1002 charin charout charrecv charsend - - - c p false 0 -1 0 0 NULL NULL NULL] [19 name 11 10 64 false b S false true , 0 0 1003 namein nameout namerecv namesend - - - c p false 0 -1 0 950 NULL NULL NULL] [20 int8 11 10 8 true b N false true , 0 0 1016 int8in int8out int8recv int8send - - - d p false 0 -1 0 0 NULL NULL NULL] [21 int2 11 10 2 true b N false true , 0 0 1005 int2in int2out int2recv int2send - - - s p false 0 -1 0 0 NULL NULL NULL] [23 int4 11 10 4 true b N true true , 0 0 1007 int4in int4out int4recv int4send int4typmodin int4typmodout int4analyze i p false 0 -1 0 0 NULL NULL NULL] [24 regproc 11 10 4 true b N false true , 0 0 1008 regprocin regprocout regprocrecv regprocsend - - - i p false 0 -1 0 0 NULL NULL NULL] [25 text 11 10 -1 false b S true true , 0 0 1009 textin textout textrecv textsend texttypmodin texttypmodout textanalyze i e false 0 -1 0 0 NULL NULL NULL] [26 oid 11 10 4 true b N true true , 0 0 1028 oidin oidout oidrecv oidsend - - - i p false 0 -1 0 0 NULL NULL NULL] [700 float4 11 10 4 true b N false true , 0 0 1021 float4in float4out float4recv float4send - - - i p false 0 -1 0 0 NULL NULL NULL] [701 float8 11 10 8 true b N true true , 0 0 1022 float8in float8out float8recv float8send - - - d p false 0 -1 0 0 NULL NULL NULL] [1043 varchar 11 10 -1 false b S false true , 0 0 1015 varcharin varcharout varcharrecv varcharsend varchartypmodin varchartypmodout - i e false 0 -1 0 100 NULL NULL NULL] [1082 date 11 10 4 true b D false true , 0 0 1182 date_in date_out date_recv date_send - - - i p false 0 -1 0 0 NULL NULL NULL] [1083 time 11 10 8 true b D false true , 0 0 1183 time_in time_out time_recv time_send timetypmodin timetypmodout - d p false 0 -1 0 0 NULL NULL NULL] [1114 timestamp 11 10 8 true b D false true , 0 0 1115 timestamp_in timestamp_out timestamp_recv timestamp_send timestamptypmodin timestamptypmodout - d p false 0 -1 0 0 NULL NULL NULL] [1184 timestamptz 11 10 8 true b D true true , 0 0 1185 timestamptz_in timestamptz_out timestamptz_recv timestamptz_send timestamptztypmodin timestamptztypmodout - d p false 0 -1 0 0 NULL NULL NULL] [1700 numeric 11 10 -1 false b N false true , 0 0 1231 numeric_in numeric_out numeric_recv numeric_send numerictypmodin numerictypmodout - i m false 0 -1 0 0 NULL NULL NULL] [2950 uuid 11 10 16 false b U false true , 0 0 2951 uuid_in uuid_out uuid_recv uuid_send - - - c p false 0 -1 0 0 NULL NULL NULL] [114 json 11 10 -1 false b U false true , 0 0 199 json_in json_out json_recv json_send - - - i e false 0 -1 0 0 NULL NULL NULL] [3802 jsonb 11 10 -1 false b U false true , 0 0 3807 jsonb_in jsonb_out jsonb_recv jsonb_send - - - i e false 0 -1 0 0 NULL NULL NULL] [1042 bpchar 11 10 -1 false b S false true , 0 0 1014 bpcharin bpcharout bpcharrecv bpcharsend bpchartypmodin bpchartypmodout - i e false 0 -1 0 100 NULL NULL NULL] [100001 positive_int 11 10 4 true d N false true , 0 0 0 int4in int4out int4recv int4send - - - i p false 23 -1 0 0 NULL NULL NULL] [100002 email_address 11 10 -1 false d S false true , 0 0 0 textin textout textrecv textsend - - - i e false 25 -1 0 0 NULL NULL NULL] [100003 us_postal_code 11 10 -1 false d S false true , 0 0 0 textin textout textrecv textsend - - - i e false 25 -1 0 0 NULL NULL NULL]]

2026-02-28T15:05:18.177+0300	DEBUG	logger/zap_logger.go:71	DEBUG: Table metadata:	{"meta": {"Name":"pg_catalog.pg_type","Columns":{"oid":{"Type":1,"IsNullable":false,"DefaultValue":null,"IsSerial":false,"IsUnique":false,"Idx":1},"typacl":{"Type":0,"IsNullable":true,"DefaultValue":null,"IsSerial":false,"IsUnique":false,"Idx":31},"typalign":{"Type":0,"IsNullable":true,"DefaultValue":null,"IsSerial":false,"IsUnique":false,"Idx":22},"typanalyze":{"Type":0,"IsNullable":true,"DefaultValue":null,"IsSerial":false,"IsUnique":false,"Idx":21},"typarray":{"Type":1,"IsNullable":true,"DefaultValue":null,"IsSerial":false,"IsUnique":false,"Idx":14},"typbasetype":{"Type":1,"IsNullable":true,"DefaultValue":null,"IsSerial":false,"IsUnique":false,"Idx":25},"typbyval":{"Type":0,"IsNullable":true,"DefaultValue":null,"IsSerial":false,"IsUnique":false,"Idx":6},"typcategory":{"Type":0,"IsNullable":true,"DefaultValue":null,"IsSerial":false,"IsUnique":false,"Idx":8},"typcollation":{"Type":1,"IsNullable":true,"DefaultValue":null,"IsSerial":false,"IsUnique":false,"Idx":28},"typdefault":{"Type":0,"IsNullable":true,"DefaultValue":null,"IsSerial":false,"IsUnique":false,"Idx":30},"typdefaultbin":{"Type":0,"IsNullable":true,"DefaultValue":null,"IsSerial":false,"IsUnique":false,"Idx":29},"typdelim":{"Type":0,"IsNullable":true,"DefaultValue":null,"IsSerial":false,"IsUnique":false,"Idx":11},"typelem":{"Type":1,"IsNullable":true,"DefaultValue":null,"IsSerial":false,"IsUnique":false,"Idx":13},"typinput":{"Type":0,"IsNullable":true,"DefaultValue":null,"IsSerial":false,"IsUnique":false,"Idx":15},"typisdefined":{"Type":0,"IsNullable":true,"DefaultValue":null,"IsSerial":false,"IsUnique":false,"Idx":10},"typispreferred":{"Type":0,"IsNullable":true,"DefaultValue":null,"IsSerial":false,"IsUnique":false,"Idx":9},"typlen":{"Type":1,"IsNullable":true,"DefaultValue":null,"IsSerial":false,"IsUnique":false,"Idx":5},"typmodin":{"Type":0,"IsNullable":true,"DefaultValue":null,"IsSerial":false,"IsUnique":false,"Idx":19},"typmodout":{"Type":0,"IsNullable":true,"DefaultValue":null,"IsSerial":false,"IsUnique":false,"Idx":20},"typname":{"Type":0,"IsNullable":true,"DefaultValue":null,"IsSerial":false,"IsUnique":false,"Idx":2},"typnamespace":{"Type":1,"IsNullable":true,"DefaultValue":null,"IsSerial":false,"IsUnique":false,"Idx":3},"typndims":{"Type":1,"IsNullable":true,"DefaultValue":null,"IsSerial":false,"IsUnique":false,"Idx":27},"typnotnull":{"Type":0,"IsNullable":true,"DefaultValue":null,"IsSerial":false,"IsUnique":false,"Idx":24},"typoutput":{"Type":0,"IsNullable":true,"DefaultValue":null,"IsSerial":false,"IsUnique":false,"Idx":16},"typowner":{"Type":1,"IsNullable":true,"DefaultValue":null,"IsSerial":false,"IsUnique":false,"Idx":4},"typreceive":{"Type":0,"IsNullable":true,"DefaultValue":null,"IsSerial":false,"IsUnique":false,"Idx":17},"typrelid":{"Type":1,"IsNullable":true,"DefaultValue":null,"IsSerial":false,"IsUnique":false,"Idx":12},"typsend":{"Type":0,"IsNullable":true,"DefaultValue":null,"IsSerial":false,"IsUnique":false,"Idx":18},"typstorage":{"Type":0,"IsNullable":true,"DefaultValue":null,"IsSerial":false,"IsUnique":false,"Idx":23},"typtype":{"Type":0,"IsNullable":true,"DefaultValue":null,"IsSerial":false,"IsUnique":false,"Idx":7},"typtypmod":{"Type":1,"IsNullable":true,"DefaultValue":null,"IsSerial":false,"IsUnique":false,"Idx":26}},"PrimaryKeys":[1]}}
2026-02-28T15:05:18.177+0300	DEBUG	logger/zap_logger.go:71	DEBUG: Saved row: 	{"rowKey": "testdb:pg_catalog:pg_type:row:16:", "rowData": "[16,\"bool\",11,10,1,true,\"b\",\"B\",true,true,\",\",0,0,1000,\"boolin\",\"boolout\",\"boolrecv\",\"boolsend\",\"booltypmodin\",\"booltypmodout\",\"boolanalyze\",\"c\",\"p\",false,0,-1,0,0,\"NULL\",\"NULL\",\"NULL\"]"}
2026-02-28T15:05:18.177+0300	DEBUG	logger/zap_logger.go:71	DEBUG: Saved row: 	{"rowKey": "testdb:pg_catalog:pg_type:row:17:", "rowData": "[17,\"bytea\",11,10,-1,false,\"b\",\"U\",false,true,\",\",0,0,1001,\"byteain\",\"byteaout\",\"bytearecv\",\"byteasend\",\"-\",\"-\",\"-\",\"i\",\"x\",false,0,-1,0,0,\"NULL\",\"NULL\",\"NULL\"]"}
2026-02-28T15:05:18.177+0300	DEBUG	logger/zap_logger.go:71	DEBUG: Saved row: 	{"rowKey": "testdb:pg_catalog:pg_type:row:18:", "rowData": "[18,\"char\",11,10,1,true,\"b\",\"Z\",false,true,\",\",0,0,1002,\"charin\",\"charout\",\"charrecv\",\"charsend\",\"-\",\"-\",\"-\",\"c\",\"p\",false,0,-1,0,0,\"NULL\",\"NULL\",\"NULL\"]"}
2026-02-28T15:05:18.177+0300	DEBUG	logger/zap_logger.go:71	DEBUG: Saved row: 	{"rowKey": "testdb:pg_catalog:pg_type:row:19:", "rowData": "[19,\"name\",11,10,64,false,\"b\",\"S\",false,true,\",\",0,0,1003,\"namein\",\"nameout\",\"namerecv\",\"namesend\",\"-\",\"-\",\"-\",\"c\",\"p\",false,0,-1,0,950,\"NULL\",\"NULL\",\"NULL\"]"}
2026-02-28T15:05:18.177+0300	DEBUG	logger/zap_logger.go:71	DEBUG: Saved row: 	{"rowKey": "testdb:pg_catalog:pg_type:row:20:", "rowData": "[20,\"int8\",11,10,8,true,\"b\",\"N\",false,true,\",\",0,0,1016,\"int8in\",\"int8out\",\"int8recv\",\"int8send\",\"-\",\"-\",\"-\",\"d\",\"p\",false,0,-1,0,0,\"NULL\",\"NULL\",\"NULL\"]"}
2026-02-28T15:05:18.177+0300	DEBUG	logger/zap_logger.go:71	DEBUG: Saved row: 	{"rowKey": "testdb:pg_catalog:pg_type:row:21:", "rowData": "[21,\"int2\",11,10,2,true,\"b\",\"N\",false,true,\",\",0,0,1005,\"int2in\",\"int2out\",\"int2recv\",\"int2send\",\"-\",\"-\",\"-\",\"s\",\"p\",false,0,-1,0,0,\"NULL\",\"NULL\",\"NULL\"]"}
2026-02-28T15:05:18.177+0300	DEBUG	logger/zap_logger.go:71	DEBUG: Saved row: 	{"rowKey": "testdb:pg_catalog:pg_type:row:23:", "rowData": "[23,\"int4\",11,10,4,true,\"b\",\"N\",true,true,\",\",0,0,1007,\"int4in\",\"int4out\",\"int4recv\",\"int4send\",\"int4typmodin\",\"int4typmodout\",\"int4analyze\",\"i\",\"p\",false,0,-1,0,0,\"NULL\",\"NULL\",\"NULL\"]"}
2026-02-28T15:05:18.178+0300	DEBUG	logger/zap_logger.go:71	DEBUG: Saved row: 	{"rowKey": "testdb:pg_catalog:pg_type:row:24:", "rowData": "[24,\"regproc\",11,10,4,true,\"b\",\"N\",false,true,\",\",0,0,1008,\"regprocin\",\"regprocout\",\"regprocrecv\",\"regprocsend\",\"-\",\"-\",\"-\",\"i\",\"p\",false,0,-1,0,0,\"NULL\",\"NULL\",\"NULL\"]"}
2026-02-28T15:05:18.178+0300	DEBUG	logger/zap_logger.go:71	DEBUG: Saved row: 	{"rowKey": "testdb:pg_catalog:pg_type:row:25:", "rowData": "[25,\"text\",11,10,-1,false,\"b\",\"S\",true,true,\",\",0,0,1009,\"textin\",\"textout\",\"textrecv\",\"textsend\",\"texttypmodin\",\"texttypmodout\",\"textanalyze\",\"i\",\"e\",false,0,-1,0,0,\"NULL\",\"NULL\",\"NULL\"]"}
2026-02-28T15:05:18.178+0300	DEBUG	logger/zap_logger.go:71	DEBUG: Saved row: 	{"rowKey": "testdb:pg_catalog:pg_type:row:26:", "rowData": "[26,\"oid\",11,10,4,true,\"b\",\"N\",true,true,\",\",0,0,1028,\"oidin\",\"oidout\",\"oidrecv\",\"oidsend\",\"-\",\"-\",\"-\",\"i\",\"p\",false,0,-1,0,0,\"NULL\",\"NULL\",\"NULL\"]"}
2026-02-28T15:05:18.178+0300	DEBUG	logger/zap_logger.go:71	DEBUG: Saved row: 	{"rowKey": "testdb:pg_catalog:pg_type:row:700:", "rowData": "[700,\"float4\",11,10,4,true,\"b\",\"N\",false,true,\",\",0,0,1021,\"float4in\",\"float4out\",\"float4recv\",\"float4send\",\"-\",\"-\",\"-\",\"i\",\"p\",false,0,-1,0,0,\"NULL\",\"NULL\",\"NULL\"]"}
2026-02-28T15:05:18.178+0300	DEBUG	logger/zap_logger.go:71	DEBUG: Saved row: 	{"rowKey": "testdb:pg_catalog:pg_type:row:701:", "rowData": "[701,\"float8\",11,10,8,true,\"b\",\"N\",true,true,\",\",0,0,1022,\"float8in\",\"float8out\",\"float8recv\",\"float8send\",\"-\",\"-\",\"-\",\"d\",\"p\",false,0,-1,0,0,\"NULL\",\"NULL\",\"NULL\"]"}
2026-02-28T15:05:18.178+0300	DEBUG	logger/zap_logger.go:71	DEBUG: Saved row: 	{"rowKey": "testdb:pg_catalog:pg_type:row:1043:", "rowData": "[1043,\"varchar\",11,10,-1,false,\"b\",\"S\",false,true,\",\",0,0,1015,\"varcharin\",\"varcharout\",\"varcharrecv\",\"varcharsend\",\"varchartypmodin\",\"varchartypmodout\",\"-\",\"i\",\"e\",false,0,-1,0,100,\"NULL\",\"NULL\",\"NULL\"]"}
2026-02-28T15:05:18.178+0300	DEBUG	logger/zap_logger.go:71	DEBUG: Saved row: 	{"rowKey": "testdb:pg_catalog:pg_type:row:1082:", "rowData": "[1082,\"date\",11,10,4,true,\"b\",\"D\",false,true,\",\",0,0,1182,\"date_in\",\"date_out\",\"date_recv\",\"date_send\",\"-\",\"-\",\"-\",\"i\",\"p\",false,0,-1,0,0,\"NULL\",\"NULL\",\"NULL\"]"}
2026-02-28T15:05:18.178+0300	DEBUG	logger/zap_logger.go:71	DEBUG: Saved row: 	{"rowKey": "testdb:pg_catalog:pg_type:row:1083:", "rowData": "[1083,\"time\",11,10,8,true,\"b\",\"D\",false,true,\",\",0,0,1183,\"time_in\",\"time_out\",\"time_recv\",\"time_send\",\"timetypmodin\",\"timetypmodout\",\"-\",\"d\",\"p\",false,0,-1,0,0,\"NULL\",\"NULL\",\"NULL\"]"}
2026-02-28T15:05:18.178+0300	DEBUG	logger/zap_logger.go:71	DEBUG: Saved row: 	{"rowKey": "testdb:pg_catalog:pg_type:row:1114:", "rowData": "[1114,\"timestamp\",11,10,8,true,\"b\",\"D\",false,true,\",\",0,0,1115,\"timestamp_in\",\"timestamp_out\",\"timestamp_recv\",\"timestamp_send\",\"timestamptypmodin\",\"timestamptypmodout\",\"-\",\"d\",\"p\",false,0,-1,0,0,\"NULL\",\"NULL\",\"NULL\"]"}
2026-02-28T15:05:18.178+0300	DEBUG	logger/zap_logger.go:71	DEBUG: Saved row: 	{"rowKey": "testdb:pg_catalog:pg_type:row:1184:", "rowData": "[1184,\"timestamptz\",11,10,8,true,\"b\",\"D\",true,true,\",\",0,0,1185,\"timestamptz_in\",\"timestamptz_out\",\"timestamptz_recv\",\"timestamptz_send\",\"timestamptztypmodin\",\"timestamptztypmodout\",\"-\",\"d\",\"p\",false,0,-1,0,0,\"NULL\",\"NULL\",\"NULL\"]"}
2026-02-28T15:05:18.178+0300	DEBUG	logger/zap_logger.go:71	DEBUG: Saved row: 	{"rowKey": "testdb:pg_catalog:pg_type:row:1700:", "rowData": "[1700,\"numeric\",11,10,-1,false,\"b\",\"N\",false,true,\",\",0,0,1231,\"numeric_in\",\"numeric_out\",\"numeric_recv\",\"numeric_send\",\"numerictypmodin\",\"numerictypmodout\",\"-\",\"i\",\"m\",false,0,-1,0,0,\"NULL\",\"NULL\",\"NULL\"]"}
2026-02-28T15:05:18.178+0300	DEBUG	logger/zap_logger.go:71	DEBUG: Saved row: 	{"rowKey": "testdb:pg_catalog:pg_type:row:2950:", "rowData": "[2950,\"uuid\",11,10,16,false,\"b\",\"U\",false,true,\",\",0,0,2951,\"uuid_in\",\"uuid_out\",\"uuid_recv\",\"uuid_send\",\"-\",\"-\",\"-\",\"c\",\"p\",false,0,-1,0,0,\"NULL\",\"NULL\",\"NULL\"]"}
2026-02-28T15:05:18.178+0300	DEBUG	logger/zap_logger.go:71	DEBUG: Saved row: 	{"rowKey": "testdb:pg_catalog:pg_type:row:114:", "rowData": "[114,\"json\",11,10,-1,false,\"b\",\"U\",false,true,\",\",0,0,199,\"json_in\",\"json_out\",\"json_recv\",\"json_send\",\"-\",\"-\",\"-\",\"i\",\"e\",false,0,-1,0,0,\"NULL\",\"NULL\",\"NULL\"]"}
2026-02-28T15:05:18.178+0300	DEBUG	logger/zap_logger.go:71	DEBUG: Saved row: 	{"rowKey": "testdb:pg_catalog:pg_type:row:3802:", "rowData": "[3802,\"jsonb\",11,10,-1,false,\"b\",\"U\",false,true,\",\",0,0,3807,\"jsonb_in\",\"jsonb_out\",\"jsonb_recv\",\"jsonb_send\",\"-\",\"-\",\"-\",\"i\",\"e\",false,0,-1,0,0,\"NULL\",\"NULL\",\"NULL\"]"}
2026-02-28T15:05:18.178+0300	DEBUG	logger/zap_logger.go:71	DEBUG: Saved row: 	{"rowKey": "testdb:pg_catalog:pg_type:row:1042:", "rowData": "[1042,\"bpchar\",11,10,-1,false,\"b\",\"S\",false,true,\",\",0,0,1014,\"bpcharin\",\"bpcharout\",\"bpcharrecv\",\"bpcharsend\",\"bpchartypmodin\",\"bpchartypmodout\",\"-\",\"i\",\"e\",false,0,-1,0,100,\"NULL\",\"NULL\",\"NULL\"]"}
2026-02-28T15:05:18.178+0300	DEBUG	logger/zap_logger.go:71	DEBUG: Saved row: 	{"rowKey": "testdb:pg_catalog:pg_type:row:100001:", "rowData": "[100001,\"positive_int\",11,10,4,true,\"d\",\"N\",false,true,\",\",0,0,0,\"int4in\",\"int4out\",\"int4recv\",\"int4send\",\"-\",\"-\",\"-\",\"i\",\"p\",false,23,-1,0,0,\"NULL\",\"NULL\",\"NULL\"]"}
2026-02-28T15:05:18.178+0300	DEBUG	logger/zap_logger.go:71	DEBUG: Saved row: 	{"rowKey": "testdb:pg_catalog:pg_type:row:100002:", "rowData": "[100002,\"email_address\",11,10,-1,false,\"d\",\"S\",false,true,\",\",0,0,0,\"textin\",\"textout\",\"textrecv\",\"textsend\",\"-\",\"-\",\"-\",\"i\",\"e\",false,25,-1,0,0,\"NULL\",\"NULL\",\"NULL\"]"}
2026-02-28T15:05:18.178+0300	DEBUG	logger/zap_logger.go:71	DEBUG: Saved row: 	{"rowKey": "testdb:pg_catalog:pg_type:row:100003:", "rowData": "[100003,\"us_postal_code\",11,10,-1,false,\"d\",\"S\",false,true,\",\",0,0,0,\"textin\",\"textout\",\"textrecv\",\"textsend\",\"-\",\"-\",\"-\",\"i\",\"e\",false,25,-1,0,0,\"NULL\",\"NULL\",\"NULL\"]"}
2026-02-28T15:05:18.178+0300	INFO	logger/zap_logger.go:76	[SynchronizerVClock] Loaded key	{"key": "testdb:pg_catalog:pg_type:row:1082:", "value": "[1082,\"date\",11,10,4,true,\"b\",\"D\",false,true,\",\",0,0,1182,\"date_in\",\"date_out\",\"date_recv\",\"date_send\",\"-\",\"-\",\"-\",\"i\",\"p\",false,0,-1,0,0,\"NULL\",\"NULL\",\"NULL\"]", "vclock": {"node1":81}}
2026-02-28T15:05:18.178+0300	DEBUG	logger/zap_logger.go:96	Executing: 

CREATE TABLE IF NOT EXISTS pg_catalog.pg_namespace (
    oid INT,
    nspname TEXT,
    nspowner INT,
    nspacl TEXT,
    PRIMARY KEY (oid)
)
2026-02-28T15:05:18.178+0300	INFO	logger/zap_logger.go:76	[SynchronizerVClock] Loaded key	{"key": "testdb:pg_catalog:pg_type:row:17:", "value": "[17,\"bytea\",11,10,-1,false,\"b\",\"U\",false,true,\",\",0,0,1001,\"byteain\",\"byteaout\",\"bytearecv\",\"byteasend\",\"-\",\"-\",\"-\",\"i\",\"x\",false,0,-1,0,0,\"NULL\",\"NULL\",\"NULL\"]", "vclock": {"node1":82}}
2026-02-28T15:05:18.178+0300	INFO	logger/zap_logger.go:76	[SynchronizerVClock] Loaded key	{"key": "testdb:pg_catalog:pg_type:row:18:", "value": "[18,\"char\",11,10,1,true,\"b\",\"Z\",false,true,\",\",0,0,1002,\"charin\",\"charout\",\"charrecv\",\"charsend\",\"-\",\"-\",\"-\",\"c\",\"p\",false,0,-1,0,0,\"NULL\",\"NULL\",\"NULL\"]", "vclock": {"node1":83}}
2026-02-28T15:05:18.178+0300	INFO	logger/zap_logger.go:76	[SynchronizerVClock] Loaded key	{"key": "testdb:pg_catalog:pg_type:row:20:", "value": "[20,\"int8\",11,10,8,true,\"b\",\"N\",false,true,\",\",0,0,1016,\"int8in\",\"int8out\",\"int8recv\",\"int8send\",\"-\",\"-\",\"-\",\"d\",\"p\",false,0,-1,0,0,\"NULL\",\"NULL\",\"NULL\"]", "vclock": {"node1":84}}
2026-02-28T15:05:18.178+0300	INFO	logger/zap_logger.go:76	[SynchronizerVClock] Loaded key	{"key": "testdb:pg_catalog:pg_type:row:21:", "value": "[21,\"int2\",11,10,2,true,\"b\",\"N\",false,true,\",\",0,0,1005,\"int2in\",\"int2out\",\"int2recv\",\"int2send\",\"-\",\"-\",\"-\",\"s\",\"p\",false,0,-1,0,0,\"NULL\",\"NULL\",\"NULL\"]", "vclock": {"node1":85}}
2026-02-28T15:05:18.178+0300	INFO	logger/zap_logger.go:76	[SynchronizerVClock] Loaded key	{"key": "testdb:pg_catalog:pg_type:row:25:", "value": "[25,\"text\",11,10,-1,false,\"b\",\"S\",true,true,\",\",0,0,1009,\"textin\",\"textout\",\"textrecv\",\"textsend\",\"texttypmodin\",\"texttypmodout\",\"textanalyze\",\"i\",\"e\",false,0,-1,0,0,\"NULL\",\"NULL\",\"NULL\"]", "vclock": {"node1":86}}
2026-02-28T15:05:18.178+0300	INFO	logger/zap_logger.go:76	[SynchronizerVClock] Loaded key	{"key": "testdb:pg_catalog:pg_type:row:700:", "value": "[700,\"float4\",11,10,4,true,\"b\",\"N\",false,true,\",\",0,0,1021,\"float4in\",\"float4out\",\"float4recv\",\"float4send\",\"-\",\"-\",\"-\",\"i\",\"p\",false,0,-1,0,0,\"NULL\",\"NULL\",\"NULL\"]", "vclock": {"node1":87}}
2026-02-28T15:05:18.178+0300	DEBUG	logger/zap_logger.go:96	DEBUG: Parsed statement type: CREATE_TABLE

2026-02-28T15:05:18.178+0300	INFO	logger/zap_logger.go:76	[SynchronizerVClock] Loaded key	{"key": "testdb:pg_catalog:pg_type:row:1083:", "value": "[1083,\"time\",11,10,8,true,\"b\",\"D\",false,true,\",\",0,0,1183,\"time_in\",\"time_out\",\"time_recv\",\"time_send\",\"timetypmodin\",\"timetypmodout\",\"-\",\"d\",\"p\",false,0,-1,0,0,\"NULL\",\"NULL\",\"NULL\"]", "vclock": {"node1":88}}
2026-02-28T15:05:18.178+0300	DEBUG	logger/zap_logger.go:96	Executing: 

INSERT INTO pg_catalog.pg_namespace (oid, nspname, nspowner, nspacl) VALUES
(11, 'pg_catalog', 10, NULL),
(12, 'public', 10, NULL)
2026-02-28T15:05:18.178+0300	INFO	logger/zap_logger.go:76	[SynchronizerVClock] Loaded key	{"key": "testdb:pg_catalog:pg_type:row:16:", "value": "[16,\"bool\",11,10,1,true,\"b\",\"B\",true,true,\",\",0,0,1000,\"boolin\",\"boolout\",\"boolrecv\",\"boolsend\",\"booltypmodin\",\"booltypmodout\",\"boolanalyze\",\"c\",\"p\",false,0,-1,0,0,\"NULL\",\"NULL\",\"NULL\"]", "vclock": {"node1":89}}
2026-02-28T15:05:18.178+0300	INFO	logger/zap_logger.go:76	[SynchronizerVClock] Loaded key	{"key": "testdb:pg_catalog:pg_type:row:19:", "value": "[19,\"name\",11,10,64,false,\"b\",\"S\",false,true,\",\",0,0,1003,\"namein\",\"nameout\",\"namerecv\",\"namesend\",\"-\",\"-\",\"-\",\"c\",\"p\",false,0,-1,0,950,\"NULL\",\"NULL\",\"NULL\"]", "vclock": {"node1":90}}
2026-02-28T15:05:18.178+0300	INFO	logger/zap_logger.go:76	[SynchronizerVClock] Loaded key	{"key": "testdb:pg_catalog:pg_type:row:24:", "value": "[24,\"regproc\",11,10,4,true,\"b\",\"N\",false,true,\",\",0,0,1008,\"regprocin\",\"regprocout\",\"regprocrecv\",\"regprocsend\",\"-\",\"-\",\"-\",\"i\",\"p\",false,0,-1,0,0,\"NULL\",\"NULL\",\"NULL\"]", "vclock": {"node1":91}}
2026-02-28T15:05:18.178+0300	INFO	logger/zap_logger.go:76	[SynchronizerVClock] Loaded key	{"key": "testdb:pg_catalog:pg_type:row:1114:", "value": "[1114,\"timestamp\",11,10,8,true,\"b\",\"D\",false,true,\",\",0,0,1115,\"timestamp_in\",\"timestamp_out\",\"timestamp_recv\",\"timestamp_send\",\"timestamptypmodin\",\"timestamptypmodout\",\"-\",\"d\",\"p\",false,0,-1,0,0,\"NULL\",\"NULL\",\"NULL\"]", "vclock": {"node1":92}}
2026-02-28T15:05:18.178+0300	INFO	logger/zap_logger.go:76	[SynchronizerVClock] Loaded key	{"key": "testdb:pg_catalog:pg_type:row:2950:", "value": "[2950,\"uuid\",11,10,16,false,\"b\",\"U\",false,true,\",\",0,0,2951,\"uuid_in\",\"uuid_out\",\"uuid_recv\",\"uuid_send\",\"-\",\"-\",\"-\",\"c\",\"p\",false,0,-1,0,0,\"NULL\",\"NULL\",\"NULL\"]", "vclock": {"node1":93}}
2026-02-28T15:05:18.178+0300	INFO	logger/zap_logger.go:76	[SynchronizerVClock] Loaded key	{"key": "testdb:pg_catalog:pg_type:row:114:", "value": "[114,\"json\",11,10,-1,false,\"b\",\"U\",false,true,\",\",0,0,199,\"json_in\",\"json_out\",\"json_recv\",\"json_send\",\"-\",\"-\",\"-\",\"i\",\"e\",false,0,-1,0,0,\"NULL\",\"NULL\",\"NULL\"]", "vclock": {"node1":94}}
2026-02-28T15:05:18.178+0300	DEBUG	logger/zap_logger.go:96	DEBUG: Parsed statement type: INSERT

2026-02-28T15:05:18.178+0300	DEBUG	logger/zap_logger.go:96	DEBUG: Insert into pg_catalog.pg_namespace: [[11 pg_catalog 10 NULL] [12 public 10 NULL]]

2026-02-28T15:05:18.178+0300	INFO	logger/zap_logger.go:76	[SynchronizerVClock] Loaded key	{"key": "testdb:pg_catalog:pg_type:row:3802:", "value": "[3802,\"jsonb\",11,10,-1,false,\"b\",\"U\",false,true,\",\",0,0,3807,\"jsonb_in\",\"jsonb_out\",\"jsonb_recv\",\"jsonb_send\",\"-\",\"-\",\"-\",\"i\",\"e\",false,0,-1,0,0,\"NULL\",\"NULL\",\"NULL\"]", "vclock": {"node1":95}}
2026-02-28T15:05:18.178+0300	INFO	logger/zap_logger.go:76	[SynchronizerVClock] Loaded key	{"key": "testdb:pg_catalog:pg_type:row:100001:", "value": "[100001,\"positive_int\",11,10,4,true,\"d\",\"N\",false,true,\",\",0,0,0,\"int4in\",\"int4out\",\"int4recv\",\"int4send\",\"-\",\"-\",\"-\",\"i\",\"p\",false,23,-1,0,0,\"NULL\",\"NULL\",\"NULL\"]", "vclock": {"node1":96}}
2026-02-28T15:05:18.178+0300	INFO	logger/zap_logger.go:76	[SynchronizerVClock] Loaded key	{"key": "testdb:pg_catalog:pg_type:row:23:", "value": "[23,\"int4\",11,10,4,true,\"b\",\"N\",true,true,\",\",0,0,1007,\"int4in\",\"int4out\",\"int4recv\",\"int4send\",\"int4typmodin\",\"int4typmodout\",\"int4analyze\",\"i\",\"p\",false,0,-1,0,0,\"NULL\",\"NULL\",\"NULL\"]", "vclock": {"node1":97}}
2026-02-28T15:05:18.178+0300	DEBUG	logger/zap_logger.go:71	DEBUG: Table metadata:	{"meta": {"Name":"pg_catalog.pg_namespace","Columns":{"nspacl":{"Type":0,"IsNullable":true,"DefaultValue":null,"IsSerial":false,"IsUnique":false,"Idx":4},"nspname":{"Type":0,"IsNullable":true,"DefaultValue":null,"IsSerial":false,"IsUnique":false,"Idx":2},"nspowner":{"Type":1,"IsNullable":true,"DefaultValue":null,"IsSerial":false,"IsUnique":false,"Idx":3},"oid":{"Type":1,"IsNullable":false,"DefaultValue":null,"IsSerial":false,"IsUnique":false,"Idx":1}},"PrimaryKeys":[1]}}
2026-02-28T15:05:18.178+0300	INFO	logger/zap_logger.go:76	[SynchronizerVClock] Loaded key	{"key": "testdb:pg_catalog:pg_type:row:26:", "value": "[26,\"oid\",11,10,4,true,\"b\",\"N\",true,true,\",\",0,0,1028,\"oidin\",\"oidout\",\"oidrecv\",\"oidsend\",\"-\",\"-\",\"-\",\"i\",\"p\",false,0,-1,0,0,\"NULL\",\"NULL\",\"NULL\"]", "vclock": {"node1":98}}
2026-02-28T15:05:18.178+0300	DEBUG	logger/zap_logger.go:71	DEBUG: Saved row: 	{"rowKey": "testdb:pg_catalog:pg_namespace:row:11:", "rowData": "[11,\"pg_catalog\",10,\"NULL\"]"}
2026-02-28T15:05:18.178+0300	DEBUG	logger/zap_logger.go:71	DEBUG: Saved row: 	{"rowKey": "testdb:pg_catalog:pg_namespace:row:12:", "rowData": "[12,\"public\",10,\"NULL\"]"}
2026-02-28T15:05:18.178+0300	INFO	logger/zap_logger.go:76	[SynchronizerVClock] Loaded key	{"key": "testdb:pg_catalog:pg_type:row:1184:", "value": "[1184,\"timestamptz\",11,10,8,true,\"b\",\"D\",true,true,\",\",0,0,1185,\"timestamptz_in\",\"timestamptz_out\",\"timestamptz_recv\",\"timestamptz_send\",\"timestamptztypmodin\",\"timestamptztypmodout\",\"-\",\"d\",\"p\",false,0,-1,0,0,\"NULL\",\"NULL\",\"NULL\"]", "vclock": {"node1":99}}
2026-02-28T15:05:18.179+0300	DEBUG	logger/zap_logger.go:96	Executing: 

CREATE TABLE IF NOT EXISTS pg_catalog.pg_database (
    oid INT,
    datname TEXT,
    datdba INT,
    encoding INT,
    datcollate TEXT,
    datctype TEXT,
    datistemplate BOOLEAN,
    datallowconn BOOLEAN,
    datconnlimit INT,
    datlastsysoid INT,
    datfrozenxid INT,
    datminmxid INT,
    dattablespace INT,
    datacl TEXT,
    PRIMARY KEY (oid)
)
2026-02-28T15:05:18.179+0300	INFO	logger/zap_logger.go:76	[SynchronizerVClock] Loaded key	{"key": "testdb:pg_catalog:pg_type:row:1700:", "value": "[1700,\"numeric\",11,10,-1,false,\"b\",\"N\",false,true,\",\",0,0,1231,\"numeric_in\",\"numeric_out\",\"numeric_recv\",\"numeric_send\",\"numerictypmodin\",\"numerictypmodout\",\"-\",\"i\",\"m\",false,0,-1,0,0,\"NULL\",\"NULL\",\"NULL\"]", "vclock": {"node1":100}}
2026-02-28T15:05:18.179+0300	INFO	logger/zap_logger.go:76	[SynchronizerVClock] Loaded key	{"key": "testdb:pg_catalog:pg_type:row:1042:", "value": "[1042,\"bpchar\",11,10,-1,false,\"b\",\"S\",false,true,\",\",0,0,1014,\"bpcharin\",\"bpcharout\",\"bpcharrecv\",\"bpcharsend\",\"bpchartypmodin\",\"bpchartypmodout\",\"-\",\"i\",\"e\",false,0,-1,0,100,\"NULL\",\"NULL\",\"NULL\"]", "vclock": {"node1":101}}
2026-02-28T15:05:18.179+0300	INFO	logger/zap_logger.go:76	[SynchronizerVClock] Loaded key	{"key": "testdb:pg_catalog:pg_type:row:100002:", "value": "[100002,\"email_address\",11,10,-1,false,\"d\",\"S\",false,true,\",\",0,0,0,\"textin\",\"textout\",\"textrecv\",\"textsend\",\"-\",\"-\",\"-\",\"i\",\"e\",false,25,-1,0,0,\"NULL\",\"NULL\",\"NULL\"]", "vclock": {"node1":102}}
2026-02-28T15:05:18.179+0300	INFO	logger/zap_logger.go:76	[SynchronizerVClock] Loaded key	{"key": "testdb:pg_catalog:pg_type:row:701:", "value": "[701,\"float8\",11,10,8,true,\"b\",\"N\",true,true,\",\",0,0,1022,\"float8in\",\"float8out\",\"float8recv\",\"float8send\",\"-\",\"-\",\"-\",\"d\",\"p\",false,0,-1,0,0,\"NULL\",\"NULL\",\"NULL\"]", "vclock": {"node1":103}}
2026-02-28T15:05:18.179+0300	INFO	logger/zap_logger.go:76	[SynchronizerVClock] Loaded key	{"key": "testdb:pg_catalog:pg_type:row:1043:", "value": "[1043,\"varchar\",11,10,-1,false,\"b\",\"S\",false,true,\",\",0,0,1015,\"varcharin\",\"varcharout\",\"varcharrecv\",\"varcharsend\",\"varchartypmodin\",\"varchartypmodout\",\"-\",\"i\",\"e\",false,0,-1,0,100,\"NULL\",\"NULL\",\"NULL\"]", "vclock": {"node1":104}}
2026-02-28T15:05:18.179+0300	INFO	logger/zap_logger.go:76	[SynchronizerVClock] Loaded key	{"key": "testdb:pg_catalog:pg_type:row:100003:", "value": "[100003,\"us_postal_code\",11,10,-1,false,\"d\",\"S\",false,true,\",\",0,0,0,\"textin\",\"textout\",\"textrecv\",\"textsend\",\"-\",\"-\",\"-\",\"i\",\"e\",false,25,-1,0,0,\"NULL\",\"NULL\",\"NULL\"]", "vclock": {"node1":105}}
2026-02-28T15:05:18.179+0300	INFO	logger/zap_logger.go:76	[SynchronizerVClock] Loaded key	{"key": "schema:testdb:pg_catalog:pg_namespace:", "value": "{\"Name\":\"pg_catalog.pg_namespace\",\"Columns\":{\"nspacl\":{\"Type\":0,\"IsNullable\":true,\"DefaultValue\":null,\"IsSerial\":false,\"IsUnique\":false,\"Idx\":4},\"nspname\":{\"Type\":0,\"IsNullable\":true,\"DefaultValue\":null,\"IsSerial\":false,\"IsUnique\":false,\"Idx\":2},\"nspowner\":{\"Type\":1,\"IsNullable\":true,\"DefaultValue\":null,\"IsSerial\":false,\"IsUnique\":false,\"Idx\":3},\"oid\":{\"Type\":1,\"IsNullable\":false,\"DefaultValue\":null,\"IsSerial\":false,\"IsUnique\":false,\"Idx\":1}},\"PrimaryKeys\":[1]}", "vclock": {"node1":106}}
2026-02-28T15:05:18.179+0300	INFO	logger/zap_logger.go:76	[SynchronizerVClock] Loaded key	{"key": "testdb:pg_catalog:pg_namespace:row:11:", "value": "[11,\"pg_catalog\",10,\"NULL\"]", "vclock": {"node1":107}}
2026-02-28T15:05:18.179+0300	DEBUG	logger/zap_logger.go:96	DEBUG: Parsed statement type: CREATE_TABLE

2026-02-28T15:05:18.179+0300	INFO	logger/zap_logger.go:76	[SynchronizerVClock] Loaded key	{"key": "testdb:pg_catalog:pg_namespace:row:12:", "value": "[12,\"public\",10,\"NULL\"]", "vclock": {"node1":108}}
2026-02-28T15:05:18.179+0300	DEBUG	logger/zap_logger.go:96	Executing: 

INSERT INTO pg_catalog.pg_database (oid, datname, datdba, encoding, datcollate, datctype, datistemplate, datallowconn, datconnlimit, datlastsysoid, datfrozenxid, datminmxid, dattablespace, datacl) VALUES
(1, 'postgres', 10, 6, 'en_US.UTF-8', 'en_US.UTF-8', FALSE, TRUE, -1, 0, 0, 0, 1663, NULL)
2026-02-28T15:05:18.179+0300	INFO	logger/zap_logger.go:76	[SynchronizerVClock] Loaded key	{"key": "schema:testdb:pg_catalog:pg_database:", "value": "{\"Name\":\"pg_catalog.pg_database\",\"Columns\":{\"datacl\":{\"Type\":0,\"IsNullable\":true,\"DefaultValue\":null,\"IsSerial\":false,\"IsUnique\":false,\"Idx\":14},\"datallowconn\":{\"Type\":0,\"IsNullable\":true,\"DefaultValue\":null,\"IsSerial\":false,\"IsUnique\":false,\"Idx\":8},\"datcollate\":{\"Type\":0,\"IsNullable\":true,\"DefaultValue\":null,\"IsSerial\":false,\"IsUnique\":false,\"Idx\":5},\"datconnlimit\":{\"Type\":1,\"IsNullable\":true,\"DefaultValue\":null,\"IsSerial\":false,\"IsUnique\":false,\"Idx\":9},\"datctype\":{\"Type\":0,\"IsNullable\":true,\"DefaultValue\":null,\"IsSerial\":false,\"IsUnique\":false,\"Idx\":6},\"datdba\":{\"Type\":1,\"IsNullable\":true,\"DefaultValue\":null,\"IsSerial\":false,\"IsUnique\":false,\"Idx\":3},\"datfrozenxid\":{\"Type\":1,\"IsNullable\":true,\"DefaultValue\":null,\"IsSerial\":false,\"IsUnique\":false,\"Idx\":11},\"datistemplate\":{\"Type\":0,\"IsNullable\":true,\"DefaultValue\":null,\"IsSerial\":false,\"IsUnique\":false,\"Idx\":7},\"datlastsysoid\":{\"Type\":1,\"IsNullable\":true,\"DefaultValue\":null,\"IsSerial\":false,\"IsUnique\":false,\"Idx\":10},\"datminmxid\":{\"Type\":1,\"IsNullable\":true,\"DefaultValue\":null,\"IsSerial\":false,\"IsUnique\":false,\"Idx\":12},\"datname\":{\"Type\":0,\"IsNullable\":true,\"DefaultValue\":null,\"IsSerial\":false,\"IsUnique\":false,\"Idx\":2},\"dattablespace\":{\"Type\":1,\"IsNullable\":true,\"DefaultValue\":null,\"IsSerial\":false,\"IsUnique\":false,\"Idx\":13},\"encoding\":{\"Type\":1,\"IsNullable\":true,\"DefaultValue\":null,\"IsSerial\":false,\"IsUnique\":false,\"Idx\":4},\"oid\":{\"Type\":1,\"IsNullable\":false,\"DefaultValue\":null,\"IsSerial\":false,\"IsUnique\":false,\"Idx\":1}},\"PrimaryKeys\":[1]}", "vclock": {"node1":109}}
2026-02-28T15:05:18.179+0300	DEBUG	logger/zap_logger.go:96	DEBUG: Parsed statement type: INSERT

2026-02-28T15:05:18.179+0300	DEBUG	logger/zap_logger.go:96	DEBUG: Insert into pg_catalog.pg_database: [[1 postgres 10 6 en_US.UTF-8 en_US.UTF-8 false true -1 0 0 0 1663 NULL]]

2026-02-28T15:05:18.179+0300	DEBUG	logger/zap_logger.go:71	DEBUG: Table metadata:	{"meta": {"Name":"pg_catalog.pg_database","Columns":{"datacl":{"Type":0,"IsNullable":true,"DefaultValue":null,"IsSerial":false,"IsUnique":false,"Idx":14},"datallowconn":{"Type":0,"IsNullable":true,"DefaultValue":null,"IsSerial":false,"IsUnique":false,"Idx":8},"datcollate":{"Type":0,"IsNullable":true,"DefaultValue":null,"IsSerial":false,"IsUnique":false,"Idx":5},"datconnlimit":{"Type":1,"IsNullable":true,"DefaultValue":null,"IsSerial":false,"IsUnique":false,"Idx":9},"datctype":{"Type":0,"IsNullable":true,"DefaultValue":null,"IsSerial":false,"IsUnique":false,"Idx":6},"datdba":{"Type":1,"IsNullable":true,"DefaultValue":null,"IsSerial":false,"IsUnique":false,"Idx":3},"datfrozenxid":{"Type":1,"IsNullable":true,"DefaultValue":null,"IsSerial":false,"IsUnique":false,"Idx":11},"datistemplate":{"Type":0,"IsNullable":true,"DefaultValue":null,"IsSerial":false,"IsUnique":false,"Idx":7},"datlastsysoid":{"Type":1,"IsNullable":true,"DefaultValue":null,"IsSerial":false,"IsUnique":false,"Idx":10},"datminmxid":{"Type":1,"IsNullable":true,"DefaultValue":null,"IsSerial":false,"IsUnique":false,"Idx":12},"datname":{"Type":0,"IsNullable":true,"DefaultValue":null,"IsSerial":false,"IsUnique":false,"Idx":2},"dattablespace":{"Type":1,"IsNullable":true,"DefaultValue":null,"IsSerial":false,"IsUnique":false,"Idx":13},"encoding":{"Type":1,"IsNullable":true,"DefaultValue":null,"IsSerial":false,"IsUnique":false,"Idx":4},"oid":{"Type":1,"IsNullable":false,"DefaultValue":null,"IsSerial":false,"IsUnique":false,"Idx":1}},"PrimaryKeys":[1]}}
2026-02-28T15:05:18.179+0300	DEBUG	logger/zap_logger.go:71	DEBUG: Saved row: 	{"rowKey": "testdb:pg_catalog:pg_database:row:1:", "rowData": "[1,\"postgres\",10,6,\"en_US.UTF-8\",\"en_US.UTF-8\",false,true,-1,0,0,0,1663,\"NULL\"]"}
2026-02-28T15:05:18.179+0300	DEBUG	logger/zap_logger.go:96	Executing: 

CREATE TABLE IF NOT EXISTS pg_catalog.pg_tablespace (
    oid INT,
    spcname TEXT,
    spcowner INT,
    spcacl TEXT,
    spcoptions TEXT,
    PRIMARY KEY (oid)
)
2026-02-28T15:05:18.179+0300	INFO	logger/zap_logger.go:76	[SynchronizerVClock] Loaded key	{"key": "testdb:pg_catalog:pg_database:row:1:", "value": "[1,\"postgres\",10,6,\"en_US.UTF-8\",\"en_US.UTF-8\",false,true,-1,0,0,0,1663,\"NULL\"]", "vclock": {"node1":110}}
2026-02-28T15:05:18.179+0300	DEBUG	logger/zap_logger.go:96	DEBUG: Parsed statement type: CREATE_TABLE

2026-02-28T15:05:18.179+0300	DEBUG	logger/zap_logger.go:96	Executing: 

INSERT INTO pg_catalog.pg_tablespace (oid, spcname, spcowner, spcacl, spcoptions) VALUES
(1663, 'pg_default', 10, NULL, NULL),
(1664, 'pg_global', 10, NULL, NULL)
2026-02-28T15:05:18.179+0300	INFO	logger/zap_logger.go:76	[SynchronizerVClock] Loaded key	{"key": "schema:testdb:pg_catalog:pg_tablespace:", "value": "{\"Name\":\"pg_catalog.pg_tablespace\",\"Columns\":{\"oid\":{\"Type\":1,\"IsNullable\":false,\"DefaultValue\":null,\"IsSerial\":false,\"IsUnique\":false,\"Idx\":1},\"spcacl\":{\"Type\":0,\"IsNullable\":true,\"DefaultValue\":null,\"IsSerial\":false,\"IsUnique\":false,\"Idx\":4},\"spcname\":{\"Type\":0,\"IsNullable\":true,\"DefaultValue\":null,\"IsSerial\":false,\"IsUnique\":false,\"Idx\":2},\"spcoptions\":{\"Type\":0,\"IsNullable\":true,\"DefaultValue\":null,\"IsSerial\":false,\"IsUnique\":false,\"Idx\":5},\"spcowner\":{\"Type\":1,\"IsNullable\":true,\"DefaultValue\":null,\"IsSerial\":false,\"IsUnique\":false,\"Idx\":3}},\"PrimaryKeys\":[1]}", "vclock": {"node1":111}}
2026-02-28T15:05:18.179+0300	DEBUG	logger/zap_logger.go:96	DEBUG: Parsed statement type: INSERT

2026-02-28T15:05:18.179+0300	DEBUG	logger/zap_logger.go:96	DEBUG: Insert into pg_catalog.pg_tablespace: [[1663 pg_default 10 NULL NULL] [1664 pg_global 10 NULL NULL]]

2026-02-28T15:05:18.179+0300	DEBUG	logger/zap_logger.go:71	DEBUG: Table metadata:	{"meta": {"Name":"pg_catalog.pg_tablespace","Columns":{"oid":{"Type":1,"IsNullable":false,"DefaultValue":null,"IsSerial":false,"IsUnique":false,"Idx":1},"spcacl":{"Type":0,"IsNullable":true,"DefaultValue":null,"IsSerial":false,"IsUnique":false,"Idx":4},"spcname":{"Type":0,"IsNullable":true,"DefaultValue":null,"IsSerial":false,"IsUnique":false,"Idx":2},"spcoptions":{"Type":0,"IsNullable":true,"DefaultValue":null,"IsSerial":false,"IsUnique":false,"Idx":5},"spcowner":{"Type":1,"IsNullable":true,"DefaultValue":null,"IsSerial":false,"IsUnique":false,"Idx":3}},"PrimaryKeys":[1]}}
2026-02-28T15:05:18.179+0300	DEBUG	logger/zap_logger.go:71	DEBUG: Saved row: 	{"rowKey": "testdb:pg_catalog:pg_tablespace:row:1663:", "rowData": "[1663,\"pg_default\",10,\"NULL\",\"NULL\"]"}
2026-02-28T15:05:18.179+0300	DEBUG	logger/zap_logger.go:71	DEBUG: Saved row: 	{"rowKey": "testdb:pg_catalog:pg_tablespace:row:1664:", "rowData": "[1664,\"pg_global\",10,\"NULL\",\"NULL\"]"}
2026-02-28T15:05:18.179+0300	INFO	logger/zap_logger.go:76	[SynchronizerVClock] Loaded key	{"key": "testdb:pg_catalog:pg_tablespace:row:1663:", "value": "[1663,\"pg_default\",10,\"NULL\",\"NULL\"]", "vclock": {"node1":112}}
2026-02-28T15:05:18.179+0300	DEBUG	logger/zap_logger.go:96	Executing: 

CREATE TABLE IF NOT EXISTS pg_catalog.pg_roles (
    oid INT,
    rolname TEXT,
    rolsuper BOOLEAN,
    rolinherit BOOLEAN,
    rolcreaterole BOOLEAN,
    rolcreatedb BOOLEAN,
    rolcanlogin BOOLEAN,
    rolreplication BOOLEAN,
    rolconnlimit INT,
    rolpassword TEXT,
    rolvaliduntil TEXT,
    rolbypassrls BOOLEAN,
    rolconfig TEXT,
    PRIMARY KEY (oid)
)
2026-02-28T15:05:18.179+0300	INFO	logger/zap_logger.go:76	[SynchronizerVClock] Loaded key	{"key": "testdb:pg_catalog:pg_tablespace:row:1664:", "value": "[1664,\"pg_global\",10,\"NULL\",\"NULL\"]", "vclock": {"node1":113}}
2026-02-28T15:05:18.179+0300	DEBUG	logger/zap_logger.go:96	DEBUG: Parsed statement type: CREATE_TABLE

2026-02-28T15:05:18.179+0300	DEBUG	logger/zap_logger.go:96	Executing: 

INSERT INTO pg_catalog.pg_roles (oid, rolname, rolsuper, rolinherit, rolcreaterole, rolcreatedb, rolcanlogin, rolreplication, rolconnlimit, rolpassword, rolvaliduntil, rolbypassrls, rolconfig) VALUES
(10, 'system', TRUE, TRUE, TRUE, TRUE, TRUE, TRUE, -1, NULL, NULL, FALSE, NULL),
(11, 'user1', FALSE, TRUE, FALSE, TRUE, TRUE, FALSE, -1, NULL, NULL, FALSE, NULL)
2026-02-28T15:05:18.179+0300	INFO	logger/zap_logger.go:76	[SynchronizerVClock] Loaded key	{"key": "schema:testdb:pg_catalog:pg_roles:", "value": "{\"Name\":\"pg_catalog.pg_roles\",\"Columns\":{\"oid\":{\"Type\":1,\"IsNullable\":false,\"DefaultValue\":null,\"IsSerial\":false,\"IsUnique\":false,\"Idx\":1},\"rolbypassrls\":{\"Type\":0,\"IsNullable\":true,\"DefaultValue\":null,\"IsSerial\":false,\"IsUnique\":false,\"Idx\":12},\"rolcanlogin\":{\"Type\":0,\"IsNullable\":true,\"DefaultValue\":null,\"IsSerial\":false,\"IsUnique\":false,\"Idx\":7},\"rolconfig\":{\"Type\":0,\"IsNullable\":true,\"DefaultValue\":null,\"IsSerial\":false,\"IsUnique\":false,\"Idx\":13},\"rolconnlimit\":{\"Type\":1,\"IsNullable\":true,\"DefaultValue\":null,\"IsSerial\":false,\"IsUnique\":false,\"Idx\":9},\"rolcreatedb\":{\"Type\":0,\"IsNullable\":true,\"DefaultValue\":null,\"IsSerial\":false,\"IsUnique\":false,\"Idx\":6},\"rolcreaterole\":{\"Type\":0,\"IsNullable\":true,\"DefaultValue\":null,\"IsSerial\":false,\"IsUnique\":false,\"Idx\":5},\"rolinherit\":{\"Type\":0,\"IsNullable\":true,\"DefaultValue\":null,\"IsSerial\":false,\"IsUnique\":false,\"Idx\":4},\"rolname\":{\"Type\":0,\"IsNullable\":true,\"DefaultValue\":null,\"IsSerial\":false,\"IsUnique\":false,\"Idx\":2},\"rolpassword\":{\"Type\":0,\"IsNullable\":true,\"DefaultValue\":null,\"IsSerial\":false,\"IsUnique\":false,\"Idx\":10},\"rolreplication\":{\"Type\":0,\"IsNullable\":true,\"DefaultValue\":null,\"IsSerial\":false,\"IsUnique\":false,\"Idx\":8},\"rolsuper\":{\"Type\":0,\"IsNullable\":true,\"DefaultValue\":null,\"IsSerial\":false,\"IsUnique\":false,\"Idx\":3},\"rolvaliduntil\":{\"Type\":0,\"IsNullable\":true,\"DefaultValue\":null,\"IsSerial\":false,\"IsUnique\":false,\"Idx\":11}},\"PrimaryKeys\":[1]}", "vclock": {"node1":114}}
2026-02-28T15:05:18.179+0300	DEBUG	logger/zap_logger.go:96	DEBUG: Parsed statement type: INSERT

2026-02-28T15:05:18.179+0300	DEBUG	logger/zap_logger.go:96	DEBUG: Insert into pg_catalog.pg_roles: [[10 system true true true true true true -1 NULL NULL false NULL] [11 user1 false true false true true false -1 NULL NULL false NULL]]

2026-02-28T15:05:18.179+0300	DEBUG	logger/zap_logger.go:71	DEBUG: Table metadata:	{"meta": {"Name":"pg_catalog.pg_roles","Columns":{"oid":{"Type":1,"IsNullable":false,"DefaultValue":null,"IsSerial":false,"IsUnique":false,"Idx":1},"rolbypassrls":{"Type":0,"IsNullable":true,"DefaultValue":null,"IsSerial":false,"IsUnique":false,"Idx":12},"rolcanlogin":{"Type":0,"IsNullable":true,"DefaultValue":null,"IsSerial":false,"IsUnique":false,"Idx":7},"rolconfig":{"Type":0,"IsNullable":true,"DefaultValue":null,"IsSerial":false,"IsUnique":false,"Idx":13},"rolconnlimit":{"Type":1,"IsNullable":true,"DefaultValue":null,"IsSerial":false,"IsUnique":false,"Idx":9},"rolcreatedb":{"Type":0,"IsNullable":true,"DefaultValue":null,"IsSerial":false,"IsUnique":false,"Idx":6},"rolcreaterole":{"Type":0,"IsNullable":true,"DefaultValue":null,"IsSerial":false,"IsUnique":false,"Idx":5},"rolinherit":{"Type":0,"IsNullable":true,"DefaultValue":null,"IsSerial":false,"IsUnique":false,"Idx":4},"rolname":{"Type":0,"IsNullable":true,"DefaultValue":null,"IsSerial":false,"IsUnique":false,"Idx":2},"rolpassword":{"Type":0,"IsNullable":true,"DefaultValue":null,"IsSerial":false,"IsUnique":false,"Idx":10},"rolreplication":{"Type":0,"IsNullable":true,"DefaultValue":null,"IsSerial":false,"IsUnique":false,"Idx":8},"rolsuper":{"Type":0,"IsNullable":true,"DefaultValue":null,"IsSerial":false,"IsUnique":false,"Idx":3},"rolvaliduntil":{"Type":0,"IsNullable":true,"DefaultValue":null,"IsSerial":false,"IsUnique":false,"Idx":11}},"PrimaryKeys":[1]}}
2026-02-28T15:05:18.179+0300	DEBUG	logger/zap_logger.go:71	DEBUG: Saved row: 	{"rowKey": "testdb:pg_catalog:pg_roles:row:10:", "rowData": "[10,\"system\",true,true,true,true,true,true,-1,\"NULL\",\"NULL\",false,\"NULL\"]"}
2026-02-28T15:05:18.179+0300	DEBUG	logger/zap_logger.go:71	DEBUG: Saved row: 	{"rowKey": "testdb:pg_catalog:pg_roles:row:11:", "rowData": "[11,\"user1\",false,true,false,true,true,false,-1,\"NULL\",\"NULL\",false,\"NULL\"]"}
2026-02-28T15:05:18.180+0300	INFO	logger/zap_logger.go:76	[SynchronizerVClock] Loaded key	{"key": "testdb:pg_catalog:pg_roles:row:10:", "value": "[10,\"system\",true,true,true,true,true,true,-1,\"NULL\",\"NULL\",false,\"NULL\"]", "vclock": {"node1":115}}
2026-02-28T15:05:18.180+0300	DEBUG	logger/zap_logger.go:96	Executing: 

CREATE TABLE IF NOT EXISTS pg_catalog.pg_stat_ssl (
    pid INT,
    ssl BOOLEAN,
    version TEXT,
    cipher TEXT,
    bits INT,
    compression BOOLEAN,
    clientdn TEXT,
    PRIMARY KEY (pid)
)
2026-02-28T15:05:18.180+0300	INFO	logger/zap_logger.go:76	[SynchronizerVClock] Loaded key	{"key": "testdb:pg_catalog:pg_roles:row:11:", "value": "[11,\"user1\",false,true,false,true,true,false,-1,\"NULL\",\"NULL\",false,\"NULL\"]", "vclock": {"node1":116}}
2026-02-28T15:05:18.180+0300	DEBUG	logger/zap_logger.go:96	DEBUG: Parsed statement type: CREATE_TABLE

2026-02-28T15:05:18.180+0300	INFO	logger/zap_logger.go:76	[SynchronizerVClock] Loaded key	{"key": "schema:testdb:pg_catalog:pg_stat_ssl:", "value": "{\"Name\":\"pg_catalog.pg_stat_ssl\",\"Columns\":{\"bits\":{\"Type\":1,\"IsNullable\":true,\"DefaultValue\":null,\"IsSerial\":false,\"IsUnique\":false,\"Idx\":5},\"cipher\":{\"Type\":0,\"IsNullable\":true,\"DefaultValue\":null,\"IsSerial\":false,\"IsUnique\":false,\"Idx\":4},\"clientdn\":{\"Type\":0,\"IsNullable\":true,\"DefaultValue\":null,\"IsSerial\":false,\"IsUnique\":false,\"Idx\":7},\"compression\":{\"Type\":0,\"IsNullable\":true,\"DefaultValue\":null,\"IsSerial\":false,\"IsUnique\":false,\"Idx\":6},\"pid\":{\"Type\":1,\"IsNullable\":false,\"DefaultValue\":null,\"IsSerial\":false,\"IsUnique\":false,\"Idx\":1},\"ssl\":{\"Type\":0,\"IsNullable\":true,\"DefaultValue\":null,\"IsSerial\":false,\"IsUnique\":false,\"Idx\":2},\"version\":{\"Type\":0,\"IsNullable\":true,\"DefaultValue\":null,\"IsSerial\":false,\"IsUnique\":false,\"Idx\":3}},\"PrimaryKeys\":[1]}", "vclock": {"node1":117}}
2026-02-28T15:05:18.180+0300	DEBUG	logger/zap_logger.go:96	Executing: 

INSERT INTO pg_catalog.pg_stat_ssl (pid, ssl, version, cipher, bits, compression, clientdn) VALUES
(12345, TRUE, 'TLSv1.3', 'TLS_AES_256_GCM_SHA384', 256, FALSE, 'CN=client,O=example,C=US')
2026-02-28T15:05:18.180+0300	DEBUG	logger/zap_logger.go:96	DEBUG: Parsed statement type: INSERT

2026-02-28T15:05:18.180+0300	DEBUG	logger/zap_logger.go:96	DEBUG: Insert into pg_catalog.pg_stat_ssl: [[12345 true TLSv1.3 TLS_AES_256_GCM_SHA384 256 false CN=client,O=example,C=US]]

2026-02-28T15:05:18.180+0300	DEBUG	logger/zap_logger.go:71	DEBUG: Table metadata:	{"meta": {"Name":"pg_catalog.pg_stat_ssl","Columns":{"bits":{"Type":1,"IsNullable":true,"DefaultValue":null,"IsSerial":false,"IsUnique":false,"Idx":5},"cipher":{"Type":0,"IsNullable":true,"DefaultValue":null,"IsSerial":false,"IsUnique":false,"Idx":4},"clientdn":{"Type":0,"IsNullable":true,"DefaultValue":null,"IsSerial":false,"IsUnique":false,"Idx":7},"compression":{"Type":0,"IsNullable":true,"DefaultValue":null,"IsSerial":false,"IsUnique":false,"Idx":6},"pid":{"Type":1,"IsNullable":false,"DefaultValue":null,"IsSerial":false,"IsUnique":false,"Idx":1},"ssl":{"Type":0,"IsNullable":true,"DefaultValue":null,"IsSerial":false,"IsUnique":false,"Idx":2},"version":{"Type":0,"IsNullable":true,"DefaultValue":null,"IsSerial":false,"IsUnique":false,"Idx":3}},"PrimaryKeys":[1]}}
2026-02-28T15:05:18.180+0300	DEBUG	logger/zap_logger.go:71	DEBUG: Saved row: 	{"rowKey": "testdb:pg_catalog:pg_stat_ssl:row:12345:", "rowData": "[12345,true,\"TLSv1.3\",\"TLS_AES_256_GCM_SHA384\",256,false,\"CN=client,O=example,C=US\"]"}
2026-02-28T15:05:18.180+0300	DEBUG	logger/zap_logger.go:96	Executing: 

CREATE TABLE IF NOT EXISTS pg_catalog.pg_shdescription (
    objoid INT,
    classoid INT,
    objsubid INT,
    description TEXT,
    PRIMARY KEY (objoid, classoid, objsubid)
)
2026-02-28T15:05:18.180+0300	INFO	logger/zap_logger.go:76	[SynchronizerVClock] Loaded key	{"key": "testdb:pg_catalog:pg_stat_ssl:row:12345:", "value": "[12345,true,\"TLSv1.3\",\"TLS_AES_256_GCM_SHA384\",256,false,\"CN=client,O=example,C=US\"]", "vclock": {"node1":118}}
2026-02-28T15:05:18.180+0300	DEBUG	logger/zap_logger.go:96	DEBUG: Parsed statement type: CREATE_TABLE

2026-02-28T15:05:18.180+0300	DEBUG	logger/zap_logger.go:96	Executing: 

INSERT INTO pg_catalog.pg_shdescription (objoid, classoid, objsubid, description) VALUES
(1, 1259, 0, 'Description for pg_tables table'),
(2, 1259, 0, 'Description for pg_columns table')
2026-02-28T15:05:18.180+0300	INFO	logger/zap_logger.go:76	[SynchronizerVClock] Loaded key	{"key": "schema:testdb:pg_catalog:pg_shdescription:", "value": "{\"Name\":\"pg_catalog.pg_shdescription\",\"Columns\":{\"classoid\":{\"Type\":1,\"IsNullable\":false,\"DefaultValue\":null,\"IsSerial\":false,\"IsUnique\":false,\"Idx\":2},\"description\":{\"Type\":0,\"IsNullable\":true,\"DefaultValue\":null,\"IsSerial\":false,\"IsUnique\":false,\"Idx\":4},\"objoid\":{\"Type\":1,\"IsNullable\":false,\"DefaultValue\":null,\"IsSerial\":false,\"IsUnique\":false,\"Idx\":1},\"objsubid\":{\"Type\":1,\"IsNullable\":false,\"DefaultValue\":null,\"IsSerial\":false,\"IsUnique\":false,\"Idx\":3}},\"PrimaryKeys\":[1,2,3]}", "vclock": {"node1":119}}
2026-02-28T15:05:18.180+0300	DEBUG	logger/zap_logger.go:96	DEBUG: Parsed statement type: INSERT

2026-02-28T15:05:18.180+0300	DEBUG	logger/zap_logger.go:96	DEBUG: Insert into pg_catalog.pg_shdescription: [[1 1259 0 Description for pg_tables table] [2 1259 0 Description for pg_columns table]]

2026-02-28T15:05:18.180+0300	DEBUG	logger/zap_logger.go:71	DEBUG: Table metadata:	{"meta": {"Name":"pg_catalog.pg_shdescription","Columns":{"classoid":{"Type":1,"IsNullable":false,"DefaultValue":null,"IsSerial":false,"IsUnique":false,"Idx":2},"description":{"Type":0,"IsNullable":true,"DefaultValue":null,"IsSerial":false,"IsUnique":false,"Idx":4},"objoid":{"Type":1,"IsNullable":false,"DefaultValue":null,"IsSerial":false,"IsUnique":false,"Idx":1},"objsubid":{"Type":1,"IsNullable":false,"DefaultValue":null,"IsSerial":false,"IsUnique":false,"Idx":3}},"PrimaryKeys":[1,2,3]}}
2026-02-28T15:05:18.180+0300	DEBUG	logger/zap_logger.go:71	DEBUG: Saved row: 	{"rowKey": "testdb:pg_catalog:pg_shdescription:row:112590:", "rowData": "[1,1259,0,\"Description for pg_tables table\"]"}
2026-02-28T15:05:18.180+0300	DEBUG	logger/zap_logger.go:71	DEBUG: Saved row: 	{"rowKey": "testdb:pg_catalog:pg_shdescription:row:212590:", "rowData": "[2,1259,0,\"Description for pg_columns table\"]"}
2026-02-28T15:05:18.180+0300	INFO	logger/zap_logger.go:76	[SynchronizerVClock] Loaded key	{"key": "testdb:pg_catalog:pg_shdescription:row:212590:", "value": "[2,1259,0,\"Description for pg_columns table\"]", "vclock": {"node1":120}}
2026-02-28T15:05:18.180+0300	DEBUG	logger/zap_logger.go:96	Executing: 

CREATE TABLE IF NOT EXISTS pg_catalog.pg_am (
    oid INT,
    amname TEXT,
    amhandler INT,
    amtype TEXT,
    PRIMARY KEY (oid)
)
2026-02-28T15:05:18.180+0300	INFO	logger/zap_logger.go:76	[SynchronizerVClock] Loaded key	{"key": "testdb:pg_catalog:pg_shdescription:row:112590:", "value": "[1,1259,0,\"Description for pg_tables table\"]", "vclock": {"node1":121}}
2026-02-28T15:05:18.180+0300	DEBUG	logger/zap_logger.go:96	DEBUG: Parsed statement type: CREATE_TABLE

2026-02-28T15:05:18.180+0300	DEBUG	logger/zap_logger.go:96	Executing: 

INSERT INTO pg_catalog.pg_am (oid, amname, amhandler, amtype) VALUES
(403, 'heap', 0, 't'),
(405, 'btree', 0, 'i')
2026-02-28T15:05:18.180+0300	INFO	logger/zap_logger.go:76	[SynchronizerVClock] Loaded key	{"key": "schema:testdb:pg_catalog:pg_am:", "value": "{\"Name\":\"pg_catalog.pg_am\",\"Columns\":{\"amhandler\":{\"Type\":1,\"IsNullable\":true,\"DefaultValue\":null,\"IsSerial\":false,\"IsUnique\":false,\"Idx\":3},\"amname\":{\"Type\":0,\"IsNullable\":true,\"DefaultValue\":null,\"IsSerial\":false,\"IsUnique\":false,\"Idx\":2},\"amtype\":{\"Type\":0,\"IsNullable\":true,\"DefaultValue\":null,\"IsSerial\":false,\"IsUnique\":false,\"Idx\":4},\"oid\":{\"Type\":1,\"IsNullable\":false,\"DefaultValue\":null,\"IsSerial\":false,\"IsUnique\":false,\"Idx\":1}},\"PrimaryKeys\":[1]}", "vclock": {"node1":122}}
2026-02-28T15:05:18.180+0300	DEBUG	logger/zap_logger.go:96	DEBUG: Parsed statement type: INSERT

2026-02-28T15:05:18.180+0300	DEBUG	logger/zap_logger.go:96	DEBUG: Insert into pg_catalog.pg_am: [[403 heap 0 t] [405 btree 0 i]]

2026-02-28T15:05:18.180+0300	DEBUG	logger/zap_logger.go:71	DEBUG: Table metadata:	{"meta": {"Name":"pg_catalog.pg_am","Columns":{"amhandler":{"Type":1,"IsNullable":true,"DefaultValue":null,"IsSerial":false,"IsUnique":false,"Idx":3},"amname":{"Type":0,"IsNullable":true,"DefaultValue":null,"IsSerial":false,"IsUnique":false,"Idx":2},"amtype":{"Type":0,"IsNullable":true,"DefaultValue":null,"IsSerial":false,"IsUnique":false,"Idx":4},"oid":{"Type":1,"IsNullable":false,"DefaultValue":null,"IsSerial":false,"IsUnique":false,"Idx":1}},"PrimaryKeys":[1]}}
2026-02-28T15:05:18.180+0300	DEBUG	logger/zap_logger.go:71	DEBUG: Saved row: 	{"rowKey": "testdb:pg_catalog:pg_am:row:403:", "rowData": "[403,\"heap\",0,\"t\"]"}
2026-02-28T15:05:18.180+0300	DEBUG	logger/zap_logger.go:71	DEBUG: Saved row: 	{"rowKey": "testdb:pg_catalog:pg_am:row:405:", "rowData": "[405,\"btree\",0,\"i\"]"}
2026-02-28T15:05:18.180+0300	INFO	logger/zap_logger.go:76	[SynchronizerVClock] Loaded key	{"key": "testdb:pg_catalog:pg_am:row:405:", "value": "[405,\"btree\",0,\"i\"]", "vclock": {"node1":123}}
2026-02-28T15:05:18.180+0300	DEBUG	logger/zap_logger.go:96	Executing: 

2026-02-28T15:05:18.180+0300	INFO	logger/zap_logger.go:76	System tables initialization completed
2026-02-28T15:05:18.180+0300	INFO	logger/zap_logger.go:76	[SynchronizerVClock] Loaded key	{"key": "testdb:pg_catalog:pg_am:row:403:", "value": "[403,\"heap\",0,\"t\"]", "vclock": {"node1":124}}
2026-02-28T15:05:18.181+0300	INFO	logger/zap_logger.go:76	Pg server started
2026-02-28T15:05:18.486+0300	INFO	logger/zap_logger.go:76	Accepted connection
2026-02-28T15:05:18.486+0300	INFO	logger/zap_logger.go:76	Accepted connection
2026-02-28T15:05:18.502+0300	INFO	logger/zap_logger.go:76	SSL request received, sending 'N'
2026-02-28T15:05:18.502+0300	INFO	logger/zap_logger.go:76	Startup complete
2026-02-28T15:05:20.257+0300	DEBUG	logger/zap_logger.go:96	Query: CREATE TABLE orders (
    id INT PRIMARY KEY,
    user_id INT
);
2026-02-28T15:05:20.258+0300	DEBUG	logger/zap_logger.go:96	DEBUG: Parsed statement type: CREATE_TABLE

2026-02-28T15:05:20.258+0300	DEBUG	logger/zap_logger.go:96	Parsed statement: %!(EXTRA zapcore.Field={stmt 23 0  0x140007c2000})
2026-02-28T15:05:20.259+0300	INFO	logger/zap_logger.go:76	[SynchronizerVClock] Loaded key	{"key": "schema:testdb:public:orders:", "value": "{\"Name\":\"orders\",\"Columns\":{\"id\":{\"Type\":1,\"IsNullable\":false,\"DefaultValue\":null,\"IsSerial\":false,\"IsUnique\":false,\"Idx\":1},\"user_id\":{\"Type\":1,\"IsNullable\":true,\"DefaultValue\":null,\"IsSerial\":false,\"IsUnique\":false,\"Idx\":2}},\"PrimaryKeys\":[1]}", "vclock": {"node1":125}}
2026-02-28T15:05:20.259+0300	DEBUG	logger/zap_logger.go:96	Query: CREATE TABLE users (
    id INT PRIMARY KEY,
    name TEXT
);
2026-02-28T15:05:20.259+0300	DEBUG	logger/zap_logger.go:96	DEBUG: Parsed statement type: CREATE_TABLE

2026-02-28T15:05:20.259+0300	DEBUG	logger/zap_logger.go:96	Parsed statement: %!(EXTRA zapcore.Field={stmt 23 0  0x140007c2190})
2026-02-28T15:05:20.259+0300	INFO	logger/zap_logger.go:76	[SynchronizerVClock] Loaded key	{"key": "schema:testdb:public:users:", "value": "{\"Name\":\"users\",\"Columns\":{\"id\":{\"Type\":1,\"IsNullable\":false,\"DefaultValue\":null,\"IsSerial\":false,\"IsUnique\":false,\"Idx\":1},\"name\":{\"Type\":0,\"IsNullable\":true,\"DefaultValue\":null,\"IsSerial\":false,\"IsUnique\":false,\"Idx\":2}},\"PrimaryKeys\":[1]}", "vclock": {"node1":126}}
2026-02-28T15:05:20.259+0300	DEBUG	logger/zap_logger.go:96	Query: INSERT INTO users (id, name) VALUES (1, 'Alice'), (2, 'Bob');
2026-02-28T15:05:20.260+0300	DEBUG	logger/zap_logger.go:96	DEBUG: Parsed statement type: INSERT

2026-02-28T15:05:20.260+0300	DEBUG	logger/zap_logger.go:96	Parsed statement: %!(EXTRA zapcore.Field={stmt 23 0  0x1400081d600})
2026-02-28T15:05:20.260+0300	DEBUG	logger/zap_logger.go:96	DEBUG: Insert into users: [[1 Alice] [2 Bob]]

2026-02-28T15:05:20.260+0300	DEBUG	logger/zap_logger.go:71	DEBUG: Table metadata:	{"meta": {"Name":"users","Columns":{"id":{"Type":1,"IsNullable":false,"DefaultValue":null,"IsSerial":false,"IsUnique":false,"Idx":1},"name":{"Type":0,"IsNullable":true,"DefaultValue":null,"IsSerial":false,"IsUnique":false,"Idx":2}},"PrimaryKeys":[1]}}
2026-02-28T15:05:20.260+0300	DEBUG	logger/zap_logger.go:71	DEBUG: Saved row: 	{"rowKey": "testdb:public:users:row:1:", "rowData": "[1,\"Alice\"]"}
2026-02-28T15:05:20.260+0300	DEBUG	logger/zap_logger.go:71	DEBUG: Saved row: 	{"rowKey": "testdb:public:users:row:2:", "rowData": "[2,\"Bob\"]"}
2026-02-28T15:05:20.260+0300	INFO	logger/zap_logger.go:76	[SynchronizerVClock] Loaded key	{"key": "testdb:public:users:row:1:", "value": "[1,\"Alice\"]", "vclock": {"node1":127}}
2026-02-28T15:05:20.260+0300	INFO	logger/zap_logger.go:76	[SynchronizerVClock] Loaded key	{"key": "testdb:public:users:row:2:", "value": "[2,\"Bob\"]", "vclock": {"node1":128}}
2026-02-28T15:05:20.260+0300	DEBUG	logger/zap_logger.go:96	Query: INSERT INTO orders (id, user_id) VALUES (1, 1), (2, 2), (3, 1);
2026-02-28T15:05:20.261+0300	DEBUG	logger/zap_logger.go:96	DEBUG: Parsed statement type: INSERT

2026-02-28T15:05:20.261+0300	DEBUG	logger/zap_logger.go:96	Parsed statement: %!(EXTRA zapcore.Field={stmt 23 0  0x140006162c0})
2026-02-28T15:05:20.261+0300	DEBUG	logger/zap_logger.go:96	DEBUG: Insert into orders: [[1 1] [2 2] [3 1]]

2026-02-28T15:05:20.261+0300	DEBUG	logger/zap_logger.go:71	DEBUG: Table metadata:	{"meta": {"Name":"orders","Columns":{"id":{"Type":1,"IsNullable":false,"DefaultValue":null,"IsSerial":false,"IsUnique":false,"Idx":1},"user_id":{"Type":1,"IsNullable":true,"DefaultValue":null,"IsSerial":false,"IsUnique":false,"Idx":2}},"PrimaryKeys":[1]}}
2026-02-28T15:05:20.261+0300	DEBUG	logger/zap_logger.go:71	DEBUG: Saved row: 	{"rowKey": "testdb:public:orders:row:1:", "rowData": "[1,1]"}
2026-02-28T15:05:20.261+0300	DEBUG	logger/zap_logger.go:71	DEBUG: Saved row: 	{"rowKey": "testdb:public:orders:row:2:", "rowData": "[2,2]"}
2026-02-28T15:05:20.261+0300	DEBUG	logger/zap_logger.go:71	DEBUG: Saved row: 	{"rowKey": "testdb:public:orders:row:3:", "rowData": "[3,1]"}
2026-02-28T15:05:20.261+0300	INFO	logger/zap_logger.go:76	[SynchronizerVClock] Loaded key	{"key": "testdb:public:orders:row:1:", "value": "[1,1]", "vclock": {"node1":129}}
2026-02-28T15:05:20.261+0300	INFO	logger/zap_logger.go:76	[SynchronizerVClock] Loaded key	{"key": "testdb:public:orders:row:2:", "value": "[2,2]", "vclock": {"node1":130}}
2026-02-28T15:05:20.261+0300	INFO	logger/zap_logger.go:76	[SynchronizerVClock] Loaded key	{"key": "testdb:public:orders:row:3:", "value": "[3,1]", "vclock": {"node1":131}}
2026-02-28T15:05:21.795+0300	DEBUG	logger/zap_logger.go:96	Query: SELECT o.id, * FROM orders o
JOIN users u ON o.user_id = u.id;
2026-02-28T15:05:21.802+0300	DEBUG	logger/zap_logger.go:96	Parsing select item: o.id
2026-02-28T15:05:21.802+0300	DEBUG	logger/zap_logger.go:96	Parsing select item: *
2026-02-28T15:05:21.802+0300	DEBUG	logger/zap_logger.go:96	DEBUG: Parsed statement type: SELECT

2026-02-28T15:05:21.803+0300	DEBUG	logger/zap_logger.go:96	Parsed statement: %!(EXTRA zapcore.Field={stmt 23 0  0x14000880d90})
2026-02-28T15:05:21.803+0300	DEBUG	logger/zap_logger.go:96	Executing query plan: %!(EXTRA zapcore.Field={queryPlan 25 0  Project
  Join
    Scan (orders AS o)
    Scan (users AS u)
})
2026-02-28T15:05:21.803+0300	DEBUG	logger/zap_logger.go:71	executing plan node	{"type": "Project"}
2026-02-28T15:05:21.803+0300	DEBUG	logger/zap_logger.go:71	executing plan node	{"type": "Join"}
2026-02-28T15:05:21.803+0300	DEBUG	logger/zap_logger.go:71	executing plan node	{"type": "Scan"}
2026-02-28T15:05:21.803+0300	DEBUG	logger/zap_logger.go:71	Table metadata: 	{"meta": {"Name":"orders","Columns":{"id":{"Type":1,"IsNullable":false,"DefaultValue":null,"IsSerial":false,"IsUnique":false,"Idx":1},"user_id":{"Type":1,"IsNullable":true,"DefaultValue":null,"IsSerial":false,"IsUnique":false,"Idx":2}},"PrimaryKeys":[1]}}
2026-02-28T15:05:21.803+0300	DEBUG	logger/zap_logger.go:71	Table columns	{"columns": [{"Idx":1,"Name":"id","Type":1,"TableIdentifier":"","OriginalTableName":""},{"Idx":2,"Name":"user_id","Type":1,"TableIdentifier":"","OriginalTableName":""}]}
2026-02-28T15:05:21.803+0300	DEBUG	logger/zap_logger.go:71	Select columns	{"columns": [{"Name":"","IsAll":true}]}
2026-02-28T15:05:21.803+0300	DEBUG	logger/zap_logger.go:71	NewIterator called with seekKey:	{"seekKey": "testdb:public:orders:row:", "typ": "ALL"}
2026-02-28T15:05:21.803+0300	DEBUG	logger/zap_logger.go:71	Select result: 	{"result": {"Rows":[[1,1],[2,2],[3,1]],"Columns":[{"Idx":1,"Name":"id","Type":1,"TableIdentifier":"","OriginalTableName":""},{"Idx":2,"Name":"user_id","Type":1,"TableIdentifier":"","OriginalTableName":""}]}}
2026-02-28T15:05:21.803+0300	DEBUG	logger/zap_logger.go:71	scan result	{"rows": 3, "cols": 2}
2026-02-28T15:05:21.803+0300	DEBUG	logger/zap_logger.go:71	executing plan node	{"type": "Scan"}
2026-02-28T15:05:21.803+0300	DEBUG	logger/zap_logger.go:71	Table metadata: 	{"meta": {"Name":"users","Columns":{"id":{"Type":1,"IsNullable":false,"DefaultValue":null,"IsSerial":false,"IsUnique":false,"Idx":1},"name":{"Type":0,"IsNullable":true,"DefaultValue":null,"IsSerial":false,"IsUnique":false,"Idx":2}},"PrimaryKeys":[1]}}
2026-02-28T15:05:21.803+0300	DEBUG	logger/zap_logger.go:71	Table columns	{"columns": [{"Idx":1,"Name":"id","Type":1,"TableIdentifier":"","OriginalTableName":""},{"Idx":2,"Name":"name","Type":0,"TableIdentifier":"","OriginalTableName":""}]}
2026-02-28T15:05:21.804+0300	DEBUG	logger/zap_logger.go:71	Select columns	{"columns": [{"Name":"","IsAll":true}]}
2026-02-28T15:05:21.804+0300	DEBUG	logger/zap_logger.go:71	NewIterator called with seekKey:	{"seekKey": "testdb:public:users:row:", "typ": "ALL"}
2026-02-28T15:05:21.804+0300	DEBUG	logger/zap_logger.go:71	Select result: 	{"result": {"Rows":[[2,"Bob"],[1,"Alice"]],"Columns":[{"Idx":1,"Name":"id","Type":1,"TableIdentifier":"","OriginalTableName":""},{"Idx":2,"Name":"name","Type":0,"TableIdentifier":"","OriginalTableName":""}]}}
2026-02-28T15:05:21.804+0300	DEBUG	logger/zap_logger.go:71	scan result	{"rows": 2, "cols": 2}
2026-02-28T15:05:21.804+0300	DEBUG	logger/zap_logger.go:71	DEBUG: Sending row:	{"row": [1,1,1,1,"Alice"]}
2026-02-28T15:05:21.804+0300	DEBUG	logger/zap_logger.go:71	DEBUG: Sending row:	{"row": [2,2,2,2,"Bob"]}
2026-02-28T15:05:21.804+0300	DEBUG	logger/zap_logger.go:71	DEBUG: Sending row:	{"row": [3,3,1,1,"Alice"]}
2026-02-28T15:06:16.454+0300	DEBUG	logger/zap_logger.go:96	Query: SELECT o.id, u.id, * FROM orders o
JOIN users u ON o.user_id = u.id;
2026-02-28T15:06:16.456+0300	DEBUG	logger/zap_logger.go:96	Parsing select item: o.id
2026-02-28T15:06:16.457+0300	DEBUG	logger/zap_logger.go:96	Parsing select item: u.id
2026-02-28T15:06:16.457+0300	DEBUG	logger/zap_logger.go:96	Parsing select item: *
2026-02-28T15:06:16.457+0300	DEBUG	logger/zap_logger.go:96	DEBUG: Parsed statement type: SELECT

2026-02-28T15:06:16.457+0300	DEBUG	logger/zap_logger.go:96	Parsed statement: %!(EXTRA zapcore.Field={stmt 23 0  0x140008b0070})
2026-02-28T15:06:16.457+0300	DEBUG	logger/zap_logger.go:96	Executing query plan: %!(EXTRA zapcore.Field={queryPlan 25 0  Project
  Join
    Scan (orders AS o)
    Scan (users AS u)
})
2026-02-28T15:06:16.457+0300	DEBUG	logger/zap_logger.go:71	executing plan node	{"type": "Project"}
2026-02-28T15:06:16.457+0300	DEBUG	logger/zap_logger.go:71	executing plan node	{"type": "Join"}
2026-02-28T15:06:16.457+0300	DEBUG	logger/zap_logger.go:71	executing plan node	{"type": "Scan"}
2026-02-28T15:06:16.459+0300	DEBUG	logger/zap_logger.go:71	Table metadata: 	{"meta": {"Name":"orders","Columns":{"id":{"Type":1,"IsNullable":false,"DefaultValue":null,"IsSerial":false,"IsUnique":false,"Idx":1},"user_id":{"Type":1,"IsNullable":true,"DefaultValue":null,"IsSerial":false,"IsUnique":false,"Idx":2}},"PrimaryKeys":[1]}}
2026-02-28T15:06:16.459+0300	DEBUG	logger/zap_logger.go:71	Table columns	{"columns": [{"Idx":1,"Name":"id","Type":1,"TableIdentifier":"","OriginalTableName":""},{"Idx":2,"Name":"user_id","Type":1,"TableIdentifier":"","OriginalTableName":""}]}
2026-02-28T15:06:16.459+0300	DEBUG	logger/zap_logger.go:71	Select columns	{"columns": [{"Name":"","IsAll":true}]}
2026-02-28T15:06:16.459+0300	DEBUG	logger/zap_logger.go:71	NewIterator called with seekKey:	{"seekKey": "testdb:public:orders:row:", "typ": "ALL"}
2026-02-28T15:06:16.459+0300	DEBUG	logger/zap_logger.go:71	Select result: 	{"result": {"Rows":[[1,1],[2,2],[3,1]],"Columns":[{"Idx":1,"Name":"id","Type":1,"TableIdentifier":"","OriginalTableName":""},{"Idx":2,"Name":"user_id","Type":1,"TableIdentifier":"","OriginalTableName":""}]}}
2026-02-28T15:06:16.459+0300	DEBUG	logger/zap_logger.go:71	scan result	{"rows": 3, "cols": 2}
2026-02-28T15:06:16.459+0300	DEBUG	logger/zap_logger.go:71	executing plan node	{"type": "Scan"}
2026-02-28T15:06:16.459+0300	DEBUG	logger/zap_logger.go:71	Table metadata: 	{"meta": {"Name":"users","Columns":{"id":{"Type":1,"IsNullable":false,"DefaultValue":null,"IsSerial":false,"IsUnique":false,"Idx":1},"name":{"Type":0,"IsNullable":true,"DefaultValue":null,"IsSerial":false,"IsUnique":false,"Idx":2}},"PrimaryKeys":[1]}}
2026-02-28T15:06:16.460+0300	DEBUG	logger/zap_logger.go:71	Table columns	{"columns": [{"Idx":1,"Name":"id","Type":1,"TableIdentifier":"","OriginalTableName":""},{"Idx":2,"Name":"name","Type":0,"TableIdentifier":"","OriginalTableName":""}]}
2026-02-28T15:06:16.460+0300	DEBUG	logger/zap_logger.go:71	Select columns	{"columns": [{"Name":"","IsAll":true}]}
2026-02-28T15:06:16.460+0300	DEBUG	logger/zap_logger.go:71	NewIterator called with seekKey:	{"seekKey": "testdb:public:users:row:", "typ": "ALL"}
2026-02-28T15:06:16.460+0300	DEBUG	logger/zap_logger.go:71	Select result: 	{"result": {"Rows":[[1,"Alice"],[2,"Bob"]],"Columns":[{"Idx":1,"Name":"id","Type":1,"TableIdentifier":"","OriginalTableName":""},{"Idx":2,"Name":"name","Type":0,"TableIdentifier":"","OriginalTableName":""}]}}
2026-02-28T15:06:16.460+0300	DEBUG	logger/zap_logger.go:71	scan result	{"rows": 2, "cols": 2}
2026-02-28T15:06:16.460+0300	DEBUG	logger/zap_logger.go:71	DEBUG: Sending row:	{"row": [1,1,1,1,1,"Alice"]}
2026-02-28T15:06:16.460+0300	DEBUG	logger/zap_logger.go:71	DEBUG: Sending row:	{"row": [2,2,2,2,2,"Bob"]}
2026-02-28T15:06:16.460+0300	DEBUG	logger/zap_logger.go:71	DEBUG: Sending row:	{"row": [3,1,3,1,1,"Alice"]}
2026-02-28T15:07:02.911+0300	DEBUG	logger/zap_logger.go:96	Query: SELECT o.id, u.id, * FROM orders o
JOIN users u ON o.user_id = u.id;
2026-02-28T15:07:02.915+0300	DEBUG	logger/zap_logger.go:96	Parsing select item: o.id
2026-02-28T15:07:02.915+0300	DEBUG	logger/zap_logger.go:96	Parsing select item: u.id
2026-02-28T15:07:02.915+0300	DEBUG	logger/zap_logger.go:96	Parsing select item: *
2026-02-28T15:07:02.915+0300	DEBUG	logger/zap_logger.go:96	DEBUG: Parsed statement type: SELECT

2026-02-28T15:07:02.915+0300	DEBUG	logger/zap_logger.go:96	Parsed statement: %!(EXTRA zapcore.Field={stmt 23 0  0x140008b11f0})
2026-02-28T15:07:02.915+0300	DEBUG	logger/zap_logger.go:96	Executing query plan: %!(EXTRA zapcore.Field={queryPlan 25 0  Project
  Join
    Scan (orders AS o)
    Scan (users AS u)
})
2026-02-28T15:07:02.915+0300	DEBUG	logger/zap_logger.go:71	executing plan node	{"type": "Project"}
2026-02-28T15:07:02.915+0300	DEBUG	logger/zap_logger.go:71	executing plan node	{"type": "Join"}
2026-02-28T15:07:02.915+0300	DEBUG	logger/zap_logger.go:71	executing plan node	{"type": "Scan"}
2026-02-28T15:07:02.917+0300	DEBUG	logger/zap_logger.go:71	Table metadata: 	{"meta": {"Name":"orders","Columns":{"id":{"Type":1,"IsNullable":false,"DefaultValue":null,"IsSerial":false,"IsUnique":false,"Idx":1},"user_id":{"Type":1,"IsNullable":true,"DefaultValue":null,"IsSerial":false,"IsUnique":false,"Idx":2}},"PrimaryKeys":[1]}}
2026-02-28T15:07:02.917+0300	DEBUG	logger/zap_logger.go:71	Table columns	{"columns": [{"Idx":1,"Name":"id","Type":1,"TableIdentifier":"","OriginalTableName":""},{"Idx":2,"Name":"user_id","Type":1,"TableIdentifier":"","OriginalTableName":""}]}
2026-02-28T15:07:02.917+0300	DEBUG	logger/zap_logger.go:71	Select columns	{"columns": [{"Name":"","IsAll":true}]}
2026-02-28T15:07:02.917+0300	DEBUG	logger/zap_logger.go:71	NewIterator called with seekKey:	{"seekKey": "testdb:public:orders:row:", "typ": "ALL"}
2026-02-28T15:07:02.917+0300	DEBUG	logger/zap_logger.go:71	Select result: 	{"result": {"Rows":[[1,1],[2,2],[3,1]],"Columns":[{"Idx":1,"Name":"id","Type":1,"TableIdentifier":"","OriginalTableName":""},{"Idx":2,"Name":"user_id","Type":1,"TableIdentifier":"","OriginalTableName":""}]}}
2026-02-28T15:07:02.917+0300	DEBUG	logger/zap_logger.go:71	scan result	{"rows": 3, "cols": 2}
2026-02-28T15:07:02.917+0300	DEBUG	logger/zap_logger.go:71	executing plan node	{"type": "Scan"}
2026-02-28T15:07:02.917+0300	DEBUG	logger/zap_logger.go:71	Table metadata: 	{"meta": {"Name":"users","Columns":{"id":{"Type":1,"IsNullable":false,"DefaultValue":null,"IsSerial":false,"IsUnique":false,"Idx":1},"name":{"Type":0,"IsNullable":true,"DefaultValue":null,"IsSerial":false,"IsUnique":false,"Idx":2}},"PrimaryKeys":[1]}}
2026-02-28T15:07:02.918+0300	DEBUG	logger/zap_logger.go:71	Table columns	{"columns": [{"Idx":1,"Name":"id","Type":1,"TableIdentifier":"","OriginalTableName":""},{"Idx":2,"Name":"name","Type":0,"TableIdentifier":"","OriginalTableName":""}]}
2026-02-28T15:07:02.918+0300	DEBUG	logger/zap_logger.go:71	Select columns	{"columns": [{"Name":"","IsAll":true}]}
2026-02-28T15:07:02.918+0300	DEBUG	logger/zap_logger.go:71	NewIterator called with seekKey:	{"seekKey": "testdb:public:users:row:", "typ": "ALL"}
2026-02-28T15:07:02.919+0300	DEBUG	logger/zap_logger.go:71	Select result: 	{"result": {"Rows":[[1,"Alice"],[2,"Bob"]],"Columns":[{"Idx":1,"Name":"id","Type":1,"TableIdentifier":"","OriginalTableName":""},{"Idx":2,"Name":"name","Type":0,"TableIdentifier":"","OriginalTableName":""}]}}
2026-02-28T15:07:02.919+0300	DEBUG	logger/zap_logger.go:71	scan result	{"rows": 2, "cols": 2}
2026-02-28T15:07:02.919+0300	DEBUG	logger/zap_logger.go:71	DEBUG: Sending row:	{"row": [1,1,1,1,1,"Alice"]}
2026-02-28T15:07:02.919+0300	DEBUG	logger/zap_logger.go:71	DEBUG: Sending row:	{"row": [2,2,2,2,2,"Bob"]}
2026-02-28T15:07:02.919+0300	DEBUG	logger/zap_logger.go:71	DEBUG: Sending row:	{"row": [3,1,3,1,1,"Alice"]}
2026-02-28T15:07:07.281+0300	INFO	logger/zap_logger.go:76	Using in-memory store
2026-02-28T15:07:07.282+0300	DEBUG	logger/zap_logger.go:96	Registering functions for plugin base: [0x14000074770 0x14000074778 0x14000074780 0x14000074788 0x14000074790 0x14000074798 0x140000747a0 0x140000747a8 0x140000747b0 0x140000747b8 0x140000747c0 0x140000747c8 0x140000747d0 0x140000747d8]

2026-02-28T15:07:07.282+0300	INFO	logger/zap_logger.go:76	Plugins registered
2026-02-28T15:07:07.282+0300	INFO	logger/zap_logger.go:76	Initializing system tables...
2026-02-28T15:07:07.282+0300	INFO	logger/zap_logger.go:101	Executing system initialization file: 0001_information_schema.sql
2026-02-28T15:07:07.282+0300	DEBUG	logger/zap_logger.go:96	Executing: -- information_schema global system schema

CREATE TABLE IF NOT EXISTS information_schema.tables (
    table_schema TEXT,
    table_name TEXT,
    table_type TEXT,
    PRIMARY KEY (table_schema, table_name)
)
2026-02-28T15:07:07.282+0300	INFO	logger/zap_logger.go:76	[SynchronizerVClock] Sync complete	{"nodeID": "node1"}
2026-02-28T15:07:07.283+0300	DEBUG	logger/zap_logger.go:96	DEBUG: Parsed statement type: CREATE_TABLE

2026-02-28T15:07:07.283+0300	DEBUG	logger/zap_logger.go:96	Executing: 

INSERT INTO information_schema.tables (table_schema, table_name, table_type) VALUES
    ('information_schema', 'tables', 'BASE TABLE'),
    ('information_schema', 'columns', 'BASE TABLE'),
    ('information_schema', 'schemata', 'BASE TABLE')
2026-02-28T15:07:07.284+0300	INFO	logger/zap_logger.go:76	[SynchronizerVClock] Loaded key	{"key": "schema:testdb:information_schema:tables:", "value": "{\"Name\":\"information_schema.tables\",\"Columns\":{\"table_name\":{\"Type\":0,\"IsNullable\":false,\"DefaultValue\":null,\"IsSerial\":false,\"IsUnique\":false,\"Idx\":2},\"table_schema\":{\"Type\":0,\"IsNullable\":false,\"DefaultValue\":null,\"IsSerial\":false,\"IsUnique\":false,\"Idx\":1},\"table_type\":{\"Type\":0,\"IsNullable\":true,\"DefaultValue\":null,\"IsSerial\":false,\"IsUnique\":false,\"Idx\":3}},\"PrimaryKeys\":[1,2]}", "vclock": {"node1":1}}
2026-02-28T15:07:07.285+0300	DEBUG	logger/zap_logger.go:96	DEBUG: Parsed statement type: INSERT

2026-02-28T15:07:07.285+0300	DEBUG	logger/zap_logger.go:96	DEBUG: Insert into information_schema.tables: [[information_schema tables BASE TABLE] [information_schema columns BASE TABLE] [information_schema schemata BASE TABLE]]

2026-02-28T15:07:07.285+0300	DEBUG	logger/zap_logger.go:71	DEBUG: Table metadata:	{"meta": {"Name":"information_schema.tables","Columns":{"table_name":{"Type":0,"IsNullable":false,"DefaultValue":null,"IsSerial":false,"IsUnique":false,"Idx":2},"table_schema":{"Type":0,"IsNullable":false,"DefaultValue":null,"IsSerial":false,"IsUnique":false,"Idx":1},"table_type":{"Type":0,"IsNullable":true,"DefaultValue":null,"IsSerial":false,"IsUnique":false,"Idx":3}},"PrimaryKeys":[1,2]}}
2026-02-28T15:07:07.285+0300	DEBUG	logger/zap_logger.go:71	DEBUG: Saved row: 	{"rowKey": "testdb:information_schema:tables:row:information_schematables:", "rowData": "[\"information_schema\",\"tables\",\"BASE TABLE\"]"}
2026-02-28T15:07:07.286+0300	DEBUG	logger/zap_logger.go:71	DEBUG: Saved row: 	{"rowKey": "testdb:information_schema:tables:row:information_schemacolumns:", "rowData": "[\"information_schema\",\"columns\",\"BASE TABLE\"]"}
2026-02-28T15:07:07.286+0300	DEBUG	logger/zap_logger.go:71	DEBUG: Saved row: 	{"rowKey": "testdb:information_schema:tables:row:information_schemaschemata:", "rowData": "[\"information_schema\",\"schemata\",\"BASE TABLE\"]"}
2026-02-28T15:07:07.286+0300	INFO	logger/zap_logger.go:76	[SynchronizerVClock] Loaded key	{"key": "testdb:information_schema:tables:row:information_schematables:", "value": "[\"information_schema\",\"tables\",\"BASE TABLE\"]", "vclock": {"node1":2}}
2026-02-28T15:07:07.286+0300	INFO	logger/zap_logger.go:76	[SynchronizerVClock] Loaded key	{"key": "testdb:information_schema:tables:row:information_schemacolumns:", "value": "[\"information_schema\",\"columns\",\"BASE TABLE\"]", "vclock": {"node1":3}}
2026-02-28T15:07:07.286+0300	DEBUG	logger/zap_logger.go:96	Executing: 

CREATE TABLE IF NOT EXISTS information_schema.columns (
    table_schema TEXT,
    table_name TEXT,
    column_name TEXT,
    original_position INT,
    column_default TEXT,
    is_nullable BOOLEAN,
    data_type TEXT,
    PRIMARY KEY (table_schema, table_name, column_name)
)
2026-02-28T15:07:07.286+0300	INFO	logger/zap_logger.go:76	[SynchronizerVClock] Loaded key	{"key": "testdb:information_schema:tables:row:information_schemaschemata:", "value": "[\"information_schema\",\"schemata\",\"BASE TABLE\"]", "vclock": {"node1":4}}
2026-02-28T15:07:07.286+0300	DEBUG	logger/zap_logger.go:96	DEBUG: Parsed statement type: CREATE_TABLE

2026-02-28T15:07:07.286+0300	DEBUG	logger/zap_logger.go:96	Executing: 

INSERT INTO information_schema.columns (table_schema, table_name, column_name, original_position, is_nullable, data_type) VALUES
    ('information_schema', 'tables', 'table_schema', 1, FALSE, 'TEXT'),
    ('information_schema', 'tables', 'table_name', 2, FALSE, 'TEXT'),
    ('information_schema', 'tables', 'table_type', 3, FALSE, 'TEXT'),
    ('information_schema', 'columns', 'table_schema', 1, FALSE, 'TEXT'),
    ('information_schema', 'columns', 'table_name', 2, FALSE, 'TEXT'),
    ('information_schema', 'columns', 'column_name', 3, FALSE, 'TEXT'),
    ('information_schema', 'columns', 'original_position', 4, FALSE, 'INT'),
    ('information_schema', 'columns', 'column_default', 5, TRUE, 'TEXT'),
    ('information_schema', 'columns', 'is_nullable', 6, FALSE, 'BOOLEAN'),
    ('information_schema', 'columns', 'data_type', 7, FALSE, 'TEXT'),
    ('information_schema', 'schemata', 'catalog_name', 1, FALSE, 'TEXT'),
    ('information_schema', 'schemata', 'schema_name', 2, FALSE, 'TEXT'),
    ('information_schema', 'schemata', 'schema_owner', 3, FALSE, 'TEXT'),
    ('information_schema', 'schemata', 'default_character_set_catalog', 4, TRUE, 'TEXT'),
    ('information_schema', 'schemata', 'default_character_set_schema', 5, TRUE, 'TEXT'),
    ('information_schema', 'schemata', 'default_character_set_name', 6, TRUE, 'TEXT'),
    ('information_schema', 'schemata', 'sql_path', 7, TRUE, 'TEXT')
2026-02-28T15:07:07.286+0300	INFO	logger/zap_logger.go:76	[SynchronizerVClock] Loaded key	{"key": "schema:testdb:information_schema:columns:", "value": "{\"Name\":\"information_schema.columns\",\"Columns\":{\"column_default\":{\"Type\":0,\"IsNullable\":true,\"DefaultValue\":null,\"IsSerial\":false,\"IsUnique\":false,\"Idx\":5},\"column_name\":{\"Type\":0,\"IsNullable\":false,\"DefaultValue\":null,\"IsSerial\":false,\"IsUnique\":false,\"Idx\":3},\"data_type\":{\"Type\":0,\"IsNullable\":true,\"DefaultValue\":null,\"IsSerial\":false,\"IsUnique\":false,\"Idx\":7},\"is_nullable\":{\"Type\":0,\"IsNullable\":true,\"DefaultValue\":null,\"IsSerial\":false,\"IsUnique\":false,\"Idx\":6},\"original_position\":{\"Type\":1,\"IsNullable\":true,\"DefaultValue\":null,\"IsSerial\":false,\"IsUnique\":false,\"Idx\":4},\"table_name\":{\"Type\":0,\"IsNullable\":false,\"DefaultValue\":null,\"IsSerial\":false,\"IsUnique\":false,\"Idx\":2},\"table_schema\":{\"Type\":0,\"IsNullable\":false,\"DefaultValue\":null,\"IsSerial\":false,\"IsUnique\":false,\"Idx\":1}},\"PrimaryKeys\":[1,2,3]}", "vclock": {"node1":5}}
2026-02-28T15:07:07.288+0300	DEBUG	logger/zap_logger.go:96	DEBUG: Parsed statement type: INSERT

2026-02-28T15:07:07.288+0300	DEBUG	logger/zap_logger.go:96	DEBUG: Insert into information_schema.columns: [[information_schema tables table_schema 1 false TEXT] [information_schema tables table_name 2 false TEXT] [information_schema tables table_type 3 false TEXT] [information_schema columns table_schema 1 false TEXT] [information_schema columns table_name 2 false TEXT] [information_schema columns column_name 3 false TEXT] [information_schema columns original_position 4 false INT] [information_schema columns column_default 5 true TEXT] [information_schema columns is_nullable 6 false BOOLEAN] [information_schema columns data_type 7 false TEXT] [information_schema schemata catalog_name 1 false TEXT] [information_schema schemata schema_name 2 false TEXT] [information_schema schemata schema_owner 3 false TEXT] [information_schema schemata default_character_set_catalog 4 true TEXT] [information_schema schemata default_character_set_schema 5 true TEXT] [information_schema schemata default_character_set_name 6 true TEXT] [information_schema schemata sql_path 7 true TEXT]]

2026-02-28T15:07:07.288+0300	DEBUG	logger/zap_logger.go:71	DEBUG: Table metadata:	{"meta": {"Name":"information_schema.columns","Columns":{"column_default":{"Type":0,"IsNullable":true,"DefaultValue":null,"IsSerial":false,"IsUnique":false,"Idx":5},"column_name":{"Type":0,"IsNullable":false,"DefaultValue":null,"IsSerial":false,"IsUnique":false,"Idx":3},"data_type":{"Type":0,"IsNullable":true,"DefaultValue":null,"IsSerial":false,"IsUnique":false,"Idx":7},"is_nullable":{"Type":0,"IsNullable":true,"DefaultValue":null,"IsSerial":false,"IsUnique":false,"Idx":6},"original_position":{"Type":1,"IsNullable":true,"DefaultValue":null,"IsSerial":false,"IsUnique":false,"Idx":4},"table_name":{"Type":0,"IsNullable":false,"DefaultValue":null,"IsSerial":false,"IsUnique":false,"Idx":2},"table_schema":{"Type":0,"IsNullable":false,"DefaultValue":null,"IsSerial":false,"IsUnique":false,"Idx":1}},"PrimaryKeys":[1,2,3]}}
2026-02-28T15:07:07.288+0300	DEBUG	logger/zap_logger.go:71	DEBUG: Saved row: 	{"rowKey": "testdb:information_schema:columns:row:information_schematablestable_schema:", "rowData": "[\"information_schema\",\"tables\",\"table_schema\",1,null,false,\"TEXT\"]"}
2026-02-28T15:07:07.288+0300	DEBUG	logger/zap_logger.go:71	DEBUG: Saved row: 	{"rowKey": "testdb:information_schema:columns:row:information_schematablestable_name:", "rowData": "[\"information_schema\",\"tables\",\"table_name\",2,null,false,\"TEXT\"]"}
2026-02-28T15:07:07.288+0300	DEBUG	logger/zap_logger.go:71	DEBUG: Saved row: 	{"rowKey": "testdb:information_schema:columns:row:information_schematablestable_type:", "rowData": "[\"information_schema\",\"tables\",\"table_type\",3,null,false,\"TEXT\"]"}
2026-02-28T15:07:07.288+0300	DEBUG	logger/zap_logger.go:71	DEBUG: Saved row: 	{"rowKey": "testdb:information_schema:columns:row:information_schemacolumnstable_schema:", "rowData": "[\"information_schema\",\"columns\",\"table_schema\",1,null,false,\"TEXT\"]"}
2026-02-28T15:07:07.288+0300	DEBUG	logger/zap_logger.go:71	DEBUG: Saved row: 	{"rowKey": "testdb:information_schema:columns:row:information_schemacolumnstable_name:", "rowData": "[\"information_schema\",\"columns\",\"table_name\",2,null,false,\"TEXT\"]"}
2026-02-28T15:07:07.288+0300	DEBUG	logger/zap_logger.go:71	DEBUG: Saved row: 	{"rowKey": "testdb:information_schema:columns:row:information_schemacolumnscolumn_name:", "rowData": "[\"information_schema\",\"columns\",\"column_name\",3,null,false,\"TEXT\"]"}
2026-02-28T15:07:07.288+0300	DEBUG	logger/zap_logger.go:71	DEBUG: Saved row: 	{"rowKey": "testdb:information_schema:columns:row:information_schemacolumnsoriginal_position:", "rowData": "[\"information_schema\",\"columns\",\"original_position\",4,null,false,\"INT\"]"}
2026-02-28T15:07:07.288+0300	DEBUG	logger/zap_logger.go:71	DEBUG: Saved row: 	{"rowKey": "testdb:information_schema:columns:row:information_schemacolumnscolumn_default:", "rowData": "[\"information_schema\",\"columns\",\"column_default\",5,null,true,\"TEXT\"]"}
2026-02-28T15:07:07.288+0300	DEBUG	logger/zap_logger.go:71	DEBUG: Saved row: 	{"rowKey": "testdb:information_schema:columns:row:information_schemacolumnsis_nullable:", "rowData": "[\"information_schema\",\"columns\",\"is_nullable\",6,null,false,\"BOOLEAN\"]"}
2026-02-28T15:07:07.288+0300	DEBUG	logger/zap_logger.go:71	DEBUG: Saved row: 	{"rowKey": "testdb:information_schema:columns:row:information_schemacolumnsdata_type:", "rowData": "[\"information_schema\",\"columns\",\"data_type\",7,null,false,\"TEXT\"]"}
2026-02-28T15:07:07.288+0300	DEBUG	logger/zap_logger.go:71	DEBUG: Saved row: 	{"rowKey": "testdb:information_schema:columns:row:information_schemaschematacatalog_name:", "rowData": "[\"information_schema\",\"schemata\",\"catalog_name\",1,null,false,\"TEXT\"]"}
2026-02-28T15:07:07.288+0300	DEBUG	logger/zap_logger.go:71	DEBUG: Saved row: 	{"rowKey": "testdb:information_schema:columns:row:information_schemaschemataschema_name:", "rowData": "[\"information_schema\",\"schemata\",\"schema_name\",2,null,false,\"TEXT\"]"}
2026-02-28T15:07:07.288+0300	DEBUG	logger/zap_logger.go:71	DEBUG: Saved row: 	{"rowKey": "testdb:information_schema:columns:row:information_schemaschemataschema_owner:", "rowData": "[\"information_schema\",\"schemata\",\"schema_owner\",3,null,false,\"TEXT\"]"}
2026-02-28T15:07:07.288+0300	DEBUG	logger/zap_logger.go:71	DEBUG: Saved row: 	{"rowKey": "testdb:information_schema:columns:row:information_schemaschematadefault_character_set_catalog:", "rowData": "[\"information_schema\",\"schemata\",\"default_character_set_catalog\",4,null,true,\"TEXT\"]"}
2026-02-28T15:07:07.288+0300	DEBUG	logger/zap_logger.go:71	DEBUG: Saved row: 	{"rowKey": "testdb:information_schema:columns:row:information_schemaschematadefault_character_set_schema:", "rowData": "[\"information_schema\",\"schemata\",\"default_character_set_schema\",5,null,true,\"TEXT\"]"}
2026-02-28T15:07:07.288+0300	DEBUG	logger/zap_logger.go:71	DEBUG: Saved row: 	{"rowKey": "testdb:information_schema:columns:row:information_schemaschematadefault_character_set_name:", "rowData": "[\"information_schema\",\"schemata\",\"default_character_set_name\",6,null,true,\"TEXT\"]"}
2026-02-28T15:07:07.288+0300	DEBUG	logger/zap_logger.go:71	DEBUG: Saved row: 	{"rowKey": "testdb:information_schema:columns:row:information_schemaschematasql_path:", "rowData": "[\"information_schema\",\"schemata\",\"sql_path\",7,null,true,\"TEXT\"]"}
2026-02-28T15:07:07.288+0300	INFO	logger/zap_logger.go:76	[SynchronizerVClock] Loaded key	{"key": "testdb:information_schema:columns:row:information_schematablestable_name:", "value": "[\"information_schema\",\"tables\",\"table_name\",2,null,false,\"TEXT\"]", "vclock": {"node1":6}}
2026-02-28T15:07:07.288+0300	INFO	logger/zap_logger.go:76	[SynchronizerVClock] Loaded key	{"key": "testdb:information_schema:columns:row:information_schemacolumnstable_schema:", "value": "[\"information_schema\",\"columns\",\"table_schema\",1,null,false,\"TEXT\"]", "vclock": {"node1":7}}
2026-02-28T15:07:07.288+0300	INFO	logger/zap_logger.go:76	[SynchronizerVClock] Loaded key	{"key": "testdb:information_schema:columns:row:information_schemacolumnsoriginal_position:", "value": "[\"information_schema\",\"columns\",\"original_position\",4,null,false,\"INT\"]", "vclock": {"node1":8}}
2026-02-28T15:07:07.288+0300	INFO	logger/zap_logger.go:76	[SynchronizerVClock] Loaded key	{"key": "testdb:information_schema:columns:row:information_schemacolumnsis_nullable:", "value": "[\"information_schema\",\"columns\",\"is_nullable\",6,null,false,\"BOOLEAN\"]", "vclock": {"node1":9}}
2026-02-28T15:07:07.288+0300	INFO	logger/zap_logger.go:76	[SynchronizerVClock] Loaded key	{"key": "testdb:information_schema:columns:row:information_schemaschemataschema_owner:", "value": "[\"information_schema\",\"schemata\",\"schema_owner\",3,null,false,\"TEXT\"]", "vclock": {"node1":10}}
2026-02-28T15:07:07.288+0300	DEBUG	logger/zap_logger.go:96	Executing: 

CREATE TABLE IF NOT EXISTS information_schema.schemata (
    catalog_name TEXT,
    schema_name TEXT,
    schema_owner TEXT,
    default_character_set_catalog TEXT,
    default_character_set_schema TEXT,
    default_character_set_name TEXT,
    sql_path TEXT,
    PRIMARY KEY (catalog_name, schema_name)
)
2026-02-28T15:07:07.288+0300	INFO	logger/zap_logger.go:76	[SynchronizerVClock] Loaded key	{"key": "testdb:information_schema:columns:row:information_schematablestable_schema:", "value": "[\"information_schema\",\"tables\",\"table_schema\",1,null,false,\"TEXT\"]", "vclock": {"node1":11}}
2026-02-28T15:07:07.288+0300	INFO	logger/zap_logger.go:76	[SynchronizerVClock] Loaded key	{"key": "testdb:information_schema:columns:row:information_schematablestable_type:", "value": "[\"information_schema\",\"tables\",\"table_type\",3,null,false,\"TEXT\"]", "vclock": {"node1":12}}
2026-02-28T15:07:07.288+0300	INFO	logger/zap_logger.go:76	[SynchronizerVClock] Loaded key	{"key": "testdb:information_schema:columns:row:information_schemacolumnsdata_type:", "value": "[\"information_schema\",\"columns\",\"data_type\",7,null,false,\"TEXT\"]", "vclock": {"node1":13}}
2026-02-28T15:07:07.288+0300	INFO	logger/zap_logger.go:76	[SynchronizerVClock] Loaded key	{"key": "testdb:information_schema:columns:row:information_schemaschemataschema_name:", "value": "[\"information_schema\",\"schemata\",\"schema_name\",2,null,false,\"TEXT\"]", "vclock": {"node1":14}}
2026-02-28T15:07:07.288+0300	INFO	logger/zap_logger.go:76	[SynchronizerVClock] Loaded key	{"key": "testdb:information_schema:columns:row:information_schemacolumnscolumn_name:", "value": "[\"information_schema\",\"columns\",\"column_name\",3,null,false,\"TEXT\"]", "vclock": {"node1":15}}
2026-02-28T15:07:07.288+0300	INFO	logger/zap_logger.go:76	[SynchronizerVClock] Loaded key	{"key": "testdb:information_schema:columns:row:information_schemacolumnscolumn_default:", "value": "[\"information_schema\",\"columns\",\"column_default\",5,null,true,\"TEXT\"]", "vclock": {"node1":16}}
2026-02-28T15:07:07.288+0300	INFO	logger/zap_logger.go:76	[SynchronizerVClock] Loaded key	{"key": "testdb:information_schema:columns:row:information_schemaschematacatalog_name:", "value": "[\"information_schema\",\"schemata\",\"catalog_name\",1,null,false,\"TEXT\"]", "vclock": {"node1":17}}
2026-02-28T15:07:07.288+0300	INFO	logger/zap_logger.go:76	[SynchronizerVClock] Loaded key	{"key": "testdb:information_schema:columns:row:information_schemaschematadefault_character_set_schema:", "value": "[\"information_schema\",\"schemata\",\"default_character_set_schema\",5,null,true,\"TEXT\"]", "vclock": {"node1":18}}
2026-02-28T15:07:07.289+0300	INFO	logger/zap_logger.go:76	[SynchronizerVClock] Loaded key	{"key": "testdb:information_schema:columns:row:information_schemacolumnstable_name:", "value": "[\"information_schema\",\"columns\",\"table_name\",2,null,false,\"TEXT\"]", "vclock": {"node1":19}}
2026-02-28T15:07:07.289+0300	INFO	logger/zap_logger.go:76	[SynchronizerVClock] Loaded key	{"key": "testdb:information_schema:columns:row:information_schemaschematadefault_character_set_catalog:", "value": "[\"information_schema\",\"schemata\",\"default_character_set_catalog\",4,null,true,\"TEXT\"]", "vclock": {"node1":20}}
2026-02-28T15:07:07.289+0300	DEBUG	logger/zap_logger.go:96	DEBUG: Parsed statement type: CREATE_TABLE

2026-02-28T15:07:07.289+0300	INFO	logger/zap_logger.go:76	[SynchronizerVClock] Loaded key	{"key": "testdb:information_schema:columns:row:information_schemaschematadefault_character_set_name:", "value": "[\"information_schema\",\"schemata\",\"default_character_set_name\",6,null,true,\"TEXT\"]", "vclock": {"node1":21}}
2026-02-28T15:07:07.289+0300	DEBUG	logger/zap_logger.go:96	Executing: 

INSERT INTO information_schema.schemata (catalog_name, schema_name, schema_owner) VALUES
    ('petacore', 'information_schema', 'system'),
    ('petacore', 'pg_catalog', 'system')
2026-02-28T15:07:07.289+0300	INFO	logger/zap_logger.go:76	[SynchronizerVClock] Loaded key	{"key": "testdb:information_schema:columns:row:information_schemaschematasql_path:", "value": "[\"information_schema\",\"schemata\",\"sql_path\",7,null,true,\"TEXT\"]", "vclock": {"node1":22}}
2026-02-28T15:07:07.289+0300	INFO	logger/zap_logger.go:76	[SynchronizerVClock] Loaded key	{"key": "schema:testdb:information_schema:schemata:", "value": "{\"Name\":\"information_schema.schemata\",\"Columns\":{\"catalog_name\":{\"Type\":0,\"IsNullable\":false,\"DefaultValue\":null,\"IsSerial\":false,\"IsUnique\":false,\"Idx\":1},\"default_character_set_catalog\":{\"Type\":0,\"IsNullable\":true,\"DefaultValue\":null,\"IsSerial\":false,\"IsUnique\":false,\"Idx\":4},\"default_character_set_name\":{\"Type\":0,\"IsNullable\":true,\"DefaultValue\":null,\"IsSerial\":false,\"IsUnique\":false,\"Idx\":6},\"default_character_set_schema\":{\"Type\":0,\"IsNullable\":true,\"DefaultValue\":null,\"IsSerial\":false,\"IsUnique\":false,\"Idx\":5},\"schema_name\":{\"Type\":0,\"IsNullable\":false,\"DefaultValue\":null,\"IsSerial\":false,\"IsUnique\":false,\"Idx\":2},\"schema_owner\":{\"Type\":0,\"IsNullable\":true,\"DefaultValue\":null,\"IsSerial\":false,\"IsUnique\":false,\"Idx\":3},\"sql_path\":{\"Type\":0,\"IsNullable\":true,\"DefaultValue\":null,\"IsSerial\":false,\"IsUnique\":false,\"Idx\":7}},\"PrimaryKeys\":[1,2]}", "vclock": {"node1":23}}
2026-02-28T15:07:07.289+0300	DEBUG	logger/zap_logger.go:96	DEBUG: Parsed statement type: INSERT

2026-02-28T15:07:07.289+0300	DEBUG	logger/zap_logger.go:96	DEBUG: Insert into information_schema.schemata: [[petacore information_schema system] [petacore pg_catalog system]]

2026-02-28T15:07:07.289+0300	DEBUG	logger/zap_logger.go:71	DEBUG: Table metadata:	{"meta": {"Name":"information_schema.schemata","Columns":{"catalog_name":{"Type":0,"IsNullable":false,"DefaultValue":null,"IsSerial":false,"IsUnique":false,"Idx":1},"default_character_set_catalog":{"Type":0,"IsNullable":true,"DefaultValue":null,"IsSerial":false,"IsUnique":false,"Idx":4},"default_character_set_name":{"Type":0,"IsNullable":true,"DefaultValue":null,"IsSerial":false,"IsUnique":false,"Idx":6},"default_character_set_schema":{"Type":0,"IsNullable":true,"DefaultValue":null,"IsSerial":false,"IsUnique":false,"Idx":5},"schema_name":{"Type":0,"IsNullable":false,"DefaultValue":null,"IsSerial":false,"IsUnique":false,"Idx":2},"schema_owner":{"Type":0,"IsNullable":true,"DefaultValue":null,"IsSerial":false,"IsUnique":false,"Idx":3},"sql_path":{"Type":0,"IsNullable":true,"DefaultValue":null,"IsSerial":false,"IsUnique":false,"Idx":7}},"PrimaryKeys":[1,2]}}
2026-02-28T15:07:07.289+0300	DEBUG	logger/zap_logger.go:71	DEBUG: Saved row: 	{"rowKey": "testdb:information_schema:schemata:row:petacoreinformation_schema:", "rowData": "[\"petacore\",\"information_schema\",\"system\",null,null,null,null]"}
2026-02-28T15:07:07.289+0300	DEBUG	logger/zap_logger.go:71	DEBUG: Saved row: 	{"rowKey": "testdb:information_schema:schemata:row:petacorepg_catalog:", "rowData": "[\"petacore\",\"pg_catalog\",\"system\",null,null,null,null]"}
2026-02-28T15:07:07.289+0300	INFO	logger/zap_logger.go:76	[SynchronizerVClock] Loaded key	{"key": "testdb:information_schema:schemata:row:petacoreinformation_schema:", "value": "[\"petacore\",\"information_schema\",\"system\",null,null,null,null]", "vclock": {"node1":24}}
2026-02-28T15:07:07.289+0300	DEBUG	logger/zap_logger.go:96	Executing: 

2026-02-28T15:07:07.289+0300	INFO	logger/zap_logger.go:101	Executing system initialization file: 0002_pg_catalog.sql
2026-02-28T15:07:07.289+0300	INFO	logger/zap_logger.go:76	[SynchronizerVClock] Loaded key	{"key": "testdb:information_schema:schemata:row:petacorepg_catalog:", "value": "[\"petacore\",\"pg_catalog\",\"system\",null,null,null,null]", "vclock": {"node1":25}}
2026-02-28T15:07:07.289+0300	DEBUG	logger/zap_logger.go:96	Executing: -- pg_catalog global system schema
-- Инициализация системных таблиц для базы 

CREATE TABLE IF NOT EXISTS pg_catalog.pg_tables (
    schemaname TEXT,
    schematable TEXT,
    tableowner TEXT,
    tablespace TEXT, -- TODO CHECK
    hasindexes BOOLEAN,
    hasrules BOOLEAN,
    hastriggers BOOLEAN,
    rowsecurity BOOLEAN,
    PRIMARY KEY (schemaname, schematable)
)
2026-02-28T15:07:07.289+0300	DEBUG	logger/zap_logger.go:96	DEBUG: Parsed statement type: CREATE_TABLE

2026-02-28T15:07:07.289+0300	DEBUG	logger/zap_logger.go:96	Executing: 

INSERT INTO pg_catalog.pg_tables (schemaname, schematable, tableowner, tablespace, hasindexes, hasrules, hastriggers, rowsecurity) VALUES
('pg_catalog', 'pg_tables', 'system', NULL, FALSE, FALSE, FALSE, FALSE),
('pg_catalog', 'pg_columns', 'system', NULL, FALSE, FALSE, FALSE, FALSE),
('pg_catalog', 'pg_class', 'system', NULL, FALSE, FALSE, FALSE, FALSE),
('pg_catalog', 'pg_attribute', 'system', NULL, FALSE, FALSE, FALSE, FALSE),
('pg_catalog', 'pg_proc', 'system', NULL, FALSE, FALSE, FALSE, FALSE),
('pg_catalog', 'pg_type', 'system', NULL, FALSE, FALSE, FALSE, FALSE),
('pg_catalog', 'pg_namespace', 'system', NULL, FALSE, FALSE, FALSE, FALSE),
('pg_catalog', 'pg_database', 'system', NULL, FALSE, FALSE, FALSE, FALSE),
('pg_catalog', 'pg_tablespace', 'system', NULL, FALSE, FALSE, FALSE, FALSE),
('pg_catalog', 'pg_roles', 'system', NULL, FALSE, FALSE, FALSE, FALSE),
('pg_catalog', 'pg_stat_ssl', 'system', NULL, FALSE, FALSE, FALSE, FALSE),
('pg_catalog', 'pg_shdescription', 'system', NULL, FALSE, FALSE, FALSE, FALSE),
('pg_catalog', 'pg_am', 'system', NULL, FALSE, FALSE, FALSE, FALSE)
2026-02-28T15:07:07.289+0300	INFO	logger/zap_logger.go:76	[SynchronizerVClock] Loaded key	{"key": "schema:testdb:pg_catalog:pg_tables:", "value": "{\"Name\":\"pg_catalog.pg_tables\",\"Columns\":{\"hasindexes\":{\"Type\":0,\"IsNullable\":true,\"DefaultValue\":null,\"IsSerial\":false,\"IsUnique\":false,\"Idx\":5},\"hasrules\":{\"Type\":0,\"IsNullable\":true,\"DefaultValue\":null,\"IsSerial\":false,\"IsUnique\":false,\"Idx\":6},\"hastriggers\":{\"Type\":0,\"IsNullable\":true,\"DefaultValue\":null,\"IsSerial\":false,\"IsUnique\":false,\"Idx\":7},\"rowsecurity\":{\"Type\":0,\"IsNullable\":true,\"DefaultValue\":null,\"IsSerial\":false,\"IsUnique\":false,\"Idx\":8},\"schemaname\":{\"Type\":0,\"IsNullable\":false,\"DefaultValue\":null,\"IsSerial\":false,\"IsUnique\":false,\"Idx\":1},\"schematable\":{\"Type\":0,\"IsNullable\":false,\"DefaultValue\":null,\"IsSerial\":false,\"IsUnique\":false,\"Idx\":2},\"tableowner\":{\"Type\":0,\"IsNullable\":true,\"DefaultValue\":null,\"IsSerial\":false,\"IsUnique\":false,\"Idx\":3},\"tablespace\":{\"Type\":0,\"IsNullable\":true,\"DefaultValue\":null,\"IsSerial\":false,\"IsUnique\":false,\"Idx\":4}},\"PrimaryKeys\":[1,2]}", "vclock": {"node1":26}}
2026-02-28T15:07:07.290+0300	DEBUG	logger/zap_logger.go:96	DEBUG: Parsed statement type: INSERT

2026-02-28T15:07:07.290+0300	DEBUG	logger/zap_logger.go:96	DEBUG: Insert into pg_catalog.pg_tables: [[pg_catalog pg_tables system NULL false false false false] [pg_catalog pg_columns system NULL false false false false] [pg_catalog pg_class system NULL false false false false] [pg_catalog pg_attribute system NULL false false false false] [pg_catalog pg_proc system NULL false false false false] [pg_catalog pg_type system NULL false false false false] [pg_catalog pg_namespace system NULL false false false false] [pg_catalog pg_database system NULL false false false false] [pg_catalog pg_tablespace system NULL false false false false] [pg_catalog pg_roles system NULL false false false false] [pg_catalog pg_stat_ssl system NULL false false false false] [pg_catalog pg_shdescription system NULL false false false false] [pg_catalog pg_am system NULL false false false false]]

2026-02-28T15:07:07.290+0300	DEBUG	logger/zap_logger.go:71	DEBUG: Table metadata:	{"meta": {"Name":"pg_catalog.pg_tables","Columns":{"hasindexes":{"Type":0,"IsNullable":true,"DefaultValue":null,"IsSerial":false,"IsUnique":false,"Idx":5},"hasrules":{"Type":0,"IsNullable":true,"DefaultValue":null,"IsSerial":false,"IsUnique":false,"Idx":6},"hastriggers":{"Type":0,"IsNullable":true,"DefaultValue":null,"IsSerial":false,"IsUnique":false,"Idx":7},"rowsecurity":{"Type":0,"IsNullable":true,"DefaultValue":null,"IsSerial":false,"IsUnique":false,"Idx":8},"schemaname":{"Type":0,"IsNullable":false,"DefaultValue":null,"IsSerial":false,"IsUnique":false,"Idx":1},"schematable":{"Type":0,"IsNullable":false,"DefaultValue":null,"IsSerial":false,"IsUnique":false,"Idx":2},"tableowner":{"Type":0,"IsNullable":true,"DefaultValue":null,"IsSerial":false,"IsUnique":false,"Idx":3},"tablespace":{"Type":0,"IsNullable":true,"DefaultValue":null,"IsSerial":false,"IsUnique":false,"Idx":4}},"PrimaryKeys":[1,2]}}
2026-02-28T15:07:07.290+0300	DEBUG	logger/zap_logger.go:71	DEBUG: Saved row: 	{"rowKey": "testdb:pg_catalog:pg_tables:row:pg_catalogpg_tables:", "rowData": "[\"pg_catalog\",\"pg_tables\",\"system\",\"NULL\",false,false,false,false]"}
2026-02-28T15:07:07.290+0300	DEBUG	logger/zap_logger.go:71	DEBUG: Saved row: 	{"rowKey": "testdb:pg_catalog:pg_tables:row:pg_catalogpg_columns:", "rowData": "[\"pg_catalog\",\"pg_columns\",\"system\",\"NULL\",false,false,false,false]"}
2026-02-28T15:07:07.290+0300	DEBUG	logger/zap_logger.go:71	DEBUG: Saved row: 	{"rowKey": "testdb:pg_catalog:pg_tables:row:pg_catalogpg_class:", "rowData": "[\"pg_catalog\",\"pg_class\",\"system\",\"NULL\",false,false,false,false]"}
2026-02-28T15:07:07.290+0300	DEBUG	logger/zap_logger.go:71	DEBUG: Saved row: 	{"rowKey": "testdb:pg_catalog:pg_tables:row:pg_catalogpg_attribute:", "rowData": "[\"pg_catalog\",\"pg_attribute\",\"system\",\"NULL\",false,false,false,false]"}
2026-02-28T15:07:07.290+0300	DEBUG	logger/zap_logger.go:71	DEBUG: Saved row: 	{"rowKey": "testdb:pg_catalog:pg_tables:row:pg_catalogpg_proc:", "rowData": "[\"pg_catalog\",\"pg_proc\",\"system\",\"NULL\",false,false,false,false]"}
2026-02-28T15:07:07.290+0300	DEBUG	logger/zap_logger.go:71	DEBUG: Saved row: 	{"rowKey": "testdb:pg_catalog:pg_tables:row:pg_catalogpg_type:", "rowData": "[\"pg_catalog\",\"pg_type\",\"system\",\"NULL\",false,false,false,false]"}
2026-02-28T15:07:07.290+0300	DEBUG	logger/zap_logger.go:71	DEBUG: Saved row: 	{"rowKey": "testdb:pg_catalog:pg_tables:row:pg_catalogpg_namespace:", "rowData": "[\"pg_catalog\",\"pg_namespace\",\"system\",\"NULL\",false,false,false,false]"}
2026-02-28T15:07:07.290+0300	DEBUG	logger/zap_logger.go:71	DEBUG: Saved row: 	{"rowKey": "testdb:pg_catalog:pg_tables:row:pg_catalogpg_database:", "rowData": "[\"pg_catalog\",\"pg_database\",\"system\",\"NULL\",false,false,false,false]"}
2026-02-28T15:07:07.290+0300	DEBUG	logger/zap_logger.go:71	DEBUG: Saved row: 	{"rowKey": "testdb:pg_catalog:pg_tables:row:pg_catalogpg_tablespace:", "rowData": "[\"pg_catalog\",\"pg_tablespace\",\"system\",\"NULL\",false,false,false,false]"}
2026-02-28T15:07:07.290+0300	DEBUG	logger/zap_logger.go:71	DEBUG: Saved row: 	{"rowKey": "testdb:pg_catalog:pg_tables:row:pg_catalogpg_roles:", "rowData": "[\"pg_catalog\",\"pg_roles\",\"system\",\"NULL\",false,false,false,false]"}
2026-02-28T15:07:07.290+0300	DEBUG	logger/zap_logger.go:71	DEBUG: Saved row: 	{"rowKey": "testdb:pg_catalog:pg_tables:row:pg_catalogpg_stat_ssl:", "rowData": "[\"pg_catalog\",\"pg_stat_ssl\",\"system\",\"NULL\",false,false,false,false]"}
2026-02-28T15:07:07.290+0300	DEBUG	logger/zap_logger.go:71	DEBUG: Saved row: 	{"rowKey": "testdb:pg_catalog:pg_tables:row:pg_catalogpg_shdescription:", "rowData": "[\"pg_catalog\",\"pg_shdescription\",\"system\",\"NULL\",false,false,false,false]"}
2026-02-28T15:07:07.290+0300	DEBUG	logger/zap_logger.go:71	DEBUG: Saved row: 	{"rowKey": "testdb:pg_catalog:pg_tables:row:pg_catalogpg_am:", "rowData": "[\"pg_catalog\",\"pg_am\",\"system\",\"NULL\",false,false,false,false]"}
2026-02-28T15:07:07.291+0300	INFO	logger/zap_logger.go:76	[SynchronizerVClock] Loaded key	{"key": "testdb:pg_catalog:pg_tables:row:pg_catalogpg_type:", "value": "[\"pg_catalog\",\"pg_type\",\"system\",\"NULL\",false,false,false,false]", "vclock": {"node1":27}}
2026-02-28T15:07:07.291+0300	DEBUG	logger/zap_logger.go:96	Executing: 


CREATE TABLE IF NOT EXISTS pg_catalog.pg_columns (
    table_schema TEXT,
    table_name TEXT,
    column_name TEXT,
    original_position INTEGER,
    column_default TEXT, -- TODO check default
    is_nullable BOOLEAN,
    data_type TEXT,
    character_maximum_length INTEGER, -- TODO check
    numeric_precision INTEGER, -- TODO check
    PRIMARY KEY (table_schema, table_name, column_name)
)
2026-02-28T15:07:07.291+0300	INFO	logger/zap_logger.go:76	[SynchronizerVClock] Loaded key	{"key": "testdb:pg_catalog:pg_tables:row:pg_catalogpg_namespace:", "value": "[\"pg_catalog\",\"pg_namespace\",\"system\",\"NULL\",false,false,false,false]", "vclock": {"node1":28}}
2026-02-28T15:07:07.291+0300	INFO	logger/zap_logger.go:76	[SynchronizerVClock] Loaded key	{"key": "testdb:pg_catalog:pg_tables:row:pg_catalogpg_tablespace:", "value": "[\"pg_catalog\",\"pg_tablespace\",\"system\",\"NULL\",false,false,false,false]", "vclock": {"node1":29}}
2026-02-28T15:07:07.291+0300	INFO	logger/zap_logger.go:76	[SynchronizerVClock] Loaded key	{"key": "testdb:pg_catalog:pg_tables:row:pg_catalogpg_roles:", "value": "[\"pg_catalog\",\"pg_roles\",\"system\",\"NULL\",false,false,false,false]", "vclock": {"node1":30}}
2026-02-28T15:07:07.291+0300	INFO	logger/zap_logger.go:76	[SynchronizerVClock] Loaded key	{"key": "testdb:pg_catalog:pg_tables:row:pg_catalogpg_stat_ssl:", "value": "[\"pg_catalog\",\"pg_stat_ssl\",\"system\",\"NULL\",false,false,false,false]", "vclock": {"node1":31}}
2026-02-28T15:07:07.291+0300	INFO	logger/zap_logger.go:76	[SynchronizerVClock] Loaded key	{"key": "testdb:pg_catalog:pg_tables:row:pg_catalogpg_columns:", "value": "[\"pg_catalog\",\"pg_columns\",\"system\",\"NULL\",false,false,false,false]", "vclock": {"node1":32}}
2026-02-28T15:07:07.291+0300	INFO	logger/zap_logger.go:76	[SynchronizerVClock] Loaded key	{"key": "testdb:pg_catalog:pg_tables:row:pg_catalogpg_proc:", "value": "[\"pg_catalog\",\"pg_proc\",\"system\",\"NULL\",false,false,false,false]", "vclock": {"node1":33}}
2026-02-28T15:07:07.291+0300	DEBUG	logger/zap_logger.go:96	DEBUG: Parsed statement type: CREATE_TABLE

2026-02-28T15:07:07.291+0300	INFO	logger/zap_logger.go:76	[SynchronizerVClock] Loaded key	{"key": "testdb:pg_catalog:pg_tables:row:pg_catalogpg_database:", "value": "[\"pg_catalog\",\"pg_database\",\"system\",\"NULL\",false,false,false,false]", "vclock": {"node1":34}}
2026-02-28T15:07:07.291+0300	DEBUG	logger/zap_logger.go:96	Executing: 

INSERT INTO pg_catalog.pg_columns (table_schema, table_name, column_name, original_position, column_default, is_nullable, data_type, character_maximum_length, numeric_precision) VALUES
('pg_catalog', 'pg_tables',  'schemaname', 1, NULL, FALSE, 'TEXT', NULL, NULL),
('pg_catalog', 'pg_tables',  'schematable', 2, NULL, FALSE, 'TEXT', NULL, NULL),
('pg_catalog', 'pg_tables',  'tableowner', 3, NULL, FALSE, 'TEXT', NULL, NULL),
('pg_catalog', 'pg_tables',  'tablespace', 4, NULL, TRUE, 'TEXT', NULL, NULL),
('pg_catalog', 'pg_tables',  'hasindexes', 5, NULL, FALSE, 'BOOLEAN', NULL, NULL),
('pg_catalog', 'pg_tables',  'hasrules', 6, NULL, FALSE, 'BOOLEAN', NULL, NULL),
('pg_catalog', 'pg_tables',  'hastriggers', 7, NULL, FALSE, 'BOOLEAN', NULL, NULL),
('pg_catalog', 'pg_tables',  'rowsecurity', 8, NULL, FALSE, 'BOOLEAN', NULL, NULL)
2026-02-28T15:07:07.291+0300	INFO	logger/zap_logger.go:76	[SynchronizerVClock] Loaded key	{"key": "testdb:pg_catalog:pg_tables:row:pg_catalogpg_shdescription:", "value": "[\"pg_catalog\",\"pg_shdescription\",\"system\",\"NULL\",false,false,false,false]", "vclock": {"node1":35}}
2026-02-28T15:07:07.291+0300	INFO	logger/zap_logger.go:76	[SynchronizerVClock] Loaded key	{"key": "testdb:pg_catalog:pg_tables:row:pg_catalogpg_am:", "value": "[\"pg_catalog\",\"pg_am\",\"system\",\"NULL\",false,false,false,false]", "vclock": {"node1":36}}
2026-02-28T15:07:07.291+0300	INFO	logger/zap_logger.go:76	[SynchronizerVClock] Loaded key	{"key": "testdb:pg_catalog:pg_tables:row:pg_catalogpg_tables:", "value": "[\"pg_catalog\",\"pg_tables\",\"system\",\"NULL\",false,false,false,false]", "vclock": {"node1":37}}
2026-02-28T15:07:07.291+0300	INFO	logger/zap_logger.go:76	[SynchronizerVClock] Loaded key	{"key": "testdb:pg_catalog:pg_tables:row:pg_catalogpg_class:", "value": "[\"pg_catalog\",\"pg_class\",\"system\",\"NULL\",false,false,false,false]", "vclock": {"node1":38}}
2026-02-28T15:07:07.291+0300	INFO	logger/zap_logger.go:76	[SynchronizerVClock] Loaded key	{"key": "testdb:pg_catalog:pg_tables:row:pg_catalogpg_attribute:", "value": "[\"pg_catalog\",\"pg_attribute\",\"system\",\"NULL\",false,false,false,false]", "vclock": {"node1":39}}
2026-02-28T15:07:07.291+0300	INFO	logger/zap_logger.go:76	[SynchronizerVClock] Loaded key	{"key": "schema:testdb:pg_catalog:pg_columns:", "value": "{\"Name\":\"pg_catalog.pg_columns\",\"Columns\":{\"character_maximum_length\":{\"Type\":0,\"IsNullable\":true,\"DefaultValue\":null,\"IsSerial\":false,\"IsUnique\":false,\"Idx\":8},\"column_default\":{\"Type\":0,\"IsNullable\":true,\"DefaultValue\":null,\"IsSerial\":false,\"IsUnique\":false,\"Idx\":5},\"column_name\":{\"Type\":0,\"IsNullable\":false,\"DefaultValue\":null,\"IsSerial\":false,\"IsUnique\":false,\"Idx\":3},\"data_type\":{\"Type\":0,\"IsNullable\":true,\"DefaultValue\":null,\"IsSerial\":false,\"IsUnique\":false,\"Idx\":7},\"is_nullable\":{\"Type\":0,\"IsNullable\":true,\"DefaultValue\":null,\"IsSerial\":false,\"IsUnique\":false,\"Idx\":6},\"numeric_precision\":{\"Type\":0,\"IsNullable\":true,\"DefaultValue\":null,\"IsSerial\":false,\"IsUnique\":false,\"Idx\":9},\"original_position\":{\"Type\":0,\"IsNullable\":true,\"DefaultValue\":null,\"IsSerial\":false,\"IsUnique\":false,\"Idx\":4},\"table_name\":{\"Type\":0,\"IsNullable\":false,\"DefaultValue\":null,\"IsSerial\":false,\"IsUnique\":false,\"Idx\":2},\"table_schema\":{\"Type\":0,\"IsNullable\":false,\"DefaultValue\":null,\"IsSerial\":false,\"IsUnique\":false,\"Idx\":1}},\"PrimaryKeys\":[1,2,3]}", "vclock": {"node1":40}}
2026-02-28T15:07:07.292+0300	DEBUG	logger/zap_logger.go:96	DEBUG: Parsed statement type: INSERT

2026-02-28T15:07:07.292+0300	DEBUG	logger/zap_logger.go:96	DEBUG: Insert into pg_catalog.pg_columns: [[pg_catalog pg_tables schemaname 1 NULL false TEXT NULL NULL] [pg_catalog pg_tables schematable 2 NULL false TEXT NULL NULL] [pg_catalog pg_tables tableowner 3 NULL false TEXT NULL NULL] [pg_catalog pg_tables tablespace 4 NULL true TEXT NULL NULL] [pg_catalog pg_tables hasindexes 5 NULL false BOOLEAN NULL NULL] [pg_catalog pg_tables hasrules 6 NULL false BOOLEAN NULL NULL] [pg_catalog pg_tables hastriggers 7 NULL false BOOLEAN NULL NULL] [pg_catalog pg_tables rowsecurity 8 NULL false BOOLEAN NULL NULL]]

2026-02-28T15:07:07.292+0300	DEBUG	logger/zap_logger.go:71	DEBUG: Table metadata:	{"meta": {"Name":"pg_catalog.pg_columns","Columns":{"character_maximum_length":{"Type":0,"IsNullable":true,"DefaultValue":null,"IsSerial":false,"IsUnique":false,"Idx":8},"column_default":{"Type":0,"IsNullable":true,"DefaultValue":null,"IsSerial":false,"IsUnique":false,"Idx":5},"column_name":{"Type":0,"IsNullable":false,"DefaultValue":null,"IsSerial":false,"IsUnique":false,"Idx":3},"data_type":{"Type":0,"IsNullable":true,"DefaultValue":null,"IsSerial":false,"IsUnique":false,"Idx":7},"is_nullable":{"Type":0,"IsNullable":true,"DefaultValue":null,"IsSerial":false,"IsUnique":false,"Idx":6},"numeric_precision":{"Type":0,"IsNullable":true,"DefaultValue":null,"IsSerial":false,"IsUnique":false,"Idx":9},"original_position":{"Type":0,"IsNullable":true,"DefaultValue":null,"IsSerial":false,"IsUnique":false,"Idx":4},"table_name":{"Type":0,"IsNullable":false,"DefaultValue":null,"IsSerial":false,"IsUnique":false,"Idx":2},"table_schema":{"Type":0,"IsNullable":false,"DefaultValue":null,"IsSerial":false,"IsUnique":false,"Idx":1}},"PrimaryKeys":[1,2,3]}}
2026-02-28T15:07:07.292+0300	DEBUG	logger/zap_logger.go:71	DEBUG: Saved row: 	{"rowKey": "testdb:pg_catalog:pg_columns:row:pg_catalogpg_tablesschemaname:", "rowData": "[\"pg_catalog\",\"pg_tables\",\"schemaname\",1,\"NULL\",false,\"TEXT\",\"NULL\",\"NULL\"]"}
2026-02-28T15:07:07.292+0300	DEBUG	logger/zap_logger.go:71	DEBUG: Saved row: 	{"rowKey": "testdb:pg_catalog:pg_columns:row:pg_catalogpg_tablesschematable:", "rowData": "[\"pg_catalog\",\"pg_tables\",\"schematable\",2,\"NULL\",false,\"TEXT\",\"NULL\",\"NULL\"]"}
2026-02-28T15:07:07.292+0300	DEBUG	logger/zap_logger.go:71	DEBUG: Saved row: 	{"rowKey": "testdb:pg_catalog:pg_columns:row:pg_catalogpg_tablestableowner:", "rowData": "[\"pg_catalog\",\"pg_tables\",\"tableowner\",3,\"NULL\",false,\"TEXT\",\"NULL\",\"NULL\"]"}
2026-02-28T15:07:07.292+0300	DEBUG	logger/zap_logger.go:71	DEBUG: Saved row: 	{"rowKey": "testdb:pg_catalog:pg_columns:row:pg_catalogpg_tablestablespace:", "rowData": "[\"pg_catalog\",\"pg_tables\",\"tablespace\",4,\"NULL\",true,\"TEXT\",\"NULL\",\"NULL\"]"}
2026-02-28T15:07:07.292+0300	DEBUG	logger/zap_logger.go:71	DEBUG: Saved row: 	{"rowKey": "testdb:pg_catalog:pg_columns:row:pg_catalogpg_tableshasindexes:", "rowData": "[\"pg_catalog\",\"pg_tables\",\"hasindexes\",5,\"NULL\",false,\"BOOLEAN\",\"NULL\",\"NULL\"]"}
2026-02-28T15:07:07.292+0300	DEBUG	logger/zap_logger.go:71	DEBUG: Saved row: 	{"rowKey": "testdb:pg_catalog:pg_columns:row:pg_catalogpg_tableshasrules:", "rowData": "[\"pg_catalog\",\"pg_tables\",\"hasrules\",6,\"NULL\",false,\"BOOLEAN\",\"NULL\",\"NULL\"]"}
2026-02-28T15:07:07.292+0300	DEBUG	logger/zap_logger.go:71	DEBUG: Saved row: 	{"rowKey": "testdb:pg_catalog:pg_columns:row:pg_catalogpg_tableshastriggers:", "rowData": "[\"pg_catalog\",\"pg_tables\",\"hastriggers\",7,\"NULL\",false,\"BOOLEAN\",\"NULL\",\"NULL\"]"}
2026-02-28T15:07:07.292+0300	DEBUG	logger/zap_logger.go:71	DEBUG: Saved row: 	{"rowKey": "testdb:pg_catalog:pg_columns:row:pg_catalogpg_tablesrowsecurity:", "rowData": "[\"pg_catalog\",\"pg_tables\",\"rowsecurity\",8,\"NULL\",false,\"BOOLEAN\",\"NULL\",\"NULL\"]"}
2026-02-28T15:07:07.292+0300	INFO	logger/zap_logger.go:76	[SynchronizerVClock] Loaded key	{"key": "testdb:pg_catalog:pg_columns:row:pg_catalogpg_tableshasrules:", "value": "[\"pg_catalog\",\"pg_tables\",\"hasrules\",6,\"NULL\",false,\"BOOLEAN\",\"NULL\",\"NULL\"]", "vclock": {"node1":41}}
2026-02-28T15:07:07.292+0300	DEBUG	logger/zap_logger.go:96	Executing: 

CREATE TABLE IF NOT EXISTS pg_catalog.pg_class (
    oid INTEGER,
    relname TEXT,
    relnamespace INTEGER,
    reltype INTEGER,
    reloftype INTEGER,
    relowner INTEGER,
    relam INTEGER,
    relfilenode INTEGER,
    reltablespace INTEGER,
    relpages INTEGER,
    reltuples FLOAT,
    relallvisible INTEGER,
    reltoastrelid INTEGER,
    relhasindex BOOLEAN,
    relisshared BOOLEAN,
    relpersistence TEXT,
    relkind TEXT,
    relnatts INTEGER,
    relchecks INTEGER,
    relhasrules BOOLEAN,
    relhastriggers BOOLEAN,
    relhassubclass BOOLEAN,
    relrowsecurity BOOLEAN,
    relforcerowsecurity BOOLEAN,
    relispopulated BOOLEAN,
    relreplident TEXT,
    relispartition BOOLEAN,
    relrewrite INTEGER,
    relfrozenxid INTEGER,
    relminmxid INTEGER,
    PRIMARY KEY (oid)
)
2026-02-28T15:07:07.292+0300	INFO	logger/zap_logger.go:76	[SynchronizerVClock] Loaded key	{"key": "testdb:pg_catalog:pg_columns:row:pg_catalogpg_tableshastriggers:", "value": "[\"pg_catalog\",\"pg_tables\",\"hastriggers\",7,\"NULL\",false,\"BOOLEAN\",\"NULL\",\"NULL\"]", "vclock": {"node1":42}}
2026-02-28T15:07:07.292+0300	INFO	logger/zap_logger.go:76	[SynchronizerVClock] Loaded key	{"key": "testdb:pg_catalog:pg_columns:row:pg_catalogpg_tablesrowsecurity:", "value": "[\"pg_catalog\",\"pg_tables\",\"rowsecurity\",8,\"NULL\",false,\"BOOLEAN\",\"NULL\",\"NULL\"]", "vclock": {"node1":43}}
2026-02-28T15:07:07.292+0300	INFO	logger/zap_logger.go:76	[SynchronizerVClock] Loaded key	{"key": "testdb:pg_catalog:pg_columns:row:pg_catalogpg_tablesschemaname:", "value": "[\"pg_catalog\",\"pg_tables\",\"schemaname\",1,\"NULL\",false,\"TEXT\",\"NULL\",\"NULL\"]", "vclock": {"node1":44}}
2026-02-28T15:07:07.292+0300	INFO	logger/zap_logger.go:76	[SynchronizerVClock] Loaded key	{"key": "testdb:pg_catalog:pg_columns:row:pg_catalogpg_tablesschematable:", "value": "[\"pg_catalog\",\"pg_tables\",\"schematable\",2,\"NULL\",false,\"TEXT\",\"NULL\",\"NULL\"]", "vclock": {"node1":45}}
2026-02-28T15:07:07.292+0300	INFO	logger/zap_logger.go:76	[SynchronizerVClock] Loaded key	{"key": "testdb:pg_catalog:pg_columns:row:pg_catalogpg_tablestableowner:", "value": "[\"pg_catalog\",\"pg_tables\",\"tableowner\",3,\"NULL\",false,\"TEXT\",\"NULL\",\"NULL\"]", "vclock": {"node1":46}}
2026-02-28T15:07:07.292+0300	INFO	logger/zap_logger.go:76	[SynchronizerVClock] Loaded key	{"key": "testdb:pg_catalog:pg_columns:row:pg_catalogpg_tablestablespace:", "value": "[\"pg_catalog\",\"pg_tables\",\"tablespace\",4,\"NULL\",true,\"TEXT\",\"NULL\",\"NULL\"]", "vclock": {"node1":47}}
2026-02-28T15:07:07.292+0300	INFO	logger/zap_logger.go:76	[SynchronizerVClock] Loaded key	{"key": "testdb:pg_catalog:pg_columns:row:pg_catalogpg_tableshasindexes:", "value": "[\"pg_catalog\",\"pg_tables\",\"hasindexes\",5,\"NULL\",false,\"BOOLEAN\",\"NULL\",\"NULL\"]", "vclock": {"node1":48}}
2026-02-28T15:07:07.292+0300	DEBUG	logger/zap_logger.go:96	DEBUG: Parsed statement type: CREATE_TABLE

2026-02-28T15:07:07.292+0300	DEBUG	logger/zap_logger.go:96	Executing: 

INSERT INTO pg_catalog.pg_class (
    oid, relname, relnamespace, reltype, reloftype, relowner,
    relam, relfilenode, reltablespace, relpages, reltuples,
    relallvisible, reltoastrelid, relhasindex, relisshared,
    relpersistence, relkind, relnatts, relchecks, relhasrules,
    relhastriggers, relhassubclass, relrowsecurity,
    relforcerowsecurity, relispopulated, relreplident,
    relispartition, relrewrite, relfrozenxid, relminmxid
) VALUES
(1259, 'pg_tables', 11, 0, 0, 10, 0, 0, 0, 0, 0.0, 0, 0, FALSE, FALSE, 'p', 'r', 8, 0, FALSE, FALSE, FALSE, FALSE, FALSE, TRUE, 'n', FALSE, 0, 0, 0),
(1260, 'pg_columns', 11, 0, 0, 10, 0, 0, 0, 0, 0.0, 0, 0, FALSE, FALSE, 'p', 'r', 9, 0, FALSE, FALSE, FALSE, FALSE, FALSE, TRUE, 'n', FALSE, 0, 0, 0),
(1261, 'pg_class', 11, 83, 0, 10, 0, 0, 0, 0, 0.0, 0, 0, FALSE, FALSE, 'p', 'r', 30, 0, FALSE, FALSE, FALSE, FALSE, FALSE, TRUE, 'n', FALSE, 0, 0, 0),
(1249, 'pg_attribute', 11, 75, 0, 10, 0, 0, 0, 0, 0.0, 0, 0, FALSE, FALSE, 'p', 'r', 23, 0, FALSE, FALSE, FALSE, FALSE, FALSE, TRUE, 'n', FALSE, 0, 0, 0),
(1255, 'pg_proc', 11, 81, 0, 10, 0, 0, 0, 0, 0.0, 0, 0, FALSE, FALSE, 'p', 'r', 29, 0, FALSE, FALSE, FALSE, FALSE, FALSE, TRUE, 'n', FALSE, 0, 0, 0),
(1247, 'pg_type', 11, 71, 0, 10, 0, 0, 0, 0, 0.0, 0, 0, FALSE, FALSE, 'p', 'r', 31, 0, FALSE, FALSE, FALSE, FALSE, FALSE, TRUE, 'n', FALSE, 0, 0, 0),
(2615, 'pg_namespace', 11, 2615, 0, 10, 0, 0, 0, 0, 0.0, 0, 0, FALSE, FALSE, 'p', 'r', 4, 0, FALSE, FALSE, FALSE, FALSE, FALSE, TRUE, 'n', FALSE, 0, 0, 0),
(1262, 'pg_database', 11, 1248, 0, 10, 0, 0, 0, 0, 0.0, 0, 0, FALSE, FALSE, 'p', 'r', 14, 0, FALSE, FALSE, FALSE, FALSE, FALSE, TRUE, 'n', FALSE, 0, 0, 0),
(1213, 'pg_tablespace', 11, 1213, 0, 10, 0, 0, 0, 0, 0.0, 0, 0, FALSE, FALSE, 'p', 'r', 5, 0, FALSE, FALSE, FALSE, FALSE, FALSE, TRUE, 'n', FALSE, 0, 0, 0),
(1263, 'pg_shdescription', 11, 0, 0, 10, 0, 0, 0, 0, 0.0, 0, 0, FALSE, FALSE, 'p', 'r', 4, 0, FALSE, FALSE, FALSE, FALSE, FALSE, TRUE, 'n', FALSE, 0, 0, 0),
(2601, 'pg_am', 11, 0, 0, 10, 0, 0, 0, 0, 0.0, 0, 0, FALSE, FALSE, 'p', 'r', 4, 0, FALSE, FALSE, FALSE, FALSE, FALSE, TRUE, 'n', FALSE, 0, 0, 0)
2026-02-28T15:07:07.292+0300	INFO	logger/zap_logger.go:76	[SynchronizerVClock] Loaded key	{"key": "schema:testdb:pg_catalog:pg_class:", "value": "{\"Name\":\"pg_catalog.pg_class\",\"Columns\":{\"oid\":{\"Type\":0,\"IsNullable\":false,\"DefaultValue\":null,\"IsSerial\":false,\"IsUnique\":false,\"Idx\":1},\"relallvisible\":{\"Type\":0,\"IsNullable\":true,\"DefaultValue\":null,\"IsSerial\":false,\"IsUnique\":false,\"Idx\":12},\"relam\":{\"Type\":0,\"IsNullable\":true,\"DefaultValue\":null,\"IsSerial\":false,\"IsUnique\":false,\"Idx\":7},\"relchecks\":{\"Type\":0,\"IsNullable\":true,\"DefaultValue\":null,\"IsSerial\":false,\"IsUnique\":false,\"Idx\":19},\"relfilenode\":{\"Type\":0,\"IsNullable\":true,\"DefaultValue\":null,\"IsSerial\":false,\"IsUnique\":false,\"Idx\":8},\"relforcerowsecurity\":{\"Type\":0,\"IsNullable\":true,\"DefaultValue\":null,\"IsSerial\":false,\"IsUnique\":false,\"Idx\":24},\"relfrozenxid\":{\"Type\":0,\"IsNullable\":true,\"DefaultValue\":null,\"IsSerial\":false,\"IsUnique\":false,\"Idx\":29},\"relhasindex\":{\"Type\":0,\"IsNullable\":true,\"DefaultValue\":null,\"IsSerial\":false,\"IsUnique\":false,\"Idx\":14},\"relhasrules\":{\"Type\":0,\"IsNullable\":true,\"DefaultValue\":null,\"IsSerial\":false,\"IsUnique\":false,\"Idx\":20},\"relhassubclass\":{\"Type\":0,\"IsNullable\":true,\"DefaultValue\":null,\"IsSerial\":false,\"IsUnique\":false,\"Idx\":22},\"relhastriggers\":{\"Type\":0,\"IsNullable\":true,\"DefaultValue\":null,\"IsSerial\":false,\"IsUnique\":false,\"Idx\":21},\"relispartition\":{\"Type\":0,\"IsNullable\":true,\"DefaultValue\":null,\"IsSerial\":false,\"IsUnique\":false,\"Idx\":27},\"relispopulated\":{\"Type\":0,\"IsNullable\":true,\"DefaultValue\":null,\"IsSerial\":false,\"IsUnique\":false,\"Idx\":25},\"relisshared\":{\"Type\":0,\"IsNullable\":true,\"DefaultValue\":null,\"IsSerial\":false,\"IsUnique\":false,\"Idx\":15},\"relkind\":{\"Type\":0,\"IsNullable\":true,\"DefaultValue\":null,\"IsSerial\":false,\"IsUnique\":false,\"Idx\":17},\"relminmxid\":{\"Type\":0,\"IsNullable\":true,\"DefaultValue\":null,\"IsSerial\":false,\"IsUnique\":false,\"Idx\":30},\"relname\":{\"Type\":0,\"IsNullable\":true,\"DefaultValue\":null,\"IsSerial\":false,\"IsUnique\":false,\"Idx\":2},\"relnamespace\":{\"Type\":0,\"IsNullable\":true,\"DefaultValue\":null,\"IsSerial\":false,\"IsUnique\":false,\"Idx\":3},\"relnatts\":{\"Type\":0,\"IsNullable\":true,\"DefaultValue\":null,\"IsSerial\":false,\"IsUnique\":false,\"Idx\":18},\"reloftype\":{\"Type\":0,\"IsNullable\":true,\"DefaultValue\":null,\"IsSerial\":false,\"IsUnique\":false,\"Idx\":5},\"relowner\":{\"Type\":0,\"IsNullable\":true,\"DefaultValue\":null,\"IsSerial\":false,\"IsUnique\":false,\"Idx\":6},\"relpages\":{\"Type\":0,\"IsNullable\":true,\"DefaultValue\":null,\"IsSerial\":false,\"IsUnique\":false,\"Idx\":10},\"relpersistence\":{\"Type\":0,\"IsNullable\":true,\"DefaultValue\":null,\"IsSerial\":false,\"IsUnique\":false,\"Idx\":16},\"relreplident\":{\"Type\":0,\"IsNullable\":true,\"DefaultValue\":null,\"IsSerial\":false,\"IsUnique\":false,\"Idx\":26},\"relrewrite\":{\"Type\":0,\"IsNullable\":true,\"DefaultValue\":null,\"IsSerial\":false,\"IsUnique\":false,\"Idx\":28},\"relrowsecurity\":{\"Type\":0,\"IsNullable\":true,\"DefaultValue\":null,\"IsSerial\":false,\"IsUnique\":false,\"Idx\":23},\"reltablespace\":{\"Type\":0,\"IsNullable\":true,\"DefaultValue\":null,\"IsSerial\":false,\"IsUnique\":false,\"Idx\":9},\"reltoastrelid\":{\"Type\":0,\"IsNullable\":true,\"DefaultValue\":null,\"IsSerial\":false,\"IsUnique\":false,\"Idx\":13},\"reltuples\":{\"Type\":3,\"IsNullable\":true,\"DefaultValue\":null,\"IsSerial\":false,\"IsUnique\":false,\"Idx\":11},\"reltype\":{\"Type\":0,\"IsNullable\":true,\"DefaultValue\":null,\"IsSerial\":false,\"IsUnique\":false,\"Idx\":4}},\"PrimaryKeys\":[1]}", "vclock": {"node1":49}}
2026-02-28T15:07:07.295+0300	DEBUG	logger/zap_logger.go:96	DEBUG: Parsed statement type: INSERT

2026-02-28T15:07:07.295+0300	DEBUG	logger/zap_logger.go:96	DEBUG: Insert into pg_catalog.pg_class: [[1259 pg_tables 11 0 0 10 0 0 0 0 0 0 0 false false p r 8 0 false false false false false true n false 0 0 0] [1260 pg_columns 11 0 0 10 0 0 0 0 0 0 0 false false p r 9 0 false false false false false true n false 0 0 0] [1261 pg_class 11 83 0 10 0 0 0 0 0 0 0 false false p r 30 0 false false false false false true n false 0 0 0] [1249 pg_attribute 11 75 0 10 0 0 0 0 0 0 0 false false p r 23 0 false false false false false true n false 0 0 0] [1255 pg_proc 11 81 0 10 0 0 0 0 0 0 0 false false p r 29 0 false false false false false true n false 0 0 0] [1247 pg_type 11 71 0 10 0 0 0 0 0 0 0 false false p r 31 0 false false false false false true n false 0 0 0] [2615 pg_namespace 11 2615 0 10 0 0 0 0 0 0 0 false false p r 4 0 false false false false false true n false 0 0 0] [1262 pg_database 11 1248 0 10 0 0 0 0 0 0 0 false false p r 14 0 false false false false false true n false 0 0 0] [1213 pg_tablespace 11 1213 0 10 0 0 0 0 0 0 0 false false p r 5 0 false false false false false true n false 0 0 0] [1263 pg_shdescription 11 0 0 10 0 0 0 0 0 0 0 false false p r 4 0 false false false false false true n false 0 0 0] [2601 pg_am 11 0 0 10 0 0 0 0 0 0 0 false false p r 4 0 false false false false false true n false 0 0 0]]

2026-02-28T15:07:07.295+0300	DEBUG	logger/zap_logger.go:71	DEBUG: Table metadata:	{"meta": {"Name":"pg_catalog.pg_class","Columns":{"oid":{"Type":0,"IsNullable":false,"DefaultValue":null,"IsSerial":false,"IsUnique":false,"Idx":1},"relallvisible":{"Type":0,"IsNullable":true,"DefaultValue":null,"IsSerial":false,"IsUnique":false,"Idx":12},"relam":{"Type":0,"IsNullable":true,"DefaultValue":null,"IsSerial":false,"IsUnique":false,"Idx":7},"relchecks":{"Type":0,"IsNullable":true,"DefaultValue":null,"IsSerial":false,"IsUnique":false,"Idx":19},"relfilenode":{"Type":0,"IsNullable":true,"DefaultValue":null,"IsSerial":false,"IsUnique":false,"Idx":8},"relforcerowsecurity":{"Type":0,"IsNullable":true,"DefaultValue":null,"IsSerial":false,"IsUnique":false,"Idx":24},"relfrozenxid":{"Type":0,"IsNullable":true,"DefaultValue":null,"IsSerial":false,"IsUnique":false,"Idx":29},"relhasindex":{"Type":0,"IsNullable":true,"DefaultValue":null,"IsSerial":false,"IsUnique":false,"Idx":14},"relhasrules":{"Type":0,"IsNullable":true,"DefaultValue":null,"IsSerial":false,"IsUnique":false,"Idx":20},"relhassubclass":{"Type":0,"IsNullable":true,"DefaultValue":null,"IsSerial":false,"IsUnique":false,"Idx":22},"relhastriggers":{"Type":0,"IsNullable":true,"DefaultValue":null,"IsSerial":false,"IsUnique":false,"Idx":21},"relispartition":{"Type":0,"IsNullable":true,"DefaultValue":null,"IsSerial":false,"IsUnique":false,"Idx":27},"relispopulated":{"Type":0,"IsNullable":true,"DefaultValue":null,"IsSerial":false,"IsUnique":false,"Idx":25},"relisshared":{"Type":0,"IsNullable":true,"DefaultValue":null,"IsSerial":false,"IsUnique":false,"Idx":15},"relkind":{"Type":0,"IsNullable":true,"DefaultValue":null,"IsSerial":false,"IsUnique":false,"Idx":17},"relminmxid":{"Type":0,"IsNullable":true,"DefaultValue":null,"IsSerial":false,"IsUnique":false,"Idx":30},"relname":{"Type":0,"IsNullable":true,"DefaultValue":null,"IsSerial":false,"IsUnique":false,"Idx":2},"relnamespace":{"Type":0,"IsNullable":true,"DefaultValue":null,"IsSerial":false,"IsUnique":false,"Idx":3},"relnatts":{"Type":0,"IsNullable":true,"DefaultValue":null,"IsSerial":false,"IsUnique":false,"Idx":18},"reloftype":{"Type":0,"IsNullable":true,"DefaultValue":null,"IsSerial":false,"IsUnique":false,"Idx":5},"relowner":{"Type":0,"IsNullable":true,"DefaultValue":null,"IsSerial":false,"IsUnique":false,"Idx":6},"relpages":{"Type":0,"IsNullable":true,"DefaultValue":null,"IsSerial":false,"IsUnique":false,"Idx":10},"relpersistence":{"Type":0,"IsNullable":true,"DefaultValue":null,"IsSerial":false,"IsUnique":false,"Idx":16},"relreplident":{"Type":0,"IsNullable":true,"DefaultValue":null,"IsSerial":false,"IsUnique":false,"Idx":26},"relrewrite":{"Type":0,"IsNullable":true,"DefaultValue":null,"IsSerial":false,"IsUnique":false,"Idx":28},"relrowsecurity":{"Type":0,"IsNullable":true,"DefaultValue":null,"IsSerial":false,"IsUnique":false,"Idx":23},"reltablespace":{"Type":0,"IsNullable":true,"DefaultValue":null,"IsSerial":false,"IsUnique":false,"Idx":9},"reltoastrelid":{"Type":0,"IsNullable":true,"DefaultValue":null,"IsSerial":false,"IsUnique":false,"Idx":13},"reltuples":{"Type":3,"IsNullable":true,"DefaultValue":null,"IsSerial":false,"IsUnique":false,"Idx":11},"reltype":{"Type":0,"IsNullable":true,"DefaultValue":null,"IsSerial":false,"IsUnique":false,"Idx":4}},"PrimaryKeys":[1]}}
2026-02-28T15:07:07.295+0300	DEBUG	logger/zap_logger.go:71	DEBUG: Saved row: 	{"rowKey": "testdb:pg_catalog:pg_class:row:1259:", "rowData": "[1259,\"pg_tables\",11,0,0,10,0,0,0,0,0,0,0,false,false,\"p\",\"r\",8,0,false,false,false,false,false,true,\"n\",false,0,0,0]"}
2026-02-28T15:07:07.295+0300	DEBUG	logger/zap_logger.go:71	DEBUG: Saved row: 	{"rowKey": "testdb:pg_catalog:pg_class:row:1260:", "rowData": "[1260,\"pg_columns\",11,0,0,10,0,0,0,0,0,0,0,false,false,\"p\",\"r\",9,0,false,false,false,false,false,true,\"n\",false,0,0,0]"}
2026-02-28T15:07:07.295+0300	DEBUG	logger/zap_logger.go:71	DEBUG: Saved row: 	{"rowKey": "testdb:pg_catalog:pg_class:row:1261:", "rowData": "[1261,\"pg_class\",11,83,0,10,0,0,0,0,0,0,0,false,false,\"p\",\"r\",30,0,false,false,false,false,false,true,\"n\",false,0,0,0]"}
2026-02-28T15:07:07.295+0300	DEBUG	logger/zap_logger.go:71	DEBUG: Saved row: 	{"rowKey": "testdb:pg_catalog:pg_class:row:1249:", "rowData": "[1249,\"pg_attribute\",11,75,0,10,0,0,0,0,0,0,0,false,false,\"p\",\"r\",23,0,false,false,false,false,false,true,\"n\",false,0,0,0]"}
2026-02-28T15:07:07.295+0300	DEBUG	logger/zap_logger.go:71	DEBUG: Saved row: 	{"rowKey": "testdb:pg_catalog:pg_class:row:1255:", "rowData": "[1255,\"pg_proc\",11,81,0,10,0,0,0,0,0,0,0,false,false,\"p\",\"r\",29,0,false,false,false,false,false,true,\"n\",false,0,0,0]"}
2026-02-28T15:07:07.295+0300	DEBUG	logger/zap_logger.go:71	DEBUG: Saved row: 	{"rowKey": "testdb:pg_catalog:pg_class:row:1247:", "rowData": "[1247,\"pg_type\",11,71,0,10,0,0,0,0,0,0,0,false,false,\"p\",\"r\",31,0,false,false,false,false,false,true,\"n\",false,0,0,0]"}
2026-02-28T15:07:07.295+0300	DEBUG	logger/zap_logger.go:71	DEBUG: Saved row: 	{"rowKey": "testdb:pg_catalog:pg_class:row:2615:", "rowData": "[2615,\"pg_namespace\",11,2615,0,10,0,0,0,0,0,0,0,false,false,\"p\",\"r\",4,0,false,false,false,false,false,true,\"n\",false,0,0,0]"}
2026-02-28T15:07:07.295+0300	DEBUG	logger/zap_logger.go:71	DEBUG: Saved row: 	{"rowKey": "testdb:pg_catalog:pg_class:row:1262:", "rowData": "[1262,\"pg_database\",11,1248,0,10,0,0,0,0,0,0,0,false,false,\"p\",\"r\",14,0,false,false,false,false,false,true,\"n\",false,0,0,0]"}
2026-02-28T15:07:07.295+0300	DEBUG	logger/zap_logger.go:71	DEBUG: Saved row: 	{"rowKey": "testdb:pg_catalog:pg_class:row:1213:", "rowData": "[1213,\"pg_tablespace\",11,1213,0,10,0,0,0,0,0,0,0,false,false,\"p\",\"r\",5,0,false,false,false,false,false,true,\"n\",false,0,0,0]"}
2026-02-28T15:07:07.295+0300	DEBUG	logger/zap_logger.go:71	DEBUG: Saved row: 	{"rowKey": "testdb:pg_catalog:pg_class:row:1263:", "rowData": "[1263,\"pg_shdescription\",11,0,0,10,0,0,0,0,0,0,0,false,false,\"p\",\"r\",4,0,false,false,false,false,false,true,\"n\",false,0,0,0]"}
2026-02-28T15:07:07.295+0300	DEBUG	logger/zap_logger.go:71	DEBUG: Saved row: 	{"rowKey": "testdb:pg_catalog:pg_class:row:2601:", "rowData": "[2601,\"pg_am\",11,0,0,10,0,0,0,0,0,0,0,false,false,\"p\",\"r\",4,0,false,false,false,false,false,true,\"n\",false,0,0,0]"}
2026-02-28T15:07:07.295+0300	INFO	logger/zap_logger.go:76	[SynchronizerVClock] Loaded key	{"key": "testdb:pg_catalog:pg_class:row:1249:", "value": "[1249,\"pg_attribute\",11,75,0,10,0,0,0,0,0,0,0,false,false,\"p\",\"r\",23,0,false,false,false,false,false,true,\"n\",false,0,0,0]", "vclock": {"node1":50}}
2026-02-28T15:07:07.295+0300	INFO	logger/zap_logger.go:76	[SynchronizerVClock] Loaded key	{"key": "testdb:pg_catalog:pg_class:row:2615:", "value": "[2615,\"pg_namespace\",11,2615,0,10,0,0,0,0,0,0,0,false,false,\"p\",\"r\",4,0,false,false,false,false,false,true,\"n\",false,0,0,0]", "vclock": {"node1":51}}
2026-02-28T15:07:07.295+0300	DEBUG	logger/zap_logger.go:96	Executing: 

CREATE TABLE IF NOT EXISTS pg_catalog.pg_attribute (
    attrelid INTEGER,
    attname TEXT,
    atttypid INT,
    attstattarget INT,
    attlen INT,
    attnum INT,
    attndims INT,
    attcacheoff INT,
    atttypmod INT,
    attbyval BOOLEAN,
    attstorage CHAR(1),
    attalign CHAR(1),
    attnotnull BOOLEAN,
    atthasdef BOOLEAN,
    attidentity CHAR(1),
    attgenerated CHAR(1),
    attisdropped BOOLEAN,
    attislocal BOOLEAN,
    attinhcount INT,
    attcollation INT,
    attacl TEXT,
    attoptions TEXT,
    attfdwoptions TEXT,
    PRIMARY KEY (attrelid, attname)
)
2026-02-28T15:07:07.295+0300	INFO	logger/zap_logger.go:76	[SynchronizerVClock] Loaded key	{"key": "testdb:pg_catalog:pg_class:row:1260:", "value": "[1260,\"pg_columns\",11,0,0,10,0,0,0,0,0,0,0,false,false,\"p\",\"r\",9,0,false,false,false,false,false,true,\"n\",false,0,0,0]", "vclock": {"node1":52}}
2026-02-28T15:07:07.295+0300	INFO	logger/zap_logger.go:76	[SynchronizerVClock] Loaded key	{"key": "testdb:pg_catalog:pg_class:row:1255:", "value": "[1255,\"pg_proc\",11,81,0,10,0,0,0,0,0,0,0,false,false,\"p\",\"r\",29,0,false,false,false,false,false,true,\"n\",false,0,0,0]", "vclock": {"node1":53}}
2026-02-28T15:07:07.295+0300	INFO	logger/zap_logger.go:76	[SynchronizerVClock] Loaded key	{"key": "testdb:pg_catalog:pg_class:row:1247:", "value": "[1247,\"pg_type\",11,71,0,10,0,0,0,0,0,0,0,false,false,\"p\",\"r\",31,0,false,false,false,false,false,true,\"n\",false,0,0,0]", "vclock": {"node1":54}}
2026-02-28T15:07:07.295+0300	INFO	logger/zap_logger.go:76	[SynchronizerVClock] Loaded key	{"key": "testdb:pg_catalog:pg_class:row:1262:", "value": "[1262,\"pg_database\",11,1248,0,10,0,0,0,0,0,0,0,false,false,\"p\",\"r\",14,0,false,false,false,false,false,true,\"n\",false,0,0,0]", "vclock": {"node1":55}}
2026-02-28T15:07:07.295+0300	INFO	logger/zap_logger.go:76	[SynchronizerVClock] Loaded key	{"key": "testdb:pg_catalog:pg_class:row:1213:", "value": "[1213,\"pg_tablespace\",11,1213,0,10,0,0,0,0,0,0,0,false,false,\"p\",\"r\",5,0,false,false,false,false,false,true,\"n\",false,0,0,0]", "vclock": {"node1":56}}
2026-02-28T15:07:07.295+0300	INFO	logger/zap_logger.go:76	[SynchronizerVClock] Loaded key	{"key": "testdb:pg_catalog:pg_class:row:1263:", "value": "[1263,\"pg_shdescription\",11,0,0,10,0,0,0,0,0,0,0,false,false,\"p\",\"r\",4,0,false,false,false,false,false,true,\"n\",false,0,0,0]", "vclock": {"node1":57}}
2026-02-28T15:07:07.295+0300	INFO	logger/zap_logger.go:76	[SynchronizerVClock] Loaded key	{"key": "testdb:pg_catalog:pg_class:row:2601:", "value": "[2601,\"pg_am\",11,0,0,10,0,0,0,0,0,0,0,false,false,\"p\",\"r\",4,0,false,false,false,false,false,true,\"n\",false,0,0,0]", "vclock": {"node1":58}}
2026-02-28T15:07:07.295+0300	INFO	logger/zap_logger.go:76	[SynchronizerVClock] Loaded key	{"key": "testdb:pg_catalog:pg_class:row:1259:", "value": "[1259,\"pg_tables\",11,0,0,10,0,0,0,0,0,0,0,false,false,\"p\",\"r\",8,0,false,false,false,false,false,true,\"n\",false,0,0,0]", "vclock": {"node1":59}}
2026-02-28T15:07:07.295+0300	INFO	logger/zap_logger.go:76	[SynchronizerVClock] Loaded key	{"key": "testdb:pg_catalog:pg_class:row:1261:", "value": "[1261,\"pg_class\",11,83,0,10,0,0,0,0,0,0,0,false,false,\"p\",\"r\",30,0,false,false,false,false,false,true,\"n\",false,0,0,0]", "vclock": {"node1":60}}
2026-02-28T15:07:07.295+0300	DEBUG	logger/zap_logger.go:96	DEBUG: Parsed statement type: CREATE_TABLE

2026-02-28T15:07:07.295+0300	DEBUG	logger/zap_logger.go:96	Executing: 

INSERT INTO pg_catalog.pg_attribute (attrelid, attname, atttypid, attstattarget, attlen, attnum, attndims, attcacheoff, atttypmod, attbyval, attstorage, attalign, attnotnull, atthasdef, attidentity, attgenerated, attisdropped, attislocal, attinhcount, attcollation, attacl, attoptions, attfdwoptions) VALUES
(1, 'schemaname', 25, -1, -1, 1, 0, -1, -1, FALSE, 'p', 'i', FALSE, FALSE, '', '', FALSE, TRUE, 0, 0, NULL, NULL, NULL),
(1, 'schematable', 25, -1, -1, 2, 0, -1, -1, FALSE, 'p', 'i', FALSE, FALSE, '', '', FALSE, TRUE, 0, 0, NULL, NULL, NULL),
(1, 'tableowner', 25, -1, -1, 3, 0, -1, -1, FALSE, 'p', 'i', FALSE, FALSE, '', '', FALSE, TRUE, 0, 0, NULL, NULL, NULL),
(1, 'tablespace', 25, -1, -1, 4, 0, -1, -1, FALSE, 'p', 'i', TRUE, FALSE, '', '', FALSE, TRUE, 0, 0, NULL, NULL, NULL),
(1, 'hasindexes', 16, -1, 1, 5, 0, -1, -1, FALSE, 'p', 'i', FALSE, FALSE, '', '', FALSE, TRUE, 0, 0,NULL , NULL , NULL),
(1,'hasrules',16,-1 ,1 ,6 ,0 ,-1 ,-1 ,FALSE ,'p' ,'i' ,FALSE ,FALSE ,'' ,'' ,FALSE ,TRUE ,0 ,0 ,NULL ,NULL ,NULL),
(1,'hastriggers',16 ,-1 ,1 ,7 ,0 ,-1 ,-1 ,FALSE ,'p' ,'i' ,FALSE ,FALSE ,'' ,'' ,FALSE ,TRUE ,0 ,0 ,NULL ,NULL ,NULL),
(1,'rowsecurity',16 ,-1 ,1 ,8 ,0 ,-1 ,-1 ,FALSE ,'p' ,'i' ,FALSE ,FALSE ,'' ,'' ,FALSE ,TRUE ,0 ,0 ,NULL ,NULL ,NULL),
(2, 'table_schema', 25, -1, -1, 1, 0, -1, -1, FALSE, 'p', 'i', FALSE, FALSE, '', '', FALSE, TRUE, 0, 0, NULL, NULL, NULL),
(2, 'table_name', 25, -1, -1, 2, 0, -1, -1, FALSE, 'p', 'i', FALSE, FALSE, '', '', FALSE, TRUE, 0, 0, NULL, NULL, NULL),
(2, 'column_name', 25, -1, -1, 3, 0, -1, -1, FALSE, 'p', 'i', FALSE, FALSE, '', '', FALSE, TRUE, 0, 0, NULL, NULL, NULL),
(2, 'original_position', 23, -1, 4, 4, 0, -1, -1, FALSE, 'p', 'i', FALSE, FALSE, '', '', FALSE, TRUE, 0, 0, NULL, NULL, NULL),
(2, 'column_default', 25, -1, -1, 5, 0, -1, -1, TRUE, 'p', 'i', TRUE, FALSE, '', '', FALSE, TRUE, 0, 0, NULL, NULL, NULL),
(2, 'is_nullable', 16, -1, 1, 6, 0, -1, -1, FALSE, 'p', 'i', FALSE, FALSE, '', '', FALSE, TRUE, 0, 0, NULL, NULL, NULL),
(2, 'data_type', 25, -1, -1, 7, 0, -1, -1, FALSE, 'p', 'i', FALSE, FALSE, '', '', FALSE, TRUE, 0, 0, NULL, NULL, NULL),
(2, 'character_maximum_length', 23, -1, 4, 8, 0, -1, -1, TRUE, 'p', 'i', TRUE, FALSE, '', '', FALSE, TRUE, 0, 0, NULL, NULL, NULL),
(2, 'numeric_precision', 23, -1, 4, 9, 0, -1, -1, TRUE, 'p', 'i', TRUE, FALSE, '', '', FALSE, TRUE, 0, 0, NULL, NULL, NULL)
2026-02-28T15:07:07.295+0300	INFO	logger/zap_logger.go:76	[SynchronizerVClock] Loaded key	{"key": "schema:testdb:pg_catalog:pg_attribute:", "value": "{\"Name\":\"pg_catalog.pg_attribute\",\"Columns\":{\"attacl\":{\"Type\":0,\"IsNullable\":true,\"DefaultValue\":null,\"IsSerial\":false,\"IsUnique\":false,\"Idx\":21},\"attalign\":{\"Type\":0,\"IsNullable\":true,\"DefaultValue\":null,\"IsSerial\":false,\"IsUnique\":false,\"Idx\":12},\"attbyval\":{\"Type\":0,\"IsNullable\":true,\"DefaultValue\":null,\"IsSerial\":false,\"IsUnique\":false,\"Idx\":10},\"attcacheoff\":{\"Type\":1,\"IsNullable\":true,\"DefaultValue\":null,\"IsSerial\":false,\"IsUnique\":false,\"Idx\":8},\"attcollation\":{\"Type\":1,\"IsNullable\":true,\"DefaultValue\":null,\"IsSerial\":false,\"IsUnique\":false,\"Idx\":20},\"attfdwoptions\":{\"Type\":0,\"IsNullable\":true,\"DefaultValue\":null,\"IsSerial\":false,\"IsUnique\":false,\"Idx\":23},\"attgenerated\":{\"Type\":0,\"IsNullable\":true,\"DefaultValue\":null,\"IsSerial\":false,\"IsUnique\":false,\"Idx\":16},\"atthasdef\":{\"Type\":0,\"IsNullable\":true,\"DefaultValue\":null,\"IsSerial\":false,\"IsUnique\":false,\"Idx\":14},\"attidentity\":{\"Type\":0,\"IsNullable\":true,\"DefaultValue\":null,\"IsSerial\":false,\"IsUnique\":false,\"Idx\":15},\"attinhcount\":{\"Type\":1,\"IsNullable\":true,\"DefaultValue\":null,\"IsSerial\":false,\"IsUnique\":false,\"Idx\":19},\"attisdropped\":{\"Type\":0,\"IsNullable\":true,\"DefaultValue\":null,\"IsSerial\":false,\"IsUnique\":false,\"Idx\":17},\"attislocal\":{\"Type\":0,\"IsNullable\":true,\"DefaultValue\":null,\"IsSerial\":false,\"IsUnique\":false,\"Idx\":18},\"attlen\":{\"Type\":1,\"IsNullable\":true,\"DefaultValue\":null,\"IsSerial\":false,\"IsUnique\":false,\"Idx\":5},\"attname\":{\"Type\":0,\"IsNullable\":false,\"DefaultValue\":null,\"IsSerial\":false,\"IsUnique\":false,\"Idx\":2},\"attndims\":{\"Type\":1,\"IsNullable\":true,\"DefaultValue\":null,\"IsSerial\":false,\"IsUnique\":false,\"Idx\":7},\"attnotnull\":{\"Type\":0,\"IsNullable\":true,\"DefaultValue\":null,\"IsSerial\":false,\"IsUnique\":false,\"Idx\":13},\"attnum\":{\"Type\":1,\"IsNullable\":true,\"DefaultValue\":null,\"IsSerial\":false,\"IsUnique\":false,\"Idx\":6},\"attoptions\":{\"Type\":0,\"IsNullable\":true,\"DefaultValue\":null,\"IsSerial\":false,\"IsUnique\":false,\"Idx\":22},\"attrelid\":{\"Type\":0,\"IsNullable\":false,\"DefaultValue\":null,\"IsSerial\":false,\"IsUnique\":false,\"Idx\":1},\"attstattarget\":{\"Type\":1,\"IsNullable\":true,\"DefaultValue\":null,\"IsSerial\":false,\"IsUnique\":false,\"Idx\":4},\"attstorage\":{\"Type\":0,\"IsNullable\":true,\"DefaultValue\":null,\"IsSerial\":false,\"IsUnique\":false,\"Idx\":11},\"atttypid\":{\"Type\":1,\"IsNullable\":true,\"DefaultValue\":null,\"IsSerial\":false,\"IsUnique\":false,\"Idx\":3},\"atttypmod\":{\"Type\":1,\"IsNullable\":true,\"DefaultValue\":null,\"IsSerial\":false,\"IsUnique\":false,\"Idx\":9}},\"PrimaryKeys\":[1,2]}", "vclock": {"node1":61}}
2026-02-28T15:07:07.297+0300	DEBUG	logger/zap_logger.go:96	DEBUG: Parsed statement type: INSERT

2026-02-28T15:07:07.297+0300	DEBUG	logger/zap_logger.go:96	DEBUG: Insert into pg_catalog.pg_attribute: [[1 schemaname 25 -1 -1 1 0 -1 -1 false p i false false   false true 0 0 NULL NULL NULL] [1 schematable 25 -1 -1 2 0 -1 -1 false p i false false   false true 0 0 NULL NULL NULL] [1 tableowner 25 -1 -1 3 0 -1 -1 false p i false false   false true 0 0 NULL NULL NULL] [1 tablespace 25 -1 -1 4 0 -1 -1 false p i true false   false true 0 0 NULL NULL NULL] [1 hasindexes 16 -1 1 5 0 -1 -1 false p i false false   false true 0 0 NULL NULL NULL] [1 hasrules 16 -1 1 6 0 -1 -1 false p i false false   false true 0 0 NULL NULL NULL] [1 hastriggers 16 -1 1 7 0 -1 -1 false p i false false   false true 0 0 NULL NULL NULL] [1 rowsecurity 16 -1 1 8 0 -1 -1 false p i false false   false true 0 0 NULL NULL NULL] [2 table_schema 25 -1 -1 1 0 -1 -1 false p i false false   false true 0 0 NULL NULL NULL] [2 table_name 25 -1 -1 2 0 -1 -1 false p i false false   false true 0 0 NULL NULL NULL] [2 column_name 25 -1 -1 3 0 -1 -1 false p i false false   false true 0 0 NULL NULL NULL] [2 original_position 23 -1 4 4 0 -1 -1 false p i false false   false true 0 0 NULL NULL NULL] [2 column_default 25 -1 -1 5 0 -1 -1 true p i true false   false true 0 0 NULL NULL NULL] [2 is_nullable 16 -1 1 6 0 -1 -1 false p i false false   false true 0 0 NULL NULL NULL] [2 data_type 25 -1 -1 7 0 -1 -1 false p i false false   false true 0 0 NULL NULL NULL] [2 character_maximum_length 23 -1 4 8 0 -1 -1 true p i true false   false true 0 0 NULL NULL NULL] [2 numeric_precision 23 -1 4 9 0 -1 -1 true p i true false   false true 0 0 NULL NULL NULL]]

2026-02-28T15:07:07.298+0300	DEBUG	logger/zap_logger.go:71	DEBUG: Table metadata:	{"meta": {"Name":"pg_catalog.pg_attribute","Columns":{"attacl":{"Type":0,"IsNullable":true,"DefaultValue":null,"IsSerial":false,"IsUnique":false,"Idx":21},"attalign":{"Type":0,"IsNullable":true,"DefaultValue":null,"IsSerial":false,"IsUnique":false,"Idx":12},"attbyval":{"Type":0,"IsNullable":true,"DefaultValue":null,"IsSerial":false,"IsUnique":false,"Idx":10},"attcacheoff":{"Type":1,"IsNullable":true,"DefaultValue":null,"IsSerial":false,"IsUnique":false,"Idx":8},"attcollation":{"Type":1,"IsNullable":true,"DefaultValue":null,"IsSerial":false,"IsUnique":false,"Idx":20},"attfdwoptions":{"Type":0,"IsNullable":true,"DefaultValue":null,"IsSerial":false,"IsUnique":false,"Idx":23},"attgenerated":{"Type":0,"IsNullable":true,"DefaultValue":null,"IsSerial":false,"IsUnique":false,"Idx":16},"atthasdef":{"Type":0,"IsNullable":true,"DefaultValue":null,"IsSerial":false,"IsUnique":false,"Idx":14},"attidentity":{"Type":0,"IsNullable":true,"DefaultValue":null,"IsSerial":false,"IsUnique":false,"Idx":15},"attinhcount":{"Type":1,"IsNullable":true,"DefaultValue":null,"IsSerial":false,"IsUnique":false,"Idx":19},"attisdropped":{"Type":0,"IsNullable":true,"DefaultValue":null,"IsSerial":false,"IsUnique":false,"Idx":17},"attislocal":{"Type":0,"IsNullable":true,"DefaultValue":null,"IsSerial":false,"IsUnique":false,"Idx":18},"attlen":{"Type":1,"IsNullable":true,"DefaultValue":null,"IsSerial":false,"IsUnique":false,"Idx":5},"attname":{"Type":0,"IsNullable":false,"DefaultValue":null,"IsSerial":false,"IsUnique":false,"Idx":2},"attndims":{"Type":1,"IsNullable":true,"DefaultValue":null,"IsSerial":false,"IsUnique":false,"Idx":7},"attnotnull":{"Type":0,"IsNullable":true,"DefaultValue":null,"IsSerial":false,"IsUnique":false,"Idx":13},"attnum":{"Type":1,"IsNullable":true,"DefaultValue":null,"IsSerial":false,"IsUnique":false,"Idx":6},"attoptions":{"Type":0,"IsNullable":true,"DefaultValue":null,"IsSerial":false,"IsUnique":false,"Idx":22},"attrelid":{"Type":0,"IsNullable":false,"DefaultValue":null,"IsSerial":false,"IsUnique":false,"Idx":1},"attstattarget":{"Type":1,"IsNullable":true,"DefaultValue":null,"IsSerial":false,"IsUnique":false,"Idx":4},"attstorage":{"Type":0,"IsNullable":true,"DefaultValue":null,"IsSerial":false,"IsUnique":false,"Idx":11},"atttypid":{"Type":1,"IsNullable":true,"DefaultValue":null,"IsSerial":false,"IsUnique":false,"Idx":3},"atttypmod":{"Type":1,"IsNullable":true,"DefaultValue":null,"IsSerial":false,"IsUnique":false,"Idx":9}},"PrimaryKeys":[1,2]}}
2026-02-28T15:07:07.298+0300	DEBUG	logger/zap_logger.go:71	DEBUG: Saved row: 	{"rowKey": "testdb:pg_catalog:pg_attribute:row:1schemaname:", "rowData": "[1,\"schemaname\",25,-1,-1,1,0,-1,-1,false,\"p\",\"i\",false,false,\"\",\"\",false,true,0,0,\"NULL\",\"NULL\",\"NULL\"]"}
2026-02-28T15:07:07.298+0300	DEBUG	logger/zap_logger.go:71	DEBUG: Saved row: 	{"rowKey": "testdb:pg_catalog:pg_attribute:row:1schematable:", "rowData": "[1,\"schematable\",25,-1,-1,2,0,-1,-1,false,\"p\",\"i\",false,false,\"\",\"\",false,true,0,0,\"NULL\",\"NULL\",\"NULL\"]"}
2026-02-28T15:07:07.298+0300	DEBUG	logger/zap_logger.go:71	DEBUG: Saved row: 	{"rowKey": "testdb:pg_catalog:pg_attribute:row:1tableowner:", "rowData": "[1,\"tableowner\",25,-1,-1,3,0,-1,-1,false,\"p\",\"i\",false,false,\"\",\"\",false,true,0,0,\"NULL\",\"NULL\",\"NULL\"]"}
2026-02-28T15:07:07.298+0300	DEBUG	logger/zap_logger.go:71	DEBUG: Saved row: 	{"rowKey": "testdb:pg_catalog:pg_attribute:row:1tablespace:", "rowData": "[1,\"tablespace\",25,-1,-1,4,0,-1,-1,false,\"p\",\"i\",true,false,\"\",\"\",false,true,0,0,\"NULL\",\"NULL\",\"NULL\"]"}
2026-02-28T15:07:07.298+0300	DEBUG	logger/zap_logger.go:71	DEBUG: Saved row: 	{"rowKey": "testdb:pg_catalog:pg_attribute:row:1hasindexes:", "rowData": "[1,\"hasindexes\",16,-1,1,5,0,-1,-1,false,\"p\",\"i\",false,false,\"\",\"\",false,true,0,0,\"NULL\",\"NULL\",\"NULL\"]"}
2026-02-28T15:07:07.298+0300	DEBUG	logger/zap_logger.go:71	DEBUG: Saved row: 	{"rowKey": "testdb:pg_catalog:pg_attribute:row:1hasrules:", "rowData": "[1,\"hasrules\",16,-1,1,6,0,-1,-1,false,\"p\",\"i\",false,false,\"\",\"\",false,true,0,0,\"NULL\",\"NULL\",\"NULL\"]"}
2026-02-28T15:07:07.298+0300	DEBUG	logger/zap_logger.go:71	DEBUG: Saved row: 	{"rowKey": "testdb:pg_catalog:pg_attribute:row:1hastriggers:", "rowData": "[1,\"hastriggers\",16,-1,1,7,0,-1,-1,false,\"p\",\"i\",false,false,\"\",\"\",false,true,0,0,\"NULL\",\"NULL\",\"NULL\"]"}
2026-02-28T15:07:07.298+0300	DEBUG	logger/zap_logger.go:71	DEBUG: Saved row: 	{"rowKey": "testdb:pg_catalog:pg_attribute:row:1rowsecurity:", "rowData": "[1,\"rowsecurity\",16,-1,1,8,0,-1,-1,false,\"p\",\"i\",false,false,\"\",\"\",false,true,0,0,\"NULL\",\"NULL\",\"NULL\"]"}
2026-02-28T15:07:07.298+0300	DEBUG	logger/zap_logger.go:71	DEBUG: Saved row: 	{"rowKey": "testdb:pg_catalog:pg_attribute:row:2table_schema:", "rowData": "[2,\"table_schema\",25,-1,-1,1,0,-1,-1,false,\"p\",\"i\",false,false,\"\",\"\",false,true,0,0,\"NULL\",\"NULL\",\"NULL\"]"}
2026-02-28T15:07:07.298+0300	DEBUG	logger/zap_logger.go:71	DEBUG: Saved row: 	{"rowKey": "testdb:pg_catalog:pg_attribute:row:2table_name:", "rowData": "[2,\"table_name\",25,-1,-1,2,0,-1,-1,false,\"p\",\"i\",false,false,\"\",\"\",false,true,0,0,\"NULL\",\"NULL\",\"NULL\"]"}
2026-02-28T15:07:07.298+0300	DEBUG	logger/zap_logger.go:71	DEBUG: Saved row: 	{"rowKey": "testdb:pg_catalog:pg_attribute:row:2column_name:", "rowData": "[2,\"column_name\",25,-1,-1,3,0,-1,-1,false,\"p\",\"i\",false,false,\"\",\"\",false,true,0,0,\"NULL\",\"NULL\",\"NULL\"]"}
2026-02-28T15:07:07.298+0300	DEBUG	logger/zap_logger.go:71	DEBUG: Saved row: 	{"rowKey": "testdb:pg_catalog:pg_attribute:row:2original_position:", "rowData": "[2,\"original_position\",23,-1,4,4,0,-1,-1,false,\"p\",\"i\",false,false,\"\",\"\",false,true,0,0,\"NULL\",\"NULL\",\"NULL\"]"}
2026-02-28T15:07:07.298+0300	DEBUG	logger/zap_logger.go:71	DEBUG: Saved row: 	{"rowKey": "testdb:pg_catalog:pg_attribute:row:2column_default:", "rowData": "[2,\"column_default\",25,-1,-1,5,0,-1,-1,true,\"p\",\"i\",true,false,\"\",\"\",false,true,0,0,\"NULL\",\"NULL\",\"NULL\"]"}
2026-02-28T15:07:07.298+0300	DEBUG	logger/zap_logger.go:71	DEBUG: Saved row: 	{"rowKey": "testdb:pg_catalog:pg_attribute:row:2is_nullable:", "rowData": "[2,\"is_nullable\",16,-1,1,6,0,-1,-1,false,\"p\",\"i\",false,false,\"\",\"\",false,true,0,0,\"NULL\",\"NULL\",\"NULL\"]"}
2026-02-28T15:07:07.298+0300	DEBUG	logger/zap_logger.go:71	DEBUG: Saved row: 	{"rowKey": "testdb:pg_catalog:pg_attribute:row:2data_type:", "rowData": "[2,\"data_type\",25,-1,-1,7,0,-1,-1,false,\"p\",\"i\",false,false,\"\",\"\",false,true,0,0,\"NULL\",\"NULL\",\"NULL\"]"}
2026-02-28T15:07:07.298+0300	DEBUG	logger/zap_logger.go:71	DEBUG: Saved row: 	{"rowKey": "testdb:pg_catalog:pg_attribute:row:2character_maximum_length:", "rowData": "[2,\"character_maximum_length\",23,-1,4,8,0,-1,-1,true,\"p\",\"i\",true,false,\"\",\"\",false,true,0,0,\"NULL\",\"NULL\",\"NULL\"]"}
2026-02-28T15:07:07.298+0300	DEBUG	logger/zap_logger.go:71	DEBUG: Saved row: 	{"rowKey": "testdb:pg_catalog:pg_attribute:row:2numeric_precision:", "rowData": "[2,\"numeric_precision\",23,-1,4,9,0,-1,-1,true,\"p\",\"i\",true,false,\"\",\"\",false,true,0,0,\"NULL\",\"NULL\",\"NULL\"]"}
2026-02-28T15:07:07.298+0300	INFO	logger/zap_logger.go:76	[SynchronizerVClock] Loaded key	{"key": "testdb:pg_catalog:pg_attribute:row:2data_type:", "value": "[2,\"data_type\",25,-1,-1,7,0,-1,-1,false,\"p\",\"i\",false,false,\"\",\"\",false,true,0,0,\"NULL\",\"NULL\",\"NULL\"]", "vclock": {"node1":62}}
2026-02-28T15:07:07.298+0300	DEBUG	logger/zap_logger.go:96	Executing: 

CREATE TABLE IF NOT EXISTS pg_catalog.pg_proc (
    oid INT,
    proname TEXT,
    pronamespace INT,
    proowner INT,
    prolang INT,
    procost FLOAT,
    prorows FLOAT,
    provariadic INT,
    protransform TEXT,
    proisagg BOOLEAN,
    proiswindow BOOLEAN,
    prosecdef BOOLEAN,
    proleakproof BOOLEAN,
    proisstrict BOOLEAN,
    proretset BOOLEAN,
    provolatile CHAR(1),
    proparallel CHAR(1),
    pronargs INT,
    pronargdefaults INT,
    prorettype INT,
    proargtypes TEXT,
    proallargtypes TEXT,
    proargmodes TEXT,
    proargnames TEXT,
    proargdefaults TEXT,
    protrftypes TEXT,
    prosrc TEXT,
    probin TEXT,
    proconfig TEXT,
    proacl TEXT
)
2026-02-28T15:07:07.298+0300	INFO	logger/zap_logger.go:76	[SynchronizerVClock] Loaded key	{"key": "testdb:pg_catalog:pg_attribute:row:2table_schema:", "value": "[2,\"table_schema\",25,-1,-1,1,0,-1,-1,false,\"p\",\"i\",false,false,\"\",\"\",false,true,0,0,\"NULL\",\"NULL\",\"NULL\"]", "vclock": {"node1":63}}
2026-02-28T15:07:07.298+0300	INFO	logger/zap_logger.go:76	[SynchronizerVClock] Loaded key	{"key": "testdb:pg_catalog:pg_attribute:row:1hasindexes:", "value": "[1,\"hasindexes\",16,-1,1,5,0,-1,-1,false,\"p\",\"i\",false,false,\"\",\"\",false,true,0,0,\"NULL\",\"NULL\",\"NULL\"]", "vclock": {"node1":64}}
2026-02-28T15:07:07.298+0300	DEBUG	logger/zap_logger.go:96	DEBUG: Parsed statement type: CREATE_TABLE

2026-02-28T15:07:07.298+0300	INFO	logger/zap_logger.go:76	[SynchronizerVClock] Loaded key	{"key": "testdb:pg_catalog:pg_attribute:row:2table_name:", "value": "[2,\"table_name\",25,-1,-1,2,0,-1,-1,false,\"p\",\"i\",false,false,\"\",\"\",false,true,0,0,\"NULL\",\"NULL\",\"NULL\"]", "vclock": {"node1":65}}
2026-02-28T15:07:07.299+0300	INFO	logger/zap_logger.go:76	[SynchronizerVClock] Loaded key	{"key": "testdb:pg_catalog:pg_attribute:row:2column_default:", "value": "[2,\"column_default\",25,-1,-1,5,0,-1,-1,true,\"p\",\"i\",true,false,\"\",\"\",false,true,0,0,\"NULL\",\"NULL\",\"NULL\"]", "vclock": {"node1":66}}
2026-02-28T15:07:07.299+0300	DEBUG	logger/zap_logger.go:96	Executing: 

CREATE TABLE IF NOT EXISTS pg_catalog.pg_type (
    oid INT,
    typname TEXT,
    typnamespace INT,
    typowner INT,
    typlen INT,
    typbyval BOOLEAN,
    typtype CHAR(1),
    typcategory CHAR(1),
    typispreferred BOOLEAN,
    typisdefined BOOLEAN,
    typdelim CHAR(1),
    typrelid INT,
    typelem INT,
    typarray INT,
    typinput TEXT,
    typoutput TEXT,
    typreceive TEXT,
    typsend TEXT,
    typmodin TEXT,
    typmodout TEXT,
    typanalyze TEXT,
    typalign CHAR(1),
    typstorage CHAR(1),
    typnotnull BOOLEAN,
    typbasetype INT,
    typtypmod INT,
    typndims INT,
    typcollation INT,
    typdefaultbin TEXT,
    typdefault TEXT,
    typacl TEXT,
    PRIMARY KEY (oid)
)
2026-02-28T15:07:07.299+0300	INFO	logger/zap_logger.go:76	[SynchronizerVClock] Loaded key	{"key": "testdb:pg_catalog:pg_attribute:row:2is_nullable:", "value": "[2,\"is_nullable\",16,-1,1,6,0,-1,-1,false,\"p\",\"i\",false,false,\"\",\"\",false,true,0,0,\"NULL\",\"NULL\",\"NULL\"]", "vclock": {"node1":67}}
2026-02-28T15:07:07.299+0300	INFO	logger/zap_logger.go:76	[SynchronizerVClock] Loaded key	{"key": "testdb:pg_catalog:pg_attribute:row:1schematable:", "value": "[1,\"schematable\",25,-1,-1,2,0,-1,-1,false,\"p\",\"i\",false,false,\"\",\"\",false,true,0,0,\"NULL\",\"NULL\",\"NULL\"]", "vclock": {"node1":68}}
2026-02-28T15:07:07.299+0300	INFO	logger/zap_logger.go:76	[SynchronizerVClock] Loaded key	{"key": "testdb:pg_catalog:pg_attribute:row:1tablespace:", "value": "[1,\"tablespace\",25,-1,-1,4,0,-1,-1,false,\"p\",\"i\",true,false,\"\",\"\",false,true,0,0,\"NULL\",\"NULL\",\"NULL\"]", "vclock": {"node1":69}}
2026-02-28T15:07:07.299+0300	INFO	logger/zap_logger.go:76	[SynchronizerVClock] Loaded key	{"key": "testdb:pg_catalog:pg_attribute:row:1hastriggers:", "value": "[1,\"hastriggers\",16,-1,1,7,0,-1,-1,false,\"p\",\"i\",false,false,\"\",\"\",false,true,0,0,\"NULL\",\"NULL\",\"NULL\"]", "vclock": {"node1":70}}
2026-02-28T15:07:07.299+0300	INFO	logger/zap_logger.go:76	[SynchronizerVClock] Loaded key	{"key": "testdb:pg_catalog:pg_attribute:row:1rowsecurity:", "value": "[1,\"rowsecurity\",16,-1,1,8,0,-1,-1,false,\"p\",\"i\",false,false,\"\",\"\",false,true,0,0,\"NULL\",\"NULL\",\"NULL\"]", "vclock": {"node1":71}}
2026-02-28T15:07:07.299+0300	INFO	logger/zap_logger.go:76	[SynchronizerVClock] Loaded key	{"key": "testdb:pg_catalog:pg_attribute:row:2character_maximum_length:", "value": "[2,\"character_maximum_length\",23,-1,4,8,0,-1,-1,true,\"p\",\"i\",true,false,\"\",\"\",false,true,0,0,\"NULL\",\"NULL\",\"NULL\"]", "vclock": {"node1":72}}
2026-02-28T15:07:07.299+0300	INFO	logger/zap_logger.go:76	[SynchronizerVClock] Loaded key	{"key": "testdb:pg_catalog:pg_attribute:row:2numeric_precision:", "value": "[2,\"numeric_precision\",23,-1,4,9,0,-1,-1,true,\"p\",\"i\",true,false,\"\",\"\",false,true,0,0,\"NULL\",\"NULL\",\"NULL\"]", "vclock": {"node1":73}}
2026-02-28T15:07:07.299+0300	INFO	logger/zap_logger.go:76	[SynchronizerVClock] Loaded key	{"key": "testdb:pg_catalog:pg_attribute:row:1schemaname:", "value": "[1,\"schemaname\",25,-1,-1,1,0,-1,-1,false,\"p\",\"i\",false,false,\"\",\"\",false,true,0,0,\"NULL\",\"NULL\",\"NULL\"]", "vclock": {"node1":74}}
2026-02-28T15:07:07.299+0300	INFO	logger/zap_logger.go:76	[SynchronizerVClock] Loaded key	{"key": "testdb:pg_catalog:pg_attribute:row:1tableowner:", "value": "[1,\"tableowner\",25,-1,-1,3,0,-1,-1,false,\"p\",\"i\",false,false,\"\",\"\",false,true,0,0,\"NULL\",\"NULL\",\"NULL\"]", "vclock": {"node1":75}}
2026-02-28T15:07:07.299+0300	INFO	logger/zap_logger.go:76	[SynchronizerVClock] Loaded key	{"key": "testdb:pg_catalog:pg_attribute:row:1hasrules:", "value": "[1,\"hasrules\",16,-1,1,6,0,-1,-1,false,\"p\",\"i\",false,false,\"\",\"\",false,true,0,0,\"NULL\",\"NULL\",\"NULL\"]", "vclock": {"node1":76}}
2026-02-28T15:07:07.299+0300	INFO	logger/zap_logger.go:76	[SynchronizerVClock] Loaded key	{"key": "testdb:pg_catalog:pg_attribute:row:2column_name:", "value": "[2,\"column_name\",25,-1,-1,3,0,-1,-1,false,\"p\",\"i\",false,false,\"\",\"\",false,true,0,0,\"NULL\",\"NULL\",\"NULL\"]", "vclock": {"node1":77}}
2026-02-28T15:07:07.299+0300	INFO	logger/zap_logger.go:76	[SynchronizerVClock] Loaded key	{"key": "testdb:pg_catalog:pg_attribute:row:2original_position:", "value": "[2,\"original_position\",23,-1,4,4,0,-1,-1,false,\"p\",\"i\",false,false,\"\",\"\",false,true,0,0,\"NULL\",\"NULL\",\"NULL\"]", "vclock": {"node1":78}}
2026-02-28T15:07:07.299+0300	DEBUG	logger/zap_logger.go:96	DEBUG: Parsed statement type: CREATE_TABLE

2026-02-28T15:07:07.299+0300	INFO	logger/zap_logger.go:76	[SynchronizerVClock] Loaded key	{"key": "schema:testdb:pg_catalog:pg_proc:", "value": "{\"Name\":\"pg_catalog.pg_proc\",\"Columns\":{\"oid\":{\"Type\":1,\"IsNullable\":true,\"DefaultValue\":null,\"IsSerial\":false,\"IsUnique\":false,\"Idx\":1},\"proacl\":{\"Type\":0,\"IsNullable\":true,\"DefaultValue\":null,\"IsSerial\":false,\"IsUnique\":false,\"Idx\":30},\"proallargtypes\":{\"Type\":0,\"IsNullable\":true,\"DefaultValue\":null,\"IsSerial\":false,\"IsUnique\":false,\"Idx\":22},\"proargdefaults\":{\"Type\":0,\"IsNullable\":true,\"DefaultValue\":null,\"IsSerial\":false,\"IsUnique\":false,\"Idx\":25},\"proargmodes\":{\"Type\":0,\"IsNullable\":true,\"DefaultValue\":null,\"IsSerial\":false,\"IsUnique\":false,\"Idx\":23},\"proargnames\":{\"Type\":0,\"IsNullable\":true,\"DefaultValue\":null,\"IsSerial\":false,\"IsUnique\":false,\"Idx\":24},\"proargtypes\":{\"Type\":0,\"IsNullable\":true,\"DefaultValue\":null,\"IsSerial\":false,\"IsUnique\":false,\"Idx\":21},\"probin\":{\"Type\":0,\"IsNullable\":true,\"DefaultValue\":null,\"IsSerial\":false,\"IsUnique\":false,\"Idx\":28},\"proconfig\":{\"Type\":0,\"IsNullable\":true,\"DefaultValue\":null,\"IsSerial\":false,\"IsUnique\":false,\"Idx\":29},\"procost\":{\"Type\":3,\"IsNullable\":true,\"DefaultValue\":null,\"IsSerial\":false,\"IsUnique\":false,\"Idx\":6},\"proisagg\":{\"Type\":0,\"IsNullable\":true,\"DefaultValue\":null,\"IsSerial\":false,\"IsUnique\":false,\"Idx\":10},\"proisstrict\":{\"Type\":0,\"IsNullable\":true,\"DefaultValue\":null,\"IsSerial\":false,\"IsUnique\":false,\"Idx\":14},\"proiswindow\":{\"Type\":0,\"IsNullable\":true,\"DefaultValue\":null,\"IsSerial\":false,\"IsUnique\":false,\"Idx\":11},\"prolang\":{\"Type\":1,\"IsNullable\":true,\"DefaultValue\":null,\"IsSerial\":false,\"IsUnique\":false,\"Idx\":5},\"proleakproof\":{\"Type\":0,\"IsNullable\":true,\"DefaultValue\":null,\"IsSerial\":false,\"IsUnique\":false,\"Idx\":13},\"proname\":{\"Type\":0,\"IsNullable\":true,\"DefaultValue\":null,\"IsSerial\":false,\"IsUnique\":false,\"Idx\":2},\"pronamespace\":{\"Type\":1,\"IsNullable\":true,\"DefaultValue\":null,\"IsSerial\":false,\"IsUnique\":false,\"Idx\":3},\"pronargdefaults\":{\"Type\":1,\"IsNullable\":true,\"DefaultValue\":null,\"IsSerial\":false,\"IsUnique\":false,\"Idx\":19},\"pronargs\":{\"Type\":1,\"IsNullable\":true,\"DefaultValue\":null,\"IsSerial\":false,\"IsUnique\":false,\"Idx\":18},\"proowner\":{\"Type\":1,\"IsNullable\":true,\"DefaultValue\":null,\"IsSerial\":false,\"IsUnique\":false,\"Idx\":4},\"proparallel\":{\"Type\":0,\"IsNullable\":true,\"DefaultValue\":null,\"IsSerial\":false,\"IsUnique\":false,\"Idx\":17},\"proretset\":{\"Type\":0,\"IsNullable\":true,\"DefaultValue\":null,\"IsSerial\":false,\"IsUnique\":false,\"Idx\":15},\"prorettype\":{\"Type\":1,\"IsNullable\":true,\"DefaultValue\":null,\"IsSerial\":false,\"IsUnique\":false,\"Idx\":20},\"prorows\":{\"Type\":3,\"IsNullable\":true,\"DefaultValue\":null,\"IsSerial\":false,\"IsUnique\":false,\"Idx\":7},\"prosecdef\":{\"Type\":0,\"IsNullable\":true,\"DefaultValue\":null,\"IsSerial\":false,\"IsUnique\":false,\"Idx\":12},\"prosrc\":{\"Type\":0,\"IsNullable\":true,\"DefaultValue\":null,\"IsSerial\":false,\"IsUnique\":false,\"Idx\":27},\"protransform\":{\"Type\":0,\"IsNullable\":true,\"DefaultValue\":null,\"IsSerial\":false,\"IsUnique\":false,\"Idx\":9},\"protrftypes\":{\"Type\":0,\"IsNullable\":true,\"DefaultValue\":null,\"IsSerial\":false,\"IsUnique\":false,\"Idx\":26},\"provariadic\":{\"Type\":1,\"IsNullable\":true,\"DefaultValue\":null,\"IsSerial\":false,\"IsUnique\":false,\"Idx\":8},\"provolatile\":{\"Type\":0,\"IsNullable\":true,\"DefaultValue\":null,\"IsSerial\":false,\"IsUnique\":false,\"Idx\":16}},\"PrimaryKeys\":[]}", "vclock": {"node1":79}}
2026-02-28T15:07:07.299+0300	DEBUG	logger/zap_logger.go:96	Executing: 

INSERT INTO pg_catalog.pg_type (oid, typname, typnamespace, typowner, typlen, typbyval, typtype, typcategory, typispreferred, typisdefined, typdelim, typrelid, typelem, typarray, typinput, typoutput, typreceive, typsend, typmodin, typmodout, typanalyze, typalign, typstorage, typnotnull, typbasetype, typtypmod, typndims, typcollation, typdefaultbin, typdefault, typacl) VALUES
(16, 'bool', 11, 10, 1, TRUE, 'b', 'B', TRUE, TRUE, ',', 0, 0, 1000, 'boolin', 'boolout', 'boolrecv', 'boolsend', 'booltypmodin', 'booltypmodout', 'boolanalyze', 'c', 'p', FALSE, 0, -1, 0, 0, NULL, NULL, NULL),
(17, 'bytea', 11, 10, -1, FALSE, 'b', 'U', FALSE, TRUE, ',', 0, 0, 1001, 'byteain', 'byteaout', 'bytearecv', 'byteasend', '-', '-', '-', 'i', 'x', FALSE, 0, -1, 0, 0, NULL, NULL, NULL),
(18, 'char', 11, 10, 1, TRUE, 'b', 'Z', FALSE, TRUE, ',', 0, 0, 1002, 'charin', 'charout', 'charrecv', 'charsend', '-', '-', '-', 'c', 'p', FALSE, 0, -1, 0, 0, NULL, NULL, NULL),
(19, 'name', 11, 10, 64, FALSE, 'b', 'S', FALSE, TRUE, ',', 0, 0, 1003, 'namein', 'nameout', 'namerecv', 'namesend', '-', '-', '-', 'c', 'p', FALSE, 0, -1, 0, 950, NULL, NULL, NULL),
(20, 'int8', 11, 10, 8, TRUE, 'b', 'N', FALSE, TRUE, ',', 0, 0, 1016, 'int8in', 'int8out', 'int8recv', 'int8send', '-', '-', '-', 'd', 'p', FALSE, 0, -1, 0, 0, NULL, NULL, NULL),
(21, 'int2', 11, 10, 2, TRUE, 'b', 'N', FALSE, TRUE, ',', 0, 0, 1005, 'int2in', 'int2out', 'int2recv', 'int2send', '-', '-', '-', 's', 'p', FALSE, 0, -1, 0, 0, NULL, NULL, NULL),
(23, 'int4', 11, 10, 4, TRUE, 'b', 'N', TRUE, TRUE, ',', 0, 0, 1007, 'int4in', 'int4out', 'int4recv', 'int4send', 'int4typmodin', 'int4typmodout', 'int4analyze', 'i', 'p', FALSE, 0, -1, 0, 0, NULL, NULL, NULL),
(24, 'regproc', 11, 10, 4, TRUE, 'b', 'N', FALSE, TRUE, ',', 0, 0, 1008, 'regprocin', 'regprocout', 'regprocrecv', 'regprocsend', '-', '-', '-', 'i', 'p', FALSE, 0, -1, 0, 0, NULL, NULL, NULL),
(25, 'text', 11, 10, -1, FALSE, 'b', 'S', TRUE, TRUE, ',', 0, 0, 1009, 'textin', 'textout', 'textrecv', 'textsend', 'texttypmodin', 'texttypmodout', 'textanalyze', 'i', 'e', FALSE, 0, -1, 0, 0, NULL, NULL, NULL),
(26, 'oid', 11, 10, 4, TRUE, 'b', 'N', TRUE, TRUE, ',', 0, 0, 1028, 'oidin', 'oidout', 'oidrecv', 'oidsend', '-', '-', '-', 'i', 'p', FALSE, 0, -1, 0, 0, NULL, NULL, NULL),
(700, 'float4', 11, 10, 4, TRUE, 'b', 'N', FALSE, TRUE, ',', 0, 0, 1021, 'float4in', 'float4out', 'float4recv', 'float4send', '-', '-', '-', 'i', 'p', FALSE, 0, -1, 0, 0, NULL, NULL, NULL),
(701, 'float8', 11, 10, 8, TRUE, 'b', 'N', TRUE, TRUE, ',', 0, 0, 1022, 'float8in', 'float8out', 'float8recv', 'float8send', '-', '-', '-', 'd', 'p', FALSE, 0, -1, 0, 0, NULL, NULL, NULL),
(1043, 'varchar', 11, 10, -1, FALSE, 'b', 'S', FALSE, TRUE, ',', 0, 0, 1015, 'varcharin', 'varcharout', 'varcharrecv', 'varcharsend', 'varchartypmodin', 'varchartypmodout', '-', 'i', 'e', FALSE, 0, -1, 0, 100, NULL, NULL, NULL),
(1082, 'date', 11, 10, 4, TRUE, 'b', 'D', FALSE, TRUE, ',', 0, 0, 1182, 'date_in', 'date_out', 'date_recv', 'date_send', '-', '-', '-', 'i', 'p', FALSE, 0, -1, 0, 0, NULL, NULL, NULL),
(1083, 'time', 11, 10, 8, TRUE, 'b', 'D', FALSE, TRUE, ',', 0, 0, 1183, 'time_in', 'time_out', 'time_recv', 'time_send', 'timetypmodin', 'timetypmodout', '-', 'd', 'p', FALSE, 0, -1, 0, 0, NULL, NULL, NULL),
(1114, 'timestamp', 11, 10, 8, TRUE, 'b', 'D', FALSE, TRUE, ',', 0, 0, 1115, 'timestamp_in', 'timestamp_out', 'timestamp_recv', 'timestamp_send', 'timestamptypmodin', 'timestamptypmodout', '-', 'd', 'p', FALSE, 0, -1, 0, 0, NULL, NULL, NULL),
(1184, 'timestamptz', 11, 10, 8, TRUE, 'b', 'D', TRUE, TRUE, ',', 0, 0, 1185, 'timestamptz_in', 'timestamptz_out', 'timestamptz_recv', 'timestamptz_send', 'timestamptztypmodin', 'timestamptztypmodout', '-', 'd', 'p', FALSE, 0, -1, 0, 0, NULL, NULL, NULL),
(1700, 'numeric', 11, 10, -1, FALSE, 'b', 'N', FALSE, TRUE, ',', 0, 0, 1231, 'numeric_in', 'numeric_out', 'numeric_recv', 'numeric_send', 'numerictypmodin', 'numerictypmodout', '-', 'i', 'm', FALSE, 0, -1, 0, 0, NULL, NULL, NULL),
(2950, 'uuid', 11, 10, 16, FALSE, 'b', 'U', FALSE, TRUE, ',', 0, 0, 2951, 'uuid_in', 'uuid_out', 'uuid_recv', 'uuid_send', '-', '-', '-', 'c', 'p', FALSE, 0, -1, 0, 0, NULL, NULL, NULL),
(114, 'json', 11, 10, -1, FALSE, 'b', 'U', FALSE, TRUE, ',', 0, 0, 199, 'json_in', 'json_out', 'json_recv', 'json_send', '-', '-', '-', 'i', 'e', FALSE, 0, -1, 0, 0, NULL, NULL, NULL),
(3802, 'jsonb', 11, 10, -1, FALSE, 'b', 'U', FALSE, TRUE, ',', 0, 0, 3807, 'jsonb_in', 'jsonb_out', 'jsonb_recv', 'jsonb_send', '-', '-', '-', 'i', 'e', FALSE, 0, -1, 0, 0, NULL, NULL, NULL),
(1042, 'bpchar', 11, 10, -1, FALSE, 'b', 'S', FALSE, TRUE, ',', 0, 0, 1014, 'bpcharin', 'bpcharout', 'bpcharrecv', 'bpcharsend', 'bpchartypmodin', 'bpchartypmodout', '-', 'i', 'e', FALSE, 0, -1, 0, 100, NULL, NULL, NULL),
-- Domain types examples (typtype='d' based on base types)
(100001, 'positive_int', 11, 10, 4, TRUE, 'd', 'N', FALSE, TRUE, ',', 0, 0, 0, 'int4in', 'int4out', 'int4recv', 'int4send', '-', '-', '-', 'i', 'p', FALSE, 23, -1, 0, 0, NULL, NULL, NULL),
(100002, 'email_address', 11, 10, -1, FALSE, 'd', 'S', FALSE, TRUE, ',', 0, 0, 0, 'textin', 'textout', 'textrecv', 'textsend', '-', '-', '-', 'i', 'e', FALSE, 25, -1, 0, 0, NULL, NULL, NULL),
(100003, 'us_postal_code', 11, 10, -1, FALSE, 'd', 'S', FALSE, TRUE, ',', 0, 0, 0, 'textin', 'textout', 'textrecv', 'textsend', '-', '-', '-', 'i', 'e', FALSE, 25, -1, 0, 0, NULL, NULL, NULL)
2026-02-28T15:07:07.299+0300	INFO	logger/zap_logger.go:76	[SynchronizerVClock] Loaded key	{"key": "schema:testdb:pg_catalog:pg_type:", "value": "{\"Name\":\"pg_catalog.pg_type\",\"Columns\":{\"oid\":{\"Type\":1,\"IsNullable\":false,\"DefaultValue\":null,\"IsSerial\":false,\"IsUnique\":false,\"Idx\":1},\"typacl\":{\"Type\":0,\"IsNullable\":true,\"DefaultValue\":null,\"IsSerial\":false,\"IsUnique\":false,\"Idx\":31},\"typalign\":{\"Type\":0,\"IsNullable\":true,\"DefaultValue\":null,\"IsSerial\":false,\"IsUnique\":false,\"Idx\":22},\"typanalyze\":{\"Type\":0,\"IsNullable\":true,\"DefaultValue\":null,\"IsSerial\":false,\"IsUnique\":false,\"Idx\":21},\"typarray\":{\"Type\":1,\"IsNullable\":true,\"DefaultValue\":null,\"IsSerial\":false,\"IsUnique\":false,\"Idx\":14},\"typbasetype\":{\"Type\":1,\"IsNullable\":true,\"DefaultValue\":null,\"IsSerial\":false,\"IsUnique\":false,\"Idx\":25},\"typbyval\":{\"Type\":0,\"IsNullable\":true,\"DefaultValue\":null,\"IsSerial\":false,\"IsUnique\":false,\"Idx\":6},\"typcategory\":{\"Type\":0,\"IsNullable\":true,\"DefaultValue\":null,\"IsSerial\":false,\"IsUnique\":false,\"Idx\":8},\"typcollation\":{\"Type\":1,\"IsNullable\":true,\"DefaultValue\":null,\"IsSerial\":false,\"IsUnique\":false,\"Idx\":28},\"typdefault\":{\"Type\":0,\"IsNullable\":true,\"DefaultValue\":null,\"IsSerial\":false,\"IsUnique\":false,\"Idx\":30},\"typdefaultbin\":{\"Type\":0,\"IsNullable\":true,\"DefaultValue\":null,\"IsSerial\":false,\"IsUnique\":false,\"Idx\":29},\"typdelim\":{\"Type\":0,\"IsNullable\":true,\"DefaultValue\":null,\"IsSerial\":false,\"IsUnique\":false,\"Idx\":11},\"typelem\":{\"Type\":1,\"IsNullable\":true,\"DefaultValue\":null,\"IsSerial\":false,\"IsUnique\":false,\"Idx\":13},\"typinput\":{\"Type\":0,\"IsNullable\":true,\"DefaultValue\":null,\"IsSerial\":false,\"IsUnique\":false,\"Idx\":15},\"typisdefined\":{\"Type\":0,\"IsNullable\":true,\"DefaultValue\":null,\"IsSerial\":false,\"IsUnique\":false,\"Idx\":10},\"typispreferred\":{\"Type\":0,\"IsNullable\":true,\"DefaultValue\":null,\"IsSerial\":false,\"IsUnique\":false,\"Idx\":9},\"typlen\":{\"Type\":1,\"IsNullable\":true,\"DefaultValue\":null,\"IsSerial\":false,\"IsUnique\":false,\"Idx\":5},\"typmodin\":{\"Type\":0,\"IsNullable\":true,\"DefaultValue\":null,\"IsSerial\":false,\"IsUnique\":false,\"Idx\":19},\"typmodout\":{\"Type\":0,\"IsNullable\":true,\"DefaultValue\":null,\"IsSerial\":false,\"IsUnique\":false,\"Idx\":20},\"typname\":{\"Type\":0,\"IsNullable\":true,\"DefaultValue\":null,\"IsSerial\":false,\"IsUnique\":false,\"Idx\":2},\"typnamespace\":{\"Type\":1,\"IsNullable\":true,\"DefaultValue\":null,\"IsSerial\":false,\"IsUnique\":false,\"Idx\":3},\"typndims\":{\"Type\":1,\"IsNullable\":true,\"DefaultValue\":null,\"IsSerial\":false,\"IsUnique\":false,\"Idx\":27},\"typnotnull\":{\"Type\":0,\"IsNullable\":true,\"DefaultValue\":null,\"IsSerial\":false,\"IsUnique\":false,\"Idx\":24},\"typoutput\":{\"Type\":0,\"IsNullable\":true,\"DefaultValue\":null,\"IsSerial\":false,\"IsUnique\":false,\"Idx\":16},\"typowner\":{\"Type\":1,\"IsNullable\":true,\"DefaultValue\":null,\"IsSerial\":false,\"IsUnique\":false,\"Idx\":4},\"typreceive\":{\"Type\":0,\"IsNullable\":true,\"DefaultValue\":null,\"IsSerial\":false,\"IsUnique\":false,\"Idx\":17},\"typrelid\":{\"Type\":1,\"IsNullable\":true,\"DefaultValue\":null,\"IsSerial\":false,\"IsUnique\":false,\"Idx\":12},\"typsend\":{\"Type\":0,\"IsNullable\":true,\"DefaultValue\":null,\"IsSerial\":false,\"IsUnique\":false,\"Idx\":18},\"typstorage\":{\"Type\":0,\"IsNullable\":true,\"DefaultValue\":null,\"IsSerial\":false,\"IsUnique\":false,\"Idx\":23},\"typtype\":{\"Type\":0,\"IsNullable\":true,\"DefaultValue\":null,\"IsSerial\":false,\"IsUnique\":false,\"Idx\":7},\"typtypmod\":{\"Type\":1,\"IsNullable\":true,\"DefaultValue\":null,\"IsSerial\":false,\"IsUnique\":false,\"Idx\":26}},\"PrimaryKeys\":[1]}", "vclock": {"node1":80}}
2026-02-28T15:07:07.303+0300	DEBUG	logger/zap_logger.go:96	DEBUG: Parsed statement type: INSERT

2026-02-28T15:07:07.303+0300	DEBUG	logger/zap_logger.go:96	DEBUG: Insert into pg_catalog.pg_type: [[16 bool 11 10 1 true b B true true , 0 0 1000 boolin boolout boolrecv boolsend booltypmodin booltypmodout boolanalyze c p false 0 -1 0 0 NULL NULL NULL] [17 bytea 11 10 -1 false b U false true , 0 0 1001 byteain byteaout bytearecv byteasend - - - i x false 0 -1 0 0 NULL NULL NULL] [18 char 11 10 1 true b Z false true , 0 0 1002 charin charout charrecv charsend - - - c p false 0 -1 0 0 NULL NULL NULL] [19 name 11 10 64 false b S false true , 0 0 1003 namein nameout namerecv namesend - - - c p false 0 -1 0 950 NULL NULL NULL] [20 int8 11 10 8 true b N false true , 0 0 1016 int8in int8out int8recv int8send - - - d p false 0 -1 0 0 NULL NULL NULL] [21 int2 11 10 2 true b N false true , 0 0 1005 int2in int2out int2recv int2send - - - s p false 0 -1 0 0 NULL NULL NULL] [23 int4 11 10 4 true b N true true , 0 0 1007 int4in int4out int4recv int4send int4typmodin int4typmodout int4analyze i p false 0 -1 0 0 NULL NULL NULL] [24 regproc 11 10 4 true b N false true , 0 0 1008 regprocin regprocout regprocrecv regprocsend - - - i p false 0 -1 0 0 NULL NULL NULL] [25 text 11 10 -1 false b S true true , 0 0 1009 textin textout textrecv textsend texttypmodin texttypmodout textanalyze i e false 0 -1 0 0 NULL NULL NULL] [26 oid 11 10 4 true b N true true , 0 0 1028 oidin oidout oidrecv oidsend - - - i p false 0 -1 0 0 NULL NULL NULL] [700 float4 11 10 4 true b N false true , 0 0 1021 float4in float4out float4recv float4send - - - i p false 0 -1 0 0 NULL NULL NULL] [701 float8 11 10 8 true b N true true , 0 0 1022 float8in float8out float8recv float8send - - - d p false 0 -1 0 0 NULL NULL NULL] [1043 varchar 11 10 -1 false b S false true , 0 0 1015 varcharin varcharout varcharrecv varcharsend varchartypmodin varchartypmodout - i e false 0 -1 0 100 NULL NULL NULL] [1082 date 11 10 4 true b D false true , 0 0 1182 date_in date_out date_recv date_send - - - i p false 0 -1 0 0 NULL NULL NULL] [1083 time 11 10 8 true b D false true , 0 0 1183 time_in time_out time_recv time_send timetypmodin timetypmodout - d p false 0 -1 0 0 NULL NULL NULL] [1114 timestamp 11 10 8 true b D false true , 0 0 1115 timestamp_in timestamp_out timestamp_recv timestamp_send timestamptypmodin timestamptypmodout - d p false 0 -1 0 0 NULL NULL NULL] [1184 timestamptz 11 10 8 true b D true true , 0 0 1185 timestamptz_in timestamptz_out timestamptz_recv timestamptz_send timestamptztypmodin timestamptztypmodout - d p false 0 -1 0 0 NULL NULL NULL] [1700 numeric 11 10 -1 false b N false true , 0 0 1231 numeric_in numeric_out numeric_recv numeric_send numerictypmodin numerictypmodout - i m false 0 -1 0 0 NULL NULL NULL] [2950 uuid 11 10 16 false b U false true , 0 0 2951 uuid_in uuid_out uuid_recv uuid_send - - - c p false 0 -1 0 0 NULL NULL NULL] [114 json 11 10 -1 false b U false true , 0 0 199 json_in json_out json_recv json_send - - - i e false 0 -1 0 0 NULL NULL NULL] [3802 jsonb 11 10 -1 false b U false true , 0 0 3807 jsonb_in jsonb_out jsonb_recv jsonb_send - - - i e false 0 -1 0 0 NULL NULL NULL] [1042 bpchar 11 10 -1 false b S false true , 0 0 1014 bpcharin bpcharout bpcharrecv bpcharsend bpchartypmodin bpchartypmodout - i e false 0 -1 0 100 NULL NULL NULL] [100001 positive_int 11 10 4 true d N false true , 0 0 0 int4in int4out int4recv int4send - - - i p false 23 -1 0 0 NULL NULL NULL] [100002 email_address 11 10 -1 false d S false true , 0 0 0 textin textout textrecv textsend - - - i e false 25 -1 0 0 NULL NULL NULL] [100003 us_postal_code 11 10 -1 false d S false true , 0 0 0 textin textout textrecv textsend - - - i e false 25 -1 0 0 NULL NULL NULL]]

2026-02-28T15:07:07.304+0300	DEBUG	logger/zap_logger.go:71	DEBUG: Table metadata:	{"meta": {"Name":"pg_catalog.pg_type","Columns":{"oid":{"Type":1,"IsNullable":false,"DefaultValue":null,"IsSerial":false,"IsUnique":false,"Idx":1},"typacl":{"Type":0,"IsNullable":true,"DefaultValue":null,"IsSerial":false,"IsUnique":false,"Idx":31},"typalign":{"Type":0,"IsNullable":true,"DefaultValue":null,"IsSerial":false,"IsUnique":false,"Idx":22},"typanalyze":{"Type":0,"IsNullable":true,"DefaultValue":null,"IsSerial":false,"IsUnique":false,"Idx":21},"typarray":{"Type":1,"IsNullable":true,"DefaultValue":null,"IsSerial":false,"IsUnique":false,"Idx":14},"typbasetype":{"Type":1,"IsNullable":true,"DefaultValue":null,"IsSerial":false,"IsUnique":false,"Idx":25},"typbyval":{"Type":0,"IsNullable":true,"DefaultValue":null,"IsSerial":false,"IsUnique":false,"Idx":6},"typcategory":{"Type":0,"IsNullable":true,"DefaultValue":null,"IsSerial":false,"IsUnique":false,"Idx":8},"typcollation":{"Type":1,"IsNullable":true,"DefaultValue":null,"IsSerial":false,"IsUnique":false,"Idx":28},"typdefault":{"Type":0,"IsNullable":true,"DefaultValue":null,"IsSerial":false,"IsUnique":false,"Idx":30},"typdefaultbin":{"Type":0,"IsNullable":true,"DefaultValue":null,"IsSerial":false,"IsUnique":false,"Idx":29},"typdelim":{"Type":0,"IsNullable":true,"DefaultValue":null,"IsSerial":false,"IsUnique":false,"Idx":11},"typelem":{"Type":1,"IsNullable":true,"DefaultValue":null,"IsSerial":false,"IsUnique":false,"Idx":13},"typinput":{"Type":0,"IsNullable":true,"DefaultValue":null,"IsSerial":false,"IsUnique":false,"Idx":15},"typisdefined":{"Type":0,"IsNullable":true,"DefaultValue":null,"IsSerial":false,"IsUnique":false,"Idx":10},"typispreferred":{"Type":0,"IsNullable":true,"DefaultValue":null,"IsSerial":false,"IsUnique":false,"Idx":9},"typlen":{"Type":1,"IsNullable":true,"DefaultValue":null,"IsSerial":false,"IsUnique":false,"Idx":5},"typmodin":{"Type":0,"IsNullable":true,"DefaultValue":null,"IsSerial":false,"IsUnique":false,"Idx":19},"typmodout":{"Type":0,"IsNullable":true,"DefaultValue":null,"IsSerial":false,"IsUnique":false,"Idx":20},"typname":{"Type":0,"IsNullable":true,"DefaultValue":null,"IsSerial":false,"IsUnique":false,"Idx":2},"typnamespace":{"Type":1,"IsNullable":true,"DefaultValue":null,"IsSerial":false,"IsUnique":false,"Idx":3},"typndims":{"Type":1,"IsNullable":true,"DefaultValue":null,"IsSerial":false,"IsUnique":false,"Idx":27},"typnotnull":{"Type":0,"IsNullable":true,"DefaultValue":null,"IsSerial":false,"IsUnique":false,"Idx":24},"typoutput":{"Type":0,"IsNullable":true,"DefaultValue":null,"IsSerial":false,"IsUnique":false,"Idx":16},"typowner":{"Type":1,"IsNullable":true,"DefaultValue":null,"IsSerial":false,"IsUnique":false,"Idx":4},"typreceive":{"Type":0,"IsNullable":true,"DefaultValue":null,"IsSerial":false,"IsUnique":false,"Idx":17},"typrelid":{"Type":1,"IsNullable":true,"DefaultValue":null,"IsSerial":false,"IsUnique":false,"Idx":12},"typsend":{"Type":0,"IsNullable":true,"DefaultValue":null,"IsSerial":false,"IsUnique":false,"Idx":18},"typstorage":{"Type":0,"IsNullable":true,"DefaultValue":null,"IsSerial":false,"IsUnique":false,"Idx":23},"typtype":{"Type":0,"IsNullable":true,"DefaultValue":null,"IsSerial":false,"IsUnique":false,"Idx":7},"typtypmod":{"Type":1,"IsNullable":true,"DefaultValue":null,"IsSerial":false,"IsUnique":false,"Idx":26}},"PrimaryKeys":[1]}}
2026-02-28T15:07:07.304+0300	DEBUG	logger/zap_logger.go:71	DEBUG: Saved row: 	{"rowKey": "testdb:pg_catalog:pg_type:row:16:", "rowData": "[16,\"bool\",11,10,1,true,\"b\",\"B\",true,true,\",\",0,0,1000,\"boolin\",\"boolout\",\"boolrecv\",\"boolsend\",\"booltypmodin\",\"booltypmodout\",\"boolanalyze\",\"c\",\"p\",false,0,-1,0,0,\"NULL\",\"NULL\",\"NULL\"]"}
2026-02-28T15:07:07.304+0300	DEBUG	logger/zap_logger.go:71	DEBUG: Saved row: 	{"rowKey": "testdb:pg_catalog:pg_type:row:17:", "rowData": "[17,\"bytea\",11,10,-1,false,\"b\",\"U\",false,true,\",\",0,0,1001,\"byteain\",\"byteaout\",\"bytearecv\",\"byteasend\",\"-\",\"-\",\"-\",\"i\",\"x\",false,0,-1,0,0,\"NULL\",\"NULL\",\"NULL\"]"}
2026-02-28T15:07:07.304+0300	DEBUG	logger/zap_logger.go:71	DEBUG: Saved row: 	{"rowKey": "testdb:pg_catalog:pg_type:row:18:", "rowData": "[18,\"char\",11,10,1,true,\"b\",\"Z\",false,true,\",\",0,0,1002,\"charin\",\"charout\",\"charrecv\",\"charsend\",\"-\",\"-\",\"-\",\"c\",\"p\",false,0,-1,0,0,\"NULL\",\"NULL\",\"NULL\"]"}
2026-02-28T15:07:07.304+0300	DEBUG	logger/zap_logger.go:71	DEBUG: Saved row: 	{"rowKey": "testdb:pg_catalog:pg_type:row:19:", "rowData": "[19,\"name\",11,10,64,false,\"b\",\"S\",false,true,\",\",0,0,1003,\"namein\",\"nameout\",\"namerecv\",\"namesend\",\"-\",\"-\",\"-\",\"c\",\"p\",false,0,-1,0,950,\"NULL\",\"NULL\",\"NULL\"]"}
2026-02-28T15:07:07.304+0300	DEBUG	logger/zap_logger.go:71	DEBUG: Saved row: 	{"rowKey": "testdb:pg_catalog:pg_type:row:20:", "rowData": "[20,\"int8\",11,10,8,true,\"b\",\"N\",false,true,\",\",0,0,1016,\"int8in\",\"int8out\",\"int8recv\",\"int8send\",\"-\",\"-\",\"-\",\"d\",\"p\",false,0,-1,0,0,\"NULL\",\"NULL\",\"NULL\"]"}
2026-02-28T15:07:07.304+0300	DEBUG	logger/zap_logger.go:71	DEBUG: Saved row: 	{"rowKey": "testdb:pg_catalog:pg_type:row:21:", "rowData": "[21,\"int2\",11,10,2,true,\"b\",\"N\",false,true,\",\",0,0,1005,\"int2in\",\"int2out\",\"int2recv\",\"int2send\",\"-\",\"-\",\"-\",\"s\",\"p\",false,0,-1,0,0,\"NULL\",\"NULL\",\"NULL\"]"}
2026-02-28T15:07:07.304+0300	DEBUG	logger/zap_logger.go:71	DEBUG: Saved row: 	{"rowKey": "testdb:pg_catalog:pg_type:row:23:", "rowData": "[23,\"int4\",11,10,4,true,\"b\",\"N\",true,true,\",\",0,0,1007,\"int4in\",\"int4out\",\"int4recv\",\"int4send\",\"int4typmodin\",\"int4typmodout\",\"int4analyze\",\"i\",\"p\",false,0,-1,0,0,\"NULL\",\"NULL\",\"NULL\"]"}
2026-02-28T15:07:07.304+0300	DEBUG	logger/zap_logger.go:71	DEBUG: Saved row: 	{"rowKey": "testdb:pg_catalog:pg_type:row:24:", "rowData": "[24,\"regproc\",11,10,4,true,\"b\",\"N\",false,true,\",\",0,0,1008,\"regprocin\",\"regprocout\",\"regprocrecv\",\"regprocsend\",\"-\",\"-\",\"-\",\"i\",\"p\",false,0,-1,0,0,\"NULL\",\"NULL\",\"NULL\"]"}
2026-02-28T15:07:07.304+0300	DEBUG	logger/zap_logger.go:71	DEBUG: Saved row: 	{"rowKey": "testdb:pg_catalog:pg_type:row:25:", "rowData": "[25,\"text\",11,10,-1,false,\"b\",\"S\",true,true,\",\",0,0,1009,\"textin\",\"textout\",\"textrecv\",\"textsend\",\"texttypmodin\",\"texttypmodout\",\"textanalyze\",\"i\",\"e\",false,0,-1,0,0,\"NULL\",\"NULL\",\"NULL\"]"}
2026-02-28T15:07:07.304+0300	DEBUG	logger/zap_logger.go:71	DEBUG: Saved row: 	{"rowKey": "testdb:pg_catalog:pg_type:row:26:", "rowData": "[26,\"oid\",11,10,4,true,\"b\",\"N\",true,true,\",\",0,0,1028,\"oidin\",\"oidout\",\"oidrecv\",\"oidsend\",\"-\",\"-\",\"-\",\"i\",\"p\",false,0,-1,0,0,\"NULL\",\"NULL\",\"NULL\"]"}
2026-02-28T15:07:07.304+0300	DEBUG	logger/zap_logger.go:71	DEBUG: Saved row: 	{"rowKey": "testdb:pg_catalog:pg_type:row:700:", "rowData": "[700,\"float4\",11,10,4,true,\"b\",\"N\",false,true,\",\",0,0,1021,\"float4in\",\"float4out\",\"float4recv\",\"float4send\",\"-\",\"-\",\"-\",\"i\",\"p\",false,0,-1,0,0,\"NULL\",\"NULL\",\"NULL\"]"}
2026-02-28T15:07:07.304+0300	DEBUG	logger/zap_logger.go:71	DEBUG: Saved row: 	{"rowKey": "testdb:pg_catalog:pg_type:row:701:", "rowData": "[701,\"float8\",11,10,8,true,\"b\",\"N\",true,true,\",\",0,0,1022,\"float8in\",\"float8out\",\"float8recv\",\"float8send\",\"-\",\"-\",\"-\",\"d\",\"p\",false,0,-1,0,0,\"NULL\",\"NULL\",\"NULL\"]"}
2026-02-28T15:07:07.304+0300	DEBUG	logger/zap_logger.go:71	DEBUG: Saved row: 	{"rowKey": "testdb:pg_catalog:pg_type:row:1043:", "rowData": "[1043,\"varchar\",11,10,-1,false,\"b\",\"S\",false,true,\",\",0,0,1015,\"varcharin\",\"varcharout\",\"varcharrecv\",\"varcharsend\",\"varchartypmodin\",\"varchartypmodout\",\"-\",\"i\",\"e\",false,0,-1,0,100,\"NULL\",\"NULL\",\"NULL\"]"}
2026-02-28T15:07:07.304+0300	DEBUG	logger/zap_logger.go:71	DEBUG: Saved row: 	{"rowKey": "testdb:pg_catalog:pg_type:row:1082:", "rowData": "[1082,\"date\",11,10,4,true,\"b\",\"D\",false,true,\",\",0,0,1182,\"date_in\",\"date_out\",\"date_recv\",\"date_send\",\"-\",\"-\",\"-\",\"i\",\"p\",false,0,-1,0,0,\"NULL\",\"NULL\",\"NULL\"]"}
2026-02-28T15:07:07.304+0300	DEBUG	logger/zap_logger.go:71	DEBUG: Saved row: 	{"rowKey": "testdb:pg_catalog:pg_type:row:1083:", "rowData": "[1083,\"time\",11,10,8,true,\"b\",\"D\",false,true,\",\",0,0,1183,\"time_in\",\"time_out\",\"time_recv\",\"time_send\",\"timetypmodin\",\"timetypmodout\",\"-\",\"d\",\"p\",false,0,-1,0,0,\"NULL\",\"NULL\",\"NULL\"]"}
2026-02-28T15:07:07.304+0300	DEBUG	logger/zap_logger.go:71	DEBUG: Saved row: 	{"rowKey": "testdb:pg_catalog:pg_type:row:1114:", "rowData": "[1114,\"timestamp\",11,10,8,true,\"b\",\"D\",false,true,\",\",0,0,1115,\"timestamp_in\",\"timestamp_out\",\"timestamp_recv\",\"timestamp_send\",\"timestamptypmodin\",\"timestamptypmodout\",\"-\",\"d\",\"p\",false,0,-1,0,0,\"NULL\",\"NULL\",\"NULL\"]"}
2026-02-28T15:07:07.304+0300	DEBUG	logger/zap_logger.go:71	DEBUG: Saved row: 	{"rowKey": "testdb:pg_catalog:pg_type:row:1184:", "rowData": "[1184,\"timestamptz\",11,10,8,true,\"b\",\"D\",true,true,\",\",0,0,1185,\"timestamptz_in\",\"timestamptz_out\",\"timestamptz_recv\",\"timestamptz_send\",\"timestamptztypmodin\",\"timestamptztypmodout\",\"-\",\"d\",\"p\",false,0,-1,0,0,\"NULL\",\"NULL\",\"NULL\"]"}
2026-02-28T15:07:07.304+0300	DEBUG	logger/zap_logger.go:71	DEBUG: Saved row: 	{"rowKey": "testdb:pg_catalog:pg_type:row:1700:", "rowData": "[1700,\"numeric\",11,10,-1,false,\"b\",\"N\",false,true,\",\",0,0,1231,\"numeric_in\",\"numeric_out\",\"numeric_recv\",\"numeric_send\",\"numerictypmodin\",\"numerictypmodout\",\"-\",\"i\",\"m\",false,0,-1,0,0,\"NULL\",\"NULL\",\"NULL\"]"}
2026-02-28T15:07:07.304+0300	DEBUG	logger/zap_logger.go:71	DEBUG: Saved row: 	{"rowKey": "testdb:pg_catalog:pg_type:row:2950:", "rowData": "[2950,\"uuid\",11,10,16,false,\"b\",\"U\",false,true,\",\",0,0,2951,\"uuid_in\",\"uuid_out\",\"uuid_recv\",\"uuid_send\",\"-\",\"-\",\"-\",\"c\",\"p\",false,0,-1,0,0,\"NULL\",\"NULL\",\"NULL\"]"}
2026-02-28T15:07:07.304+0300	DEBUG	logger/zap_logger.go:71	DEBUG: Saved row: 	{"rowKey": "testdb:pg_catalog:pg_type:row:114:", "rowData": "[114,\"json\",11,10,-1,false,\"b\",\"U\",false,true,\",\",0,0,199,\"json_in\",\"json_out\",\"json_recv\",\"json_send\",\"-\",\"-\",\"-\",\"i\",\"e\",false,0,-1,0,0,\"NULL\",\"NULL\",\"NULL\"]"}
2026-02-28T15:07:07.304+0300	DEBUG	logger/zap_logger.go:71	DEBUG: Saved row: 	{"rowKey": "testdb:pg_catalog:pg_type:row:3802:", "rowData": "[3802,\"jsonb\",11,10,-1,false,\"b\",\"U\",false,true,\",\",0,0,3807,\"jsonb_in\",\"jsonb_out\",\"jsonb_recv\",\"jsonb_send\",\"-\",\"-\",\"-\",\"i\",\"e\",false,0,-1,0,0,\"NULL\",\"NULL\",\"NULL\"]"}
2026-02-28T15:07:07.304+0300	DEBUG	logger/zap_logger.go:71	DEBUG: Saved row: 	{"rowKey": "testdb:pg_catalog:pg_type:row:1042:", "rowData": "[1042,\"bpchar\",11,10,-1,false,\"b\",\"S\",false,true,\",\",0,0,1014,\"bpcharin\",\"bpcharout\",\"bpcharrecv\",\"bpcharsend\",\"bpchartypmodin\",\"bpchartypmodout\",\"-\",\"i\",\"e\",false,0,-1,0,100,\"NULL\",\"NULL\",\"NULL\"]"}
2026-02-28T15:07:07.304+0300	DEBUG	logger/zap_logger.go:71	DEBUG: Saved row: 	{"rowKey": "testdb:pg_catalog:pg_type:row:100001:", "rowData": "[100001,\"positive_int\",11,10,4,true,\"d\",\"N\",false,true,\",\",0,0,0,\"int4in\",\"int4out\",\"int4recv\",\"int4send\",\"-\",\"-\",\"-\",\"i\",\"p\",false,23,-1,0,0,\"NULL\",\"NULL\",\"NULL\"]"}
2026-02-28T15:07:07.304+0300	DEBUG	logger/zap_logger.go:71	DEBUG: Saved row: 	{"rowKey": "testdb:pg_catalog:pg_type:row:100002:", "rowData": "[100002,\"email_address\",11,10,-1,false,\"d\",\"S\",false,true,\",\",0,0,0,\"textin\",\"textout\",\"textrecv\",\"textsend\",\"-\",\"-\",\"-\",\"i\",\"e\",false,25,-1,0,0,\"NULL\",\"NULL\",\"NULL\"]"}
2026-02-28T15:07:07.304+0300	DEBUG	logger/zap_logger.go:71	DEBUG: Saved row: 	{"rowKey": "testdb:pg_catalog:pg_type:row:100003:", "rowData": "[100003,\"us_postal_code\",11,10,-1,false,\"d\",\"S\",false,true,\",\",0,0,0,\"textin\",\"textout\",\"textrecv\",\"textsend\",\"-\",\"-\",\"-\",\"i\",\"e\",false,25,-1,0,0,\"NULL\",\"NULL\",\"NULL\"]"}
2026-02-28T15:07:07.304+0300	INFO	logger/zap_logger.go:76	[SynchronizerVClock] Loaded key	{"key": "testdb:pg_catalog:pg_type:row:1184:", "value": "[1184,\"timestamptz\",11,10,8,true,\"b\",\"D\",true,true,\",\",0,0,1185,\"timestamptz_in\",\"timestamptz_out\",\"timestamptz_recv\",\"timestamptz_send\",\"timestamptztypmodin\",\"timestamptztypmodout\",\"-\",\"d\",\"p\",false,0,-1,0,0,\"NULL\",\"NULL\",\"NULL\"]", "vclock": {"node1":81}}
2026-02-28T15:07:07.304+0300	DEBUG	logger/zap_logger.go:96	Executing: 

CREATE TABLE IF NOT EXISTS pg_catalog.pg_namespace (
    oid INT,
    nspname TEXT,
    nspowner INT,
    nspacl TEXT,
    PRIMARY KEY (oid)
)
2026-02-28T15:07:07.304+0300	INFO	logger/zap_logger.go:76	[SynchronizerVClock] Loaded key	{"key": "testdb:pg_catalog:pg_type:row:100001:", "value": "[100001,\"positive_int\",11,10,4,true,\"d\",\"N\",false,true,\",\",0,0,0,\"int4in\",\"int4out\",\"int4recv\",\"int4send\",\"-\",\"-\",\"-\",\"i\",\"p\",false,23,-1,0,0,\"NULL\",\"NULL\",\"NULL\"]", "vclock": {"node1":82}}
2026-02-28T15:07:07.304+0300	INFO	logger/zap_logger.go:76	[SynchronizerVClock] Loaded key	{"key": "testdb:pg_catalog:pg_type:row:100003:", "value": "[100003,\"us_postal_code\",11,10,-1,false,\"d\",\"S\",false,true,\",\",0,0,0,\"textin\",\"textout\",\"textrecv\",\"textsend\",\"-\",\"-\",\"-\",\"i\",\"e\",false,25,-1,0,0,\"NULL\",\"NULL\",\"NULL\"]", "vclock": {"node1":83}}
2026-02-28T15:07:07.304+0300	INFO	logger/zap_logger.go:76	[SynchronizerVClock] Loaded key	{"key": "testdb:pg_catalog:pg_type:row:18:", "value": "[18,\"char\",11,10,1,true,\"b\",\"Z\",false,true,\",\",0,0,1002,\"charin\",\"charout\",\"charrecv\",\"charsend\",\"-\",\"-\",\"-\",\"c\",\"p\",false,0,-1,0,0,\"NULL\",\"NULL\",\"NULL\"]", "vclock": {"node1":84}}
2026-02-28T15:07:07.304+0300	INFO	logger/zap_logger.go:76	[SynchronizerVClock] Loaded key	{"key": "testdb:pg_catalog:pg_type:row:21:", "value": "[21,\"int2\",11,10,2,true,\"b\",\"N\",false,true,\",\",0,0,1005,\"int2in\",\"int2out\",\"int2recv\",\"int2send\",\"-\",\"-\",\"-\",\"s\",\"p\",false,0,-1,0,0,\"NULL\",\"NULL\",\"NULL\"]", "vclock": {"node1":85}}
2026-02-28T15:07:07.304+0300	INFO	logger/zap_logger.go:76	[SynchronizerVClock] Loaded key	{"key": "testdb:pg_catalog:pg_type:row:26:", "value": "[26,\"oid\",11,10,4,true,\"b\",\"N\",true,true,\",\",0,0,1028,\"oidin\",\"oidout\",\"oidrecv\",\"oidsend\",\"-\",\"-\",\"-\",\"i\",\"p\",false,0,-1,0,0,\"NULL\",\"NULL\",\"NULL\"]", "vclock": {"node1":86}}
2026-02-28T15:07:07.304+0300	INFO	logger/zap_logger.go:76	[SynchronizerVClock] Loaded key	{"key": "testdb:pg_catalog:pg_type:row:1043:", "value": "[1043,\"varchar\",11,10,-1,false,\"b\",\"S\",false,true,\",\",0,0,1015,\"varcharin\",\"varcharout\",\"varcharrecv\",\"varcharsend\",\"varchartypmodin\",\"varchartypmodout\",\"-\",\"i\",\"e\",false,0,-1,0,100,\"NULL\",\"NULL\",\"NULL\"]", "vclock": {"node1":87}}
2026-02-28T15:07:07.304+0300	INFO	logger/zap_logger.go:76	[SynchronizerVClock] Loaded key	{"key": "testdb:pg_catalog:pg_type:row:16:", "value": "[16,\"bool\",11,10,1,true,\"b\",\"B\",true,true,\",\",0,0,1000,\"boolin\",\"boolout\",\"boolrecv\",\"boolsend\",\"booltypmodin\",\"booltypmodout\",\"boolanalyze\",\"c\",\"p\",false,0,-1,0,0,\"NULL\",\"NULL\",\"NULL\"]", "vclock": {"node1":88}}
2026-02-28T15:07:07.304+0300	INFO	logger/zap_logger.go:76	[SynchronizerVClock] Loaded key	{"key": "testdb:pg_catalog:pg_type:row:17:", "value": "[17,\"bytea\",11,10,-1,false,\"b\",\"U\",false,true,\",\",0,0,1001,\"byteain\",\"byteaout\",\"bytearecv\",\"byteasend\",\"-\",\"-\",\"-\",\"i\",\"x\",false,0,-1,0,0,\"NULL\",\"NULL\",\"NULL\"]", "vclock": {"node1":89}}
2026-02-28T15:07:07.304+0300	INFO	logger/zap_logger.go:76	[SynchronizerVClock] Loaded key	{"key": "testdb:pg_catalog:pg_type:row:20:", "value": "[20,\"int8\",11,10,8,true,\"b\",\"N\",false,true,\",\",0,0,1016,\"int8in\",\"int8out\",\"int8recv\",\"int8send\",\"-\",\"-\",\"-\",\"d\",\"p\",false,0,-1,0,0,\"NULL\",\"NULL\",\"NULL\"]", "vclock": {"node1":90}}
2026-02-28T15:07:07.304+0300	INFO	logger/zap_logger.go:76	[SynchronizerVClock] Loaded key	{"key": "testdb:pg_catalog:pg_type:row:23:", "value": "[23,\"int4\",11,10,4,true,\"b\",\"N\",true,true,\",\",0,0,1007,\"int4in\",\"int4out\",\"int4recv\",\"int4send\",\"int4typmodin\",\"int4typmodout\",\"int4analyze\",\"i\",\"p\",false,0,-1,0,0,\"NULL\",\"NULL\",\"NULL\"]", "vclock": {"node1":91}}
2026-02-28T15:07:07.304+0300	INFO	logger/zap_logger.go:76	[SynchronizerVClock] Loaded key	{"key": "testdb:pg_catalog:pg_type:row:700:", "value": "[700,\"float4\",11,10,4,true,\"b\",\"N\",false,true,\",\",0,0,1021,\"float4in\",\"float4out\",\"float4recv\",\"float4send\",\"-\",\"-\",\"-\",\"i\",\"p\",false,0,-1,0,0,\"NULL\",\"NULL\",\"NULL\"]", "vclock": {"node1":92}}
2026-02-28T15:07:07.304+0300	INFO	logger/zap_logger.go:76	[SynchronizerVClock] Loaded key	{"key": "testdb:pg_catalog:pg_type:row:1083:", "value": "[1083,\"time\",11,10,8,true,\"b\",\"D\",false,true,\",\",0,0,1183,\"time_in\",\"time_out\",\"time_recv\",\"time_send\",\"timetypmodin\",\"timetypmodout\",\"-\",\"d\",\"p\",false,0,-1,0,0,\"NULL\",\"NULL\",\"NULL\"]", "vclock": {"node1":93}}
2026-02-28T15:07:07.304+0300	DEBUG	logger/zap_logger.go:96	DEBUG: Parsed statement type: CREATE_TABLE

2026-02-28T15:07:07.304+0300	INFO	logger/zap_logger.go:76	[SynchronizerVClock] Loaded key	{"key": "testdb:pg_catalog:pg_type:row:1700:", "value": "[1700,\"numeric\",11,10,-1,false,\"b\",\"N\",false,true,\",\",0,0,1231,\"numeric_in\",\"numeric_out\",\"numeric_recv\",\"numeric_send\",\"numerictypmodin\",\"numerictypmodout\",\"-\",\"i\",\"m\",false,0,-1,0,0,\"NULL\",\"NULL\",\"NULL\"]", "vclock": {"node1":94}}
2026-02-28T15:07:07.305+0300	INFO	logger/zap_logger.go:76	[SynchronizerVClock] Loaded key	{"key": "testdb:pg_catalog:pg_type:row:2950:", "value": "[2950,\"uuid\",11,10,16,false,\"b\",\"U\",false,true,\",\",0,0,2951,\"uuid_in\",\"uuid_out\",\"uuid_recv\",\"uuid_send\",\"-\",\"-\",\"-\",\"c\",\"p\",false,0,-1,0,0,\"NULL\",\"NULL\",\"NULL\"]", "vclock": {"node1":95}}
2026-02-28T15:07:07.305+0300	DEBUG	logger/zap_logger.go:96	Executing: 

INSERT INTO pg_catalog.pg_namespace (oid, nspname, nspowner, nspacl) VALUES
(11, 'pg_catalog', 10, NULL),
(12, 'public', 10, NULL)
2026-02-28T15:07:07.305+0300	INFO	logger/zap_logger.go:76	[SynchronizerVClock] Loaded key	{"key": "testdb:pg_catalog:pg_type:row:701:", "value": "[701,\"float8\",11,10,8,true,\"b\",\"N\",true,true,\",\",0,0,1022,\"float8in\",\"float8out\",\"float8recv\",\"float8send\",\"-\",\"-\",\"-\",\"d\",\"p\",false,0,-1,0,0,\"NULL\",\"NULL\",\"NULL\"]", "vclock": {"node1":96}}
2026-02-28T15:07:07.305+0300	INFO	logger/zap_logger.go:76	[SynchronizerVClock] Loaded key	{"key": "testdb:pg_catalog:pg_type:row:1082:", "value": "[1082,\"date\",11,10,4,true,\"b\",\"D\",false,true,\",\",0,0,1182,\"date_in\",\"date_out\",\"date_recv\",\"date_send\",\"-\",\"-\",\"-\",\"i\",\"p\",false,0,-1,0,0,\"NULL\",\"NULL\",\"NULL\"]", "vclock": {"node1":97}}
2026-02-28T15:07:07.305+0300	INFO	logger/zap_logger.go:76	[SynchronizerVClock] Loaded key	{"key": "testdb:pg_catalog:pg_type:row:1114:", "value": "[1114,\"timestamp\",11,10,8,true,\"b\",\"D\",false,true,\",\",0,0,1115,\"timestamp_in\",\"timestamp_out\",\"timestamp_recv\",\"timestamp_send\",\"timestamptypmodin\",\"timestamptypmodout\",\"-\",\"d\",\"p\",false,0,-1,0,0,\"NULL\",\"NULL\",\"NULL\"]", "vclock": {"node1":98}}
2026-02-28T15:07:07.305+0300	INFO	logger/zap_logger.go:76	[SynchronizerVClock] Loaded key	{"key": "testdb:pg_catalog:pg_type:row:114:", "value": "[114,\"json\",11,10,-1,false,\"b\",\"U\",false,true,\",\",0,0,199,\"json_in\",\"json_out\",\"json_recv\",\"json_send\",\"-\",\"-\",\"-\",\"i\",\"e\",false,0,-1,0,0,\"NULL\",\"NULL\",\"NULL\"]", "vclock": {"node1":99}}
2026-02-28T15:07:07.305+0300	INFO	logger/zap_logger.go:76	[SynchronizerVClock] Loaded key	{"key": "testdb:pg_catalog:pg_type:row:3802:", "value": "[3802,\"jsonb\",11,10,-1,false,\"b\",\"U\",false,true,\",\",0,0,3807,\"jsonb_in\",\"jsonb_out\",\"jsonb_recv\",\"jsonb_send\",\"-\",\"-\",\"-\",\"i\",\"e\",false,0,-1,0,0,\"NULL\",\"NULL\",\"NULL\"]", "vclock": {"node1":100}}
2026-02-28T15:07:07.305+0300	INFO	logger/zap_logger.go:76	[SynchronizerVClock] Loaded key	{"key": "testdb:pg_catalog:pg_type:row:1042:", "value": "[1042,\"bpchar\",11,10,-1,false,\"b\",\"S\",false,true,\",\",0,0,1014,\"bpcharin\",\"bpcharout\",\"bpcharrecv\",\"bpcharsend\",\"bpchartypmodin\",\"bpchartypmodout\",\"-\",\"i\",\"e\",false,0,-1,0,100,\"NULL\",\"NULL\",\"NULL\"]", "vclock": {"node1":101}}
2026-02-28T15:07:07.305+0300	INFO	logger/zap_logger.go:76	[SynchronizerVClock] Loaded key	{"key": "testdb:pg_catalog:pg_type:row:100002:", "value": "[100002,\"email_address\",11,10,-1,false,\"d\",\"S\",false,true,\",\",0,0,0,\"textin\",\"textout\",\"textrecv\",\"textsend\",\"-\",\"-\",\"-\",\"i\",\"e\",false,25,-1,0,0,\"NULL\",\"NULL\",\"NULL\"]", "vclock": {"node1":102}}
2026-02-28T15:07:07.305+0300	INFO	logger/zap_logger.go:76	[SynchronizerVClock] Loaded key	{"key": "testdb:pg_catalog:pg_type:row:19:", "value": "[19,\"name\",11,10,64,false,\"b\",\"S\",false,true,\",\",0,0,1003,\"namein\",\"nameout\",\"namerecv\",\"namesend\",\"-\",\"-\",\"-\",\"c\",\"p\",false,0,-1,0,950,\"NULL\",\"NULL\",\"NULL\"]", "vclock": {"node1":103}}
2026-02-28T15:07:07.305+0300	INFO	logger/zap_logger.go:76	[SynchronizerVClock] Loaded key	{"key": "testdb:pg_catalog:pg_type:row:24:", "value": "[24,\"regproc\",11,10,4,true,\"b\",\"N\",false,true,\",\",0,0,1008,\"regprocin\",\"regprocout\",\"regprocrecv\",\"regprocsend\",\"-\",\"-\",\"-\",\"i\",\"p\",false,0,-1,0,0,\"NULL\",\"NULL\",\"NULL\"]", "vclock": {"node1":104}}
2026-02-28T15:07:07.305+0300	INFO	logger/zap_logger.go:76	[SynchronizerVClock] Loaded key	{"key": "testdb:pg_catalog:pg_type:row:25:", "value": "[25,\"text\",11,10,-1,false,\"b\",\"S\",true,true,\",\",0,0,1009,\"textin\",\"textout\",\"textrecv\",\"textsend\",\"texttypmodin\",\"texttypmodout\",\"textanalyze\",\"i\",\"e\",false,0,-1,0,0,\"NULL\",\"NULL\",\"NULL\"]", "vclock": {"node1":105}}
2026-02-28T15:07:07.305+0300	DEBUG	logger/zap_logger.go:96	DEBUG: Parsed statement type: INSERT

2026-02-28T15:07:07.305+0300	INFO	logger/zap_logger.go:76	[SynchronizerVClock] Loaded key	{"key": "schema:testdb:pg_catalog:pg_namespace:", "value": "{\"Name\":\"pg_catalog.pg_namespace\",\"Columns\":{\"nspacl\":{\"Type\":0,\"IsNullable\":true,\"DefaultValue\":null,\"IsSerial\":false,\"IsUnique\":false,\"Idx\":4},\"nspname\":{\"Type\":0,\"IsNullable\":true,\"DefaultValue\":null,\"IsSerial\":false,\"IsUnique\":false,\"Idx\":2},\"nspowner\":{\"Type\":1,\"IsNullable\":true,\"DefaultValue\":null,\"IsSerial\":false,\"IsUnique\":false,\"Idx\":3},\"oid\":{\"Type\":1,\"IsNullable\":false,\"DefaultValue\":null,\"IsSerial\":false,\"IsUnique\":false,\"Idx\":1}},\"PrimaryKeys\":[1]}", "vclock": {"node1":106}}
2026-02-28T15:07:07.305+0300	DEBUG	logger/zap_logger.go:96	DEBUG: Insert into pg_catalog.pg_namespace: [[11 pg_catalog 10 NULL] [12 public 10 NULL]]

2026-02-28T15:07:07.305+0300	DEBUG	logger/zap_logger.go:71	DEBUG: Table metadata:	{"meta": {"Name":"pg_catalog.pg_namespace","Columns":{"nspacl":{"Type":0,"IsNullable":true,"DefaultValue":null,"IsSerial":false,"IsUnique":false,"Idx":4},"nspname":{"Type":0,"IsNullable":true,"DefaultValue":null,"IsSerial":false,"IsUnique":false,"Idx":2},"nspowner":{"Type":1,"IsNullable":true,"DefaultValue":null,"IsSerial":false,"IsUnique":false,"Idx":3},"oid":{"Type":1,"IsNullable":false,"DefaultValue":null,"IsSerial":false,"IsUnique":false,"Idx":1}},"PrimaryKeys":[1]}}
2026-02-28T15:07:07.305+0300	DEBUG	logger/zap_logger.go:71	DEBUG: Saved row: 	{"rowKey": "testdb:pg_catalog:pg_namespace:row:11:", "rowData": "[11,\"pg_catalog\",10,\"NULL\"]"}
2026-02-28T15:07:07.305+0300	DEBUG	logger/zap_logger.go:71	DEBUG: Saved row: 	{"rowKey": "testdb:pg_catalog:pg_namespace:row:12:", "rowData": "[12,\"public\",10,\"NULL\"]"}
2026-02-28T15:07:07.305+0300	INFO	logger/zap_logger.go:76	[SynchronizerVClock] Loaded key	{"key": "testdb:pg_catalog:pg_namespace:row:11:", "value": "[11,\"pg_catalog\",10,\"NULL\"]", "vclock": {"node1":107}}
2026-02-28T15:07:07.305+0300	DEBUG	logger/zap_logger.go:96	Executing: 

CREATE TABLE IF NOT EXISTS pg_catalog.pg_database (
    oid INT,
    datname TEXT,
    datdba INT,
    encoding INT,
    datcollate TEXT,
    datctype TEXT,
    datistemplate BOOLEAN,
    datallowconn BOOLEAN,
    datconnlimit INT,
    datlastsysoid INT,
    datfrozenxid INT,
    datminmxid INT,
    dattablespace INT,
    datacl TEXT,
    PRIMARY KEY (oid)
)
2026-02-28T15:07:07.305+0300	INFO	logger/zap_logger.go:76	[SynchronizerVClock] Loaded key	{"key": "testdb:pg_catalog:pg_namespace:row:12:", "value": "[12,\"public\",10,\"NULL\"]", "vclock": {"node1":108}}
2026-02-28T15:07:07.305+0300	DEBUG	logger/zap_logger.go:96	DEBUG: Parsed statement type: CREATE_TABLE

2026-02-28T15:07:07.305+0300	DEBUG	logger/zap_logger.go:96	Executing: 

INSERT INTO pg_catalog.pg_database (oid, datname, datdba, encoding, datcollate, datctype, datistemplate, datallowconn, datconnlimit, datlastsysoid, datfrozenxid, datminmxid, dattablespace, datacl) VALUES
(1, 'postgres', 10, 6, 'en_US.UTF-8', 'en_US.UTF-8', FALSE, TRUE, -1, 0, 0, 0, 1663, NULL)
2026-02-28T15:07:07.305+0300	INFO	logger/zap_logger.go:76	[SynchronizerVClock] Loaded key	{"key": "schema:testdb:pg_catalog:pg_database:", "value": "{\"Name\":\"pg_catalog.pg_database\",\"Columns\":{\"datacl\":{\"Type\":0,\"IsNullable\":true,\"DefaultValue\":null,\"IsSerial\":false,\"IsUnique\":false,\"Idx\":14},\"datallowconn\":{\"Type\":0,\"IsNullable\":true,\"DefaultValue\":null,\"IsSerial\":false,\"IsUnique\":false,\"Idx\":8},\"datcollate\":{\"Type\":0,\"IsNullable\":true,\"DefaultValue\":null,\"IsSerial\":false,\"IsUnique\":false,\"Idx\":5},\"datconnlimit\":{\"Type\":1,\"IsNullable\":true,\"DefaultValue\":null,\"IsSerial\":false,\"IsUnique\":false,\"Idx\":9},\"datctype\":{\"Type\":0,\"IsNullable\":true,\"DefaultValue\":null,\"IsSerial\":false,\"IsUnique\":false,\"Idx\":6},\"datdba\":{\"Type\":1,\"IsNullable\":true,\"DefaultValue\":null,\"IsSerial\":false,\"IsUnique\":false,\"Idx\":3},\"datfrozenxid\":{\"Type\":1,\"IsNullable\":true,\"DefaultValue\":null,\"IsSerial\":false,\"IsUnique\":false,\"Idx\":11},\"datistemplate\":{\"Type\":0,\"IsNullable\":true,\"DefaultValue\":null,\"IsSerial\":false,\"IsUnique\":false,\"Idx\":7},\"datlastsysoid\":{\"Type\":1,\"IsNullable\":true,\"DefaultValue\":null,\"IsSerial\":false,\"IsUnique\":false,\"Idx\":10},\"datminmxid\":{\"Type\":1,\"IsNullable\":true,\"DefaultValue\":null,\"IsSerial\":false,\"IsUnique\":false,\"Idx\":12},\"datname\":{\"Type\":0,\"IsNullable\":true,\"DefaultValue\":null,\"IsSerial\":false,\"IsUnique\":false,\"Idx\":2},\"dattablespace\":{\"Type\":1,\"IsNullable\":true,\"DefaultValue\":null,\"IsSerial\":false,\"IsUnique\":false,\"Idx\":13},\"encoding\":{\"Type\":1,\"IsNullable\":true,\"DefaultValue\":null,\"IsSerial\":false,\"IsUnique\":false,\"Idx\":4},\"oid\":{\"Type\":1,\"IsNullable\":false,\"DefaultValue\":null,\"IsSerial\":false,\"IsUnique\":false,\"Idx\":1}},\"PrimaryKeys\":[1]}", "vclock": {"node1":109}}
2026-02-28T15:07:07.305+0300	DEBUG	logger/zap_logger.go:96	DEBUG: Parsed statement type: INSERT

2026-02-28T15:07:07.305+0300	DEBUG	logger/zap_logger.go:96	DEBUG: Insert into pg_catalog.pg_database: [[1 postgres 10 6 en_US.UTF-8 en_US.UTF-8 false true -1 0 0 0 1663 NULL]]

2026-02-28T15:07:07.305+0300	DEBUG	logger/zap_logger.go:71	DEBUG: Table metadata:	{"meta": {"Name":"pg_catalog.pg_database","Columns":{"datacl":{"Type":0,"IsNullable":true,"DefaultValue":null,"IsSerial":false,"IsUnique":false,"Idx":14},"datallowconn":{"Type":0,"IsNullable":true,"DefaultValue":null,"IsSerial":false,"IsUnique":false,"Idx":8},"datcollate":{"Type":0,"IsNullable":true,"DefaultValue":null,"IsSerial":false,"IsUnique":false,"Idx":5},"datconnlimit":{"Type":1,"IsNullable":true,"DefaultValue":null,"IsSerial":false,"IsUnique":false,"Idx":9},"datctype":{"Type":0,"IsNullable":true,"DefaultValue":null,"IsSerial":false,"IsUnique":false,"Idx":6},"datdba":{"Type":1,"IsNullable":true,"DefaultValue":null,"IsSerial":false,"IsUnique":false,"Idx":3},"datfrozenxid":{"Type":1,"IsNullable":true,"DefaultValue":null,"IsSerial":false,"IsUnique":false,"Idx":11},"datistemplate":{"Type":0,"IsNullable":true,"DefaultValue":null,"IsSerial":false,"IsUnique":false,"Idx":7},"datlastsysoid":{"Type":1,"IsNullable":true,"DefaultValue":null,"IsSerial":false,"IsUnique":false,"Idx":10},"datminmxid":{"Type":1,"IsNullable":true,"DefaultValue":null,"IsSerial":false,"IsUnique":false,"Idx":12},"datname":{"Type":0,"IsNullable":true,"DefaultValue":null,"IsSerial":false,"IsUnique":false,"Idx":2},"dattablespace":{"Type":1,"IsNullable":true,"DefaultValue":null,"IsSerial":false,"IsUnique":false,"Idx":13},"encoding":{"Type":1,"IsNullable":true,"DefaultValue":null,"IsSerial":false,"IsUnique":false,"Idx":4},"oid":{"Type":1,"IsNullable":false,"DefaultValue":null,"IsSerial":false,"IsUnique":false,"Idx":1}},"PrimaryKeys":[1]}}
2026-02-28T15:07:07.305+0300	DEBUG	logger/zap_logger.go:71	DEBUG: Saved row: 	{"rowKey": "testdb:pg_catalog:pg_database:row:1:", "rowData": "[1,\"postgres\",10,6,\"en_US.UTF-8\",\"en_US.UTF-8\",false,true,-1,0,0,0,1663,\"NULL\"]"}
2026-02-28T15:07:07.305+0300	DEBUG	logger/zap_logger.go:96	Executing: 

CREATE TABLE IF NOT EXISTS pg_catalog.pg_tablespace (
    oid INT,
    spcname TEXT,
    spcowner INT,
    spcacl TEXT,
    spcoptions TEXT,
    PRIMARY KEY (oid)
)
2026-02-28T15:07:07.305+0300	INFO	logger/zap_logger.go:76	[SynchronizerVClock] Loaded key	{"key": "testdb:pg_catalog:pg_database:row:1:", "value": "[1,\"postgres\",10,6,\"en_US.UTF-8\",\"en_US.UTF-8\",false,true,-1,0,0,0,1663,\"NULL\"]", "vclock": {"node1":110}}
2026-02-28T15:07:07.305+0300	DEBUG	logger/zap_logger.go:96	DEBUG: Parsed statement type: CREATE_TABLE

2026-02-28T15:07:07.305+0300	DEBUG	logger/zap_logger.go:96	Executing: 

INSERT INTO pg_catalog.pg_tablespace (oid, spcname, spcowner, spcacl, spcoptions) VALUES
(1663, 'pg_default', 10, NULL, NULL),
(1664, 'pg_global', 10, NULL, NULL)
2026-02-28T15:07:07.305+0300	INFO	logger/zap_logger.go:76	[SynchronizerVClock] Loaded key	{"key": "schema:testdb:pg_catalog:pg_tablespace:", "value": "{\"Name\":\"pg_catalog.pg_tablespace\",\"Columns\":{\"oid\":{\"Type\":1,\"IsNullable\":false,\"DefaultValue\":null,\"IsSerial\":false,\"IsUnique\":false,\"Idx\":1},\"spcacl\":{\"Type\":0,\"IsNullable\":true,\"DefaultValue\":null,\"IsSerial\":false,\"IsUnique\":false,\"Idx\":4},\"spcname\":{\"Type\":0,\"IsNullable\":true,\"DefaultValue\":null,\"IsSerial\":false,\"IsUnique\":false,\"Idx\":2},\"spcoptions\":{\"Type\":0,\"IsNullable\":true,\"DefaultValue\":null,\"IsSerial\":false,\"IsUnique\":false,\"Idx\":5},\"spcowner\":{\"Type\":1,\"IsNullable\":true,\"DefaultValue\":null,\"IsSerial\":false,\"IsUnique\":false,\"Idx\":3}},\"PrimaryKeys\":[1]}", "vclock": {"node1":111}}
2026-02-28T15:07:07.305+0300	DEBUG	logger/zap_logger.go:96	DEBUG: Parsed statement type: INSERT

2026-02-28T15:07:07.305+0300	DEBUG	logger/zap_logger.go:96	DEBUG: Insert into pg_catalog.pg_tablespace: [[1663 pg_default 10 NULL NULL] [1664 pg_global 10 NULL NULL]]

2026-02-28T15:07:07.305+0300	DEBUG	logger/zap_logger.go:71	DEBUG: Table metadata:	{"meta": {"Name":"pg_catalog.pg_tablespace","Columns":{"oid":{"Type":1,"IsNullable":false,"DefaultValue":null,"IsSerial":false,"IsUnique":false,"Idx":1},"spcacl":{"Type":0,"IsNullable":true,"DefaultValue":null,"IsSerial":false,"IsUnique":false,"Idx":4},"spcname":{"Type":0,"IsNullable":true,"DefaultValue":null,"IsSerial":false,"IsUnique":false,"Idx":2},"spcoptions":{"Type":0,"IsNullable":true,"DefaultValue":null,"IsSerial":false,"IsUnique":false,"Idx":5},"spcowner":{"Type":1,"IsNullable":true,"DefaultValue":null,"IsSerial":false,"IsUnique":false,"Idx":3}},"PrimaryKeys":[1]}}
2026-02-28T15:07:07.305+0300	DEBUG	logger/zap_logger.go:71	DEBUG: Saved row: 	{"rowKey": "testdb:pg_catalog:pg_tablespace:row:1663:", "rowData": "[1663,\"pg_default\",10,\"NULL\",\"NULL\"]"}
2026-02-28T15:07:07.305+0300	DEBUG	logger/zap_logger.go:71	DEBUG: Saved row: 	{"rowKey": "testdb:pg_catalog:pg_tablespace:row:1664:", "rowData": "[1664,\"pg_global\",10,\"NULL\",\"NULL\"]"}
2026-02-28T15:07:07.305+0300	INFO	logger/zap_logger.go:76	[SynchronizerVClock] Loaded key	{"key": "testdb:pg_catalog:pg_tablespace:row:1663:", "value": "[1663,\"pg_default\",10,\"NULL\",\"NULL\"]", "vclock": {"node1":112}}
2026-02-28T15:07:07.305+0300	DEBUG	logger/zap_logger.go:96	Executing: 

CREATE TABLE IF NOT EXISTS pg_catalog.pg_roles (
    oid INT,
    rolname TEXT,
    rolsuper BOOLEAN,
    rolinherit BOOLEAN,
    rolcreaterole BOOLEAN,
    rolcreatedb BOOLEAN,
    rolcanlogin BOOLEAN,
    rolreplication BOOLEAN,
    rolconnlimit INT,
    rolpassword TEXT,
    rolvaliduntil TEXT,
    rolbypassrls BOOLEAN,
    rolconfig TEXT,
    PRIMARY KEY (oid)
)
2026-02-28T15:07:07.305+0300	INFO	logger/zap_logger.go:76	[SynchronizerVClock] Loaded key	{"key": "testdb:pg_catalog:pg_tablespace:row:1664:", "value": "[1664,\"pg_global\",10,\"NULL\",\"NULL\"]", "vclock": {"node1":113}}
2026-02-28T15:07:07.305+0300	DEBUG	logger/zap_logger.go:96	DEBUG: Parsed statement type: CREATE_TABLE

2026-02-28T15:07:07.305+0300	DEBUG	logger/zap_logger.go:96	Executing: 

INSERT INTO pg_catalog.pg_roles (oid, rolname, rolsuper, rolinherit, rolcreaterole, rolcreatedb, rolcanlogin, rolreplication, rolconnlimit, rolpassword, rolvaliduntil, rolbypassrls, rolconfig) VALUES
(10, 'system', TRUE, TRUE, TRUE, TRUE, TRUE, TRUE, -1, NULL, NULL, FALSE, NULL),
(11, 'user1', FALSE, TRUE, FALSE, TRUE, TRUE, FALSE, -1, NULL, NULL, FALSE, NULL)
2026-02-28T15:07:07.306+0300	INFO	logger/zap_logger.go:76	[SynchronizerVClock] Loaded key	{"key": "schema:testdb:pg_catalog:pg_roles:", "value": "{\"Name\":\"pg_catalog.pg_roles\",\"Columns\":{\"oid\":{\"Type\":1,\"IsNullable\":false,\"DefaultValue\":null,\"IsSerial\":false,\"IsUnique\":false,\"Idx\":1},\"rolbypassrls\":{\"Type\":0,\"IsNullable\":true,\"DefaultValue\":null,\"IsSerial\":false,\"IsUnique\":false,\"Idx\":12},\"rolcanlogin\":{\"Type\":0,\"IsNullable\":true,\"DefaultValue\":null,\"IsSerial\":false,\"IsUnique\":false,\"Idx\":7},\"rolconfig\":{\"Type\":0,\"IsNullable\":true,\"DefaultValue\":null,\"IsSerial\":false,\"IsUnique\":false,\"Idx\":13},\"rolconnlimit\":{\"Type\":1,\"IsNullable\":true,\"DefaultValue\":null,\"IsSerial\":false,\"IsUnique\":false,\"Idx\":9},\"rolcreatedb\":{\"Type\":0,\"IsNullable\":true,\"DefaultValue\":null,\"IsSerial\":false,\"IsUnique\":false,\"Idx\":6},\"rolcreaterole\":{\"Type\":0,\"IsNullable\":true,\"DefaultValue\":null,\"IsSerial\":false,\"IsUnique\":false,\"Idx\":5},\"rolinherit\":{\"Type\":0,\"IsNullable\":true,\"DefaultValue\":null,\"IsSerial\":false,\"IsUnique\":false,\"Idx\":4},\"rolname\":{\"Type\":0,\"IsNullable\":true,\"DefaultValue\":null,\"IsSerial\":false,\"IsUnique\":false,\"Idx\":2},\"rolpassword\":{\"Type\":0,\"IsNullable\":true,\"DefaultValue\":null,\"IsSerial\":false,\"IsUnique\":false,\"Idx\":10},\"rolreplication\":{\"Type\":0,\"IsNullable\":true,\"DefaultValue\":null,\"IsSerial\":false,\"IsUnique\":false,\"Idx\":8},\"rolsuper\":{\"Type\":0,\"IsNullable\":true,\"DefaultValue\":null,\"IsSerial\":false,\"IsUnique\":false,\"Idx\":3},\"rolvaliduntil\":{\"Type\":0,\"IsNullable\":true,\"DefaultValue\":null,\"IsSerial\":false,\"IsUnique\":false,\"Idx\":11}},\"PrimaryKeys\":[1]}", "vclock": {"node1":114}}
2026-02-28T15:07:07.306+0300	DEBUG	logger/zap_logger.go:96	DEBUG: Parsed statement type: INSERT

2026-02-28T15:07:07.306+0300	DEBUG	logger/zap_logger.go:96	DEBUG: Insert into pg_catalog.pg_roles: [[10 system true true true true true true -1 NULL NULL false NULL] [11 user1 false true false true true false -1 NULL NULL false NULL]]

2026-02-28T15:07:07.306+0300	DEBUG	logger/zap_logger.go:71	DEBUG: Table metadata:	{"meta": {"Name":"pg_catalog.pg_roles","Columns":{"oid":{"Type":1,"IsNullable":false,"DefaultValue":null,"IsSerial":false,"IsUnique":false,"Idx":1},"rolbypassrls":{"Type":0,"IsNullable":true,"DefaultValue":null,"IsSerial":false,"IsUnique":false,"Idx":12},"rolcanlogin":{"Type":0,"IsNullable":true,"DefaultValue":null,"IsSerial":false,"IsUnique":false,"Idx":7},"rolconfig":{"Type":0,"IsNullable":true,"DefaultValue":null,"IsSerial":false,"IsUnique":false,"Idx":13},"rolconnlimit":{"Type":1,"IsNullable":true,"DefaultValue":null,"IsSerial":false,"IsUnique":false,"Idx":9},"rolcreatedb":{"Type":0,"IsNullable":true,"DefaultValue":null,"IsSerial":false,"IsUnique":false,"Idx":6},"rolcreaterole":{"Type":0,"IsNullable":true,"DefaultValue":null,"IsSerial":false,"IsUnique":false,"Idx":5},"rolinherit":{"Type":0,"IsNullable":true,"DefaultValue":null,"IsSerial":false,"IsUnique":false,"Idx":4},"rolname":{"Type":0,"IsNullable":true,"DefaultValue":null,"IsSerial":false,"IsUnique":false,"Idx":2},"rolpassword":{"Type":0,"IsNullable":true,"DefaultValue":null,"IsSerial":false,"IsUnique":false,"Idx":10},"rolreplication":{"Type":0,"IsNullable":true,"DefaultValue":null,"IsSerial":false,"IsUnique":false,"Idx":8},"rolsuper":{"Type":0,"IsNullable":true,"DefaultValue":null,"IsSerial":false,"IsUnique":false,"Idx":3},"rolvaliduntil":{"Type":0,"IsNullable":true,"DefaultValue":null,"IsSerial":false,"IsUnique":false,"Idx":11}},"PrimaryKeys":[1]}}
2026-02-28T15:07:07.306+0300	DEBUG	logger/zap_logger.go:71	DEBUG: Saved row: 	{"rowKey": "testdb:pg_catalog:pg_roles:row:10:", "rowData": "[10,\"system\",true,true,true,true,true,true,-1,\"NULL\",\"NULL\",false,\"NULL\"]"}
2026-02-28T15:07:07.306+0300	DEBUG	logger/zap_logger.go:71	DEBUG: Saved row: 	{"rowKey": "testdb:pg_catalog:pg_roles:row:11:", "rowData": "[11,\"user1\",false,true,false,true,true,false,-1,\"NULL\",\"NULL\",false,\"NULL\"]"}
2026-02-28T15:07:07.306+0300	INFO	logger/zap_logger.go:76	[SynchronizerVClock] Loaded key	{"key": "testdb:pg_catalog:pg_roles:row:10:", "value": "[10,\"system\",true,true,true,true,true,true,-1,\"NULL\",\"NULL\",false,\"NULL\"]", "vclock": {"node1":115}}
2026-02-28T15:07:07.306+0300	DEBUG	logger/zap_logger.go:96	Executing: 

CREATE TABLE IF NOT EXISTS pg_catalog.pg_stat_ssl (
    pid INT,
    ssl BOOLEAN,
    version TEXT,
    cipher TEXT,
    bits INT,
    compression BOOLEAN,
    clientdn TEXT,
    PRIMARY KEY (pid)
)
2026-02-28T15:07:07.306+0300	INFO	logger/zap_logger.go:76	[SynchronizerVClock] Loaded key	{"key": "testdb:pg_catalog:pg_roles:row:11:", "value": "[11,\"user1\",false,true,false,true,true,false,-1,\"NULL\",\"NULL\",false,\"NULL\"]", "vclock": {"node1":116}}
2026-02-28T15:07:07.306+0300	DEBUG	logger/zap_logger.go:96	DEBUG: Parsed statement type: CREATE_TABLE

2026-02-28T15:07:07.306+0300	DEBUG	logger/zap_logger.go:96	Executing: 

INSERT INTO pg_catalog.pg_stat_ssl (pid, ssl, version, cipher, bits, compression, clientdn) VALUES
(12345, TRUE, 'TLSv1.3', 'TLS_AES_256_GCM_SHA384', 256, FALSE, 'CN=client,O=example,C=US')
2026-02-28T15:07:07.306+0300	INFO	logger/zap_logger.go:76	[SynchronizerVClock] Loaded key	{"key": "schema:testdb:pg_catalog:pg_stat_ssl:", "value": "{\"Name\":\"pg_catalog.pg_stat_ssl\",\"Columns\":{\"bits\":{\"Type\":1,\"IsNullable\":true,\"DefaultValue\":null,\"IsSerial\":false,\"IsUnique\":false,\"Idx\":5},\"cipher\":{\"Type\":0,\"IsNullable\":true,\"DefaultValue\":null,\"IsSerial\":false,\"IsUnique\":false,\"Idx\":4},\"clientdn\":{\"Type\":0,\"IsNullable\":true,\"DefaultValue\":null,\"IsSerial\":false,\"IsUnique\":false,\"Idx\":7},\"compression\":{\"Type\":0,\"IsNullable\":true,\"DefaultValue\":null,\"IsSerial\":false,\"IsUnique\":false,\"Idx\":6},\"pid\":{\"Type\":1,\"IsNullable\":false,\"DefaultValue\":null,\"IsSerial\":false,\"IsUnique\":false,\"Idx\":1},\"ssl\":{\"Type\":0,\"IsNullable\":true,\"DefaultValue\":null,\"IsSerial\":false,\"IsUnique\":false,\"Idx\":2},\"version\":{\"Type\":0,\"IsNullable\":true,\"DefaultValue\":null,\"IsSerial\":false,\"IsUnique\":false,\"Idx\":3}},\"PrimaryKeys\":[1]}", "vclock": {"node1":117}}
2026-02-28T15:07:07.306+0300	DEBUG	logger/zap_logger.go:96	DEBUG: Parsed statement type: INSERT

2026-02-28T15:07:07.306+0300	DEBUG	logger/zap_logger.go:96	DEBUG: Insert into pg_catalog.pg_stat_ssl: [[12345 true TLSv1.3 TLS_AES_256_GCM_SHA384 256 false CN=client,O=example,C=US]]

2026-02-28T15:07:07.306+0300	DEBUG	logger/zap_logger.go:71	DEBUG: Table metadata:	{"meta": {"Name":"pg_catalog.pg_stat_ssl","Columns":{"bits":{"Type":1,"IsNullable":true,"DefaultValue":null,"IsSerial":false,"IsUnique":false,"Idx":5},"cipher":{"Type":0,"IsNullable":true,"DefaultValue":null,"IsSerial":false,"IsUnique":false,"Idx":4},"clientdn":{"Type":0,"IsNullable":true,"DefaultValue":null,"IsSerial":false,"IsUnique":false,"Idx":7},"compression":{"Type":0,"IsNullable":true,"DefaultValue":null,"IsSerial":false,"IsUnique":false,"Idx":6},"pid":{"Type":1,"IsNullable":false,"DefaultValue":null,"IsSerial":false,"IsUnique":false,"Idx":1},"ssl":{"Type":0,"IsNullable":true,"DefaultValue":null,"IsSerial":false,"IsUnique":false,"Idx":2},"version":{"Type":0,"IsNullable":true,"DefaultValue":null,"IsSerial":false,"IsUnique":false,"Idx":3}},"PrimaryKeys":[1]}}
2026-02-28T15:07:07.306+0300	DEBUG	logger/zap_logger.go:71	DEBUG: Saved row: 	{"rowKey": "testdb:pg_catalog:pg_stat_ssl:row:12345:", "rowData": "[12345,true,\"TLSv1.3\",\"TLS_AES_256_GCM_SHA384\",256,false,\"CN=client,O=example,C=US\"]"}
2026-02-28T15:07:07.306+0300	DEBUG	logger/zap_logger.go:96	Executing: 

CREATE TABLE IF NOT EXISTS pg_catalog.pg_shdescription (
    objoid INT,
    classoid INT,
    objsubid INT,
    description TEXT,
    PRIMARY KEY (objoid, classoid, objsubid)
)
2026-02-28T15:07:07.306+0300	INFO	logger/zap_logger.go:76	[SynchronizerVClock] Loaded key	{"key": "testdb:pg_catalog:pg_stat_ssl:row:12345:", "value": "[12345,true,\"TLSv1.3\",\"TLS_AES_256_GCM_SHA384\",256,false,\"CN=client,O=example,C=US\"]", "vclock": {"node1":118}}
2026-02-28T15:07:07.306+0300	DEBUG	logger/zap_logger.go:96	DEBUG: Parsed statement type: CREATE_TABLE

2026-02-28T15:07:07.306+0300	DEBUG	logger/zap_logger.go:96	Executing: 

INSERT INTO pg_catalog.pg_shdescription (objoid, classoid, objsubid, description) VALUES
(1, 1259, 0, 'Description for pg_tables table'),
(2, 1259, 0, 'Description for pg_columns table')
2026-02-28T15:07:07.306+0300	INFO	logger/zap_logger.go:76	[SynchronizerVClock] Loaded key	{"key": "schema:testdb:pg_catalog:pg_shdescription:", "value": "{\"Name\":\"pg_catalog.pg_shdescription\",\"Columns\":{\"classoid\":{\"Type\":1,\"IsNullable\":false,\"DefaultValue\":null,\"IsSerial\":false,\"IsUnique\":false,\"Idx\":2},\"description\":{\"Type\":0,\"IsNullable\":true,\"DefaultValue\":null,\"IsSerial\":false,\"IsUnique\":false,\"Idx\":4},\"objoid\":{\"Type\":1,\"IsNullable\":false,\"DefaultValue\":null,\"IsSerial\":false,\"IsUnique\":false,\"Idx\":1},\"objsubid\":{\"Type\":1,\"IsNullable\":false,\"DefaultValue\":null,\"IsSerial\":false,\"IsUnique\":false,\"Idx\":3}},\"PrimaryKeys\":[1,2,3]}", "vclock": {"node1":119}}
2026-02-28T15:07:07.306+0300	DEBUG	logger/zap_logger.go:96	DEBUG: Parsed statement type: INSERT

2026-02-28T15:07:07.306+0300	DEBUG	logger/zap_logger.go:96	DEBUG: Insert into pg_catalog.pg_shdescription: [[1 1259 0 Description for pg_tables table] [2 1259 0 Description for pg_columns table]]

2026-02-28T15:07:07.306+0300	DEBUG	logger/zap_logger.go:71	DEBUG: Table metadata:	{"meta": {"Name":"pg_catalog.pg_shdescription","Columns":{"classoid":{"Type":1,"IsNullable":false,"DefaultValue":null,"IsSerial":false,"IsUnique":false,"Idx":2},"description":{"Type":0,"IsNullable":true,"DefaultValue":null,"IsSerial":false,"IsUnique":false,"Idx":4},"objoid":{"Type":1,"IsNullable":false,"DefaultValue":null,"IsSerial":false,"IsUnique":false,"Idx":1},"objsubid":{"Type":1,"IsNullable":false,"DefaultValue":null,"IsSerial":false,"IsUnique":false,"Idx":3}},"PrimaryKeys":[1,2,3]}}
2026-02-28T15:07:07.306+0300	DEBUG	logger/zap_logger.go:71	DEBUG: Saved row: 	{"rowKey": "testdb:pg_catalog:pg_shdescription:row:112590:", "rowData": "[1,1259,0,\"Description for pg_tables table\"]"}
2026-02-28T15:07:07.306+0300	DEBUG	logger/zap_logger.go:71	DEBUG: Saved row: 	{"rowKey": "testdb:pg_catalog:pg_shdescription:row:212590:", "rowData": "[2,1259,0,\"Description for pg_columns table\"]"}
2026-02-28T15:07:07.306+0300	INFO	logger/zap_logger.go:76	[SynchronizerVClock] Loaded key	{"key": "testdb:pg_catalog:pg_shdescription:row:112590:", "value": "[1,1259,0,\"Description for pg_tables table\"]", "vclock": {"node1":120}}
2026-02-28T15:07:07.306+0300	DEBUG	logger/zap_logger.go:96	Executing: 

CREATE TABLE IF NOT EXISTS pg_catalog.pg_am (
    oid INT,
    amname TEXT,
    amhandler INT,
    amtype TEXT,
    PRIMARY KEY (oid)
)
2026-02-28T15:07:07.306+0300	INFO	logger/zap_logger.go:76	[SynchronizerVClock] Loaded key	{"key": "testdb:pg_catalog:pg_shdescription:row:212590:", "value": "[2,1259,0,\"Description for pg_columns table\"]", "vclock": {"node1":121}}
2026-02-28T15:07:07.306+0300	DEBUG	logger/zap_logger.go:96	DEBUG: Parsed statement type: CREATE_TABLE

2026-02-28T15:07:07.306+0300	DEBUG	logger/zap_logger.go:96	Executing: 

INSERT INTO pg_catalog.pg_am (oid, amname, amhandler, amtype) VALUES
(403, 'heap', 0, 't'),
(405, 'btree', 0, 'i')
2026-02-28T15:07:07.306+0300	INFO	logger/zap_logger.go:76	[SynchronizerVClock] Loaded key	{"key": "schema:testdb:pg_catalog:pg_am:", "value": "{\"Name\":\"pg_catalog.pg_am\",\"Columns\":{\"amhandler\":{\"Type\":1,\"IsNullable\":true,\"DefaultValue\":null,\"IsSerial\":false,\"IsUnique\":false,\"Idx\":3},\"amname\":{\"Type\":0,\"IsNullable\":true,\"DefaultValue\":null,\"IsSerial\":false,\"IsUnique\":false,\"Idx\":2},\"amtype\":{\"Type\":0,\"IsNullable\":true,\"DefaultValue\":null,\"IsSerial\":false,\"IsUnique\":false,\"Idx\":4},\"oid\":{\"Type\":1,\"IsNullable\":false,\"DefaultValue\":null,\"IsSerial\":false,\"IsUnique\":false,\"Idx\":1}},\"PrimaryKeys\":[1]}", "vclock": {"node1":122}}
2026-02-28T15:07:07.306+0300	DEBUG	logger/zap_logger.go:96	DEBUG: Parsed statement type: INSERT

2026-02-28T15:07:07.306+0300	DEBUG	logger/zap_logger.go:96	DEBUG: Insert into pg_catalog.pg_am: [[403 heap 0 t] [405 btree 0 i]]

2026-02-28T15:07:07.306+0300	DEBUG	logger/zap_logger.go:71	DEBUG: Table metadata:	{"meta": {"Name":"pg_catalog.pg_am","Columns":{"amhandler":{"Type":1,"IsNullable":true,"DefaultValue":null,"IsSerial":false,"IsUnique":false,"Idx":3},"amname":{"Type":0,"IsNullable":true,"DefaultValue":null,"IsSerial":false,"IsUnique":false,"Idx":2},"amtype":{"Type":0,"IsNullable":true,"DefaultValue":null,"IsSerial":false,"IsUnique":false,"Idx":4},"oid":{"Type":1,"IsNullable":false,"DefaultValue":null,"IsSerial":false,"IsUnique":false,"Idx":1}},"PrimaryKeys":[1]}}
2026-02-28T15:07:07.306+0300	DEBUG	logger/zap_logger.go:71	DEBUG: Saved row: 	{"rowKey": "testdb:pg_catalog:pg_am:row:403:", "rowData": "[403,\"heap\",0,\"t\"]"}
2026-02-28T15:07:07.306+0300	DEBUG	logger/zap_logger.go:71	DEBUG: Saved row: 	{"rowKey": "testdb:pg_catalog:pg_am:row:405:", "rowData": "[405,\"btree\",0,\"i\"]"}
2026-02-28T15:07:07.306+0300	INFO	logger/zap_logger.go:76	[SynchronizerVClock] Loaded key	{"key": "testdb:pg_catalog:pg_am:row:403:", "value": "[403,\"heap\",0,\"t\"]", "vclock": {"node1":123}}
2026-02-28T15:07:07.306+0300	DEBUG	logger/zap_logger.go:96	Executing: 

2026-02-28T15:07:07.306+0300	INFO	logger/zap_logger.go:76	System tables initialization completed
2026-02-28T15:07:07.307+0300	INFO	logger/zap_logger.go:76	[SynchronizerVClock] Loaded key	{"key": "testdb:pg_catalog:pg_am:row:405:", "value": "[405,\"btree\",0,\"i\"]", "vclock": {"node1":124}}
2026-02-28T15:07:07.307+0300	INFO	logger/zap_logger.go:76	Pg server started
2026-02-28T15:07:10.967+0300	INFO	logger/zap_logger.go:76	Accepted connection
2026-02-28T15:07:10.967+0300	INFO	logger/zap_logger.go:76	Accepted connection
2026-02-28T15:07:10.984+0300	INFO	logger/zap_logger.go:76	SSL request received, sending 'N'
2026-02-28T15:07:10.984+0300	INFO	logger/zap_logger.go:76	Startup complete
2026-02-28T15:07:11.770+0300	DEBUG	logger/zap_logger.go:96	Query: SELECT o.id, u.id, * FROM orders o
JOIN users u ON o.user_id = u.id;
2026-02-28T15:07:11.773+0300	DEBUG	logger/zap_logger.go:96	Parsing select item: o.id
2026-02-28T15:07:11.773+0300	DEBUG	logger/zap_logger.go:96	Parsing select item: u.id
2026-02-28T15:07:11.773+0300	DEBUG	logger/zap_logger.go:96	Parsing select item: *
2026-02-28T15:07:11.773+0300	DEBUG	logger/zap_logger.go:96	DEBUG: Parsed statement type: SELECT

2026-02-28T15:07:11.773+0300	DEBUG	logger/zap_logger.go:96	Parsed statement: %!(EXTRA zapcore.Field={stmt 23 0  0x1400089a1c0})
2026-02-28T15:07:11.773+0300	DEBUG	logger/zap_logger.go:96	Executing query plan: %!(EXTRA zapcore.Field={queryPlan 25 0  Project
  Join
    Scan (orders AS o)
    Scan (users AS u)
})
2026-02-28T15:07:11.773+0300	DEBUG	logger/zap_logger.go:71	executing plan node	{"type": "Project"}
2026-02-28T15:07:11.773+0300	DEBUG	logger/zap_logger.go:71	executing plan node	{"type": "Join"}
2026-02-28T15:07:11.773+0300	DEBUG	logger/zap_logger.go:71	executing plan node	{"type": "Scan"}
2026-02-28T15:07:13.606+0300	DEBUG	logger/zap_logger.go:96	Query: CREATE TABLE orders (
    id INT PRIMARY KEY,
    user_id INT
);
2026-02-28T15:07:13.606+0300	DEBUG	logger/zap_logger.go:96	DEBUG: Parsed statement type: CREATE_TABLE

2026-02-28T15:07:13.606+0300	DEBUG	logger/zap_logger.go:96	Parsed statement: %!(EXTRA zapcore.Field={stmt 23 0  0x14000634000})
2026-02-28T15:07:13.606+0300	INFO	logger/zap_logger.go:76	[SynchronizerVClock] Loaded key	{"key": "schema:testdb:public:orders:", "value": "{\"Name\":\"orders\",\"Columns\":{\"id\":{\"Type\":1,\"IsNullable\":false,\"DefaultValue\":null,\"IsSerial\":false,\"IsUnique\":false,\"Idx\":1},\"user_id\":{\"Type\":1,\"IsNullable\":true,\"DefaultValue\":null,\"IsSerial\":false,\"IsUnique\":false,\"Idx\":2}},\"PrimaryKeys\":[1]}", "vclock": {"node1":125}}
2026-02-28T15:07:13.606+0300	DEBUG	logger/zap_logger.go:96	Query: CREATE TABLE users (
    id INT PRIMARY KEY,
    name TEXT
);
2026-02-28T15:07:13.606+0300	DEBUG	logger/zap_logger.go:96	DEBUG: Parsed statement type: CREATE_TABLE

2026-02-28T15:07:13.606+0300	DEBUG	logger/zap_logger.go:96	Parsed statement: %!(EXTRA zapcore.Field={stmt 23 0  0x14000634190})
2026-02-28T15:07:13.606+0300	INFO	logger/zap_logger.go:76	[SynchronizerVClock] Loaded key	{"key": "schema:testdb:public:users:", "value": "{\"Name\":\"users\",\"Columns\":{\"id\":{\"Type\":1,\"IsNullable\":false,\"DefaultValue\":null,\"IsSerial\":false,\"IsUnique\":false,\"Idx\":1},\"name\":{\"Type\":0,\"IsNullable\":true,\"DefaultValue\":null,\"IsSerial\":false,\"IsUnique\":false,\"Idx\":2}},\"PrimaryKeys\":[1]}", "vclock": {"node1":126}}
2026-02-28T15:07:13.606+0300	DEBUG	logger/zap_logger.go:96	Query: INSERT INTO users (id, name) VALUES (1, 'Alice'), (2, 'Bob');
2026-02-28T15:07:13.607+0300	DEBUG	logger/zap_logger.go:96	DEBUG: Parsed statement type: INSERT

2026-02-28T15:07:13.607+0300	DEBUG	logger/zap_logger.go:96	Parsed statement: %!(EXTRA zapcore.Field={stmt 23 0  0x140002dbb00})
2026-02-28T15:07:13.607+0300	DEBUG	logger/zap_logger.go:96	DEBUG: Insert into users: [[1 Alice] [2 Bob]]

2026-02-28T15:07:13.607+0300	DEBUG	logger/zap_logger.go:71	DEBUG: Table metadata:	{"meta": {"Name":"users","Columns":{"id":{"Type":1,"IsNullable":false,"DefaultValue":null,"IsSerial":false,"IsUnique":false,"Idx":1},"name":{"Type":0,"IsNullable":true,"DefaultValue":null,"IsSerial":false,"IsUnique":false,"Idx":2}},"PrimaryKeys":[1]}}
2026-02-28T15:07:13.607+0300	DEBUG	logger/zap_logger.go:71	DEBUG: Saved row: 	{"rowKey": "testdb:public:users:row:1:", "rowData": "[1,\"Alice\"]"}
2026-02-28T15:07:13.607+0300	DEBUG	logger/zap_logger.go:71	DEBUG: Saved row: 	{"rowKey": "testdb:public:users:row:2:", "rowData": "[2,\"Bob\"]"}
2026-02-28T15:07:13.607+0300	INFO	logger/zap_logger.go:76	[SynchronizerVClock] Loaded key	{"key": "testdb:public:users:row:1:", "value": "[1,\"Alice\"]", "vclock": {"node1":127}}
2026-02-28T15:07:13.607+0300	INFO	logger/zap_logger.go:76	[SynchronizerVClock] Loaded key	{"key": "testdb:public:users:row:2:", "value": "[2,\"Bob\"]", "vclock": {"node1":128}}
2026-02-28T15:07:13.607+0300	DEBUG	logger/zap_logger.go:96	Query: INSERT INTO orders (id, user_id) VALUES (1, 1), (2, 2), (3, 1);
2026-02-28T15:07:13.607+0300	DEBUG	logger/zap_logger.go:96	DEBUG: Parsed statement type: INSERT

2026-02-28T15:07:13.607+0300	DEBUG	logger/zap_logger.go:96	Parsed statement: %!(EXTRA zapcore.Field={stmt 23 0  0x140004bb040})
2026-02-28T15:07:13.607+0300	DEBUG	logger/zap_logger.go:96	DEBUG: Insert into orders: [[1 1] [2 2] [3 1]]

2026-02-28T15:07:13.607+0300	DEBUG	logger/zap_logger.go:71	DEBUG: Table metadata:	{"meta": {"Name":"orders","Columns":{"id":{"Type":1,"IsNullable":false,"DefaultValue":null,"IsSerial":false,"IsUnique":false,"Idx":1},"user_id":{"Type":1,"IsNullable":true,"DefaultValue":null,"IsSerial":false,"IsUnique":false,"Idx":2}},"PrimaryKeys":[1]}}
2026-02-28T15:07:13.607+0300	DEBUG	logger/zap_logger.go:71	DEBUG: Saved row: 	{"rowKey": "testdb:public:orders:row:1:", "rowData": "[1,1]"}
2026-02-28T15:07:13.607+0300	DEBUG	logger/zap_logger.go:71	DEBUG: Saved row: 	{"rowKey": "testdb:public:orders:row:2:", "rowData": "[2,2]"}
2026-02-28T15:07:13.607+0300	DEBUG	logger/zap_logger.go:71	DEBUG: Saved row: 	{"rowKey": "testdb:public:orders:row:3:", "rowData": "[3,1]"}
2026-02-28T15:07:13.607+0300	INFO	logger/zap_logger.go:76	[SynchronizerVClock] Loaded key	{"key": "testdb:public:orders:row:1:", "value": "[1,1]", "vclock": {"node1":129}}
2026-02-28T15:07:13.607+0300	INFO	logger/zap_logger.go:76	[SynchronizerVClock] Loaded key	{"key": "testdb:public:orders:row:2:", "value": "[2,2]", "vclock": {"node1":130}}
2026-02-28T15:07:13.607+0300	INFO	logger/zap_logger.go:76	[SynchronizerVClock] Loaded key	{"key": "testdb:public:orders:row:3:", "value": "[3,1]", "vclock": {"node1":131}}
2026-02-28T15:07:15.066+0300	DEBUG	logger/zap_logger.go:96	Query: SELECT o.id, u.id, * FROM orders o
JOIN users u ON o.user_id = u.id;
2026-02-28T15:07:15.067+0300	DEBUG	logger/zap_logger.go:96	Parsing select item: o.id
2026-02-28T15:07:15.067+0300	DEBUG	logger/zap_logger.go:96	Parsing select item: u.id
2026-02-28T15:07:15.067+0300	DEBUG	logger/zap_logger.go:96	Parsing select item: *
2026-02-28T15:07:15.067+0300	DEBUG	logger/zap_logger.go:96	DEBUG: Parsed statement type: SELECT

2026-02-28T15:07:15.067+0300	DEBUG	logger/zap_logger.go:96	Parsed statement: %!(EXTRA zapcore.Field={stmt 23 0  0x1400089b6a0})
2026-02-28T15:07:15.067+0300	DEBUG	logger/zap_logger.go:96	Executing query plan: %!(EXTRA zapcore.Field={queryPlan 25 0  Project
  Join
    Scan (orders AS o)
    Scan (users AS u)
})
2026-02-28T15:07:15.067+0300	DEBUG	logger/zap_logger.go:71	executing plan node	{"type": "Project"}
2026-02-28T15:07:15.067+0300	DEBUG	logger/zap_logger.go:71	executing plan node	{"type": "Join"}
2026-02-28T15:07:15.067+0300	DEBUG	logger/zap_logger.go:71	executing plan node	{"type": "Scan"}
2026-02-28T15:07:15.067+0300	DEBUG	logger/zap_logger.go:71	Table metadata: 	{"meta": {"Name":"orders","Columns":{"id":{"Type":1,"IsNullable":false,"DefaultValue":null,"IsSerial":false,"IsUnique":false,"Idx":1},"user_id":{"Type":1,"IsNullable":true,"DefaultValue":null,"IsSerial":false,"IsUnique":false,"Idx":2}},"PrimaryKeys":[1]}}
2026-02-28T15:07:15.067+0300	DEBUG	logger/zap_logger.go:71	Table columns	{"columns": [{"Idx":1,"Name":"id","Type":1,"TableIdentifier":"","OriginalTableName":""},{"Idx":2,"Name":"user_id","Type":1,"TableIdentifier":"","OriginalTableName":""}]}
2026-02-28T15:07:15.067+0300	DEBUG	logger/zap_logger.go:71	Select columns	{"columns": [{"Name":"","IsAll":true}]}
2026-02-28T15:07:15.067+0300	DEBUG	logger/zap_logger.go:71	NewIterator called with seekKey:	{"seekKey": "testdb:public:orders:row:", "typ": "ALL"}
2026-02-28T15:07:15.067+0300	DEBUG	logger/zap_logger.go:71	Select result: 	{"result": {"Rows":[[3,1],[1,1],[2,2]],"Columns":[{"Idx":1,"Name":"id","Type":1,"TableIdentifier":"","OriginalTableName":""},{"Idx":2,"Name":"user_id","Type":1,"TableIdentifier":"","OriginalTableName":""}]}}
2026-02-28T15:07:15.067+0300	DEBUG	logger/zap_logger.go:71	scan result	{"rows": 3, "cols": 2}
2026-02-28T15:07:15.067+0300	DEBUG	logger/zap_logger.go:71	executing plan node	{"type": "Scan"}
2026-02-28T15:07:15.067+0300	DEBUG	logger/zap_logger.go:71	Table metadata: 	{"meta": {"Name":"users","Columns":{"id":{"Type":1,"IsNullable":false,"DefaultValue":null,"IsSerial":false,"IsUnique":false,"Idx":1},"name":{"Type":0,"IsNullable":true,"DefaultValue":null,"IsSerial":false,"IsUnique":false,"Idx":2}},"PrimaryKeys":[1]}}
2026-02-28T15:07:15.067+0300	DEBUG	logger/zap_logger.go:71	Table columns	{"columns": [{"Idx":1,"Name":"id","Type":1,"TableIdentifier":"","OriginalTableName":""},{"Idx":2,"Name":"name","Type":0,"TableIdentifier":"","OriginalTableName":""}]}
2026-02-28T15:07:15.067+0300	DEBUG	logger/zap_logger.go:71	Select columns	{"columns": [{"Name":"","IsAll":true}]}
2026-02-28T15:07:15.067+0300	DEBUG	logger/zap_logger.go:71	NewIterator called with seekKey:	{"seekKey": "testdb:public:users:row:", "typ": "ALL"}
2026-02-28T15:07:15.067+0300	DEBUG	logger/zap_logger.go:71	Select result: 	{"result": {"Rows":[[2,"Bob"],[1,"Alice"]],"Columns":[{"Idx":1,"Name":"id","Type":1,"TableIdentifier":"","OriginalTableName":""},{"Idx":2,"Name":"name","Type":0,"TableIdentifier":"","OriginalTableName":""}]}}
2026-02-28T15:07:15.067+0300	DEBUG	logger/zap_logger.go:71	scan result	{"rows": 2, "cols": 2}
2026-02-28T15:07:15.067+0300	DEBUG	logger/zap_logger.go:71	DEBUG: Sending row:	{"row": [3,1,3,1,1,"Alice"]}
2026-02-28T15:07:15.067+0300	DEBUG	logger/zap_logger.go:71	DEBUG: Sending row:	{"row": [1,1,1,1,1,"Alice"]}
2026-02-28T15:07:15.067+0300	DEBUG	logger/zap_logger.go:71	DEBUG: Sending row:	{"row": [2,2,2,2,2,"Bob"]}
2026-02-28T15:07:27.288+0300	DEBUG	logger/zap_logger.go:96	Query: SELECT o.id, u.id, * FROM orders o
JOIN users u ON o.user_id = u.id;
2026-02-28T15:07:27.293+0300	DEBUG	logger/zap_logger.go:96	Parsing select item: o.id
2026-02-28T15:07:27.293+0300	DEBUG	logger/zap_logger.go:96	Parsing select item: u.id
2026-02-28T15:07:27.293+0300	DEBUG	logger/zap_logger.go:96	Parsing select item: *
2026-02-28T15:07:27.293+0300	DEBUG	logger/zap_logger.go:96	DEBUG: Parsed statement type: SELECT

2026-02-28T15:07:27.293+0300	DEBUG	logger/zap_logger.go:96	Parsed statement: %!(EXTRA zapcore.Field={stmt 23 0  0x140008ba990})
2026-02-28T15:07:27.293+0300	DEBUG	logger/zap_logger.go:96	Executing query plan: %!(EXTRA zapcore.Field={queryPlan 25 0  Project
  Join
    Scan (orders AS o)
    Scan (users AS u)
})
2026-02-28T15:07:27.294+0300	DEBUG	logger/zap_logger.go:71	executing plan node	{"type": "Project"}
2026-02-28T15:07:27.294+0300	DEBUG	logger/zap_logger.go:71	executing plan node	{"type": "Join"}
2026-02-28T15:07:27.294+0300	DEBUG	logger/zap_logger.go:71	executing plan node	{"type": "Scan"}
2026-02-28T15:07:27.294+0300	DEBUG	logger/zap_logger.go:71	Table metadata: 	{"meta": {"Name":"orders","Columns":{"id":{"Type":1,"IsNullable":false,"DefaultValue":null,"IsSerial":false,"IsUnique":false,"Idx":1},"user_id":{"Type":1,"IsNullable":true,"DefaultValue":null,"IsSerial":false,"IsUnique":false,"Idx":2}},"PrimaryKeys":[1]}}
2026-02-28T15:07:27.294+0300	DEBUG	logger/zap_logger.go:71	Table columns	{"columns": [{"Idx":1,"Name":"id","Type":1,"TableIdentifier":"","OriginalTableName":""},{"Idx":2,"Name":"user_id","Type":1,"TableIdentifier":"","OriginalTableName":""}]}
2026-02-28T15:07:27.294+0300	DEBUG	logger/zap_logger.go:71	Select columns	{"columns": [{"Name":"","IsAll":true}]}
2026-02-28T15:07:27.294+0300	DEBUG	logger/zap_logger.go:71	NewIterator called with seekKey:	{"seekKey": "testdb:public:orders:row:", "typ": "ALL"}
2026-02-28T15:07:27.294+0300	DEBUG	logger/zap_logger.go:71	Select result: 	{"result": {"Rows":[[1,1],[2,2],[3,1]],"Columns":[{"Idx":1,"Name":"id","Type":1,"TableIdentifier":"","OriginalTableName":""},{"Idx":2,"Name":"user_id","Type":1,"TableIdentifier":"","OriginalTableName":""}]}}
2026-02-28T15:07:27.294+0300	DEBUG	logger/zap_logger.go:71	scan result	{"rows": 3, "cols": 2}
2026-02-28T15:07:27.294+0300	DEBUG	logger/zap_logger.go:71	executing plan node	{"type": "Scan"}
2026-02-28T15:07:27.294+0300	DEBUG	logger/zap_logger.go:71	Table metadata: 	{"meta": {"Name":"users","Columns":{"id":{"Type":1,"IsNullable":false,"DefaultValue":null,"IsSerial":false,"IsUnique":false,"Idx":1},"name":{"Type":0,"IsNullable":true,"DefaultValue":null,"IsSerial":false,"IsUnique":false,"Idx":2}},"PrimaryKeys":[1]}}
2026-02-28T15:07:27.294+0300	DEBUG	logger/zap_logger.go:71	Table columns	{"columns": [{"Idx":1,"Name":"id","Type":1,"TableIdentifier":"","OriginalTableName":""},{"Idx":2,"Name":"name","Type":0,"TableIdentifier":"","OriginalTableName":""}]}
2026-02-28T15:07:27.294+0300	DEBUG	logger/zap_logger.go:71	Select columns	{"columns": [{"Name":"","IsAll":true}]}
2026-02-28T15:07:27.294+0300	DEBUG	logger/zap_logger.go:71	NewIterator called with seekKey:	{"seekKey": "testdb:public:users:row:", "typ": "ALL"}
2026-02-28T15:07:27.294+0300	DEBUG	logger/zap_logger.go:71	Select result: 	{"result": {"Rows":[[1,"Alice"],[2,"Bob"]],"Columns":[{"Idx":1,"Name":"id","Type":1,"TableIdentifier":"","OriginalTableName":""},{"Idx":2,"Name":"name","Type":0,"TableIdentifier":"","OriginalTableName":""}]}}
2026-02-28T15:07:27.294+0300	DEBUG	logger/zap_logger.go:71	scan result	{"rows": 2, "cols": 2}
2026-02-28T15:07:27.295+0300	DEBUG	logger/zap_logger.go:71	DEBUG: Sending row:	{"row": [1,1,1,1,1,"Alice"]}
2026-02-28T15:07:27.295+0300	DEBUG	logger/zap_logger.go:71	DEBUG: Sending row:	{"row": [2,2,2,2,2,"Bob"]}
2026-02-28T15:07:27.295+0300	DEBUG	logger/zap_logger.go:71	DEBUG: Sending row:	{"row": [3,1,3,1,1,"Alice"]}
2026-02-28T15:07:44.273+0300	DEBUG	logger/zap_logger.go:96	Query: select t.oid,
	case when nsp.nspname in ('pg_catalog', 'public') then t.typname
		else nsp.nspname||'.'||t.typname
	end
from pg_type t
ж
;
2026-02-28T15:07:44.275+0300	DEBUG	logger/zap_logger.go:96	Parsing select item: t.oid
2026-02-28T15:07:44.276+0300	DEBUG	logger/zap_logger.go:96	Parsing select item: casewhennsp.nspnamein('pg_catalog','public')thent.typnameelsensp.nspname||'.'||t.typnameend
2026-02-28T15:07:44.276+0300	DEBUG	logger/zap_logger.go:96	DEBUG: Parsed statement type: SELECT

2026-02-28T15:07:44.276+0300	DEBUG	logger/zap_logger.go:96	Parsed statement: %!(EXTRA zapcore.Field={stmt 23 0  0x1400042e0b0})
2026-02-28T15:07:44.276+0300	DEBUG	logger/zap_logger.go:96	Executing query plan: %!(EXTRA zapcore.Field={queryPlan 25 0  Project
  Scan (pg_catalog.pg_type AS t)
})
2026-02-28T15:07:44.276+0300	DEBUG	logger/zap_logger.go:71	executing plan node	{"type": "Project"}
2026-02-28T15:07:44.276+0300	DEBUG	logger/zap_logger.go:71	executing plan node	{"type": "Scan"}
2026-02-28T15:07:44.277+0300	DEBUG	logger/zap_logger.go:71	Table metadata: 	{"meta": {"Name":"pg_catalog.pg_type","Columns":{"oid":{"Type":1,"IsNullable":false,"DefaultValue":null,"IsSerial":false,"IsUnique":false,"Idx":1},"typacl":{"Type":0,"IsNullable":true,"DefaultValue":null,"IsSerial":false,"IsUnique":false,"Idx":31},"typalign":{"Type":0,"IsNullable":true,"DefaultValue":null,"IsSerial":false,"IsUnique":false,"Idx":22},"typanalyze":{"Type":0,"IsNullable":true,"DefaultValue":null,"IsSerial":false,"IsUnique":false,"Idx":21},"typarray":{"Type":1,"IsNullable":true,"DefaultValue":null,"IsSerial":false,"IsUnique":false,"Idx":14},"typbasetype":{"Type":1,"IsNullable":true,"DefaultValue":null,"IsSerial":false,"IsUnique":false,"Idx":25},"typbyval":{"Type":0,"IsNullable":true,"DefaultValue":null,"IsSerial":false,"IsUnique":false,"Idx":6},"typcategory":{"Type":0,"IsNullable":true,"DefaultValue":null,"IsSerial":false,"IsUnique":false,"Idx":8},"typcollation":{"Type":1,"IsNullable":true,"DefaultValue":null,"IsSerial":false,"IsUnique":false,"Idx":28},"typdefault":{"Type":0,"IsNullable":true,"DefaultValue":null,"IsSerial":false,"IsUnique":false,"Idx":30},"typdefaultbin":{"Type":0,"IsNullable":true,"DefaultValue":null,"IsSerial":false,"IsUnique":false,"Idx":29},"typdelim":{"Type":0,"IsNullable":true,"DefaultValue":null,"IsSerial":false,"IsUnique":false,"Idx":11},"typelem":{"Type":1,"IsNullable":true,"DefaultValue":null,"IsSerial":false,"IsUnique":false,"Idx":13},"typinput":{"Type":0,"IsNullable":true,"DefaultValue":null,"IsSerial":false,"IsUnique":false,"Idx":15},"typisdefined":{"Type":0,"IsNullable":true,"DefaultValue":null,"IsSerial":false,"IsUnique":false,"Idx":10},"typispreferred":{"Type":0,"IsNullable":true,"DefaultValue":null,"IsSerial":false,"IsUnique":false,"Idx":9},"typlen":{"Type":1,"IsNullable":true,"DefaultValue":null,"IsSerial":false,"IsUnique":false,"Idx":5},"typmodin":{"Type":0,"IsNullable":true,"DefaultValue":null,"IsSerial":false,"IsUnique":false,"Idx":19},"typmodout":{"Type":0,"IsNullable":true,"DefaultValue":null,"IsSerial":false,"IsUnique":false,"Idx":20},"typname":{"Type":0,"IsNullable":true,"DefaultValue":null,"IsSerial":false,"IsUnique":false,"Idx":2},"typnamespace":{"Type":1,"IsNullable":true,"DefaultValue":null,"IsSerial":false,"IsUnique":false,"Idx":3},"typndims":{"Type":1,"IsNullable":true,"DefaultValue":null,"IsSerial":false,"IsUnique":false,"Idx":27},"typnotnull":{"Type":0,"IsNullable":true,"DefaultValue":null,"IsSerial":false,"IsUnique":false,"Idx":24},"typoutput":{"Type":0,"IsNullable":true,"DefaultValue":null,"IsSerial":false,"IsUnique":false,"Idx":16},"typowner":{"Type":1,"IsNullable":true,"DefaultValue":null,"IsSerial":false,"IsUnique":false,"Idx":4},"typreceive":{"Type":0,"IsNullable":true,"DefaultValue":null,"IsSerial":false,"IsUnique":false,"Idx":17},"typrelid":{"Type":1,"IsNullable":true,"DefaultValue":null,"IsSerial":false,"IsUnique":false,"Idx":12},"typsend":{"Type":0,"IsNullable":true,"DefaultValue":null,"IsSerial":false,"IsUnique":false,"Idx":18},"typstorage":{"Type":0,"IsNullable":true,"DefaultValue":null,"IsSerial":false,"IsUnique":false,"Idx":23},"typtype":{"Type":0,"IsNullable":true,"DefaultValue":null,"IsSerial":false,"IsUnique":false,"Idx":7},"typtypmod":{"Type":1,"IsNullable":true,"DefaultValue":null,"IsSerial":false,"IsUnique":false,"Idx":26}},"PrimaryKeys":[1]}}
2026-02-28T15:07:44.277+0300	DEBUG	logger/zap_logger.go:71	Table columns	{"columns": [{"Idx":1,"Name":"oid","Type":1,"TableIdentifier":"","OriginalTableName":""},{"Idx":2,"Name":"typname","Type":0,"TableIdentifier":"","OriginalTableName":""},{"Idx":3,"Name":"typnamespace","Type":1,"TableIdentifier":"","OriginalTableName":""},{"Idx":4,"Name":"typowner","Type":1,"TableIdentifier":"","OriginalTableName":""},{"Idx":5,"Name":"typlen","Type":1,"TableIdentifier":"","OriginalTableName":""},{"Idx":6,"Name":"typbyval","Type":0,"TableIdentifier":"","OriginalTableName":""},{"Idx":7,"Name":"typtype","Type":0,"TableIdentifier":"","OriginalTableName":""},{"Idx":8,"Name":"typcategory","Type":0,"TableIdentifier":"","OriginalTableName":""},{"Idx":9,"Name":"typispreferred","Type":0,"TableIdentifier":"","OriginalTableName":""},{"Idx":10,"Name":"typisdefined","Type":0,"TableIdentifier":"","OriginalTableName":""},{"Idx":11,"Name":"typdelim","Type":0,"TableIdentifier":"","OriginalTableName":""},{"Idx":12,"Name":"typrelid","Type":1,"TableIdentifier":"","OriginalTableName":""},{"Idx":13,"Name":"typelem","Type":1,"TableIdentifier":"","OriginalTableName":""},{"Idx":14,"Name":"typarray","Type":1,"TableIdentifier":"","OriginalTableName":""},{"Idx":15,"Name":"typinput","Type":0,"TableIdentifier":"","OriginalTableName":""},{"Idx":16,"Name":"typoutput","Type":0,"TableIdentifier":"","OriginalTableName":""},{"Idx":17,"Name":"typreceive","Type":0,"TableIdentifier":"","OriginalTableName":""},{"Idx":18,"Name":"typsend","Type":0,"TableIdentifier":"","OriginalTableName":""},{"Idx":19,"Name":"typmodin","Type":0,"TableIdentifier":"","OriginalTableName":""},{"Idx":20,"Name":"typmodout","Type":0,"TableIdentifier":"","OriginalTableName":""},{"Idx":21,"Name":"typanalyze","Type":0,"TableIdentifier":"","OriginalTableName":""},{"Idx":22,"Name":"typalign","Type":0,"TableIdentifier":"","OriginalTableName":""},{"Idx":23,"Name":"typstorage","Type":0,"TableIdentifier":"","OriginalTableName":""},{"Idx":24,"Name":"typnotnull","Type":0,"TableIdentifier":"","OriginalTableName":""},{"Idx":25,"Name":"typbasetype","Type":1,"TableIdentifier":"","OriginalTableName":""},{"Idx":26,"Name":"typtypmod","Type":1,"TableIdentifier":"","OriginalTableName":""},{"Idx":27,"Name":"typndims","Type":1,"TableIdentifier":"","OriginalTableName":""},{"Idx":28,"Name":"typcollation","Type":1,"TableIdentifier":"","OriginalTableName":""},{"Idx":29,"Name":"typdefaultbin","Type":0,"TableIdentifier":"","OriginalTableName":""},{"Idx":30,"Name":"typdefault","Type":0,"TableIdentifier":"","OriginalTableName":""},{"Idx":31,"Name":"typacl","Type":0,"TableIdentifier":"","OriginalTableName":""}]}
2026-02-28T15:07:44.277+0300	DEBUG	logger/zap_logger.go:71	Select columns	{"columns": [{"Name":"","IsAll":true}]}
2026-02-28T15:07:44.277+0300	DEBUG	logger/zap_logger.go:71	NewIterator called with seekKey:	{"seekKey": "testdb:pg_catalog:pg_type:row:", "typ": "ALL"}
2026-02-28T15:07:44.278+0300	DEBUG	logger/zap_logger.go:71	Select result: 	{"result": {"Rows":[[1114,"timestamp",11,10,8,true,"b","D",false,true,",",0,0,1115,"timestamp_in","timestamp_out","timestamp_recv","timestamp_send","timestamptypmodin","timestamptypmodout","-","d","p",false,0,-1,0,0,"NULL","NULL","NULL"],[701,"float8",11,10,8,true,"b","N",true,true,",",0,0,1022,"float8in","float8out","float8recv","float8send","-","-","-","d","p",false,0,-1,0,0,"NULL","NULL","NULL"],[114,"json",11,10,-1,false,"b","U",false,true,",",0,0,199,"json_in","json_out","json_recv","json_send","-","-","-","i","e",false,0,-1,0,0,"NULL","NULL","NULL"],[1700,"numeric",11,10,-1,false,"b","N",false,true,",",0,0,1231,"numeric_in","numeric_out","numeric_recv","numeric_send","numerictypmodin","numerictypmodout","-","i","m",false,0,-1,0,0,"NULL","NULL","NULL"],[100003,"us_postal_code",11,10,-1,false,"d","S",false,true,",",0,0,0,"textin","textout","textrecv","textsend","-","-","-","i","e",false,25,-1,0,0,"NULL","NULL","NULL"],[1184,"timestamptz",11,10,8,true,"b","D",true,true,",",0,0,1185,"timestamptz_in","timestamptz_out","timestamptz_recv","timestamptz_send","timestamptztypmodin","timestamptztypmodout","-","d","p",false,0,-1,0,0,"NULL","NULL","NULL"],[26,"oid",11,10,4,true,"b","N",true,true,",",0,0,1028,"oidin","oidout","oidrecv","oidsend","-","-","-","i","p",false,0,-1,0,0,"NULL","NULL","NULL"],[1042,"bpchar",11,10,-1,false,"b","S",false,true,",",0,0,1014,"bpcharin","bpcharout","bpcharrecv","bpcharsend","bpchartypmodin","bpchartypmodout","-","i","e",false,0,-1,0,100,"NULL","NULL","NULL"],[20,"int8",11,10,8,true,"b","N",false,true,",",0,0,1016,"int8in","int8out","int8recv","int8send","-","-","-","d","p",false,0,-1,0,0,"NULL","NULL","NULL"],[21,"int2",11,10,2,true,"b","N",false,true,",",0,0,1005,"int2in","int2out","int2recv","int2send","-","-","-","s","p",false,0,-1,0,0,"NULL","NULL","NULL"],[100001,"positive_int",11,10,4,true,"d","N",false,true,",",0,0,0,"int4in","int4out","int4recv","int4send","-","-","-","i","p",false,23,-1,0,0,"NULL","NULL","NULL"],[1043,"varchar",11,10,-1,false,"b","S",false,true,",",0,0,1015,"varcharin","varcharout","varcharrecv","varcharsend","varchartypmodin","varchartypmodout","-","i","e",false,0,-1,0,100,"NULL","NULL","NULL"],[1083,"time",11,10,8,true,"b","D",false,true,",",0,0,1183,"time_in","time_out","time_recv","time_send","timetypmodin","timetypmodout","-","d","p",false,0,-1,0,0,"NULL","NULL","NULL"],[100002,"email_address",11,10,-1,false,"d","S",false,true,",",0,0,0,"textin","textout","textrecv","textsend","-","-","-","i","e",false,25,-1,0,0,"NULL","NULL","NULL"],[18,"char",11,10,1,true,"b","Z",false,true,",",0,0,1002,"charin","charout","charrecv","charsend","-","-","-","c","p",false,0,-1,0,0,"NULL","NULL","NULL"],[17,"bytea",11,10,-1,false,"b","U",false,true,",",0,0,1001,"byteain","byteaout","bytearecv","byteasend","-","-","-","i","x",false,0,-1,0,0,"NULL","NULL","NULL"],[19,"name",11,10,64,false,"b","S",false,true,",",0,0,1003,"namein","nameout","namerecv","namesend","-","-","-","c","p",false,0,-1,0,950,"NULL","NULL","NULL"],[24,"regproc",11,10,4,true,"b","N",false,true,",",0,0,1008,"regprocin","regprocout","regprocrecv","regprocsend","-","-","-","i","p",false,0,-1,0,0,"NULL","NULL","NULL"],[25,"text",11,10,-1,false,"b","S",true,true,",",0,0,1009,"textin","textout","textrecv","textsend","texttypmodin","texttypmodout","textanalyze","i","e",false,0,-1,0,0,"NULL","NULL","NULL"],[1082,"date",11,10,4,true,"b","D",false,true,",",0,0,1182,"date_in","date_out","date_recv","date_send","-","-","-","i","p",false,0,-1,0,0,"NULL","NULL","NULL"],[2950,"uuid",11,10,16,false,"b","U",false,true,",",0,0,2951,"uuid_in","uuid_out","uuid_recv","uuid_send","-","-","-","c","p",false,0,-1,0,0,"NULL","NULL","NULL"],[700,"float4",11,10,4,true,"b","N",false,true,",",0,0,1021,"float4in","float4out","float4recv","float4send","-","-","-","i","p",false,0,-1,0,0,"NULL","NULL","NULL"],[16,"bool",11,10,1,true,"b","B",true,true,",",0,0,1000,"boolin","boolout","boolrecv","boolsend","booltypmodin","booltypmodout","boolanalyze","c","p",false,0,-1,0,0,"NULL","NULL","NULL"],[3802,"jsonb",11,10,-1,false,"b","U",false,true,",",0,0,3807,"jsonb_in","jsonb_out","jsonb_recv","jsonb_send","-","-","-","i","e",false,0,-1,0,0,"NULL","NULL","NULL"],[23,"int4",11,10,4,true,"b","N",true,true,",",0,0,1007,"int4in","int4out","int4recv","int4send","int4typmodin","int4typmodout","int4analyze","i","p",false,0,-1,0,0,"NULL","NULL","NULL"]],"Columns":[{"Idx":1,"Name":"oid","Type":1,"TableIdentifier":"","OriginalTableName":""},{"Idx":2,"Name":"typname","Type":0,"TableIdentifier":"","OriginalTableName":""},{"Idx":3,"Name":"typnamespace","Type":1,"TableIdentifier":"","OriginalTableName":""},{"Idx":4,"Name":"typowner","Type":1,"TableIdentifier":"","OriginalTableName":""},{"Idx":5,"Name":"typlen","Type":1,"TableIdentifier":"","OriginalTableName":""},{"Idx":6,"Name":"typbyval","Type":0,"TableIdentifier":"","OriginalTableName":""},{"Idx":7,"Name":"typtype","Type":0,"TableIdentifier":"","OriginalTableName":""},{"Idx":8,"Name":"typcategory","Type":0,"TableIdentifier":"","OriginalTableName":""},{"Idx":9,"Name":"typispreferred","Type":0,"TableIdentifier":"","OriginalTableName":""},{"Idx":10,"Name":"typisdefined","Type":0,"TableIdentifier":"","OriginalTableName":""},{"Idx":11,"Name":"typdelim","Type":0,"TableIdentifier":"","OriginalTableName":""},{"Idx":12,"Name":"typrelid","Type":1,"TableIdentifier":"","OriginalTableName":""},{"Idx":13,"Name":"typelem","Type":1,"TableIdentifier":"","OriginalTableName":""},{"Idx":14,"Name":"typarray","Type":1,"TableIdentifier":"","OriginalTableName":""},{"Idx":15,"Name":"typinput","Type":0,"TableIdentifier":"","OriginalTableName":""},{"Idx":16,"Name":"typoutput","Type":0,"TableIdentifier":"","OriginalTableName":""},{"Idx":17,"Name":"typreceive","Type":0,"TableIdentifier":"","OriginalTableName":""},{"Idx":18,"Name":"typsend","Type":0,"TableIdentifier":"","OriginalTableName":""},{"Idx":19,"Name":"typmodin","Type":0,"TableIdentifier":"","OriginalTableName":""},{"Idx":20,"Name":"typmodout","Type":0,"TableIdentifier":"","OriginalTableName":""},{"Idx":21,"Name":"typanalyze","Type":0,"TableIdentifier":"","OriginalTableName":""},{"Idx":22,"Name":"typalign","Type":0,"TableIdentifier":"","OriginalTableName":""},{"Idx":23,"Name":"typstorage","Type":0,"TableIdentifier":"","OriginalTableName":""},{"Idx":24,"Name":"typnotnull","Type":0,"TableIdentifier":"","OriginalTableName":""},{"Idx":25,"Name":"typbasetype","Type":1,"TableIdentifier":"","OriginalTableName":""},{"Idx":26,"Name":"typtypmod","Type":1,"TableIdentifier":"","OriginalTableName":""},{"Idx":27,"Name":"typndims","Type":1,"TableIdentifier":"","OriginalTableName":""},{"Idx":28,"Name":"typcollation","Type":1,"TableIdentifier":"","OriginalTableName":""},{"Idx":29,"Name":"typdefaultbin","Type":0,"TableIdentifier":"","OriginalTableName":""},{"Idx":30,"Name":"typdefault","Type":0,"TableIdentifier":"","OriginalTableName":""},{"Idx":31,"Name":"typacl","Type":0,"TableIdentifier":"","OriginalTableName":""}]}}
2026-02-28T15:07:44.278+0300	DEBUG	logger/zap_logger.go:71	scan result	{"rows": 25, "cols": 31}
2026-02-28T15:07:44.279+0300	DEBUG	logger/zap_logger.go:96	Column nspname (qualified: nsp.nspname) not found in row context
2026-02-28T15:07:49.769+0300	DEBUG	logger/zap_logger.go:96	Query: select base_type.oid, t.typelem, t.oid from pg_type t
left join pg_type base_type on t.typelem=base_type.oid;
2026-02-28T15:07:49.770+0300	DEBUG	logger/zap_logger.go:96	Parsing select item: base_type.oid
2026-02-28T15:07:49.770+0300	DEBUG	logger/zap_logger.go:96	Parsing select item: t.typelem
2026-02-28T15:07:49.770+0300	DEBUG	logger/zap_logger.go:96	Parsing select item: t.oid
2026-02-28T15:07:49.770+0300	DEBUG	logger/zap_logger.go:96	DEBUG: Parsed statement type: SELECT

2026-02-28T15:07:49.770+0300	DEBUG	logger/zap_logger.go:96	Parsed statement: %!(EXTRA zapcore.Field={stmt 23 0  0x1400067e7b0})
2026-02-28T15:07:49.770+0300	DEBUG	logger/zap_logger.go:96	Executing query plan: %!(EXTRA zapcore.Field={queryPlan 25 0  Project
  Join
    Scan (pg_catalog.pg_type AS t)
    Scan (pg_catalog.pg_type AS base_type)
})
2026-02-28T15:07:49.770+0300	DEBUG	logger/zap_logger.go:71	executing plan node	{"type": "Project"}
2026-02-28T15:07:49.770+0300	DEBUG	logger/zap_logger.go:71	executing plan node	{"type": "Join"}
2026-02-28T15:07:49.770+0300	DEBUG	logger/zap_logger.go:71	executing plan node	{"type": "Scan"}
2026-02-28T15:07:49.770+0300	DEBUG	logger/zap_logger.go:71	Table metadata: 	{"meta": {"Name":"pg_catalog.pg_type","Columns":{"oid":{"Type":1,"IsNullable":false,"DefaultValue":null,"IsSerial":false,"IsUnique":false,"Idx":1},"typacl":{"Type":0,"IsNullable":true,"DefaultValue":null,"IsSerial":false,"IsUnique":false,"Idx":31},"typalign":{"Type":0,"IsNullable":true,"DefaultValue":null,"IsSerial":false,"IsUnique":false,"Idx":22},"typanalyze":{"Type":0,"IsNullable":true,"DefaultValue":null,"IsSerial":false,"IsUnique":false,"Idx":21},"typarray":{"Type":1,"IsNullable":true,"DefaultValue":null,"IsSerial":false,"IsUnique":false,"Idx":14},"typbasetype":{"Type":1,"IsNullable":true,"DefaultValue":null,"IsSerial":false,"IsUnique":false,"Idx":25},"typbyval":{"Type":0,"IsNullable":true,"DefaultValue":null,"IsSerial":false,"IsUnique":false,"Idx":6},"typcategory":{"Type":0,"IsNullable":true,"DefaultValue":null,"IsSerial":false,"IsUnique":false,"Idx":8},"typcollation":{"Type":1,"IsNullable":true,"DefaultValue":null,"IsSerial":false,"IsUnique":false,"Idx":28},"typdefault":{"Type":0,"IsNullable":true,"DefaultValue":null,"IsSerial":false,"IsUnique":false,"Idx":30},"typdefaultbin":{"Type":0,"IsNullable":true,"DefaultValue":null,"IsSerial":false,"IsUnique":false,"Idx":29},"typdelim":{"Type":0,"IsNullable":true,"DefaultValue":null,"IsSerial":false,"IsUnique":false,"Idx":11},"typelem":{"Type":1,"IsNullable":true,"DefaultValue":null,"IsSerial":false,"IsUnique":false,"Idx":13},"typinput":{"Type":0,"IsNullable":true,"DefaultValue":null,"IsSerial":false,"IsUnique":false,"Idx":15},"typisdefined":{"Type":0,"IsNullable":true,"DefaultValue":null,"IsSerial":false,"IsUnique":false,"Idx":10},"typispreferred":{"Type":0,"IsNullable":true,"DefaultValue":null,"IsSerial":false,"IsUnique":false,"Idx":9},"typlen":{"Type":1,"IsNullable":true,"DefaultValue":null,"IsSerial":false,"IsUnique":false,"Idx":5},"typmodin":{"Type":0,"IsNullable":true,"DefaultValue":null,"IsSerial":false,"IsUnique":false,"Idx":19},"typmodout":{"Type":0,"IsNullable":true,"DefaultValue":null,"IsSerial":false,"IsUnique":false,"Idx":20},"typname":{"Type":0,"IsNullable":true,"DefaultValue":null,"IsSerial":false,"IsUnique":false,"Idx":2},"typnamespace":{"Type":1,"IsNullable":true,"DefaultValue":null,"IsSerial":false,"IsUnique":false,"Idx":3},"typndims":{"Type":1,"IsNullable":true,"DefaultValue":null,"IsSerial":false,"IsUnique":false,"Idx":27},"typnotnull":{"Type":0,"IsNullable":true,"DefaultValue":null,"IsSerial":false,"IsUnique":false,"Idx":24},"typoutput":{"Type":0,"IsNullable":true,"DefaultValue":null,"IsSerial":false,"IsUnique":false,"Idx":16},"typowner":{"Type":1,"IsNullable":true,"DefaultValue":null,"IsSerial":false,"IsUnique":false,"Idx":4},"typreceive":{"Type":0,"IsNullable":true,"DefaultValue":null,"IsSerial":false,"IsUnique":false,"Idx":17},"typrelid":{"Type":1,"IsNullable":true,"DefaultValue":null,"IsSerial":false,"IsUnique":false,"Idx":12},"typsend":{"Type":0,"IsNullable":true,"DefaultValue":null,"IsSerial":false,"IsUnique":false,"Idx":18},"typstorage":{"Type":0,"IsNullable":true,"DefaultValue":null,"IsSerial":false,"IsUnique":false,"Idx":23},"typtype":{"Type":0,"IsNullable":true,"DefaultValue":null,"IsSerial":false,"IsUnique":false,"Idx":7},"typtypmod":{"Type":1,"IsNullable":true,"DefaultValue":null,"IsSerial":false,"IsUnique":false,"Idx":26}},"PrimaryKeys":[1]}}
2026-02-28T15:07:49.770+0300	DEBUG	logger/zap_logger.go:71	Table columns	{"columns": [{"Idx":1,"Name":"oid","Type":1,"TableIdentifier":"","OriginalTableName":""},{"Idx":2,"Name":"typname","Type":0,"TableIdentifier":"","OriginalTableName":""},{"Idx":3,"Name":"typnamespace","Type":1,"TableIdentifier":"","OriginalTableName":""},{"Idx":4,"Name":"typowner","Type":1,"TableIdentifier":"","OriginalTableName":""},{"Idx":5,"Name":"typlen","Type":1,"TableIdentifier":"","OriginalTableName":""},{"Idx":6,"Name":"typbyval","Type":0,"TableIdentifier":"","OriginalTableName":""},{"Idx":7,"Name":"typtype","Type":0,"TableIdentifier":"","OriginalTableName":""},{"Idx":8,"Name":"typcategory","Type":0,"TableIdentifier":"","OriginalTableName":""},{"Idx":9,"Name":"typispreferred","Type":0,"TableIdentifier":"","OriginalTableName":""},{"Idx":10,"Name":"typisdefined","Type":0,"TableIdentifier":"","OriginalTableName":""},{"Idx":11,"Name":"typdelim","Type":0,"TableIdentifier":"","OriginalTableName":""},{"Idx":12,"Name":"typrelid","Type":1,"TableIdentifier":"","OriginalTableName":""},{"Idx":13,"Name":"typelem","Type":1,"TableIdentifier":"","OriginalTableName":""},{"Idx":14,"Name":"typarray","Type":1,"TableIdentifier":"","OriginalTableName":""},{"Idx":15,"Name":"typinput","Type":0,"TableIdentifier":"","OriginalTableName":""},{"Idx":16,"Name":"typoutput","Type":0,"TableIdentifier":"","OriginalTableName":""},{"Idx":17,"Name":"typreceive","Type":0,"TableIdentifier":"","OriginalTableName":""},{"Idx":18,"Name":"typsend","Type":0,"TableIdentifier":"","OriginalTableName":""},{"Idx":19,"Name":"typmodin","Type":0,"TableIdentifier":"","OriginalTableName":""},{"Idx":20,"Name":"typmodout","Type":0,"TableIdentifier":"","OriginalTableName":""},{"Idx":21,"Name":"typanalyze","Type":0,"TableIdentifier":"","OriginalTableName":""},{"Idx":22,"Name":"typalign","Type":0,"TableIdentifier":"","OriginalTableName":""},{"Idx":23,"Name":"typstorage","Type":0,"TableIdentifier":"","OriginalTableName":""},{"Idx":24,"Name":"typnotnull","Type":0,"TableIdentifier":"","OriginalTableName":""},{"Idx":25,"Name":"typbasetype","Type":1,"TableIdentifier":"","OriginalTableName":""},{"Idx":26,"Name":"typtypmod","Type":1,"TableIdentifier":"","OriginalTableName":""},{"Idx":27,"Name":"typndims","Type":1,"TableIdentifier":"","OriginalTableName":""},{"Idx":28,"Name":"typcollation","Type":1,"TableIdentifier":"","OriginalTableName":""},{"Idx":29,"Name":"typdefaultbin","Type":0,"TableIdentifier":"","OriginalTableName":""},{"Idx":30,"Name":"typdefault","Type":0,"TableIdentifier":"","OriginalTableName":""},{"Idx":31,"Name":"typacl","Type":0,"TableIdentifier":"","OriginalTableName":""}]}
2026-02-28T15:07:49.770+0300	DEBUG	logger/zap_logger.go:71	Select columns	{"columns": [{"Name":"","IsAll":true}]}
2026-02-28T15:07:49.770+0300	DEBUG	logger/zap_logger.go:71	NewIterator called with seekKey:	{"seekKey": "testdb:pg_catalog:pg_type:row:", "typ": "ALL"}
2026-02-28T15:07:49.771+0300	DEBUG	logger/zap_logger.go:71	Select result: 	{"result": {"Rows":[[17,"bytea",11,10,-1,false,"b","U",false,true,",",0,0,1001,"byteain","byteaout","bytearecv","byteasend","-","-","-","i","x",false,0,-1,0,0,"NULL","NULL","NULL"],[100001,"positive_int",11,10,4,true,"d","N",false,true,",",0,0,0,"int4in","int4out","int4recv","int4send","-","-","-","i","p",false,23,-1,0,0,"NULL","NULL","NULL"],[1700,"numeric",11,10,-1,false,"b","N",false,true,",",0,0,1231,"numeric_in","numeric_out","numeric_recv","numeric_send","numerictypmodin","numerictypmodout","-","i","m",false,0,-1,0,0,"NULL","NULL","NULL"],[21,"int2",11,10,2,true,"b","N",false,true,",",0,0,1005,"int2in","int2out","int2recv","int2send","-","-","-","s","p",false,0,-1,0,0,"NULL","NULL","NULL"],[25,"text",11,10,-1,false,"b","S",true,true,",",0,0,1009,"textin","textout","textrecv","textsend","texttypmodin","texttypmodout","textanalyze","i","e",false,0,-1,0,0,"NULL","NULL","NULL"],[16,"bool",11,10,1,true,"b","B",true,true,",",0,0,1000,"boolin","boolout","boolrecv","boolsend","booltypmodin","booltypmodout","boolanalyze","c","p",false,0,-1,0,0,"NULL","NULL","NULL"],[1043,"varchar",11,10,-1,false,"b","S",false,true,",",0,0,1015,"varcharin","varcharout","varcharrecv","varcharsend","varchartypmodin","varchartypmodout","-","i","e",false,0,-1,0,100,"NULL","NULL","NULL"],[20,"int8",11,10,8,true,"b","N",false,true,",",0,0,1016,"int8in","int8out","int8recv","int8send","-","-","-","d","p",false,0,-1,0,0,"NULL","NULL","NULL"],[1114,"timestamp",11,10,8,true,"b","D",false,true,",",0,0,1115,"timestamp_in","timestamp_out","timestamp_recv","timestamp_send","timestamptypmodin","timestamptypmodout","-","d","p",false,0,-1,0,0,"NULL","NULL","NULL"],[1082,"date",11,10,4,true,"b","D",false,true,",",0,0,1182,"date_in","date_out","date_recv","date_send","-","-","-","i","p",false,0,-1,0,0,"NULL","NULL","NULL"],[24,"regproc",11,10,4,true,"b","N",false,true,",",0,0,1008,"regprocin","regprocout","regprocrecv","regprocsend","-","-","-","i","p",false,0,-1,0,0,"NULL","NULL","NULL"],[26,"oid",11,10,4,true,"b","N",true,true,",",0,0,1028,"oidin","oidout","oidrecv","oidsend","-","-","-","i","p",false,0,-1,0,0,"NULL","NULL","NULL"],[18,"char",11,10,1,true,"b","Z",false,true,",",0,0,1002,"charin","charout","charrecv","charsend","-","-","-","c","p",false,0,-1,0,0,"NULL","NULL","NULL"],[1184,"timestamptz",11,10,8,true,"b","D",true,true,",",0,0,1185,"timestamptz_in","timestamptz_out","timestamptz_recv","timestamptz_send","timestamptztypmodin","timestamptztypmodout","-","d","p",false,0,-1,0,0,"NULL","NULL","NULL"],[23,"int4",11,10,4,true,"b","N",true,true,",",0,0,1007,"int4in","int4out","int4recv","int4send","int4typmodin","int4typmodout","int4analyze","i","p",false,0,-1,0,0,"NULL","NULL","NULL"],[100002,"email_address",11,10,-1,false,"d","S",false,true,",",0,0,0,"textin","textout","textrecv","textsend","-","-","-","i","e",false,25,-1,0,0,"NULL","NULL","NULL"],[2950,"uuid",11,10,16,false,"b","U",false,true,",",0,0,2951,"uuid_in","uuid_out","uuid_recv","uuid_send","-","-","-","c","p",false,0,-1,0,0,"NULL","NULL","NULL"],[701,"float8",11,10,8,true,"b","N",true,true,",",0,0,1022,"float8in","float8out","float8recv","float8send","-","-","-","d","p",false,0,-1,0,0,"NULL","NULL","NULL"],[3802,"jsonb",11,10,-1,false,"b","U",false,true,",",0,0,3807,"jsonb_in","jsonb_out","jsonb_recv","jsonb_send","-","-","-","i","e",false,0,-1,0,0,"NULL","NULL","NULL"],[1083,"time",11,10,8,true,"b","D",false,true,",",0,0,1183,"time_in","time_out","time_recv","time_send","timetypmodin","timetypmodout","-","d","p",false,0,-1,0,0,"NULL","NULL","NULL"],[700,"float4",11,10,4,true,"b","N",false,true,",",0,0,1021,"float4in","float4out","float4recv","float4send","-","-","-","i","p",false,0,-1,0,0,"NULL","NULL","NULL"],[1042,"bpchar",11,10,-1,false,"b","S",false,true,",",0,0,1014,"bpcharin","bpcharout","bpcharrecv","bpcharsend","bpchartypmodin","bpchartypmodout","-","i","e",false,0,-1,0,100,"NULL","NULL","NULL"],[114,"json",11,10,-1,false,"b","U",false,true,",",0,0,199,"json_in","json_out","json_recv","json_send","-","-","-","i","e",false,0,-1,0,0,"NULL","NULL","NULL"],[19,"name",11,10,64,false,"b","S",false,true,",",0,0,1003,"namein","nameout","namerecv","namesend","-","-","-","c","p",false,0,-1,0,950,"NULL","NULL","NULL"],[100003,"us_postal_code",11,10,-1,false,"d","S",false,true,",",0,0,0,"textin","textout","textrecv","textsend","-","-","-","i","e",false,25,-1,0,0,"NULL","NULL","NULL"]],"Columns":[{"Idx":1,"Name":"oid","Type":1,"TableIdentifier":"","OriginalTableName":""},{"Idx":2,"Name":"typname","Type":0,"TableIdentifier":"","OriginalTableName":""},{"Idx":3,"Name":"typnamespace","Type":1,"TableIdentifier":"","OriginalTableName":""},{"Idx":4,"Name":"typowner","Type":1,"TableIdentifier":"","OriginalTableName":""},{"Idx":5,"Name":"typlen","Type":1,"TableIdentifier":"","OriginalTableName":""},{"Idx":6,"Name":"typbyval","Type":0,"TableIdentifier":"","OriginalTableName":""},{"Idx":7,"Name":"typtype","Type":0,"TableIdentifier":"","OriginalTableName":""},{"Idx":8,"Name":"typcategory","Type":0,"TableIdentifier":"","OriginalTableName":""},{"Idx":9,"Name":"typispreferred","Type":0,"TableIdentifier":"","OriginalTableName":""},{"Idx":10,"Name":"typisdefined","Type":0,"TableIdentifier":"","OriginalTableName":""},{"Idx":11,"Name":"typdelim","Type":0,"TableIdentifier":"","OriginalTableName":""},{"Idx":12,"Name":"typrelid","Type":1,"TableIdentifier":"","OriginalTableName":""},{"Idx":13,"Name":"typelem","Type":1,"TableIdentifier":"","OriginalTableName":""},{"Idx":14,"Name":"typarray","Type":1,"TableIdentifier":"","OriginalTableName":""},{"Idx":15,"Name":"typinput","Type":0,"TableIdentifier":"","OriginalTableName":""},{"Idx":16,"Name":"typoutput","Type":0,"TableIdentifier":"","OriginalTableName":""},{"Idx":17,"Name":"typreceive","Type":0,"TableIdentifier":"","OriginalTableName":""},{"Idx":18,"Name":"typsend","Type":0,"TableIdentifier":"","OriginalTableName":""},{"Idx":19,"Name":"typmodin","Type":0,"TableIdentifier":"","OriginalTableName":""},{"Idx":20,"Name":"typmodout","Type":0,"TableIdentifier":"","OriginalTableName":""},{"Idx":21,"Name":"typanalyze","Type":0,"TableIdentifier":"","OriginalTableName":""},{"Idx":22,"Name":"typalign","Type":0,"TableIdentifier":"","OriginalTableName":""},{"Idx":23,"Name":"typstorage","Type":0,"TableIdentifier":"","OriginalTableName":""},{"Idx":24,"Name":"typnotnull","Type":0,"TableIdentifier":"","OriginalTableName":""},{"Idx":25,"Name":"typbasetype","Type":1,"TableIdentifier":"","OriginalTableName":""},{"Idx":26,"Name":"typtypmod","Type":1,"TableIdentifier":"","OriginalTableName":""},{"Idx":27,"Name":"typndims","Type":1,"TableIdentifier":"","OriginalTableName":""},{"Idx":28,"Name":"typcollation","Type":1,"TableIdentifier":"","OriginalTableName":""},{"Idx":29,"Name":"typdefaultbin","Type":0,"TableIdentifier":"","OriginalTableName":""},{"Idx":30,"Name":"typdefault","Type":0,"TableIdentifier":"","OriginalTableName":""},{"Idx":31,"Name":"typacl","Type":0,"TableIdentifier":"","OriginalTableName":""}]}}
2026-02-28T15:07:49.771+0300	DEBUG	logger/zap_logger.go:71	scan result	{"rows": 25, "cols": 31}
2026-02-28T15:07:49.771+0300	DEBUG	logger/zap_logger.go:71	executing plan node	{"type": "Scan"}
2026-02-28T15:07:49.771+0300	DEBUG	logger/zap_logger.go:71	Table metadata: 	{"meta": {"Name":"pg_catalog.pg_type","Columns":{"oid":{"Type":1,"IsNullable":false,"DefaultValue":null,"IsSerial":false,"IsUnique":false,"Idx":1},"typacl":{"Type":0,"IsNullable":true,"DefaultValue":null,"IsSerial":false,"IsUnique":false,"Idx":31},"typalign":{"Type":0,"IsNullable":true,"DefaultValue":null,"IsSerial":false,"IsUnique":false,"Idx":22},"typanalyze":{"Type":0,"IsNullable":true,"DefaultValue":null,"IsSerial":false,"IsUnique":false,"Idx":21},"typarray":{"Type":1,"IsNullable":true,"DefaultValue":null,"IsSerial":false,"IsUnique":false,"Idx":14},"typbasetype":{"Type":1,"IsNullable":true,"DefaultValue":null,"IsSerial":false,"IsUnique":false,"Idx":25},"typbyval":{"Type":0,"IsNullable":true,"DefaultValue":null,"IsSerial":false,"IsUnique":false,"Idx":6},"typcategory":{"Type":0,"IsNullable":true,"DefaultValue":null,"IsSerial":false,"IsUnique":false,"Idx":8},"typcollation":{"Type":1,"IsNullable":true,"DefaultValue":null,"IsSerial":false,"IsUnique":false,"Idx":28},"typdefault":{"Type":0,"IsNullable":true,"DefaultValue":null,"IsSerial":false,"IsUnique":false,"Idx":30},"typdefaultbin":{"Type":0,"IsNullable":true,"DefaultValue":null,"IsSerial":false,"IsUnique":false,"Idx":29},"typdelim":{"Type":0,"IsNullable":true,"DefaultValue":null,"IsSerial":false,"IsUnique":false,"Idx":11},"typelem":{"Type":1,"IsNullable":true,"DefaultValue":null,"IsSerial":false,"IsUnique":false,"Idx":13},"typinput":{"Type":0,"IsNullable":true,"DefaultValue":null,"IsSerial":false,"IsUnique":false,"Idx":15},"typisdefined":{"Type":0,"IsNullable":true,"DefaultValue":null,"IsSerial":false,"IsUnique":false,"Idx":10},"typispreferred":{"Type":0,"IsNullable":true,"DefaultValue":null,"IsSerial":false,"IsUnique":false,"Idx":9},"typlen":{"Type":1,"IsNullable":true,"DefaultValue":null,"IsSerial":false,"IsUnique":false,"Idx":5},"typmodin":{"Type":0,"IsNullable":true,"DefaultValue":null,"IsSerial":false,"IsUnique":false,"Idx":19},"typmodout":{"Type":0,"IsNullable":true,"DefaultValue":null,"IsSerial":false,"IsUnique":false,"Idx":20},"typname":{"Type":0,"IsNullable":true,"DefaultValue":null,"IsSerial":false,"IsUnique":false,"Idx":2},"typnamespace":{"Type":1,"IsNullable":true,"DefaultValue":null,"IsSerial":false,"IsUnique":false,"Idx":3},"typndims":{"Type":1,"IsNullable":true,"DefaultValue":null,"IsSerial":false,"IsUnique":false,"Idx":27},"typnotnull":{"Type":0,"IsNullable":true,"DefaultValue":null,"IsSerial":false,"IsUnique":false,"Idx":24},"typoutput":{"Type":0,"IsNullable":true,"DefaultValue":null,"IsSerial":false,"IsUnique":false,"Idx":16},"typowner":{"Type":1,"IsNullable":true,"DefaultValue":null,"IsSerial":false,"IsUnique":false,"Idx":4},"typreceive":{"Type":0,"IsNullable":true,"DefaultValue":null,"IsSerial":false,"IsUnique":false,"Idx":17},"typrelid":{"Type":1,"IsNullable":true,"DefaultValue":null,"IsSerial":false,"IsUnique":false,"Idx":12},"typsend":{"Type":0,"IsNullable":true,"DefaultValue":null,"IsSerial":false,"IsUnique":false,"Idx":18},"typstorage":{"Type":0,"IsNullable":true,"DefaultValue":null,"IsSerial":false,"IsUnique":false,"Idx":23},"typtype":{"Type":0,"IsNullable":true,"DefaultValue":null,"IsSerial":false,"IsUnique":false,"Idx":7},"typtypmod":{"Type":1,"IsNullable":true,"DefaultValue":null,"IsSerial":false,"IsUnique":false,"Idx":26}},"PrimaryKeys":[1]}}
2026-02-28T15:07:49.771+0300	DEBUG	logger/zap_logger.go:71	Table columns	{"columns": [{"Idx":1,"Name":"oid","Type":1,"TableIdentifier":"","OriginalTableName":""},{"Idx":2,"Name":"typname","Type":0,"TableIdentifier":"","OriginalTableName":""},{"Idx":3,"Name":"typnamespace","Type":1,"TableIdentifier":"","OriginalTableName":""},{"Idx":4,"Name":"typowner","Type":1,"TableIdentifier":"","OriginalTableName":""},{"Idx":5,"Name":"typlen","Type":1,"TableIdentifier":"","OriginalTableName":""},{"Idx":6,"Name":"typbyval","Type":0,"TableIdentifier":"","OriginalTableName":""},{"Idx":7,"Name":"typtype","Type":0,"TableIdentifier":"","OriginalTableName":""},{"Idx":8,"Name":"typcategory","Type":0,"TableIdentifier":"","OriginalTableName":""},{"Idx":9,"Name":"typispreferred","Type":0,"TableIdentifier":"","OriginalTableName":""},{"Idx":10,"Name":"typisdefined","Type":0,"TableIdentifier":"","OriginalTableName":""},{"Idx":11,"Name":"typdelim","Type":0,"TableIdentifier":"","OriginalTableName":""},{"Idx":12,"Name":"typrelid","Type":1,"TableIdentifier":"","OriginalTableName":""},{"Idx":13,"Name":"typelem","Type":1,"TableIdentifier":"","OriginalTableName":""},{"Idx":14,"Name":"typarray","Type":1,"TableIdentifier":"","OriginalTableName":""},{"Idx":15,"Name":"typinput","Type":0,"TableIdentifier":"","OriginalTableName":""},{"Idx":16,"Name":"typoutput","Type":0,"TableIdentifier":"","OriginalTableName":""},{"Idx":17,"Name":"typreceive","Type":0,"TableIdentifier":"","OriginalTableName":""},{"Idx":18,"Name":"typsend","Type":0,"TableIdentifier":"","OriginalTableName":""},{"Idx":19,"Name":"typmodin","Type":0,"TableIdentifier":"","OriginalTableName":""},{"Idx":20,"Name":"typmodout","Type":0,"TableIdentifier":"","OriginalTableName":""},{"Idx":21,"Name":"typanalyze","Type":0,"TableIdentifier":"","OriginalTableName":""},{"Idx":22,"Name":"typalign","Type":0,"TableIdentifier":"","OriginalTableName":""},{"Idx":23,"Name":"typstorage","Type":0,"TableIdentifier":"","OriginalTableName":""},{"Idx":24,"Name":"typnotnull","Type":0,"TableIdentifier":"","OriginalTableName":""},{"Idx":25,"Name":"typbasetype","Type":1,"TableIdentifier":"","OriginalTableName":""},{"Idx":26,"Name":"typtypmod","Type":1,"TableIdentifier":"","OriginalTableName":""},{"Idx":27,"Name":"typndims","Type":1,"TableIdentifier":"","OriginalTableName":""},{"Idx":28,"Name":"typcollation","Type":1,"TableIdentifier":"","OriginalTableName":""},{"Idx":29,"Name":"typdefaultbin","Type":0,"TableIdentifier":"","OriginalTableName":""},{"Idx":30,"Name":"typdefault","Type":0,"TableIdentifier":"","OriginalTableName":""},{"Idx":31,"Name":"typacl","Type":0,"TableIdentifier":"","OriginalTableName":""}]}
2026-02-28T15:07:49.771+0300	DEBUG	logger/zap_logger.go:71	Select columns	{"columns": [{"Name":"","IsAll":true}]}
2026-02-28T15:07:49.771+0300	DEBUG	logger/zap_logger.go:71	NewIterator called with seekKey:	{"seekKey": "testdb:pg_catalog:pg_type:row:", "typ": "ALL"}
2026-02-28T15:07:49.772+0300	DEBUG	logger/zap_logger.go:71	Select result: 	{"result": {"Rows":[[24,"regproc",11,10,4,true,"b","N",false,true,",",0,0,1008,"regprocin","regprocout","regprocrecv","regprocsend","-","-","-","i","p",false,0,-1,0,0,"NULL","NULL","NULL"],[1184,"timestamptz",11,10,8,true,"b","D",true,true,",",0,0,1185,"timestamptz_in","timestamptz_out","timestamptz_recv","timestamptz_send","timestamptztypmodin","timestamptztypmodout","-","d","p",false,0,-1,0,0,"NULL","NULL","NULL"],[25,"text",11,10,-1,false,"b","S",true,true,",",0,0,1009,"textin","textout","textrecv","textsend","texttypmodin","texttypmodout","textanalyze","i","e",false,0,-1,0,0,"NULL","NULL","NULL"],[3802,"jsonb",11,10,-1,false,"b","U",false,true,",",0,0,3807,"jsonb_in","jsonb_out","jsonb_recv","jsonb_send","-","-","-","i","e",false,0,-1,0,0,"NULL","NULL","NULL"],[100002,"email_address",11,10,-1,false,"d","S",false,true,",",0,0,0,"textin","textout","textrecv","textsend","-","-","-","i","e",false,25,-1,0,0,"NULL","NULL","NULL"],[1043,"varchar",11,10,-1,false,"b","S",false,true,",",0,0,1015,"varcharin","varcharout","varcharrecv","varcharsend","varchartypmodin","varchartypmodout","-","i","e",false,0,-1,0,100,"NULL","NULL","NULL"],[114,"json",11,10,-1,false,"b","U",false,true,",",0,0,199,"json_in","json_out","json_recv","json_send","-","-","-","i","e",false,0,-1,0,0,"NULL","NULL","NULL"],[100003,"us_postal_code",11,10,-1,false,"d","S",false,true,",",0,0,0,"textin","textout","textrecv","textsend","-","-","-","i","e",false,25,-1,0,0,"NULL","NULL","NULL"],[20,"int8",11,10,8,true,"b","N",false,true,",",0,0,1016,"int8in","int8out","int8recv","int8send","-","-","-","d","p",false,0,-1,0,0,"NULL","NULL","NULL"],[1082,"date",11,10,4,true,"b","D",false,true,",",0,0,1182,"date_in","date_out","date_recv","date_send","-","-","-","i","p",false,0,-1,0,0,"NULL","NULL","NULL"],[700,"float4",11,10,4,true,"b","N",false,true,",",0,0,1021,"float4in","float4out","float4recv","float4send","-","-","-","i","p",false,0,-1,0,0,"NULL","NULL","NULL"],[1114,"timestamp",11,10,8,true,"b","D",false,true,",",0,0,1115,"timestamp_in","timestamp_out","timestamp_recv","timestamp_send","timestamptypmodin","timestamptypmodout","-","d","p",false,0,-1,0,0,"NULL","NULL","NULL"],[23,"int4",11,10,4,true,"b","N",true,true,",",0,0,1007,"int4in","int4out","int4recv","int4send","int4typmodin","int4typmodout","int4analyze","i","p",false,0,-1,0,0,"NULL","NULL","NULL"],[18,"char",11,10,1,true,"b","Z",false,true,",",0,0,1002,"charin","charout","charrecv","charsend","-","-","-","c","p",false,0,-1,0,0,"NULL","NULL","NULL"],[26,"oid",11,10,4,true,"b","N",true,true,",",0,0,1028,"oidin","oidout","oidrecv","oidsend","-","-","-","i","p",false,0,-1,0,0,"NULL","NULL","NULL"],[701,"float8",11,10,8,true,"b","N",true,true,",",0,0,1022,"float8in","float8out","float8recv","float8send","-","-","-","d","p",false,0,-1,0,0,"NULL","NULL","NULL"],[19,"name",11,10,64,false,"b","S",false,true,",",0,0,1003,"namein","nameout","namerecv","namesend","-","-","-","c","p",false,0,-1,0,950,"NULL","NULL","NULL"],[100001,"positive_int",11,10,4,true,"d","N",false,true,",",0,0,0,"int4in","int4out","int4recv","int4send","-","-","-","i","p",false,23,-1,0,0,"NULL","NULL","NULL"],[16,"bool",11,10,1,true,"b","B",true,true,",",0,0,1000,"boolin","boolout","boolrecv","boolsend","booltypmodin","booltypmodout","boolanalyze","c","p",false,0,-1,0,0,"NULL","NULL","NULL"],[1700,"numeric",11,10,-1,false,"b","N",false,true,",",0,0,1231,"numeric_in","numeric_out","numeric_recv","numeric_send","numerictypmodin","numerictypmodout","-","i","m",false,0,-1,0,0,"NULL","NULL","NULL"],[21,"int2",11,10,2,true,"b","N",false,true,",",0,0,1005,"int2in","int2out","int2recv","int2send","-","-","-","s","p",false,0,-1,0,0,"NULL","NULL","NULL"],[2950,"uuid",11,10,16,false,"b","U",false,true,",",0,0,2951,"uuid_in","uuid_out","uuid_recv","uuid_send","-","-","-","c","p",false,0,-1,0,0,"NULL","NULL","NULL"],[1042,"bpchar",11,10,-1,false,"b","S",false,true,",",0,0,1014,"bpcharin","bpcharout","bpcharrecv","bpcharsend","bpchartypmodin","bpchartypmodout","-","i","e",false,0,-1,0,100,"NULL","NULL","NULL"],[1083,"time",11,10,8,true,"b","D",false,true,",",0,0,1183,"time_in","time_out","time_recv","time_send","timetypmodin","timetypmodout","-","d","p",false,0,-1,0,0,"NULL","NULL","NULL"],[17,"bytea",11,10,-1,false,"b","U",false,true,",",0,0,1001,"byteain","byteaout","bytearecv","byteasend","-","-","-","i","x",false,0,-1,0,0,"NULL","NULL","NULL"]],"Columns":[{"Idx":1,"Name":"oid","Type":1,"TableIdentifier":"","OriginalTableName":""},{"Idx":2,"Name":"typname","Type":0,"TableIdentifier":"","OriginalTableName":""},{"Idx":3,"Name":"typnamespace","Type":1,"TableIdentifier":"","OriginalTableName":""},{"Idx":4,"Name":"typowner","Type":1,"TableIdentifier":"","OriginalTableName":""},{"Idx":5,"Name":"typlen","Type":1,"TableIdentifier":"","OriginalTableName":""},{"Idx":6,"Name":"typbyval","Type":0,"TableIdentifier":"","OriginalTableName":""},{"Idx":7,"Name":"typtype","Type":0,"TableIdentifier":"","OriginalTableName":""},{"Idx":8,"Name":"typcategory","Type":0,"TableIdentifier":"","OriginalTableName":""},{"Idx":9,"Name":"typispreferred","Type":0,"TableIdentifier":"","OriginalTableName":""},{"Idx":10,"Name":"typisdefined","Type":0,"TableIdentifier":"","OriginalTableName":""},{"Idx":11,"Name":"typdelim","Type":0,"TableIdentifier":"","OriginalTableName":""},{"Idx":12,"Name":"typrelid","Type":1,"TableIdentifier":"","OriginalTableName":""},{"Idx":13,"Name":"typelem","Type":1,"TableIdentifier":"","OriginalTableName":""},{"Idx":14,"Name":"typarray","Type":1,"TableIdentifier":"","OriginalTableName":""},{"Idx":15,"Name":"typinput","Type":0,"TableIdentifier":"","OriginalTableName":""},{"Idx":16,"Name":"typoutput","Type":0,"TableIdentifier":"","OriginalTableName":""},{"Idx":17,"Name":"typreceive","Type":0,"TableIdentifier":"","OriginalTableName":""},{"Idx":18,"Name":"typsend","Type":0,"TableIdentifier":"","OriginalTableName":""},{"Idx":19,"Name":"typmodin","Type":0,"TableIdentifier":"","OriginalTableName":""},{"Idx":20,"Name":"typmodout","Type":0,"TableIdentifier":"","OriginalTableName":""},{"Idx":21,"Name":"typanalyze","Type":0,"TableIdentifier":"","OriginalTableName":""},{"Idx":22,"Name":"typalign","Type":0,"TableIdentifier":"","OriginalTableName":""},{"Idx":23,"Name":"typstorage","Type":0,"TableIdentifier":"","OriginalTableName":""},{"Idx":24,"Name":"typnotnull","Type":0,"TableIdentifier":"","OriginalTableName":""},{"Idx":25,"Name":"typbasetype","Type":1,"TableIdentifier":"","OriginalTableName":""},{"Idx":26,"Name":"typtypmod","Type":1,"TableIdentifier":"","OriginalTableName":""},{"Idx":27,"Name":"typndims","Type":1,"TableIdentifier":"","OriginalTableName":""},{"Idx":28,"Name":"typcollation","Type":1,"TableIdentifier":"","OriginalTableName":""},{"Idx":29,"Name":"typdefaultbin","Type":0,"TableIdentifier":"","OriginalTableName":""},{"Idx":30,"Name":"typdefault","Type":0,"TableIdentifier":"","OriginalTableName":""},{"Idx":31,"Name":"typacl","Type":0,"TableIdentifier":"","OriginalTableName":""}]}}
2026-02-28T15:07:49.772+0300	DEBUG	logger/zap_logger.go:71	scan result	{"rows": 25, "cols": 31}
2026-02-28T15:07:49.784+0300	DEBUG	logger/zap_logger.go:71	DEBUG: Sending row:	{"row": [null,0,17]}
2026-02-28T15:07:49.785+0300	DEBUG	logger/zap_logger.go:71	DEBUG: Sending row:	{"row": [null,0,100001]}
2026-02-28T15:07:49.785+0300	DEBUG	logger/zap_logger.go:71	DEBUG: Sending row:	{"row": [null,0,1700]}
2026-02-28T15:07:49.785+0300	DEBUG	logger/zap_logger.go:71	DEBUG: Sending row:	{"row": [null,0,21]}
2026-02-28T15:07:49.785+0300	DEBUG	logger/zap_logger.go:71	DEBUG: Sending row:	{"row": [null,0,25]}
2026-02-28T15:07:49.785+0300	DEBUG	logger/zap_logger.go:71	DEBUG: Sending row:	{"row": [null,0,16]}
2026-02-28T15:07:49.785+0300	DEBUG	logger/zap_logger.go:71	DEBUG: Sending row:	{"row": [null,0,1043]}
2026-02-28T15:07:49.785+0300	DEBUG	logger/zap_logger.go:71	DEBUG: Sending row:	{"row": [null,0,20]}
2026-02-28T15:07:49.785+0300	DEBUG	logger/zap_logger.go:71	DEBUG: Sending row:	{"row": [null,0,1114]}
2026-02-28T15:07:49.785+0300	DEBUG	logger/zap_logger.go:71	DEBUG: Sending row:	{"row": [null,0,1082]}
2026-02-28T15:07:49.785+0300	DEBUG	logger/zap_logger.go:71	DEBUG: Sending row:	{"row": [null,0,24]}
2026-02-28T15:07:49.785+0300	DEBUG	logger/zap_logger.go:71	DEBUG: Sending row:	{"row": [null,0,26]}
2026-02-28T15:07:49.785+0300	DEBUG	logger/zap_logger.go:71	DEBUG: Sending row:	{"row": [null,0,18]}
2026-02-28T15:07:49.785+0300	DEBUG	logger/zap_logger.go:71	DEBUG: Sending row:	{"row": [null,0,1184]}
2026-02-28T15:07:49.785+0300	DEBUG	logger/zap_logger.go:71	DEBUG: Sending row:	{"row": [null,0,23]}
2026-02-28T15:07:49.785+0300	DEBUG	logger/zap_logger.go:71	DEBUG: Sending row:	{"row": [null,0,100002]}
2026-02-28T15:07:49.785+0300	DEBUG	logger/zap_logger.go:71	DEBUG: Sending row:	{"row": [null,0,2950]}
2026-02-28T15:07:49.785+0300	DEBUG	logger/zap_logger.go:71	DEBUG: Sending row:	{"row": [null,0,701]}
2026-02-28T15:07:49.785+0300	DEBUG	logger/zap_logger.go:71	DEBUG: Sending row:	{"row": [null,0,3802]}
2026-02-28T15:07:49.785+0300	DEBUG	logger/zap_logger.go:71	DEBUG: Sending row:	{"row": [null,0,1083]}
2026-02-28T15:07:49.785+0300	DEBUG	logger/zap_logger.go:71	DEBUG: Sending row:	{"row": [null,0,700]}
2026-02-28T15:07:49.785+0300	DEBUG	logger/zap_logger.go:71	DEBUG: Sending row:	{"row": [null,0,1042]}
2026-02-28T15:07:49.785+0300	DEBUG	logger/zap_logger.go:71	DEBUG: Sending row:	{"row": [null,0,114]}
2026-02-28T15:07:49.785+0300	DEBUG	logger/zap_logger.go:71	DEBUG: Sending row:	{"row": [null,0,19]}
2026-02-28T15:07:49.785+0300	DEBUG	logger/zap_logger.go:71	DEBUG: Sending row:	{"row": [null,0,100003]}
2026-02-28T15:08:16.360+0300	DEBUG	logger/zap_logger.go:96	Query: select base_type.oid, t.typelem, t.oid from pg_type t
left join pg_type base_type on t.typelem=base_type.oid
left join pg_class base_cls ON base_type.typrelid = base_cls.oid;
2026-02-28T15:08:16.361+0300	DEBUG	logger/zap_logger.go:96	Parsing select item: base_type.oid
2026-02-28T15:08:16.361+0300	DEBUG	logger/zap_logger.go:96	Parsing select item: t.typelem
2026-02-28T15:08:16.361+0300	DEBUG	logger/zap_logger.go:96	Parsing select item: t.oid
2026-02-28T15:08:16.361+0300	DEBUG	logger/zap_logger.go:96	DEBUG: Parsed statement type: SELECT

2026-02-28T15:08:16.361+0300	DEBUG	logger/zap_logger.go:96	Parsed statement: %!(EXTRA zapcore.Field={stmt 23 0  0x14000616a60})
2026-02-28T15:08:16.361+0300	DEBUG	logger/zap_logger.go:96	Executing query plan: %!(EXTRA zapcore.Field={queryPlan 25 0  Project
  Join
    Join
      Scan (pg_catalog.pg_type AS t)
      Scan (pg_catalog.pg_type AS base_type)
    Scan (pg_catalog.pg_class AS base_cls)
})
2026-02-28T15:08:16.361+0300	DEBUG	logger/zap_logger.go:71	executing plan node	{"type": "Project"}
2026-02-28T15:08:16.361+0300	DEBUG	logger/zap_logger.go:71	executing plan node	{"type": "Join"}
2026-02-28T15:08:16.361+0300	DEBUG	logger/zap_logger.go:71	executing plan node	{"type": "Join"}
2026-02-28T15:08:16.361+0300	DEBUG	logger/zap_logger.go:71	executing plan node	{"type": "Scan"}
2026-02-28T15:08:16.361+0300	DEBUG	logger/zap_logger.go:71	Table metadata: 	{"meta": {"Name":"pg_catalog.pg_type","Columns":{"oid":{"Type":1,"IsNullable":false,"DefaultValue":null,"IsSerial":false,"IsUnique":false,"Idx":1},"typacl":{"Type":0,"IsNullable":true,"DefaultValue":null,"IsSerial":false,"IsUnique":false,"Idx":31},"typalign":{"Type":0,"IsNullable":true,"DefaultValue":null,"IsSerial":false,"IsUnique":false,"Idx":22},"typanalyze":{"Type":0,"IsNullable":true,"DefaultValue":null,"IsSerial":false,"IsUnique":false,"Idx":21},"typarray":{"Type":1,"IsNullable":true,"DefaultValue":null,"IsSerial":false,"IsUnique":false,"Idx":14},"typbasetype":{"Type":1,"IsNullable":true,"DefaultValue":null,"IsSerial":false,"IsUnique":false,"Idx":25},"typbyval":{"Type":0,"IsNullable":true,"DefaultValue":null,"IsSerial":false,"IsUnique":false,"Idx":6},"typcategory":{"Type":0,"IsNullable":true,"DefaultValue":null,"IsSerial":false,"IsUnique":false,"Idx":8},"typcollation":{"Type":1,"IsNullable":true,"DefaultValue":null,"IsSerial":false,"IsUnique":false,"Idx":28},"typdefault":{"Type":0,"IsNullable":true,"DefaultValue":null,"IsSerial":false,"IsUnique":false,"Idx":30},"typdefaultbin":{"Type":0,"IsNullable":true,"DefaultValue":null,"IsSerial":false,"IsUnique":false,"Idx":29},"typdelim":{"Type":0,"IsNullable":true,"DefaultValue":null,"IsSerial":false,"IsUnique":false,"Idx":11},"typelem":{"Type":1,"IsNullable":true,"DefaultValue":null,"IsSerial":false,"IsUnique":false,"Idx":13},"typinput":{"Type":0,"IsNullable":true,"DefaultValue":null,"IsSerial":false,"IsUnique":false,"Idx":15},"typisdefined":{"Type":0,"IsNullable":true,"DefaultValue":null,"IsSerial":false,"IsUnique":false,"Idx":10},"typispreferred":{"Type":0,"IsNullable":true,"DefaultValue":null,"IsSerial":false,"IsUnique":false,"Idx":9},"typlen":{"Type":1,"IsNullable":true,"DefaultValue":null,"IsSerial":false,"IsUnique":false,"Idx":5},"typmodin":{"Type":0,"IsNullable":true,"DefaultValue":null,"IsSerial":false,"IsUnique":false,"Idx":19},"typmodout":{"Type":0,"IsNullable":true,"DefaultValue":null,"IsSerial":false,"IsUnique":false,"Idx":20},"typname":{"Type":0,"IsNullable":true,"DefaultValue":null,"IsSerial":false,"IsUnique":false,"Idx":2},"typnamespace":{"Type":1,"IsNullable":true,"DefaultValue":null,"IsSerial":false,"IsUnique":false,"Idx":3},"typndims":{"Type":1,"IsNullable":true,"DefaultValue":null,"IsSerial":false,"IsUnique":false,"Idx":27},"typnotnull":{"Type":0,"IsNullable":true,"DefaultValue":null,"IsSerial":false,"IsUnique":false,"Idx":24},"typoutput":{"Type":0,"IsNullable":true,"DefaultValue":null,"IsSerial":false,"IsUnique":false,"Idx":16},"typowner":{"Type":1,"IsNullable":true,"DefaultValue":null,"IsSerial":false,"IsUnique":false,"Idx":4},"typreceive":{"Type":0,"IsNullable":true,"DefaultValue":null,"IsSerial":false,"IsUnique":false,"Idx":17},"typrelid":{"Type":1,"IsNullable":true,"DefaultValue":null,"IsSerial":false,"IsUnique":false,"Idx":12},"typsend":{"Type":0,"IsNullable":true,"DefaultValue":null,"IsSerial":false,"IsUnique":false,"Idx":18},"typstorage":{"Type":0,"IsNullable":true,"DefaultValue":null,"IsSerial":false,"IsUnique":false,"Idx":23},"typtype":{"Type":0,"IsNullable":true,"DefaultValue":null,"IsSerial":false,"IsUnique":false,"Idx":7},"typtypmod":{"Type":1,"IsNullable":true,"DefaultValue":null,"IsSerial":false,"IsUnique":false,"Idx":26}},"PrimaryKeys":[1]}}
2026-02-28T15:08:16.361+0300	DEBUG	logger/zap_logger.go:71	Table columns	{"columns": [{"Idx":1,"Name":"oid","Type":1,"TableIdentifier":"","OriginalTableName":""},{"Idx":2,"Name":"typname","Type":0,"TableIdentifier":"","OriginalTableName":""},{"Idx":3,"Name":"typnamespace","Type":1,"TableIdentifier":"","OriginalTableName":""},{"Idx":4,"Name":"typowner","Type":1,"TableIdentifier":"","OriginalTableName":""},{"Idx":5,"Name":"typlen","Type":1,"TableIdentifier":"","OriginalTableName":""},{"Idx":6,"Name":"typbyval","Type":0,"TableIdentifier":"","OriginalTableName":""},{"Idx":7,"Name":"typtype","Type":0,"TableIdentifier":"","OriginalTableName":""},{"Idx":8,"Name":"typcategory","Type":0,"TableIdentifier":"","OriginalTableName":""},{"Idx":9,"Name":"typispreferred","Type":0,"TableIdentifier":"","OriginalTableName":""},{"Idx":10,"Name":"typisdefined","Type":0,"TableIdentifier":"","OriginalTableName":""},{"Idx":11,"Name":"typdelim","Type":0,"TableIdentifier":"","OriginalTableName":""},{"Idx":12,"Name":"typrelid","Type":1,"TableIdentifier":"","OriginalTableName":""},{"Idx":13,"Name":"typelem","Type":1,"TableIdentifier":"","OriginalTableName":""},{"Idx":14,"Name":"typarray","Type":1,"TableIdentifier":"","OriginalTableName":""},{"Idx":15,"Name":"typinput","Type":0,"TableIdentifier":"","OriginalTableName":""},{"Idx":16,"Name":"typoutput","Type":0,"TableIdentifier":"","OriginalTableName":""},{"Idx":17,"Name":"typreceive","Type":0,"TableIdentifier":"","OriginalTableName":""},{"Idx":18,"Name":"typsend","Type":0,"TableIdentifier":"","OriginalTableName":""},{"Idx":19,"Name":"typmodin","Type":0,"TableIdentifier":"","OriginalTableName":""},{"Idx":20,"Name":"typmodout","Type":0,"TableIdentifier":"","OriginalTableName":""},{"Idx":21,"Name":"typanalyze","Type":0,"TableIdentifier":"","OriginalTableName":""},{"Idx":22,"Name":"typalign","Type":0,"TableIdentifier":"","OriginalTableName":""},{"Idx":23,"Name":"typstorage","Type":0,"TableIdentifier":"","OriginalTableName":""},{"Idx":24,"Name":"typnotnull","Type":0,"TableIdentifier":"","OriginalTableName":""},{"Idx":25,"Name":"typbasetype","Type":1,"TableIdentifier":"","OriginalTableName":""},{"Idx":26,"Name":"typtypmod","Type":1,"TableIdentifier":"","OriginalTableName":""},{"Idx":27,"Name":"typndims","Type":1,"TableIdentifier":"","OriginalTableName":""},{"Idx":28,"Name":"typcollation","Type":1,"TableIdentifier":"","OriginalTableName":""},{"Idx":29,"Name":"typdefaultbin","Type":0,"TableIdentifier":"","OriginalTableName":""},{"Idx":30,"Name":"typdefault","Type":0,"TableIdentifier":"","OriginalTableName":""},{"Idx":31,"Name":"typacl","Type":0,"TableIdentifier":"","OriginalTableName":""}]}
2026-02-28T15:08:16.361+0300	DEBUG	logger/zap_logger.go:71	Select columns	{"columns": [{"Name":"","IsAll":true}]}
2026-02-28T15:08:16.361+0300	DEBUG	logger/zap_logger.go:71	NewIterator called with seekKey:	{"seekKey": "testdb:pg_catalog:pg_type:row:", "typ": "ALL"}
2026-02-28T15:08:16.362+0300	DEBUG	logger/zap_logger.go:71	Select result: 	{"result": {"Rows":[[18,"char",11,10,1,true,"b","Z",false,true,",",0,0,1002,"charin","charout","charrecv","charsend","-","-","-","c","p",false,0,-1,0,0,"NULL","NULL","NULL"],[100003,"us_postal_code",11,10,-1,false,"d","S",false,true,",",0,0,0,"textin","textout","textrecv","textsend","-","-","-","i","e",false,25,-1,0,0,"NULL","NULL","NULL"],[16,"bool",11,10,1,true,"b","B",true,true,",",0,0,1000,"boolin","boolout","boolrecv","boolsend","booltypmodin","booltypmodout","boolanalyze","c","p",false,0,-1,0,0,"NULL","NULL","NULL"],[20,"int8",11,10,8,true,"b","N",false,true,",",0,0,1016,"int8in","int8out","int8recv","int8send","-","-","-","d","p",false,0,-1,0,0,"NULL","NULL","NULL"],[1042,"bpchar",11,10,-1,false,"b","S",false,true,",",0,0,1014,"bpcharin","bpcharout","bpcharrecv","bpcharsend","bpchartypmodin","bpchartypmodout","-","i","e",false,0,-1,0,100,"NULL","NULL","NULL"],[21,"int2",11,10,2,true,"b","N",false,true,",",0,0,1005,"int2in","int2out","int2recv","int2send","-","-","-","s","p",false,0,-1,0,0,"NULL","NULL","NULL"],[100001,"positive_int",11,10,4,true,"d","N",false,true,",",0,0,0,"int4in","int4out","int4recv","int4send","-","-","-","i","p",false,23,-1,0,0,"NULL","NULL","NULL"],[19,"name",11,10,64,false,"b","S",false,true,",",0,0,1003,"namein","nameout","namerecv","namesend","-","-","-","c","p",false,0,-1,0,950,"NULL","NULL","NULL"],[25,"text",11,10,-1,false,"b","S",true,true,",",0,0,1009,"textin","textout","textrecv","textsend","texttypmodin","texttypmodout","textanalyze","i","e",false,0,-1,0,0,"NULL","NULL","NULL"],[1184,"timestamptz",11,10,8,true,"b","D",true,true,",",0,0,1185,"timestamptz_in","timestamptz_out","timestamptz_recv","timestamptz_send","timestamptztypmodin","timestamptztypmodout","-","d","p",false,0,-1,0,0,"NULL","NULL","NULL"],[2950,"uuid",11,10,16,false,"b","U",false,true,",",0,0,2951,"uuid_in","uuid_out","uuid_recv","uuid_send","-","-","-","c","p",false,0,-1,0,0,"NULL","NULL","NULL"],[24,"regproc",11,10,4,true,"b","N",false,true,",",0,0,1008,"regprocin","regprocout","regprocrecv","regprocsend","-","-","-","i","p",false,0,-1,0,0,"NULL","NULL","NULL"],[1043,"varchar",11,10,-1,false,"b","S",false,true,",",0,0,1015,"varcharin","varcharout","varcharrecv","varcharsend","varchartypmodin","varchartypmodout","-","i","e",false,0,-1,0,100,"NULL","NULL","NULL"],[1083,"time",11,10,8,true,"b","D",false,true,",",0,0,1183,"time_in","time_out","time_recv","time_send","timetypmodin","timetypmodout","-","d","p",false,0,-1,0,0,"NULL","NULL","NULL"],[700,"float4",11,10,4,true,"b","N",false,true,",",0,0,1021,"float4in","float4out","float4recv","float4send","-","-","-","i","p",false,0,-1,0,0,"NULL","NULL","NULL"],[1082,"date",11,10,4,true,"b","D",false,true,",",0,0,1182,"date_in","date_out","date_recv","date_send","-","-","-","i","p",false,0,-1,0,0,"NULL","NULL","NULL"],[1114,"timestamp",11,10,8,true,"b","D",false,true,",",0,0,1115,"timestamp_in","timestamp_out","timestamp_recv","timestamp_send","timestamptypmodin","timestamptypmodout","-","d","p",false,0,-1,0,0,"NULL","NULL","NULL"],[26,"oid",11,10,4,true,"b","N",true,true,",",0,0,1028,"oidin","oidout","oidrecv","oidsend","-","-","-","i","p",false,0,-1,0,0,"NULL","NULL","NULL"],[23,"int4",11,10,4,true,"b","N",true,true,",",0,0,1007,"int4in","int4out","int4recv","int4send","int4typmodin","int4typmodout","int4analyze","i","p",false,0,-1,0,0,"NULL","NULL","NULL"],[100002,"email_address",11,10,-1,false,"d","S",false,true,",",0,0,0,"textin","textout","textrecv","textsend","-","-","-","i","e",false,25,-1,0,0,"NULL","NULL","NULL"],[17,"bytea",11,10,-1,false,"b","U",false,true,",",0,0,1001,"byteain","byteaout","bytearecv","byteasend","-","-","-","i","x",false,0,-1,0,0,"NULL","NULL","NULL"],[701,"float8",11,10,8,true,"b","N",true,true,",",0,0,1022,"float8in","float8out","float8recv","float8send","-","-","-","d","p",false,0,-1,0,0,"NULL","NULL","NULL"],[114,"json",11,10,-1,false,"b","U",false,true,",",0,0,199,"json_in","json_out","json_recv","json_send","-","-","-","i","e",false,0,-1,0,0,"NULL","NULL","NULL"],[1700,"numeric",11,10,-1,false,"b","N",false,true,",",0,0,1231,"numeric_in","numeric_out","numeric_recv","numeric_send","numerictypmodin","numerictypmodout","-","i","m",false,0,-1,0,0,"NULL","NULL","NULL"],[3802,"jsonb",11,10,-1,false,"b","U",false,true,",",0,0,3807,"jsonb_in","jsonb_out","jsonb_recv","jsonb_send","-","-","-","i","e",false,0,-1,0,0,"NULL","NULL","NULL"]],"Columns":[{"Idx":1,"Name":"oid","Type":1,"TableIdentifier":"","OriginalTableName":""},{"Idx":2,"Name":"typname","Type":0,"TableIdentifier":"","OriginalTableName":""},{"Idx":3,"Name":"typnamespace","Type":1,"TableIdentifier":"","OriginalTableName":""},{"Idx":4,"Name":"typowner","Type":1,"TableIdentifier":"","OriginalTableName":""},{"Idx":5,"Name":"typlen","Type":1,"TableIdentifier":"","OriginalTableName":""},{"Idx":6,"Name":"typbyval","Type":0,"TableIdentifier":"","OriginalTableName":""},{"Idx":7,"Name":"typtype","Type":0,"TableIdentifier":"","OriginalTableName":""},{"Idx":8,"Name":"typcategory","Type":0,"TableIdentifier":"","OriginalTableName":""},{"Idx":9,"Name":"typispreferred","Type":0,"TableIdentifier":"","OriginalTableName":""},{"Idx":10,"Name":"typisdefined","Type":0,"TableIdentifier":"","OriginalTableName":""},{"Idx":11,"Name":"typdelim","Type":0,"TableIdentifier":"","OriginalTableName":""},{"Idx":12,"Name":"typrelid","Type":1,"TableIdentifier":"","OriginalTableName":""},{"Idx":13,"Name":"typelem","Type":1,"TableIdentifier":"","OriginalTableName":""},{"Idx":14,"Name":"typarray","Type":1,"TableIdentifier":"","OriginalTableName":""},{"Idx":15,"Name":"typinput","Type":0,"TableIdentifier":"","OriginalTableName":""},{"Idx":16,"Name":"typoutput","Type":0,"TableIdentifier":"","OriginalTableName":""},{"Idx":17,"Name":"typreceive","Type":0,"TableIdentifier":"","OriginalTableName":""},{"Idx":18,"Name":"typsend","Type":0,"TableIdentifier":"","OriginalTableName":""},{"Idx":19,"Name":"typmodin","Type":0,"TableIdentifier":"","OriginalTableName":""},{"Idx":20,"Name":"typmodout","Type":0,"TableIdentifier":"","OriginalTableName":""},{"Idx":21,"Name":"typanalyze","Type":0,"TableIdentifier":"","OriginalTableName":""},{"Idx":22,"Name":"typalign","Type":0,"TableIdentifier":"","OriginalTableName":""},{"Idx":23,"Name":"typstorage","Type":0,"TableIdentifier":"","OriginalTableName":""},{"Idx":24,"Name":"typnotnull","Type":0,"TableIdentifier":"","OriginalTableName":""},{"Idx":25,"Name":"typbasetype","Type":1,"TableIdentifier":"","OriginalTableName":""},{"Idx":26,"Name":"typtypmod","Type":1,"TableIdentifier":"","OriginalTableName":""},{"Idx":27,"Name":"typndims","Type":1,"TableIdentifier":"","OriginalTableName":""},{"Idx":28,"Name":"typcollation","Type":1,"TableIdentifier":"","OriginalTableName":""},{"Idx":29,"Name":"typdefaultbin","Type":0,"TableIdentifier":"","OriginalTableName":""},{"Idx":30,"Name":"typdefault","Type":0,"TableIdentifier":"","OriginalTableName":""},{"Idx":31,"Name":"typacl","Type":0,"TableIdentifier":"","OriginalTableName":""}]}}
2026-02-28T15:08:16.362+0300	DEBUG	logger/zap_logger.go:71	scan result	{"rows": 25, "cols": 31}
2026-02-28T15:08:16.362+0300	DEBUG	logger/zap_logger.go:71	executing plan node	{"type": "Scan"}
2026-02-28T15:08:16.362+0300	DEBUG	logger/zap_logger.go:71	Table metadata: 	{"meta": {"Name":"pg_catalog.pg_type","Columns":{"oid":{"Type":1,"IsNullable":false,"DefaultValue":null,"IsSerial":false,"IsUnique":false,"Idx":1},"typacl":{"Type":0,"IsNullable":true,"DefaultValue":null,"IsSerial":false,"IsUnique":false,"Idx":31},"typalign":{"Type":0,"IsNullable":true,"DefaultValue":null,"IsSerial":false,"IsUnique":false,"Idx":22},"typanalyze":{"Type":0,"IsNullable":true,"DefaultValue":null,"IsSerial":false,"IsUnique":false,"Idx":21},"typarray":{"Type":1,"IsNullable":true,"DefaultValue":null,"IsSerial":false,"IsUnique":false,"Idx":14},"typbasetype":{"Type":1,"IsNullable":true,"DefaultValue":null,"IsSerial":false,"IsUnique":false,"Idx":25},"typbyval":{"Type":0,"IsNullable":true,"DefaultValue":null,"IsSerial":false,"IsUnique":false,"Idx":6},"typcategory":{"Type":0,"IsNullable":true,"DefaultValue":null,"IsSerial":false,"IsUnique":false,"Idx":8},"typcollation":{"Type":1,"IsNullable":true,"DefaultValue":null,"IsSerial":false,"IsUnique":false,"Idx":28},"typdefault":{"Type":0,"IsNullable":true,"DefaultValue":null,"IsSerial":false,"IsUnique":false,"Idx":30},"typdefaultbin":{"Type":0,"IsNullable":true,"DefaultValue":null,"IsSerial":false,"IsUnique":false,"Idx":29},"typdelim":{"Type":0,"IsNullable":true,"DefaultValue":null,"IsSerial":false,"IsUnique":false,"Idx":11},"typelem":{"Type":1,"IsNullable":true,"DefaultValue":null,"IsSerial":false,"IsUnique":false,"Idx":13},"typinput":{"Type":0,"IsNullable":true,"DefaultValue":null,"IsSerial":false,"IsUnique":false,"Idx":15},"typisdefined":{"Type":0,"IsNullable":true,"DefaultValue":null,"IsSerial":false,"IsUnique":false,"Idx":10},"typispreferred":{"Type":0,"IsNullable":true,"DefaultValue":null,"IsSerial":false,"IsUnique":false,"Idx":9},"typlen":{"Type":1,"IsNullable":true,"DefaultValue":null,"IsSerial":false,"IsUnique":false,"Idx":5},"typmodin":{"Type":0,"IsNullable":true,"DefaultValue":null,"IsSerial":false,"IsUnique":false,"Idx":19},"typmodout":{"Type":0,"IsNullable":true,"DefaultValue":null,"IsSerial":false,"IsUnique":false,"Idx":20},"typname":{"Type":0,"IsNullable":true,"DefaultValue":null,"IsSerial":false,"IsUnique":false,"Idx":2},"typnamespace":{"Type":1,"IsNullable":true,"DefaultValue":null,"IsSerial":false,"IsUnique":false,"Idx":3},"typndims":{"Type":1,"IsNullable":true,"DefaultValue":null,"IsSerial":false,"IsUnique":false,"Idx":27},"typnotnull":{"Type":0,"IsNullable":true,"DefaultValue":null,"IsSerial":false,"IsUnique":false,"Idx":24},"typoutput":{"Type":0,"IsNullable":true,"DefaultValue":null,"IsSerial":false,"IsUnique":false,"Idx":16},"typowner":{"Type":1,"IsNullable":true,"DefaultValue":null,"IsSerial":false,"IsUnique":false,"Idx":4},"typreceive":{"Type":0,"IsNullable":true,"DefaultValue":null,"IsSerial":false,"IsUnique":false,"Idx":17},"typrelid":{"Type":1,"IsNullable":true,"DefaultValue":null,"IsSerial":false,"IsUnique":false,"Idx":12},"typsend":{"Type":0,"IsNullable":true,"DefaultValue":null,"IsSerial":false,"IsUnique":false,"Idx":18},"typstorage":{"Type":0,"IsNullable":true,"DefaultValue":null,"IsSerial":false,"IsUnique":false,"Idx":23},"typtype":{"Type":0,"IsNullable":true,"DefaultValue":null,"IsSerial":false,"IsUnique":false,"Idx":7},"typtypmod":{"Type":1,"IsNullable":true,"DefaultValue":null,"IsSerial":false,"IsUnique":false,"Idx":26}},"PrimaryKeys":[1]}}
2026-02-28T15:08:16.362+0300	DEBUG	logger/zap_logger.go:71	Table columns	{"columns": [{"Idx":1,"Name":"oid","Type":1,"TableIdentifier":"","OriginalTableName":""},{"Idx":2,"Name":"typname","Type":0,"TableIdentifier":"","OriginalTableName":""},{"Idx":3,"Name":"typnamespace","Type":1,"TableIdentifier":"","OriginalTableName":""},{"Idx":4,"Name":"typowner","Type":1,"TableIdentifier":"","OriginalTableName":""},{"Idx":5,"Name":"typlen","Type":1,"TableIdentifier":"","OriginalTableName":""},{"Idx":6,"Name":"typbyval","Type":0,"TableIdentifier":"","OriginalTableName":""},{"Idx":7,"Name":"typtype","Type":0,"TableIdentifier":"","OriginalTableName":""},{"Idx":8,"Name":"typcategory","Type":0,"TableIdentifier":"","OriginalTableName":""},{"Idx":9,"Name":"typispreferred","Type":0,"TableIdentifier":"","OriginalTableName":""},{"Idx":10,"Name":"typisdefined","Type":0,"TableIdentifier":"","OriginalTableName":""},{"Idx":11,"Name":"typdelim","Type":0,"TableIdentifier":"","OriginalTableName":""},{"Idx":12,"Name":"typrelid","Type":1,"TableIdentifier":"","OriginalTableName":""},{"Idx":13,"Name":"typelem","Type":1,"TableIdentifier":"","OriginalTableName":""},{"Idx":14,"Name":"typarray","Type":1,"TableIdentifier":"","OriginalTableName":""},{"Idx":15,"Name":"typinput","Type":0,"TableIdentifier":"","OriginalTableName":""},{"Idx":16,"Name":"typoutput","Type":0,"TableIdentifier":"","OriginalTableName":""},{"Idx":17,"Name":"typreceive","Type":0,"TableIdentifier":"","OriginalTableName":""},{"Idx":18,"Name":"typsend","Type":0,"TableIdentifier":"","OriginalTableName":""},{"Idx":19,"Name":"typmodin","Type":0,"TableIdentifier":"","OriginalTableName":""},{"Idx":20,"Name":"typmodout","Type":0,"TableIdentifier":"","OriginalTableName":""},{"Idx":21,"Name":"typanalyze","Type":0,"TableIdentifier":"","OriginalTableName":""},{"Idx":22,"Name":"typalign","Type":0,"TableIdentifier":"","OriginalTableName":""},{"Idx":23,"Name":"typstorage","Type":0,"TableIdentifier":"","OriginalTableName":""},{"Idx":24,"Name":"typnotnull","Type":0,"TableIdentifier":"","OriginalTableName":""},{"Idx":25,"Name":"typbasetype","Type":1,"TableIdentifier":"","OriginalTableName":""},{"Idx":26,"Name":"typtypmod","Type":1,"TableIdentifier":"","OriginalTableName":""},{"Idx":27,"Name":"typndims","Type":1,"TableIdentifier":"","OriginalTableName":""},{"Idx":28,"Name":"typcollation","Type":1,"TableIdentifier":"","OriginalTableName":""},{"Idx":29,"Name":"typdefaultbin","Type":0,"TableIdentifier":"","OriginalTableName":""},{"Idx":30,"Name":"typdefault","Type":0,"TableIdentifier":"","OriginalTableName":""},{"Idx":31,"Name":"typacl","Type":0,"TableIdentifier":"","OriginalTableName":""}]}
2026-02-28T15:08:16.362+0300	DEBUG	logger/zap_logger.go:71	Select columns	{"columns": [{"Name":"","IsAll":true}]}
2026-02-28T15:08:16.362+0300	DEBUG	logger/zap_logger.go:71	NewIterator called with seekKey:	{"seekKey": "testdb:pg_catalog:pg_type:row:", "typ": "ALL"}
2026-02-28T15:08:16.362+0300	DEBUG	logger/zap_logger.go:71	Select result: 	{"result": {"Rows":[[17,"bytea",11,10,-1,false,"b","U",false,true,",",0,0,1001,"byteain","byteaout","bytearecv","byteasend","-","-","-","i","x",false,0,-1,0,0,"NULL","NULL","NULL"],[21,"int2",11,10,2,true,"b","N",false,true,",",0,0,1005,"int2in","int2out","int2recv","int2send","-","-","-","s","p",false,0,-1,0,0,"NULL","NULL","NULL"],[26,"oid",11,10,4,true,"b","N",true,true,",",0,0,1028,"oidin","oidout","oidrecv","oidsend","-","-","-","i","p",false,0,-1,0,0,"NULL","NULL","NULL"],[24,"regproc",11,10,4,true,"b","N",false,true,",",0,0,1008,"regprocin","regprocout","regprocrecv","regprocsend","-","-","-","i","p",false,0,-1,0,0,"NULL","NULL","NULL"],[1082,"date",11,10,4,true,"b","D",false,true,",",0,0,1182,"date_in","date_out","date_recv","date_send","-","-","-","i","p",false,0,-1,0,0,"NULL","NULL","NULL"],[1043,"varchar",11,10,-1,false,"b","S",false,true,",",0,0,1015,"varcharin","varcharout","varcharrecv","varcharsend","varchartypmodin","varchartypmodout","-","i","e",false,0,-1,0,100,"NULL","NULL","NULL"],[19,"name",11,10,64,false,"b","S",false,true,",",0,0,1003,"namein","nameout","namerecv","namesend","-","-","-","c","p",false,0,-1,0,950,"NULL","NULL","NULL"],[25,"text",11,10,-1,false,"b","S",true,true,",",0,0,1009,"textin","textout","textrecv","textsend","texttypmodin","texttypmodout","textanalyze","i","e",false,0,-1,0,0,"NULL","NULL","NULL"],[1083,"time",11,10,8,true,"b","D",false,true,",",0,0,1183,"time_in","time_out","time_recv","time_send","timetypmodin","timetypmodout","-","d","p",false,0,-1,0,0,"NULL","NULL","NULL"],[23,"int4",11,10,4,true,"b","N",true,true,",",0,0,1007,"int4in","int4out","int4recv","int4send","int4typmodin","int4typmodout","int4analyze","i","p",false,0,-1,0,0,"NULL","NULL","NULL"],[1114,"timestamp",11,10,8,true,"b","D",false,true,",",0,0,1115,"timestamp_in","timestamp_out","timestamp_recv","timestamp_send","timestamptypmodin","timestamptypmodout","-","d","p",false,0,-1,0,0,"NULL","NULL","NULL"],[18,"char",11,10,1,true,"b","Z",false,true,",",0,0,1002,"charin","charout","charrecv","charsend","-","-","-","c","p",false,0,-1,0,0,"NULL","NULL","NULL"],[3802,"jsonb",11,10,-1,false,"b","U",false,true,",",0,0,3807,"jsonb_in","jsonb_out","jsonb_recv","jsonb_send","-","-","-","i","e",false,0,-1,0,0,"NULL","NULL","NULL"],[100002,"email_address",11,10,-1,false,"d","S",false,true,",",0,0,0,"textin","textout","textrecv","textsend","-","-","-","i","e",false,25,-1,0,0,"NULL","NULL","NULL"],[1042,"bpchar",11,10,-1,false,"b","S",false,true,",",0,0,1014,"bpcharin","bpcharout","bpcharrecv","bpcharsend","bpchartypmodin","bpchartypmodout","-","i","e",false,0,-1,0,100,"NULL","NULL","NULL"],[701,"float8",11,10,8,true,"b","N",true,true,",",0,0,1022,"float8in","float8out","float8recv","float8send","-","-","-","d","p",false,0,-1,0,0,"NULL","NULL","NULL"],[2950,"uuid",11,10,16,false,"b","U",false,true,",",0,0,2951,"uuid_in","uuid_out","uuid_recv","uuid_send","-","-","-","c","p",false,0,-1,0,0,"NULL","NULL","NULL"],[100003,"us_postal_code",11,10,-1,false,"d","S",false,true,",",0,0,0,"textin","textout","textrecv","textsend","-","-","-","i","e",false,25,-1,0,0,"NULL","NULL","NULL"],[700,"float4",11,10,4,true,"b","N",false,true,",",0,0,1021,"float4in","float4out","float4recv","float4send","-","-","-","i","p",false,0,-1,0,0,"NULL","NULL","NULL"],[20,"int8",11,10,8,true,"b","N",false,true,",",0,0,1016,"int8in","int8out","int8recv","int8send","-","-","-","d","p",false,0,-1,0,0,"NULL","NULL","NULL"],[1184,"timestamptz",11,10,8,true,"b","D",true,true,",",0,0,1185,"timestamptz_in","timestamptz_out","timestamptz_recv","timestamptz_send","timestamptztypmodin","timestamptztypmodout","-","d","p",false,0,-1,0,0,"NULL","NULL","NULL"],[100001,"positive_int",11,10,4,true,"d","N",false,true,",",0,0,0,"int4in","int4out","int4recv","int4send","-","-","-","i","p",false,23,-1,0,0,"NULL","NULL","NULL"],[114,"json",11,10,-1,false,"b","U",false,true,",",0,0,199,"json_in","json_out","json_recv","json_send","-","-","-","i","e",false,0,-1,0,0,"NULL","NULL","NULL"],[16,"bool",11,10,1,true,"b","B",true,true,",",0,0,1000,"boolin","boolout","boolrecv","boolsend","booltypmodin","booltypmodout","boolanalyze","c","p",false,0,-1,0,0,"NULL","NULL","NULL"],[1700,"numeric",11,10,-1,false,"b","N",false,true,",",0,0,1231,"numeric_in","numeric_out","numeric_recv","numeric_send","numerictypmodin","numerictypmodout","-","i","m",false,0,-1,0,0,"NULL","NULL","NULL"]],"Columns":[{"Idx":1,"Name":"oid","Type":1,"TableIdentifier":"","OriginalTableName":""},{"Idx":2,"Name":"typname","Type":0,"TableIdentifier":"","OriginalTableName":""},{"Idx":3,"Name":"typnamespace","Type":1,"TableIdentifier":"","OriginalTableName":""},{"Idx":4,"Name":"typowner","Type":1,"TableIdentifier":"","OriginalTableName":""},{"Idx":5,"Name":"typlen","Type":1,"TableIdentifier":"","OriginalTableName":""},{"Idx":6,"Name":"typbyval","Type":0,"TableIdentifier":"","OriginalTableName":""},{"Idx":7,"Name":"typtype","Type":0,"TableIdentifier":"","OriginalTableName":""},{"Idx":8,"Name":"typcategory","Type":0,"TableIdentifier":"","OriginalTableName":""},{"Idx":9,"Name":"typispreferred","Type":0,"TableIdentifier":"","OriginalTableName":""},{"Idx":10,"Name":"typisdefined","Type":0,"TableIdentifier":"","OriginalTableName":""},{"Idx":11,"Name":"typdelim","Type":0,"TableIdentifier":"","OriginalTableName":""},{"Idx":12,"Name":"typrelid","Type":1,"TableIdentifier":"","OriginalTableName":""},{"Idx":13,"Name":"typelem","Type":1,"TableIdentifier":"","OriginalTableName":""},{"Idx":14,"Name":"typarray","Type":1,"TableIdentifier":"","OriginalTableName":""},{"Idx":15,"Name":"typinput","Type":0,"TableIdentifier":"","OriginalTableName":""},{"Idx":16,"Name":"typoutput","Type":0,"TableIdentifier":"","OriginalTableName":""},{"Idx":17,"Name":"typreceive","Type":0,"TableIdentifier":"","OriginalTableName":""},{"Idx":18,"Name":"typsend","Type":0,"TableIdentifier":"","OriginalTableName":""},{"Idx":19,"Name":"typmodin","Type":0,"TableIdentifier":"","OriginalTableName":""},{"Idx":20,"Name":"typmodout","Type":0,"TableIdentifier":"","OriginalTableName":""},{"Idx":21,"Name":"typanalyze","Type":0,"TableIdentifier":"","OriginalTableName":""},{"Idx":22,"Name":"typalign","Type":0,"TableIdentifier":"","OriginalTableName":""},{"Idx":23,"Name":"typstorage","Type":0,"TableIdentifier":"","OriginalTableName":""},{"Idx":24,"Name":"typnotnull","Type":0,"TableIdentifier":"","OriginalTableName":""},{"Idx":25,"Name":"typbasetype","Type":1,"TableIdentifier":"","OriginalTableName":""},{"Idx":26,"Name":"typtypmod","Type":1,"TableIdentifier":"","OriginalTableName":""},{"Idx":27,"Name":"typndims","Type":1,"TableIdentifier":"","OriginalTableName":""},{"Idx":28,"Name":"typcollation","Type":1,"TableIdentifier":"","OriginalTableName":""},{"Idx":29,"Name":"typdefaultbin","Type":0,"TableIdentifier":"","OriginalTableName":""},{"Idx":30,"Name":"typdefault","Type":0,"TableIdentifier":"","OriginalTableName":""},{"Idx":31,"Name":"typacl","Type":0,"TableIdentifier":"","OriginalTableName":""}]}}
2026-02-28T15:08:16.362+0300	DEBUG	logger/zap_logger.go:71	scan result	{"rows": 25, "cols": 31}
2026-02-28T15:08:16.366+0300	DEBUG	logger/zap_logger.go:71	executing plan node	{"type": "Scan"}
2026-02-28T15:08:16.366+0300	DEBUG	logger/zap_logger.go:71	Table metadata: 	{"meta": {"Name":"pg_catalog.pg_class","Columns":{"oid":{"Type":0,"IsNullable":false,"DefaultValue":null,"IsSerial":false,"IsUnique":false,"Idx":1},"relallvisible":{"Type":0,"IsNullable":true,"DefaultValue":null,"IsSerial":false,"IsUnique":false,"Idx":12},"relam":{"Type":0,"IsNullable":true,"DefaultValue":null,"IsSerial":false,"IsUnique":false,"Idx":7},"relchecks":{"Type":0,"IsNullable":true,"DefaultValue":null,"IsSerial":false,"IsUnique":false,"Idx":19},"relfilenode":{"Type":0,"IsNullable":true,"DefaultValue":null,"IsSerial":false,"IsUnique":false,"Idx":8},"relforcerowsecurity":{"Type":0,"IsNullable":true,"DefaultValue":null,"IsSerial":false,"IsUnique":false,"Idx":24},"relfrozenxid":{"Type":0,"IsNullable":true,"DefaultValue":null,"IsSerial":false,"IsUnique":false,"Idx":29},"relhasindex":{"Type":0,"IsNullable":true,"DefaultValue":null,"IsSerial":false,"IsUnique":false,"Idx":14},"relhasrules":{"Type":0,"IsNullable":true,"DefaultValue":null,"IsSerial":false,"IsUnique":false,"Idx":20},"relhassubclass":{"Type":0,"IsNullable":true,"DefaultValue":null,"IsSerial":false,"IsUnique":false,"Idx":22},"relhastriggers":{"Type":0,"IsNullable":true,"DefaultValue":null,"IsSerial":false,"IsUnique":false,"Idx":21},"relispartition":{"Type":0,"IsNullable":true,"DefaultValue":null,"IsSerial":false,"IsUnique":false,"Idx":27},"relispopulated":{"Type":0,"IsNullable":true,"DefaultValue":null,"IsSerial":false,"IsUnique":false,"Idx":25},"relisshared":{"Type":0,"IsNullable":true,"DefaultValue":null,"IsSerial":false,"IsUnique":false,"Idx":15},"relkind":{"Type":0,"IsNullable":true,"DefaultValue":null,"IsSerial":false,"IsUnique":false,"Idx":17},"relminmxid":{"Type":0,"IsNullable":true,"DefaultValue":null,"IsSerial":false,"IsUnique":false,"Idx":30},"relname":{"Type":0,"IsNullable":true,"DefaultValue":null,"IsSerial":false,"IsUnique":false,"Idx":2},"relnamespace":{"Type":0,"IsNullable":true,"DefaultValue":null,"IsSerial":false,"IsUnique":false,"Idx":3},"relnatts":{"Type":0,"IsNullable":true,"DefaultValue":null,"IsSerial":false,"IsUnique":false,"Idx":18},"reloftype":{"Type":0,"IsNullable":true,"DefaultValue":null,"IsSerial":false,"IsUnique":false,"Idx":5},"relowner":{"Type":0,"IsNullable":true,"DefaultValue":null,"IsSerial":false,"IsUnique":false,"Idx":6},"relpages":{"Type":0,"IsNullable":true,"DefaultValue":null,"IsSerial":false,"IsUnique":false,"Idx":10},"relpersistence":{"Type":0,"IsNullable":true,"DefaultValue":null,"IsSerial":false,"IsUnique":false,"Idx":16},"relreplident":{"Type":0,"IsNullable":true,"DefaultValue":null,"IsSerial":false,"IsUnique":false,"Idx":26},"relrewrite":{"Type":0,"IsNullable":true,"DefaultValue":null,"IsSerial":false,"IsUnique":false,"Idx":28},"relrowsecurity":{"Type":0,"IsNullable":true,"DefaultValue":null,"IsSerial":false,"IsUnique":false,"Idx":23},"reltablespace":{"Type":0,"IsNullable":true,"DefaultValue":null,"IsSerial":false,"IsUnique":false,"Idx":9},"reltoastrelid":{"Type":0,"IsNullable":true,"DefaultValue":null,"IsSerial":false,"IsUnique":false,"Idx":13},"reltuples":{"Type":3,"IsNullable":true,"DefaultValue":null,"IsSerial":false,"IsUnique":false,"Idx":11},"reltype":{"Type":0,"IsNullable":true,"DefaultValue":null,"IsSerial":false,"IsUnique":false,"Idx":4}},"PrimaryKeys":[1]}}
2026-02-28T15:08:16.366+0300	DEBUG	logger/zap_logger.go:71	Table columns	{"columns": [{"Idx":1,"Name":"oid","Type":0,"TableIdentifier":"","OriginalTableName":""},{"Idx":2,"Name":"relname","Type":0,"TableIdentifier":"","OriginalTableName":""},{"Idx":3,"Name":"relnamespace","Type":0,"TableIdentifier":"","OriginalTableName":""},{"Idx":4,"Name":"reltype","Type":0,"TableIdentifier":"","OriginalTableName":""},{"Idx":5,"Name":"reloftype","Type":0,"TableIdentifier":"","OriginalTableName":""},{"Idx":6,"Name":"relowner","Type":0,"TableIdentifier":"","OriginalTableName":""},{"Idx":7,"Name":"relam","Type":0,"TableIdentifier":"","OriginalTableName":""},{"Idx":8,"Name":"relfilenode","Type":0,"TableIdentifier":"","OriginalTableName":""},{"Idx":9,"Name":"reltablespace","Type":0,"TableIdentifier":"","OriginalTableName":""},{"Idx":10,"Name":"relpages","Type":0,"TableIdentifier":"","OriginalTableName":""},{"Idx":11,"Name":"reltuples","Type":3,"TableIdentifier":"","OriginalTableName":""},{"Idx":12,"Name":"relallvisible","Type":0,"TableIdentifier":"","OriginalTableName":""},{"Idx":13,"Name":"reltoastrelid","Type":0,"TableIdentifier":"","OriginalTableName":""},{"Idx":14,"Name":"relhasindex","Type":0,"TableIdentifier":"","OriginalTableName":""},{"Idx":15,"Name":"relisshared","Type":0,"TableIdentifier":"","OriginalTableName":""},{"Idx":16,"Name":"relpersistence","Type":0,"TableIdentifier":"","OriginalTableName":""},{"Idx":17,"Name":"relkind","Type":0,"TableIdentifier":"","OriginalTableName":""},{"Idx":18,"Name":"relnatts","Type":0,"TableIdentifier":"","OriginalTableName":""},{"Idx":19,"Name":"relchecks","Type":0,"TableIdentifier":"","OriginalTableName":""},{"Idx":20,"Name":"relhasrules","Type":0,"TableIdentifier":"","OriginalTableName":""},{"Idx":21,"Name":"relhastriggers","Type":0,"TableIdentifier":"","OriginalTableName":""},{"Idx":22,"Name":"relhassubclass","Type":0,"TableIdentifier":"","OriginalTableName":""},{"Idx":23,"Name":"relrowsecurity","Type":0,"TableIdentifier":"","OriginalTableName":""},{"Idx":24,"Name":"relforcerowsecurity","Type":0,"TableIdentifier":"","OriginalTableName":""},{"Idx":25,"Name":"relispopulated","Type":0,"TableIdentifier":"","OriginalTableName":""},{"Idx":26,"Name":"relreplident","Type":0,"TableIdentifier":"","OriginalTableName":""},{"Idx":27,"Name":"relispartition","Type":0,"TableIdentifier":"","OriginalTableName":""},{"Idx":28,"Name":"relrewrite","Type":0,"TableIdentifier":"","OriginalTableName":""},{"Idx":29,"Name":"relfrozenxid","Type":0,"TableIdentifier":"","OriginalTableName":""},{"Idx":30,"Name":"relminmxid","Type":0,"TableIdentifier":"","OriginalTableName":""}]}
2026-02-28T15:08:16.366+0300	DEBUG	logger/zap_logger.go:71	Select columns	{"columns": [{"Name":"","IsAll":true}]}
2026-02-28T15:08:16.366+0300	DEBUG	logger/zap_logger.go:71	NewIterator called with seekKey:	{"seekKey": "testdb:pg_catalog:pg_class:row:", "typ": "ALL"}
2026-02-28T15:08:16.366+0300	DEBUG	logger/zap_logger.go:71	Select result: 	{"result": {"Rows":[[2615,"pg_namespace",11,2615,0,10,0,0,0,0,0,0,0,false,false,"p","r",4,0,false,false,false,false,false,true,"n",false,0,0,0],[1213,"pg_tablespace",11,1213,0,10,0,0,0,0,0,0,0,false,false,"p","r",5,0,false,false,false,false,false,true,"n",false,0,0,0],[1255,"pg_proc",11,81,0,10,0,0,0,0,0,0,0,false,false,"p","r",29,0,false,false,false,false,false,true,"n",false,0,0,0],[1260,"pg_columns",11,0,0,10,0,0,0,0,0,0,0,false,false,"p","r",9,0,false,false,false,false,false,true,"n",false,0,0,0],[1261,"pg_class",11,83,0,10,0,0,0,0,0,0,0,false,false,"p","r",30,0,false,false,false,false,false,true,"n",false,0,0,0],[1259,"pg_tables",11,0,0,10,0,0,0,0,0,0,0,false,false,"p","r",8,0,false,false,false,false,false,true,"n",false,0,0,0],[1262,"pg_database",11,1248,0,10,0,0,0,0,0,0,0,false,false,"p","r",14,0,false,false,false,false,false,true,"n",false,0,0,0],[1247,"pg_type",11,71,0,10,0,0,0,0,0,0,0,false,false,"p","r",31,0,false,false,false,false,false,true,"n",false,0,0,0],[1263,"pg_shdescription",11,0,0,10,0,0,0,0,0,0,0,false,false,"p","r",4,0,false,false,false,false,false,true,"n",false,0,0,0],[2601,"pg_am",11,0,0,10,0,0,0,0,0,0,0,false,false,"p","r",4,0,false,false,false,false,false,true,"n",false,0,0,0],[1249,"pg_attribute",11,75,0,10,0,0,0,0,0,0,0,false,false,"p","r",23,0,false,false,false,false,false,true,"n",false,0,0,0]],"Columns":[{"Idx":1,"Name":"oid","Type":0,"TableIdentifier":"","OriginalTableName":""},{"Idx":2,"Name":"relname","Type":0,"TableIdentifier":"","OriginalTableName":""},{"Idx":3,"Name":"relnamespace","Type":0,"TableIdentifier":"","OriginalTableName":""},{"Idx":4,"Name":"reltype","Type":0,"TableIdentifier":"","OriginalTableName":""},{"Idx":5,"Name":"reloftype","Type":0,"TableIdentifier":"","OriginalTableName":""},{"Idx":6,"Name":"relowner","Type":0,"TableIdentifier":"","OriginalTableName":""},{"Idx":7,"Name":"relam","Type":0,"TableIdentifier":"","OriginalTableName":""},{"Idx":8,"Name":"relfilenode","Type":0,"TableIdentifier":"","OriginalTableName":""},{"Idx":9,"Name":"reltablespace","Type":0,"TableIdentifier":"","OriginalTableName":""},{"Idx":10,"Name":"relpages","Type":0,"TableIdentifier":"","OriginalTableName":""},{"Idx":11,"Name":"reltuples","Type":3,"TableIdentifier":"","OriginalTableName":""},{"Idx":12,"Name":"relallvisible","Type":0,"TableIdentifier":"","OriginalTableName":""},{"Idx":13,"Name":"reltoastrelid","Type":0,"TableIdentifier":"","OriginalTableName":""},{"Idx":14,"Name":"relhasindex","Type":0,"TableIdentifier":"","OriginalTableName":""},{"Idx":15,"Name":"relisshared","Type":0,"TableIdentifier":"","OriginalTableName":""},{"Idx":16,"Name":"relpersistence","Type":0,"TableIdentifier":"","OriginalTableName":""},{"Idx":17,"Name":"relkind","Type":0,"TableIdentifier":"","OriginalTableName":""},{"Idx":18,"Name":"relnatts","Type":0,"TableIdentifier":"","OriginalTableName":""},{"Idx":19,"Name":"relchecks","Type":0,"TableIdentifier":"","OriginalTableName":""},{"Idx":20,"Name":"relhasrules","Type":0,"TableIdentifier":"","OriginalTableName":""},{"Idx":21,"Name":"relhastriggers","Type":0,"TableIdentifier":"","OriginalTableName":""},{"Idx":22,"Name":"relhassubclass","Type":0,"TableIdentifier":"","OriginalTableName":""},{"Idx":23,"Name":"relrowsecurity","Type":0,"TableIdentifier":"","OriginalTableName":""},{"Idx":24,"Name":"relforcerowsecurity","Type":0,"TableIdentifier":"","OriginalTableName":""},{"Idx":25,"Name":"relispopulated","Type":0,"TableIdentifier":"","OriginalTableName":""},{"Idx":26,"Name":"relreplident","Type":0,"TableIdentifier":"","OriginalTableName":""},{"Idx":27,"Name":"relispartition","Type":0,"TableIdentifier":"","OriginalTableName":""},{"Idx":28,"Name":"relrewrite","Type":0,"TableIdentifier":"","OriginalTableName":""},{"Idx":29,"Name":"relfrozenxid","Type":0,"TableIdentifier":"","OriginalTableName":""},{"Idx":30,"Name":"relminmxid","Type":0,"TableIdentifier":"","OriginalTableName":""}]}}
2026-02-28T15:08:16.366+0300	DEBUG	logger/zap_logger.go:71	scan result	{"rows": 11, "cols": 30}
2026-02-28T15:08:16.368+0300	DEBUG	logger/zap_logger.go:71	DEBUG: Sending row:	{"row": [null,0,18]}
2026-02-28T15:08:16.368+0300	DEBUG	logger/zap_logger.go:71	DEBUG: Sending row:	{"row": [null,0,100003]}
2026-02-28T15:08:16.368+0300	DEBUG	logger/zap_logger.go:71	DEBUG: Sending row:	{"row": [null,0,16]}
2026-02-28T15:08:16.368+0300	DEBUG	logger/zap_logger.go:71	DEBUG: Sending row:	{"row": [null,0,20]}
2026-02-28T15:08:16.368+0300	DEBUG	logger/zap_logger.go:71	DEBUG: Sending row:	{"row": [null,0,1042]}
2026-02-28T15:08:16.368+0300	DEBUG	logger/zap_logger.go:71	DEBUG: Sending row:	{"row": [null,0,21]}
2026-02-28T15:08:16.368+0300	DEBUG	logger/zap_logger.go:71	DEBUG: Sending row:	{"row": [null,0,100001]}
2026-02-28T15:08:16.368+0300	DEBUG	logger/zap_logger.go:71	DEBUG: Sending row:	{"row": [null,0,19]}
2026-02-28T15:08:16.368+0300	DEBUG	logger/zap_logger.go:71	DEBUG: Sending row:	{"row": [null,0,25]}
2026-02-28T15:08:16.368+0300	DEBUG	logger/zap_logger.go:71	DEBUG: Sending row:	{"row": [null,0,1184]}
2026-02-28T15:08:16.368+0300	DEBUG	logger/zap_logger.go:71	DEBUG: Sending row:	{"row": [null,0,2950]}
2026-02-28T15:08:16.368+0300	DEBUG	logger/zap_logger.go:71	DEBUG: Sending row:	{"row": [null,0,24]}
2026-02-28T15:08:16.368+0300	DEBUG	logger/zap_logger.go:71	DEBUG: Sending row:	{"row": [null,0,1043]}
2026-02-28T15:08:16.368+0300	DEBUG	logger/zap_logger.go:71	DEBUG: Sending row:	{"row": [null,0,1083]}
2026-02-28T15:08:16.368+0300	DEBUG	logger/zap_logger.go:71	DEBUG: Sending row:	{"row": [null,0,700]}
2026-02-28T15:08:16.368+0300	DEBUG	logger/zap_logger.go:71	DEBUG: Sending row:	{"row": [null,0,1082]}
2026-02-28T15:08:16.368+0300	DEBUG	logger/zap_logger.go:71	DEBUG: Sending row:	{"row": [null,0,1114]}
2026-02-28T15:08:16.368+0300	DEBUG	logger/zap_logger.go:71	DEBUG: Sending row:	{"row": [null,0,26]}
2026-02-28T15:08:16.368+0300	DEBUG	logger/zap_logger.go:71	DEBUG: Sending row:	{"row": [null,0,23]}
2026-02-28T15:08:16.368+0300	DEBUG	logger/zap_logger.go:71	DEBUG: Sending row:	{"row": [null,0,100002]}
2026-02-28T15:08:16.368+0300	DEBUG	logger/zap_logger.go:71	DEBUG: Sending row:	{"row": [null,0,17]}
2026-02-28T15:08:16.368+0300	DEBUG	logger/zap_logger.go:71	DEBUG: Sending row:	{"row": [null,0,701]}
2026-02-28T15:08:16.368+0300	DEBUG	logger/zap_logger.go:71	DEBUG: Sending row:	{"row": [null,0,114]}
2026-02-28T15:08:16.368+0300	DEBUG	logger/zap_logger.go:71	DEBUG: Sending row:	{"row": [null,0,1700]}
2026-02-28T15:08:16.368+0300	DEBUG	logger/zap_logger.go:71	DEBUG: Sending row:	{"row": [null,0,3802]}
2026-02-28T15:08:21.919+0300	DEBUG	logger/zap_logger.go:96	Query: select t.oid,
	case when nsp.nspname in ('pg_catalog', 'public') then t.typname
		else nsp.nspname||'.'||t.typname
	end
from pg_type t
left join pg_type base_type on t.typelem=base_type.oid
left join pg_class base_cls ON base_type.typrelid = base_cls.oid
left join pg_namespace nsp on t.typnamespace=nsp.oid
where (
	  t.typtype in('b', 'p', 'r', 'e')
	  and (base_type.oid is null or base_type.typtype in('b', 'p', 'r'))
	);
2026-02-28T15:08:21.922+0300	DEBUG	logger/zap_logger.go:96	Parsing select item: t.oid
2026-02-28T15:08:21.922+0300	DEBUG	logger/zap_logger.go:96	Parsing select item: casewhennsp.nspnamein('pg_catalog','public')thent.typnameelsensp.nspname||'.'||t.typnameend
2026-02-28T15:08:21.923+0300	DEBUG	logger/zap_logger.go:96	DEBUG: Parsed statement type: SELECT

2026-02-28T15:08:21.923+0300	DEBUG	logger/zap_logger.go:96	Parsed statement: %!(EXTRA zapcore.Field={stmt 23 0  0x140005a94f0})
2026-02-28T15:08:21.923+0300	DEBUG	logger/zap_logger.go:96	Executing query plan: %!(EXTRA zapcore.Field={queryPlan 25 0  Project
  Filter
    Join
      Join
        Join
          Scan (pg_catalog.pg_type AS t)
          Scan (pg_catalog.pg_type AS base_type)
        Scan (pg_catalog.pg_class AS base_cls)
      Scan (pg_catalog.pg_namespace AS nsp)
})
2026-02-28T15:08:21.923+0300	DEBUG	logger/zap_logger.go:71	executing plan node	{"type": "Project"}
2026-02-28T15:08:21.923+0300	DEBUG	logger/zap_logger.go:71	executing plan node	{"type": "Filter"}
2026-02-28T15:08:21.923+0300	DEBUG	logger/zap_logger.go:71	executing plan node	{"type": "Join"}
2026-02-28T15:08:21.923+0300	DEBUG	logger/zap_logger.go:71	executing plan node	{"type": "Join"}
2026-02-28T15:08:21.923+0300	DEBUG	logger/zap_logger.go:71	executing plan node	{"type": "Join"}
2026-02-28T15:08:21.923+0300	DEBUG	logger/zap_logger.go:71	executing plan node	{"type": "Scan"}
2026-02-28T15:08:21.923+0300	DEBUG	logger/zap_logger.go:71	Table metadata: 	{"meta": {"Name":"pg_catalog.pg_type","Columns":{"oid":{"Type":1,"IsNullable":false,"DefaultValue":null,"IsSerial":false,"IsUnique":false,"Idx":1},"typacl":{"Type":0,"IsNullable":true,"DefaultValue":null,"IsSerial":false,"IsUnique":false,"Idx":31},"typalign":{"Type":0,"IsNullable":true,"DefaultValue":null,"IsSerial":false,"IsUnique":false,"Idx":22},"typanalyze":{"Type":0,"IsNullable":true,"DefaultValue":null,"IsSerial":false,"IsUnique":false,"Idx":21},"typarray":{"Type":1,"IsNullable":true,"DefaultValue":null,"IsSerial":false,"IsUnique":false,"Idx":14},"typbasetype":{"Type":1,"IsNullable":true,"DefaultValue":null,"IsSerial":false,"IsUnique":false,"Idx":25},"typbyval":{"Type":0,"IsNullable":true,"DefaultValue":null,"IsSerial":false,"IsUnique":false,"Idx":6},"typcategory":{"Type":0,"IsNullable":true,"DefaultValue":null,"IsSerial":false,"IsUnique":false,"Idx":8},"typcollation":{"Type":1,"IsNullable":true,"DefaultValue":null,"IsSerial":false,"IsUnique":false,"Idx":28},"typdefault":{"Type":0,"IsNullable":true,"DefaultValue":null,"IsSerial":false,"IsUnique":false,"Idx":30},"typdefaultbin":{"Type":0,"IsNullable":true,"DefaultValue":null,"IsSerial":false,"IsUnique":false,"Idx":29},"typdelim":{"Type":0,"IsNullable":true,"DefaultValue":null,"IsSerial":false,"IsUnique":false,"Idx":11},"typelem":{"Type":1,"IsNullable":true,"DefaultValue":null,"IsSerial":false,"IsUnique":false,"Idx":13},"typinput":{"Type":0,"IsNullable":true,"DefaultValue":null,"IsSerial":false,"IsUnique":false,"Idx":15},"typisdefined":{"Type":0,"IsNullable":true,"DefaultValue":null,"IsSerial":false,"IsUnique":false,"Idx":10},"typispreferred":{"Type":0,"IsNullable":true,"DefaultValue":null,"IsSerial":false,"IsUnique":false,"Idx":9},"typlen":{"Type":1,"IsNullable":true,"DefaultValue":null,"IsSerial":false,"IsUnique":false,"Idx":5},"typmodin":{"Type":0,"IsNullable":true,"DefaultValue":null,"IsSerial":false,"IsUnique":false,"Idx":19},"typmodout":{"Type":0,"IsNullable":true,"DefaultValue":null,"IsSerial":false,"IsUnique":false,"Idx":20},"typname":{"Type":0,"IsNullable":true,"DefaultValue":null,"IsSerial":false,"IsUnique":false,"Idx":2},"typnamespace":{"Type":1,"IsNullable":true,"DefaultValue":null,"IsSerial":false,"IsUnique":false,"Idx":3},"typndims":{"Type":1,"IsNullable":true,"DefaultValue":null,"IsSerial":false,"IsUnique":false,"Idx":27},"typnotnull":{"Type":0,"IsNullable":true,"DefaultValue":null,"IsSerial":false,"IsUnique":false,"Idx":24},"typoutput":{"Type":0,"IsNullable":true,"DefaultValue":null,"IsSerial":false,"IsUnique":false,"Idx":16},"typowner":{"Type":1,"IsNullable":true,"DefaultValue":null,"IsSerial":false,"IsUnique":false,"Idx":4},"typreceive":{"Type":0,"IsNullable":true,"DefaultValue":null,"IsSerial":false,"IsUnique":false,"Idx":17},"typrelid":{"Type":1,"IsNullable":true,"DefaultValue":null,"IsSerial":false,"IsUnique":false,"Idx":12},"typsend":{"Type":0,"IsNullable":true,"DefaultValue":null,"IsSerial":false,"IsUnique":false,"Idx":18},"typstorage":{"Type":0,"IsNullable":true,"DefaultValue":null,"IsSerial":false,"IsUnique":false,"Idx":23},"typtype":{"Type":0,"IsNullable":true,"DefaultValue":null,"IsSerial":false,"IsUnique":false,"Idx":7},"typtypmod":{"Type":1,"IsNullable":true,"DefaultValue":null,"IsSerial":false,"IsUnique":false,"Idx":26}},"PrimaryKeys":[1]}}
2026-02-28T15:08:21.923+0300	DEBUG	logger/zap_logger.go:71	Table columns	{"columns": [{"Idx":1,"Name":"oid","Type":1,"TableIdentifier":"","OriginalTableName":""},{"Idx":2,"Name":"typname","Type":0,"TableIdentifier":"","OriginalTableName":""},{"Idx":3,"Name":"typnamespace","Type":1,"TableIdentifier":"","OriginalTableName":""},{"Idx":4,"Name":"typowner","Type":1,"TableIdentifier":"","OriginalTableName":""},{"Idx":5,"Name":"typlen","Type":1,"TableIdentifier":"","OriginalTableName":""},{"Idx":6,"Name":"typbyval","Type":0,"TableIdentifier":"","OriginalTableName":""},{"Idx":7,"Name":"typtype","Type":0,"TableIdentifier":"","OriginalTableName":""},{"Idx":8,"Name":"typcategory","Type":0,"TableIdentifier":"","OriginalTableName":""},{"Idx":9,"Name":"typispreferred","Type":0,"TableIdentifier":"","OriginalTableName":""},{"Idx":10,"Name":"typisdefined","Type":0,"TableIdentifier":"","OriginalTableName":""},{"Idx":11,"Name":"typdelim","Type":0,"TableIdentifier":"","OriginalTableName":""},{"Idx":12,"Name":"typrelid","Type":1,"TableIdentifier":"","OriginalTableName":""},{"Idx":13,"Name":"typelem","Type":1,"TableIdentifier":"","OriginalTableName":""},{"Idx":14,"Name":"typarray","Type":1,"TableIdentifier":"","OriginalTableName":""},{"Idx":15,"Name":"typinput","Type":0,"TableIdentifier":"","OriginalTableName":""},{"Idx":16,"Name":"typoutput","Type":0,"TableIdentifier":"","OriginalTableName":""},{"Idx":17,"Name":"typreceive","Type":0,"TableIdentifier":"","OriginalTableName":""},{"Idx":18,"Name":"typsend","Type":0,"TableIdentifier":"","OriginalTableName":""},{"Idx":19,"Name":"typmodin","Type":0,"TableIdentifier":"","OriginalTableName":""},{"Idx":20,"Name":"typmodout","Type":0,"TableIdentifier":"","OriginalTableName":""},{"Idx":21,"Name":"typanalyze","Type":0,"TableIdentifier":"","OriginalTableName":""},{"Idx":22,"Name":"typalign","Type":0,"TableIdentifier":"","OriginalTableName":""},{"Idx":23,"Name":"typstorage","Type":0,"TableIdentifier":"","OriginalTableName":""},{"Idx":24,"Name":"typnotnull","Type":0,"TableIdentifier":"","OriginalTableName":""},{"Idx":25,"Name":"typbasetype","Type":1,"TableIdentifier":"","OriginalTableName":""},{"Idx":26,"Name":"typtypmod","Type":1,"TableIdentifier":"","OriginalTableName":""},{"Idx":27,"Name":"typndims","Type":1,"TableIdentifier":"","OriginalTableName":""},{"Idx":28,"Name":"typcollation","Type":1,"TableIdentifier":"","OriginalTableName":""},{"Idx":29,"Name":"typdefaultbin","Type":0,"TableIdentifier":"","OriginalTableName":""},{"Idx":30,"Name":"typdefault","Type":0,"TableIdentifier":"","OriginalTableName":""},{"Idx":31,"Name":"typacl","Type":0,"TableIdentifier":"","OriginalTableName":""}]}
2026-02-28T15:08:21.923+0300	DEBUG	logger/zap_logger.go:71	Select columns	{"columns": [{"Name":"","IsAll":true}]}
2026-02-28T15:08:21.923+0300	DEBUG	logger/zap_logger.go:71	NewIterator called with seekKey:	{"seekKey": "testdb:pg_catalog:pg_type:row:", "typ": "ALL"}
2026-02-28T15:08:21.924+0300	DEBUG	logger/zap_logger.go:71	Select result: 	{"result": {"Rows":[[19,"name",11,10,64,false,"b","S",false,true,",",0,0,1003,"namein","nameout","namerecv","namesend","-","-","-","c","p",false,0,-1,0,950,"NULL","NULL","NULL"],[18,"char",11,10,1,true,"b","Z",false,true,",",0,0,1002,"charin","charout","charrecv","charsend","-","-","-","c","p",false,0,-1,0,0,"NULL","NULL","NULL"],[1083,"time",11,10,8,true,"b","D",false,true,",",0,0,1183,"time_in","time_out","time_recv","time_send","timetypmodin","timetypmodout","-","d","p",false,0,-1,0,0,"NULL","NULL","NULL"],[1114,"timestamp",11,10,8,true,"b","D",false,true,",",0,0,1115,"timestamp_in","timestamp_out","timestamp_recv","timestamp_send","timestamptypmodin","timestamptypmodout","-","d","p",false,0,-1,0,0,"NULL","NULL","NULL"],[114,"json",11,10,-1,false,"b","U",false,true,",",0,0,199,"json_in","json_out","json_recv","json_send","-","-","-","i","e",false,0,-1,0,0,"NULL","NULL","NULL"],[17,"bytea",11,10,-1,false,"b","U",false,true,",",0,0,1001,"byteain","byteaout","bytearecv","byteasend","-","-","-","i","x",false,0,-1,0,0,"NULL","NULL","NULL"],[23,"int4",11,10,4,true,"b","N",true,true,",",0,0,1007,"int4in","int4out","int4recv","int4send","int4typmodin","int4typmodout","int4analyze","i","p",false,0,-1,0,0,"NULL","NULL","NULL"],[100002,"email_address",11,10,-1,false,"d","S",false,true,",",0,0,0,"textin","textout","textrecv","textsend","-","-","-","i","e",false,25,-1,0,0,"NULL","NULL","NULL"],[1700,"numeric",11,10,-1,false,"b","N",false,true,",",0,0,1231,"numeric_in","numeric_out","numeric_recv","numeric_send","numerictypmodin","numerictypmodout","-","i","m",false,0,-1,0,0,"NULL","NULL","NULL"],[1082,"date",11,10,4,true,"b","D",false,true,",",0,0,1182,"date_in","date_out","date_recv","date_send","-","-","-","i","p",false,0,-1,0,0,"NULL","NULL","NULL"],[21,"int2",11,10,2,true,"b","N",false,true,",",0,0,1005,"int2in","int2out","int2recv","int2send","-","-","-","s","p",false,0,-1,0,0,"NULL","NULL","NULL"],[3802,"jsonb",11,10,-1,false,"b","U",false,true,",",0,0,3807,"jsonb_in","jsonb_out","jsonb_recv","jsonb_send","-","-","-","i","e",false,0,-1,0,0,"NULL","NULL","NULL"],[700,"float4",11,10,4,true,"b","N",false,true,",",0,0,1021,"float4in","float4out","float4recv","float4send","-","-","-","i","p",false,0,-1,0,0,"NULL","NULL","NULL"],[1043,"varchar",11,10,-1,false,"b","S",false,true,",",0,0,1015,"varcharin","varcharout","varcharrecv","varcharsend","varchartypmodin","varchartypmodout","-","i","e",false,0,-1,0,100,"NULL","NULL","NULL"],[100003,"us_postal_code",11,10,-1,false,"d","S",false,true,",",0,0,0,"textin","textout","textrecv","textsend","-","-","-","i","e",false,25,-1,0,0,"NULL","NULL","NULL"],[25,"text",11,10,-1,false,"b","S",true,true,",",0,0,1009,"textin","textout","textrecv","textsend","texttypmodin","texttypmodout","textanalyze","i","e",false,0,-1,0,0,"NULL","NULL","NULL"],[100001,"positive_int",11,10,4,true,"d","N",false,true,",",0,0,0,"int4in","int4out","int4recv","int4send","-","-","-","i","p",false,23,-1,0,0,"NULL","NULL","NULL"],[1042,"bpchar",11,10,-1,false,"b","S",false,true,",",0,0,1014,"bpcharin","bpcharout","bpcharrecv","bpcharsend","bpchartypmodin","bpchartypmodout","-","i","e",false,0,-1,0,100,"NULL","NULL","NULL"],[1184,"timestamptz",11,10,8,true,"b","D",true,true,",",0,0,1185,"timestamptz_in","timestamptz_out","timestamptz_recv","timestamptz_send","timestamptztypmodin","timestamptztypmodout","-","d","p",false,0,-1,0,0,"NULL","NULL","NULL"],[20,"int8",11,10,8,true,"b","N",false,true,",",0,0,1016,"int8in","int8out","int8recv","int8send","-","-","-","d","p",false,0,-1,0,0,"NULL","NULL","NULL"],[2950,"uuid",11,10,16,false,"b","U",false,true,",",0,0,2951,"uuid_in","uuid_out","uuid_recv","uuid_send","-","-","-","c","p",false,0,-1,0,0,"NULL","NULL","NULL"],[24,"regproc",11,10,4,true,"b","N",false,true,",",0,0,1008,"regprocin","regprocout","regprocrecv","regprocsend","-","-","-","i","p",false,0,-1,0,0,"NULL","NULL","NULL"],[26,"oid",11,10,4,true,"b","N",true,true,",",0,0,1028,"oidin","oidout","oidrecv","oidsend","-","-","-","i","p",false,0,-1,0,0,"NULL","NULL","NULL"],[16,"bool",11,10,1,true,"b","B",true,true,",",0,0,1000,"boolin","boolout","boolrecv","boolsend","booltypmodin","booltypmodout","boolanalyze","c","p",false,0,-1,0,0,"NULL","NULL","NULL"],[701,"float8",11,10,8,true,"b","N",true,true,",",0,0,1022,"float8in","float8out","float8recv","float8send","-","-","-","d","p",false,0,-1,0,0,"NULL","NULL","NULL"]],"Columns":[{"Idx":1,"Name":"oid","Type":1,"TableIdentifier":"","OriginalTableName":""},{"Idx":2,"Name":"typname","Type":0,"TableIdentifier":"","OriginalTableName":""},{"Idx":3,"Name":"typnamespace","Type":1,"TableIdentifier":"","OriginalTableName":""},{"Idx":4,"Name":"typowner","Type":1,"TableIdentifier":"","OriginalTableName":""},{"Idx":5,"Name":"typlen","Type":1,"TableIdentifier":"","OriginalTableName":""},{"Idx":6,"Name":"typbyval","Type":0,"TableIdentifier":"","OriginalTableName":""},{"Idx":7,"Name":"typtype","Type":0,"TableIdentifier":"","OriginalTableName":""},{"Idx":8,"Name":"typcategory","Type":0,"TableIdentifier":"","OriginalTableName":""},{"Idx":9,"Name":"typispreferred","Type":0,"TableIdentifier":"","OriginalTableName":""},{"Idx":10,"Name":"typisdefined","Type":0,"TableIdentifier":"","OriginalTableName":""},{"Idx":11,"Name":"typdelim","Type":0,"TableIdentifier":"","OriginalTableName":""},{"Idx":12,"Name":"typrelid","Type":1,"TableIdentifier":"","OriginalTableName":""},{"Idx":13,"Name":"typelem","Type":1,"TableIdentifier":"","OriginalTableName":""},{"Idx":14,"Name":"typarray","Type":1,"TableIdentifier":"","OriginalTableName":""},{"Idx":15,"Name":"typinput","Type":0,"TableIdentifier":"","OriginalTableName":""},{"Idx":16,"Name":"typoutput","Type":0,"TableIdentifier":"","OriginalTableName":""},{"Idx":17,"Name":"typreceive","Type":0,"TableIdentifier":"","OriginalTableName":""},{"Idx":18,"Name":"typsend","Type":0,"TableIdentifier":"","OriginalTableName":""},{"Idx":19,"Name":"typmodin","Type":0,"TableIdentifier":"","OriginalTableName":""},{"Idx":20,"Name":"typmodout","Type":0,"TableIdentifier":"","OriginalTableName":""},{"Idx":21,"Name":"typanalyze","Type":0,"TableIdentifier":"","OriginalTableName":""},{"Idx":22,"Name":"typalign","Type":0,"TableIdentifier":"","OriginalTableName":""},{"Idx":23,"Name":"typstorage","Type":0,"TableIdentifier":"","OriginalTableName":""},{"Idx":24,"Name":"typnotnull","Type":0,"TableIdentifier":"","OriginalTableName":""},{"Idx":25,"Name":"typbasetype","Type":1,"TableIdentifier":"","OriginalTableName":""},{"Idx":26,"Name":"typtypmod","Type":1,"TableIdentifier":"","OriginalTableName":""},{"Idx":27,"Name":"typndims","Type":1,"TableIdentifier":"","OriginalTableName":""},{"Idx":28,"Name":"typcollation","Type":1,"TableIdentifier":"","OriginalTableName":""},{"Idx":29,"Name":"typdefaultbin","Type":0,"TableIdentifier":"","OriginalTableName":""},{"Idx":30,"Name":"typdefault","Type":0,"TableIdentifier":"","OriginalTableName":""},{"Idx":31,"Name":"typacl","Type":0,"TableIdentifier":"","OriginalTableName":""}]}}
2026-02-28T15:08:21.924+0300	DEBUG	logger/zap_logger.go:71	scan result	{"rows": 25, "cols": 31}
2026-02-28T15:08:21.924+0300	DEBUG	logger/zap_logger.go:71	executing plan node	{"type": "Scan"}
2026-02-28T15:08:21.924+0300	DEBUG	logger/zap_logger.go:71	Table metadata: 	{"meta": {"Name":"pg_catalog.pg_type","Columns":{"oid":{"Type":1,"IsNullable":false,"DefaultValue":null,"IsSerial":false,"IsUnique":false,"Idx":1},"typacl":{"Type":0,"IsNullable":true,"DefaultValue":null,"IsSerial":false,"IsUnique":false,"Idx":31},"typalign":{"Type":0,"IsNullable":true,"DefaultValue":null,"IsSerial":false,"IsUnique":false,"Idx":22},"typanalyze":{"Type":0,"IsNullable":true,"DefaultValue":null,"IsSerial":false,"IsUnique":false,"Idx":21},"typarray":{"Type":1,"IsNullable":true,"DefaultValue":null,"IsSerial":false,"IsUnique":false,"Idx":14},"typbasetype":{"Type":1,"IsNullable":true,"DefaultValue":null,"IsSerial":false,"IsUnique":false,"Idx":25},"typbyval":{"Type":0,"IsNullable":true,"DefaultValue":null,"IsSerial":false,"IsUnique":false,"Idx":6},"typcategory":{"Type":0,"IsNullable":true,"DefaultValue":null,"IsSerial":false,"IsUnique":false,"Idx":8},"typcollation":{"Type":1,"IsNullable":true,"DefaultValue":null,"IsSerial":false,"IsUnique":false,"Idx":28},"typdefault":{"Type":0,"IsNullable":true,"DefaultValue":null,"IsSerial":false,"IsUnique":false,"Idx":30},"typdefaultbin":{"Type":0,"IsNullable":true,"DefaultValue":null,"IsSerial":false,"IsUnique":false,"Idx":29},"typdelim":{"Type":0,"IsNullable":true,"DefaultValue":null,"IsSerial":false,"IsUnique":false,"Idx":11},"typelem":{"Type":1,"IsNullable":true,"DefaultValue":null,"IsSerial":false,"IsUnique":false,"Idx":13},"typinput":{"Type":0,"IsNullable":true,"DefaultValue":null,"IsSerial":false,"IsUnique":false,"Idx":15},"typisdefined":{"Type":0,"IsNullable":true,"DefaultValue":null,"IsSerial":false,"IsUnique":false,"Idx":10},"typispreferred":{"Type":0,"IsNullable":true,"DefaultValue":null,"IsSerial":false,"IsUnique":false,"Idx":9},"typlen":{"Type":1,"IsNullable":true,"DefaultValue":null,"IsSerial":false,"IsUnique":false,"Idx":5},"typmodin":{"Type":0,"IsNullable":true,"DefaultValue":null,"IsSerial":false,"IsUnique":false,"Idx":19},"typmodout":{"Type":0,"IsNullable":true,"DefaultValue":null,"IsSerial":false,"IsUnique":false,"Idx":20},"typname":{"Type":0,"IsNullable":true,"DefaultValue":null,"IsSerial":false,"IsUnique":false,"Idx":2},"typnamespace":{"Type":1,"IsNullable":true,"DefaultValue":null,"IsSerial":false,"IsUnique":false,"Idx":3},"typndims":{"Type":1,"IsNullable":true,"DefaultValue":null,"IsSerial":false,"IsUnique":false,"Idx":27},"typnotnull":{"Type":0,"IsNullable":true,"DefaultValue":null,"IsSerial":false,"IsUnique":false,"Idx":24},"typoutput":{"Type":0,"IsNullable":true,"DefaultValue":null,"IsSerial":false,"IsUnique":false,"Idx":16},"typowner":{"Type":1,"IsNullable":true,"DefaultValue":null,"IsSerial":false,"IsUnique":false,"Idx":4},"typreceive":{"Type":0,"IsNullable":true,"DefaultValue":null,"IsSerial":false,"IsUnique":false,"Idx":17},"typrelid":{"Type":1,"IsNullable":true,"DefaultValue":null,"IsSerial":false,"IsUnique":false,"Idx":12},"typsend":{"Type":0,"IsNullable":true,"DefaultValue":null,"IsSerial":false,"IsUnique":false,"Idx":18},"typstorage":{"Type":0,"IsNullable":true,"DefaultValue":null,"IsSerial":false,"IsUnique":false,"Idx":23},"typtype":{"Type":0,"IsNullable":true,"DefaultValue":null,"IsSerial":false,"IsUnique":false,"Idx":7},"typtypmod":{"Type":1,"IsNullable":true,"DefaultValue":null,"IsSerial":false,"IsUnique":false,"Idx":26}},"PrimaryKeys":[1]}}
2026-02-28T15:08:21.924+0300	DEBUG	logger/zap_logger.go:71	Table columns	{"columns": [{"Idx":1,"Name":"oid","Type":1,"TableIdentifier":"","OriginalTableName":""},{"Idx":2,"Name":"typname","Type":0,"TableIdentifier":"","OriginalTableName":""},{"Idx":3,"Name":"typnamespace","Type":1,"TableIdentifier":"","OriginalTableName":""},{"Idx":4,"Name":"typowner","Type":1,"TableIdentifier":"","OriginalTableName":""},{"Idx":5,"Name":"typlen","Type":1,"TableIdentifier":"","OriginalTableName":""},{"Idx":6,"Name":"typbyval","Type":0,"TableIdentifier":"","OriginalTableName":""},{"Idx":7,"Name":"typtype","Type":0,"TableIdentifier":"","OriginalTableName":""},{"Idx":8,"Name":"typcategory","Type":0,"TableIdentifier":"","OriginalTableName":""},{"Idx":9,"Name":"typispreferred","Type":0,"TableIdentifier":"","OriginalTableName":""},{"Idx":10,"Name":"typisdefined","Type":0,"TableIdentifier":"","OriginalTableName":""},{"Idx":11,"Name":"typdelim","Type":0,"TableIdentifier":"","OriginalTableName":""},{"Idx":12,"Name":"typrelid","Type":1,"TableIdentifier":"","OriginalTableName":""},{"Idx":13,"Name":"typelem","Type":1,"TableIdentifier":"","OriginalTableName":""},{"Idx":14,"Name":"typarray","Type":1,"TableIdentifier":"","OriginalTableName":""},{"Idx":15,"Name":"typinput","Type":0,"TableIdentifier":"","OriginalTableName":""},{"Idx":16,"Name":"typoutput","Type":0,"TableIdentifier":"","OriginalTableName":""},{"Idx":17,"Name":"typreceive","Type":0,"TableIdentifier":"","OriginalTableName":""},{"Idx":18,"Name":"typsend","Type":0,"TableIdentifier":"","OriginalTableName":""},{"Idx":19,"Name":"typmodin","Type":0,"TableIdentifier":"","OriginalTableName":""},{"Idx":20,"Name":"typmodout","Type":0,"TableIdentifier":"","OriginalTableName":""},{"Idx":21,"Name":"typanalyze","Type":0,"TableIdentifier":"","OriginalTableName":""},{"Idx":22,"Name":"typalign","Type":0,"TableIdentifier":"","OriginalTableName":""},{"Idx":23,"Name":"typstorage","Type":0,"TableIdentifier":"","OriginalTableName":""},{"Idx":24,"Name":"typnotnull","Type":0,"TableIdentifier":"","OriginalTableName":""},{"Idx":25,"Name":"typbasetype","Type":1,"TableIdentifier":"","OriginalTableName":""},{"Idx":26,"Name":"typtypmod","Type":1,"TableIdentifier":"","OriginalTableName":""},{"Idx":27,"Name":"typndims","Type":1,"TableIdentifier":"","OriginalTableName":""},{"Idx":28,"Name":"typcollation","Type":1,"TableIdentifier":"","OriginalTableName":""},{"Idx":29,"Name":"typdefaultbin","Type":0,"TableIdentifier":"","OriginalTableName":""},{"Idx":30,"Name":"typdefault","Type":0,"TableIdentifier":"","OriginalTableName":""},{"Idx":31,"Name":"typacl","Type":0,"TableIdentifier":"","OriginalTableName":""}]}
2026-02-28T15:08:21.924+0300	DEBUG	logger/zap_logger.go:71	Select columns	{"columns": [{"Name":"","IsAll":true}]}
2026-02-28T15:08:21.924+0300	DEBUG	logger/zap_logger.go:71	NewIterator called with seekKey:	{"seekKey": "testdb:pg_catalog:pg_type:row:", "typ": "ALL"}
2026-02-28T15:08:21.924+0300	DEBUG	logger/zap_logger.go:71	Select result: 	{"result": {"Rows":[[17,"bytea",11,10,-1,false,"b","U",false,true,",",0,0,1001,"byteain","byteaout","bytearecv","byteasend","-","-","-","i","x",false,0,-1,0,0,"NULL","NULL","NULL"],[21,"int2",11,10,2,true,"b","N",false,true,",",0,0,1005,"int2in","int2out","int2recv","int2send","-","-","-","s","p",false,0,-1,0,0,"NULL","NULL","NULL"],[1083,"time",11,10,8,true,"b","D",false,true,",",0,0,1183,"time_in","time_out","time_recv","time_send","timetypmodin","timetypmodout","-","d","p",false,0,-1,0,0,"NULL","NULL","NULL"],[114,"json",11,10,-1,false,"b","U",false,true,",",0,0,199,"json_in","json_out","json_recv","json_send","-","-","-","i","e",false,0,-1,0,0,"NULL","NULL","NULL"],[3802,"jsonb",11,10,-1,false,"b","U",false,true,",",0,0,3807,"jsonb_in","jsonb_out","jsonb_recv","jsonb_send","-","-","-","i","e",false,0,-1,0,0,"NULL","NULL","NULL"],[1114,"timestamp",11,10,8,true,"b","D",false,true,",",0,0,1115,"timestamp_in","timestamp_out","timestamp_recv","timestamp_send","timestamptypmodin","timestamptypmodout","-","d","p",false,0,-1,0,0,"NULL","NULL","NULL"],[25,"text",11,10,-1,false,"b","S",true,true,",",0,0,1009,"textin","textout","textrecv","textsend","texttypmodin","texttypmodout","textanalyze","i","e",false,0,-1,0,0,"NULL","NULL","NULL"],[1042,"bpchar",11,10,-1,false,"b","S",false,true,",",0,0,1014,"bpcharin","bpcharout","bpcharrecv","bpcharsend","bpchartypmodin","bpchartypmodout","-","i","e",false,0,-1,0,100,"NULL","NULL","NULL"],[20,"int8",11,10,8,true,"b","N",false,true,",",0,0,1016,"int8in","int8out","int8recv","int8send","-","-","-","d","p",false,0,-1,0,0,"NULL","NULL","NULL"],[18,"char",11,10,1,true,"b","Z",false,true,",",0,0,1002,"charin","charout","charrecv","charsend","-","-","-","c","p",false,0,-1,0,0,"NULL","NULL","NULL"],[23,"int4",11,10,4,true,"b","N",true,true,",",0,0,1007,"int4in","int4out","int4recv","int4send","int4typmodin","int4typmodout","int4analyze","i","p",false,0,-1,0,0,"NULL","NULL","NULL"],[100003,"us_postal_code",11,10,-1,false,"d","S",false,true,",",0,0,0,"textin","textout","textrecv","textsend","-","-","-","i","e",false,25,-1,0,0,"NULL","NULL","NULL"],[26,"oid",11,10,4,true,"b","N",true,true,",",0,0,1028,"oidin","oidout","oidrecv","oidsend","-","-","-","i","p",false,0,-1,0,0,"NULL","NULL","NULL"],[16,"bool",11,10,1,true,"b","B",true,true,",",0,0,1000,"boolin","boolout","boolrecv","boolsend","booltypmodin","booltypmodout","boolanalyze","c","p",false,0,-1,0,0,"NULL","NULL","NULL"],[1184,"timestamptz",11,10,8,true,"b","D",true,true,",",0,0,1185,"timestamptz_in","timestamptz_out","timestamptz_recv","timestamptz_send","timestamptztypmodin","timestamptztypmodout","-","d","p",false,0,-1,0,0,"NULL","NULL","NULL"],[100001,"positive_int",11,10,4,true,"d","N",false,true,",",0,0,0,"int4in","int4out","int4recv","int4send","-","-","-","i","p",false,23,-1,0,0,"NULL","NULL","NULL"],[1700,"numeric",11,10,-1,false,"b","N",false,true,",",0,0,1231,"numeric_in","numeric_out","numeric_recv","numeric_send","numerictypmodin","numerictypmodout","-","i","m",false,0,-1,0,0,"NULL","NULL","NULL"],[19,"name",11,10,64,false,"b","S",false,true,",",0,0,1003,"namein","nameout","namerecv","namesend","-","-","-","c","p",false,0,-1,0,950,"NULL","NULL","NULL"],[24,"regproc",11,10,4,true,"b","N",false,true,",",0,0,1008,"regprocin","regprocout","regprocrecv","regprocsend","-","-","-","i","p",false,0,-1,0,0,"NULL","NULL","NULL"],[100002,"email_address",11,10,-1,false,"d","S",false,true,",",0,0,0,"textin","textout","textrecv","textsend","-","-","-","i","e",false,25,-1,0,0,"NULL","NULL","NULL"],[2950,"uuid",11,10,16,false,"b","U",false,true,",",0,0,2951,"uuid_in","uuid_out","uuid_recv","uuid_send","-","-","-","c","p",false,0,-1,0,0,"NULL","NULL","NULL"],[700,"float4",11,10,4,true,"b","N",false,true,",",0,0,1021,"float4in","float4out","float4recv","float4send","-","-","-","i","p",false,0,-1,0,0,"NULL","NULL","NULL"],[701,"float8",11,10,8,true,"b","N",true,true,",",0,0,1022,"float8in","float8out","float8recv","float8send","-","-","-","d","p",false,0,-1,0,0,"NULL","NULL","NULL"],[1043,"varchar",11,10,-1,false,"b","S",false,true,",",0,0,1015,"varcharin","varcharout","varcharrecv","varcharsend","varchartypmodin","varchartypmodout","-","i","e",false,0,-1,0,100,"NULL","NULL","NULL"],[1082,"date",11,10,4,true,"b","D",false,true,",",0,0,1182,"date_in","date_out","date_recv","date_send","-","-","-","i","p",false,0,-1,0,0,"NULL","NULL","NULL"]],"Columns":[{"Idx":1,"Name":"oid","Type":1,"TableIdentifier":"","OriginalTableName":""},{"Idx":2,"Name":"typname","Type":0,"TableIdentifier":"","OriginalTableName":""},{"Idx":3,"Name":"typnamespace","Type":1,"TableIdentifier":"","OriginalTableName":""},{"Idx":4,"Name":"typowner","Type":1,"TableIdentifier":"","OriginalTableName":""},{"Idx":5,"Name":"typlen","Type":1,"TableIdentifier":"","OriginalTableName":""},{"Idx":6,"Name":"typbyval","Type":0,"TableIdentifier":"","OriginalTableName":""},{"Idx":7,"Name":"typtype","Type":0,"TableIdentifier":"","OriginalTableName":""},{"Idx":8,"Name":"typcategory","Type":0,"TableIdentifier":"","OriginalTableName":""},{"Idx":9,"Name":"typispreferred","Type":0,"TableIdentifier":"","OriginalTableName":""},{"Idx":10,"Name":"typisdefined","Type":0,"TableIdentifier":"","OriginalTableName":""},{"Idx":11,"Name":"typdelim","Type":0,"TableIdentifier":"","OriginalTableName":""},{"Idx":12,"Name":"typrelid","Type":1,"TableIdentifier":"","OriginalTableName":""},{"Idx":13,"Name":"typelem","Type":1,"TableIdentifier":"","OriginalTableName":""},{"Idx":14,"Name":"typarray","Type":1,"TableIdentifier":"","OriginalTableName":""},{"Idx":15,"Name":"typinput","Type":0,"TableIdentifier":"","OriginalTableName":""},{"Idx":16,"Name":"typoutput","Type":0,"TableIdentifier":"","OriginalTableName":""},{"Idx":17,"Name":"typreceive","Type":0,"TableIdentifier":"","OriginalTableName":""},{"Idx":18,"Name":"typsend","Type":0,"TableIdentifier":"","OriginalTableName":""},{"Idx":19,"Name":"typmodin","Type":0,"TableIdentifier":"","OriginalTableName":""},{"Idx":20,"Name":"typmodout","Type":0,"TableIdentifier":"","OriginalTableName":""},{"Idx":21,"Name":"typanalyze","Type":0,"TableIdentifier":"","OriginalTableName":""},{"Idx":22,"Name":"typalign","Type":0,"TableIdentifier":"","OriginalTableName":""},{"Idx":23,"Name":"typstorage","Type":0,"TableIdentifier":"","OriginalTableName":""},{"Idx":24,"Name":"typnotnull","Type":0,"TableIdentifier":"","OriginalTableName":""},{"Idx":25,"Name":"typbasetype","Type":1,"TableIdentifier":"","OriginalTableName":""},{"Idx":26,"Name":"typtypmod","Type":1,"TableIdentifier":"","OriginalTableName":""},{"Idx":27,"Name":"typndims","Type":1,"TableIdentifier":"","OriginalTableName":""},{"Idx":28,"Name":"typcollation","Type":1,"TableIdentifier":"","OriginalTableName":""},{"Idx":29,"Name":"typdefaultbin","Type":0,"TableIdentifier":"","OriginalTableName":""},{"Idx":30,"Name":"typdefault","Type":0,"TableIdentifier":"","OriginalTableName":""},{"Idx":31,"Name":"typacl","Type":0,"TableIdentifier":"","OriginalTableName":""}]}}
2026-02-28T15:08:21.925+0300	DEBUG	logger/zap_logger.go:71	scan result	{"rows": 25, "cols": 31}
2026-02-28T15:08:21.929+0300	DEBUG	logger/zap_logger.go:71	executing plan node	{"type": "Scan"}
2026-02-28T15:08:21.929+0300	DEBUG	logger/zap_logger.go:71	Table metadata: 	{"meta": {"Name":"pg_catalog.pg_class","Columns":{"oid":{"Type":0,"IsNullable":false,"DefaultValue":null,"IsSerial":false,"IsUnique":false,"Idx":1},"relallvisible":{"Type":0,"IsNullable":true,"DefaultValue":null,"IsSerial":false,"IsUnique":false,"Idx":12},"relam":{"Type":0,"IsNullable":true,"DefaultValue":null,"IsSerial":false,"IsUnique":false,"Idx":7},"relchecks":{"Type":0,"IsNullable":true,"DefaultValue":null,"IsSerial":false,"IsUnique":false,"Idx":19},"relfilenode":{"Type":0,"IsNullable":true,"DefaultValue":null,"IsSerial":false,"IsUnique":false,"Idx":8},"relforcerowsecurity":{"Type":0,"IsNullable":true,"DefaultValue":null,"IsSerial":false,"IsUnique":false,"Idx":24},"relfrozenxid":{"Type":0,"IsNullable":true,"DefaultValue":null,"IsSerial":false,"IsUnique":false,"Idx":29},"relhasindex":{"Type":0,"IsNullable":true,"DefaultValue":null,"IsSerial":false,"IsUnique":false,"Idx":14},"relhasrules":{"Type":0,"IsNullable":true,"DefaultValue":null,"IsSerial":false,"IsUnique":false,"Idx":20},"relhassubclass":{"Type":0,"IsNullable":true,"DefaultValue":null,"IsSerial":false,"IsUnique":false,"Idx":22},"relhastriggers":{"Type":0,"IsNullable":true,"DefaultValue":null,"IsSerial":false,"IsUnique":false,"Idx":21},"relispartition":{"Type":0,"IsNullable":true,"DefaultValue":null,"IsSerial":false,"IsUnique":false,"Idx":27},"relispopulated":{"Type":0,"IsNullable":true,"DefaultValue":null,"IsSerial":false,"IsUnique":false,"Idx":25},"relisshared":{"Type":0,"IsNullable":true,"DefaultValue":null,"IsSerial":false,"IsUnique":false,"Idx":15},"relkind":{"Type":0,"IsNullable":true,"DefaultValue":null,"IsSerial":false,"IsUnique":false,"Idx":17},"relminmxid":{"Type":0,"IsNullable":true,"DefaultValue":null,"IsSerial":false,"IsUnique":false,"Idx":30},"relname":{"Type":0,"IsNullable":true,"DefaultValue":null,"IsSerial":false,"IsUnique":false,"Idx":2},"relnamespace":{"Type":0,"IsNullable":true,"DefaultValue":null,"IsSerial":false,"IsUnique":false,"Idx":3},"relnatts":{"Type":0,"IsNullable":true,"DefaultValue":null,"IsSerial":false,"IsUnique":false,"Idx":18},"reloftype":{"Type":0,"IsNullable":true,"DefaultValue":null,"IsSerial":false,"IsUnique":false,"Idx":5},"relowner":{"Type":0,"IsNullable":true,"DefaultValue":null,"IsSerial":false,"IsUnique":false,"Idx":6},"relpages":{"Type":0,"IsNullable":true,"DefaultValue":null,"IsSerial":false,"IsUnique":false,"Idx":10},"relpersistence":{"Type":0,"IsNullable":true,"DefaultValue":null,"IsSerial":false,"IsUnique":false,"Idx":16},"relreplident":{"Type":0,"IsNullable":true,"DefaultValue":null,"IsSerial":false,"IsUnique":false,"Idx":26},"relrewrite":{"Type":0,"IsNullable":true,"DefaultValue":null,"IsSerial":false,"IsUnique":false,"Idx":28},"relrowsecurity":{"Type":0,"IsNullable":true,"DefaultValue":null,"IsSerial":false,"IsUnique":false,"Idx":23},"reltablespace":{"Type":0,"IsNullable":true,"DefaultValue":null,"IsSerial":false,"IsUnique":false,"Idx":9},"reltoastrelid":{"Type":0,"IsNullable":true,"DefaultValue":null,"IsSerial":false,"IsUnique":false,"Idx":13},"reltuples":{"Type":3,"IsNullable":true,"DefaultValue":null,"IsSerial":false,"IsUnique":false,"Idx":11},"reltype":{"Type":0,"IsNullable":true,"DefaultValue":null,"IsSerial":false,"IsUnique":false,"Idx":4}},"PrimaryKeys":[1]}}
2026-02-28T15:08:21.929+0300	DEBUG	logger/zap_logger.go:71	Table columns	{"columns": [{"Idx":1,"Name":"oid","Type":0,"TableIdentifier":"","OriginalTableName":""},{"Idx":2,"Name":"relname","Type":0,"TableIdentifier":"","OriginalTableName":""},{"Idx":3,"Name":"relnamespace","Type":0,"TableIdentifier":"","OriginalTableName":""},{"Idx":4,"Name":"reltype","Type":0,"TableIdentifier":"","OriginalTableName":""},{"Idx":5,"Name":"reloftype","Type":0,"TableIdentifier":"","OriginalTableName":""},{"Idx":6,"Name":"relowner","Type":0,"TableIdentifier":"","OriginalTableName":""},{"Idx":7,"Name":"relam","Type":0,"TableIdentifier":"","OriginalTableName":""},{"Idx":8,"Name":"relfilenode","Type":0,"TableIdentifier":"","OriginalTableName":""},{"Idx":9,"Name":"reltablespace","Type":0,"TableIdentifier":"","OriginalTableName":""},{"Idx":10,"Name":"relpages","Type":0,"TableIdentifier":"","OriginalTableName":""},{"Idx":11,"Name":"reltuples","Type":3,"TableIdentifier":"","OriginalTableName":""},{"Idx":12,"Name":"relallvisible","Type":0,"TableIdentifier":"","OriginalTableName":""},{"Idx":13,"Name":"reltoastrelid","Type":0,"TableIdentifier":"","OriginalTableName":""},{"Idx":14,"Name":"relhasindex","Type":0,"TableIdentifier":"","OriginalTableName":""},{"Idx":15,"Name":"relisshared","Type":0,"TableIdentifier":"","OriginalTableName":""},{"Idx":16,"Name":"relpersistence","Type":0,"TableIdentifier":"","OriginalTableName":""},{"Idx":17,"Name":"relkind","Type":0,"TableIdentifier":"","OriginalTableName":""},{"Idx":18,"Name":"relnatts","Type":0,"TableIdentifier":"","OriginalTableName":""},{"Idx":19,"Name":"relchecks","Type":0,"TableIdentifier":"","OriginalTableName":""},{"Idx":20,"Name":"relhasrules","Type":0,"TableIdentifier":"","OriginalTableName":""},{"Idx":21,"Name":"relhastriggers","Type":0,"TableIdentifier":"","OriginalTableName":""},{"Idx":22,"Name":"relhassubclass","Type":0,"TableIdentifier":"","OriginalTableName":""},{"Idx":23,"Name":"relrowsecurity","Type":0,"TableIdentifier":"","OriginalTableName":""},{"Idx":24,"Name":"relforcerowsecurity","Type":0,"TableIdentifier":"","OriginalTableName":""},{"Idx":25,"Name":"relispopulated","Type":0,"TableIdentifier":"","OriginalTableName":""},{"Idx":26,"Name":"relreplident","Type":0,"TableIdentifier":"","OriginalTableName":""},{"Idx":27,"Name":"relispartition","Type":0,"TableIdentifier":"","OriginalTableName":""},{"Idx":28,"Name":"relrewrite","Type":0,"TableIdentifier":"","OriginalTableName":""},{"Idx":29,"Name":"relfrozenxid","Type":0,"TableIdentifier":"","OriginalTableName":""},{"Idx":30,"Name":"relminmxid","Type":0,"TableIdentifier":"","OriginalTableName":""}]}
2026-02-28T15:08:21.929+0300	DEBUG	logger/zap_logger.go:71	Select columns	{"columns": [{"Name":"","IsAll":true}]}
2026-02-28T15:08:21.929+0300	DEBUG	logger/zap_logger.go:71	NewIterator called with seekKey:	{"seekKey": "testdb:pg_catalog:pg_class:row:", "typ": "ALL"}
2026-02-28T15:08:21.929+0300	DEBUG	logger/zap_logger.go:71	Select result: 	{"result": {"Rows":[[1255,"pg_proc",11,81,0,10,0,0,0,0,0,0,0,false,false,"p","r",29,0,false,false,false,false,false,true,"n",false,0,0,0],[1262,"pg_database",11,1248,0,10,0,0,0,0,0,0,0,false,false,"p","r",14,0,false,false,false,false,false,true,"n",false,0,0,0],[1263,"pg_shdescription",11,0,0,10,0,0,0,0,0,0,0,false,false,"p","r",4,0,false,false,false,false,false,true,"n",false,0,0,0],[2615,"pg_namespace",11,2615,0,10,0,0,0,0,0,0,0,false,false,"p","r",4,0,false,false,false,false,false,true,"n",false,0,0,0],[1247,"pg_type",11,71,0,10,0,0,0,0,0,0,0,false,false,"p","r",31,0,false,false,false,false,false,true,"n",false,0,0,0],[1249,"pg_attribute",11,75,0,10,0,0,0,0,0,0,0,false,false,"p","r",23,0,false,false,false,false,false,true,"n",false,0,0,0],[2601,"pg_am",11,0,0,10,0,0,0,0,0,0,0,false,false,"p","r",4,0,false,false,false,false,false,true,"n",false,0,0,0],[1260,"pg_columns",11,0,0,10,0,0,0,0,0,0,0,false,false,"p","r",9,0,false,false,false,false,false,true,"n",false,0,0,0],[1213,"pg_tablespace",11,1213,0,10,0,0,0,0,0,0,0,false,false,"p","r",5,0,false,false,false,false,false,true,"n",false,0,0,0],[1259,"pg_tables",11,0,0,10,0,0,0,0,0,0,0,false,false,"p","r",8,0,false,false,false,false,false,true,"n",false,0,0,0],[1261,"pg_class",11,83,0,10,0,0,0,0,0,0,0,false,false,"p","r",30,0,false,false,false,false,false,true,"n",false,0,0,0]],"Columns":[{"Idx":1,"Name":"oid","Type":0,"TableIdentifier":"","OriginalTableName":""},{"Idx":2,"Name":"relname","Type":0,"TableIdentifier":"","OriginalTableName":""},{"Idx":3,"Name":"relnamespace","Type":0,"TableIdentifier":"","OriginalTableName":""},{"Idx":4,"Name":"reltype","Type":0,"TableIdentifier":"","OriginalTableName":""},{"Idx":5,"Name":"reloftype","Type":0,"TableIdentifier":"","OriginalTableName":""},{"Idx":6,"Name":"relowner","Type":0,"TableIdentifier":"","OriginalTableName":""},{"Idx":7,"Name":"relam","Type":0,"TableIdentifier":"","OriginalTableName":""},{"Idx":8,"Name":"relfilenode","Type":0,"TableIdentifier":"","OriginalTableName":""},{"Idx":9,"Name":"reltablespace","Type":0,"TableIdentifier":"","OriginalTableName":""},{"Idx":10,"Name":"relpages","Type":0,"TableIdentifier":"","OriginalTableName":""},{"Idx":11,"Name":"reltuples","Type":3,"TableIdentifier":"","OriginalTableName":""},{"Idx":12,"Name":"relallvisible","Type":0,"TableIdentifier":"","OriginalTableName":""},{"Idx":13,"Name":"reltoastrelid","Type":0,"TableIdentifier":"","OriginalTableName":""},{"Idx":14,"Name":"relhasindex","Type":0,"TableIdentifier":"","OriginalTableName":""},{"Idx":15,"Name":"relisshared","Type":0,"TableIdentifier":"","OriginalTableName":""},{"Idx":16,"Name":"relpersistence","Type":0,"TableIdentifier":"","OriginalTableName":""},{"Idx":17,"Name":"relkind","Type":0,"TableIdentifier":"","OriginalTableName":""},{"Idx":18,"Name":"relnatts","Type":0,"TableIdentifier":"","OriginalTableName":""},{"Idx":19,"Name":"relchecks","Type":0,"TableIdentifier":"","OriginalTableName":""},{"Idx":20,"Name":"relhasrules","Type":0,"TableIdentifier":"","OriginalTableName":""},{"Idx":21,"Name":"relhastriggers","Type":0,"TableIdentifier":"","OriginalTableName":""},{"Idx":22,"Name":"relhassubclass","Type":0,"TableIdentifier":"","OriginalTableName":""},{"Idx":23,"Name":"relrowsecurity","Type":0,"TableIdentifier":"","OriginalTableName":""},{"Idx":24,"Name":"relforcerowsecurity","Type":0,"TableIdentifier":"","OriginalTableName":""},{"Idx":25,"Name":"relispopulated","Type":0,"TableIdentifier":"","OriginalTableName":""},{"Idx":26,"Name":"relreplident","Type":0,"TableIdentifier":"","OriginalTableName":""},{"Idx":27,"Name":"relispartition","Type":0,"TableIdentifier":"","OriginalTableName":""},{"Idx":28,"Name":"relrewrite","Type":0,"TableIdentifier":"","OriginalTableName":""},{"Idx":29,"Name":"relfrozenxid","Type":0,"TableIdentifier":"","OriginalTableName":""},{"Idx":30,"Name":"relminmxid","Type":0,"TableIdentifier":"","OriginalTableName":""}]}}
2026-02-28T15:08:21.929+0300	DEBUG	logger/zap_logger.go:71	scan result	{"rows": 11, "cols": 30}
2026-02-28T15:08:21.933+0300	DEBUG	logger/zap_logger.go:71	executing plan node	{"type": "Scan"}
2026-02-28T15:08:21.933+0300	DEBUG	logger/zap_logger.go:71	Table metadata: 	{"meta": {"Name":"pg_catalog.pg_namespace","Columns":{"nspacl":{"Type":0,"IsNullable":true,"DefaultValue":null,"IsSerial":false,"IsUnique":false,"Idx":4},"nspname":{"Type":0,"IsNullable":true,"DefaultValue":null,"IsSerial":false,"IsUnique":false,"Idx":2},"nspowner":{"Type":1,"IsNullable":true,"DefaultValue":null,"IsSerial":false,"IsUnique":false,"Idx":3},"oid":{"Type":1,"IsNullable":false,"DefaultValue":null,"IsSerial":false,"IsUnique":false,"Idx":1}},"PrimaryKeys":[1]}}
2026-02-28T15:08:21.933+0300	DEBUG	logger/zap_logger.go:71	Table columns	{"columns": [{"Idx":1,"Name":"oid","Type":1,"TableIdentifier":"","OriginalTableName":""},{"Idx":2,"Name":"nspname","Type":0,"TableIdentifier":"","OriginalTableName":""},{"Idx":3,"Name":"nspowner","Type":1,"TableIdentifier":"","OriginalTableName":""},{"Idx":4,"Name":"nspacl","Type":0,"TableIdentifier":"","OriginalTableName":""}]}
2026-02-28T15:08:21.933+0300	DEBUG	logger/zap_logger.go:71	Select columns	{"columns": [{"Name":"","IsAll":true}]}
2026-02-28T15:08:21.933+0300	DEBUG	logger/zap_logger.go:71	NewIterator called with seekKey:	{"seekKey": "testdb:pg_catalog:pg_namespace:row:", "typ": "ALL"}
2026-02-28T15:08:21.933+0300	DEBUG	logger/zap_logger.go:71	Select result: 	{"result": {"Rows":[[11,"pg_catalog",10,"NULL"],[12,"public",10,"NULL"]],"Columns":[{"Idx":1,"Name":"oid","Type":1,"TableIdentifier":"","OriginalTableName":""},{"Idx":2,"Name":"nspname","Type":0,"TableIdentifier":"","OriginalTableName":""},{"Idx":3,"Name":"nspowner","Type":1,"TableIdentifier":"","OriginalTableName":""},{"Idx":4,"Name":"nspacl","Type":0,"TableIdentifier":"","OriginalTableName":""}]}}
2026-02-28T15:08:21.933+0300	DEBUG	logger/zap_logger.go:71	scan result	{"rows": 2, "cols": 4}
2026-02-28T15:08:21.933+0300	DEBUG	logger/zap_logger.go:96	WHERE condition result: &{true} (type: *rmodels.BoolExpression)
2026-02-28T15:08:21.934+0300	DEBUG	logger/zap_logger.go:96	BoolExpression value: true
2026-02-28T15:08:21.934+0300	DEBUG	logger/zap_logger.go:96	WHERE condition result: &{true} (type: *rmodels.BoolExpression)
2026-02-28T15:08:21.934+0300	DEBUG	logger/zap_logger.go:96	BoolExpression value: true
2026-02-28T15:08:21.934+0300	DEBUG	logger/zap_logger.go:96	WHERE condition result: &{true} (type: *rmodels.BoolExpression)
2026-02-28T15:08:21.934+0300	DEBUG	logger/zap_logger.go:96	BoolExpression value: true
2026-02-28T15:08:21.934+0300	DEBUG	logger/zap_logger.go:96	WHERE condition result: &{true} (type: *rmodels.BoolExpression)
2026-02-28T15:08:21.934+0300	DEBUG	logger/zap_logger.go:96	BoolExpression value: true
2026-02-28T15:08:21.934+0300	DEBUG	logger/zap_logger.go:96	WHERE condition result: &{true} (type: *rmodels.BoolExpression)
2026-02-28T15:08:21.934+0300	DEBUG	logger/zap_logger.go:96	BoolExpression value: true
2026-02-28T15:08:21.934+0300	DEBUG	logger/zap_logger.go:96	WHERE condition result: &{true} (type: *rmodels.BoolExpression)
2026-02-28T15:08:21.934+0300	DEBUG	logger/zap_logger.go:96	BoolExpression value: true
2026-02-28T15:08:21.934+0300	DEBUG	logger/zap_logger.go:96	WHERE condition result: &{true} (type: *rmodels.BoolExpression)
2026-02-28T15:08:21.934+0300	DEBUG	logger/zap_logger.go:96	BoolExpression value: true
2026-02-28T15:08:21.934+0300	DEBUG	logger/zap_logger.go:96	WHERE condition result: &{false} (type: *rmodels.BoolExpression)
2026-02-28T15:08:21.934+0300	DEBUG	logger/zap_logger.go:96	BoolExpression value: false
2026-02-28T15:08:21.934+0300	DEBUG	logger/zap_logger.go:96	WHERE condition result: &{true} (type: *rmodels.BoolExpression)
2026-02-28T15:08:21.934+0300	DEBUG	logger/zap_logger.go:96	BoolExpression value: true
2026-02-28T15:08:21.934+0300	DEBUG	logger/zap_logger.go:96	WHERE condition result: &{true} (type: *rmodels.BoolExpression)
2026-02-28T15:08:21.934+0300	DEBUG	logger/zap_logger.go:96	BoolExpression value: true
2026-02-28T15:08:21.934+0300	DEBUG	logger/zap_logger.go:96	WHERE condition result: &{true} (type: *rmodels.BoolExpression)
2026-02-28T15:08:21.934+0300	DEBUG	logger/zap_logger.go:96	BoolExpression value: true
2026-02-28T15:08:21.934+0300	DEBUG	logger/zap_logger.go:96	WHERE condition result: &{true} (type: *rmodels.BoolExpression)
2026-02-28T15:08:21.934+0300	DEBUG	logger/zap_logger.go:96	BoolExpression value: true
2026-02-28T15:08:21.934+0300	DEBUG	logger/zap_logger.go:96	WHERE condition result: &{true} (type: *rmodels.BoolExpression)
2026-02-28T15:08:21.934+0300	DEBUG	logger/zap_logger.go:96	BoolExpression value: true
2026-02-28T15:08:21.934+0300	DEBUG	logger/zap_logger.go:96	WHERE condition result: &{true} (type: *rmodels.BoolExpression)
2026-02-28T15:08:21.934+0300	DEBUG	logger/zap_logger.go:96	BoolExpression value: true
2026-02-28T15:08:21.934+0300	DEBUG	logger/zap_logger.go:96	WHERE condition result: &{false} (type: *rmodels.BoolExpression)
2026-02-28T15:08:21.934+0300	DEBUG	logger/zap_logger.go:96	BoolExpression value: false
2026-02-28T15:08:21.934+0300	DEBUG	logger/zap_logger.go:96	WHERE condition result: &{true} (type: *rmodels.BoolExpression)
2026-02-28T15:08:21.934+0300	DEBUG	logger/zap_logger.go:96	BoolExpression value: true
2026-02-28T15:08:21.934+0300	DEBUG	logger/zap_logger.go:96	WHERE condition result: &{false} (type: *rmodels.BoolExpression)
2026-02-28T15:08:21.934+0300	DEBUG	logger/zap_logger.go:96	BoolExpression value: false
2026-02-28T15:08:21.934+0300	DEBUG	logger/zap_logger.go:96	WHERE condition result: &{true} (type: *rmodels.BoolExpression)
2026-02-28T15:08:21.934+0300	DEBUG	logger/zap_logger.go:96	BoolExpression value: true
2026-02-28T15:08:21.934+0300	DEBUG	logger/zap_logger.go:96	WHERE condition result: &{true} (type: *rmodels.BoolExpression)
2026-02-28T15:08:21.934+0300	DEBUG	logger/zap_logger.go:96	BoolExpression value: true
2026-02-28T15:08:21.934+0300	DEBUG	logger/zap_logger.go:96	WHERE condition result: &{true} (type: *rmodels.BoolExpression)
2026-02-28T15:08:21.934+0300	DEBUG	logger/zap_logger.go:96	BoolExpression value: true
2026-02-28T15:08:21.934+0300	DEBUG	logger/zap_logger.go:96	WHERE condition result: &{true} (type: *rmodels.BoolExpression)
2026-02-28T15:08:21.934+0300	DEBUG	logger/zap_logger.go:96	BoolExpression value: true
2026-02-28T15:08:21.934+0300	DEBUG	logger/zap_logger.go:96	WHERE condition result: &{true} (type: *rmodels.BoolExpression)
2026-02-28T15:08:21.934+0300	DEBUG	logger/zap_logger.go:96	BoolExpression value: true
2026-02-28T15:08:21.934+0300	DEBUG	logger/zap_logger.go:96	WHERE condition result: &{true} (type: *rmodels.BoolExpression)
2026-02-28T15:08:21.934+0300	DEBUG	logger/zap_logger.go:96	BoolExpression value: true
2026-02-28T15:08:21.934+0300	DEBUG	logger/zap_logger.go:96	WHERE condition result: &{true} (type: *rmodels.BoolExpression)
2026-02-28T15:08:21.934+0300	DEBUG	logger/zap_logger.go:96	BoolExpression value: true
2026-02-28T15:08:21.934+0300	DEBUG	logger/zap_logger.go:96	WHERE condition result: &{true} (type: *rmodels.BoolExpression)
2026-02-28T15:08:21.934+0300	DEBUG	logger/zap_logger.go:96	BoolExpression value: true
2026-02-28T15:08:21.935+0300	DEBUG	logger/zap_logger.go:96	CASE condition: nsp.nspnamein('pg_catalog','public'), value: &{true} (type: *rmodels.BoolExpression)
2026-02-28T15:08:21.935+0300	DEBUG	logger/zap_logger.go:96	CASE condition evaluated to: true
2026-02-28T15:08:21.935+0300	DEBUG	logger/zap_logger.go:96	CASE THEN result: &{0x140004b2b70}
2026-02-28T15:08:21.935+0300	DEBUG	logger/zap_logger.go:96	CASE condition: nsp.nspnamein('pg_catalog','public'), value: &{true} (type: *rmodels.BoolExpression)
2026-02-28T15:08:21.935+0300	DEBUG	logger/zap_logger.go:96	CASE condition evaluated to: true
2026-02-28T15:08:21.935+0300	DEBUG	logger/zap_logger.go:96	CASE THEN result: &{0x140004b2c30}
2026-02-28T15:08:21.935+0300	DEBUG	logger/zap_logger.go:96	CASE condition: nsp.nspnamein('pg_catalog','public'), value: &{true} (type: *rmodels.BoolExpression)
2026-02-28T15:08:21.935+0300	DEBUG	logger/zap_logger.go:96	CASE condition evaluated to: true
2026-02-28T15:08:21.935+0300	DEBUG	logger/zap_logger.go:96	CASE THEN result: &{0x140004b2cf0}
2026-02-28T15:08:21.935+0300	DEBUG	logger/zap_logger.go:96	CASE condition: nsp.nspnamein('pg_catalog','public'), value: &{true} (type: *rmodels.BoolExpression)
2026-02-28T15:08:21.935+0300	DEBUG	logger/zap_logger.go:96	CASE condition evaluated to: true
2026-02-28T15:08:21.935+0300	DEBUG	logger/zap_logger.go:96	CASE THEN result: &{0x140004b2db0}
2026-02-28T15:08:21.935+0300	DEBUG	logger/zap_logger.go:96	CASE condition: nsp.nspnamein('pg_catalog','public'), value: &{true} (type: *rmodels.BoolExpression)
2026-02-28T15:08:21.935+0300	DEBUG	logger/zap_logger.go:96	CASE condition evaluated to: true
2026-02-28T15:08:21.935+0300	DEBUG	logger/zap_logger.go:96	CASE THEN result: &{0x140004b2e70}
2026-02-28T15:08:21.935+0300	DEBUG	logger/zap_logger.go:96	CASE condition: nsp.nspnamein('pg_catalog','public'), value: &{true} (type: *rmodels.BoolExpression)
2026-02-28T15:08:21.935+0300	DEBUG	logger/zap_logger.go:96	CASE condition evaluated to: true
2026-02-28T15:08:21.935+0300	DEBUG	logger/zap_logger.go:96	CASE THEN result: &{0x140004b2f30}
2026-02-28T15:08:21.935+0300	DEBUG	logger/zap_logger.go:96	CASE condition: nsp.nspnamein('pg_catalog','public'), value: &{true} (type: *rmodels.BoolExpression)
2026-02-28T15:08:21.935+0300	DEBUG	logger/zap_logger.go:96	CASE condition evaluated to: true
2026-02-28T15:08:21.935+0300	DEBUG	logger/zap_logger.go:96	CASE THEN result: &{0x140004b2ff0}
2026-02-28T15:08:21.935+0300	DEBUG	logger/zap_logger.go:96	CASE condition: nsp.nspnamein('pg_catalog','public'), value: &{true} (type: *rmodels.BoolExpression)
2026-02-28T15:08:21.935+0300	DEBUG	logger/zap_logger.go:96	CASE condition evaluated to: true
2026-02-28T15:08:21.935+0300	DEBUG	logger/zap_logger.go:96	CASE THEN result: &{0x140004b30e0}
2026-02-28T15:08:21.935+0300	DEBUG	logger/zap_logger.go:96	CASE condition: nsp.nspnamein('pg_catalog','public'), value: &{true} (type: *rmodels.BoolExpression)
2026-02-28T15:08:21.935+0300	DEBUG	logger/zap_logger.go:96	CASE condition evaluated to: true
2026-02-28T15:08:21.935+0300	DEBUG	logger/zap_logger.go:96	CASE THEN result: &{0x140004b31a0}
2026-02-28T15:08:21.935+0300	DEBUG	logger/zap_logger.go:96	CASE condition: nsp.nspnamein('pg_catalog','public'), value: &{true} (type: *rmodels.BoolExpression)
2026-02-28T15:08:21.935+0300	DEBUG	logger/zap_logger.go:96	CASE condition evaluated to: true
2026-02-28T15:08:21.935+0300	DEBUG	logger/zap_logger.go:96	CASE THEN result: &{0x140004b3260}
2026-02-28T15:08:21.935+0300	DEBUG	logger/zap_logger.go:96	CASE condition: nsp.nspnamein('pg_catalog','public'), value: &{true} (type: *rmodels.BoolExpression)
2026-02-28T15:08:21.935+0300	DEBUG	logger/zap_logger.go:96	CASE condition evaluated to: true
2026-02-28T15:08:21.935+0300	DEBUG	logger/zap_logger.go:96	CASE THEN result: &{0x140004b3350}
2026-02-28T15:08:21.935+0300	DEBUG	logger/zap_logger.go:96	CASE condition: nsp.nspnamein('pg_catalog','public'), value: &{true} (type: *rmodels.BoolExpression)
2026-02-28T15:08:21.935+0300	DEBUG	logger/zap_logger.go:96	CASE condition evaluated to: true
2026-02-28T15:08:21.935+0300	DEBUG	logger/zap_logger.go:96	CASE THEN result: &{0x140004b34a0}
2026-02-28T15:08:21.935+0300	DEBUG	logger/zap_logger.go:96	CASE condition: nsp.nspnamein('pg_catalog','public'), value: &{true} (type: *rmodels.BoolExpression)
2026-02-28T15:08:21.935+0300	DEBUG	logger/zap_logger.go:96	CASE condition evaluated to: true
2026-02-28T15:08:21.935+0300	DEBUG	logger/zap_logger.go:96	CASE THEN result: &{0x140004b36e0}
2026-02-28T15:08:21.935+0300	DEBUG	logger/zap_logger.go:96	CASE condition: nsp.nspnamein('pg_catalog','public'), value: &{true} (type: *rmodels.BoolExpression)
2026-02-28T15:08:21.935+0300	DEBUG	logger/zap_logger.go:96	CASE condition evaluated to: true
2026-02-28T15:08:21.935+0300	DEBUG	logger/zap_logger.go:96	CASE THEN result: &{0x140004b3920}
2026-02-28T15:08:21.935+0300	DEBUG	logger/zap_logger.go:96	CASE condition: nsp.nspnamein('pg_catalog','public'), value: &{true} (type: *rmodels.BoolExpression)
2026-02-28T15:08:21.935+0300	DEBUG	logger/zap_logger.go:96	CASE condition evaluated to: true
2026-02-28T15:08:21.935+0300	DEBUG	logger/zap_logger.go:96	CASE THEN result: &{0x140004b39e0}
2026-02-28T15:08:21.935+0300	DEBUG	logger/zap_logger.go:96	CASE condition: nsp.nspnamein('pg_catalog','public'), value: &{true} (type: *rmodels.BoolExpression)
2026-02-28T15:08:21.935+0300	DEBUG	logger/zap_logger.go:96	CASE condition evaluated to: true
2026-02-28T15:08:21.935+0300	DEBUG	logger/zap_logger.go:96	CASE THEN result: &{0x140004b3ad0}
2026-02-28T15:08:21.935+0300	DEBUG	logger/zap_logger.go:96	CASE condition: nsp.nspnamein('pg_catalog','public'), value: &{true} (type: *rmodels.BoolExpression)
2026-02-28T15:08:21.935+0300	DEBUG	logger/zap_logger.go:96	CASE condition evaluated to: true
2026-02-28T15:08:21.935+0300	DEBUG	logger/zap_logger.go:96	CASE THEN result: &{0x140004b3d40}
2026-02-28T15:08:21.935+0300	DEBUG	logger/zap_logger.go:96	CASE condition: nsp.nspnamein('pg_catalog','public'), value: &{true} (type: *rmodels.BoolExpression)
2026-02-28T15:08:21.935+0300	DEBUG	logger/zap_logger.go:96	CASE condition evaluated to: true
2026-02-28T15:08:21.935+0300	DEBUG	logger/zap_logger.go:96	CASE THEN result: &{0x140004b3e00}
2026-02-28T15:08:21.935+0300	DEBUG	logger/zap_logger.go:96	CASE condition: nsp.nspnamein('pg_catalog','public'), value: &{true} (type: *rmodels.BoolExpression)
2026-02-28T15:08:21.935+0300	DEBUG	logger/zap_logger.go:96	CASE condition evaluated to: true
2026-02-28T15:08:21.935+0300	DEBUG	logger/zap_logger.go:96	CASE THEN result: &{0x140004b3ec0}
2026-02-28T15:08:21.935+0300	DEBUG	logger/zap_logger.go:96	CASE condition: nsp.nspnamein('pg_catalog','public'), value: &{true} (type: *rmodels.BoolExpression)
2026-02-28T15:08:21.935+0300	DEBUG	logger/zap_logger.go:96	CASE condition evaluated to: true
2026-02-28T15:08:21.935+0300	DEBUG	logger/zap_logger.go:96	CASE THEN result: &{0x14000900000}
2026-02-28T15:08:21.935+0300	DEBUG	logger/zap_logger.go:96	CASE condition: nsp.nspnamein('pg_catalog','public'), value: &{true} (type: *rmodels.BoolExpression)
2026-02-28T15:08:21.935+0300	DEBUG	logger/zap_logger.go:96	CASE condition evaluated to: true
2026-02-28T15:08:21.935+0300	DEBUG	logger/zap_logger.go:96	CASE THEN result: &{0x140009000f0}
2026-02-28T15:08:21.935+0300	DEBUG	logger/zap_logger.go:96	CASE condition: nsp.nspnamein('pg_catalog','public'), value: &{true} (type: *rmodels.BoolExpression)
2026-02-28T15:08:21.935+0300	DEBUG	logger/zap_logger.go:96	CASE condition evaluated to: true
2026-02-28T15:08:21.935+0300	DEBUG	logger/zap_logger.go:96	CASE THEN result: &{0x140009001b0}
2026-02-28T15:08:21.936+0300	DEBUG	logger/zap_logger.go:71	DEBUG: Sending row:	{"row": [19,"name"]}
2026-02-28T15:08:21.936+0300	DEBUG	logger/zap_logger.go:71	DEBUG: Sending row:	{"row": [18,"char"]}
2026-02-28T15:08:21.936+0300	DEBUG	logger/zap_logger.go:71	DEBUG: Sending row:	{"row": [1083,"time"]}
2026-02-28T15:08:21.936+0300	DEBUG	logger/zap_logger.go:71	DEBUG: Sending row:	{"row": [1114,"timestamp"]}
2026-02-28T15:08:21.936+0300	DEBUG	logger/zap_logger.go:71	DEBUG: Sending row:	{"row": [114,"json"]}
2026-02-28T15:08:21.936+0300	DEBUG	logger/zap_logger.go:71	DEBUG: Sending row:	{"row": [17,"bytea"]}
2026-02-28T15:08:21.936+0300	DEBUG	logger/zap_logger.go:71	DEBUG: Sending row:	{"row": [23,"int4"]}
2026-02-28T15:08:21.936+0300	DEBUG	logger/zap_logger.go:71	DEBUG: Sending row:	{"row": [1700,"numeric"]}
2026-02-28T15:08:21.936+0300	DEBUG	logger/zap_logger.go:71	DEBUG: Sending row:	{"row": [1082,"date"]}
2026-02-28T15:08:21.936+0300	DEBUG	logger/zap_logger.go:71	DEBUG: Sending row:	{"row": [21,"int2"]}
2026-02-28T15:08:21.936+0300	DEBUG	logger/zap_logger.go:71	DEBUG: Sending row:	{"row": [3802,"jsonb"]}
2026-02-28T15:08:21.936+0300	DEBUG	logger/zap_logger.go:71	DEBUG: Sending row:	{"row": [700,"float4"]}
2026-02-28T15:08:21.936+0300	DEBUG	logger/zap_logger.go:71	DEBUG: Sending row:	{"row": [1043,"varchar"]}
2026-02-28T15:08:21.936+0300	DEBUG	logger/zap_logger.go:71	DEBUG: Sending row:	{"row": [25,"text"]}
2026-02-28T15:08:21.936+0300	DEBUG	logger/zap_logger.go:71	DEBUG: Sending row:	{"row": [1042,"bpchar"]}
2026-02-28T15:08:21.936+0300	DEBUG	logger/zap_logger.go:71	DEBUG: Sending row:	{"row": [1184,"timestamptz"]}
2026-02-28T15:08:21.936+0300	DEBUG	logger/zap_logger.go:71	DEBUG: Sending row:	{"row": [20,"int8"]}
2026-02-28T15:08:21.936+0300	DEBUG	logger/zap_logger.go:71	DEBUG: Sending row:	{"row": [2950,"uuid"]}
2026-02-28T15:08:21.936+0300	DEBUG	logger/zap_logger.go:71	DEBUG: Sending row:	{"row": [24,"regproc"]}
2026-02-28T15:08:21.936+0300	DEBUG	logger/zap_logger.go:71	DEBUG: Sending row:	{"row": [26,"oid"]}
2026-02-28T15:08:21.936+0300	DEBUG	logger/zap_logger.go:71	DEBUG: Sending row:	{"row": [16,"bool"]}
2026-02-28T15:08:21.936+0300	DEBUG	logger/zap_logger.go:71	DEBUG: Sending row:	{"row": [701,"float8"]}
2026-02-28T15:08:34.023+0300	INFO	logger/zap_logger.go:76	Terminate received
2026-02-28T15:25:00.090+0300	INFO	logger/zap_logger.go:76	Using in-memory store
2026-02-28T15:25:00.091+0300	DEBUG	logger/zap_logger.go:96	Registering functions for plugin base: [0x14000074770 0x14000074778 0x14000074780 0x14000074788 0x14000074790 0x14000074798 0x140000747a0 0x140000747a8 0x140000747b0 0x140000747b8 0x140000747c0 0x140000747c8 0x140000747d0 0x140000747d8]

2026-02-28T15:25:00.091+0300	INFO	logger/zap_logger.go:76	Plugins registered
2026-02-28T15:25:00.091+0300	INFO	logger/zap_logger.go:76	Initializing system tables...
2026-02-28T15:25:00.091+0300	INFO	logger/zap_logger.go:101	Executing system initialization file: 0001_information_schema.sql
2026-02-28T15:25:00.091+0300	DEBUG	logger/zap_logger.go:96	Executing: -- information_schema global system schema

CREATE TABLE IF NOT EXISTS information_schema.tables (
    table_schema TEXT,
    table_name TEXT,
    table_type TEXT,
    PRIMARY KEY (table_schema, table_name)
)
2026-02-28T15:25:00.091+0300	INFO	logger/zap_logger.go:76	[SynchronizerVClock] Sync complete	{"nodeID": "node1"}
2026-02-28T15:25:00.092+0300	DEBUG	logger/zap_logger.go:96	DEBUG: Parsed statement type: CREATE_TABLE

2026-02-28T15:25:00.092+0300	DEBUG	logger/zap_logger.go:96	Executing: 

INSERT INTO information_schema.tables (table_schema, table_name, table_type) VALUES
    ('information_schema', 'tables', 'BASE TABLE'),
    ('information_schema', 'columns', 'BASE TABLE'),
    ('information_schema', 'schemata', 'BASE TABLE')
2026-02-28T15:25:00.092+0300	INFO	logger/zap_logger.go:76	[SynchronizerVClock] Loaded key	{"key": "schema:testdb:information_schema:tables:", "value": "{\"Name\":\"information_schema.tables\",\"Columns\":{\"table_name\":{\"Type\":0,\"IsNullable\":false,\"DefaultValue\":null,\"IsSerial\":false,\"IsUnique\":false,\"Idx\":2},\"table_schema\":{\"Type\":0,\"IsNullable\":false,\"DefaultValue\":null,\"IsSerial\":false,\"IsUnique\":false,\"Idx\":1},\"table_type\":{\"Type\":0,\"IsNullable\":true,\"DefaultValue\":null,\"IsSerial\":false,\"IsUnique\":false,\"Idx\":3}},\"PrimaryKeys\":[1,2]}", "vclock": {"node1":1}}
2026-02-28T15:25:00.093+0300	DEBUG	logger/zap_logger.go:96	DEBUG: Parsed statement type: INSERT

2026-02-28T15:25:00.093+0300	DEBUG	logger/zap_logger.go:96	DEBUG: Insert into information_schema.tables: [[information_schema tables BASE TABLE] [information_schema columns BASE TABLE] [information_schema schemata BASE TABLE]]

2026-02-28T15:25:00.093+0300	DEBUG	logger/zap_logger.go:71	DEBUG: Table metadata:	{"meta": {"Name":"information_schema.tables","Columns":{"table_name":{"Type":0,"IsNullable":false,"DefaultValue":null,"IsSerial":false,"IsUnique":false,"Idx":2},"table_schema":{"Type":0,"IsNullable":false,"DefaultValue":null,"IsSerial":false,"IsUnique":false,"Idx":1},"table_type":{"Type":0,"IsNullable":true,"DefaultValue":null,"IsSerial":false,"IsUnique":false,"Idx":3}},"PrimaryKeys":[1,2]}}
2026-02-28T15:25:00.093+0300	DEBUG	logger/zap_logger.go:71	DEBUG: Saved row: 	{"rowKey": "testdb:information_schema:tables:row:information_schematables:", "rowData": "[\"information_schema\",\"tables\",\"BASE TABLE\"]"}
2026-02-28T15:25:00.093+0300	DEBUG	logger/zap_logger.go:71	DEBUG: Saved row: 	{"rowKey": "testdb:information_schema:tables:row:information_schemacolumns:", "rowData": "[\"information_schema\",\"columns\",\"BASE TABLE\"]"}
2026-02-28T15:25:00.093+0300	DEBUG	logger/zap_logger.go:71	DEBUG: Saved row: 	{"rowKey": "testdb:information_schema:tables:row:information_schemaschemata:", "rowData": "[\"information_schema\",\"schemata\",\"BASE TABLE\"]"}
2026-02-28T15:25:00.093+0300	DEBUG	logger/zap_logger.go:96	Executing: 

CREATE TABLE IF NOT EXISTS information_schema.columns (
    table_schema TEXT,
    table_name TEXT,
    column_name TEXT,
    original_position INT,
    column_default TEXT,
    is_nullable BOOLEAN,
    data_type TEXT,
    PRIMARY KEY (table_schema, table_name, column_name)
)
2026-02-28T15:25:00.093+0300	INFO	logger/zap_logger.go:76	[SynchronizerVClock] Loaded key	{"key": "testdb:information_schema:tables:row:information_schematables:", "value": "[\"information_schema\",\"tables\",\"BASE TABLE\"]", "vclock": {"node1":2}}
2026-02-28T15:25:00.093+0300	INFO	logger/zap_logger.go:76	[SynchronizerVClock] Loaded key	{"key": "testdb:information_schema:tables:row:information_schemacolumns:", "value": "[\"information_schema\",\"columns\",\"BASE TABLE\"]", "vclock": {"node1":3}}
2026-02-28T15:25:00.093+0300	DEBUG	logger/zap_logger.go:96	DEBUG: Parsed statement type: CREATE_TABLE

2026-02-28T15:25:00.093+0300	INFO	logger/zap_logger.go:76	[SynchronizerVClock] Loaded key	{"key": "testdb:information_schema:tables:row:information_schemaschemata:", "value": "[\"information_schema\",\"schemata\",\"BASE TABLE\"]", "vclock": {"node1":4}}
2026-02-28T15:25:00.093+0300	DEBUG	logger/zap_logger.go:96	Executing: 

INSERT INTO information_schema.columns (table_schema, table_name, column_name, original_position, is_nullable, data_type) VALUES
    ('information_schema', 'tables', 'table_schema', 1, FALSE, 'TEXT'),
    ('information_schema', 'tables', 'table_name', 2, FALSE, 'TEXT'),
    ('information_schema', 'tables', 'table_type', 3, FALSE, 'TEXT'),
    ('information_schema', 'columns', 'table_schema', 1, FALSE, 'TEXT'),
    ('information_schema', 'columns', 'table_name', 2, FALSE, 'TEXT'),
    ('information_schema', 'columns', 'column_name', 3, FALSE, 'TEXT'),
    ('information_schema', 'columns', 'original_position', 4, FALSE, 'INT'),
    ('information_schema', 'columns', 'column_default', 5, TRUE, 'TEXT'),
    ('information_schema', 'columns', 'is_nullable', 6, FALSE, 'BOOLEAN'),
    ('information_schema', 'columns', 'data_type', 7, FALSE, 'TEXT'),
    ('information_schema', 'schemata', 'catalog_name', 1, FALSE, 'TEXT'),
    ('information_schema', 'schemata', 'schema_name', 2, FALSE, 'TEXT'),
    ('information_schema', 'schemata', 'schema_owner', 3, FALSE, 'TEXT'),
    ('information_schema', 'schemata', 'default_character_set_catalog', 4, TRUE, 'TEXT'),
    ('information_schema', 'schemata', 'default_character_set_schema', 5, TRUE, 'TEXT'),
    ('information_schema', 'schemata', 'default_character_set_name', 6, TRUE, 'TEXT'),
    ('information_schema', 'schemata', 'sql_path', 7, TRUE, 'TEXT')
2026-02-28T15:25:00.093+0300	INFO	logger/zap_logger.go:76	[SynchronizerVClock] Loaded key	{"key": "schema:testdb:information_schema:columns:", "value": "{\"Name\":\"information_schema.columns\",\"Columns\":{\"column_default\":{\"Type\":0,\"IsNullable\":true,\"DefaultValue\":null,\"IsSerial\":false,\"IsUnique\":false,\"Idx\":5},\"column_name\":{\"Type\":0,\"IsNullable\":false,\"DefaultValue\":null,\"IsSerial\":false,\"IsUnique\":false,\"Idx\":3},\"data_type\":{\"Type\":0,\"IsNullable\":true,\"DefaultValue\":null,\"IsSerial\":false,\"IsUnique\":false,\"Idx\":7},\"is_nullable\":{\"Type\":0,\"IsNullable\":true,\"DefaultValue\":null,\"IsSerial\":false,\"IsUnique\":false,\"Idx\":6},\"original_position\":{\"Type\":1,\"IsNullable\":true,\"DefaultValue\":null,\"IsSerial\":false,\"IsUnique\":false,\"Idx\":4},\"table_name\":{\"Type\":0,\"IsNullable\":false,\"DefaultValue\":null,\"IsSerial\":false,\"IsUnique\":false,\"Idx\":2},\"table_schema\":{\"Type\":0,\"IsNullable\":false,\"DefaultValue\":null,\"IsSerial\":false,\"IsUnique\":false,\"Idx\":1}},\"PrimaryKeys\":[1,2,3]}", "vclock": {"node1":5}}
2026-02-28T15:25:00.094+0300	DEBUG	logger/zap_logger.go:96	DEBUG: Parsed statement type: INSERT

2026-02-28T15:25:00.094+0300	DEBUG	logger/zap_logger.go:96	DEBUG: Insert into information_schema.columns: [[information_schema tables table_schema 1 false TEXT] [information_schema tables table_name 2 false TEXT] [information_schema tables table_type 3 false TEXT] [information_schema columns table_schema 1 false TEXT] [information_schema columns table_name 2 false TEXT] [information_schema columns column_name 3 false TEXT] [information_schema columns original_position 4 false INT] [information_schema columns column_default 5 true TEXT] [information_schema columns is_nullable 6 false BOOLEAN] [information_schema columns data_type 7 false TEXT] [information_schema schemata catalog_name 1 false TEXT] [information_schema schemata schema_name 2 false TEXT] [information_schema schemata schema_owner 3 false TEXT] [information_schema schemata default_character_set_catalog 4 true TEXT] [information_schema schemata default_character_set_schema 5 true TEXT] [information_schema schemata default_character_set_name 6 true TEXT] [information_schema schemata sql_path 7 true TEXT]]

2026-02-28T15:25:00.094+0300	DEBUG	logger/zap_logger.go:71	DEBUG: Table metadata:	{"meta": {"Name":"information_schema.columns","Columns":{"column_default":{"Type":0,"IsNullable":true,"DefaultValue":null,"IsSerial":false,"IsUnique":false,"Idx":5},"column_name":{"Type":0,"IsNullable":false,"DefaultValue":null,"IsSerial":false,"IsUnique":false,"Idx":3},"data_type":{"Type":0,"IsNullable":true,"DefaultValue":null,"IsSerial":false,"IsUnique":false,"Idx":7},"is_nullable":{"Type":0,"IsNullable":true,"DefaultValue":null,"IsSerial":false,"IsUnique":false,"Idx":6},"original_position":{"Type":1,"IsNullable":true,"DefaultValue":null,"IsSerial":false,"IsUnique":false,"Idx":4},"table_name":{"Type":0,"IsNullable":false,"DefaultValue":null,"IsSerial":false,"IsUnique":false,"Idx":2},"table_schema":{"Type":0,"IsNullable":false,"DefaultValue":null,"IsSerial":false,"IsUnique":false,"Idx":1}},"PrimaryKeys":[1,2,3]}}
2026-02-28T15:25:00.094+0300	DEBUG	logger/zap_logger.go:71	DEBUG: Saved row: 	{"rowKey": "testdb:information_schema:columns:row:information_schematablestable_schema:", "rowData": "[\"information_schema\",\"tables\",\"table_schema\",1,null,false,\"TEXT\"]"}
2026-02-28T15:25:00.094+0300	DEBUG	logger/zap_logger.go:71	DEBUG: Saved row: 	{"rowKey": "testdb:information_schema:columns:row:information_schematablestable_name:", "rowData": "[\"information_schema\",\"tables\",\"table_name\",2,null,false,\"TEXT\"]"}
2026-02-28T15:25:00.094+0300	DEBUG	logger/zap_logger.go:71	DEBUG: Saved row: 	{"rowKey": "testdb:information_schema:columns:row:information_schematablestable_type:", "rowData": "[\"information_schema\",\"tables\",\"table_type\",3,null,false,\"TEXT\"]"}
2026-02-28T15:25:00.094+0300	DEBUG	logger/zap_logger.go:71	DEBUG: Saved row: 	{"rowKey": "testdb:information_schema:columns:row:information_schemacolumnstable_schema:", "rowData": "[\"information_schema\",\"columns\",\"table_schema\",1,null,false,\"TEXT\"]"}
2026-02-28T15:25:00.094+0300	DEBUG	logger/zap_logger.go:71	DEBUG: Saved row: 	{"rowKey": "testdb:information_schema:columns:row:information_schemacolumnstable_name:", "rowData": "[\"information_schema\",\"columns\",\"table_name\",2,null,false,\"TEXT\"]"}
2026-02-28T15:25:00.094+0300	DEBUG	logger/zap_logger.go:71	DEBUG: Saved row: 	{"rowKey": "testdb:information_schema:columns:row:information_schemacolumnscolumn_name:", "rowData": "[\"information_schema\",\"columns\",\"column_name\",3,null,false,\"TEXT\"]"}
2026-02-28T15:25:00.094+0300	DEBUG	logger/zap_logger.go:71	DEBUG: Saved row: 	{"rowKey": "testdb:information_schema:columns:row:information_schemacolumnsoriginal_position:", "rowData": "[\"information_schema\",\"columns\",\"original_position\",4,null,false,\"INT\"]"}
2026-02-28T15:25:00.094+0300	DEBUG	logger/zap_logger.go:71	DEBUG: Saved row: 	{"rowKey": "testdb:information_schema:columns:row:information_schemacolumnscolumn_default:", "rowData": "[\"information_schema\",\"columns\",\"column_default\",5,null,true,\"TEXT\"]"}
2026-02-28T15:25:00.094+0300	DEBUG	logger/zap_logger.go:71	DEBUG: Saved row: 	{"rowKey": "testdb:information_schema:columns:row:information_schemacolumnsis_nullable:", "rowData": "[\"information_schema\",\"columns\",\"is_nullable\",6,null,false,\"BOOLEAN\"]"}
2026-02-28T15:25:00.094+0300	DEBUG	logger/zap_logger.go:71	DEBUG: Saved row: 	{"rowKey": "testdb:information_schema:columns:row:information_schemacolumnsdata_type:", "rowData": "[\"information_schema\",\"columns\",\"data_type\",7,null,false,\"TEXT\"]"}
2026-02-28T15:25:00.094+0300	DEBUG	logger/zap_logger.go:71	DEBUG: Saved row: 	{"rowKey": "testdb:information_schema:columns:row:information_schemaschematacatalog_name:", "rowData": "[\"information_schema\",\"schemata\",\"catalog_name\",1,null,false,\"TEXT\"]"}
2026-02-28T15:25:00.094+0300	DEBUG	logger/zap_logger.go:71	DEBUG: Saved row: 	{"rowKey": "testdb:information_schema:columns:row:information_schemaschemataschema_name:", "rowData": "[\"information_schema\",\"schemata\",\"schema_name\",2,null,false,\"TEXT\"]"}
2026-02-28T15:25:00.094+0300	DEBUG	logger/zap_logger.go:71	DEBUG: Saved row: 	{"rowKey": "testdb:information_schema:columns:row:information_schemaschemataschema_owner:", "rowData": "[\"information_schema\",\"schemata\",\"schema_owner\",3,null,false,\"TEXT\"]"}
2026-02-28T15:25:00.094+0300	DEBUG	logger/zap_logger.go:71	DEBUG: Saved row: 	{"rowKey": "testdb:information_schema:columns:row:information_schemaschematadefault_character_set_catalog:", "rowData": "[\"information_schema\",\"schemata\",\"default_character_set_catalog\",4,null,true,\"TEXT\"]"}
2026-02-28T15:25:00.094+0300	DEBUG	logger/zap_logger.go:71	DEBUG: Saved row: 	{"rowKey": "testdb:information_schema:columns:row:information_schemaschematadefault_character_set_schema:", "rowData": "[\"information_schema\",\"schemata\",\"default_character_set_schema\",5,null,true,\"TEXT\"]"}
2026-02-28T15:25:00.094+0300	DEBUG	logger/zap_logger.go:71	DEBUG: Saved row: 	{"rowKey": "testdb:information_schema:columns:row:information_schemaschematadefault_character_set_name:", "rowData": "[\"information_schema\",\"schemata\",\"default_character_set_name\",6,null,true,\"TEXT\"]"}
2026-02-28T15:25:00.094+0300	DEBUG	logger/zap_logger.go:71	DEBUG: Saved row: 	{"rowKey": "testdb:information_schema:columns:row:information_schemaschematasql_path:", "rowData": "[\"information_schema\",\"schemata\",\"sql_path\",7,null,true,\"TEXT\"]"}
2026-02-28T15:25:00.094+0300	INFO	logger/zap_logger.go:76	[SynchronizerVClock] Loaded key	{"key": "testdb:information_schema:columns:row:information_schematablestable_type:", "value": "[\"information_schema\",\"tables\",\"table_type\",3,null,false,\"TEXT\"]", "vclock": {"node1":6}}
2026-02-28T15:25:00.094+0300	INFO	logger/zap_logger.go:76	[SynchronizerVClock] Loaded key	{"key": "testdb:information_schema:columns:row:information_schemacolumnscolumn_name:", "value": "[\"information_schema\",\"columns\",\"column_name\",3,null,false,\"TEXT\"]", "vclock": {"node1":7}}
2026-02-28T15:25:00.094+0300	INFO	logger/zap_logger.go:76	[SynchronizerVClock] Loaded key	{"key": "testdb:information_schema:columns:row:information_schemacolumnsis_nullable:", "value": "[\"information_schema\",\"columns\",\"is_nullable\",6,null,false,\"BOOLEAN\"]", "vclock": {"node1":8}}
2026-02-28T15:25:00.094+0300	INFO	logger/zap_logger.go:76	[SynchronizerVClock] Loaded key	{"key": "testdb:information_schema:columns:row:information_schemaschemataschema_owner:", "value": "[\"information_schema\",\"schemata\",\"schema_owner\",3,null,false,\"TEXT\"]", "vclock": {"node1":9}}
2026-02-28T15:25:00.094+0300	DEBUG	logger/zap_logger.go:96	Executing: 

CREATE TABLE IF NOT EXISTS information_schema.schemata (
    catalog_name TEXT,
    schema_name TEXT,
    schema_owner TEXT,
    default_character_set_catalog TEXT,
    default_character_set_schema TEXT,
    default_character_set_name TEXT,
    sql_path TEXT,
    PRIMARY KEY (catalog_name, schema_name)
)
2026-02-28T15:25:00.094+0300	INFO	logger/zap_logger.go:76	[SynchronizerVClock] Loaded key	{"key": "testdb:information_schema:columns:row:information_schemaschematadefault_character_set_name:", "value": "[\"information_schema\",\"schemata\",\"default_character_set_name\",6,null,true,\"TEXT\"]", "vclock": {"node1":10}}
2026-02-28T15:25:00.094+0300	INFO	logger/zap_logger.go:76	[SynchronizerVClock] Loaded key	{"key": "testdb:information_schema:columns:row:information_schematablestable_name:", "value": "[\"information_schema\",\"tables\",\"table_name\",2,null,false,\"TEXT\"]", "vclock": {"node1":11}}
2026-02-28T15:25:00.094+0300	INFO	logger/zap_logger.go:76	[SynchronizerVClock] Loaded key	{"key": "testdb:information_schema:columns:row:information_schemacolumnstable_name:", "value": "[\"information_schema\",\"columns\",\"table_name\",2,null,false,\"TEXT\"]", "vclock": {"node1":12}}
2026-02-28T15:25:00.094+0300	INFO	logger/zap_logger.go:76	[SynchronizerVClock] Loaded key	{"key": "testdb:information_schema:columns:row:information_schemaschematadefault_character_set_catalog:", "value": "[\"information_schema\",\"schemata\",\"default_character_set_catalog\",4,null,true,\"TEXT\"]", "vclock": {"node1":13}}
2026-02-28T15:25:00.094+0300	DEBUG	logger/zap_logger.go:96	DEBUG: Parsed statement type: CREATE_TABLE

2026-02-28T15:25:00.094+0300	INFO	logger/zap_logger.go:76	[SynchronizerVClock] Loaded key	{"key": "testdb:information_schema:columns:row:information_schemaschematadefault_character_set_schema:", "value": "[\"information_schema\",\"schemata\",\"default_character_set_schema\",5,null,true,\"TEXT\"]", "vclock": {"node1":14}}
2026-02-28T15:25:00.094+0300	INFO	logger/zap_logger.go:76	[SynchronizerVClock] Loaded key	{"key": "testdb:information_schema:columns:row:information_schemacolumnsoriginal_position:", "value": "[\"information_schema\",\"columns\",\"original_position\",4,null,false,\"INT\"]", "vclock": {"node1":15}}
2026-02-28T15:25:00.094+0300	INFO	logger/zap_logger.go:76	[SynchronizerVClock] Loaded key	{"key": "testdb:information_schema:columns:row:information_schemacolumnscolumn_default:", "value": "[\"information_schema\",\"columns\",\"column_default\",5,null,true,\"TEXT\"]", "vclock": {"node1":16}}
2026-02-28T15:25:00.094+0300	INFO	logger/zap_logger.go:76	[SynchronizerVClock] Loaded key	{"key": "testdb:information_schema:columns:row:information_schemacolumnsdata_type:", "value": "[\"information_schema\",\"columns\",\"data_type\",7,null,false,\"TEXT\"]", "vclock": {"node1":17}}
2026-02-28T15:25:00.094+0300	INFO	logger/zap_logger.go:76	[SynchronizerVClock] Loaded key	{"key": "testdb:information_schema:columns:row:information_schemaschemataschema_name:", "value": "[\"information_schema\",\"schemata\",\"schema_name\",2,null,false,\"TEXT\"]", "vclock": {"node1":18}}
2026-02-28T15:25:00.094+0300	DEBUG	logger/zap_logger.go:96	Executing: 

INSERT INTO information_schema.schemata (catalog_name, schema_name, schema_owner) VALUES
    ('petacore', 'information_schema', 'system'),
    ('petacore', 'pg_catalog', 'system')
2026-02-28T15:25:00.095+0300	INFO	logger/zap_logger.go:76	[SynchronizerVClock] Loaded key	{"key": "testdb:information_schema:columns:row:information_schemaschematasql_path:", "value": "[\"information_schema\",\"schemata\",\"sql_path\",7,null,true,\"TEXT\"]", "vclock": {"node1":19}}
2026-02-28T15:25:00.095+0300	INFO	logger/zap_logger.go:76	[SynchronizerVClock] Loaded key	{"key": "testdb:information_schema:columns:row:information_schematablestable_schema:", "value": "[\"information_schema\",\"tables\",\"table_schema\",1,null,false,\"TEXT\"]", "vclock": {"node1":20}}
2026-02-28T15:25:00.095+0300	INFO	logger/zap_logger.go:76	[SynchronizerVClock] Loaded key	{"key": "testdb:information_schema:columns:row:information_schemacolumnstable_schema:", "value": "[\"information_schema\",\"columns\",\"table_schema\",1,null,false,\"TEXT\"]", "vclock": {"node1":21}}
2026-02-28T15:25:00.095+0300	INFO	logger/zap_logger.go:76	[SynchronizerVClock] Loaded key	{"key": "testdb:information_schema:columns:row:information_schemaschematacatalog_name:", "value": "[\"information_schema\",\"schemata\",\"catalog_name\",1,null,false,\"TEXT\"]", "vclock": {"node1":22}}
2026-02-28T15:25:00.095+0300	INFO	logger/zap_logger.go:76	[SynchronizerVClock] Loaded key	{"key": "schema:testdb:information_schema:schemata:", "value": "{\"Name\":\"information_schema.schemata\",\"Columns\":{\"catalog_name\":{\"Type\":0,\"IsNullable\":false,\"DefaultValue\":null,\"IsSerial\":false,\"IsUnique\":false,\"Idx\":1},\"default_character_set_catalog\":{\"Type\":0,\"IsNullable\":true,\"DefaultValue\":null,\"IsSerial\":false,\"IsUnique\":false,\"Idx\":4},\"default_character_set_name\":{\"Type\":0,\"IsNullable\":true,\"DefaultValue\":null,\"IsSerial\":false,\"IsUnique\":false,\"Idx\":6},\"default_character_set_schema\":{\"Type\":0,\"IsNullable\":true,\"DefaultValue\":null,\"IsSerial\":false,\"IsUnique\":false,\"Idx\":5},\"schema_name\":{\"Type\":0,\"IsNullable\":false,\"DefaultValue\":null,\"IsSerial\":false,\"IsUnique\":false,\"Idx\":2},\"schema_owner\":{\"Type\":0,\"IsNullable\":true,\"DefaultValue\":null,\"IsSerial\":false,\"IsUnique\":false,\"Idx\":3},\"sql_path\":{\"Type\":0,\"IsNullable\":true,\"DefaultValue\":null,\"IsSerial\":false,\"IsUnique\":false,\"Idx\":7}},\"PrimaryKeys\":[1,2]}", "vclock": {"node1":23}}
2026-02-28T15:25:00.095+0300	DEBUG	logger/zap_logger.go:96	DEBUG: Parsed statement type: INSERT

2026-02-28T15:25:00.095+0300	DEBUG	logger/zap_logger.go:96	DEBUG: Insert into information_schema.schemata: [[petacore information_schema system] [petacore pg_catalog system]]

2026-02-28T15:25:00.095+0300	DEBUG	logger/zap_logger.go:71	DEBUG: Table metadata:	{"meta": {"Name":"information_schema.schemata","Columns":{"catalog_name":{"Type":0,"IsNullable":false,"DefaultValue":null,"IsSerial":false,"IsUnique":false,"Idx":1},"default_character_set_catalog":{"Type":0,"IsNullable":true,"DefaultValue":null,"IsSerial":false,"IsUnique":false,"Idx":4},"default_character_set_name":{"Type":0,"IsNullable":true,"DefaultValue":null,"IsSerial":false,"IsUnique":false,"Idx":6},"default_character_set_schema":{"Type":0,"IsNullable":true,"DefaultValue":null,"IsSerial":false,"IsUnique":false,"Idx":5},"schema_name":{"Type":0,"IsNullable":false,"DefaultValue":null,"IsSerial":false,"IsUnique":false,"Idx":2},"schema_owner":{"Type":0,"IsNullable":true,"DefaultValue":null,"IsSerial":false,"IsUnique":false,"Idx":3},"sql_path":{"Type":0,"IsNullable":true,"DefaultValue":null,"IsSerial":false,"IsUnique":false,"Idx":7}},"PrimaryKeys":[1,2]}}
2026-02-28T15:25:00.095+0300	DEBUG	logger/zap_logger.go:71	DEBUG: Saved row: 	{"rowKey": "testdb:information_schema:schemata:row:petacoreinformation_schema:", "rowData": "[\"petacore\",\"information_schema\",\"system\",null,null,null,null]"}
2026-02-28T15:25:00.095+0300	DEBUG	logger/zap_logger.go:71	DEBUG: Saved row: 	{"rowKey": "testdb:information_schema:schemata:row:petacorepg_catalog:", "rowData": "[\"petacore\",\"pg_catalog\",\"system\",null,null,null,null]"}
2026-02-28T15:25:00.095+0300	DEBUG	logger/zap_logger.go:96	Executing: 

2026-02-28T15:25:00.095+0300	INFO	logger/zap_logger.go:76	[SynchronizerVClock] Loaded key	{"key": "testdb:information_schema:schemata:row:petacoreinformation_schema:", "value": "[\"petacore\",\"information_schema\",\"system\",null,null,null,null]", "vclock": {"node1":24}}
2026-02-28T15:25:00.095+0300	INFO	logger/zap_logger.go:76	[SynchronizerVClock] Loaded key	{"key": "testdb:information_schema:schemata:row:petacorepg_catalog:", "value": "[\"petacore\",\"pg_catalog\",\"system\",null,null,null,null]", "vclock": {"node1":25}}
2026-02-28T15:25:00.095+0300	INFO	logger/zap_logger.go:101	Executing system initialization file: 0002_pg_catalog.sql
2026-02-28T15:25:00.095+0300	DEBUG	logger/zap_logger.go:96	Executing: -- pg_catalog global system schema
-- Инициализация системных таблиц для базы 

CREATE TABLE IF NOT EXISTS pg_catalog.pg_tables (
    schemaname TEXT,
    schematable TEXT,
    tableowner TEXT,
    tablespace TEXT, -- TODO CHECK
    hasindexes BOOLEAN,
    hasrules BOOLEAN,
    hastriggers BOOLEAN,
    rowsecurity BOOLEAN,
    PRIMARY KEY (schemaname, schematable)
)
2026-02-28T15:25:00.096+0300	DEBUG	logger/zap_logger.go:96	DEBUG: Parsed statement type: CREATE_TABLE

2026-02-28T15:25:00.096+0300	DEBUG	logger/zap_logger.go:96	Executing: 

INSERT INTO pg_catalog.pg_tables (schemaname, schematable, tableowner, tablespace, hasindexes, hasrules, hastriggers, rowsecurity) VALUES
('pg_catalog', 'pg_tables', 'system', NULL, FALSE, FALSE, FALSE, FALSE),
('pg_catalog', 'pg_columns', 'system', NULL, FALSE, FALSE, FALSE, FALSE),
('pg_catalog', 'pg_class', 'system', NULL, FALSE, FALSE, FALSE, FALSE),
('pg_catalog', 'pg_attribute', 'system', NULL, FALSE, FALSE, FALSE, FALSE),
('pg_catalog', 'pg_proc', 'system', NULL, FALSE, FALSE, FALSE, FALSE),
('pg_catalog', 'pg_type', 'system', NULL, FALSE, FALSE, FALSE, FALSE),
('pg_catalog', 'pg_namespace', 'system', NULL, FALSE, FALSE, FALSE, FALSE),
('pg_catalog', 'pg_database', 'system', NULL, FALSE, FALSE, FALSE, FALSE),
('pg_catalog', 'pg_tablespace', 'system', NULL, FALSE, FALSE, FALSE, FALSE),
('pg_catalog', 'pg_roles', 'system', NULL, FALSE, FALSE, FALSE, FALSE),
('pg_catalog', 'pg_stat_ssl', 'system', NULL, FALSE, FALSE, FALSE, FALSE),
('pg_catalog', 'pg_shdescription', 'system', NULL, FALSE, FALSE, FALSE, FALSE),
('pg_catalog', 'pg_am', 'system', NULL, FALSE, FALSE, FALSE, FALSE)
2026-02-28T15:25:00.096+0300	INFO	logger/zap_logger.go:76	[SynchronizerVClock] Loaded key	{"key": "schema:testdb:pg_catalog:pg_tables:", "value": "{\"Name\":\"pg_catalog.pg_tables\",\"Columns\":{\"hasindexes\":{\"Type\":0,\"IsNullable\":true,\"DefaultValue\":null,\"IsSerial\":false,\"IsUnique\":false,\"Idx\":5},\"hasrules\":{\"Type\":0,\"IsNullable\":true,\"DefaultValue\":null,\"IsSerial\":false,\"IsUnique\":false,\"Idx\":6},\"hastriggers\":{\"Type\":0,\"IsNullable\":true,\"DefaultValue\":null,\"IsSerial\":false,\"IsUnique\":false,\"Idx\":7},\"rowsecurity\":{\"Type\":0,\"IsNullable\":true,\"DefaultValue\":null,\"IsSerial\":false,\"IsUnique\":false,\"Idx\":8},\"schemaname\":{\"Type\":0,\"IsNullable\":false,\"DefaultValue\":null,\"IsSerial\":false,\"IsUnique\":false,\"Idx\":1},\"schematable\":{\"Type\":0,\"IsNullable\":false,\"DefaultValue\":null,\"IsSerial\":false,\"IsUnique\":false,\"Idx\":2},\"tableowner\":{\"Type\":0,\"IsNullable\":true,\"DefaultValue\":null,\"IsSerial\":false,\"IsUnique\":false,\"Idx\":3},\"tablespace\":{\"Type\":0,\"IsNullable\":true,\"DefaultValue\":null,\"IsSerial\":false,\"IsUnique\":false,\"Idx\":4}},\"PrimaryKeys\":[1,2]}", "vclock": {"node1":26}}
2026-02-28T15:25:00.096+0300	DEBUG	logger/zap_logger.go:96	DEBUG: Parsed statement type: INSERT

2026-02-28T15:25:00.096+0300	DEBUG	logger/zap_logger.go:96	DEBUG: Insert into pg_catalog.pg_tables: [[pg_catalog pg_tables system NULL false false false false] [pg_catalog pg_columns system NULL false false false false] [pg_catalog pg_class system NULL false false false false] [pg_catalog pg_attribute system NULL false false false false] [pg_catalog pg_proc system NULL false false false false] [pg_catalog pg_type system NULL false false false false] [pg_catalog pg_namespace system NULL false false false false] [pg_catalog pg_database system NULL false false false false] [pg_catalog pg_tablespace system NULL false false false false] [pg_catalog pg_roles system NULL false false false false] [pg_catalog pg_stat_ssl system NULL false false false false] [pg_catalog pg_shdescription system NULL false false false false] [pg_catalog pg_am system NULL false false false false]]

2026-02-28T15:25:00.096+0300	DEBUG	logger/zap_logger.go:71	DEBUG: Table metadata:	{"meta": {"Name":"pg_catalog.pg_tables","Columns":{"hasindexes":{"Type":0,"IsNullable":true,"DefaultValue":null,"IsSerial":false,"IsUnique":false,"Idx":5},"hasrules":{"Type":0,"IsNullable":true,"DefaultValue":null,"IsSerial":false,"IsUnique":false,"Idx":6},"hastriggers":{"Type":0,"IsNullable":true,"DefaultValue":null,"IsSerial":false,"IsUnique":false,"Idx":7},"rowsecurity":{"Type":0,"IsNullable":true,"DefaultValue":null,"IsSerial":false,"IsUnique":false,"Idx":8},"schemaname":{"Type":0,"IsNullable":false,"DefaultValue":null,"IsSerial":false,"IsUnique":false,"Idx":1},"schematable":{"Type":0,"IsNullable":false,"DefaultValue":null,"IsSerial":false,"IsUnique":false,"Idx":2},"tableowner":{"Type":0,"IsNullable":true,"DefaultValue":null,"IsSerial":false,"IsUnique":false,"Idx":3},"tablespace":{"Type":0,"IsNullable":true,"DefaultValue":null,"IsSerial":false,"IsUnique":false,"Idx":4}},"PrimaryKeys":[1,2]}}
2026-02-28T15:25:00.096+0300	DEBUG	logger/zap_logger.go:71	DEBUG: Saved row: 	{"rowKey": "testdb:pg_catalog:pg_tables:row:pg_catalogpg_tables:", "rowData": "[\"pg_catalog\",\"pg_tables\",\"system\",\"NULL\",false,false,false,false]"}
2026-02-28T15:25:00.096+0300	DEBUG	logger/zap_logger.go:71	DEBUG: Saved row: 	{"rowKey": "testdb:pg_catalog:pg_tables:row:pg_catalogpg_columns:", "rowData": "[\"pg_catalog\",\"pg_columns\",\"system\",\"NULL\",false,false,false,false]"}
2026-02-28T15:25:00.096+0300	DEBUG	logger/zap_logger.go:71	DEBUG: Saved row: 	{"rowKey": "testdb:pg_catalog:pg_tables:row:pg_catalogpg_class:", "rowData": "[\"pg_catalog\",\"pg_class\",\"system\",\"NULL\",false,false,false,false]"}
2026-02-28T15:25:00.096+0300	DEBUG	logger/zap_logger.go:71	DEBUG: Saved row: 	{"rowKey": "testdb:pg_catalog:pg_tables:row:pg_catalogpg_attribute:", "rowData": "[\"pg_catalog\",\"pg_attribute\",\"system\",\"NULL\",false,false,false,false]"}
2026-02-28T15:25:00.096+0300	DEBUG	logger/zap_logger.go:71	DEBUG: Saved row: 	{"rowKey": "testdb:pg_catalog:pg_tables:row:pg_catalogpg_proc:", "rowData": "[\"pg_catalog\",\"pg_proc\",\"system\",\"NULL\",false,false,false,false]"}
2026-02-28T15:25:00.096+0300	DEBUG	logger/zap_logger.go:71	DEBUG: Saved row: 	{"rowKey": "testdb:pg_catalog:pg_tables:row:pg_catalogpg_type:", "rowData": "[\"pg_catalog\",\"pg_type\",\"system\",\"NULL\",false,false,false,false]"}
2026-02-28T15:25:00.096+0300	DEBUG	logger/zap_logger.go:71	DEBUG: Saved row: 	{"rowKey": "testdb:pg_catalog:pg_tables:row:pg_catalogpg_namespace:", "rowData": "[\"pg_catalog\",\"pg_namespace\",\"system\",\"NULL\",false,false,false,false]"}
2026-02-28T15:25:00.096+0300	DEBUG	logger/zap_logger.go:71	DEBUG: Saved row: 	{"rowKey": "testdb:pg_catalog:pg_tables:row:pg_catalogpg_database:", "rowData": "[\"pg_catalog\",\"pg_database\",\"system\",\"NULL\",false,false,false,false]"}
2026-02-28T15:25:00.096+0300	DEBUG	logger/zap_logger.go:71	DEBUG: Saved row: 	{"rowKey": "testdb:pg_catalog:pg_tables:row:pg_catalogpg_tablespace:", "rowData": "[\"pg_catalog\",\"pg_tablespace\",\"system\",\"NULL\",false,false,false,false]"}
2026-02-28T15:25:00.096+0300	DEBUG	logger/zap_logger.go:71	DEBUG: Saved row: 	{"rowKey": "testdb:pg_catalog:pg_tables:row:pg_catalogpg_roles:", "rowData": "[\"pg_catalog\",\"pg_roles\",\"system\",\"NULL\",false,false,false,false]"}
2026-02-28T15:25:00.096+0300	DEBUG	logger/zap_logger.go:71	DEBUG: Saved row: 	{"rowKey": "testdb:pg_catalog:pg_tables:row:pg_catalogpg_stat_ssl:", "rowData": "[\"pg_catalog\",\"pg_stat_ssl\",\"system\",\"NULL\",false,false,false,false]"}
2026-02-28T15:25:00.096+0300	DEBUG	logger/zap_logger.go:71	DEBUG: Saved row: 	{"rowKey": "testdb:pg_catalog:pg_tables:row:pg_catalogpg_shdescription:", "rowData": "[\"pg_catalog\",\"pg_shdescription\",\"system\",\"NULL\",false,false,false,false]"}
2026-02-28T15:25:00.096+0300	DEBUG	logger/zap_logger.go:71	DEBUG: Saved row: 	{"rowKey": "testdb:pg_catalog:pg_tables:row:pg_catalogpg_am:", "rowData": "[\"pg_catalog\",\"pg_am\",\"system\",\"NULL\",false,false,false,false]"}
2026-02-28T15:25:00.096+0300	INFO	logger/zap_logger.go:76	[SynchronizerVClock] Loaded key	{"key": "testdb:pg_catalog:pg_tables:row:pg_catalogpg_columns:", "value": "[\"pg_catalog\",\"pg_columns\",\"system\",\"NULL\",false,false,false,false]", "vclock": {"node1":27}}
2026-02-28T15:25:00.096+0300	INFO	logger/zap_logger.go:76	[SynchronizerVClock] Loaded key	{"key": "testdb:pg_catalog:pg_tables:row:pg_catalogpg_attribute:", "value": "[\"pg_catalog\",\"pg_attribute\",\"system\",\"NULL\",false,false,false,false]", "vclock": {"node1":28}}
2026-02-28T15:25:00.096+0300	DEBUG	logger/zap_logger.go:96	Executing: 


CREATE TABLE IF NOT EXISTS pg_catalog.pg_columns (
    table_schema TEXT,
    table_name TEXT,
    column_name TEXT,
    original_position INTEGER,
    column_default TEXT, -- TODO check default
    is_nullable BOOLEAN,
    data_type TEXT,
    character_maximum_length INTEGER, -- TODO check
    numeric_precision INTEGER, -- TODO check
    PRIMARY KEY (table_schema, table_name, column_name)
)
2026-02-28T15:25:00.096+0300	INFO	logger/zap_logger.go:76	[SynchronizerVClock] Loaded key	{"key": "testdb:pg_catalog:pg_tables:row:pg_catalogpg_proc:", "value": "[\"pg_catalog\",\"pg_proc\",\"system\",\"NULL\",false,false,false,false]", "vclock": {"node1":29}}
2026-02-28T15:25:00.096+0300	INFO	logger/zap_logger.go:76	[SynchronizerVClock] Loaded key	{"key": "testdb:pg_catalog:pg_tables:row:pg_catalogpg_namespace:", "value": "[\"pg_catalog\",\"pg_namespace\",\"system\",\"NULL\",false,false,false,false]", "vclock": {"node1":30}}
2026-02-28T15:25:00.096+0300	INFO	logger/zap_logger.go:76	[SynchronizerVClock] Loaded key	{"key": "testdb:pg_catalog:pg_tables:row:pg_catalogpg_database:", "value": "[\"pg_catalog\",\"pg_database\",\"system\",\"NULL\",false,false,false,false]", "vclock": {"node1":31}}
2026-02-28T15:25:00.096+0300	INFO	logger/zap_logger.go:76	[SynchronizerVClock] Loaded key	{"key": "testdb:pg_catalog:pg_tables:row:pg_catalogpg_tablespace:", "value": "[\"pg_catalog\",\"pg_tablespace\",\"system\",\"NULL\",false,false,false,false]", "vclock": {"node1":32}}
2026-02-28T15:25:00.096+0300	INFO	logger/zap_logger.go:76	[SynchronizerVClock] Loaded key	{"key": "testdb:pg_catalog:pg_tables:row:pg_catalogpg_roles:", "value": "[\"pg_catalog\",\"pg_roles\",\"system\",\"NULL\",false,false,false,false]", "vclock": {"node1":33}}
2026-02-28T15:25:00.096+0300	INFO	logger/zap_logger.go:76	[SynchronizerVClock] Loaded key	{"key": "testdb:pg_catalog:pg_tables:row:pg_catalogpg_tables:", "value": "[\"pg_catalog\",\"pg_tables\",\"system\",\"NULL\",false,false,false,false]", "vclock": {"node1":34}}
2026-02-28T15:25:00.096+0300	INFO	logger/zap_logger.go:76	[SynchronizerVClock] Loaded key	{"key": "testdb:pg_catalog:pg_tables:row:pg_catalogpg_class:", "value": "[\"pg_catalog\",\"pg_class\",\"system\",\"NULL\",false,false,false,false]", "vclock": {"node1":35}}
2026-02-28T15:25:00.096+0300	INFO	logger/zap_logger.go:76	[SynchronizerVClock] Loaded key	{"key": "testdb:pg_catalog:pg_tables:row:pg_catalogpg_type:", "value": "[\"pg_catalog\",\"pg_type\",\"system\",\"NULL\",false,false,false,false]", "vclock": {"node1":36}}
2026-02-28T15:25:00.096+0300	INFO	logger/zap_logger.go:76	[SynchronizerVClock] Loaded key	{"key": "testdb:pg_catalog:pg_tables:row:pg_catalogpg_stat_ssl:", "value": "[\"pg_catalog\",\"pg_stat_ssl\",\"system\",\"NULL\",false,false,false,false]", "vclock": {"node1":37}}
2026-02-28T15:25:00.096+0300	INFO	logger/zap_logger.go:76	[SynchronizerVClock] Loaded key	{"key": "testdb:pg_catalog:pg_tables:row:pg_catalogpg_shdescription:", "value": "[\"pg_catalog\",\"pg_shdescription\",\"system\",\"NULL\",false,false,false,false]", "vclock": {"node1":38}}
2026-02-28T15:25:00.096+0300	DEBUG	logger/zap_logger.go:96	DEBUG: Parsed statement type: CREATE_TABLE

2026-02-28T15:25:00.096+0300	INFO	logger/zap_logger.go:76	[SynchronizerVClock] Loaded key	{"key": "testdb:pg_catalog:pg_tables:row:pg_catalogpg_am:", "value": "[\"pg_catalog\",\"pg_am\",\"system\",\"NULL\",false,false,false,false]", "vclock": {"node1":39}}
2026-02-28T15:25:00.097+0300	INFO	logger/zap_logger.go:76	[SynchronizerVClock] Loaded key	{"key": "schema:testdb:pg_catalog:pg_columns:", "value": "{\"Name\":\"pg_catalog.pg_columns\",\"Columns\":{\"character_maximum_length\":{\"Type\":0,\"IsNullable\":true,\"DefaultValue\":null,\"IsSerial\":false,\"IsUnique\":false,\"Idx\":8},\"column_default\":{\"Type\":0,\"IsNullable\":true,\"DefaultValue\":null,\"IsSerial\":false,\"IsUnique\":false,\"Idx\":5},\"column_name\":{\"Type\":0,\"IsNullable\":false,\"DefaultValue\":null,\"IsSerial\":false,\"IsUnique\":false,\"Idx\":3},\"data_type\":{\"Type\":0,\"IsNullable\":true,\"DefaultValue\":null,\"IsSerial\":false,\"IsUnique\":false,\"Idx\":7},\"is_nullable\":{\"Type\":0,\"IsNullable\":true,\"DefaultValue\":null,\"IsSerial\":false,\"IsUnique\":false,\"Idx\":6},\"numeric_precision\":{\"Type\":0,\"IsNullable\":true,\"DefaultValue\":null,\"IsSerial\":false,\"IsUnique\":false,\"Idx\":9},\"original_position\":{\"Type\":0,\"IsNullable\":true,\"DefaultValue\":null,\"IsSerial\":false,\"IsUnique\":false,\"Idx\":4},\"table_name\":{\"Type\":0,\"IsNullable\":false,\"DefaultValue\":null,\"IsSerial\":false,\"IsUnique\":false,\"Idx\":2},\"table_schema\":{\"Type\":0,\"IsNullable\":false,\"DefaultValue\":null,\"IsSerial\":false,\"IsUnique\":false,\"Idx\":1}},\"PrimaryKeys\":[1,2,3]}", "vclock": {"node1":40}}
2026-02-28T15:25:00.097+0300	DEBUG	logger/zap_logger.go:96	Executing: 

INSERT INTO pg_catalog.pg_columns (table_schema, table_name, column_name, original_position, column_default, is_nullable, data_type, character_maximum_length, numeric_precision) VALUES
('pg_catalog', 'pg_tables',  'schemaname', 1, NULL, FALSE, 'TEXT', NULL, NULL),
('pg_catalog', 'pg_tables',  'schematable', 2, NULL, FALSE, 'TEXT', NULL, NULL),
('pg_catalog', 'pg_tables',  'tableowner', 3, NULL, FALSE, 'TEXT', NULL, NULL),
('pg_catalog', 'pg_tables',  'tablespace', 4, NULL, TRUE, 'TEXT', NULL, NULL),
('pg_catalog', 'pg_tables',  'hasindexes', 5, NULL, FALSE, 'BOOLEAN', NULL, NULL),
('pg_catalog', 'pg_tables',  'hasrules', 6, NULL, FALSE, 'BOOLEAN', NULL, NULL),
('pg_catalog', 'pg_tables',  'hastriggers', 7, NULL, FALSE, 'BOOLEAN', NULL, NULL),
('pg_catalog', 'pg_tables',  'rowsecurity', 8, NULL, FALSE, 'BOOLEAN', NULL, NULL)
2026-02-28T15:25:00.097+0300	DEBUG	logger/zap_logger.go:96	DEBUG: Parsed statement type: INSERT

2026-02-28T15:25:00.097+0300	DEBUG	logger/zap_logger.go:96	DEBUG: Insert into pg_catalog.pg_columns: [[pg_catalog pg_tables schemaname 1 NULL false TEXT NULL NULL] [pg_catalog pg_tables schematable 2 NULL false TEXT NULL NULL] [pg_catalog pg_tables tableowner 3 NULL false TEXT NULL NULL] [pg_catalog pg_tables tablespace 4 NULL true TEXT NULL NULL] [pg_catalog pg_tables hasindexes 5 NULL false BOOLEAN NULL NULL] [pg_catalog pg_tables hasrules 6 NULL false BOOLEAN NULL NULL] [pg_catalog pg_tables hastriggers 7 NULL false BOOLEAN NULL NULL] [pg_catalog pg_tables rowsecurity 8 NULL false BOOLEAN NULL NULL]]

2026-02-28T15:25:00.097+0300	DEBUG	logger/zap_logger.go:71	DEBUG: Table metadata:	{"meta": {"Name":"pg_catalog.pg_columns","Columns":{"character_maximum_length":{"Type":0,"IsNullable":true,"DefaultValue":null,"IsSerial":false,"IsUnique":false,"Idx":8},"column_default":{"Type":0,"IsNullable":true,"DefaultValue":null,"IsSerial":false,"IsUnique":false,"Idx":5},"column_name":{"Type":0,"IsNullable":false,"DefaultValue":null,"IsSerial":false,"IsUnique":false,"Idx":3},"data_type":{"Type":0,"IsNullable":true,"DefaultValue":null,"IsSerial":false,"IsUnique":false,"Idx":7},"is_nullable":{"Type":0,"IsNullable":true,"DefaultValue":null,"IsSerial":false,"IsUnique":false,"Idx":6},"numeric_precision":{"Type":0,"IsNullable":true,"DefaultValue":null,"IsSerial":false,"IsUnique":false,"Idx":9},"original_position":{"Type":0,"IsNullable":true,"DefaultValue":null,"IsSerial":false,"IsUnique":false,"Idx":4},"table_name":{"Type":0,"IsNullable":false,"DefaultValue":null,"IsSerial":false,"IsUnique":false,"Idx":2},"table_schema":{"Type":0,"IsNullable":false,"DefaultValue":null,"IsSerial":false,"IsUnique":false,"Idx":1}},"PrimaryKeys":[1,2,3]}}
2026-02-28T15:25:00.097+0300	DEBUG	logger/zap_logger.go:71	DEBUG: Saved row: 	{"rowKey": "testdb:pg_catalog:pg_columns:row:pg_catalogpg_tablesschemaname:", "rowData": "[\"pg_catalog\",\"pg_tables\",\"schemaname\",1,\"NULL\",false,\"TEXT\",\"NULL\",\"NULL\"]"}
2026-02-28T15:25:00.097+0300	DEBUG	logger/zap_logger.go:71	DEBUG: Saved row: 	{"rowKey": "testdb:pg_catalog:pg_columns:row:pg_catalogpg_tablesschematable:", "rowData": "[\"pg_catalog\",\"pg_tables\",\"schematable\",2,\"NULL\",false,\"TEXT\",\"NULL\",\"NULL\"]"}
2026-02-28T15:25:00.097+0300	DEBUG	logger/zap_logger.go:71	DEBUG: Saved row: 	{"rowKey": "testdb:pg_catalog:pg_columns:row:pg_catalogpg_tablestableowner:", "rowData": "[\"pg_catalog\",\"pg_tables\",\"tableowner\",3,\"NULL\",false,\"TEXT\",\"NULL\",\"NULL\"]"}
2026-02-28T15:25:00.097+0300	DEBUG	logger/zap_logger.go:71	DEBUG: Saved row: 	{"rowKey": "testdb:pg_catalog:pg_columns:row:pg_catalogpg_tablestablespace:", "rowData": "[\"pg_catalog\",\"pg_tables\",\"tablespace\",4,\"NULL\",true,\"TEXT\",\"NULL\",\"NULL\"]"}
2026-02-28T15:25:00.097+0300	DEBUG	logger/zap_logger.go:71	DEBUG: Saved row: 	{"rowKey": "testdb:pg_catalog:pg_columns:row:pg_catalogpg_tableshasindexes:", "rowData": "[\"pg_catalog\",\"pg_tables\",\"hasindexes\",5,\"NULL\",false,\"BOOLEAN\",\"NULL\",\"NULL\"]"}
2026-02-28T15:25:00.097+0300	DEBUG	logger/zap_logger.go:71	DEBUG: Saved row: 	{"rowKey": "testdb:pg_catalog:pg_columns:row:pg_catalogpg_tableshasrules:", "rowData": "[\"pg_catalog\",\"pg_tables\",\"hasrules\",6,\"NULL\",false,\"BOOLEAN\",\"NULL\",\"NULL\"]"}
2026-02-28T15:25:00.097+0300	DEBUG	logger/zap_logger.go:71	DEBUG: Saved row: 	{"rowKey": "testdb:pg_catalog:pg_columns:row:pg_catalogpg_tableshastriggers:", "rowData": "[\"pg_catalog\",\"pg_tables\",\"hastriggers\",7,\"NULL\",false,\"BOOLEAN\",\"NULL\",\"NULL\"]"}
2026-02-28T15:25:00.097+0300	DEBUG	logger/zap_logger.go:71	DEBUG: Saved row: 	{"rowKey": "testdb:pg_catalog:pg_columns:row:pg_catalogpg_tablesrowsecurity:", "rowData": "[\"pg_catalog\",\"pg_tables\",\"rowsecurity\",8,\"NULL\",false,\"BOOLEAN\",\"NULL\",\"NULL\"]"}
2026-02-28T15:25:00.097+0300	INFO	logger/zap_logger.go:76	[SynchronizerVClock] Loaded key	{"key": "testdb:pg_catalog:pg_columns:row:pg_catalogpg_tablestableowner:", "value": "[\"pg_catalog\",\"pg_tables\",\"tableowner\",3,\"NULL\",false,\"TEXT\",\"NULL\",\"NULL\"]", "vclock": {"node1":41}}
2026-02-28T15:25:00.097+0300	INFO	logger/zap_logger.go:76	[SynchronizerVClock] Loaded key	{"key": "testdb:pg_catalog:pg_columns:row:pg_catalogpg_tablestablespace:", "value": "[\"pg_catalog\",\"pg_tables\",\"tablespace\",4,\"NULL\",true,\"TEXT\",\"NULL\",\"NULL\"]", "vclock": {"node1":42}}
2026-02-28T15:25:00.097+0300	DEBUG	logger/zap_logger.go:96	Executing: 

CREATE TABLE IF NOT EXISTS pg_catalog.pg_class (
    oid INTEGER,
    relname TEXT,
    relnamespace INTEGER,
    reltype INTEGER,
    reloftype INTEGER,
    relowner INTEGER,
    relam INTEGER,
    relfilenode INTEGER,
    reltablespace INTEGER,
    relpages INTEGER,
    reltuples FLOAT,
    relallvisible INTEGER,
    reltoastrelid INTEGER,
    relhasindex BOOLEAN,
    relisshared BOOLEAN,
    relpersistence TEXT,
    relkind TEXT,
    relnatts INTEGER,
    relchecks INTEGER,
    relhasrules BOOLEAN,
    relhastriggers BOOLEAN,
    relhassubclass BOOLEAN,
    relrowsecurity BOOLEAN,
    relforcerowsecurity BOOLEAN,
    relispopulated BOOLEAN,
    relreplident TEXT,
    relispartition BOOLEAN,
    relrewrite INTEGER,
    relfrozenxid INTEGER,
    relminmxid INTEGER,
    PRIMARY KEY (oid)
)
2026-02-28T15:25:00.097+0300	INFO	logger/zap_logger.go:76	[SynchronizerVClock] Loaded key	{"key": "testdb:pg_catalog:pg_columns:row:pg_catalogpg_tableshasindexes:", "value": "[\"pg_catalog\",\"pg_tables\",\"hasindexes\",5,\"NULL\",false,\"BOOLEAN\",\"NULL\",\"NULL\"]", "vclock": {"node1":43}}
2026-02-28T15:25:00.097+0300	INFO	logger/zap_logger.go:76	[SynchronizerVClock] Loaded key	{"key": "testdb:pg_catalog:pg_columns:row:pg_catalogpg_tableshasrules:", "value": "[\"pg_catalog\",\"pg_tables\",\"hasrules\",6,\"NULL\",false,\"BOOLEAN\",\"NULL\",\"NULL\"]", "vclock": {"node1":44}}
2026-02-28T15:25:00.097+0300	INFO	logger/zap_logger.go:76	[SynchronizerVClock] Loaded key	{"key": "testdb:pg_catalog:pg_columns:row:pg_catalogpg_tableshastriggers:", "value": "[\"pg_catalog\",\"pg_tables\",\"hastriggers\",7,\"NULL\",false,\"BOOLEAN\",\"NULL\",\"NULL\"]", "vclock": {"node1":45}}
2026-02-28T15:25:00.097+0300	INFO	logger/zap_logger.go:76	[SynchronizerVClock] Loaded key	{"key": "testdb:pg_catalog:pg_columns:row:pg_catalogpg_tablesrowsecurity:", "value": "[\"pg_catalog\",\"pg_tables\",\"rowsecurity\",8,\"NULL\",false,\"BOOLEAN\",\"NULL\",\"NULL\"]", "vclock": {"node1":46}}
2026-02-28T15:25:00.097+0300	INFO	logger/zap_logger.go:76	[SynchronizerVClock] Loaded key	{"key": "testdb:pg_catalog:pg_columns:row:pg_catalogpg_tablesschemaname:", "value": "[\"pg_catalog\",\"pg_tables\",\"schemaname\",1,\"NULL\",false,\"TEXT\",\"NULL\",\"NULL\"]", "vclock": {"node1":47}}
2026-02-28T15:25:00.097+0300	INFO	logger/zap_logger.go:76	[SynchronizerVClock] Loaded key	{"key": "testdb:pg_catalog:pg_columns:row:pg_catalogpg_tablesschematable:", "value": "[\"pg_catalog\",\"pg_tables\",\"schematable\",2,\"NULL\",false,\"TEXT\",\"NULL\",\"NULL\"]", "vclock": {"node1":48}}
2026-02-28T15:25:00.098+0300	DEBUG	logger/zap_logger.go:96	DEBUG: Parsed statement type: CREATE_TABLE

2026-02-28T15:25:00.098+0300	DEBUG	logger/zap_logger.go:96	Executing: 

INSERT INTO pg_catalog.pg_class (
    oid, relname, relnamespace, reltype, reloftype, relowner,
    relam, relfilenode, reltablespace, relpages, reltuples,
    relallvisible, reltoastrelid, relhasindex, relisshared,
    relpersistence, relkind, relnatts, relchecks, relhasrules,
    relhastriggers, relhassubclass, relrowsecurity,
    relforcerowsecurity, relispopulated, relreplident,
    relispartition, relrewrite, relfrozenxid, relminmxid
) VALUES
(1259, 'pg_tables', 11, 0, 0, 10, 0, 0, 0, 0, 0.0, 0, 0, FALSE, FALSE, 'p', 'r', 8, 0, FALSE, FALSE, FALSE, FALSE, FALSE, TRUE, 'n', FALSE, 0, 0, 0),
(1260, 'pg_columns', 11, 0, 0, 10, 0, 0, 0, 0, 0.0, 0, 0, FALSE, FALSE, 'p', 'r', 9, 0, FALSE, FALSE, FALSE, FALSE, FALSE, TRUE, 'n', FALSE, 0, 0, 0),
(1261, 'pg_class', 11, 83, 0, 10, 0, 0, 0, 0, 0.0, 0, 0, FALSE, FALSE, 'p', 'r', 30, 0, FALSE, FALSE, FALSE, FALSE, FALSE, TRUE, 'n', FALSE, 0, 0, 0),
(1249, 'pg_attribute', 11, 75, 0, 10, 0, 0, 0, 0, 0.0, 0, 0, FALSE, FALSE, 'p', 'r', 23, 0, FALSE, FALSE, FALSE, FALSE, FALSE, TRUE, 'n', FALSE, 0, 0, 0),
(1255, 'pg_proc', 11, 81, 0, 10, 0, 0, 0, 0, 0.0, 0, 0, FALSE, FALSE, 'p', 'r', 29, 0, FALSE, FALSE, FALSE, FALSE, FALSE, TRUE, 'n', FALSE, 0, 0, 0),
(1247, 'pg_type', 11, 71, 0, 10, 0, 0, 0, 0, 0.0, 0, 0, FALSE, FALSE, 'p', 'r', 31, 0, FALSE, FALSE, FALSE, FALSE, FALSE, TRUE, 'n', FALSE, 0, 0, 0),
(2615, 'pg_namespace', 11, 2615, 0, 10, 0, 0, 0, 0, 0.0, 0, 0, FALSE, FALSE, 'p', 'r', 4, 0, FALSE, FALSE, FALSE, FALSE, FALSE, TRUE, 'n', FALSE, 0, 0, 0),
(1262, 'pg_database', 11, 1248, 0, 10, 0, 0, 0, 0, 0.0, 0, 0, FALSE, FALSE, 'p', 'r', 14, 0, FALSE, FALSE, FALSE, FALSE, FALSE, TRUE, 'n', FALSE, 0, 0, 0),
(1213, 'pg_tablespace', 11, 1213, 0, 10, 0, 0, 0, 0, 0.0, 0, 0, FALSE, FALSE, 'p', 'r', 5, 0, FALSE, FALSE, FALSE, FALSE, FALSE, TRUE, 'n', FALSE, 0, 0, 0),
(1263, 'pg_shdescription', 11, 0, 0, 10, 0, 0, 0, 0, 0.0, 0, 0, FALSE, FALSE, 'p', 'r', 4, 0, FALSE, FALSE, FALSE, FALSE, FALSE, TRUE, 'n', FALSE, 0, 0, 0),
(2601, 'pg_am', 11, 0, 0, 10, 0, 0, 0, 0, 0.0, 0, 0, FALSE, FALSE, 'p', 'r', 4, 0, FALSE, FALSE, FALSE, FALSE, FALSE, TRUE, 'n', FALSE, 0, 0, 0)
2026-02-28T15:25:00.098+0300	INFO	logger/zap_logger.go:76	[SynchronizerVClock] Loaded key	{"key": "schema:testdb:pg_catalog:pg_class:", "value": "{\"Name\":\"pg_catalog.pg_class\",\"Columns\":{\"oid\":{\"Type\":0,\"IsNullable\":false,\"DefaultValue\":null,\"IsSerial\":false,\"IsUnique\":false,\"Idx\":1},\"relallvisible\":{\"Type\":0,\"IsNullable\":true,\"DefaultValue\":null,\"IsSerial\":false,\"IsUnique\":false,\"Idx\":12},\"relam\":{\"Type\":0,\"IsNullable\":true,\"DefaultValue\":null,\"IsSerial\":false,\"IsUnique\":false,\"Idx\":7},\"relchecks\":{\"Type\":0,\"IsNullable\":true,\"DefaultValue\":null,\"IsSerial\":false,\"IsUnique\":false,\"Idx\":19},\"relfilenode\":{\"Type\":0,\"IsNullable\":true,\"DefaultValue\":null,\"IsSerial\":false,\"IsUnique\":false,\"Idx\":8},\"relforcerowsecurity\":{\"Type\":0,\"IsNullable\":true,\"DefaultValue\":null,\"IsSerial\":false,\"IsUnique\":false,\"Idx\":24},\"relfrozenxid\":{\"Type\":0,\"IsNullable\":true,\"DefaultValue\":null,\"IsSerial\":false,\"IsUnique\":false,\"Idx\":29},\"relhasindex\":{\"Type\":0,\"IsNullable\":true,\"DefaultValue\":null,\"IsSerial\":false,\"IsUnique\":false,\"Idx\":14},\"relhasrules\":{\"Type\":0,\"IsNullable\":true,\"DefaultValue\":null,\"IsSerial\":false,\"IsUnique\":false,\"Idx\":20},\"relhassubclass\":{\"Type\":0,\"IsNullable\":true,\"DefaultValue\":null,\"IsSerial\":false,\"IsUnique\":false,\"Idx\":22},\"relhastriggers\":{\"Type\":0,\"IsNullable\":true,\"DefaultValue\":null,\"IsSerial\":false,\"IsUnique\":false,\"Idx\":21},\"relispartition\":{\"Type\":0,\"IsNullable\":true,\"DefaultValue\":null,\"IsSerial\":false,\"IsUnique\":false,\"Idx\":27},\"relispopulated\":{\"Type\":0,\"IsNullable\":true,\"DefaultValue\":null,\"IsSerial\":false,\"IsUnique\":false,\"Idx\":25},\"relisshared\":{\"Type\":0,\"IsNullable\":true,\"DefaultValue\":null,\"IsSerial\":false,\"IsUnique\":false,\"Idx\":15},\"relkind\":{\"Type\":0,\"IsNullable\":true,\"DefaultValue\":null,\"IsSerial\":false,\"IsUnique\":false,\"Idx\":17},\"relminmxid\":{\"Type\":0,\"IsNullable\":true,\"DefaultValue\":null,\"IsSerial\":false,\"IsUnique\":false,\"Idx\":30},\"relname\":{\"Type\":0,\"IsNullable\":true,\"DefaultValue\":null,\"IsSerial\":false,\"IsUnique\":false,\"Idx\":2},\"relnamespace\":{\"Type\":0,\"IsNullable\":true,\"DefaultValue\":null,\"IsSerial\":false,\"IsUnique\":false,\"Idx\":3},\"relnatts\":{\"Type\":0,\"IsNullable\":true,\"DefaultValue\":null,\"IsSerial\":false,\"IsUnique\":false,\"Idx\":18},\"reloftype\":{\"Type\":0,\"IsNullable\":true,\"DefaultValue\":null,\"IsSerial\":false,\"IsUnique\":false,\"Idx\":5},\"relowner\":{\"Type\":0,\"IsNullable\":true,\"DefaultValue\":null,\"IsSerial\":false,\"IsUnique\":false,\"Idx\":6},\"relpages\":{\"Type\":0,\"IsNullable\":true,\"DefaultValue\":null,\"IsSerial\":false,\"IsUnique\":false,\"Idx\":10},\"relpersistence\":{\"Type\":0,\"IsNullable\":true,\"DefaultValue\":null,\"IsSerial\":false,\"IsUnique\":false,\"Idx\":16},\"relreplident\":{\"Type\":0,\"IsNullable\":true,\"DefaultValue\":null,\"IsSerial\":false,\"IsUnique\":false,\"Idx\":26},\"relrewrite\":{\"Type\":0,\"IsNullable\":true,\"DefaultValue\":null,\"IsSerial\":false,\"IsUnique\":false,\"Idx\":28},\"relrowsecurity\":{\"Type\":0,\"IsNullable\":true,\"DefaultValue\":null,\"IsSerial\":false,\"IsUnique\":false,\"Idx\":23},\"reltablespace\":{\"Type\":0,\"IsNullable\":true,\"DefaultValue\":null,\"IsSerial\":false,\"IsUnique\":false,\"Idx\":9},\"reltoastrelid\":{\"Type\":0,\"IsNullable\":true,\"DefaultValue\":null,\"IsSerial\":false,\"IsUnique\":false,\"Idx\":13},\"reltuples\":{\"Type\":3,\"IsNullable\":true,\"DefaultValue\":null,\"IsSerial\":false,\"IsUnique\":false,\"Idx\":11},\"reltype\":{\"Type\":0,\"IsNullable\":true,\"DefaultValue\":null,\"IsSerial\":false,\"IsUnique\":false,\"Idx\":4}},\"PrimaryKeys\":[1]}", "vclock": {"node1":49}}
2026-02-28T15:25:00.099+0300	DEBUG	logger/zap_logger.go:96	DEBUG: Parsed statement type: INSERT

2026-02-28T15:25:00.099+0300	DEBUG	logger/zap_logger.go:96	DEBUG: Insert into pg_catalog.pg_class: [[1259 pg_tables 11 0 0 10 0 0 0 0 0 0 0 false false p r 8 0 false false false false false true n false 0 0 0] [1260 pg_columns 11 0 0 10 0 0 0 0 0 0 0 false false p r 9 0 false false false false false true n false 0 0 0] [1261 pg_class 11 83 0 10 0 0 0 0 0 0 0 false false p r 30 0 false false false false false true n false 0 0 0] [1249 pg_attribute 11 75 0 10 0 0 0 0 0 0 0 false false p r 23 0 false false false false false true n false 0 0 0] [1255 pg_proc 11 81 0 10 0 0 0 0 0 0 0 false false p r 29 0 false false false false false true n false 0 0 0] [1247 pg_type 11 71 0 10 0 0 0 0 0 0 0 false false p r 31 0 false false false false false true n false 0 0 0] [2615 pg_namespace 11 2615 0 10 0 0 0 0 0 0 0 false false p r 4 0 false false false false false true n false 0 0 0] [1262 pg_database 11 1248 0 10 0 0 0 0 0 0 0 false false p r 14 0 false false false false false true n false 0 0 0] [1213 pg_tablespace 11 1213 0 10 0 0 0 0 0 0 0 false false p r 5 0 false false false false false true n false 0 0 0] [1263 pg_shdescription 11 0 0 10 0 0 0 0 0 0 0 false false p r 4 0 false false false false false true n false 0 0 0] [2601 pg_am 11 0 0 10 0 0 0 0 0 0 0 false false p r 4 0 false false false false false true n false 0 0 0]]

2026-02-28T15:25:00.099+0300	DEBUG	logger/zap_logger.go:71	DEBUG: Table metadata:	{"meta": {"Name":"pg_catalog.pg_class","Columns":{"oid":{"Type":0,"IsNullable":false,"DefaultValue":null,"IsSerial":false,"IsUnique":false,"Idx":1},"relallvisible":{"Type":0,"IsNullable":true,"DefaultValue":null,"IsSerial":false,"IsUnique":false,"Idx":12},"relam":{"Type":0,"IsNullable":true,"DefaultValue":null,"IsSerial":false,"IsUnique":false,"Idx":7},"relchecks":{"Type":0,"IsNullable":true,"DefaultValue":null,"IsSerial":false,"IsUnique":false,"Idx":19},"relfilenode":{"Type":0,"IsNullable":true,"DefaultValue":null,"IsSerial":false,"IsUnique":false,"Idx":8},"relforcerowsecurity":{"Type":0,"IsNullable":true,"DefaultValue":null,"IsSerial":false,"IsUnique":false,"Idx":24},"relfrozenxid":{"Type":0,"IsNullable":true,"DefaultValue":null,"IsSerial":false,"IsUnique":false,"Idx":29},"relhasindex":{"Type":0,"IsNullable":true,"DefaultValue":null,"IsSerial":false,"IsUnique":false,"Idx":14},"relhasrules":{"Type":0,"IsNullable":true,"DefaultValue":null,"IsSerial":false,"IsUnique":false,"Idx":20},"relhassubclass":{"Type":0,"IsNullable":true,"DefaultValue":null,"IsSerial":false,"IsUnique":false,"Idx":22},"relhastriggers":{"Type":0,"IsNullable":true,"DefaultValue":null,"IsSerial":false,"IsUnique":false,"Idx":21},"relispartition":{"Type":0,"IsNullable":true,"DefaultValue":null,"IsSerial":false,"IsUnique":false,"Idx":27},"relispopulated":{"Type":0,"IsNullable":true,"DefaultValue":null,"IsSerial":false,"IsUnique":false,"Idx":25},"relisshared":{"Type":0,"IsNullable":true,"DefaultValue":null,"IsSerial":false,"IsUnique":false,"Idx":15},"relkind":{"Type":0,"IsNullable":true,"DefaultValue":null,"IsSerial":false,"IsUnique":false,"Idx":17},"relminmxid":{"Type":0,"IsNullable":true,"DefaultValue":null,"IsSerial":false,"IsUnique":false,"Idx":30},"relname":{"Type":0,"IsNullable":true,"DefaultValue":null,"IsSerial":false,"IsUnique":false,"Idx":2},"relnamespace":{"Type":0,"IsNullable":true,"DefaultValue":null,"IsSerial":false,"IsUnique":false,"Idx":3},"relnatts":{"Type":0,"IsNullable":true,"DefaultValue":null,"IsSerial":false,"IsUnique":false,"Idx":18},"reloftype":{"Type":0,"IsNullable":true,"DefaultValue":null,"IsSerial":false,"IsUnique":false,"Idx":5},"relowner":{"Type":0,"IsNullable":true,"DefaultValue":null,"IsSerial":false,"IsUnique":false,"Idx":6},"relpages":{"Type":0,"IsNullable":true,"DefaultValue":null,"IsSerial":false,"IsUnique":false,"Idx":10},"relpersistence":{"Type":0,"IsNullable":true,"DefaultValue":null,"IsSerial":false,"IsUnique":false,"Idx":16},"relreplident":{"Type":0,"IsNullable":true,"DefaultValue":null,"IsSerial":false,"IsUnique":false,"Idx":26},"relrewrite":{"Type":0,"IsNullable":true,"DefaultValue":null,"IsSerial":false,"IsUnique":false,"Idx":28},"relrowsecurity":{"Type":0,"IsNullable":true,"DefaultValue":null,"IsSerial":false,"IsUnique":false,"Idx":23},"reltablespace":{"Type":0,"IsNullable":true,"DefaultValue":null,"IsSerial":false,"IsUnique":false,"Idx":9},"reltoastrelid":{"Type":0,"IsNullable":true,"DefaultValue":null,"IsSerial":false,"IsUnique":false,"Idx":13},"reltuples":{"Type":3,"IsNullable":true,"DefaultValue":null,"IsSerial":false,"IsUnique":false,"Idx":11},"reltype":{"Type":0,"IsNullable":true,"DefaultValue":null,"IsSerial":false,"IsUnique":false,"Idx":4}},"PrimaryKeys":[1]}}
2026-02-28T15:25:00.099+0300	DEBUG	logger/zap_logger.go:71	DEBUG: Saved row: 	{"rowKey": "testdb:pg_catalog:pg_class:row:1259:", "rowData": "[1259,\"pg_tables\",11,0,0,10,0,0,0,0,0,0,0,false,false,\"p\",\"r\",8,0,false,false,false,false,false,true,\"n\",false,0,0,0]"}
2026-02-28T15:25:00.099+0300	DEBUG	logger/zap_logger.go:71	DEBUG: Saved row: 	{"rowKey": "testdb:pg_catalog:pg_class:row:1260:", "rowData": "[1260,\"pg_columns\",11,0,0,10,0,0,0,0,0,0,0,false,false,\"p\",\"r\",9,0,false,false,false,false,false,true,\"n\",false,0,0,0]"}
2026-02-28T15:25:00.099+0300	DEBUG	logger/zap_logger.go:71	DEBUG: Saved row: 	{"rowKey": "testdb:pg_catalog:pg_class:row:1261:", "rowData": "[1261,\"pg_class\",11,83,0,10,0,0,0,0,0,0,0,false,false,\"p\",\"r\",30,0,false,false,false,false,false,true,\"n\",false,0,0,0]"}
2026-02-28T15:25:00.099+0300	DEBUG	logger/zap_logger.go:71	DEBUG: Saved row: 	{"rowKey": "testdb:pg_catalog:pg_class:row:1249:", "rowData": "[1249,\"pg_attribute\",11,75,0,10,0,0,0,0,0,0,0,false,false,\"p\",\"r\",23,0,false,false,false,false,false,true,\"n\",false,0,0,0]"}
2026-02-28T15:25:00.099+0300	DEBUG	logger/zap_logger.go:71	DEBUG: Saved row: 	{"rowKey": "testdb:pg_catalog:pg_class:row:1255:", "rowData": "[1255,\"pg_proc\",11,81,0,10,0,0,0,0,0,0,0,false,false,\"p\",\"r\",29,0,false,false,false,false,false,true,\"n\",false,0,0,0]"}
2026-02-28T15:25:00.099+0300	DEBUG	logger/zap_logger.go:71	DEBUG: Saved row: 	{"rowKey": "testdb:pg_catalog:pg_class:row:1247:", "rowData": "[1247,\"pg_type\",11,71,0,10,0,0,0,0,0,0,0,false,false,\"p\",\"r\",31,0,false,false,false,false,false,true,\"n\",false,0,0,0]"}
2026-02-28T15:25:00.099+0300	DEBUG	logger/zap_logger.go:71	DEBUG: Saved row: 	{"rowKey": "testdb:pg_catalog:pg_class:row:2615:", "rowData": "[2615,\"pg_namespace\",11,2615,0,10,0,0,0,0,0,0,0,false,false,\"p\",\"r\",4,0,false,false,false,false,false,true,\"n\",false,0,0,0]"}
2026-02-28T15:25:00.099+0300	DEBUG	logger/zap_logger.go:71	DEBUG: Saved row: 	{"rowKey": "testdb:pg_catalog:pg_class:row:1262:", "rowData": "[1262,\"pg_database\",11,1248,0,10,0,0,0,0,0,0,0,false,false,\"p\",\"r\",14,0,false,false,false,false,false,true,\"n\",false,0,0,0]"}
2026-02-28T15:25:00.099+0300	DEBUG	logger/zap_logger.go:71	DEBUG: Saved row: 	{"rowKey": "testdb:pg_catalog:pg_class:row:1213:", "rowData": "[1213,\"pg_tablespace\",11,1213,0,10,0,0,0,0,0,0,0,false,false,\"p\",\"r\",5,0,false,false,false,false,false,true,\"n\",false,0,0,0]"}
2026-02-28T15:25:00.099+0300	DEBUG	logger/zap_logger.go:71	DEBUG: Saved row: 	{"rowKey": "testdb:pg_catalog:pg_class:row:1263:", "rowData": "[1263,\"pg_shdescription\",11,0,0,10,0,0,0,0,0,0,0,false,false,\"p\",\"r\",4,0,false,false,false,false,false,true,\"n\",false,0,0,0]"}
2026-02-28T15:25:00.099+0300	DEBUG	logger/zap_logger.go:71	DEBUG: Saved row: 	{"rowKey": "testdb:pg_catalog:pg_class:row:2601:", "rowData": "[2601,\"pg_am\",11,0,0,10,0,0,0,0,0,0,0,false,false,\"p\",\"r\",4,0,false,false,false,false,false,true,\"n\",false,0,0,0]"}
2026-02-28T15:25:00.099+0300	INFO	logger/zap_logger.go:76	[SynchronizerVClock] Loaded key	{"key": "testdb:pg_catalog:pg_class:row:1247:", "value": "[1247,\"pg_type\",11,71,0,10,0,0,0,0,0,0,0,false,false,\"p\",\"r\",31,0,false,false,false,false,false,true,\"n\",false,0,0,0]", "vclock": {"node1":50}}
2026-02-28T15:25:00.100+0300	INFO	logger/zap_logger.go:76	[SynchronizerVClock] Loaded key	{"key": "testdb:pg_catalog:pg_class:row:1263:", "value": "[1263,\"pg_shdescription\",11,0,0,10,0,0,0,0,0,0,0,false,false,\"p\",\"r\",4,0,false,false,false,false,false,true,\"n\",false,0,0,0]", "vclock": {"node1":51}}
2026-02-28T15:25:00.100+0300	INFO	logger/zap_logger.go:76	[SynchronizerVClock] Loaded key	{"key": "testdb:pg_catalog:pg_class:row:2601:", "value": "[2601,\"pg_am\",11,0,0,10,0,0,0,0,0,0,0,false,false,\"p\",\"r\",4,0,false,false,false,false,false,true,\"n\",false,0,0,0]", "vclock": {"node1":52}}
2026-02-28T15:25:00.100+0300	INFO	logger/zap_logger.go:76	[SynchronizerVClock] Loaded key	{"key": "testdb:pg_catalog:pg_class:row:1259:", "value": "[1259,\"pg_tables\",11,0,0,10,0,0,0,0,0,0,0,false,false,\"p\",\"r\",8,0,false,false,false,false,false,true,\"n\",false,0,0,0]", "vclock": {"node1":53}}
2026-02-28T15:25:00.100+0300	INFO	logger/zap_logger.go:76	[SynchronizerVClock] Loaded key	{"key": "testdb:pg_catalog:pg_class:row:1255:", "value": "[1255,\"pg_proc\",11,81,0,10,0,0,0,0,0,0,0,false,false,\"p\",\"r\",29,0,false,false,false,false,false,true,\"n\",false,0,0,0]", "vclock": {"node1":54}}
2026-02-28T15:25:00.100+0300	INFO	logger/zap_logger.go:76	[SynchronizerVClock] Loaded key	{"key": "testdb:pg_catalog:pg_class:row:2615:", "value": "[2615,\"pg_namespace\",11,2615,0,10,0,0,0,0,0,0,0,false,false,\"p\",\"r\",4,0,false,false,false,false,false,true,\"n\",false,0,0,0]", "vclock": {"node1":55}}
2026-02-28T15:25:00.100+0300	DEBUG	logger/zap_logger.go:96	Executing: 

CREATE TABLE IF NOT EXISTS pg_catalog.pg_attribute (
    attrelid INTEGER,
    attname TEXT,
    atttypid INT,
    attstattarget INT,
    attlen INT,
    attnum INT,
    attndims INT,
    attcacheoff INT,
    atttypmod INT,
    attbyval BOOLEAN,
    attstorage CHAR(1),
    attalign CHAR(1),
    attnotnull BOOLEAN,
    atthasdef BOOLEAN,
    attidentity CHAR(1),
    attgenerated CHAR(1),
    attisdropped BOOLEAN,
    attislocal BOOLEAN,
    attinhcount INT,
    attcollation INT,
    attacl TEXT,
    attoptions TEXT,
    attfdwoptions TEXT,
    PRIMARY KEY (attrelid, attname)
)
2026-02-28T15:25:00.100+0300	INFO	logger/zap_logger.go:76	[SynchronizerVClock] Loaded key	{"key": "testdb:pg_catalog:pg_class:row:1262:", "value": "[1262,\"pg_database\",11,1248,0,10,0,0,0,0,0,0,0,false,false,\"p\",\"r\",14,0,false,false,false,false,false,true,\"n\",false,0,0,0]", "vclock": {"node1":56}}
2026-02-28T15:25:00.100+0300	INFO	logger/zap_logger.go:76	[SynchronizerVClock] Loaded key	{"key": "testdb:pg_catalog:pg_class:row:1213:", "value": "[1213,\"pg_tablespace\",11,1213,0,10,0,0,0,0,0,0,0,false,false,\"p\",\"r\",5,0,false,false,false,false,false,true,\"n\",false,0,0,0]", "vclock": {"node1":57}}
2026-02-28T15:25:00.100+0300	INFO	logger/zap_logger.go:76	[SynchronizerVClock] Loaded key	{"key": "testdb:pg_catalog:pg_class:row:1260:", "value": "[1260,\"pg_columns\",11,0,0,10,0,0,0,0,0,0,0,false,false,\"p\",\"r\",9,0,false,false,false,false,false,true,\"n\",false,0,0,0]", "vclock": {"node1":58}}
2026-02-28T15:25:00.100+0300	INFO	logger/zap_logger.go:76	[SynchronizerVClock] Loaded key	{"key": "testdb:pg_catalog:pg_class:row:1261:", "value": "[1261,\"pg_class\",11,83,0,10,0,0,0,0,0,0,0,false,false,\"p\",\"r\",30,0,false,false,false,false,false,true,\"n\",false,0,0,0]", "vclock": {"node1":59}}
2026-02-28T15:25:00.100+0300	INFO	logger/zap_logger.go:76	[SynchronizerVClock] Loaded key	{"key": "testdb:pg_catalog:pg_class:row:1249:", "value": "[1249,\"pg_attribute\",11,75,0,10,0,0,0,0,0,0,0,false,false,\"p\",\"r\",23,0,false,false,false,false,false,true,\"n\",false,0,0,0]", "vclock": {"node1":60}}
2026-02-28T15:25:00.100+0300	DEBUG	logger/zap_logger.go:96	DEBUG: Parsed statement type: CREATE_TABLE

2026-02-28T15:25:00.100+0300	DEBUG	logger/zap_logger.go:96	Executing: 

INSERT INTO pg_catalog.pg_attribute (attrelid, attname, atttypid, attstattarget, attlen, attnum, attndims, attcacheoff, atttypmod, attbyval, attstorage, attalign, attnotnull, atthasdef, attidentity, attgenerated, attisdropped, attislocal, attinhcount, attcollation, attacl, attoptions, attfdwoptions) VALUES
(1, 'schemaname', 25, -1, -1, 1, 0, -1, -1, FALSE, 'p', 'i', FALSE, FALSE, '', '', FALSE, TRUE, 0, 0, NULL, NULL, NULL),
(1, 'schematable', 25, -1, -1, 2, 0, -1, -1, FALSE, 'p', 'i', FALSE, FALSE, '', '', FALSE, TRUE, 0, 0, NULL, NULL, NULL),
(1, 'tableowner', 25, -1, -1, 3, 0, -1, -1, FALSE, 'p', 'i', FALSE, FALSE, '', '', FALSE, TRUE, 0, 0, NULL, NULL, NULL),
(1, 'tablespace', 25, -1, -1, 4, 0, -1, -1, FALSE, 'p', 'i', TRUE, FALSE, '', '', FALSE, TRUE, 0, 0, NULL, NULL, NULL),
(1, 'hasindexes', 16, -1, 1, 5, 0, -1, -1, FALSE, 'p', 'i', FALSE, FALSE, '', '', FALSE, TRUE, 0, 0,NULL , NULL , NULL),
(1,'hasrules',16,-1 ,1 ,6 ,0 ,-1 ,-1 ,FALSE ,'p' ,'i' ,FALSE ,FALSE ,'' ,'' ,FALSE ,TRUE ,0 ,0 ,NULL ,NULL ,NULL),
(1,'hastriggers',16 ,-1 ,1 ,7 ,0 ,-1 ,-1 ,FALSE ,'p' ,'i' ,FALSE ,FALSE ,'' ,'' ,FALSE ,TRUE ,0 ,0 ,NULL ,NULL ,NULL),
(1,'rowsecurity',16 ,-1 ,1 ,8 ,0 ,-1 ,-1 ,FALSE ,'p' ,'i' ,FALSE ,FALSE ,'' ,'' ,FALSE ,TRUE ,0 ,0 ,NULL ,NULL ,NULL),
(2, 'table_schema', 25, -1, -1, 1, 0, -1, -1, FALSE, 'p', 'i', FALSE, FALSE, '', '', FALSE, TRUE, 0, 0, NULL, NULL, NULL),
(2, 'table_name', 25, -1, -1, 2, 0, -1, -1, FALSE, 'p', 'i', FALSE, FALSE, '', '', FALSE, TRUE, 0, 0, NULL, NULL, NULL),
(2, 'column_name', 25, -1, -1, 3, 0, -1, -1, FALSE, 'p', 'i', FALSE, FALSE, '', '', FALSE, TRUE, 0, 0, NULL, NULL, NULL),
(2, 'original_position', 23, -1, 4, 4, 0, -1, -1, FALSE, 'p', 'i', FALSE, FALSE, '', '', FALSE, TRUE, 0, 0, NULL, NULL, NULL),
(2, 'column_default', 25, -1, -1, 5, 0, -1, -1, TRUE, 'p', 'i', TRUE, FALSE, '', '', FALSE, TRUE, 0, 0, NULL, NULL, NULL),
(2, 'is_nullable', 16, -1, 1, 6, 0, -1, -1, FALSE, 'p', 'i', FALSE, FALSE, '', '', FALSE, TRUE, 0, 0, NULL, NULL, NULL),
(2, 'data_type', 25, -1, -1, 7, 0, -1, -1, FALSE, 'p', 'i', FALSE, FALSE, '', '', FALSE, TRUE, 0, 0, NULL, NULL, NULL),
(2, 'character_maximum_length', 23, -1, 4, 8, 0, -1, -1, TRUE, 'p', 'i', TRUE, FALSE, '', '', FALSE, TRUE, 0, 0, NULL, NULL, NULL),
(2, 'numeric_precision', 23, -1, 4, 9, 0, -1, -1, TRUE, 'p', 'i', TRUE, FALSE, '', '', FALSE, TRUE, 0, 0, NULL, NULL, NULL)
2026-02-28T15:25:00.100+0300	INFO	logger/zap_logger.go:76	[SynchronizerVClock] Loaded key	{"key": "schema:testdb:pg_catalog:pg_attribute:", "value": "{\"Name\":\"pg_catalog.pg_attribute\",\"Columns\":{\"attacl\":{\"Type\":0,\"IsNullable\":true,\"DefaultValue\":null,\"IsSerial\":false,\"IsUnique\":false,\"Idx\":21},\"attalign\":{\"Type\":0,\"IsNullable\":true,\"DefaultValue\":null,\"IsSerial\":false,\"IsUnique\":false,\"Idx\":12},\"attbyval\":{\"Type\":0,\"IsNullable\":true,\"DefaultValue\":null,\"IsSerial\":false,\"IsUnique\":false,\"Idx\":10},\"attcacheoff\":{\"Type\":1,\"IsNullable\":true,\"DefaultValue\":null,\"IsSerial\":false,\"IsUnique\":false,\"Idx\":8},\"attcollation\":{\"Type\":1,\"IsNullable\":true,\"DefaultValue\":null,\"IsSerial\":false,\"IsUnique\":false,\"Idx\":20},\"attfdwoptions\":{\"Type\":0,\"IsNullable\":true,\"DefaultValue\":null,\"IsSerial\":false,\"IsUnique\":false,\"Idx\":23},\"attgenerated\":{\"Type\":0,\"IsNullable\":true,\"DefaultValue\":null,\"IsSerial\":false,\"IsUnique\":false,\"Idx\":16},\"atthasdef\":{\"Type\":0,\"IsNullable\":true,\"DefaultValue\":null,\"IsSerial\":false,\"IsUnique\":false,\"Idx\":14},\"attidentity\":{\"Type\":0,\"IsNullable\":true,\"DefaultValue\":null,\"IsSerial\":false,\"IsUnique\":false,\"Idx\":15},\"attinhcount\":{\"Type\":1,\"IsNullable\":true,\"DefaultValue\":null,\"IsSerial\":false,\"IsUnique\":false,\"Idx\":19},\"attisdropped\":{\"Type\":0,\"IsNullable\":true,\"DefaultValue\":null,\"IsSerial\":false,\"IsUnique\":false,\"Idx\":17},\"attislocal\":{\"Type\":0,\"IsNullable\":true,\"DefaultValue\":null,\"IsSerial\":false,\"IsUnique\":false,\"Idx\":18},\"attlen\":{\"Type\":1,\"IsNullable\":true,\"DefaultValue\":null,\"IsSerial\":false,\"IsUnique\":false,\"Idx\":5},\"attname\":{\"Type\":0,\"IsNullable\":false,\"DefaultValue\":null,\"IsSerial\":false,\"IsUnique\":false,\"Idx\":2},\"attndims\":{\"Type\":1,\"IsNullable\":true,\"DefaultValue\":null,\"IsSerial\":false,\"IsUnique\":false,\"Idx\":7},\"attnotnull\":{\"Type\":0,\"IsNullable\":true,\"DefaultValue\":null,\"IsSerial\":false,\"IsUnique\":false,\"Idx\":13},\"attnum\":{\"Type\":1,\"IsNullable\":true,\"DefaultValue\":null,\"IsSerial\":false,\"IsUnique\":false,\"Idx\":6},\"attoptions\":{\"Type\":0,\"IsNullable\":true,\"DefaultValue\":null,\"IsSerial\":false,\"IsUnique\":false,\"Idx\":22},\"attrelid\":{\"Type\":0,\"IsNullable\":false,\"DefaultValue\":null,\"IsSerial\":false,\"IsUnique\":false,\"Idx\":1},\"attstattarget\":{\"Type\":1,\"IsNullable\":true,\"DefaultValue\":null,\"IsSerial\":false,\"IsUnique\":false,\"Idx\":4},\"attstorage\":{\"Type\":0,\"IsNullable\":true,\"DefaultValue\":null,\"IsSerial\":false,\"IsUnique\":false,\"Idx\":11},\"atttypid\":{\"Type\":1,\"IsNullable\":true,\"DefaultValue\":null,\"IsSerial\":false,\"IsUnique\":false,\"Idx\":3},\"atttypmod\":{\"Type\":1,\"IsNullable\":true,\"DefaultValue\":null,\"IsSerial\":false,\"IsUnique\":false,\"Idx\":9}},\"PrimaryKeys\":[1,2]}", "vclock": {"node1":61}}
2026-02-28T15:25:00.102+0300	DEBUG	logger/zap_logger.go:96	DEBUG: Parsed statement type: INSERT

2026-02-28T15:25:00.102+0300	DEBUG	logger/zap_logger.go:96	DEBUG: Insert into pg_catalog.pg_attribute: [[1 schemaname 25 -1 -1 1 0 -1 -1 false p i false false   false true 0 0 NULL NULL NULL] [1 schematable 25 -1 -1 2 0 -1 -1 false p i false false   false true 0 0 NULL NULL NULL] [1 tableowner 25 -1 -1 3 0 -1 -1 false p i false false   false true 0 0 NULL NULL NULL] [1 tablespace 25 -1 -1 4 0 -1 -1 false p i true false   false true 0 0 NULL NULL NULL] [1 hasindexes 16 -1 1 5 0 -1 -1 false p i false false   false true 0 0 NULL NULL NULL] [1 hasrules 16 -1 1 6 0 -1 -1 false p i false false   false true 0 0 NULL NULL NULL] [1 hastriggers 16 -1 1 7 0 -1 -1 false p i false false   false true 0 0 NULL NULL NULL] [1 rowsecurity 16 -1 1 8 0 -1 -1 false p i false false   false true 0 0 NULL NULL NULL] [2 table_schema 25 -1 -1 1 0 -1 -1 false p i false false   false true 0 0 NULL NULL NULL] [2 table_name 25 -1 -1 2 0 -1 -1 false p i false false   false true 0 0 NULL NULL NULL] [2 column_name 25 -1 -1 3 0 -1 -1 false p i false false   false true 0 0 NULL NULL NULL] [2 original_position 23 -1 4 4 0 -1 -1 false p i false false   false true 0 0 NULL NULL NULL] [2 column_default 25 -1 -1 5 0 -1 -1 true p i true false   false true 0 0 NULL NULL NULL] [2 is_nullable 16 -1 1 6 0 -1 -1 false p i false false   false true 0 0 NULL NULL NULL] [2 data_type 25 -1 -1 7 0 -1 -1 false p i false false   false true 0 0 NULL NULL NULL] [2 character_maximum_length 23 -1 4 8 0 -1 -1 true p i true false   false true 0 0 NULL NULL NULL] [2 numeric_precision 23 -1 4 9 0 -1 -1 true p i true false   false true 0 0 NULL NULL NULL]]

2026-02-28T15:25:00.102+0300	DEBUG	logger/zap_logger.go:71	DEBUG: Table metadata:	{"meta": {"Name":"pg_catalog.pg_attribute","Columns":{"attacl":{"Type":0,"IsNullable":true,"DefaultValue":null,"IsSerial":false,"IsUnique":false,"Idx":21},"attalign":{"Type":0,"IsNullable":true,"DefaultValue":null,"IsSerial":false,"IsUnique":false,"Idx":12},"attbyval":{"Type":0,"IsNullable":true,"DefaultValue":null,"IsSerial":false,"IsUnique":false,"Idx":10},"attcacheoff":{"Type":1,"IsNullable":true,"DefaultValue":null,"IsSerial":false,"IsUnique":false,"Idx":8},"attcollation":{"Type":1,"IsNullable":true,"DefaultValue":null,"IsSerial":false,"IsUnique":false,"Idx":20},"attfdwoptions":{"Type":0,"IsNullable":true,"DefaultValue":null,"IsSerial":false,"IsUnique":false,"Idx":23},"attgenerated":{"Type":0,"IsNullable":true,"DefaultValue":null,"IsSerial":false,"IsUnique":false,"Idx":16},"atthasdef":{"Type":0,"IsNullable":true,"DefaultValue":null,"IsSerial":false,"IsUnique":false,"Idx":14},"attidentity":{"Type":0,"IsNullable":true,"DefaultValue":null,"IsSerial":false,"IsUnique":false,"Idx":15},"attinhcount":{"Type":1,"IsNullable":true,"DefaultValue":null,"IsSerial":false,"IsUnique":false,"Idx":19},"attisdropped":{"Type":0,"IsNullable":true,"DefaultValue":null,"IsSerial":false,"IsUnique":false,"Idx":17},"attislocal":{"Type":0,"IsNullable":true,"DefaultValue":null,"IsSerial":false,"IsUnique":false,"Idx":18},"attlen":{"Type":1,"IsNullable":true,"DefaultValue":null,"IsSerial":false,"IsUnique":false,"Idx":5},"attname":{"Type":0,"IsNullable":false,"DefaultValue":null,"IsSerial":false,"IsUnique":false,"Idx":2},"attndims":{"Type":1,"IsNullable":true,"DefaultValue":null,"IsSerial":false,"IsUnique":false,"Idx":7},"attnotnull":{"Type":0,"IsNullable":true,"DefaultValue":null,"IsSerial":false,"IsUnique":false,"Idx":13},"attnum":{"Type":1,"IsNullable":true,"DefaultValue":null,"IsSerial":false,"IsUnique":false,"Idx":6},"attoptions":{"Type":0,"IsNullable":true,"DefaultValue":null,"IsSerial":false,"IsUnique":false,"Idx":22},"attrelid":{"Type":0,"IsNullable":false,"DefaultValue":null,"IsSerial":false,"IsUnique":false,"Idx":1},"attstattarget":{"Type":1,"IsNullable":true,"DefaultValue":null,"IsSerial":false,"IsUnique":false,"Idx":4},"attstorage":{"Type":0,"IsNullable":true,"DefaultValue":null,"IsSerial":false,"IsUnique":false,"Idx":11},"atttypid":{"Type":1,"IsNullable":true,"DefaultValue":null,"IsSerial":false,"IsUnique":false,"Idx":3},"atttypmod":{"Type":1,"IsNullable":true,"DefaultValue":null,"IsSerial":false,"IsUnique":false,"Idx":9}},"PrimaryKeys":[1,2]}}
2026-02-28T15:25:00.102+0300	DEBUG	logger/zap_logger.go:71	DEBUG: Saved row: 	{"rowKey": "testdb:pg_catalog:pg_attribute:row:1schemaname:", "rowData": "[1,\"schemaname\",25,-1,-1,1,0,-1,-1,false,\"p\",\"i\",false,false,\"\",\"\",false,true,0,0,\"NULL\",\"NULL\",\"NULL\"]"}
2026-02-28T15:25:00.102+0300	DEBUG	logger/zap_logger.go:71	DEBUG: Saved row: 	{"rowKey": "testdb:pg_catalog:pg_attribute:row:1schematable:", "rowData": "[1,\"schematable\",25,-1,-1,2,0,-1,-1,false,\"p\",\"i\",false,false,\"\",\"\",false,true,0,0,\"NULL\",\"NULL\",\"NULL\"]"}
2026-02-28T15:25:00.102+0300	DEBUG	logger/zap_logger.go:71	DEBUG: Saved row: 	{"rowKey": "testdb:pg_catalog:pg_attribute:row:1tableowner:", "rowData": "[1,\"tableowner\",25,-1,-1,3,0,-1,-1,false,\"p\",\"i\",false,false,\"\",\"\",false,true,0,0,\"NULL\",\"NULL\",\"NULL\"]"}
2026-02-28T15:25:00.102+0300	DEBUG	logger/zap_logger.go:71	DEBUG: Saved row: 	{"rowKey": "testdb:pg_catalog:pg_attribute:row:1tablespace:", "rowData": "[1,\"tablespace\",25,-1,-1,4,0,-1,-1,false,\"p\",\"i\",true,false,\"\",\"\",false,true,0,0,\"NULL\",\"NULL\",\"NULL\"]"}
2026-02-28T15:25:00.102+0300	DEBUG	logger/zap_logger.go:71	DEBUG: Saved row: 	{"rowKey": "testdb:pg_catalog:pg_attribute:row:1hasindexes:", "rowData": "[1,\"hasindexes\",16,-1,1,5,0,-1,-1,false,\"p\",\"i\",false,false,\"\",\"\",false,true,0,0,\"NULL\",\"NULL\",\"NULL\"]"}
2026-02-28T15:25:00.102+0300	DEBUG	logger/zap_logger.go:71	DEBUG: Saved row: 	{"rowKey": "testdb:pg_catalog:pg_attribute:row:1hasrules:", "rowData": "[1,\"hasrules\",16,-1,1,6,0,-1,-1,false,\"p\",\"i\",false,false,\"\",\"\",false,true,0,0,\"NULL\",\"NULL\",\"NULL\"]"}
2026-02-28T15:25:00.103+0300	DEBUG	logger/zap_logger.go:71	DEBUG: Saved row: 	{"rowKey": "testdb:pg_catalog:pg_attribute:row:1hastriggers:", "rowData": "[1,\"hastriggers\",16,-1,1,7,0,-1,-1,false,\"p\",\"i\",false,false,\"\",\"\",false,true,0,0,\"NULL\",\"NULL\",\"NULL\"]"}
2026-02-28T15:25:00.103+0300	DEBUG	logger/zap_logger.go:71	DEBUG: Saved row: 	{"rowKey": "testdb:pg_catalog:pg_attribute:row:1rowsecurity:", "rowData": "[1,\"rowsecurity\",16,-1,1,8,0,-1,-1,false,\"p\",\"i\",false,false,\"\",\"\",false,true,0,0,\"NULL\",\"NULL\",\"NULL\"]"}
2026-02-28T15:25:00.103+0300	DEBUG	logger/zap_logger.go:71	DEBUG: Saved row: 	{"rowKey": "testdb:pg_catalog:pg_attribute:row:2table_schema:", "rowData": "[2,\"table_schema\",25,-1,-1,1,0,-1,-1,false,\"p\",\"i\",false,false,\"\",\"\",false,true,0,0,\"NULL\",\"NULL\",\"NULL\"]"}
2026-02-28T15:25:00.103+0300	DEBUG	logger/zap_logger.go:71	DEBUG: Saved row: 	{"rowKey": "testdb:pg_catalog:pg_attribute:row:2table_name:", "rowData": "[2,\"table_name\",25,-1,-1,2,0,-1,-1,false,\"p\",\"i\",false,false,\"\",\"\",false,true,0,0,\"NULL\",\"NULL\",\"NULL\"]"}
2026-02-28T15:25:00.103+0300	DEBUG	logger/zap_logger.go:71	DEBUG: Saved row: 	{"rowKey": "testdb:pg_catalog:pg_attribute:row:2column_name:", "rowData": "[2,\"column_name\",25,-1,-1,3,0,-1,-1,false,\"p\",\"i\",false,false,\"\",\"\",false,true,0,0,\"NULL\",\"NULL\",\"NULL\"]"}
2026-02-28T15:25:00.103+0300	DEBUG	logger/zap_logger.go:71	DEBUG: Saved row: 	{"rowKey": "testdb:pg_catalog:pg_attribute:row:2original_position:", "rowData": "[2,\"original_position\",23,-1,4,4,0,-1,-1,false,\"p\",\"i\",false,false,\"\",\"\",false,true,0,0,\"NULL\",\"NULL\",\"NULL\"]"}
2026-02-28T15:25:00.103+0300	DEBUG	logger/zap_logger.go:71	DEBUG: Saved row: 	{"rowKey": "testdb:pg_catalog:pg_attribute:row:2column_default:", "rowData": "[2,\"column_default\",25,-1,-1,5,0,-1,-1,true,\"p\",\"i\",true,false,\"\",\"\",false,true,0,0,\"NULL\",\"NULL\",\"NULL\"]"}
2026-02-28T15:25:00.103+0300	DEBUG	logger/zap_logger.go:71	DEBUG: Saved row: 	{"rowKey": "testdb:pg_catalog:pg_attribute:row:2is_nullable:", "rowData": "[2,\"is_nullable\",16,-1,1,6,0,-1,-1,false,\"p\",\"i\",false,false,\"\",\"\",false,true,0,0,\"NULL\",\"NULL\",\"NULL\"]"}
2026-02-28T15:25:00.103+0300	DEBUG	logger/zap_logger.go:71	DEBUG: Saved row: 	{"rowKey": "testdb:pg_catalog:pg_attribute:row:2data_type:", "rowData": "[2,\"data_type\",25,-1,-1,7,0,-1,-1,false,\"p\",\"i\",false,false,\"\",\"\",false,true,0,0,\"NULL\",\"NULL\",\"NULL\"]"}
2026-02-28T15:25:00.103+0300	DEBUG	logger/zap_logger.go:71	DEBUG: Saved row: 	{"rowKey": "testdb:pg_catalog:pg_attribute:row:2character_maximum_length:", "rowData": "[2,\"character_maximum_length\",23,-1,4,8,0,-1,-1,true,\"p\",\"i\",true,false,\"\",\"\",false,true,0,0,\"NULL\",\"NULL\",\"NULL\"]"}
2026-02-28T15:25:00.103+0300	DEBUG	logger/zap_logger.go:71	DEBUG: Saved row: 	{"rowKey": "testdb:pg_catalog:pg_attribute:row:2numeric_precision:", "rowData": "[2,\"numeric_precision\",23,-1,4,9,0,-1,-1,true,\"p\",\"i\",true,false,\"\",\"\",false,true,0,0,\"NULL\",\"NULL\",\"NULL\"]"}
2026-02-28T15:25:00.103+0300	INFO	logger/zap_logger.go:76	[SynchronizerVClock] Loaded key	{"key": "testdb:pg_catalog:pg_attribute:row:1hasindexes:", "value": "[1,\"hasindexes\",16,-1,1,5,0,-1,-1,false,\"p\",\"i\",false,false,\"\",\"\",false,true,0,0,\"NULL\",\"NULL\",\"NULL\"]", "vclock": {"node1":62}}
2026-02-28T15:25:00.103+0300	INFO	logger/zap_logger.go:76	[SynchronizerVClock] Loaded key	{"key": "testdb:pg_catalog:pg_attribute:row:2character_maximum_length:", "value": "[2,\"character_maximum_length\",23,-1,4,8,0,-1,-1,true,\"p\",\"i\",true,false,\"\",\"\",false,true,0,0,\"NULL\",\"NULL\",\"NULL\"]", "vclock": {"node1":63}}
2026-02-28T15:25:00.103+0300	INFO	logger/zap_logger.go:76	[SynchronizerVClock] Loaded key	{"key": "testdb:pg_catalog:pg_attribute:row:1hastriggers:", "value": "[1,\"hastriggers\",16,-1,1,7,0,-1,-1,false,\"p\",\"i\",false,false,\"\",\"\",false,true,0,0,\"NULL\",\"NULL\",\"NULL\"]", "vclock": {"node1":64}}
2026-02-28T15:25:00.103+0300	INFO	logger/zap_logger.go:76	[SynchronizerVClock] Loaded key	{"key": "testdb:pg_catalog:pg_attribute:row:2numeric_precision:", "value": "[2,\"numeric_precision\",23,-1,4,9,0,-1,-1,true,\"p\",\"i\",true,false,\"\",\"\",false,true,0,0,\"NULL\",\"NULL\",\"NULL\"]", "vclock": {"node1":65}}
2026-02-28T15:25:00.103+0300	INFO	logger/zap_logger.go:76	[SynchronizerVClock] Loaded key	{"key": "testdb:pg_catalog:pg_attribute:row:1rowsecurity:", "value": "[1,\"rowsecurity\",16,-1,1,8,0,-1,-1,false,\"p\",\"i\",false,false,\"\",\"\",false,true,0,0,\"NULL\",\"NULL\",\"NULL\"]", "vclock": {"node1":66}}
2026-02-28T15:25:00.103+0300	INFO	logger/zap_logger.go:76	[SynchronizerVClock] Loaded key	{"key": "testdb:pg_catalog:pg_attribute:row:2table_schema:", "value": "[2,\"table_schema\",25,-1,-1,1,0,-1,-1,false,\"p\",\"i\",false,false,\"\",\"\",false,true,0,0,\"NULL\",\"NULL\",\"NULL\"]", "vclock": {"node1":67}}
2026-02-28T15:25:00.103+0300	DEBUG	logger/zap_logger.go:96	Executing: 

CREATE TABLE IF NOT EXISTS pg_catalog.pg_proc (
    oid INT,
    proname TEXT,
    pronamespace INT,
    proowner INT,
    prolang INT,
    procost FLOAT,
    prorows FLOAT,
    provariadic INT,
    protransform TEXT,
    proisagg BOOLEAN,
    proiswindow BOOLEAN,
    prosecdef BOOLEAN,
    proleakproof BOOLEAN,
    proisstrict BOOLEAN,
    proretset BOOLEAN,
    provolatile CHAR(1),
    proparallel CHAR(1),
    pronargs INT,
    pronargdefaults INT,
    prorettype INT,
    proargtypes TEXT,
    proallargtypes TEXT,
    proargmodes TEXT,
    proargnames TEXT,
    proargdefaults TEXT,
    protrftypes TEXT,
    prosrc TEXT,
    probin TEXT,
    proconfig TEXT,
    proacl TEXT
)
2026-02-28T15:25:00.103+0300	INFO	logger/zap_logger.go:76	[SynchronizerVClock] Loaded key	{"key": "testdb:pg_catalog:pg_attribute:row:2table_name:", "value": "[2,\"table_name\",25,-1,-1,2,0,-1,-1,false,\"p\",\"i\",false,false,\"\",\"\",false,true,0,0,\"NULL\",\"NULL\",\"NULL\"]", "vclock": {"node1":68}}
2026-02-28T15:25:00.103+0300	INFO	logger/zap_logger.go:76	[SynchronizerVClock] Loaded key	{"key": "testdb:pg_catalog:pg_attribute:row:2data_type:", "value": "[2,\"data_type\",25,-1,-1,7,0,-1,-1,false,\"p\",\"i\",false,false,\"\",\"\",false,true,0,0,\"NULL\",\"NULL\",\"NULL\"]", "vclock": {"node1":69}}
2026-02-28T15:25:00.103+0300	INFO	logger/zap_logger.go:76	[SynchronizerVClock] Loaded key	{"key": "testdb:pg_catalog:pg_attribute:row:1hasrules:", "value": "[1,\"hasrules\",16,-1,1,6,0,-1,-1,false,\"p\",\"i\",false,false,\"\",\"\",false,true,0,0,\"NULL\",\"NULL\",\"NULL\"]", "vclock": {"node1":70}}
2026-02-28T15:25:00.103+0300	INFO	logger/zap_logger.go:76	[SynchronizerVClock] Loaded key	{"key": "testdb:pg_catalog:pg_attribute:row:2original_position:", "value": "[2,\"original_position\",23,-1,4,4,0,-1,-1,false,\"p\",\"i\",false,false,\"\",\"\",false,true,0,0,\"NULL\",\"NULL\",\"NULL\"]", "vclock": {"node1":71}}
2026-02-28T15:25:00.103+0300	INFO	logger/zap_logger.go:76	[SynchronizerVClock] Loaded key	{"key": "testdb:pg_catalog:pg_attribute:row:2column_default:", "value": "[2,\"column_default\",25,-1,-1,5,0,-1,-1,true,\"p\",\"i\",true,false,\"\",\"\",false,true,0,0,\"NULL\",\"NULL\",\"NULL\"]", "vclock": {"node1":72}}
2026-02-28T15:25:00.103+0300	INFO	logger/zap_logger.go:76	[SynchronizerVClock] Loaded key	{"key": "testdb:pg_catalog:pg_attribute:row:2column_name:", "value": "[2,\"column_name\",25,-1,-1,3,0,-1,-1,false,\"p\",\"i\",false,false,\"\",\"\",false,true,0,0,\"NULL\",\"NULL\",\"NULL\"]", "vclock": {"node1":73}}
2026-02-28T15:25:00.103+0300	INFO	logger/zap_logger.go:76	[SynchronizerVClock] Loaded key	{"key": "testdb:pg_catalog:pg_attribute:row:2is_nullable:", "value": "[2,\"is_nullable\",16,-1,1,6,0,-1,-1,false,\"p\",\"i\",false,false,\"\",\"\",false,true,0,0,\"NULL\",\"NULL\",\"NULL\"]", "vclock": {"node1":74}}
2026-02-28T15:25:00.103+0300	INFO	logger/zap_logger.go:76	[SynchronizerVClock] Loaded key	{"key": "testdb:pg_catalog:pg_attribute:row:1schemaname:", "value": "[1,\"schemaname\",25,-1,-1,1,0,-1,-1,false,\"p\",\"i\",false,false,\"\",\"\",false,true,0,0,\"NULL\",\"NULL\",\"NULL\"]", "vclock": {"node1":75}}
2026-02-28T15:25:00.103+0300	INFO	logger/zap_logger.go:76	[SynchronizerVClock] Loaded key	{"key": "testdb:pg_catalog:pg_attribute:row:1schematable:", "value": "[1,\"schematable\",25,-1,-1,2,0,-1,-1,false,\"p\",\"i\",false,false,\"\",\"\",false,true,0,0,\"NULL\",\"NULL\",\"NULL\"]", "vclock": {"node1":76}}
2026-02-28T15:25:00.103+0300	INFO	logger/zap_logger.go:76	[SynchronizerVClock] Loaded key	{"key": "testdb:pg_catalog:pg_attribute:row:1tableowner:", "value": "[1,\"tableowner\",25,-1,-1,3,0,-1,-1,false,\"p\",\"i\",false,false,\"\",\"\",false,true,0,0,\"NULL\",\"NULL\",\"NULL\"]", "vclock": {"node1":77}}
2026-02-28T15:25:00.103+0300	INFO	logger/zap_logger.go:76	[SynchronizerVClock] Loaded key	{"key": "testdb:pg_catalog:pg_attribute:row:1tablespace:", "value": "[1,\"tablespace\",25,-1,-1,4,0,-1,-1,false,\"p\",\"i\",true,false,\"\",\"\",false,true,0,0,\"NULL\",\"NULL\",\"NULL\"]", "vclock": {"node1":78}}
2026-02-28T15:25:00.103+0300	DEBUG	logger/zap_logger.go:96	DEBUG: Parsed statement type: CREATE_TABLE

2026-02-28T15:25:00.103+0300	DEBUG	logger/zap_logger.go:96	Executing: 

CREATE TABLE IF NOT EXISTS pg_catalog.pg_type (
    oid INT,
    typname TEXT,
    typnamespace INT,
    typowner INT,
    typlen INT,
    typbyval BOOLEAN,
    typtype CHAR(1),
    typcategory CHAR(1),
    typispreferred BOOLEAN,
    typisdefined BOOLEAN,
    typdelim CHAR(1),
    typrelid INT,
    typelem INT,
    typarray INT,
    typinput TEXT,
    typoutput TEXT,
    typreceive TEXT,
    typsend TEXT,
    typmodin TEXT,
    typmodout TEXT,
    typanalyze TEXT,
    typalign CHAR(1),
    typstorage CHAR(1),
    typnotnull BOOLEAN,
    typbasetype INT,
    typtypmod INT,
    typndims INT,
    typcollation INT,
    typdefaultbin TEXT,
    typdefault TEXT,
    typacl TEXT,
    PRIMARY KEY (oid)
)
2026-02-28T15:25:00.103+0300	INFO	logger/zap_logger.go:76	[SynchronizerVClock] Loaded key	{"key": "schema:testdb:pg_catalog:pg_proc:", "value": "{\"Name\":\"pg_catalog.pg_proc\",\"Columns\":{\"oid\":{\"Type\":1,\"IsNullable\":true,\"DefaultValue\":null,\"IsSerial\":false,\"IsUnique\":false,\"Idx\":1},\"proacl\":{\"Type\":0,\"IsNullable\":true,\"DefaultValue\":null,\"IsSerial\":false,\"IsUnique\":false,\"Idx\":30},\"proallargtypes\":{\"Type\":0,\"IsNullable\":true,\"DefaultValue\":null,\"IsSerial\":false,\"IsUnique\":false,\"Idx\":22},\"proargdefaults\":{\"Type\":0,\"IsNullable\":true,\"DefaultValue\":null,\"IsSerial\":false,\"IsUnique\":false,\"Idx\":25},\"proargmodes\":{\"Type\":0,\"IsNullable\":true,\"DefaultValue\":null,\"IsSerial\":false,\"IsUnique\":false,\"Idx\":23},\"proargnames\":{\"Type\":0,\"IsNullable\":true,\"DefaultValue\":null,\"IsSerial\":false,\"IsUnique\":false,\"Idx\":24},\"proargtypes\":{\"Type\":0,\"IsNullable\":true,\"DefaultValue\":null,\"IsSerial\":false,\"IsUnique\":false,\"Idx\":21},\"probin\":{\"Type\":0,\"IsNullable\":true,\"DefaultValue\":null,\"IsSerial\":false,\"IsUnique\":false,\"Idx\":28},\"proconfig\":{\"Type\":0,\"IsNullable\":true,\"DefaultValue\":null,\"IsSerial\":false,\"IsUnique\":false,\"Idx\":29},\"procost\":{\"Type\":3,\"IsNullable\":true,\"DefaultValue\":null,\"IsSerial\":false,\"IsUnique\":false,\"Idx\":6},\"proisagg\":{\"Type\":0,\"IsNullable\":true,\"DefaultValue\":null,\"IsSerial\":false,\"IsUnique\":false,\"Idx\":10},\"proisstrict\":{\"Type\":0,\"IsNullable\":true,\"DefaultValue\":null,\"IsSerial\":false,\"IsUnique\":false,\"Idx\":14},\"proiswindow\":{\"Type\":0,\"IsNullable\":true,\"DefaultValue\":null,\"IsSerial\":false,\"IsUnique\":false,\"Idx\":11},\"prolang\":{\"Type\":1,\"IsNullable\":true,\"DefaultValue\":null,\"IsSerial\":false,\"IsUnique\":false,\"Idx\":5},\"proleakproof\":{\"Type\":0,\"IsNullable\":true,\"DefaultValue\":null,\"IsSerial\":false,\"IsUnique\":false,\"Idx\":13},\"proname\":{\"Type\":0,\"IsNullable\":true,\"DefaultValue\":null,\"IsSerial\":false,\"IsUnique\":false,\"Idx\":2},\"pronamespace\":{\"Type\":1,\"IsNullable\":true,\"DefaultValue\":null,\"IsSerial\":false,\"IsUnique\":false,\"Idx\":3},\"pronargdefaults\":{\"Type\":1,\"IsNullable\":true,\"DefaultValue\":null,\"IsSerial\":false,\"IsUnique\":false,\"Idx\":19},\"pronargs\":{\"Type\":1,\"IsNullable\":true,\"DefaultValue\":null,\"IsSerial\":false,\"IsUnique\":false,\"Idx\":18},\"proowner\":{\"Type\":1,\"IsNullable\":true,\"DefaultValue\":null,\"IsSerial\":false,\"IsUnique\":false,\"Idx\":4},\"proparallel\":{\"Type\":0,\"IsNullable\":true,\"DefaultValue\":null,\"IsSerial\":false,\"IsUnique\":false,\"Idx\":17},\"proretset\":{\"Type\":0,\"IsNullable\":true,\"DefaultValue\":null,\"IsSerial\":false,\"IsUnique\":false,\"Idx\":15},\"prorettype\":{\"Type\":1,\"IsNullable\":true,\"DefaultValue\":null,\"IsSerial\":false,\"IsUnique\":false,\"Idx\":20},\"prorows\":{\"Type\":3,\"IsNullable\":true,\"DefaultValue\":null,\"IsSerial\":false,\"IsUnique\":false,\"Idx\":7},\"prosecdef\":{\"Type\":0,\"IsNullable\":true,\"DefaultValue\":null,\"IsSerial\":false,\"IsUnique\":false,\"Idx\":12},\"prosrc\":{\"Type\":0,\"IsNullable\":true,\"DefaultValue\":null,\"IsSerial\":false,\"IsUnique\":false,\"Idx\":27},\"protransform\":{\"Type\":0,\"IsNullable\":true,\"DefaultValue\":null,\"IsSerial\":false,\"IsUnique\":false,\"Idx\":9},\"protrftypes\":{\"Type\":0,\"IsNullable\":true,\"DefaultValue\":null,\"IsSerial\":false,\"IsUnique\":false,\"Idx\":26},\"provariadic\":{\"Type\":1,\"IsNullable\":true,\"DefaultValue\":null,\"IsSerial\":false,\"IsUnique\":false,\"Idx\":8},\"provolatile\":{\"Type\":0,\"IsNullable\":true,\"DefaultValue\":null,\"IsSerial\":false,\"IsUnique\":false,\"Idx\":16}},\"PrimaryKeys\":[]}", "vclock": {"node1":79}}
2026-02-28T15:25:00.103+0300	DEBUG	logger/zap_logger.go:96	DEBUG: Parsed statement type: CREATE_TABLE

2026-02-28T15:25:00.103+0300	DEBUG	logger/zap_logger.go:96	Executing: 

INSERT INTO pg_catalog.pg_type (oid, typname, typnamespace, typowner, typlen, typbyval, typtype, typcategory, typispreferred, typisdefined, typdelim, typrelid, typelem, typarray, typinput, typoutput, typreceive, typsend, typmodin, typmodout, typanalyze, typalign, typstorage, typnotnull, typbasetype, typtypmod, typndims, typcollation, typdefaultbin, typdefault, typacl) VALUES
(16, 'bool', 11, 10, 1, TRUE, 'b', 'B', TRUE, TRUE, ',', 0, 0, 1000, 'boolin', 'boolout', 'boolrecv', 'boolsend', 'booltypmodin', 'booltypmodout', 'boolanalyze', 'c', 'p', FALSE, 0, -1, 0, 0, NULL, NULL, NULL),
(17, 'bytea', 11, 10, -1, FALSE, 'b', 'U', FALSE, TRUE, ',', 0, 0, 1001, 'byteain', 'byteaout', 'bytearecv', 'byteasend', '-', '-', '-', 'i', 'x', FALSE, 0, -1, 0, 0, NULL, NULL, NULL),
(18, 'char', 11, 10, 1, TRUE, 'b', 'Z', FALSE, TRUE, ',', 0, 0, 1002, 'charin', 'charout', 'charrecv', 'charsend', '-', '-', '-', 'c', 'p', FALSE, 0, -1, 0, 0, NULL, NULL, NULL),
(19, 'name', 11, 10, 64, FALSE, 'b', 'S', FALSE, TRUE, ',', 0, 0, 1003, 'namein', 'nameout', 'namerecv', 'namesend', '-', '-', '-', 'c', 'p', FALSE, 0, -1, 0, 950, NULL, NULL, NULL),
(20, 'int8', 11, 10, 8, TRUE, 'b', 'N', FALSE, TRUE, ',', 0, 0, 1016, 'int8in', 'int8out', 'int8recv', 'int8send', '-', '-', '-', 'd', 'p', FALSE, 0, -1, 0, 0, NULL, NULL, NULL),
(21, 'int2', 11, 10, 2, TRUE, 'b', 'N', FALSE, TRUE, ',', 0, 0, 1005, 'int2in', 'int2out', 'int2recv', 'int2send', '-', '-', '-', 's', 'p', FALSE, 0, -1, 0, 0, NULL, NULL, NULL),
(23, 'int4', 11, 10, 4, TRUE, 'b', 'N', TRUE, TRUE, ',', 0, 0, 1007, 'int4in', 'int4out', 'int4recv', 'int4send', 'int4typmodin', 'int4typmodout', 'int4analyze', 'i', 'p', FALSE, 0, -1, 0, 0, NULL, NULL, NULL),
(24, 'regproc', 11, 10, 4, TRUE, 'b', 'N', FALSE, TRUE, ',', 0, 0, 1008, 'regprocin', 'regprocout', 'regprocrecv', 'regprocsend', '-', '-', '-', 'i', 'p', FALSE, 0, -1, 0, 0, NULL, NULL, NULL),
(25, 'text', 11, 10, -1, FALSE, 'b', 'S', TRUE, TRUE, ',', 0, 0, 1009, 'textin', 'textout', 'textrecv', 'textsend', 'texttypmodin', 'texttypmodout', 'textanalyze', 'i', 'e', FALSE, 0, -1, 0, 0, NULL, NULL, NULL),
(26, 'oid', 11, 10, 4, TRUE, 'b', 'N', TRUE, TRUE, ',', 0, 0, 1028, 'oidin', 'oidout', 'oidrecv', 'oidsend', '-', '-', '-', 'i', 'p', FALSE, 0, -1, 0, 0, NULL, NULL, NULL),
(700, 'float4', 11, 10, 4, TRUE, 'b', 'N', FALSE, TRUE, ',', 0, 0, 1021, 'float4in', 'float4out', 'float4recv', 'float4send', '-', '-', '-', 'i', 'p', FALSE, 0, -1, 0, 0, NULL, NULL, NULL),
(701, 'float8', 11, 10, 8, TRUE, 'b', 'N', TRUE, TRUE, ',', 0, 0, 1022, 'float8in', 'float8out', 'float8recv', 'float8send', '-', '-', '-', 'd', 'p', FALSE, 0, -1, 0, 0, NULL, NULL, NULL),
(1043, 'varchar', 11, 10, -1, FALSE, 'b', 'S', FALSE, TRUE, ',', 0, 0, 1015, 'varcharin', 'varcharout', 'varcharrecv', 'varcharsend', 'varchartypmodin', 'varchartypmodout', '-', 'i', 'e', FALSE, 0, -1, 0, 100, NULL, NULL, NULL),
(1082, 'date', 11, 10, 4, TRUE, 'b', 'D', FALSE, TRUE, ',', 0, 0, 1182, 'date_in', 'date_out', 'date_recv', 'date_send', '-', '-', '-', 'i', 'p', FALSE, 0, -1, 0, 0, NULL, NULL, NULL),
(1083, 'time', 11, 10, 8, TRUE, 'b', 'D', FALSE, TRUE, ',', 0, 0, 1183, 'time_in', 'time_out', 'time_recv', 'time_send', 'timetypmodin', 'timetypmodout', '-', 'd', 'p', FALSE, 0, -1, 0, 0, NULL, NULL, NULL),
(1114, 'timestamp', 11, 10, 8, TRUE, 'b', 'D', FALSE, TRUE, ',', 0, 0, 1115, 'timestamp_in', 'timestamp_out', 'timestamp_recv', 'timestamp_send', 'timestamptypmodin', 'timestamptypmodout', '-', 'd', 'p', FALSE, 0, -1, 0, 0, NULL, NULL, NULL),
(1184, 'timestamptz', 11, 10, 8, TRUE, 'b', 'D', TRUE, TRUE, ',', 0, 0, 1185, 'timestamptz_in', 'timestamptz_out', 'timestamptz_recv', 'timestamptz_send', 'timestamptztypmodin', 'timestamptztypmodout', '-', 'd', 'p', FALSE, 0, -1, 0, 0, NULL, NULL, NULL),
(1700, 'numeric', 11, 10, -1, FALSE, 'b', 'N', FALSE, TRUE, ',', 0, 0, 1231, 'numeric_in', 'numeric_out', 'numeric_recv', 'numeric_send', 'numerictypmodin', 'numerictypmodout', '-', 'i', 'm', FALSE, 0, -1, 0, 0, NULL, NULL, NULL),
(2950, 'uuid', 11, 10, 16, FALSE, 'b', 'U', FALSE, TRUE, ',', 0, 0, 2951, 'uuid_in', 'uuid_out', 'uuid_recv', 'uuid_send', '-', '-', '-', 'c', 'p', FALSE, 0, -1, 0, 0, NULL, NULL, NULL),
(114, 'json', 11, 10, -1, FALSE, 'b', 'U', FALSE, TRUE, ',', 0, 0, 199, 'json_in', 'json_out', 'json_recv', 'json_send', '-', '-', '-', 'i', 'e', FALSE, 0, -1, 0, 0, NULL, NULL, NULL),
(3802, 'jsonb', 11, 10, -1, FALSE, 'b', 'U', FALSE, TRUE, ',', 0, 0, 3807, 'jsonb_in', 'jsonb_out', 'jsonb_recv', 'jsonb_send', '-', '-', '-', 'i', 'e', FALSE, 0, -1, 0, 0, NULL, NULL, NULL),
(1042, 'bpchar', 11, 10, -1, FALSE, 'b', 'S', FALSE, TRUE, ',', 0, 0, 1014, 'bpcharin', 'bpcharout', 'bpcharrecv', 'bpcharsend', 'bpchartypmodin', 'bpchartypmodout', '-', 'i', 'e', FALSE, 0, -1, 0, 100, NULL, NULL, NULL),
-- Domain types examples (typtype='d' based on base types)
(100001, 'positive_int', 11, 10, 4, TRUE, 'd', 'N', FALSE, TRUE, ',', 0, 0, 0, 'int4in', 'int4out', 'int4recv', 'int4send', '-', '-', '-', 'i', 'p', FALSE, 23, -1, 0, 0, NULL, NULL, NULL),
(100002, 'email_address', 11, 10, -1, FALSE, 'd', 'S', FALSE, TRUE, ',', 0, 0, 0, 'textin', 'textout', 'textrecv', 'textsend', '-', '-', '-', 'i', 'e', FALSE, 25, -1, 0, 0, NULL, NULL, NULL),
(100003, 'us_postal_code', 11, 10, -1, FALSE, 'd', 'S', FALSE, TRUE, ',', 0, 0, 0, 'textin', 'textout', 'textrecv', 'textsend', '-', '-', '-', 'i', 'e', FALSE, 25, -1, 0, 0, NULL, NULL, NULL)
2026-02-28T15:25:00.103+0300	INFO	logger/zap_logger.go:76	[SynchronizerVClock] Loaded key	{"key": "schema:testdb:pg_catalog:pg_type:", "value": "{\"Name\":\"pg_catalog.pg_type\",\"Columns\":{\"oid\":{\"Type\":1,\"IsNullable\":false,\"DefaultValue\":null,\"IsSerial\":false,\"IsUnique\":false,\"Idx\":1},\"typacl\":{\"Type\":0,\"IsNullable\":true,\"DefaultValue\":null,\"IsSerial\":false,\"IsUnique\":false,\"Idx\":31},\"typalign\":{\"Type\":0,\"IsNullable\":true,\"DefaultValue\":null,\"IsSerial\":false,\"IsUnique\":false,\"Idx\":22},\"typanalyze\":{\"Type\":0,\"IsNullable\":true,\"DefaultValue\":null,\"IsSerial\":false,\"IsUnique\":false,\"Idx\":21},\"typarray\":{\"Type\":1,\"IsNullable\":true,\"DefaultValue\":null,\"IsSerial\":false,\"IsUnique\":false,\"Idx\":14},\"typbasetype\":{\"Type\":1,\"IsNullable\":true,\"DefaultValue\":null,\"IsSerial\":false,\"IsUnique\":false,\"Idx\":25},\"typbyval\":{\"Type\":0,\"IsNullable\":true,\"DefaultValue\":null,\"IsSerial\":false,\"IsUnique\":false,\"Idx\":6},\"typcategory\":{\"Type\":0,\"IsNullable\":true,\"DefaultValue\":null,\"IsSerial\":false,\"IsUnique\":false,\"Idx\":8},\"typcollation\":{\"Type\":1,\"IsNullable\":true,\"DefaultValue\":null,\"IsSerial\":false,\"IsUnique\":false,\"Idx\":28},\"typdefault\":{\"Type\":0,\"IsNullable\":true,\"DefaultValue\":null,\"IsSerial\":false,\"IsUnique\":false,\"Idx\":30},\"typdefaultbin\":{\"Type\":0,\"IsNullable\":true,\"DefaultValue\":null,\"IsSerial\":false,\"IsUnique\":false,\"Idx\":29},\"typdelim\":{\"Type\":0,\"IsNullable\":true,\"DefaultValue\":null,\"IsSerial\":false,\"IsUnique\":false,\"Idx\":11},\"typelem\":{\"Type\":1,\"IsNullable\":true,\"DefaultValue\":null,\"IsSerial\":false,\"IsUnique\":false,\"Idx\":13},\"typinput\":{\"Type\":0,\"IsNullable\":true,\"DefaultValue\":null,\"IsSerial\":false,\"IsUnique\":false,\"Idx\":15},\"typisdefined\":{\"Type\":0,\"IsNullable\":true,\"DefaultValue\":null,\"IsSerial\":false,\"IsUnique\":false,\"Idx\":10},\"typispreferred\":{\"Type\":0,\"IsNullable\":true,\"DefaultValue\":null,\"IsSerial\":false,\"IsUnique\":false,\"Idx\":9},\"typlen\":{\"Type\":1,\"IsNullable\":true,\"DefaultValue\":null,\"IsSerial\":false,\"IsUnique\":false,\"Idx\":5},\"typmodin\":{\"Type\":0,\"IsNullable\":true,\"DefaultValue\":null,\"IsSerial\":false,\"IsUnique\":false,\"Idx\":19},\"typmodout\":{\"Type\":0,\"IsNullable\":true,\"DefaultValue\":null,\"IsSerial\":false,\"IsUnique\":false,\"Idx\":20},\"typname\":{\"Type\":0,\"IsNullable\":true,\"DefaultValue\":null,\"IsSerial\":false,\"IsUnique\":false,\"Idx\":2},\"typnamespace\":{\"Type\":1,\"IsNullable\":true,\"DefaultValue\":null,\"IsSerial\":false,\"IsUnique\":false,\"Idx\":3},\"typndims\":{\"Type\":1,\"IsNullable\":true,\"DefaultValue\":null,\"IsSerial\":false,\"IsUnique\":false,\"Idx\":27},\"typnotnull\":{\"Type\":0,\"IsNullable\":true,\"DefaultValue\":null,\"IsSerial\":false,\"IsUnique\":false,\"Idx\":24},\"typoutput\":{\"Type\":0,\"IsNullable\":true,\"DefaultValue\":null,\"IsSerial\":false,\"IsUnique\":false,\"Idx\":16},\"typowner\":{\"Type\":1,\"IsNullable\":true,\"DefaultValue\":null,\"IsSerial\":false,\"IsUnique\":false,\"Idx\":4},\"typreceive\":{\"Type\":0,\"IsNullable\":true,\"DefaultValue\":null,\"IsSerial\":false,\"IsUnique\":false,\"Idx\":17},\"typrelid\":{\"Type\":1,\"IsNullable\":true,\"DefaultValue\":null,\"IsSerial\":false,\"IsUnique\":false,\"Idx\":12},\"typsend\":{\"Type\":0,\"IsNullable\":true,\"DefaultValue\":null,\"IsSerial\":false,\"IsUnique\":false,\"Idx\":18},\"typstorage\":{\"Type\":0,\"IsNullable\":true,\"DefaultValue\":null,\"IsSerial\":false,\"IsUnique\":false,\"Idx\":23},\"typtype\":{\"Type\":0,\"IsNullable\":true,\"DefaultValue\":null,\"IsSerial\":false,\"IsUnique\":false,\"Idx\":7},\"typtypmod\":{\"Type\":1,\"IsNullable\":true,\"DefaultValue\":null,\"IsSerial\":false,\"IsUnique\":false,\"Idx\":26}},\"PrimaryKeys\":[1]}", "vclock": {"node1":80}}
2026-02-28T15:25:00.107+0300	DEBUG	logger/zap_logger.go:96	DEBUG: Parsed statement type: INSERT

2026-02-28T15:25:00.107+0300	DEBUG	logger/zap_logger.go:96	DEBUG: Insert into pg_catalog.pg_type: [[16 bool 11 10 1 true b B true true , 0 0 1000 boolin boolout boolrecv boolsend booltypmodin booltypmodout boolanalyze c p false 0 -1 0 0 NULL NULL NULL] [17 bytea 11 10 -1 false b U false true , 0 0 1001 byteain byteaout bytearecv byteasend - - - i x false 0 -1 0 0 NULL NULL NULL] [18 char 11 10 1 true b Z false true , 0 0 1002 charin charout charrecv charsend - - - c p false 0 -1 0 0 NULL NULL NULL] [19 name 11 10 64 false b S false true , 0 0 1003 namein nameout namerecv namesend - - - c p false 0 -1 0 950 NULL NULL NULL] [20 int8 11 10 8 true b N false true , 0 0 1016 int8in int8out int8recv int8send - - - d p false 0 -1 0 0 NULL NULL NULL] [21 int2 11 10 2 true b N false true , 0 0 1005 int2in int2out int2recv int2send - - - s p false 0 -1 0 0 NULL NULL NULL] [23 int4 11 10 4 true b N true true , 0 0 1007 int4in int4out int4recv int4send int4typmodin int4typmodout int4analyze i p false 0 -1 0 0 NULL NULL NULL] [24 regproc 11 10 4 true b N false true , 0 0 1008 regprocin regprocout regprocrecv regprocsend - - - i p false 0 -1 0 0 NULL NULL NULL] [25 text 11 10 -1 false b S true true , 0 0 1009 textin textout textrecv textsend texttypmodin texttypmodout textanalyze i e false 0 -1 0 0 NULL NULL NULL] [26 oid 11 10 4 true b N true true , 0 0 1028 oidin oidout oidrecv oidsend - - - i p false 0 -1 0 0 NULL NULL NULL] [700 float4 11 10 4 true b N false true , 0 0 1021 float4in float4out float4recv float4send - - - i p false 0 -1 0 0 NULL NULL NULL] [701 float8 11 10 8 true b N true true , 0 0 1022 float8in float8out float8recv float8send - - - d p false 0 -1 0 0 NULL NULL NULL] [1043 varchar 11 10 -1 false b S false true , 0 0 1015 varcharin varcharout varcharrecv varcharsend varchartypmodin varchartypmodout - i e false 0 -1 0 100 NULL NULL NULL] [1082 date 11 10 4 true b D false true , 0 0 1182 date_in date_out date_recv date_send - - - i p false 0 -1 0 0 NULL NULL NULL] [1083 time 11 10 8 true b D false true , 0 0 1183 time_in time_out time_recv time_send timetypmodin timetypmodout - d p false 0 -1 0 0 NULL NULL NULL] [1114 timestamp 11 10 8 true b D false true , 0 0 1115 timestamp_in timestamp_out timestamp_recv timestamp_send timestamptypmodin timestamptypmodout - d p false 0 -1 0 0 NULL NULL NULL] [1184 timestamptz 11 10 8 true b D true true , 0 0 1185 timestamptz_in timestamptz_out timestamptz_recv timestamptz_send timestamptztypmodin timestamptztypmodout - d p false 0 -1 0 0 NULL NULL NULL] [1700 numeric 11 10 -1 false b N false true , 0 0 1231 numeric_in numeric_out numeric_recv numeric_send numerictypmodin numerictypmodout - i m false 0 -1 0 0 NULL NULL NULL] [2950 uuid 11 10 16 false b U false true , 0 0 2951 uuid_in uuid_out uuid_recv uuid_send - - - c p false 0 -1 0 0 NULL NULL NULL] [114 json 11 10 -1 false b U false true , 0 0 199 json_in json_out json_recv json_send - - - i e false 0 -1 0 0 NULL NULL NULL] [3802 jsonb 11 10 -1 false b U false true , 0 0 3807 jsonb_in jsonb_out jsonb_recv jsonb_send - - - i e false 0 -1 0 0 NULL NULL NULL] [1042 bpchar 11 10 -1 false b S false true , 0 0 1014 bpcharin bpcharout bpcharrecv bpcharsend bpchartypmodin bpchartypmodout - i e false 0 -1 0 100 NULL NULL NULL] [100001 positive_int 11 10 4 true d N false true , 0 0 0 int4in int4out int4recv int4send - - - i p false 23 -1 0 0 NULL NULL NULL] [100002 email_address 11 10 -1 false d S false true , 0 0 0 textin textout textrecv textsend - - - i e false 25 -1 0 0 NULL NULL NULL] [100003 us_postal_code 11 10 -1 false d S false true , 0 0 0 textin textout textrecv textsend - - - i e false 25 -1 0 0 NULL NULL NULL]]

2026-02-28T15:25:00.107+0300	DEBUG	logger/zap_logger.go:71	DEBUG: Table metadata:	{"meta": {"Name":"pg_catalog.pg_type","Columns":{"oid":{"Type":1,"IsNullable":false,"DefaultValue":null,"IsSerial":false,"IsUnique":false,"Idx":1},"typacl":{"Type":0,"IsNullable":true,"DefaultValue":null,"IsSerial":false,"IsUnique":false,"Idx":31},"typalign":{"Type":0,"IsNullable":true,"DefaultValue":null,"IsSerial":false,"IsUnique":false,"Idx":22},"typanalyze":{"Type":0,"IsNullable":true,"DefaultValue":null,"IsSerial":false,"IsUnique":false,"Idx":21},"typarray":{"Type":1,"IsNullable":true,"DefaultValue":null,"IsSerial":false,"IsUnique":false,"Idx":14},"typbasetype":{"Type":1,"IsNullable":true,"DefaultValue":null,"IsSerial":false,"IsUnique":false,"Idx":25},"typbyval":{"Type":0,"IsNullable":true,"DefaultValue":null,"IsSerial":false,"IsUnique":false,"Idx":6},"typcategory":{"Type":0,"IsNullable":true,"DefaultValue":null,"IsSerial":false,"IsUnique":false,"Idx":8},"typcollation":{"Type":1,"IsNullable":true,"DefaultValue":null,"IsSerial":false,"IsUnique":false,"Idx":28},"typdefault":{"Type":0,"IsNullable":true,"DefaultValue":null,"IsSerial":false,"IsUnique":false,"Idx":30},"typdefaultbin":{"Type":0,"IsNullable":true,"DefaultValue":null,"IsSerial":false,"IsUnique":false,"Idx":29},"typdelim":{"Type":0,"IsNullable":true,"DefaultValue":null,"IsSerial":false,"IsUnique":false,"Idx":11},"typelem":{"Type":1,"IsNullable":true,"DefaultValue":null,"IsSerial":false,"IsUnique":false,"Idx":13},"typinput":{"Type":0,"IsNullable":true,"DefaultValue":null,"IsSerial":false,"IsUnique":false,"Idx":15},"typisdefined":{"Type":0,"IsNullable":true,"DefaultValue":null,"IsSerial":false,"IsUnique":false,"Idx":10},"typispreferred":{"Type":0,"IsNullable":true,"DefaultValue":null,"IsSerial":false,"IsUnique":false,"Idx":9},"typlen":{"Type":1,"IsNullable":true,"DefaultValue":null,"IsSerial":false,"IsUnique":false,"Idx":5},"typmodin":{"Type":0,"IsNullable":true,"DefaultValue":null,"IsSerial":false,"IsUnique":false,"Idx":19},"typmodout":{"Type":0,"IsNullable":true,"DefaultValue":null,"IsSerial":false,"IsUnique":false,"Idx":20},"typname":{"Type":0,"IsNullable":true,"DefaultValue":null,"IsSerial":false,"IsUnique":false,"Idx":2},"typnamespace":{"Type":1,"IsNullable":true,"DefaultValue":null,"IsSerial":false,"IsUnique":false,"Idx":3},"typndims":{"Type":1,"IsNullable":true,"DefaultValue":null,"IsSerial":false,"IsUnique":false,"Idx":27},"typnotnull":{"Type":0,"IsNullable":true,"DefaultValue":null,"IsSerial":false,"IsUnique":false,"Idx":24},"typoutput":{"Type":0,"IsNullable":true,"DefaultValue":null,"IsSerial":false,"IsUnique":false,"Idx":16},"typowner":{"Type":1,"IsNullable":true,"DefaultValue":null,"IsSerial":false,"IsUnique":false,"Idx":4},"typreceive":{"Type":0,"IsNullable":true,"DefaultValue":null,"IsSerial":false,"IsUnique":false,"Idx":17},"typrelid":{"Type":1,"IsNullable":true,"DefaultValue":null,"IsSerial":false,"IsUnique":false,"Idx":12},"typsend":{"Type":0,"IsNullable":true,"DefaultValue":null,"IsSerial":false,"IsUnique":false,"Idx":18},"typstorage":{"Type":0,"IsNullable":true,"DefaultValue":null,"IsSerial":false,"IsUnique":false,"Idx":23},"typtype":{"Type":0,"IsNullable":true,"DefaultValue":null,"IsSerial":false,"IsUnique":false,"Idx":7},"typtypmod":{"Type":1,"IsNullable":true,"DefaultValue":null,"IsSerial":false,"IsUnique":false,"Idx":26}},"PrimaryKeys":[1]}}
2026-02-28T15:25:00.107+0300	DEBUG	logger/zap_logger.go:71	DEBUG: Saved row: 	{"rowKey": "testdb:pg_catalog:pg_type:row:16:", "rowData": "[16,\"bool\",11,10,1,true,\"b\",\"B\",true,true,\",\",0,0,1000,\"boolin\",\"boolout\",\"boolrecv\",\"boolsend\",\"booltypmodin\",\"booltypmodout\",\"boolanalyze\",\"c\",\"p\",false,0,-1,0,0,\"NULL\",\"NULL\",\"NULL\"]"}
2026-02-28T15:25:00.107+0300	DEBUG	logger/zap_logger.go:71	DEBUG: Saved row: 	{"rowKey": "testdb:pg_catalog:pg_type:row:17:", "rowData": "[17,\"bytea\",11,10,-1,false,\"b\",\"U\",false,true,\",\",0,0,1001,\"byteain\",\"byteaout\",\"bytearecv\",\"byteasend\",\"-\",\"-\",\"-\",\"i\",\"x\",false,0,-1,0,0,\"NULL\",\"NULL\",\"NULL\"]"}
2026-02-28T15:25:00.107+0300	DEBUG	logger/zap_logger.go:71	DEBUG: Saved row: 	{"rowKey": "testdb:pg_catalog:pg_type:row:18:", "rowData": "[18,\"char\",11,10,1,true,\"b\",\"Z\",false,true,\",\",0,0,1002,\"charin\",\"charout\",\"charrecv\",\"charsend\",\"-\",\"-\",\"-\",\"c\",\"p\",false,0,-1,0,0,\"NULL\",\"NULL\",\"NULL\"]"}
2026-02-28T15:25:00.107+0300	DEBUG	logger/zap_logger.go:71	DEBUG: Saved row: 	{"rowKey": "testdb:pg_catalog:pg_type:row:19:", "rowData": "[19,\"name\",11,10,64,false,\"b\",\"S\",false,true,\",\",0,0,1003,\"namein\",\"nameout\",\"namerecv\",\"namesend\",\"-\",\"-\",\"-\",\"c\",\"p\",false,0,-1,0,950,\"NULL\",\"NULL\",\"NULL\"]"}
2026-02-28T15:25:00.107+0300	DEBUG	logger/zap_logger.go:71	DEBUG: Saved row: 	{"rowKey": "testdb:pg_catalog:pg_type:row:20:", "rowData": "[20,\"int8\",11,10,8,true,\"b\",\"N\",false,true,\",\",0,0,1016,\"int8in\",\"int8out\",\"int8recv\",\"int8send\",\"-\",\"-\",\"-\",\"d\",\"p\",false,0,-1,0,0,\"NULL\",\"NULL\",\"NULL\"]"}
2026-02-28T15:25:00.107+0300	DEBUG	logger/zap_logger.go:71	DEBUG: Saved row: 	{"rowKey": "testdb:pg_catalog:pg_type:row:21:", "rowData": "[21,\"int2\",11,10,2,true,\"b\",\"N\",false,true,\",\",0,0,1005,\"int2in\",\"int2out\",\"int2recv\",\"int2send\",\"-\",\"-\",\"-\",\"s\",\"p\",false,0,-1,0,0,\"NULL\",\"NULL\",\"NULL\"]"}
2026-02-28T15:25:00.107+0300	DEBUG	logger/zap_logger.go:71	DEBUG: Saved row: 	{"rowKey": "testdb:pg_catalog:pg_type:row:23:", "rowData": "[23,\"int4\",11,10,4,true,\"b\",\"N\",true,true,\",\",0,0,1007,\"int4in\",\"int4out\",\"int4recv\",\"int4send\",\"int4typmodin\",\"int4typmodout\",\"int4analyze\",\"i\",\"p\",false,0,-1,0,0,\"NULL\",\"NULL\",\"NULL\"]"}
2026-02-28T15:25:00.107+0300	DEBUG	logger/zap_logger.go:71	DEBUG: Saved row: 	{"rowKey": "testdb:pg_catalog:pg_type:row:24:", "rowData": "[24,\"regproc\",11,10,4,true,\"b\",\"N\",false,true,\",\",0,0,1008,\"regprocin\",\"regprocout\",\"regprocrecv\",\"regprocsend\",\"-\",\"-\",\"-\",\"i\",\"p\",false,0,-1,0,0,\"NULL\",\"NULL\",\"NULL\"]"}
2026-02-28T15:25:00.107+0300	DEBUG	logger/zap_logger.go:71	DEBUG: Saved row: 	{"rowKey": "testdb:pg_catalog:pg_type:row:25:", "rowData": "[25,\"text\",11,10,-1,false,\"b\",\"S\",true,true,\",\",0,0,1009,\"textin\",\"textout\",\"textrecv\",\"textsend\",\"texttypmodin\",\"texttypmodout\",\"textanalyze\",\"i\",\"e\",false,0,-1,0,0,\"NULL\",\"NULL\",\"NULL\"]"}
2026-02-28T15:25:00.107+0300	DEBUG	logger/zap_logger.go:71	DEBUG: Saved row: 	{"rowKey": "testdb:pg_catalog:pg_type:row:26:", "rowData": "[26,\"oid\",11,10,4,true,\"b\",\"N\",true,true,\",\",0,0,1028,\"oidin\",\"oidout\",\"oidrecv\",\"oidsend\",\"-\",\"-\",\"-\",\"i\",\"p\",false,0,-1,0,0,\"NULL\",\"NULL\",\"NULL\"]"}
2026-02-28T15:25:00.107+0300	DEBUG	logger/zap_logger.go:71	DEBUG: Saved row: 	{"rowKey": "testdb:pg_catalog:pg_type:row:700:", "rowData": "[700,\"float4\",11,10,4,true,\"b\",\"N\",false,true,\",\",0,0,1021,\"float4in\",\"float4out\",\"float4recv\",\"float4send\",\"-\",\"-\",\"-\",\"i\",\"p\",false,0,-1,0,0,\"NULL\",\"NULL\",\"NULL\"]"}
2026-02-28T15:25:00.107+0300	DEBUG	logger/zap_logger.go:71	DEBUG: Saved row: 	{"rowKey": "testdb:pg_catalog:pg_type:row:701:", "rowData": "[701,\"float8\",11,10,8,true,\"b\",\"N\",true,true,\",\",0,0,1022,\"float8in\",\"float8out\",\"float8recv\",\"float8send\",\"-\",\"-\",\"-\",\"d\",\"p\",false,0,-1,0,0,\"NULL\",\"NULL\",\"NULL\"]"}
2026-02-28T15:25:00.107+0300	DEBUG	logger/zap_logger.go:71	DEBUG: Saved row: 	{"rowKey": "testdb:pg_catalog:pg_type:row:1043:", "rowData": "[1043,\"varchar\",11,10,-1,false,\"b\",\"S\",false,true,\",\",0,0,1015,\"varcharin\",\"varcharout\",\"varcharrecv\",\"varcharsend\",\"varchartypmodin\",\"varchartypmodout\",\"-\",\"i\",\"e\",false,0,-1,0,100,\"NULL\",\"NULL\",\"NULL\"]"}
2026-02-28T15:25:00.107+0300	DEBUG	logger/zap_logger.go:71	DEBUG: Saved row: 	{"rowKey": "testdb:pg_catalog:pg_type:row:1082:", "rowData": "[1082,\"date\",11,10,4,true,\"b\",\"D\",false,true,\",\",0,0,1182,\"date_in\",\"date_out\",\"date_recv\",\"date_send\",\"-\",\"-\",\"-\",\"i\",\"p\",false,0,-1,0,0,\"NULL\",\"NULL\",\"NULL\"]"}
2026-02-28T15:25:00.107+0300	DEBUG	logger/zap_logger.go:71	DEBUG: Saved row: 	{"rowKey": "testdb:pg_catalog:pg_type:row:1083:", "rowData": "[1083,\"time\",11,10,8,true,\"b\",\"D\",false,true,\",\",0,0,1183,\"time_in\",\"time_out\",\"time_recv\",\"time_send\",\"timetypmodin\",\"timetypmodout\",\"-\",\"d\",\"p\",false,0,-1,0,0,\"NULL\",\"NULL\",\"NULL\"]"}
2026-02-28T15:25:00.107+0300	DEBUG	logger/zap_logger.go:71	DEBUG: Saved row: 	{"rowKey": "testdb:pg_catalog:pg_type:row:1114:", "rowData": "[1114,\"timestamp\",11,10,8,true,\"b\",\"D\",false,true,\",\",0,0,1115,\"timestamp_in\",\"timestamp_out\",\"timestamp_recv\",\"timestamp_send\",\"timestamptypmodin\",\"timestamptypmodout\",\"-\",\"d\",\"p\",false,0,-1,0,0,\"NULL\",\"NULL\",\"NULL\"]"}
2026-02-28T15:25:00.107+0300	DEBUG	logger/zap_logger.go:71	DEBUG: Saved row: 	{"rowKey": "testdb:pg_catalog:pg_type:row:1184:", "rowData": "[1184,\"timestamptz\",11,10,8,true,\"b\",\"D\",true,true,\",\",0,0,1185,\"timestamptz_in\",\"timestamptz_out\",\"timestamptz_recv\",\"timestamptz_send\",\"timestamptztypmodin\",\"timestamptztypmodout\",\"-\",\"d\",\"p\",false,0,-1,0,0,\"NULL\",\"NULL\",\"NULL\"]"}
2026-02-28T15:25:00.107+0300	DEBUG	logger/zap_logger.go:71	DEBUG: Saved row: 	{"rowKey": "testdb:pg_catalog:pg_type:row:1700:", "rowData": "[1700,\"numeric\",11,10,-1,false,\"b\",\"N\",false,true,\",\",0,0,1231,\"numeric_in\",\"numeric_out\",\"numeric_recv\",\"numeric_send\",\"numerictypmodin\",\"numerictypmodout\",\"-\",\"i\",\"m\",false,0,-1,0,0,\"NULL\",\"NULL\",\"NULL\"]"}
2026-02-28T15:25:00.107+0300	DEBUG	logger/zap_logger.go:71	DEBUG: Saved row: 	{"rowKey": "testdb:pg_catalog:pg_type:row:2950:", "rowData": "[2950,\"uuid\",11,10,16,false,\"b\",\"U\",false,true,\",\",0,0,2951,\"uuid_in\",\"uuid_out\",\"uuid_recv\",\"uuid_send\",\"-\",\"-\",\"-\",\"c\",\"p\",false,0,-1,0,0,\"NULL\",\"NULL\",\"NULL\"]"}
2026-02-28T15:25:00.107+0300	DEBUG	logger/zap_logger.go:71	DEBUG: Saved row: 	{"rowKey": "testdb:pg_catalog:pg_type:row:114:", "rowData": "[114,\"json\",11,10,-1,false,\"b\",\"U\",false,true,\",\",0,0,199,\"json_in\",\"json_out\",\"json_recv\",\"json_send\",\"-\",\"-\",\"-\",\"i\",\"e\",false,0,-1,0,0,\"NULL\",\"NULL\",\"NULL\"]"}
2026-02-28T15:25:00.107+0300	DEBUG	logger/zap_logger.go:71	DEBUG: Saved row: 	{"rowKey": "testdb:pg_catalog:pg_type:row:3802:", "rowData": "[3802,\"jsonb\",11,10,-1,false,\"b\",\"U\",false,true,\",\",0,0,3807,\"jsonb_in\",\"jsonb_out\",\"jsonb_recv\",\"jsonb_send\",\"-\",\"-\",\"-\",\"i\",\"e\",false,0,-1,0,0,\"NULL\",\"NULL\",\"NULL\"]"}
2026-02-28T15:25:00.107+0300	DEBUG	logger/zap_logger.go:71	DEBUG: Saved row: 	{"rowKey": "testdb:pg_catalog:pg_type:row:1042:", "rowData": "[1042,\"bpchar\",11,10,-1,false,\"b\",\"S\",false,true,\",\",0,0,1014,\"bpcharin\",\"bpcharout\",\"bpcharrecv\",\"bpcharsend\",\"bpchartypmodin\",\"bpchartypmodout\",\"-\",\"i\",\"e\",false,0,-1,0,100,\"NULL\",\"NULL\",\"NULL\"]"}
2026-02-28T15:25:00.107+0300	DEBUG	logger/zap_logger.go:71	DEBUG: Saved row: 	{"rowKey": "testdb:pg_catalog:pg_type:row:100001:", "rowData": "[100001,\"positive_int\",11,10,4,true,\"d\",\"N\",false,true,\",\",0,0,0,\"int4in\",\"int4out\",\"int4recv\",\"int4send\",\"-\",\"-\",\"-\",\"i\",\"p\",false,23,-1,0,0,\"NULL\",\"NULL\",\"NULL\"]"}
2026-02-28T15:25:00.107+0300	DEBUG	logger/zap_logger.go:71	DEBUG: Saved row: 	{"rowKey": "testdb:pg_catalog:pg_type:row:100002:", "rowData": "[100002,\"email_address\",11,10,-1,false,\"d\",\"S\",false,true,\",\",0,0,0,\"textin\",\"textout\",\"textrecv\",\"textsend\",\"-\",\"-\",\"-\",\"i\",\"e\",false,25,-1,0,0,\"NULL\",\"NULL\",\"NULL\"]"}
2026-02-28T15:25:00.107+0300	DEBUG	logger/zap_logger.go:71	DEBUG: Saved row: 	{"rowKey": "testdb:pg_catalog:pg_type:row:100003:", "rowData": "[100003,\"us_postal_code\",11,10,-1,false,\"d\",\"S\",false,true,\",\",0,0,0,\"textin\",\"textout\",\"textrecv\",\"textsend\",\"-\",\"-\",\"-\",\"i\",\"e\",false,25,-1,0,0,\"NULL\",\"NULL\",\"NULL\"]"}
2026-02-28T15:25:00.107+0300	INFO	logger/zap_logger.go:76	[SynchronizerVClock] Loaded key	{"key": "testdb:pg_catalog:pg_type:row:701:", "value": "[701,\"float8\",11,10,8,true,\"b\",\"N\",true,true,\",\",0,0,1022,\"float8in\",\"float8out\",\"float8recv\",\"float8send\",\"-\",\"-\",\"-\",\"d\",\"p\",false,0,-1,0,0,\"NULL\",\"NULL\",\"NULL\"]", "vclock": {"node1":81}}
2026-02-28T15:25:00.107+0300	INFO	logger/zap_logger.go:76	[SynchronizerVClock] Loaded key	{"key": "testdb:pg_catalog:pg_type:row:1184:", "value": "[1184,\"timestamptz\",11,10,8,true,\"b\",\"D\",true,true,\",\",0,0,1185,\"timestamptz_in\",\"timestamptz_out\",\"timestamptz_recv\",\"timestamptz_send\",\"timestamptztypmodin\",\"timestamptztypmodout\",\"-\",\"d\",\"p\",false,0,-1,0,0,\"NULL\",\"NULL\",\"NULL\"]", "vclock": {"node1":82}}
2026-02-28T15:25:00.107+0300	DEBUG	logger/zap_logger.go:96	Executing: 

CREATE TABLE IF NOT EXISTS pg_catalog.pg_namespace (
    oid INT,
    nspname TEXT,
    nspowner INT,
    nspacl TEXT,
    PRIMARY KEY (oid)
)
2026-02-28T15:25:00.107+0300	INFO	logger/zap_logger.go:76	[SynchronizerVClock] Loaded key	{"key": "testdb:pg_catalog:pg_type:row:3802:", "value": "[3802,\"jsonb\",11,10,-1,false,\"b\",\"U\",false,true,\",\",0,0,3807,\"jsonb_in\",\"jsonb_out\",\"jsonb_recv\",\"jsonb_send\",\"-\",\"-\",\"-\",\"i\",\"e\",false,0,-1,0,0,\"NULL\",\"NULL\",\"NULL\"]", "vclock": {"node1":83}}
2026-02-28T15:25:00.107+0300	INFO	logger/zap_logger.go:76	[SynchronizerVClock] Loaded key	{"key": "testdb:pg_catalog:pg_type:row:25:", "value": "[25,\"text\",11,10,-1,false,\"b\",\"S\",true,true,\",\",0,0,1009,\"textin\",\"textout\",\"textrecv\",\"textsend\",\"texttypmodin\",\"texttypmodout\",\"textanalyze\",\"i\",\"e\",false,0,-1,0,0,\"NULL\",\"NULL\",\"NULL\"]", "vclock": {"node1":84}}
2026-02-28T15:25:00.107+0300	INFO	logger/zap_logger.go:76	[SynchronizerVClock] Loaded key	{"key": "testdb:pg_catalog:pg_type:row:1043:", "value": "[1043,\"varchar\",11,10,-1,false,\"b\",\"S\",false,true,\",\",0,0,1015,\"varcharin\",\"varcharout\",\"varcharrecv\",\"varcharsend\",\"varchartypmodin\",\"varchartypmodout\",\"-\",\"i\",\"e\",false,0,-1,0,100,\"NULL\",\"NULL\",\"NULL\"]", "vclock": {"node1":85}}
2026-02-28T15:25:00.107+0300	INFO	logger/zap_logger.go:76	[SynchronizerVClock] Loaded key	{"key": "testdb:pg_catalog:pg_type:row:100001:", "value": "[100001,\"positive_int\",11,10,4,true,\"d\",\"N\",false,true,\",\",0,0,0,\"int4in\",\"int4out\",\"int4recv\",\"int4send\",\"-\",\"-\",\"-\",\"i\",\"p\",false,23,-1,0,0,\"NULL\",\"NULL\",\"NULL\"]", "vclock": {"node1":86}}
2026-02-28T15:25:00.107+0300	INFO	logger/zap_logger.go:76	[SynchronizerVClock] Loaded key	{"key": "testdb:pg_catalog:pg_type:row:1082:", "value": "[1082,\"date\",11,10,4,true,\"b\",\"D\",false,true,\",\",0,0,1182,\"date_in\",\"date_out\",\"date_recv\",\"date_send\",\"-\",\"-\",\"-\",\"i\",\"p\",false,0,-1,0,0,\"NULL\",\"NULL\",\"NULL\"]", "vclock": {"node1":87}}
2026-02-28T15:25:00.107+0300	INFO	logger/zap_logger.go:76	[SynchronizerVClock] Loaded key	{"key": "testdb:pg_catalog:pg_type:row:17:", "value": "[17,\"bytea\",11,10,-1,false,\"b\",\"U\",false,true,\",\",0,0,1001,\"byteain\",\"byteaout\",\"bytearecv\",\"byteasend\",\"-\",\"-\",\"-\",\"i\",\"x\",false,0,-1,0,0,\"NULL\",\"NULL\",\"NULL\"]", "vclock": {"node1":88}}
2026-02-28T15:25:00.107+0300	INFO	logger/zap_logger.go:76	[SynchronizerVClock] Loaded key	{"key": "testdb:pg_catalog:pg_type:row:24:", "value": "[24,\"regproc\",11,10,4,true,\"b\",\"N\",false,true,\",\",0,0,1008,\"regprocin\",\"regprocout\",\"regprocrecv\",\"regprocsend\",\"-\",\"-\",\"-\",\"i\",\"p\",false,0,-1,0,0,\"NULL\",\"NULL\",\"NULL\"]", "vclock": {"node1":89}}
2026-02-28T15:25:00.107+0300	INFO	logger/zap_logger.go:76	[SynchronizerVClock] Loaded key	{"key": "testdb:pg_catalog:pg_type:row:26:", "value": "[26,\"oid\",11,10,4,true,\"b\",\"N\",true,true,\",\",0,0,1028,\"oidin\",\"oidout\",\"oidrecv\",\"oidsend\",\"-\",\"-\",\"-\",\"i\",\"p\",false,0,-1,0,0,\"NULL\",\"NULL\",\"NULL\"]", "vclock": {"node1":90}}
2026-02-28T15:25:00.107+0300	DEBUG	logger/zap_logger.go:96	DEBUG: Parsed statement type: CREATE_TABLE

2026-02-28T15:25:00.107+0300	INFO	logger/zap_logger.go:76	[SynchronizerVClock] Loaded key	{"key": "testdb:pg_catalog:pg_type:row:700:", "value": "[700,\"float4\",11,10,4,true,\"b\",\"N\",false,true,\",\",0,0,1021,\"float4in\",\"float4out\",\"float4recv\",\"float4send\",\"-\",\"-\",\"-\",\"i\",\"p\",false,0,-1,0,0,\"NULL\",\"NULL\",\"NULL\"]", "vclock": {"node1":91}}
2026-02-28T15:25:00.107+0300	DEBUG	logger/zap_logger.go:96	Executing: 

INSERT INTO pg_catalog.pg_namespace (oid, nspname, nspowner, nspacl) VALUES
(11, 'pg_catalog', 10, NULL),
(12, 'public', 10, NULL)
2026-02-28T15:25:00.108+0300	INFO	logger/zap_logger.go:76	[SynchronizerVClock] Loaded key	{"key": "testdb:pg_catalog:pg_type:row:1114:", "value": "[1114,\"timestamp\",11,10,8,true,\"b\",\"D\",false,true,\",\",0,0,1115,\"timestamp_in\",\"timestamp_out\",\"timestamp_recv\",\"timestamp_send\",\"timestamptypmodin\",\"timestamptypmodout\",\"-\",\"d\",\"p\",false,0,-1,0,0,\"NULL\",\"NULL\",\"NULL\"]", "vclock": {"node1":92}}
2026-02-28T15:25:00.108+0300	INFO	logger/zap_logger.go:76	[SynchronizerVClock] Loaded key	{"key": "testdb:pg_catalog:pg_type:row:1042:", "value": "[1042,\"bpchar\",11,10,-1,false,\"b\",\"S\",false,true,\",\",0,0,1014,\"bpcharin\",\"bpcharout\",\"bpcharrecv\",\"bpcharsend\",\"bpchartypmodin\",\"bpchartypmodout\",\"-\",\"i\",\"e\",false,0,-1,0,100,\"NULL\",\"NULL\",\"NULL\"]", "vclock": {"node1":93}}
2026-02-28T15:25:00.108+0300	INFO	logger/zap_logger.go:76	[SynchronizerVClock] Loaded key	{"key": "testdb:pg_catalog:pg_type:row:100003:", "value": "[100003,\"us_postal_code\",11,10,-1,false,\"d\",\"S\",false,true,\",\",0,0,0,\"textin\",\"textout\",\"textrecv\",\"textsend\",\"-\",\"-\",\"-\",\"i\",\"e\",false,25,-1,0,0,\"NULL\",\"NULL\",\"NULL\"]", "vclock": {"node1":94}}
2026-02-28T15:25:00.108+0300	INFO	logger/zap_logger.go:76	[SynchronizerVClock] Loaded key	{"key": "testdb:pg_catalog:pg_type:row:16:", "value": "[16,\"bool\",11,10,1,true,\"b\",\"B\",true,true,\",\",0,0,1000,\"boolin\",\"boolout\",\"boolrecv\",\"boolsend\",\"booltypmodin\",\"booltypmodout\",\"boolanalyze\",\"c\",\"p\",false,0,-1,0,0,\"NULL\",\"NULL\",\"NULL\"]", "vclock": {"node1":95}}
2026-02-28T15:25:00.108+0300	INFO	logger/zap_logger.go:76	[SynchronizerVClock] Loaded key	{"key": "testdb:pg_catalog:pg_type:row:18:", "value": "[18,\"char\",11,10,1,true,\"b\",\"Z\",false,true,\",\",0,0,1002,\"charin\",\"charout\",\"charrecv\",\"charsend\",\"-\",\"-\",\"-\",\"c\",\"p\",false,0,-1,0,0,\"NULL\",\"NULL\",\"NULL\"]", "vclock": {"node1":96}}
2026-02-28T15:25:00.108+0300	DEBUG	logger/zap_logger.go:96	DEBUG: Parsed statement type: INSERT

2026-02-28T15:25:00.108+0300	INFO	logger/zap_logger.go:76	[SynchronizerVClock] Loaded key	{"key": "testdb:pg_catalog:pg_type:row:19:", "value": "[19,\"name\",11,10,64,false,\"b\",\"S\",false,true,\",\",0,0,1003,\"namein\",\"nameout\",\"namerecv\",\"namesend\",\"-\",\"-\",\"-\",\"c\",\"p\",false,0,-1,0,950,\"NULL\",\"NULL\",\"NULL\"]", "vclock": {"node1":97}}
2026-02-28T15:25:00.108+0300	INFO	logger/zap_logger.go:76	[SynchronizerVClock] Loaded key	{"key": "testdb:pg_catalog:pg_type:row:1083:", "value": "[1083,\"time\",11,10,8,true,\"b\",\"D\",false,true,\",\",0,0,1183,\"time_in\",\"time_out\",\"time_recv\",\"time_send\",\"timetypmodin\",\"timetypmodout\",\"-\",\"d\",\"p\",false,0,-1,0,0,\"NULL\",\"NULL\",\"NULL\"]", "vclock": {"node1":98}}
2026-02-28T15:25:00.108+0300	DEBUG	logger/zap_logger.go:96	DEBUG: Insert into pg_catalog.pg_namespace: [[11 pg_catalog 10 NULL] [12 public 10 NULL]]

2026-02-28T15:25:00.108+0300	INFO	logger/zap_logger.go:76	[SynchronizerVClock] Loaded key	{"key": "testdb:pg_catalog:pg_type:row:1700:", "value": "[1700,\"numeric\",11,10,-1,false,\"b\",\"N\",false,true,\",\",0,0,1231,\"numeric_in\",\"numeric_out\",\"numeric_recv\",\"numeric_send\",\"numerictypmodin\",\"numerictypmodout\",\"-\",\"i\",\"m\",false,0,-1,0,0,\"NULL\",\"NULL\",\"NULL\"]", "vclock": {"node1":99}}
2026-02-28T15:25:00.108+0300	INFO	logger/zap_logger.go:76	[SynchronizerVClock] Loaded key	{"key": "testdb:pg_catalog:pg_type:row:2950:", "value": "[2950,\"uuid\",11,10,16,false,\"b\",\"U\",false,true,\",\",0,0,2951,\"uuid_in\",\"uuid_out\",\"uuid_recv\",\"uuid_send\",\"-\",\"-\",\"-\",\"c\",\"p\",false,0,-1,0,0,\"NULL\",\"NULL\",\"NULL\"]", "vclock": {"node1":100}}
2026-02-28T15:25:00.108+0300	INFO	logger/zap_logger.go:76	[SynchronizerVClock] Loaded key	{"key": "testdb:pg_catalog:pg_type:row:114:", "value": "[114,\"json\",11,10,-1,false,\"b\",\"U\",false,true,\",\",0,0,199,\"json_in\",\"json_out\",\"json_recv\",\"json_send\",\"-\",\"-\",\"-\",\"i\",\"e\",false,0,-1,0,0,\"NULL\",\"NULL\",\"NULL\"]", "vclock": {"node1":101}}
2026-02-28T15:25:00.108+0300	INFO	logger/zap_logger.go:76	[SynchronizerVClock] Loaded key	{"key": "testdb:pg_catalog:pg_type:row:100002:", "value": "[100002,\"email_address\",11,10,-1,false,\"d\",\"S\",false,true,\",\",0,0,0,\"textin\",\"textout\",\"textrecv\",\"textsend\",\"-\",\"-\",\"-\",\"i\",\"e\",false,25,-1,0,0,\"NULL\",\"NULL\",\"NULL\"]", "vclock": {"node1":102}}
2026-02-28T15:25:00.108+0300	INFO	logger/zap_logger.go:76	[SynchronizerVClock] Loaded key	{"key": "testdb:pg_catalog:pg_type:row:20:", "value": "[20,\"int8\",11,10,8,true,\"b\",\"N\",false,true,\",\",0,0,1016,\"int8in\",\"int8out\",\"int8recv\",\"int8send\",\"-\",\"-\",\"-\",\"d\",\"p\",false,0,-1,0,0,\"NULL\",\"NULL\",\"NULL\"]", "vclock": {"node1":103}}
2026-02-28T15:25:00.108+0300	INFO	logger/zap_logger.go:76	[SynchronizerVClock] Loaded key	{"key": "testdb:pg_catalog:pg_type:row:21:", "value": "[21,\"int2\",11,10,2,true,\"b\",\"N\",false,true,\",\",0,0,1005,\"int2in\",\"int2out\",\"int2recv\",\"int2send\",\"-\",\"-\",\"-\",\"s\",\"p\",false,0,-1,0,0,\"NULL\",\"NULL\",\"NULL\"]", "vclock": {"node1":104}}
2026-02-28T15:25:00.108+0300	INFO	logger/zap_logger.go:76	[SynchronizerVClock] Loaded key	{"key": "testdb:pg_catalog:pg_type:row:23:", "value": "[23,\"int4\",11,10,4,true,\"b\",\"N\",true,true,\",\",0,0,1007,\"int4in\",\"int4out\",\"int4recv\",\"int4send\",\"int4typmodin\",\"int4typmodout\",\"int4analyze\",\"i\",\"p\",false,0,-1,0,0,\"NULL\",\"NULL\",\"NULL\"]", "vclock": {"node1":105}}
2026-02-28T15:25:00.108+0300	DEBUG	logger/zap_logger.go:71	DEBUG: Table metadata:	{"meta": {"Name":"pg_catalog.pg_namespace","Columns":{"nspacl":{"Type":0,"IsNullable":true,"DefaultValue":null,"IsSerial":false,"IsUnique":false,"Idx":4},"nspname":{"Type":0,"IsNullable":true,"DefaultValue":null,"IsSerial":false,"IsUnique":false,"Idx":2},"nspowner":{"Type":1,"IsNullable":true,"DefaultValue":null,"IsSerial":false,"IsUnique":false,"Idx":3},"oid":{"Type":1,"IsNullable":false,"DefaultValue":null,"IsSerial":false,"IsUnique":false,"Idx":1}},"PrimaryKeys":[1]}}
2026-02-28T15:25:00.108+0300	DEBUG	logger/zap_logger.go:71	DEBUG: Saved row: 	{"rowKey": "testdb:pg_catalog:pg_namespace:row:11:", "rowData": "[11,\"pg_catalog\",10,\"NULL\"]"}
2026-02-28T15:25:00.108+0300	INFO	logger/zap_logger.go:76	[SynchronizerVClock] Loaded key	{"key": "schema:testdb:pg_catalog:pg_namespace:", "value": "{\"Name\":\"pg_catalog.pg_namespace\",\"Columns\":{\"nspacl\":{\"Type\":0,\"IsNullable\":true,\"DefaultValue\":null,\"IsSerial\":false,\"IsUnique\":false,\"Idx\":4},\"nspname\":{\"Type\":0,\"IsNullable\":true,\"DefaultValue\":null,\"IsSerial\":false,\"IsUnique\":false,\"Idx\":2},\"nspowner\":{\"Type\":1,\"IsNullable\":true,\"DefaultValue\":null,\"IsSerial\":false,\"IsUnique\":false,\"Idx\":3},\"oid\":{\"Type\":1,\"IsNullable\":false,\"DefaultValue\":null,\"IsSerial\":false,\"IsUnique\":false,\"Idx\":1}},\"PrimaryKeys\":[1]}", "vclock": {"node1":106}}
2026-02-28T15:25:00.108+0300	DEBUG	logger/zap_logger.go:71	DEBUG: Saved row: 	{"rowKey": "testdb:pg_catalog:pg_namespace:row:12:", "rowData": "[12,\"public\",10,\"NULL\"]"}
2026-02-28T15:25:00.108+0300	DEBUG	logger/zap_logger.go:96	Executing: 

CREATE TABLE IF NOT EXISTS pg_catalog.pg_database (
    oid INT,
    datname TEXT,
    datdba INT,
    encoding INT,
    datcollate TEXT,
    datctype TEXT,
    datistemplate BOOLEAN,
    datallowconn BOOLEAN,
    datconnlimit INT,
    datlastsysoid INT,
    datfrozenxid INT,
    datminmxid INT,
    dattablespace INT,
    datacl TEXT,
    PRIMARY KEY (oid)
)
2026-02-28T15:25:00.108+0300	INFO	logger/zap_logger.go:76	[SynchronizerVClock] Loaded key	{"key": "testdb:pg_catalog:pg_namespace:row:11:", "value": "[11,\"pg_catalog\",10,\"NULL\"]", "vclock": {"node1":107}}
2026-02-28T15:25:00.108+0300	INFO	logger/zap_logger.go:76	[SynchronizerVClock] Loaded key	{"key": "testdb:pg_catalog:pg_namespace:row:12:", "value": "[12,\"public\",10,\"NULL\"]", "vclock": {"node1":108}}
2026-02-28T15:25:00.108+0300	DEBUG	logger/zap_logger.go:96	DEBUG: Parsed statement type: CREATE_TABLE

2026-02-28T15:25:00.108+0300	DEBUG	logger/zap_logger.go:96	Executing: 

INSERT INTO pg_catalog.pg_database (oid, datname, datdba, encoding, datcollate, datctype, datistemplate, datallowconn, datconnlimit, datlastsysoid, datfrozenxid, datminmxid, dattablespace, datacl) VALUES
(1, 'postgres', 10, 6, 'en_US.UTF-8', 'en_US.UTF-8', FALSE, TRUE, -1, 0, 0, 0, 1663, NULL)
2026-02-28T15:25:00.108+0300	INFO	logger/zap_logger.go:76	[SynchronizerVClock] Loaded key	{"key": "schema:testdb:pg_catalog:pg_database:", "value": "{\"Name\":\"pg_catalog.pg_database\",\"Columns\":{\"datacl\":{\"Type\":0,\"IsNullable\":true,\"DefaultValue\":null,\"IsSerial\":false,\"IsUnique\":false,\"Idx\":14},\"datallowconn\":{\"Type\":0,\"IsNullable\":true,\"DefaultValue\":null,\"IsSerial\":false,\"IsUnique\":false,\"Idx\":8},\"datcollate\":{\"Type\":0,\"IsNullable\":true,\"DefaultValue\":null,\"IsSerial\":false,\"IsUnique\":false,\"Idx\":5},\"datconnlimit\":{\"Type\":1,\"IsNullable\":true,\"DefaultValue\":null,\"IsSerial\":false,\"IsUnique\":false,\"Idx\":9},\"datctype\":{\"Type\":0,\"IsNullable\":true,\"DefaultValue\":null,\"IsSerial\":false,\"IsUnique\":false,\"Idx\":6},\"datdba\":{\"Type\":1,\"IsNullable\":true,\"DefaultValue\":null,\"IsSerial\":false,\"IsUnique\":false,\"Idx\":3},\"datfrozenxid\":{\"Type\":1,\"IsNullable\":true,\"DefaultValue\":null,\"IsSerial\":false,\"IsUnique\":false,\"Idx\":11},\"datistemplate\":{\"Type\":0,\"IsNullable\":true,\"DefaultValue\":null,\"IsSerial\":false,\"IsUnique\":false,\"Idx\":7},\"datlastsysoid\":{\"Type\":1,\"IsNullable\":true,\"DefaultValue\":null,\"IsSerial\":false,\"IsUnique\":false,\"Idx\":10},\"datminmxid\":{\"Type\":1,\"IsNullable\":true,\"DefaultValue\":null,\"IsSerial\":false,\"IsUnique\":false,\"Idx\":12},\"datname\":{\"Type\":0,\"IsNullable\":true,\"DefaultValue\":null,\"IsSerial\":false,\"IsUnique\":false,\"Idx\":2},\"dattablespace\":{\"Type\":1,\"IsNullable\":true,\"DefaultValue\":null,\"IsSerial\":false,\"IsUnique\":false,\"Idx\":13},\"encoding\":{\"Type\":1,\"IsNullable\":true,\"DefaultValue\":null,\"IsSerial\":false,\"IsUnique\":false,\"Idx\":4},\"oid\":{\"Type\":1,\"IsNullable\":false,\"DefaultValue\":null,\"IsSerial\":false,\"IsUnique\":false,\"Idx\":1}},\"PrimaryKeys\":[1]}", "vclock": {"node1":109}}
2026-02-28T15:25:00.108+0300	DEBUG	logger/zap_logger.go:96	DEBUG: Parsed statement type: INSERT

2026-02-28T15:25:00.108+0300	DEBUG	logger/zap_logger.go:96	DEBUG: Insert into pg_catalog.pg_database: [[1 postgres 10 6 en_US.UTF-8 en_US.UTF-8 false true -1 0 0 0 1663 NULL]]

2026-02-28T15:25:00.108+0300	DEBUG	logger/zap_logger.go:71	DEBUG: Table metadata:	{"meta": {"Name":"pg_catalog.pg_database","Columns":{"datacl":{"Type":0,"IsNullable":true,"DefaultValue":null,"IsSerial":false,"IsUnique":false,"Idx":14},"datallowconn":{"Type":0,"IsNullable":true,"DefaultValue":null,"IsSerial":false,"IsUnique":false,"Idx":8},"datcollate":{"Type":0,"IsNullable":true,"DefaultValue":null,"IsSerial":false,"IsUnique":false,"Idx":5},"datconnlimit":{"Type":1,"IsNullable":true,"DefaultValue":null,"IsSerial":false,"IsUnique":false,"Idx":9},"datctype":{"Type":0,"IsNullable":true,"DefaultValue":null,"IsSerial":false,"IsUnique":false,"Idx":6},"datdba":{"Type":1,"IsNullable":true,"DefaultValue":null,"IsSerial":false,"IsUnique":false,"Idx":3},"datfrozenxid":{"Type":1,"IsNullable":true,"DefaultValue":null,"IsSerial":false,"IsUnique":false,"Idx":11},"datistemplate":{"Type":0,"IsNullable":true,"DefaultValue":null,"IsSerial":false,"IsUnique":false,"Idx":7},"datlastsysoid":{"Type":1,"IsNullable":true,"DefaultValue":null,"IsSerial":false,"IsUnique":false,"Idx":10},"datminmxid":{"Type":1,"IsNullable":true,"DefaultValue":null,"IsSerial":false,"IsUnique":false,"Idx":12},"datname":{"Type":0,"IsNullable":true,"DefaultValue":null,"IsSerial":false,"IsUnique":false,"Idx":2},"dattablespace":{"Type":1,"IsNullable":true,"DefaultValue":null,"IsSerial":false,"IsUnique":false,"Idx":13},"encoding":{"Type":1,"IsNullable":true,"DefaultValue":null,"IsSerial":false,"IsUnique":false,"Idx":4},"oid":{"Type":1,"IsNullable":false,"DefaultValue":null,"IsSerial":false,"IsUnique":false,"Idx":1}},"PrimaryKeys":[1]}}
2026-02-28T15:25:00.108+0300	DEBUG	logger/zap_logger.go:71	DEBUG: Saved row: 	{"rowKey": "testdb:pg_catalog:pg_database:row:1:", "rowData": "[1,\"postgres\",10,6,\"en_US.UTF-8\",\"en_US.UTF-8\",false,true,-1,0,0,0,1663,\"NULL\"]"}
2026-02-28T15:25:00.108+0300	DEBUG	logger/zap_logger.go:96	Executing: 

CREATE TABLE IF NOT EXISTS pg_catalog.pg_tablespace (
    oid INT,
    spcname TEXT,
    spcowner INT,
    spcacl TEXT,
    spcoptions TEXT,
    PRIMARY KEY (oid)
)
2026-02-28T15:25:00.108+0300	INFO	logger/zap_logger.go:76	[SynchronizerVClock] Loaded key	{"key": "testdb:pg_catalog:pg_database:row:1:", "value": "[1,\"postgres\",10,6,\"en_US.UTF-8\",\"en_US.UTF-8\",false,true,-1,0,0,0,1663,\"NULL\"]", "vclock": {"node1":110}}
2026-02-28T15:25:00.108+0300	DEBUG	logger/zap_logger.go:96	DEBUG: Parsed statement type: CREATE_TABLE

2026-02-28T15:25:00.108+0300	DEBUG	logger/zap_logger.go:96	Executing: 

INSERT INTO pg_catalog.pg_tablespace (oid, spcname, spcowner, spcacl, spcoptions) VALUES
(1663, 'pg_default', 10, NULL, NULL),
(1664, 'pg_global', 10, NULL, NULL)
2026-02-28T15:25:00.108+0300	INFO	logger/zap_logger.go:76	[SynchronizerVClock] Loaded key	{"key": "schema:testdb:pg_catalog:pg_tablespace:", "value": "{\"Name\":\"pg_catalog.pg_tablespace\",\"Columns\":{\"oid\":{\"Type\":1,\"IsNullable\":false,\"DefaultValue\":null,\"IsSerial\":false,\"IsUnique\":false,\"Idx\":1},\"spcacl\":{\"Type\":0,\"IsNullable\":true,\"DefaultValue\":null,\"IsSerial\":false,\"IsUnique\":false,\"Idx\":4},\"spcname\":{\"Type\":0,\"IsNullable\":true,\"DefaultValue\":null,\"IsSerial\":false,\"IsUnique\":false,\"Idx\":2},\"spcoptions\":{\"Type\":0,\"IsNullable\":true,\"DefaultValue\":null,\"IsSerial\":false,\"IsUnique\":false,\"Idx\":5},\"spcowner\":{\"Type\":1,\"IsNullable\":true,\"DefaultValue\":null,\"IsSerial\":false,\"IsUnique\":false,\"Idx\":3}},\"PrimaryKeys\":[1]}", "vclock": {"node1":111}}
2026-02-28T15:25:00.108+0300	DEBUG	logger/zap_logger.go:96	DEBUG: Parsed statement type: INSERT

2026-02-28T15:25:00.108+0300	DEBUG	logger/zap_logger.go:96	DEBUG: Insert into pg_catalog.pg_tablespace: [[1663 pg_default 10 NULL NULL] [1664 pg_global 10 NULL NULL]]

2026-02-28T15:25:00.108+0300	DEBUG	logger/zap_logger.go:71	DEBUG: Table metadata:	{"meta": {"Name":"pg_catalog.pg_tablespace","Columns":{"oid":{"Type":1,"IsNullable":false,"DefaultValue":null,"IsSerial":false,"IsUnique":false,"Idx":1},"spcacl":{"Type":0,"IsNullable":true,"DefaultValue":null,"IsSerial":false,"IsUnique":false,"Idx":4},"spcname":{"Type":0,"IsNullable":true,"DefaultValue":null,"IsSerial":false,"IsUnique":false,"Idx":2},"spcoptions":{"Type":0,"IsNullable":true,"DefaultValue":null,"IsSerial":false,"IsUnique":false,"Idx":5},"spcowner":{"Type":1,"IsNullable":true,"DefaultValue":null,"IsSerial":false,"IsUnique":false,"Idx":3}},"PrimaryKeys":[1]}}
2026-02-28T15:25:00.108+0300	DEBUG	logger/zap_logger.go:71	DEBUG: Saved row: 	{"rowKey": "testdb:pg_catalog:pg_tablespace:row:1663:", "rowData": "[1663,\"pg_default\",10,\"NULL\",\"NULL\"]"}
2026-02-28T15:25:00.108+0300	DEBUG	logger/zap_logger.go:71	DEBUG: Saved row: 	{"rowKey": "testdb:pg_catalog:pg_tablespace:row:1664:", "rowData": "[1664,\"pg_global\",10,\"NULL\",\"NULL\"]"}
2026-02-28T15:25:00.108+0300	INFO	logger/zap_logger.go:76	[SynchronizerVClock] Loaded key	{"key": "testdb:pg_catalog:pg_tablespace:row:1663:", "value": "[1663,\"pg_default\",10,\"NULL\",\"NULL\"]", "vclock": {"node1":112}}
2026-02-28T15:25:00.108+0300	DEBUG	logger/zap_logger.go:96	Executing: 

CREATE TABLE IF NOT EXISTS pg_catalog.pg_roles (
    oid INT,
    rolname TEXT,
    rolsuper BOOLEAN,
    rolinherit BOOLEAN,
    rolcreaterole BOOLEAN,
    rolcreatedb BOOLEAN,
    rolcanlogin BOOLEAN,
    rolreplication BOOLEAN,
    rolconnlimit INT,
    rolpassword TEXT,
    rolvaliduntil TEXT,
    rolbypassrls BOOLEAN,
    rolconfig TEXT,
    PRIMARY KEY (oid)
)
2026-02-28T15:25:00.108+0300	INFO	logger/zap_logger.go:76	[SynchronizerVClock] Loaded key	{"key": "testdb:pg_catalog:pg_tablespace:row:1664:", "value": "[1664,\"pg_global\",10,\"NULL\",\"NULL\"]", "vclock": {"node1":113}}
2026-02-28T15:25:00.108+0300	DEBUG	logger/zap_logger.go:96	DEBUG: Parsed statement type: CREATE_TABLE

2026-02-28T15:25:00.108+0300	DEBUG	logger/zap_logger.go:96	Executing: 

INSERT INTO pg_catalog.pg_roles (oid, rolname, rolsuper, rolinherit, rolcreaterole, rolcreatedb, rolcanlogin, rolreplication, rolconnlimit, rolpassword, rolvaliduntil, rolbypassrls, rolconfig) VALUES
(10, 'system', TRUE, TRUE, TRUE, TRUE, TRUE, TRUE, -1, NULL, NULL, FALSE, NULL),
(11, 'user1', FALSE, TRUE, FALSE, TRUE, TRUE, FALSE, -1, NULL, NULL, FALSE, NULL)
2026-02-28T15:25:00.108+0300	INFO	logger/zap_logger.go:76	[SynchronizerVClock] Loaded key	{"key": "schema:testdb:pg_catalog:pg_roles:", "value": "{\"Name\":\"pg_catalog.pg_roles\",\"Columns\":{\"oid\":{\"Type\":1,\"IsNullable\":false,\"DefaultValue\":null,\"IsSerial\":false,\"IsUnique\":false,\"Idx\":1},\"rolbypassrls\":{\"Type\":0,\"IsNullable\":true,\"DefaultValue\":null,\"IsSerial\":false,\"IsUnique\":false,\"Idx\":12},\"rolcanlogin\":{\"Type\":0,\"IsNullable\":true,\"DefaultValue\":null,\"IsSerial\":false,\"IsUnique\":false,\"Idx\":7},\"rolconfig\":{\"Type\":0,\"IsNullable\":true,\"DefaultValue\":null,\"IsSerial\":false,\"IsUnique\":false,\"Idx\":13},\"rolconnlimit\":{\"Type\":1,\"IsNullable\":true,\"DefaultValue\":null,\"IsSerial\":false,\"IsUnique\":false,\"Idx\":9},\"rolcreatedb\":{\"Type\":0,\"IsNullable\":true,\"DefaultValue\":null,\"IsSerial\":false,\"IsUnique\":false,\"Idx\":6},\"rolcreaterole\":{\"Type\":0,\"IsNullable\":true,\"DefaultValue\":null,\"IsSerial\":false,\"IsUnique\":false,\"Idx\":5},\"rolinherit\":{\"Type\":0,\"IsNullable\":true,\"DefaultValue\":null,\"IsSerial\":false,\"IsUnique\":false,\"Idx\":4},\"rolname\":{\"Type\":0,\"IsNullable\":true,\"DefaultValue\":null,\"IsSerial\":false,\"IsUnique\":false,\"Idx\":2},\"rolpassword\":{\"Type\":0,\"IsNullable\":true,\"DefaultValue\":null,\"IsSerial\":false,\"IsUnique\":false,\"Idx\":10},\"rolreplication\":{\"Type\":0,\"IsNullable\":true,\"DefaultValue\":null,\"IsSerial\":false,\"IsUnique\":false,\"Idx\":8},\"rolsuper\":{\"Type\":0,\"IsNullable\":true,\"DefaultValue\":null,\"IsSerial\":false,\"IsUnique\":false,\"Idx\":3},\"rolvaliduntil\":{\"Type\":0,\"IsNullable\":true,\"DefaultValue\":null,\"IsSerial\":false,\"IsUnique\":false,\"Idx\":11}},\"PrimaryKeys\":[1]}", "vclock": {"node1":114}}
2026-02-28T15:25:00.108+0300	DEBUG	logger/zap_logger.go:96	DEBUG: Parsed statement type: INSERT

2026-02-28T15:25:00.109+0300	DEBUG	logger/zap_logger.go:96	DEBUG: Insert into pg_catalog.pg_roles: [[10 system true true true true true true -1 NULL NULL false NULL] [11 user1 false true false true true false -1 NULL NULL false NULL]]

2026-02-28T15:25:00.109+0300	DEBUG	logger/zap_logger.go:71	DEBUG: Table metadata:	{"meta": {"Name":"pg_catalog.pg_roles","Columns":{"oid":{"Type":1,"IsNullable":false,"DefaultValue":null,"IsSerial":false,"IsUnique":false,"Idx":1},"rolbypassrls":{"Type":0,"IsNullable":true,"DefaultValue":null,"IsSerial":false,"IsUnique":false,"Idx":12},"rolcanlogin":{"Type":0,"IsNullable":true,"DefaultValue":null,"IsSerial":false,"IsUnique":false,"Idx":7},"rolconfig":{"Type":0,"IsNullable":true,"DefaultValue":null,"IsSerial":false,"IsUnique":false,"Idx":13},"rolconnlimit":{"Type":1,"IsNullable":true,"DefaultValue":null,"IsSerial":false,"IsUnique":false,"Idx":9},"rolcreatedb":{"Type":0,"IsNullable":true,"DefaultValue":null,"IsSerial":false,"IsUnique":false,"Idx":6},"rolcreaterole":{"Type":0,"IsNullable":true,"DefaultValue":null,"IsSerial":false,"IsUnique":false,"Idx":5},"rolinherit":{"Type":0,"IsNullable":true,"DefaultValue":null,"IsSerial":false,"IsUnique":false,"Idx":4},"rolname":{"Type":0,"IsNullable":true,"DefaultValue":null,"IsSerial":false,"IsUnique":false,"Idx":2},"rolpassword":{"Type":0,"IsNullable":true,"DefaultValue":null,"IsSerial":false,"IsUnique":false,"Idx":10},"rolreplication":{"Type":0,"IsNullable":true,"DefaultValue":null,"IsSerial":false,"IsUnique":false,"Idx":8},"rolsuper":{"Type":0,"IsNullable":true,"DefaultValue":null,"IsSerial":false,"IsUnique":false,"Idx":3},"rolvaliduntil":{"Type":0,"IsNullable":true,"DefaultValue":null,"IsSerial":false,"IsUnique":false,"Idx":11}},"PrimaryKeys":[1]}}
2026-02-28T15:25:00.109+0300	DEBUG	logger/zap_logger.go:71	DEBUG: Saved row: 	{"rowKey": "testdb:pg_catalog:pg_roles:row:10:", "rowData": "[10,\"system\",true,true,true,true,true,true,-1,\"NULL\",\"NULL\",false,\"NULL\"]"}
2026-02-28T15:25:00.109+0300	DEBUG	logger/zap_logger.go:71	DEBUG: Saved row: 	{"rowKey": "testdb:pg_catalog:pg_roles:row:11:", "rowData": "[11,\"user1\",false,true,false,true,true,false,-1,\"NULL\",\"NULL\",false,\"NULL\"]"}
2026-02-28T15:25:00.109+0300	INFO	logger/zap_logger.go:76	[SynchronizerVClock] Loaded key	{"key": "testdb:pg_catalog:pg_roles:row:10:", "value": "[10,\"system\",true,true,true,true,true,true,-1,\"NULL\",\"NULL\",false,\"NULL\"]", "vclock": {"node1":115}}
2026-02-28T15:25:00.109+0300	DEBUG	logger/zap_logger.go:96	Executing: 

CREATE TABLE IF NOT EXISTS pg_catalog.pg_stat_ssl (
    pid INT,
    ssl BOOLEAN,
    version TEXT,
    cipher TEXT,
    bits INT,
    compression BOOLEAN,
    clientdn TEXT,
    PRIMARY KEY (pid)
)
2026-02-28T15:25:00.109+0300	INFO	logger/zap_logger.go:76	[SynchronizerVClock] Loaded key	{"key": "testdb:pg_catalog:pg_roles:row:11:", "value": "[11,\"user1\",false,true,false,true,true,false,-1,\"NULL\",\"NULL\",false,\"NULL\"]", "vclock": {"node1":116}}
2026-02-28T15:25:00.109+0300	DEBUG	logger/zap_logger.go:96	DEBUG: Parsed statement type: CREATE_TABLE

2026-02-28T15:25:00.109+0300	DEBUG	logger/zap_logger.go:96	Executing: 

INSERT INTO pg_catalog.pg_stat_ssl (pid, ssl, version, cipher, bits, compression, clientdn) VALUES
(12345, TRUE, 'TLSv1.3', 'TLS_AES_256_GCM_SHA384', 256, FALSE, 'CN=client,O=example,C=US')
2026-02-28T15:25:00.109+0300	INFO	logger/zap_logger.go:76	[SynchronizerVClock] Loaded key	{"key": "schema:testdb:pg_catalog:pg_stat_ssl:", "value": "{\"Name\":\"pg_catalog.pg_stat_ssl\",\"Columns\":{\"bits\":{\"Type\":1,\"IsNullable\":true,\"DefaultValue\":null,\"IsSerial\":false,\"IsUnique\":false,\"Idx\":5},\"cipher\":{\"Type\":0,\"IsNullable\":true,\"DefaultValue\":null,\"IsSerial\":false,\"IsUnique\":false,\"Idx\":4},\"clientdn\":{\"Type\":0,\"IsNullable\":true,\"DefaultValue\":null,\"IsSerial\":false,\"IsUnique\":false,\"Idx\":7},\"compression\":{\"Type\":0,\"IsNullable\":true,\"DefaultValue\":null,\"IsSerial\":false,\"IsUnique\":false,\"Idx\":6},\"pid\":{\"Type\":1,\"IsNullable\":false,\"DefaultValue\":null,\"IsSerial\":false,\"IsUnique\":false,\"Idx\":1},\"ssl\":{\"Type\":0,\"IsNullable\":true,\"DefaultValue\":null,\"IsSerial\":false,\"IsUnique\":false,\"Idx\":2},\"version\":{\"Type\":0,\"IsNullable\":true,\"DefaultValue\":null,\"IsSerial\":false,\"IsUnique\":false,\"Idx\":3}},\"PrimaryKeys\":[1]}", "vclock": {"node1":117}}
2026-02-28T15:25:00.109+0300	DEBUG	logger/zap_logger.go:96	DEBUG: Parsed statement type: INSERT

2026-02-28T15:25:00.109+0300	DEBUG	logger/zap_logger.go:96	DEBUG: Insert into pg_catalog.pg_stat_ssl: [[12345 true TLSv1.3 TLS_AES_256_GCM_SHA384 256 false CN=client,O=example,C=US]]

2026-02-28T15:25:00.109+0300	DEBUG	logger/zap_logger.go:71	DEBUG: Table metadata:	{"meta": {"Name":"pg_catalog.pg_stat_ssl","Columns":{"bits":{"Type":1,"IsNullable":true,"DefaultValue":null,"IsSerial":false,"IsUnique":false,"Idx":5},"cipher":{"Type":0,"IsNullable":true,"DefaultValue":null,"IsSerial":false,"IsUnique":false,"Idx":4},"clientdn":{"Type":0,"IsNullable":true,"DefaultValue":null,"IsSerial":false,"IsUnique":false,"Idx":7},"compression":{"Type":0,"IsNullable":true,"DefaultValue":null,"IsSerial":false,"IsUnique":false,"Idx":6},"pid":{"Type":1,"IsNullable":false,"DefaultValue":null,"IsSerial":false,"IsUnique":false,"Idx":1},"ssl":{"Type":0,"IsNullable":true,"DefaultValue":null,"IsSerial":false,"IsUnique":false,"Idx":2},"version":{"Type":0,"IsNullable":true,"DefaultValue":null,"IsSerial":false,"IsUnique":false,"Idx":3}},"PrimaryKeys":[1]}}
2026-02-28T15:25:00.109+0300	DEBUG	logger/zap_logger.go:71	DEBUG: Saved row: 	{"rowKey": "testdb:pg_catalog:pg_stat_ssl:row:12345:", "rowData": "[12345,true,\"TLSv1.3\",\"TLS_AES_256_GCM_SHA384\",256,false,\"CN=client,O=example,C=US\"]"}
2026-02-28T15:25:00.109+0300	DEBUG	logger/zap_logger.go:96	Executing: 

CREATE TABLE IF NOT EXISTS pg_catalog.pg_shdescription (
    objoid INT,
    classoid INT,
    objsubid INT,
    description TEXT,
    PRIMARY KEY (objoid, classoid, objsubid)
)
2026-02-28T15:25:00.109+0300	INFO	logger/zap_logger.go:76	[SynchronizerVClock] Loaded key	{"key": "testdb:pg_catalog:pg_stat_ssl:row:12345:", "value": "[12345,true,\"TLSv1.3\",\"TLS_AES_256_GCM_SHA384\",256,false,\"CN=client,O=example,C=US\"]", "vclock": {"node1":118}}
2026-02-28T15:25:00.109+0300	DEBUG	logger/zap_logger.go:96	DEBUG: Parsed statement type: CREATE_TABLE

2026-02-28T15:25:00.109+0300	DEBUG	logger/zap_logger.go:96	Executing: 

INSERT INTO pg_catalog.pg_shdescription (objoid, classoid, objsubid, description) VALUES
(1, 1259, 0, 'Description for pg_tables table'),
(2, 1259, 0, 'Description for pg_columns table')
2026-02-28T15:25:00.109+0300	INFO	logger/zap_logger.go:76	[SynchronizerVClock] Loaded key	{"key": "schema:testdb:pg_catalog:pg_shdescription:", "value": "{\"Name\":\"pg_catalog.pg_shdescription\",\"Columns\":{\"classoid\":{\"Type\":1,\"IsNullable\":false,\"DefaultValue\":null,\"IsSerial\":false,\"IsUnique\":false,\"Idx\":2},\"description\":{\"Type\":0,\"IsNullable\":true,\"DefaultValue\":null,\"IsSerial\":false,\"IsUnique\":false,\"Idx\":4},\"objoid\":{\"Type\":1,\"IsNullable\":false,\"DefaultValue\":null,\"IsSerial\":false,\"IsUnique\":false,\"Idx\":1},\"objsubid\":{\"Type\":1,\"IsNullable\":false,\"DefaultValue\":null,\"IsSerial\":false,\"IsUnique\":false,\"Idx\":3}},\"PrimaryKeys\":[1,2,3]}", "vclock": {"node1":119}}
2026-02-28T15:25:00.109+0300	DEBUG	logger/zap_logger.go:96	DEBUG: Parsed statement type: INSERT

2026-02-28T15:25:00.109+0300	DEBUG	logger/zap_logger.go:96	DEBUG: Insert into pg_catalog.pg_shdescription: [[1 1259 0 Description for pg_tables table] [2 1259 0 Description for pg_columns table]]

2026-02-28T15:25:00.109+0300	DEBUG	logger/zap_logger.go:71	DEBUG: Table metadata:	{"meta": {"Name":"pg_catalog.pg_shdescription","Columns":{"classoid":{"Type":1,"IsNullable":false,"DefaultValue":null,"IsSerial":false,"IsUnique":false,"Idx":2},"description":{"Type":0,"IsNullable":true,"DefaultValue":null,"IsSerial":false,"IsUnique":false,"Idx":4},"objoid":{"Type":1,"IsNullable":false,"DefaultValue":null,"IsSerial":false,"IsUnique":false,"Idx":1},"objsubid":{"Type":1,"IsNullable":false,"DefaultValue":null,"IsSerial":false,"IsUnique":false,"Idx":3}},"PrimaryKeys":[1,2,3]}}
2026-02-28T15:25:00.109+0300	DEBUG	logger/zap_logger.go:71	DEBUG: Saved row: 	{"rowKey": "testdb:pg_catalog:pg_shdescription:row:112590:", "rowData": "[1,1259,0,\"Description for pg_tables table\"]"}
2026-02-28T15:25:00.109+0300	DEBUG	logger/zap_logger.go:71	DEBUG: Saved row: 	{"rowKey": "testdb:pg_catalog:pg_shdescription:row:212590:", "rowData": "[2,1259,0,\"Description for pg_columns table\"]"}
2026-02-28T15:25:00.109+0300	INFO	logger/zap_logger.go:76	[SynchronizerVClock] Loaded key	{"key": "testdb:pg_catalog:pg_shdescription:row:212590:", "value": "[2,1259,0,\"Description for pg_columns table\"]", "vclock": {"node1":120}}
2026-02-28T15:25:00.109+0300	DEBUG	logger/zap_logger.go:96	Executing: 

CREATE TABLE IF NOT EXISTS pg_catalog.pg_am (
    oid INT,
    amname TEXT,
    amhandler INT,
    amtype TEXT,
    PRIMARY KEY (oid)
)
2026-02-28T15:25:00.109+0300	INFO	logger/zap_logger.go:76	[SynchronizerVClock] Loaded key	{"key": "testdb:pg_catalog:pg_shdescription:row:112590:", "value": "[1,1259,0,\"Description for pg_tables table\"]", "vclock": {"node1":121}}
2026-02-28T15:25:00.109+0300	DEBUG	logger/zap_logger.go:96	DEBUG: Parsed statement type: CREATE_TABLE

2026-02-28T15:25:00.109+0300	DEBUG	logger/zap_logger.go:96	Executing: 

INSERT INTO pg_catalog.pg_am (oid, amname, amhandler, amtype) VALUES
(403, 'heap', 0, 't'),
(405, 'btree', 0, 'i')
2026-02-28T15:25:00.109+0300	INFO	logger/zap_logger.go:76	[SynchronizerVClock] Loaded key	{"key": "schema:testdb:pg_catalog:pg_am:", "value": "{\"Name\":\"pg_catalog.pg_am\",\"Columns\":{\"amhandler\":{\"Type\":1,\"IsNullable\":true,\"DefaultValue\":null,\"IsSerial\":false,\"IsUnique\":false,\"Idx\":3},\"amname\":{\"Type\":0,\"IsNullable\":true,\"DefaultValue\":null,\"IsSerial\":false,\"IsUnique\":false,\"Idx\":2},\"amtype\":{\"Type\":0,\"IsNullable\":true,\"DefaultValue\":null,\"IsSerial\":false,\"IsUnique\":false,\"Idx\":4},\"oid\":{\"Type\":1,\"IsNullable\":false,\"DefaultValue\":null,\"IsSerial\":false,\"IsUnique\":false,\"Idx\":1}},\"PrimaryKeys\":[1]}", "vclock": {"node1":122}}
2026-02-28T15:25:00.109+0300	DEBUG	logger/zap_logger.go:96	DEBUG: Parsed statement type: INSERT

2026-02-28T15:25:00.109+0300	DEBUG	logger/zap_logger.go:96	DEBUG: Insert into pg_catalog.pg_am: [[403 heap 0 t] [405 btree 0 i]]

2026-02-28T15:25:00.109+0300	DEBUG	logger/zap_logger.go:71	DEBUG: Table metadata:	{"meta": {"Name":"pg_catalog.pg_am","Columns":{"amhandler":{"Type":1,"IsNullable":true,"DefaultValue":null,"IsSerial":false,"IsUnique":false,"Idx":3},"amname":{"Type":0,"IsNullable":true,"DefaultValue":null,"IsSerial":false,"IsUnique":false,"Idx":2},"amtype":{"Type":0,"IsNullable":true,"DefaultValue":null,"IsSerial":false,"IsUnique":false,"Idx":4},"oid":{"Type":1,"IsNullable":false,"DefaultValue":null,"IsSerial":false,"IsUnique":false,"Idx":1}},"PrimaryKeys":[1]}}
2026-02-28T15:25:00.109+0300	DEBUG	logger/zap_logger.go:71	DEBUG: Saved row: 	{"rowKey": "testdb:pg_catalog:pg_am:row:403:", "rowData": "[403,\"heap\",0,\"t\"]"}
2026-02-28T15:25:00.109+0300	DEBUG	logger/zap_logger.go:71	DEBUG: Saved row: 	{"rowKey": "testdb:pg_catalog:pg_am:row:405:", "rowData": "[405,\"btree\",0,\"i\"]"}
2026-02-28T15:25:00.109+0300	INFO	logger/zap_logger.go:76	[SynchronizerVClock] Loaded key	{"key": "testdb:pg_catalog:pg_am:row:403:", "value": "[403,\"heap\",0,\"t\"]", "vclock": {"node1":123}}
2026-02-28T15:25:00.109+0300	INFO	logger/zap_logger.go:76	[SynchronizerVClock] Loaded key	{"key": "testdb:pg_catalog:pg_am:row:405:", "value": "[405,\"btree\",0,\"i\"]", "vclock": {"node1":124}}
2026-02-28T15:25:00.109+0300	DEBUG	logger/zap_logger.go:96	Executing: 

2026-02-28T15:25:00.109+0300	INFO	logger/zap_logger.go:76	System tables initialization completed
2026-02-28T15:25:00.110+0300	INFO	logger/zap_logger.go:76	Pg server started
2026-02-28T15:25:02.032+0300	INFO	logger/zap_logger.go:76	Accepted connection
2026-02-28T15:25:02.032+0300	INFO	logger/zap_logger.go:76	Accepted connection
2026-02-28T15:25:02.129+0300	INFO	logger/zap_logger.go:76	SSL request received, sending 'N'
2026-02-28T15:25:02.130+0300	INFO	logger/zap_logger.go:76	Startup complete
2026-02-28T15:25:09.319+0300	DEBUG	logger/zap_logger.go:96	Query: CREATE TABLE IF NOT EXISTS join_employees (
					id INT,
					name TEXT,
					department_id INT,
					PRIMARY KEY (id)
				);
2026-02-28T15:25:09.320+0300	DEBUG	logger/zap_logger.go:96	DEBUG: Parsed statement type: CREATE_TABLE

2026-02-28T15:25:09.321+0300	DEBUG	logger/zap_logger.go:96	Parsed statement: %!(EXTRA zapcore.Field={stmt 23 0  0x140003fc0f0})
2026-02-28T15:25:09.321+0300	INFO	logger/zap_logger.go:76	[SynchronizerVClock] Loaded key	{"key": "schema:testdb:public:join_employees:", "value": "{\"Name\":\"join_employees\",\"Columns\":{\"department_id\":{\"Type\":1,\"IsNullable\":true,\"DefaultValue\":null,\"IsSerial\":false,\"IsUnique\":false,\"Idx\":3},\"id\":{\"Type\":1,\"IsNullable\":false,\"DefaultValue\":null,\"IsSerial\":false,\"IsUnique\":false,\"Idx\":1},\"name\":{\"Type\":0,\"IsNullable\":true,\"DefaultValue\":null,\"IsSerial\":false,\"IsUnique\":false,\"Idx\":2}},\"PrimaryKeys\":[1]}", "vclock": {"node1":125}}
2026-02-28T15:25:12.814+0300	DEBUG	logger/zap_logger.go:96	Query: INSERT INTO join_employees (id, name, department_id) VALUES
				(1, 'Alice', 10),
				(2, 'Bob', 20),
				(3, 'Charlie', 10),
				(4, 'David', 30);
2026-02-28T15:25:12.815+0300	DEBUG	logger/zap_logger.go:96	DEBUG: Parsed statement type: INSERT

2026-02-28T15:25:12.815+0300	DEBUG	logger/zap_logger.go:96	Parsed statement: %!(EXTRA zapcore.Field={stmt 23 0  0x140004e4440})
2026-02-28T15:25:12.815+0300	DEBUG	logger/zap_logger.go:96	DEBUG: Insert into join_employees: [[1 Alice 10] [2 Bob 20] [3 Charlie 10] [4 David 30]]

2026-02-28T15:25:12.815+0300	DEBUG	logger/zap_logger.go:71	DEBUG: Table metadata:	{"meta": {"Name":"join_employees","Columns":{"department_id":{"Type":1,"IsNullable":true,"DefaultValue":null,"IsSerial":false,"IsUnique":false,"Idx":3},"id":{"Type":1,"IsNullable":false,"DefaultValue":null,"IsSerial":false,"IsUnique":false,"Idx":1},"name":{"Type":0,"IsNullable":true,"DefaultValue":null,"IsSerial":false,"IsUnique":false,"Idx":2}},"PrimaryKeys":[1]}}
2026-02-28T15:25:12.815+0300	DEBUG	logger/zap_logger.go:71	DEBUG: Saved row: 	{"rowKey": "testdb:public:join_employees:row:1:", "rowData": "[1,\"Alice\",10]"}
2026-02-28T15:25:12.815+0300	DEBUG	logger/zap_logger.go:71	DEBUG: Saved row: 	{"rowKey": "testdb:public:join_employees:row:2:", "rowData": "[2,\"Bob\",20]"}
2026-02-28T15:25:12.815+0300	DEBUG	logger/zap_logger.go:71	DEBUG: Saved row: 	{"rowKey": "testdb:public:join_employees:row:3:", "rowData": "[3,\"Charlie\",10]"}
2026-02-28T15:25:12.815+0300	DEBUG	logger/zap_logger.go:71	DEBUG: Saved row: 	{"rowKey": "testdb:public:join_employees:row:4:", "rowData": "[4,\"David\",30]"}
2026-02-28T15:25:12.816+0300	INFO	logger/zap_logger.go:76	[SynchronizerVClock] Loaded key	{"key": "testdb:public:join_employees:row:2:", "value": "[2,\"Bob\",20]", "vclock": {"node1":126}}
2026-02-28T15:25:12.816+0300	INFO	logger/zap_logger.go:76	[SynchronizerVClock] Loaded key	{"key": "testdb:public:join_employees:row:3:", "value": "[3,\"Charlie\",10]", "vclock": {"node1":127}}
2026-02-28T15:25:12.816+0300	INFO	logger/zap_logger.go:76	[SynchronizerVClock] Loaded key	{"key": "testdb:public:join_employees:row:4:", "value": "[4,\"David\",30]", "vclock": {"node1":128}}
2026-02-28T15:25:12.816+0300	INFO	logger/zap_logger.go:76	[SynchronizerVClock] Loaded key	{"key": "testdb:public:join_employees:row:1:", "value": "[1,\"Alice\",10]", "vclock": {"node1":129}}
2026-02-28T15:25:16.596+0300	DEBUG	logger/zap_logger.go:96	Query: CREATE TABLE IF NOT EXISTS join_departments (
					id INT,
					department_name TEXT,
					PRIMARY KEY (id)
				);
2026-02-28T15:25:16.596+0300	DEBUG	logger/zap_logger.go:96	DEBUG: Parsed statement type: CREATE_TABLE

2026-02-28T15:25:16.596+0300	DEBUG	logger/zap_logger.go:96	Parsed statement: %!(EXTRA zapcore.Field={stmt 23 0  0x140007f4500})
2026-02-28T15:25:16.596+0300	INFO	logger/zap_logger.go:76	[SynchronizerVClock] Loaded key	{"key": "schema:testdb:public:join_departments:", "value": "{\"Name\":\"join_departments\",\"Columns\":{\"department_name\":{\"Type\":0,\"IsNullable\":true,\"DefaultValue\":null,\"IsSerial\":false,\"IsUnique\":false,\"Idx\":2},\"id\":{\"Type\":1,\"IsNullable\":false,\"DefaultValue\":null,\"IsSerial\":false,\"IsUnique\":false,\"Idx\":1}},\"PrimaryKeys\":[1]}", "vclock": {"node1":130}}
2026-02-28T15:25:20.108+0300	DEBUG	logger/zap_logger.go:96	Query: INSERT INTO join_departments (id, department_name) VALUES
				(10, 'HR'),
				(20, 'Engineering'),
				(30, 'Sales');
2026-02-28T15:25:20.109+0300	DEBUG	logger/zap_logger.go:96	DEBUG: Parsed statement type: INSERT

2026-02-28T15:25:20.109+0300	DEBUG	logger/zap_logger.go:96	Parsed statement: %!(EXTRA zapcore.Field={stmt 23 0  0x14000982ac0})
2026-02-28T15:25:20.109+0300	DEBUG	logger/zap_logger.go:96	DEBUG: Insert into join_departments: [[10 HR] [20 Engineering] [30 Sales]]

2026-02-28T15:25:20.109+0300	DEBUG	logger/zap_logger.go:71	DEBUG: Table metadata:	{"meta": {"Name":"join_departments","Columns":{"department_name":{"Type":0,"IsNullable":true,"DefaultValue":null,"IsSerial":false,"IsUnique":false,"Idx":2},"id":{"Type":1,"IsNullable":false,"DefaultValue":null,"IsSerial":false,"IsUnique":false,"Idx":1}},"PrimaryKeys":[1]}}
2026-02-28T15:25:20.109+0300	DEBUG	logger/zap_logger.go:71	DEBUG: Saved row: 	{"rowKey": "testdb:public:join_departments:row:10:", "rowData": "[10,\"HR\"]"}
2026-02-28T15:25:20.109+0300	DEBUG	logger/zap_logger.go:71	DEBUG: Saved row: 	{"rowKey": "testdb:public:join_departments:row:20:", "rowData": "[20,\"Engineering\"]"}
2026-02-28T15:25:20.109+0300	DEBUG	logger/zap_logger.go:71	DEBUG: Saved row: 	{"rowKey": "testdb:public:join_departments:row:30:", "rowData": "[30,\"Sales\"]"}
2026-02-28T15:25:20.109+0300	INFO	logger/zap_logger.go:76	[SynchronizerVClock] Loaded key	{"key": "testdb:public:join_departments:row:10:", "value": "[10,\"HR\"]", "vclock": {"node1":131}}
2026-02-28T15:25:20.109+0300	INFO	logger/zap_logger.go:76	[SynchronizerVClock] Loaded key	{"key": "testdb:public:join_departments:row:20:", "value": "[20,\"Engineering\"]", "vclock": {"node1":132}}
2026-02-28T15:25:20.109+0300	INFO	logger/zap_logger.go:76	[SynchronizerVClock] Loaded key	{"key": "testdb:public:join_departments:row:30:", "value": "[30,\"Sales\"]", "vclock": {"node1":133}}
2026-02-28T15:25:23.526+0300	DEBUG	logger/zap_logger.go:96	Query: CREATE TABLE IF NOT EXISTS join_salaries (
					employee_id INT,
					salary FLOAT,
					PRIMARY KEY (employee_id)
				);
2026-02-28T15:25:23.526+0300	DEBUG	logger/zap_logger.go:96	DEBUG: Parsed statement type: CREATE_TABLE

2026-02-28T15:25:23.527+0300	DEBUG	logger/zap_logger.go:96	Parsed statement: %!(EXTRA zapcore.Field={stmt 23 0  0x140003fc5a0})
2026-02-28T15:25:23.527+0300	INFO	logger/zap_logger.go:76	[SynchronizerVClock] Loaded key	{"key": "schema:testdb:public:join_salaries:", "value": "{\"Name\":\"join_salaries\",\"Columns\":{\"employee_id\":{\"Type\":1,\"IsNullable\":false,\"DefaultValue\":null,\"IsSerial\":false,\"IsUnique\":false,\"Idx\":1},\"salary\":{\"Type\":3,\"IsNullable\":true,\"DefaultValue\":null,\"IsSerial\":false,\"IsUnique\":false,\"Idx\":2}},\"PrimaryKeys\":[1]}", "vclock": {"node1":134}}
2026-02-28T15:25:27.164+0300	DEBUG	logger/zap_logger.go:96	Query: INSERT INTO join_salaries (employee_id, salary) VALUES
				(1, 60000.0),
				(2, 80000.0),
				(3, 75000.0),
				(4, 50000.0);
2026-02-28T15:25:27.165+0300	DEBUG	logger/zap_logger.go:96	DEBUG: Parsed statement type: INSERT

2026-02-28T15:25:27.165+0300	DEBUG	logger/zap_logger.go:96	Parsed statement: %!(EXTRA zapcore.Field={stmt 23 0  0x140002ca600})
2026-02-28T15:25:27.165+0300	DEBUG	logger/zap_logger.go:96	DEBUG: Insert into join_salaries: [[1 60000] [2 80000] [3 75000] [4 50000]]

2026-02-28T15:25:27.166+0300	DEBUG	logger/zap_logger.go:71	DEBUG: Table metadata:	{"meta": {"Name":"join_salaries","Columns":{"employee_id":{"Type":1,"IsNullable":false,"DefaultValue":null,"IsSerial":false,"IsUnique":false,"Idx":1},"salary":{"Type":3,"IsNullable":true,"DefaultValue":null,"IsSerial":false,"IsUnique":false,"Idx":2}},"PrimaryKeys":[1]}}
2026-02-28T15:25:27.166+0300	DEBUG	logger/zap_logger.go:71	DEBUG: Saved row: 	{"rowKey": "testdb:public:join_salaries:row:1:", "rowData": "[1,60000]"}
2026-02-28T15:25:27.166+0300	DEBUG	logger/zap_logger.go:71	DEBUG: Saved row: 	{"rowKey": "testdb:public:join_salaries:row:2:", "rowData": "[2,80000]"}
2026-02-28T15:25:27.166+0300	DEBUG	logger/zap_logger.go:71	DEBUG: Saved row: 	{"rowKey": "testdb:public:join_salaries:row:3:", "rowData": "[3,75000]"}
2026-02-28T15:25:27.166+0300	DEBUG	logger/zap_logger.go:71	DEBUG: Saved row: 	{"rowKey": "testdb:public:join_salaries:row:4:", "rowData": "[4,50000]"}
2026-02-28T15:25:27.166+0300	INFO	logger/zap_logger.go:76	[SynchronizerVClock] Loaded key	{"key": "testdb:public:join_salaries:row:1:", "value": "[1,60000]", "vclock": {"node1":135}}
2026-02-28T15:25:27.166+0300	INFO	logger/zap_logger.go:76	[SynchronizerVClock] Loaded key	{"key": "testdb:public:join_salaries:row:2:", "value": "[2,80000]", "vclock": {"node1":136}}
2026-02-28T15:25:27.166+0300	INFO	logger/zap_logger.go:76	[SynchronizerVClock] Loaded key	{"key": "testdb:public:join_salaries:row:3:", "value": "[3,75000]", "vclock": {"node1":137}}
2026-02-28T15:25:27.166+0300	INFO	logger/zap_logger.go:76	[SynchronizerVClock] Loaded key	{"key": "testdb:public:join_salaries:row:4:", "value": "[4,50000]", "vclock": {"node1":138}}
2026-02-28T15:25:30.631+0300	DEBUG	logger/zap_logger.go:96	Query: CREATE TABLE IF NOT EXISTS join_locations (
					department_id INT,
					location TEXT,
					PRIMARY KEY (department_id)
				);
2026-02-28T15:25:30.632+0300	DEBUG	logger/zap_logger.go:96	DEBUG: Parsed statement type: CREATE_TABLE

2026-02-28T15:25:30.632+0300	DEBUG	logger/zap_logger.go:96	Parsed statement: %!(EXTRA zapcore.Field={stmt 23 0  0x140003fc730})
2026-02-28T15:25:30.632+0300	INFO	logger/zap_logger.go:76	[SynchronizerVClock] Loaded key	{"key": "schema:testdb:public:join_locations:", "value": "{\"Name\":\"join_locations\",\"Columns\":{\"department_id\":{\"Type\":1,\"IsNullable\":false,\"DefaultValue\":null,\"IsSerial\":false,\"IsUnique\":false,\"Idx\":1},\"location\":{\"Type\":0,\"IsNullable\":true,\"DefaultValue\":null,\"IsSerial\":false,\"IsUnique\":false,\"Idx\":2}},\"PrimaryKeys\":[1]}", "vclock": {"node1":139}}
2026-02-28T15:25:34.730+0300	DEBUG	logger/zap_logger.go:96	Query: INSERT INTO join_locations (department_id, location) VALUES
				(10, 'New York'),
				(20, 'San Francisco'),
				(30, 'Chicago');
2026-02-28T15:25:34.731+0300	DEBUG	logger/zap_logger.go:96	DEBUG: Parsed statement type: INSERT

2026-02-28T15:25:34.731+0300	DEBUG	logger/zap_logger.go:96	Parsed statement: %!(EXTRA zapcore.Field={stmt 23 0  0x14000983b00})
2026-02-28T15:25:34.731+0300	DEBUG	logger/zap_logger.go:96	DEBUG: Insert into join_locations: [[10 New York] [20 San Francisco] [30 Chicago]]

2026-02-28T15:25:34.732+0300	DEBUG	logger/zap_logger.go:71	DEBUG: Table metadata:	{"meta": {"Name":"join_locations","Columns":{"department_id":{"Type":1,"IsNullable":false,"DefaultValue":null,"IsSerial":false,"IsUnique":false,"Idx":1},"location":{"Type":0,"IsNullable":true,"DefaultValue":null,"IsSerial":false,"IsUnique":false,"Idx":2}},"PrimaryKeys":[1]}}
2026-02-28T15:25:34.732+0300	DEBUG	logger/zap_logger.go:71	DEBUG: Saved row: 	{"rowKey": "testdb:public:join_locations:row:10:", "rowData": "[10,\"New York\"]"}
2026-02-28T15:25:34.732+0300	DEBUG	logger/zap_logger.go:71	DEBUG: Saved row: 	{"rowKey": "testdb:public:join_locations:row:20:", "rowData": "[20,\"San Francisco\"]"}
2026-02-28T15:25:34.732+0300	DEBUG	logger/zap_logger.go:71	DEBUG: Saved row: 	{"rowKey": "testdb:public:join_locations:row:30:", "rowData": "[30,\"Chicago\"]"}
2026-02-28T15:25:34.732+0300	INFO	logger/zap_logger.go:76	[SynchronizerVClock] Loaded key	{"key": "testdb:public:join_locations:row:20:", "value": "[20,\"San Francisco\"]", "vclock": {"node1":140}}
2026-02-28T15:25:34.732+0300	INFO	logger/zap_logger.go:76	[SynchronizerVClock] Loaded key	{"key": "testdb:public:join_locations:row:30:", "value": "[30,\"Chicago\"]", "vclock": {"node1":141}}
2026-02-28T15:25:34.732+0300	INFO	logger/zap_logger.go:76	[SynchronizerVClock] Loaded key	{"key": "testdb:public:join_locations:row:10:", "value": "[10,\"New York\"]", "vclock": {"node1":142}}
2026-02-28T15:25:54.218+0300	DEBUG	logger/zap_logger.go:96	Query: SELECT e.name FROM join_employees e
;
2026-02-28T15:25:54.221+0300	DEBUG	logger/zap_logger.go:96	Parsing select item: e.name
2026-02-28T15:25:54.222+0300	DEBUG	logger/zap_logger.go:96	DEBUG: Parsed statement type: SELECT

2026-02-28T15:25:54.222+0300	DEBUG	logger/zap_logger.go:96	Parsed statement: %!(EXTRA zapcore.Field={stmt 23 0  0x140002bbbd0})
2026-02-28T15:25:54.222+0300	DEBUG	logger/zap_logger.go:96	Executing query plan: %!(EXTRA zapcore.Field={queryPlan 25 0  Project
  Scan (join_employees AS e)
})
2026-02-28T15:25:54.222+0300	DEBUG	logger/zap_logger.go:71	executing plan node	{"type": "Project"}
2026-02-28T15:25:54.222+0300	DEBUG	logger/zap_logger.go:71	executing plan node	{"type": "Scan"}
2026-02-28T15:25:54.222+0300	DEBUG	logger/zap_logger.go:71	Table metadata: 	{"meta": {"Name":"join_employees","Columns":{"department_id":{"Type":1,"IsNullable":true,"DefaultValue":null,"IsSerial":false,"IsUnique":false,"Idx":3},"id":{"Type":1,"IsNullable":false,"DefaultValue":null,"IsSerial":false,"IsUnique":false,"Idx":1},"name":{"Type":0,"IsNullable":true,"DefaultValue":null,"IsSerial":false,"IsUnique":false,"Idx":2}},"PrimaryKeys":[1]}}
2026-02-28T15:25:54.222+0300	DEBUG	logger/zap_logger.go:71	Table columns	{"columns": [{"Idx":1,"Name":"id","Type":1,"TableIdentifier":"","OriginalTableName":""},{"Idx":2,"Name":"name","Type":0,"TableIdentifier":"","OriginalTableName":""},{"Idx":3,"Name":"department_id","Type":1,"TableIdentifier":"","OriginalTableName":""}]}
2026-02-28T15:25:54.223+0300	DEBUG	logger/zap_logger.go:71	Select columns	{"columns": [{"Name":"","IsAll":true}]}
2026-02-28T15:25:54.223+0300	DEBUG	logger/zap_logger.go:71	NewIterator called with seekKey:	{"seekKey": "testdb:public:join_employees:row:", "typ": "ALL"}
2026-02-28T15:25:54.223+0300	DEBUG	logger/zap_logger.go:71	Select result: 	{"result": {"Rows":[[4,"David",30],[1,"Alice",10],[2,"Bob",20],[3,"Charlie",10]],"Columns":[{"Idx":1,"Name":"id","Type":1,"TableIdentifier":"","OriginalTableName":""},{"Idx":2,"Name":"name","Type":0,"TableIdentifier":"","OriginalTableName":""},{"Idx":3,"Name":"department_id","Type":1,"TableIdentifier":"","OriginalTableName":""}]}}
2026-02-28T15:25:54.223+0300	DEBUG	logger/zap_logger.go:71	scan result	{"rows": 4, "cols": 3}
2026-02-28T15:25:54.223+0300	DEBUG	logger/zap_logger.go:71	DEBUG: Sending row:	{"row": ["David"]}
2026-02-28T15:25:54.223+0300	DEBUG	logger/zap_logger.go:71	DEBUG: Sending row:	{"row": ["Alice"]}
2026-02-28T15:25:54.223+0300	DEBUG	logger/zap_logger.go:71	DEBUG: Sending row:	{"row": ["Bob"]}
2026-02-28T15:25:54.223+0300	DEBUG	logger/zap_logger.go:71	DEBUG: Sending row:	{"row": ["Charlie"]}
2026-02-28T15:25:55.603+0300	DEBUG	logger/zap_logger.go:96	Query: SELECT e.name FROM join_employees e;
2026-02-28T15:25:55.604+0300	DEBUG	logger/zap_logger.go:96	Parsing select item: e.name
2026-02-28T15:25:55.604+0300	DEBUG	logger/zap_logger.go:96	DEBUG: Parsed statement type: SELECT

2026-02-28T15:25:55.604+0300	DEBUG	logger/zap_logger.go:96	Parsed statement: %!(EXTRA zapcore.Field={stmt 23 0  0x14000388560})
2026-02-28T15:25:55.604+0300	DEBUG	logger/zap_logger.go:96	Executing query plan: %!(EXTRA zapcore.Field={queryPlan 25 0  Project
  Scan (join_employees AS e)
})
2026-02-28T15:25:55.604+0300	DEBUG	logger/zap_logger.go:71	executing plan node	{"type": "Project"}
2026-02-28T15:25:55.604+0300	DEBUG	logger/zap_logger.go:71	executing plan node	{"type": "Scan"}
2026-02-28T15:25:55.604+0300	DEBUG	logger/zap_logger.go:71	Table metadata: 	{"meta": {"Name":"join_employees","Columns":{"department_id":{"Type":1,"IsNullable":true,"DefaultValue":null,"IsSerial":false,"IsUnique":false,"Idx":3},"id":{"Type":1,"IsNullable":false,"DefaultValue":null,"IsSerial":false,"IsUnique":false,"Idx":1},"name":{"Type":0,"IsNullable":true,"DefaultValue":null,"IsSerial":false,"IsUnique":false,"Idx":2}},"PrimaryKeys":[1]}}
2026-02-28T15:25:55.604+0300	DEBUG	logger/zap_logger.go:71	Table columns	{"columns": [{"Idx":1,"Name":"id","Type":1,"TableIdentifier":"","OriginalTableName":""},{"Idx":2,"Name":"name","Type":0,"TableIdentifier":"","OriginalTableName":""},{"Idx":3,"Name":"department_id","Type":1,"TableIdentifier":"","OriginalTableName":""}]}
2026-02-28T15:25:55.604+0300	DEBUG	logger/zap_logger.go:71	Select columns	{"columns": [{"Name":"","IsAll":true}]}
2026-02-28T15:25:55.604+0300	DEBUG	logger/zap_logger.go:71	NewIterator called with seekKey:	{"seekKey": "testdb:public:join_employees:row:", "typ": "ALL"}
2026-02-28T15:25:55.604+0300	DEBUG	logger/zap_logger.go:71	Select result: 	{"result": {"Rows":[[2,"Bob",20],[3,"Charlie",10],[4,"David",30],[1,"Alice",10]],"Columns":[{"Idx":1,"Name":"id","Type":1,"TableIdentifier":"","OriginalTableName":""},{"Idx":2,"Name":"name","Type":0,"TableIdentifier":"","OriginalTableName":""},{"Idx":3,"Name":"department_id","Type":1,"TableIdentifier":"","OriginalTableName":""}]}}
2026-02-28T15:25:55.604+0300	DEBUG	logger/zap_logger.go:71	scan result	{"rows": 4, "cols": 3}
2026-02-28T15:25:55.604+0300	DEBUG	logger/zap_logger.go:71	DEBUG: Sending row:	{"row": ["Bob"]}
2026-02-28T15:25:55.605+0300	DEBUG	logger/zap_logger.go:71	DEBUG: Sending row:	{"row": ["Charlie"]}
2026-02-28T15:25:55.605+0300	DEBUG	logger/zap_logger.go:71	DEBUG: Sending row:	{"row": ["David"]}
2026-02-28T15:25:55.605+0300	DEBUG	logger/zap_logger.go:71	DEBUG: Sending row:	{"row": ["Alice"]}
2026-02-28T15:26:25.917+0300	DEBUG	logger/zap_logger.go:96	Query: SELECT e.name, d.department_name
FROM join_employees e
INNER JOIN join_departments d ON e.department_id = d.id;
2026-02-28T15:26:25.919+0300	DEBUG	logger/zap_logger.go:96	Parsing select item: e.name
2026-02-28T15:26:25.919+0300	DEBUG	logger/zap_logger.go:96	Parsing select item: d.department_name
2026-02-28T15:26:25.919+0300	DEBUG	logger/zap_logger.go:96	DEBUG: Parsed statement type: SELECT

2026-02-28T15:26:25.919+0300	DEBUG	logger/zap_logger.go:96	Parsed statement: %!(EXTRA zapcore.Field={stmt 23 0  0x140003891b0})
2026-02-28T15:26:25.919+0300	DEBUG	logger/zap_logger.go:96	Executing query plan: %!(EXTRA zapcore.Field={queryPlan 25 0  Project
  Join
    Scan (join_employees AS e)
    Scan (join_departments AS d)
})
2026-02-28T15:26:25.919+0300	DEBUG	logger/zap_logger.go:71	executing plan node	{"type": "Project"}
2026-02-28T15:26:25.919+0300	DEBUG	logger/zap_logger.go:71	executing plan node	{"type": "Join"}
2026-02-28T15:26:25.919+0300	DEBUG	logger/zap_logger.go:71	executing plan node	{"type": "Scan"}
2026-02-28T15:26:25.919+0300	DEBUG	logger/zap_logger.go:71	Table metadata: 	{"meta": {"Name":"join_employees","Columns":{"department_id":{"Type":1,"IsNullable":true,"DefaultValue":null,"IsSerial":false,"IsUnique":false,"Idx":3},"id":{"Type":1,"IsNullable":false,"DefaultValue":null,"IsSerial":false,"IsUnique":false,"Idx":1},"name":{"Type":0,"IsNullable":true,"DefaultValue":null,"IsSerial":false,"IsUnique":false,"Idx":2}},"PrimaryKeys":[1]}}
2026-02-28T15:26:25.919+0300	DEBUG	logger/zap_logger.go:71	Table columns	{"columns": [{"Idx":1,"Name":"id","Type":1,"TableIdentifier":"","OriginalTableName":""},{"Idx":2,"Name":"name","Type":0,"TableIdentifier":"","OriginalTableName":""},{"Idx":3,"Name":"department_id","Type":1,"TableIdentifier":"","OriginalTableName":""}]}
2026-02-28T15:26:25.919+0300	DEBUG	logger/zap_logger.go:71	Select columns	{"columns": [{"Name":"","IsAll":true}]}
2026-02-28T15:26:25.919+0300	DEBUG	logger/zap_logger.go:71	NewIterator called with seekKey:	{"seekKey": "testdb:public:join_employees:row:", "typ": "ALL"}
2026-02-28T15:26:25.919+0300	DEBUG	logger/zap_logger.go:71	Select result: 	{"result": {"Rows":[[1,"Alice",10],[2,"Bob",20],[3,"Charlie",10],[4,"David",30]],"Columns":[{"Idx":1,"Name":"id","Type":1,"TableIdentifier":"","OriginalTableName":""},{"Idx":2,"Name":"name","Type":0,"TableIdentifier":"","OriginalTableName":""},{"Idx":3,"Name":"department_id","Type":1,"TableIdentifier":"","OriginalTableName":""}]}}
2026-02-28T15:26:25.919+0300	DEBUG	logger/zap_logger.go:71	scan result	{"rows": 4, "cols": 3}
2026-02-28T15:26:25.919+0300	DEBUG	logger/zap_logger.go:71	executing plan node	{"type": "Scan"}
2026-02-28T15:26:25.919+0300	DEBUG	logger/zap_logger.go:71	Table metadata: 	{"meta": {"Name":"join_departments","Columns":{"department_name":{"Type":0,"IsNullable":true,"DefaultValue":null,"IsSerial":false,"IsUnique":false,"Idx":2},"id":{"Type":1,"IsNullable":false,"DefaultValue":null,"IsSerial":false,"IsUnique":false,"Idx":1}},"PrimaryKeys":[1]}}
2026-02-28T15:26:25.919+0300	DEBUG	logger/zap_logger.go:71	Table columns	{"columns": [{"Idx":1,"Name":"id","Type":1,"TableIdentifier":"","OriginalTableName":""},{"Idx":2,"Name":"department_name","Type":0,"TableIdentifier":"","OriginalTableName":""}]}
2026-02-28T15:26:25.919+0300	DEBUG	logger/zap_logger.go:71	Select columns	{"columns": [{"Name":"","IsAll":true}]}
2026-02-28T15:26:25.919+0300	DEBUG	logger/zap_logger.go:71	NewIterator called with seekKey:	{"seekKey": "testdb:public:join_departments:row:", "typ": "ALL"}
2026-02-28T15:26:25.919+0300	DEBUG	logger/zap_logger.go:71	Select result: 	{"result": {"Rows":[[20,"Engineering"],[30,"Sales"],[10,"HR"]],"Columns":[{"Idx":1,"Name":"id","Type":1,"TableIdentifier":"","OriginalTableName":""},{"Idx":2,"Name":"department_name","Type":0,"TableIdentifier":"","OriginalTableName":""}]}}
2026-02-28T15:26:25.919+0300	DEBUG	logger/zap_logger.go:71	scan result	{"rows": 3, "cols": 2}
2026-02-28T15:26:25.919+0300	DEBUG	logger/zap_logger.go:71	performNestedLoopJoin start	{"leftRows": 4, "rightRows": 3, "leftCols": 3, "rightCols": 2}
2026-02-28T15:26:25.919+0300	DEBUG	logger/zap_logger.go:71	Combined column	{"idx": 0, "name": "id", "tableId": "e"}
2026-02-28T15:26:25.919+0300	DEBUG	logger/zap_logger.go:71	Combined column	{"idx": 1, "name": "name", "tableId": "e"}
2026-02-28T15:26:25.919+0300	DEBUG	logger/zap_logger.go:71	Combined column	{"idx": 2, "name": "department_id", "tableId": "e"}
2026-02-28T15:26:25.919+0300	DEBUG	logger/zap_logger.go:71	Combined column	{"idx": 3, "name": "id", "tableId": "d"}
2026-02-28T15:26:25.919+0300	DEBUG	logger/zap_logger.go:71	Combined column	{"idx": 4, "name": "department_name", "tableId": "d"}
2026-02-28T15:26:25.919+0300	DEBUG	logger/zap_logger.go:71	Sample JOIN condition evaluation	{"leftRow": [1,"Alice",10], "rightRow": [20,"Engineering"], "condition": "e.department_id=d.id"}
2026-02-28T15:26:25.919+0300	DEBUG	logger/zap_logger.go:71	JOIN match found	{"matchNum": 1, "leftRow": [1,"Alice",10], "rightRow": [10,"HR"]}
2026-02-28T15:26:25.919+0300	DEBUG	logger/zap_logger.go:71	JOIN match found	{"matchNum": 2, "leftRow": [2,"Bob",20], "rightRow": [20,"Engineering"]}
2026-02-28T15:26:25.919+0300	DEBUG	logger/zap_logger.go:71	JOIN match found	{"matchNum": 3, "leftRow": [3,"Charlie",10], "rightRow": [10,"HR"]}
2026-02-28T15:26:25.919+0300	DEBUG	logger/zap_logger.go:71	performNestedLoopJoin end	{"resultRows": 4, "matches": 4}
2026-02-28T15:26:25.919+0300	DEBUG	logger/zap_logger.go:71	DEBUG: Sending row:	{"row": ["Alice","HR"]}
2026-02-28T15:26:25.919+0300	DEBUG	logger/zap_logger.go:71	DEBUG: Sending row:	{"row": ["Bob","Engineering"]}
2026-02-28T15:26:25.919+0300	DEBUG	logger/zap_logger.go:71	DEBUG: Sending row:	{"row": ["Charlie","HR"]}
2026-02-28T15:26:25.919+0300	DEBUG	logger/zap_logger.go:71	DEBUG: Sending row:	{"row": ["David","Sales"]}
2026-02-28T15:26:43.337+0300	DEBUG	logger/zap_logger.go:96	Query: SELECT e.name, d.department_name, s.salary
FROM join_employees e
INNER JOIN join_departments d ON e.department_id = d.id
INNER JOIN join_salaries s ON e.id = s.employee_id;
2026-02-28T15:26:43.342+0300	DEBUG	logger/zap_logger.go:96	Parsing select item: e.name
2026-02-28T15:26:43.342+0300	DEBUG	logger/zap_logger.go:96	Parsing select item: d.department_name
2026-02-28T15:26:43.342+0300	DEBUG	logger/zap_logger.go:96	Parsing select item: s.salary
2026-02-28T15:26:43.342+0300	DEBUG	logger/zap_logger.go:96	DEBUG: Parsed statement type: SELECT

2026-02-28T15:26:43.342+0300	DEBUG	logger/zap_logger.go:96	Parsed statement: %!(EXTRA zapcore.Field={stmt 23 0  0x14000532d90})
2026-02-28T15:26:43.342+0300	DEBUG	logger/zap_logger.go:96	Executing query plan: %!(EXTRA zapcore.Field={queryPlan 25 0  Project
  Join
    Join
      Scan (join_employees AS e)
      Scan (join_departments AS d)
    Scan (join_salaries AS s)
})
2026-02-28T15:26:43.342+0300	DEBUG	logger/zap_logger.go:71	executing plan node	{"type": "Project"}
2026-02-28T15:26:43.342+0300	DEBUG	logger/zap_logger.go:71	executing plan node	{"type": "Join"}
2026-02-28T15:26:43.342+0300	DEBUG	logger/zap_logger.go:71	executing plan node	{"type": "Join"}
2026-02-28T15:26:43.342+0300	DEBUG	logger/zap_logger.go:71	executing plan node	{"type": "Scan"}
2026-02-28T15:26:43.342+0300	DEBUG	logger/zap_logger.go:71	Table metadata: 	{"meta": {"Name":"join_employees","Columns":{"department_id":{"Type":1,"IsNullable":true,"DefaultValue":null,"IsSerial":false,"IsUnique":false,"Idx":3},"id":{"Type":1,"IsNullable":false,"DefaultValue":null,"IsSerial":false,"IsUnique":false,"Idx":1},"name":{"Type":0,"IsNullable":true,"DefaultValue":null,"IsSerial":false,"IsUnique":false,"Idx":2}},"PrimaryKeys":[1]}}
2026-02-28T15:26:43.342+0300	DEBUG	logger/zap_logger.go:71	Table columns	{"columns": [{"Idx":1,"Name":"id","Type":1,"TableIdentifier":"","OriginalTableName":""},{"Idx":2,"Name":"name","Type":0,"TableIdentifier":"","OriginalTableName":""},{"Idx":3,"Name":"department_id","Type":1,"TableIdentifier":"","OriginalTableName":""}]}
2026-02-28T15:26:43.342+0300	DEBUG	logger/zap_logger.go:71	Select columns	{"columns": [{"Name":"","IsAll":true}]}
2026-02-28T15:26:43.342+0300	DEBUG	logger/zap_logger.go:71	NewIterator called with seekKey:	{"seekKey": "testdb:public:join_employees:row:", "typ": "ALL"}
2026-02-28T15:26:43.342+0300	DEBUG	logger/zap_logger.go:71	Select result: 	{"result": {"Rows":[[3,"Charlie",10],[4,"David",30],[1,"Alice",10],[2,"Bob",20]],"Columns":[{"Idx":1,"Name":"id","Type":1,"TableIdentifier":"","OriginalTableName":""},{"Idx":2,"Name":"name","Type":0,"TableIdentifier":"","OriginalTableName":""},{"Idx":3,"Name":"department_id","Type":1,"TableIdentifier":"","OriginalTableName":""}]}}
2026-02-28T15:26:43.342+0300	DEBUG	logger/zap_logger.go:71	scan result	{"rows": 4, "cols": 3}
2026-02-28T15:26:43.342+0300	DEBUG	logger/zap_logger.go:71	executing plan node	{"type": "Scan"}
2026-02-28T15:26:43.342+0300	DEBUG	logger/zap_logger.go:71	Table metadata: 	{"meta": {"Name":"join_departments","Columns":{"department_name":{"Type":0,"IsNullable":true,"DefaultValue":null,"IsSerial":false,"IsUnique":false,"Idx":2},"id":{"Type":1,"IsNullable":false,"DefaultValue":null,"IsSerial":false,"IsUnique":false,"Idx":1}},"PrimaryKeys":[1]}}
2026-02-28T15:26:43.342+0300	DEBUG	logger/zap_logger.go:71	Table columns	{"columns": [{"Idx":1,"Name":"id","Type":1,"TableIdentifier":"","OriginalTableName":""},{"Idx":2,"Name":"department_name","Type":0,"TableIdentifier":"","OriginalTableName":""}]}
2026-02-28T15:26:43.342+0300	DEBUG	logger/zap_logger.go:71	Select columns	{"columns": [{"Name":"","IsAll":true}]}
2026-02-28T15:26:43.342+0300	DEBUG	logger/zap_logger.go:71	NewIterator called with seekKey:	{"seekKey": "testdb:public:join_departments:row:", "typ": "ALL"}
2026-02-28T15:26:43.342+0300	DEBUG	logger/zap_logger.go:71	Select result: 	{"result": {"Rows":[[10,"HR"],[20,"Engineering"],[30,"Sales"]],"Columns":[{"Idx":1,"Name":"id","Type":1,"TableIdentifier":"","OriginalTableName":""},{"Idx":2,"Name":"department_name","Type":0,"TableIdentifier":"","OriginalTableName":""}]}}
2026-02-28T15:26:43.342+0300	DEBUG	logger/zap_logger.go:71	scan result	{"rows": 3, "cols": 2}
2026-02-28T15:26:43.342+0300	DEBUG	logger/zap_logger.go:71	performNestedLoopJoin start	{"leftRows": 4, "rightRows": 3, "leftCols": 3, "rightCols": 2}
2026-02-28T15:26:43.342+0300	DEBUG	logger/zap_logger.go:71	Combined column	{"idx": 0, "name": "id", "tableId": "e"}
2026-02-28T15:26:43.342+0300	DEBUG	logger/zap_logger.go:71	Combined column	{"idx": 1, "name": "name", "tableId": "e"}
2026-02-28T15:26:43.342+0300	DEBUG	logger/zap_logger.go:71	Combined column	{"idx": 2, "name": "department_id", "tableId": "e"}
2026-02-28T15:26:43.342+0300	DEBUG	logger/zap_logger.go:71	Combined column	{"idx": 3, "name": "id", "tableId": "d"}
2026-02-28T15:26:43.342+0300	DEBUG	logger/zap_logger.go:71	Combined column	{"idx": 4, "name": "department_name", "tableId": "d"}
2026-02-28T15:26:43.342+0300	DEBUG	logger/zap_logger.go:71	Sample JOIN condition evaluation	{"leftRow": [3,"Charlie",10], "rightRow": [10,"HR"], "condition": "e.department_id=d.id"}
2026-02-28T15:26:43.342+0300	DEBUG	logger/zap_logger.go:71	JOIN match found	{"matchNum": 1, "leftRow": [3,"Charlie",10], "rightRow": [10,"HR"]}
2026-02-28T15:26:43.342+0300	DEBUG	logger/zap_logger.go:71	JOIN match found	{"matchNum": 2, "leftRow": [4,"David",30], "rightRow": [30,"Sales"]}
2026-02-28T15:26:43.342+0300	DEBUG	logger/zap_logger.go:71	JOIN match found	{"matchNum": 3, "leftRow": [1,"Alice",10], "rightRow": [10,"HR"]}
2026-02-28T15:26:43.343+0300	DEBUG	logger/zap_logger.go:71	performNestedLoopJoin end	{"resultRows": 4, "matches": 4}
2026-02-28T15:26:43.343+0300	DEBUG	logger/zap_logger.go:71	executing plan node	{"type": "Scan"}
2026-02-28T15:26:43.343+0300	DEBUG	logger/zap_logger.go:71	Table metadata: 	{"meta": {"Name":"join_salaries","Columns":{"employee_id":{"Type":1,"IsNullable":false,"DefaultValue":null,"IsSerial":false,"IsUnique":false,"Idx":1},"salary":{"Type":3,"IsNullable":true,"DefaultValue":null,"IsSerial":false,"IsUnique":false,"Idx":2}},"PrimaryKeys":[1]}}
2026-02-28T15:26:43.343+0300	DEBUG	logger/zap_logger.go:71	Table columns	{"columns": [{"Idx":1,"Name":"employee_id","Type":1,"TableIdentifier":"","OriginalTableName":""},{"Idx":2,"Name":"salary","Type":3,"TableIdentifier":"","OriginalTableName":""}]}
2026-02-28T15:26:43.343+0300	DEBUG	logger/zap_logger.go:71	Select columns	{"columns": [{"Name":"","IsAll":true}]}
2026-02-28T15:26:43.343+0300	DEBUG	logger/zap_logger.go:71	NewIterator called with seekKey:	{"seekKey": "testdb:public:join_salaries:row:", "typ": "ALL"}
2026-02-28T15:26:43.343+0300	DEBUG	logger/zap_logger.go:71	Select result: 	{"result": {"Rows":[[4,50000],[1,60000],[2,80000],[3,75000]],"Columns":[{"Idx":1,"Name":"employee_id","Type":1,"TableIdentifier":"","OriginalTableName":""},{"Idx":2,"Name":"salary","Type":3,"TableIdentifier":"","OriginalTableName":""}]}}
2026-02-28T15:26:43.343+0300	DEBUG	logger/zap_logger.go:71	scan result	{"rows": 4, "cols": 2}
2026-02-28T15:26:43.343+0300	DEBUG	logger/zap_logger.go:71	performNestedLoopJoin start	{"leftRows": 4, "rightRows": 4, "leftCols": 5, "rightCols": 2}
2026-02-28T15:26:43.343+0300	DEBUG	logger/zap_logger.go:71	Combined column	{"idx": 0, "name": "id", "tableId": "e"}
2026-02-28T15:26:43.343+0300	DEBUG	logger/zap_logger.go:71	Combined column	{"idx": 1, "name": "name", "tableId": "e"}
2026-02-28T15:26:43.343+0300	DEBUG	logger/zap_logger.go:71	Combined column	{"idx": 2, "name": "department_id", "tableId": "e"}
2026-02-28T15:26:43.343+0300	DEBUG	logger/zap_logger.go:71	Combined column	{"idx": 3, "name": "id", "tableId": "d"}
2026-02-28T15:26:43.343+0300	DEBUG	logger/zap_logger.go:71	Combined column	{"idx": 4, "name": "department_name", "tableId": "d"}
2026-02-28T15:26:43.343+0300	DEBUG	logger/zap_logger.go:71	Combined column	{"idx": 5, "name": "employee_id", "tableId": "s"}
2026-02-28T15:26:43.343+0300	DEBUG	logger/zap_logger.go:71	Combined column	{"idx": 6, "name": "salary", "tableId": "s"}
2026-02-28T15:26:43.343+0300	DEBUG	logger/zap_logger.go:71	Sample JOIN condition evaluation	{"leftRow": [3,"Charlie",10,10,"HR"], "rightRow": [4,50000], "condition": "e.id=s.employee_id"}
2026-02-28T15:26:43.343+0300	DEBUG	logger/zap_logger.go:71	JOIN match found	{"matchNum": 1, "leftRow": [3,"Charlie",10,10,"HR"], "rightRow": [3,75000]}
2026-02-28T15:26:43.343+0300	DEBUG	logger/zap_logger.go:71	JOIN match found	{"matchNum": 2, "leftRow": [4,"David",30,30,"Sales"], "rightRow": [4,50000]}
2026-02-28T15:26:43.343+0300	DEBUG	logger/zap_logger.go:71	JOIN match found	{"matchNum": 3, "leftRow": [1,"Alice",10,10,"HR"], "rightRow": [1,60000]}
2026-02-28T15:26:43.343+0300	DEBUG	logger/zap_logger.go:71	performNestedLoopJoin end	{"resultRows": 4, "matches": 4}
2026-02-28T15:26:43.343+0300	DEBUG	logger/zap_logger.go:71	DEBUG: Sending row:	{"row": ["Charlie","HR",75000]}
2026-02-28T15:26:43.343+0300	DEBUG	logger/zap_logger.go:71	DEBUG: Sending row:	{"row": ["David","Sales",50000]}
2026-02-28T15:26:43.343+0300	DEBUG	logger/zap_logger.go:71	DEBUG: Sending row:	{"row": ["Alice","HR",60000]}
2026-02-28T15:26:43.343+0300	DEBUG	logger/zap_logger.go:71	DEBUG: Sending row:	{"row": ["Bob","Engineering",80000]}
2026-02-28T15:26:52.993+0300	DEBUG	logger/zap_logger.go:96	Query: SELECT e.name, d.department_name, s.salary
FROM join_employees e
INNER JOIN join_departments d ON e.department_id = d.id
INNER JOIN join_salaries s ON e.id = s.employee_id
INNER JOIN join_locations l ON d.id = l.department_id;
2026-02-28T15:26:52.994+0300	DEBUG	logger/zap_logger.go:96	Parsing select item: e.name
2026-02-28T15:26:52.995+0300	DEBUG	logger/zap_logger.go:96	Parsing select item: d.department_name
2026-02-28T15:26:52.995+0300	DEBUG	logger/zap_logger.go:96	Parsing select item: s.salary
2026-02-28T15:26:52.995+0300	DEBUG	logger/zap_logger.go:96	DEBUG: Parsed statement type: SELECT

2026-02-28T15:26:52.995+0300	DEBUG	logger/zap_logger.go:96	Parsed statement: %!(EXTRA zapcore.Field={stmt 23 0  0x14000493420})
2026-02-28T15:26:52.995+0300	DEBUG	logger/zap_logger.go:96	Executing query plan: %!(EXTRA zapcore.Field={queryPlan 25 0  Project
  Join
    Join
      Join
        Scan (join_employees AS e)
        Scan (join_departments AS d)
      Scan (join_salaries AS s)
    Scan (join_locations AS l)
})
2026-02-28T15:26:52.995+0300	DEBUG	logger/zap_logger.go:71	executing plan node	{"type": "Project"}
2026-02-28T15:26:52.995+0300	DEBUG	logger/zap_logger.go:71	executing plan node	{"type": "Join"}
2026-02-28T15:26:52.995+0300	DEBUG	logger/zap_logger.go:71	executing plan node	{"type": "Join"}
2026-02-28T15:26:52.995+0300	DEBUG	logger/zap_logger.go:71	executing plan node	{"type": "Join"}
2026-02-28T15:26:52.995+0300	DEBUG	logger/zap_logger.go:71	executing plan node	{"type": "Scan"}
2026-02-28T15:26:52.995+0300	DEBUG	logger/zap_logger.go:71	Table metadata: 	{"meta": {"Name":"join_employees","Columns":{"department_id":{"Type":1,"IsNullable":true,"DefaultValue":null,"IsSerial":false,"IsUnique":false,"Idx":3},"id":{"Type":1,"IsNullable":false,"DefaultValue":null,"IsSerial":false,"IsUnique":false,"Idx":1},"name":{"Type":0,"IsNullable":true,"DefaultValue":null,"IsSerial":false,"IsUnique":false,"Idx":2}},"PrimaryKeys":[1]}}
2026-02-28T15:26:52.995+0300	DEBUG	logger/zap_logger.go:71	Table columns	{"columns": [{"Idx":1,"Name":"id","Type":1,"TableIdentifier":"","OriginalTableName":""},{"Idx":2,"Name":"name","Type":0,"TableIdentifier":"","OriginalTableName":""},{"Idx":3,"Name":"department_id","Type":1,"TableIdentifier":"","OriginalTableName":""}]}
2026-02-28T15:26:52.995+0300	DEBUG	logger/zap_logger.go:71	Select columns	{"columns": [{"Name":"","IsAll":true}]}
2026-02-28T15:26:52.995+0300	DEBUG	logger/zap_logger.go:71	NewIterator called with seekKey:	{"seekKey": "testdb:public:join_employees:row:", "typ": "ALL"}
2026-02-28T15:26:52.995+0300	DEBUG	logger/zap_logger.go:71	Select result: 	{"result": {"Rows":[[1,"Alice",10],[2,"Bob",20],[3,"Charlie",10],[4,"David",30]],"Columns":[{"Idx":1,"Name":"id","Type":1,"TableIdentifier":"","OriginalTableName":""},{"Idx":2,"Name":"name","Type":0,"TableIdentifier":"","OriginalTableName":""},{"Idx":3,"Name":"department_id","Type":1,"TableIdentifier":"","OriginalTableName":""}]}}
2026-02-28T15:26:52.995+0300	DEBUG	logger/zap_logger.go:71	scan result	{"rows": 4, "cols": 3}
2026-02-28T15:26:52.995+0300	DEBUG	logger/zap_logger.go:71	executing plan node	{"type": "Scan"}
2026-02-28T15:26:52.995+0300	DEBUG	logger/zap_logger.go:71	Table metadata: 	{"meta": {"Name":"join_departments","Columns":{"department_name":{"Type":0,"IsNullable":true,"DefaultValue":null,"IsSerial":false,"IsUnique":false,"Idx":2},"id":{"Type":1,"IsNullable":false,"DefaultValue":null,"IsSerial":false,"IsUnique":false,"Idx":1}},"PrimaryKeys":[1]}}
2026-02-28T15:26:52.995+0300	DEBUG	logger/zap_logger.go:71	Table columns	{"columns": [{"Idx":1,"Name":"id","Type":1,"TableIdentifier":"","OriginalTableName":""},{"Idx":2,"Name":"department_name","Type":0,"TableIdentifier":"","OriginalTableName":""}]}
2026-02-28T15:26:52.995+0300	DEBUG	logger/zap_logger.go:71	Select columns	{"columns": [{"Name":"","IsAll":true}]}
2026-02-28T15:26:52.995+0300	DEBUG	logger/zap_logger.go:71	NewIterator called with seekKey:	{"seekKey": "testdb:public:join_departments:row:", "typ": "ALL"}
2026-02-28T15:26:52.996+0300	DEBUG	logger/zap_logger.go:71	Select result: 	{"result": {"Rows":[[10,"HR"],[20,"Engineering"],[30,"Sales"]],"Columns":[{"Idx":1,"Name":"id","Type":1,"TableIdentifier":"","OriginalTableName":""},{"Idx":2,"Name":"department_name","Type":0,"TableIdentifier":"","OriginalTableName":""}]}}
2026-02-28T15:26:52.996+0300	DEBUG	logger/zap_logger.go:71	scan result	{"rows": 3, "cols": 2}
2026-02-28T15:26:52.996+0300	DEBUG	logger/zap_logger.go:71	performNestedLoopJoin start	{"leftRows": 4, "rightRows": 3, "leftCols": 3, "rightCols": 2}
2026-02-28T15:26:52.996+0300	DEBUG	logger/zap_logger.go:71	Combined column	{"idx": 0, "name": "id", "tableId": "e"}
2026-02-28T15:26:52.996+0300	DEBUG	logger/zap_logger.go:71	Combined column	{"idx": 1, "name": "name", "tableId": "e"}
2026-02-28T15:26:52.996+0300	DEBUG	logger/zap_logger.go:71	Combined column	{"idx": 2, "name": "department_id", "tableId": "e"}
2026-02-28T15:26:52.996+0300	DEBUG	logger/zap_logger.go:71	Combined column	{"idx": 3, "name": "id", "tableId": "d"}
2026-02-28T15:26:52.996+0300	DEBUG	logger/zap_logger.go:71	Combined column	{"idx": 4, "name": "department_name", "tableId": "d"}
2026-02-28T15:26:52.996+0300	DEBUG	logger/zap_logger.go:71	Sample JOIN condition evaluation	{"leftRow": [1,"Alice",10], "rightRow": [10,"HR"], "condition": "e.department_id=d.id"}
2026-02-28T15:26:52.996+0300	DEBUG	logger/zap_logger.go:71	JOIN match found	{"matchNum": 1, "leftRow": [1,"Alice",10], "rightRow": [10,"HR"]}
2026-02-28T15:26:52.996+0300	DEBUG	logger/zap_logger.go:71	JOIN match found	{"matchNum": 2, "leftRow": [2,"Bob",20], "rightRow": [20,"Engineering"]}
2026-02-28T15:26:52.996+0300	DEBUG	logger/zap_logger.go:71	JOIN match found	{"matchNum": 3, "leftRow": [3,"Charlie",10], "rightRow": [10,"HR"]}
2026-02-28T15:26:52.996+0300	DEBUG	logger/zap_logger.go:71	performNestedLoopJoin end	{"resultRows": 4, "matches": 4}
2026-02-28T15:26:52.996+0300	DEBUG	logger/zap_logger.go:71	executing plan node	{"type": "Scan"}
2026-02-28T15:26:52.996+0300	DEBUG	logger/zap_logger.go:71	Table metadata: 	{"meta": {"Name":"join_salaries","Columns":{"employee_id":{"Type":1,"IsNullable":false,"DefaultValue":null,"IsSerial":false,"IsUnique":false,"Idx":1},"salary":{"Type":3,"IsNullable":true,"DefaultValue":null,"IsSerial":false,"IsUnique":false,"Idx":2}},"PrimaryKeys":[1]}}
2026-02-28T15:26:52.996+0300	DEBUG	logger/zap_logger.go:71	Table columns	{"columns": [{"Idx":1,"Name":"employee_id","Type":1,"TableIdentifier":"","OriginalTableName":""},{"Idx":2,"Name":"salary","Type":3,"TableIdentifier":"","OriginalTableName":""}]}
2026-02-28T15:26:52.996+0300	DEBUG	logger/zap_logger.go:71	Select columns	{"columns": [{"Name":"","IsAll":true}]}
2026-02-28T15:26:52.996+0300	DEBUG	logger/zap_logger.go:71	NewIterator called with seekKey:	{"seekKey": "testdb:public:join_salaries:row:", "typ": "ALL"}
2026-02-28T15:26:52.996+0300	DEBUG	logger/zap_logger.go:71	Select result: 	{"result": {"Rows":[[3,75000],[4,50000],[1,60000],[2,80000]],"Columns":[{"Idx":1,"Name":"employee_id","Type":1,"TableIdentifier":"","OriginalTableName":""},{"Idx":2,"Name":"salary","Type":3,"TableIdentifier":"","OriginalTableName":""}]}}
2026-02-28T15:26:52.996+0300	DEBUG	logger/zap_logger.go:71	scan result	{"rows": 4, "cols": 2}
2026-02-28T15:26:52.996+0300	DEBUG	logger/zap_logger.go:71	performNestedLoopJoin start	{"leftRows": 4, "rightRows": 4, "leftCols": 5, "rightCols": 2}
2026-02-28T15:26:52.996+0300	DEBUG	logger/zap_logger.go:71	Combined column	{"idx": 0, "name": "id", "tableId": "e"}
2026-02-28T15:26:52.996+0300	DEBUG	logger/zap_logger.go:71	Combined column	{"idx": 1, "name": "name", "tableId": "e"}
2026-02-28T15:26:52.996+0300	DEBUG	logger/zap_logger.go:71	Combined column	{"idx": 2, "name": "department_id", "tableId": "e"}
2026-02-28T15:26:52.996+0300	DEBUG	logger/zap_logger.go:71	Combined column	{"idx": 3, "name": "id", "tableId": "d"}
2026-02-28T15:26:52.996+0300	DEBUG	logger/zap_logger.go:71	Combined column	{"idx": 4, "name": "department_name", "tableId": "d"}
2026-02-28T15:26:52.996+0300	DEBUG	logger/zap_logger.go:71	Combined column	{"idx": 5, "name": "employee_id", "tableId": "s"}
2026-02-28T15:26:52.996+0300	DEBUG	logger/zap_logger.go:71	Combined column	{"idx": 6, "name": "salary", "tableId": "s"}
2026-02-28T15:26:52.996+0300	DEBUG	logger/zap_logger.go:71	Sample JOIN condition evaluation	{"leftRow": [1,"Alice",10,10,"HR"], "rightRow": [3,75000], "condition": "e.id=s.employee_id"}
2026-02-28T15:26:52.996+0300	DEBUG	logger/zap_logger.go:71	JOIN match found	{"matchNum": 1, "leftRow": [1,"Alice",10,10,"HR"], "rightRow": [1,60000]}
2026-02-28T15:26:52.996+0300	DEBUG	logger/zap_logger.go:71	JOIN match found	{"matchNum": 2, "leftRow": [2,"Bob",20,20,"Engineering"], "rightRow": [2,80000]}
2026-02-28T15:26:52.996+0300	DEBUG	logger/zap_logger.go:71	JOIN match found	{"matchNum": 3, "leftRow": [3,"Charlie",10,10,"HR"], "rightRow": [3,75000]}
2026-02-28T15:26:52.996+0300	DEBUG	logger/zap_logger.go:71	performNestedLoopJoin end	{"resultRows": 4, "matches": 4}
2026-02-28T15:26:52.996+0300	DEBUG	logger/zap_logger.go:71	executing plan node	{"type": "Scan"}
2026-02-28T15:26:52.997+0300	DEBUG	logger/zap_logger.go:71	Table metadata: 	{"meta": {"Name":"join_locations","Columns":{"department_id":{"Type":1,"IsNullable":false,"DefaultValue":null,"IsSerial":false,"IsUnique":false,"Idx":1},"location":{"Type":0,"IsNullable":true,"DefaultValue":null,"IsSerial":false,"IsUnique":false,"Idx":2}},"PrimaryKeys":[1]}}
2026-02-28T15:26:52.997+0300	DEBUG	logger/zap_logger.go:71	Table columns	{"columns": [{"Idx":1,"Name":"department_id","Type":1,"TableIdentifier":"","OriginalTableName":""},{"Idx":2,"Name":"location","Type":0,"TableIdentifier":"","OriginalTableName":""}]}
2026-02-28T15:26:52.997+0300	DEBUG	logger/zap_logger.go:71	Select columns	{"columns": [{"Name":"","IsAll":true}]}
2026-02-28T15:26:52.997+0300	DEBUG	logger/zap_logger.go:71	NewIterator called with seekKey:	{"seekKey": "testdb:public:join_locations:row:", "typ": "ALL"}
2026-02-28T15:26:52.997+0300	DEBUG	logger/zap_logger.go:71	Select result: 	{"result": {"Rows":[[20,"San Francisco"],[30,"Chicago"],[10,"New York"]],"Columns":[{"Idx":1,"Name":"department_id","Type":1,"TableIdentifier":"","OriginalTableName":""},{"Idx":2,"Name":"location","Type":0,"TableIdentifier":"","OriginalTableName":""}]}}
2026-02-28T15:26:52.997+0300	DEBUG	logger/zap_logger.go:71	scan result	{"rows": 3, "cols": 2}
2026-02-28T15:26:52.997+0300	DEBUG	logger/zap_logger.go:71	performNestedLoopJoin start	{"leftRows": 4, "rightRows": 3, "leftCols": 7, "rightCols": 2}
2026-02-28T15:26:52.997+0300	DEBUG	logger/zap_logger.go:71	Combined column	{"idx": 0, "name": "id", "tableId": "e"}
2026-02-28T15:26:52.997+0300	DEBUG	logger/zap_logger.go:71	Combined column	{"idx": 1, "name": "name", "tableId": "e"}
2026-02-28T15:26:52.997+0300	DEBUG	logger/zap_logger.go:71	Combined column	{"idx": 2, "name": "department_id", "tableId": "e"}
2026-02-28T15:26:52.997+0300	DEBUG	logger/zap_logger.go:71	Combined column	{"idx": 3, "name": "id", "tableId": "d"}
2026-02-28T15:26:52.997+0300	DEBUG	logger/zap_logger.go:71	Combined column	{"idx": 4, "name": "department_name", "tableId": "d"}
2026-02-28T15:26:52.997+0300	DEBUG	logger/zap_logger.go:71	Combined column	{"idx": 5, "name": "employee_id", "tableId": "s"}
2026-02-28T15:26:52.997+0300	DEBUG	logger/zap_logger.go:71	Combined column	{"idx": 6, "name": "salary", "tableId": "s"}
2026-02-28T15:26:52.997+0300	DEBUG	logger/zap_logger.go:71	Combined column	{"idx": 7, "name": "department_id", "tableId": "l"}
2026-02-28T15:26:52.997+0300	DEBUG	logger/zap_logger.go:71	Combined column	{"idx": 8, "name": "location", "tableId": "l"}
2026-02-28T15:26:52.997+0300	DEBUG	logger/zap_logger.go:71	Sample JOIN condition evaluation	{"leftRow": [1,"Alice",10,10,"HR",1,60000], "rightRow": [20,"San Francisco"], "condition": "d.id=l.department_id"}
2026-02-28T15:26:52.997+0300	DEBUG	logger/zap_logger.go:71	performNestedLoopJoin end	{"resultRows": 0, "matches": 0}
2026-02-28T15:27:12.122+0300	DEBUG	logger/zap_logger.go:96	Query: SELECT * FROM join_locations l;
2026-02-28T15:27:12.126+0300	DEBUG	logger/zap_logger.go:96	Parsing select item: *
2026-02-28T15:27:12.126+0300	DEBUG	logger/zap_logger.go:96	DEBUG: Parsed statement type: SELECT

2026-02-28T15:27:12.127+0300	DEBUG	logger/zap_logger.go:96	Parsed statement: %!(EXTRA zapcore.Field={stmt 23 0  0x14000220170})
2026-02-28T15:27:12.127+0300	DEBUG	logger/zap_logger.go:96	Executing query plan: %!(EXTRA zapcore.Field={queryPlan 25 0  Project
  Scan (join_locations AS l)
})
2026-02-28T15:27:12.127+0300	DEBUG	logger/zap_logger.go:71	executing plan node	{"type": "Project"}
2026-02-28T15:27:12.127+0300	DEBUG	logger/zap_logger.go:71	executing plan node	{"type": "Scan"}
2026-02-28T15:27:12.127+0300	DEBUG	logger/zap_logger.go:71	Table metadata: 	{"meta": {"Name":"join_locations","Columns":{"department_id":{"Type":1,"IsNullable":false,"DefaultValue":null,"IsSerial":false,"IsUnique":false,"Idx":1},"location":{"Type":0,"IsNullable":true,"DefaultValue":null,"IsSerial":false,"IsUnique":false,"Idx":2}},"PrimaryKeys":[1]}}
2026-02-28T15:27:12.127+0300	DEBUG	logger/zap_logger.go:71	Table columns	{"columns": [{"Idx":1,"Name":"department_id","Type":1,"TableIdentifier":"","OriginalTableName":""},{"Idx":2,"Name":"location","Type":0,"TableIdentifier":"","OriginalTableName":""}]}
2026-02-28T15:27:12.127+0300	DEBUG	logger/zap_logger.go:71	Select columns	{"columns": [{"Name":"","IsAll":true}]}
2026-02-28T15:27:12.127+0300	DEBUG	logger/zap_logger.go:71	NewIterator called with seekKey:	{"seekKey": "testdb:public:join_locations:row:", "typ": "ALL"}
2026-02-28T15:27:12.127+0300	DEBUG	logger/zap_logger.go:71	Select result: 	{"result": {"Rows":[[20,"San Francisco"],[30,"Chicago"],[10,"New York"]],"Columns":[{"Idx":1,"Name":"department_id","Type":1,"TableIdentifier":"","OriginalTableName":""},{"Idx":2,"Name":"location","Type":0,"TableIdentifier":"","OriginalTableName":""}]}}
2026-02-28T15:27:12.127+0300	DEBUG	logger/zap_logger.go:71	scan result	{"rows": 3, "cols": 2}
2026-02-28T15:27:12.128+0300	DEBUG	logger/zap_logger.go:71	DEBUG: Sending row:	{"row": [20,"San Francisco"]}
2026-02-28T15:27:12.128+0300	DEBUG	logger/zap_logger.go:71	DEBUG: Sending row:	{"row": [30,"Chicago"]}
2026-02-28T15:27:12.128+0300	DEBUG	logger/zap_logger.go:71	DEBUG: Sending row:	{"row": [10,"New York"]}
2026-02-28T15:27:25.903+0300	DEBUG	logger/zap_logger.go:96	Query: select * from join_departments d;
2026-02-28T15:27:25.907+0300	DEBUG	logger/zap_logger.go:96	Parsing select item: *
2026-02-28T15:27:25.907+0300	DEBUG	logger/zap_logger.go:96	DEBUG: Parsed statement type: SELECT

2026-02-28T15:27:25.907+0300	DEBUG	logger/zap_logger.go:96	Parsed statement: %!(EXTRA zapcore.Field={stmt 23 0  0x140007f0270})
2026-02-28T15:27:25.908+0300	DEBUG	logger/zap_logger.go:96	Executing query plan: %!(EXTRA zapcore.Field={queryPlan 25 0  Project
  Scan (join_departments AS d)
})
2026-02-28T15:27:25.908+0300	DEBUG	logger/zap_logger.go:71	executing plan node	{"type": "Project"}
2026-02-28T15:27:25.908+0300	DEBUG	logger/zap_logger.go:71	executing plan node	{"type": "Scan"}
2026-02-28T15:27:25.908+0300	DEBUG	logger/zap_logger.go:71	Table metadata: 	{"meta": {"Name":"join_departments","Columns":{"department_name":{"Type":0,"IsNullable":true,"DefaultValue":null,"IsSerial":false,"IsUnique":false,"Idx":2},"id":{"Type":1,"IsNullable":false,"DefaultValue":null,"IsSerial":false,"IsUnique":false,"Idx":1}},"PrimaryKeys":[1]}}
2026-02-28T15:27:25.908+0300	DEBUG	logger/zap_logger.go:71	Table columns	{"columns": [{"Idx":1,"Name":"id","Type":1,"TableIdentifier":"","OriginalTableName":""},{"Idx":2,"Name":"department_name","Type":0,"TableIdentifier":"","OriginalTableName":""}]}
2026-02-28T15:27:25.908+0300	DEBUG	logger/zap_logger.go:71	Select columns	{"columns": [{"Name":"","IsAll":true}]}
2026-02-28T15:27:25.908+0300	DEBUG	logger/zap_logger.go:71	NewIterator called with seekKey:	{"seekKey": "testdb:public:join_departments:row:", "typ": "ALL"}
2026-02-28T15:27:25.909+0300	DEBUG	logger/zap_logger.go:71	Select result: 	{"result": {"Rows":[[30,"Sales"],[10,"HR"],[20,"Engineering"]],"Columns":[{"Idx":1,"Name":"id","Type":1,"TableIdentifier":"","OriginalTableName":""},{"Idx":2,"Name":"department_name","Type":0,"TableIdentifier":"","OriginalTableName":""}]}}
2026-02-28T15:27:25.909+0300	DEBUG	logger/zap_logger.go:71	scan result	{"rows": 3, "cols": 2}
2026-02-28T15:27:25.909+0300	DEBUG	logger/zap_logger.go:71	DEBUG: Sending row:	{"row": [30,"Sales"]}
2026-02-28T15:27:25.909+0300	DEBUG	logger/zap_logger.go:71	DEBUG: Sending row:	{"row": [10,"HR"]}
2026-02-28T15:27:25.909+0300	DEBUG	logger/zap_logger.go:71	DEBUG: Sending row:	{"row": [20,"Engineering"]}
2026-02-28T15:27:56.078+0300	DEBUG	logger/zap_logger.go:96	Query: SELECT * FROM join_locations l;
2026-02-28T15:27:56.080+0300	DEBUG	logger/zap_logger.go:96	Parsing select item: *
2026-02-28T15:27:56.080+0300	DEBUG	logger/zap_logger.go:96	DEBUG: Parsed statement type: SELECT

2026-02-28T15:27:56.080+0300	DEBUG	logger/zap_logger.go:96	Parsed statement: %!(EXTRA zapcore.Field={stmt 23 0  0x140007f08b0})
2026-02-28T15:27:56.080+0300	DEBUG	logger/zap_logger.go:96	Executing query plan: %!(EXTRA zapcore.Field={queryPlan 25 0  Project
  Scan (join_locations AS l)
})
2026-02-28T15:27:56.081+0300	DEBUG	logger/zap_logger.go:71	executing plan node	{"type": "Project"}
2026-02-28T15:27:56.081+0300	DEBUG	logger/zap_logger.go:71	executing plan node	{"type": "Scan"}
2026-02-28T15:27:56.082+0300	DEBUG	logger/zap_logger.go:71	Table metadata: 	{"meta": {"Name":"join_locations","Columns":{"department_id":{"Type":1,"IsNullable":false,"DefaultValue":null,"IsSerial":false,"IsUnique":false,"Idx":1},"location":{"Type":0,"IsNullable":true,"DefaultValue":null,"IsSerial":false,"IsUnique":false,"Idx":2}},"PrimaryKeys":[1]}}
2026-02-28T15:27:56.083+0300	DEBUG	logger/zap_logger.go:71	Table columns	{"columns": [{"Idx":1,"Name":"department_id","Type":1,"TableIdentifier":"","OriginalTableName":""},{"Idx":2,"Name":"location","Type":0,"TableIdentifier":"","OriginalTableName":""}]}
2026-02-28T15:27:56.083+0300	DEBUG	logger/zap_logger.go:71	Select columns	{"columns": [{"Name":"","IsAll":true}]}
2026-02-28T15:27:56.083+0300	DEBUG	logger/zap_logger.go:71	NewIterator called with seekKey:	{"seekKey": "testdb:public:join_locations:row:", "typ": "ALL"}
2026-02-28T15:27:56.089+0300	DEBUG	logger/zap_logger.go:71	Select result: 	{"result": {"Rows":[[10,"New York"],[20,"San Francisco"],[30,"Chicago"]],"Columns":[{"Idx":1,"Name":"department_id","Type":1,"TableIdentifier":"","OriginalTableName":""},{"Idx":2,"Name":"location","Type":0,"TableIdentifier":"","OriginalTableName":""}]}}
2026-02-28T15:27:56.090+0300	DEBUG	logger/zap_logger.go:71	scan result	{"rows": 3, "cols": 2}
2026-02-28T15:27:56.090+0300	DEBUG	logger/zap_logger.go:71	DEBUG: Sending row:	{"row": [10,"New York"]}
2026-02-28T15:27:56.090+0300	DEBUG	logger/zap_logger.go:71	DEBUG: Sending row:	{"row": [20,"San Francisco"]}
2026-02-28T15:27:56.091+0300	DEBUG	logger/zap_logger.go:71	DEBUG: Sending row:	{"row": [30,"Chicago"]}
2026-02-28T15:27:56.094+0300	DEBUG	logger/zap_logger.go:96	Query: JOIN join_departments d ON d.id = l.department_id;
2026-02-28T15:28:06.837+0300	DEBUG	logger/zap_logger.go:96	Query: SELECT * FROM join_locations l
JOIN join_departments d ON d.id = l.department_id;
2026-02-28T15:28:06.838+0300	DEBUG	logger/zap_logger.go:96	Parsing select item: *
2026-02-28T15:28:06.838+0300	DEBUG	logger/zap_logger.go:96	DEBUG: Parsed statement type: SELECT

2026-02-28T15:28:06.838+0300	DEBUG	logger/zap_logger.go:96	Parsed statement: %!(EXTRA zapcore.Field={stmt 23 0  0x140007f1180})
2026-02-28T15:28:06.838+0300	DEBUG	logger/zap_logger.go:96	Executing query plan: %!(EXTRA zapcore.Field={queryPlan 25 0  Project
  Join
    Scan (join_locations AS l)
    Scan (join_departments AS d)
})
2026-02-28T15:28:06.838+0300	DEBUG	logger/zap_logger.go:71	executing plan node	{"type": "Project"}
2026-02-28T15:28:06.838+0300	DEBUG	logger/zap_logger.go:71	executing plan node	{"type": "Join"}
2026-02-28T15:28:06.838+0300	DEBUG	logger/zap_logger.go:71	executing plan node	{"type": "Scan"}
2026-02-28T15:28:06.839+0300	DEBUG	logger/zap_logger.go:71	Table metadata: 	{"meta": {"Name":"join_locations","Columns":{"department_id":{"Type":1,"IsNullable":false,"DefaultValue":null,"IsSerial":false,"IsUnique":false,"Idx":1},"location":{"Type":0,"IsNullable":true,"DefaultValue":null,"IsSerial":false,"IsUnique":false,"Idx":2}},"PrimaryKeys":[1]}}
2026-02-28T15:28:06.839+0300	DEBUG	logger/zap_logger.go:71	Table columns	{"columns": [{"Idx":1,"Name":"department_id","Type":1,"TableIdentifier":"","OriginalTableName":""},{"Idx":2,"Name":"location","Type":0,"TableIdentifier":"","OriginalTableName":""}]}
2026-02-28T15:28:06.839+0300	DEBUG	logger/zap_logger.go:71	Select columns	{"columns": [{"Name":"","IsAll":true}]}
2026-02-28T15:28:06.839+0300	DEBUG	logger/zap_logger.go:71	NewIterator called with seekKey:	{"seekKey": "testdb:public:join_locations:row:", "typ": "ALL"}
2026-02-28T15:28:06.839+0300	DEBUG	logger/zap_logger.go:71	Select result: 	{"result": {"Rows":[[10,"New York"],[20,"San Francisco"],[30,"Chicago"]],"Columns":[{"Idx":1,"Name":"department_id","Type":1,"TableIdentifier":"","OriginalTableName":""},{"Idx":2,"Name":"location","Type":0,"TableIdentifier":"","OriginalTableName":""}]}}
2026-02-28T15:28:06.839+0300	DEBUG	logger/zap_logger.go:71	scan result	{"rows": 3, "cols": 2}
2026-02-28T15:28:06.839+0300	DEBUG	logger/zap_logger.go:71	executing plan node	{"type": "Scan"}
2026-02-28T15:28:06.839+0300	DEBUG	logger/zap_logger.go:71	Table metadata: 	{"meta": {"Name":"join_departments","Columns":{"department_name":{"Type":0,"IsNullable":true,"DefaultValue":null,"IsSerial":false,"IsUnique":false,"Idx":2},"id":{"Type":1,"IsNullable":false,"DefaultValue":null,"IsSerial":false,"IsUnique":false,"Idx":1}},"PrimaryKeys":[1]}}
2026-02-28T15:28:06.839+0300	DEBUG	logger/zap_logger.go:71	Table columns	{"columns": [{"Idx":1,"Name":"id","Type":1,"TableIdentifier":"","OriginalTableName":""},{"Idx":2,"Name":"department_name","Type":0,"TableIdentifier":"","OriginalTableName":""}]}
2026-02-28T15:28:06.839+0300	DEBUG	logger/zap_logger.go:71	Select columns	{"columns": [{"Name":"","IsAll":true}]}
2026-02-28T15:28:06.839+0300	DEBUG	logger/zap_logger.go:71	NewIterator called with seekKey:	{"seekKey": "testdb:public:join_departments:row:", "typ": "ALL"}
2026-02-28T15:28:06.839+0300	DEBUG	logger/zap_logger.go:71	Select result: 	{"result": {"Rows":[[10,"HR"],[20,"Engineering"],[30,"Sales"]],"Columns":[{"Idx":1,"Name":"id","Type":1,"TableIdentifier":"","OriginalTableName":""},{"Idx":2,"Name":"department_name","Type":0,"TableIdentifier":"","OriginalTableName":""}]}}
2026-02-28T15:28:06.839+0300	DEBUG	logger/zap_logger.go:71	scan result	{"rows": 3, "cols": 2}
2026-02-28T15:28:06.839+0300	DEBUG	logger/zap_logger.go:71	performNestedLoopJoin start	{"leftRows": 3, "rightRows": 3, "leftCols": 2, "rightCols": 2}
2026-02-28T15:28:06.839+0300	DEBUG	logger/zap_logger.go:71	Combined column	{"idx": 0, "name": "department_id", "tableId": "l"}
2026-02-28T15:28:06.839+0300	DEBUG	logger/zap_logger.go:71	Combined column	{"idx": 1, "name": "location", "tableId": "l"}
2026-02-28T15:28:06.839+0300	DEBUG	logger/zap_logger.go:71	Combined column	{"idx": 2, "name": "id", "tableId": "d"}
2026-02-28T15:28:06.839+0300	DEBUG	logger/zap_logger.go:71	Combined column	{"idx": 3, "name": "department_name", "tableId": "d"}
2026-02-28T15:28:06.839+0300	DEBUG	logger/zap_logger.go:71	Sample JOIN condition evaluation	{"leftRow": [10,"New York"], "rightRow": [10,"HR"], "condition": "d.id=l.department_id"}
2026-02-28T15:28:06.839+0300	DEBUG	logger/zap_logger.go:71	JOIN match found	{"matchNum": 1, "leftRow": [10,"New York"], "rightRow": [10,"HR"]}
2026-02-28T15:28:06.839+0300	DEBUG	logger/zap_logger.go:71	JOIN match found	{"matchNum": 2, "leftRow": [20,"San Francisco"], "rightRow": [20,"Engineering"]}
2026-02-28T15:28:06.839+0300	DEBUG	logger/zap_logger.go:71	JOIN match found	{"matchNum": 3, "leftRow": [30,"Chicago"], "rightRow": [30,"Sales"]}
2026-02-28T15:28:06.839+0300	DEBUG	logger/zap_logger.go:71	performNestedLoopJoin end	{"resultRows": 3, "matches": 3}
2026-02-28T15:28:06.839+0300	DEBUG	logger/zap_logger.go:71	DEBUG: Sending row:	{"row": [10,"New York",10,"HR"]}
2026-02-28T15:28:06.839+0300	DEBUG	logger/zap_logger.go:71	DEBUG: Sending row:	{"row": [20,"San Francisco",20,"Engineering"]}
2026-02-28T15:28:06.839+0300	DEBUG	logger/zap_logger.go:71	DEBUG: Sending row:	{"row": [30,"Chicago",30,"Sales"]}
2026-02-28T15:29:29.544+0300	DEBUG	logger/zap_logger.go:96	Query: SELECT e.name, d.department_name, s.salary
FROM join_employees e
INNER JOIN join_departments d ON e.department_id = d.id
INNER JOIN join_salaries s ON e.id = s.employee_id
INNER JOIN join_locations l ON d.id = l.department_id;
2026-02-28T15:29:29.556+0300	DEBUG	logger/zap_logger.go:96	Parsing select item: e.name
2026-02-28T15:29:29.557+0300	DEBUG	logger/zap_logger.go:96	Parsing select item: d.department_name
2026-02-28T15:29:29.557+0300	DEBUG	logger/zap_logger.go:96	Parsing select item: s.salary
2026-02-28T15:29:29.557+0300	DEBUG	logger/zap_logger.go:96	DEBUG: Parsed statement type: SELECT

2026-02-28T15:29:29.557+0300	DEBUG	logger/zap_logger.go:96	Parsed statement: %!(EXTRA zapcore.Field={stmt 23 0  0x14000220c00})
2026-02-28T15:29:29.558+0300	DEBUG	logger/zap_logger.go:96	Executing query plan: %!(EXTRA zapcore.Field={queryPlan 25 0  Project
  Join
    Join
      Join
        Scan (join_employees AS e)
        Scan (join_departments AS d)
      Scan (join_salaries AS s)
    Scan (join_locations AS l)
})
2026-02-28T15:29:29.558+0300	DEBUG	logger/zap_logger.go:71	executing plan node	{"type": "Project"}
2026-02-28T15:29:29.558+0300	DEBUG	logger/zap_logger.go:71	executing plan node	{"type": "Join"}
2026-02-28T15:29:29.558+0300	DEBUG	logger/zap_logger.go:71	executing plan node	{"type": "Join"}
2026-02-28T15:29:29.558+0300	DEBUG	logger/zap_logger.go:71	executing plan node	{"type": "Join"}
2026-02-28T15:29:29.558+0300	DEBUG	logger/zap_logger.go:71	executing plan node	{"type": "Scan"}
2026-02-28T15:29:29.559+0300	DEBUG	logger/zap_logger.go:71	Table metadata: 	{"meta": {"Name":"join_employees","Columns":{"department_id":{"Type":1,"IsNullable":true,"DefaultValue":null,"IsSerial":false,"IsUnique":false,"Idx":3},"id":{"Type":1,"IsNullable":false,"DefaultValue":null,"IsSerial":false,"IsUnique":false,"Idx":1},"name":{"Type":0,"IsNullable":true,"DefaultValue":null,"IsSerial":false,"IsUnique":false,"Idx":2}},"PrimaryKeys":[1]}}
2026-02-28T15:29:29.560+0300	DEBUG	logger/zap_logger.go:71	Table columns	{"columns": [{"Idx":1,"Name":"id","Type":1,"TableIdentifier":"","OriginalTableName":""},{"Idx":2,"Name":"name","Type":0,"TableIdentifier":"","OriginalTableName":""},{"Idx":3,"Name":"department_id","Type":1,"TableIdentifier":"","OriginalTableName":""}]}
2026-02-28T15:29:29.560+0300	DEBUG	logger/zap_logger.go:71	Select columns	{"columns": [{"Name":"","IsAll":true}]}
2026-02-28T15:29:29.560+0300	DEBUG	logger/zap_logger.go:71	NewIterator called with seekKey:	{"seekKey": "testdb:public:join_employees:row:", "typ": "ALL"}
2026-02-28T15:29:29.560+0300	DEBUG	logger/zap_logger.go:71	Select result: 	{"result": {"Rows":[[1,"Alice",10],[2,"Bob",20],[3,"Charlie",10],[4,"David",30]],"Columns":[{"Idx":1,"Name":"id","Type":1,"TableIdentifier":"","OriginalTableName":""},{"Idx":2,"Name":"name","Type":0,"TableIdentifier":"","OriginalTableName":""},{"Idx":3,"Name":"department_id","Type":1,"TableIdentifier":"","OriginalTableName":""}]}}
2026-02-28T15:29:29.560+0300	DEBUG	logger/zap_logger.go:71	scan result	{"rows": 4, "cols": 3}
2026-02-28T15:29:29.560+0300	DEBUG	logger/zap_logger.go:71	executing plan node	{"type": "Scan"}
2026-02-28T15:29:29.560+0300	DEBUG	logger/zap_logger.go:71	Table metadata: 	{"meta": {"Name":"join_departments","Columns":{"department_name":{"Type":0,"IsNullable":true,"DefaultValue":null,"IsSerial":false,"IsUnique":false,"Idx":2},"id":{"Type":1,"IsNullable":false,"DefaultValue":null,"IsSerial":false,"IsUnique":false,"Idx":1}},"PrimaryKeys":[1]}}
2026-02-28T15:29:29.560+0300	DEBUG	logger/zap_logger.go:71	Table columns	{"columns": [{"Idx":1,"Name":"id","Type":1,"TableIdentifier":"","OriginalTableName":""},{"Idx":2,"Name":"department_name","Type":0,"TableIdentifier":"","OriginalTableName":""}]}
2026-02-28T15:29:29.561+0300	DEBUG	logger/zap_logger.go:71	Select columns	{"columns": [{"Name":"","IsAll":true}]}
2026-02-28T15:29:29.561+0300	DEBUG	logger/zap_logger.go:71	NewIterator called with seekKey:	{"seekKey": "testdb:public:join_departments:row:", "typ": "ALL"}
2026-02-28T15:29:29.561+0300	DEBUG	logger/zap_logger.go:71	Select result: 	{"result": {"Rows":[[10,"HR"],[20,"Engineering"],[30,"Sales"]],"Columns":[{"Idx":1,"Name":"id","Type":1,"TableIdentifier":"","OriginalTableName":""},{"Idx":2,"Name":"department_name","Type":0,"TableIdentifier":"","OriginalTableName":""}]}}
2026-02-28T15:29:29.561+0300	DEBUG	logger/zap_logger.go:71	scan result	{"rows": 3, "cols": 2}
2026-02-28T15:29:29.561+0300	DEBUG	logger/zap_logger.go:71	performNestedLoopJoin start	{"leftRows": 4, "rightRows": 3, "leftCols": 3, "rightCols": 2}
2026-02-28T15:29:29.561+0300	DEBUG	logger/zap_logger.go:71	Combined column	{"idx": 0, "name": "id", "tableId": "e"}
2026-02-28T15:29:29.561+0300	DEBUG	logger/zap_logger.go:71	Combined column	{"idx": 1, "name": "name", "tableId": "e"}
2026-02-28T15:29:29.561+0300	DEBUG	logger/zap_logger.go:71	Combined column	{"idx": 2, "name": "department_id", "tableId": "e"}
2026-02-28T15:29:29.561+0300	DEBUG	logger/zap_logger.go:71	Combined column	{"idx": 3, "name": "id", "tableId": "d"}
2026-02-28T15:29:29.561+0300	DEBUG	logger/zap_logger.go:71	Combined column	{"idx": 4, "name": "department_name", "tableId": "d"}
2026-02-28T15:29:29.561+0300	DEBUG	logger/zap_logger.go:71	Sample JOIN condition evaluation	{"leftRow": [1,"Alice",10], "rightRow": [10,"HR"], "condition": "e.department_id=d.id"}
2026-02-28T15:29:29.561+0300	DEBUG	logger/zap_logger.go:71	JOIN match found	{"matchNum": 1, "leftRow": [1,"Alice",10], "rightRow": [10,"HR"]}
2026-02-28T15:29:29.561+0300	DEBUG	logger/zap_logger.go:71	JOIN match found	{"matchNum": 2, "leftRow": [2,"Bob",20], "rightRow": [20,"Engineering"]}
2026-02-28T15:29:29.561+0300	DEBUG	logger/zap_logger.go:71	JOIN match found	{"matchNum": 3, "leftRow": [3,"Charlie",10], "rightRow": [10,"HR"]}
2026-02-28T15:29:29.561+0300	DEBUG	logger/zap_logger.go:71	performNestedLoopJoin end	{"resultRows": 4, "matches": 4}
2026-02-28T15:29:29.561+0300	DEBUG	logger/zap_logger.go:71	executing plan node	{"type": "Scan"}
2026-02-28T15:29:29.561+0300	DEBUG	logger/zap_logger.go:71	Table metadata: 	{"meta": {"Name":"join_salaries","Columns":{"employee_id":{"Type":1,"IsNullable":false,"DefaultValue":null,"IsSerial":false,"IsUnique":false,"Idx":1},"salary":{"Type":3,"IsNullable":true,"DefaultValue":null,"IsSerial":false,"IsUnique":false,"Idx":2}},"PrimaryKeys":[1]}}
2026-02-28T15:29:29.561+0300	DEBUG	logger/zap_logger.go:71	Table columns	{"columns": [{"Idx":1,"Name":"employee_id","Type":1,"TableIdentifier":"","OriginalTableName":""},{"Idx":2,"Name":"salary","Type":3,"TableIdentifier":"","OriginalTableName":""}]}
2026-02-28T15:29:29.561+0300	DEBUG	logger/zap_logger.go:71	Select columns	{"columns": [{"Name":"","IsAll":true}]}
2026-02-28T15:29:29.561+0300	DEBUG	logger/zap_logger.go:71	NewIterator called with seekKey:	{"seekKey": "testdb:public:join_salaries:row:", "typ": "ALL"}
2026-02-28T15:29:29.561+0300	DEBUG	logger/zap_logger.go:71	Select result: 	{"result": {"Rows":[[2,80000],[3,75000],[4,50000],[1,60000]],"Columns":[{"Idx":1,"Name":"employee_id","Type":1,"TableIdentifier":"","OriginalTableName":""},{"Idx":2,"Name":"salary","Type":3,"TableIdentifier":"","OriginalTableName":""}]}}
2026-02-28T15:29:29.561+0300	DEBUG	logger/zap_logger.go:71	scan result	{"rows": 4, "cols": 2}
2026-02-28T15:29:29.561+0300	DEBUG	logger/zap_logger.go:71	performNestedLoopJoin start	{"leftRows": 4, "rightRows": 4, "leftCols": 5, "rightCols": 2}
2026-02-28T15:29:29.561+0300	DEBUG	logger/zap_logger.go:71	Combined column	{"idx": 0, "name": "id", "tableId": "e"}
2026-02-28T15:29:29.561+0300	DEBUG	logger/zap_logger.go:71	Combined column	{"idx": 1, "name": "name", "tableId": "e"}
2026-02-28T15:29:29.561+0300	DEBUG	logger/zap_logger.go:71	Combined column	{"idx": 2, "name": "department_id", "tableId": "e"}
2026-02-28T15:29:29.561+0300	DEBUG	logger/zap_logger.go:71	Combined column	{"idx": 3, "name": "id", "tableId": "d"}
2026-02-28T15:29:29.561+0300	DEBUG	logger/zap_logger.go:71	Combined column	{"idx": 4, "name": "department_name", "tableId": "d"}
2026-02-28T15:29:29.561+0300	DEBUG	logger/zap_logger.go:71	Combined column	{"idx": 5, "name": "employee_id", "tableId": "s"}
2026-02-28T15:29:29.561+0300	DEBUG	logger/zap_logger.go:71	Combined column	{"idx": 6, "name": "salary", "tableId": "s"}
2026-02-28T15:29:29.561+0300	DEBUG	logger/zap_logger.go:71	Sample JOIN condition evaluation	{"leftRow": [1,"Alice",10,10,"HR"], "rightRow": [2,80000], "condition": "e.id=s.employee_id"}
2026-02-28T15:29:29.561+0300	DEBUG	logger/zap_logger.go:71	JOIN match found	{"matchNum": 1, "leftRow": [1,"Alice",10,10,"HR"], "rightRow": [1,60000]}
2026-02-28T15:29:29.561+0300	DEBUG	logger/zap_logger.go:71	JOIN match found	{"matchNum": 2, "leftRow": [2,"Bob",20,20,"Engineering"], "rightRow": [2,80000]}
2026-02-28T15:29:29.561+0300	DEBUG	logger/zap_logger.go:71	JOIN match found	{"matchNum": 3, "leftRow": [3,"Charlie",10,10,"HR"], "rightRow": [3,75000]}
2026-02-28T15:29:29.561+0300	DEBUG	logger/zap_logger.go:71	performNestedLoopJoin end	{"resultRows": 4, "matches": 4}
2026-02-28T15:29:29.561+0300	DEBUG	logger/zap_logger.go:71	executing plan node	{"type": "Scan"}
2026-02-28T15:29:29.561+0300	DEBUG	logger/zap_logger.go:71	Table metadata: 	{"meta": {"Name":"join_locations","Columns":{"department_id":{"Type":1,"IsNullable":false,"DefaultValue":null,"IsSerial":false,"IsUnique":false,"Idx":1},"location":{"Type":0,"IsNullable":true,"DefaultValue":null,"IsSerial":false,"IsUnique":false,"Idx":2}},"PrimaryKeys":[1]}}
2026-02-28T15:29:29.561+0300	DEBUG	logger/zap_logger.go:71	Table columns	{"columns": [{"Idx":1,"Name":"department_id","Type":1,"TableIdentifier":"","OriginalTableName":""},{"Idx":2,"Name":"location","Type":0,"TableIdentifier":"","OriginalTableName":""}]}
2026-02-28T15:29:29.561+0300	DEBUG	logger/zap_logger.go:71	Select columns	{"columns": [{"Name":"","IsAll":true}]}
2026-02-28T15:29:29.561+0300	DEBUG	logger/zap_logger.go:71	NewIterator called with seekKey:	{"seekKey": "testdb:public:join_locations:row:", "typ": "ALL"}
2026-02-28T15:29:29.561+0300	DEBUG	logger/zap_logger.go:71	Select result: 	{"result": {"Rows":[[10,"New York"],[20,"San Francisco"],[30,"Chicago"]],"Columns":[{"Idx":1,"Name":"department_id","Type":1,"TableIdentifier":"","OriginalTableName":""},{"Idx":2,"Name":"location","Type":0,"TableIdentifier":"","OriginalTableName":""}]}}
2026-02-28T15:29:29.561+0300	DEBUG	logger/zap_logger.go:71	scan result	{"rows": 3, "cols": 2}
2026-02-28T15:29:29.561+0300	DEBUG	logger/zap_logger.go:71	performNestedLoopJoin start	{"leftRows": 4, "rightRows": 3, "leftCols": 7, "rightCols": 2}
2026-02-28T15:29:29.561+0300	DEBUG	logger/zap_logger.go:71	Combined column	{"idx": 0, "name": "id", "tableId": "e"}
2026-02-28T15:29:29.561+0300	DEBUG	logger/zap_logger.go:71	Combined column	{"idx": 1, "name": "name", "tableId": "e"}
2026-02-28T15:29:29.561+0300	DEBUG	logger/zap_logger.go:71	Combined column	{"idx": 2, "name": "department_id", "tableId": "e"}
2026-02-28T15:29:29.561+0300	DEBUG	logger/zap_logger.go:71	Combined column	{"idx": 3, "name": "id", "tableId": "d"}
2026-02-28T15:29:29.561+0300	DEBUG	logger/zap_logger.go:71	Combined column	{"idx": 4, "name": "department_name", "tableId": "d"}
2026-02-28T15:29:29.561+0300	DEBUG	logger/zap_logger.go:71	Combined column	{"idx": 5, "name": "employee_id", "tableId": "s"}
2026-02-28T15:29:29.561+0300	DEBUG	logger/zap_logger.go:71	Combined column	{"idx": 6, "name": "salary", "tableId": "s"}
2026-02-28T15:29:29.561+0300	DEBUG	logger/zap_logger.go:71	Combined column	{"idx": 7, "name": "department_id", "tableId": "l"}
2026-02-28T15:29:29.561+0300	DEBUG	logger/zap_logger.go:71	Combined column	{"idx": 8, "name": "location", "tableId": "l"}
2026-02-28T15:29:29.561+0300	DEBUG	logger/zap_logger.go:71	Sample JOIN condition evaluation	{"leftRow": [1,"Alice",10,10,"HR",1,60000], "rightRow": [10,"New York"], "condition": "d.id=l.department_id"}
2026-02-28T15:29:29.561+0300	DEBUG	logger/zap_logger.go:71	performNestedLoopJoin end	{"resultRows": 0, "matches": 0}
2026-02-28T15:30:02.038+0300	ERROR	logger/zap_logger.go:111	Connection error: read tcp [::1]:5432->[::1]:62560: i/o timeout
2026-02-28T15:30:11.721+0300	INFO	logger/zap_logger.go:76	Accepted connection
2026-02-28T15:30:11.721+0300	INFO	logger/zap_logger.go:76	Accepted connection
2026-02-28T15:30:11.837+0300	INFO	logger/zap_logger.go:76	SSL request received, sending 'N'
2026-02-28T15:30:11.837+0300	INFO	logger/zap_logger.go:76	Startup complete
2026-02-28T15:30:13.803+0300	DEBUG	logger/zap_logger.go:96	Query: SELECT e.name, d.department_name, s.salary
FROM join_employees e
INNER JOIN join_departments d ON e.department_id = d.id
INNER JOIN join_salaries s ON e.id = s.employee_id;
2026-02-28T15:30:13.803+0300	DEBUG	logger/zap_logger.go:96	Parsing select item: e.name
2026-02-28T15:30:13.803+0300	DEBUG	logger/zap_logger.go:96	Parsing select item: d.department_name
2026-02-28T15:30:13.803+0300	DEBUG	logger/zap_logger.go:96	Parsing select item: s.salary
2026-02-28T15:30:13.803+0300	DEBUG	logger/zap_logger.go:96	DEBUG: Parsed statement type: SELECT

2026-02-28T15:30:13.803+0300	DEBUG	logger/zap_logger.go:96	Parsed statement: %!(EXTRA zapcore.Field={stmt 23 0  0x1400098aaa0})
2026-02-28T15:30:13.804+0300	DEBUG	logger/zap_logger.go:96	Executing query plan: %!(EXTRA zapcore.Field={queryPlan 25 0  Project
  Join
    Join
      Scan (join_employees AS e)
      Scan (join_departments AS d)
    Scan (join_salaries AS s)
})
2026-02-28T15:30:13.804+0300	DEBUG	logger/zap_logger.go:71	executing plan node	{"type": "Project"}
2026-02-28T15:30:13.804+0300	DEBUG	logger/zap_logger.go:71	executing plan node	{"type": "Join"}
2026-02-28T15:30:13.804+0300	DEBUG	logger/zap_logger.go:71	executing plan node	{"type": "Join"}
2026-02-28T15:30:13.804+0300	DEBUG	logger/zap_logger.go:71	executing plan node	{"type": "Scan"}
2026-02-28T15:30:13.805+0300	DEBUG	logger/zap_logger.go:71	Table metadata: 	{"meta": {"Name":"join_employees","Columns":{"department_id":{"Type":1,"IsNullable":true,"DefaultValue":null,"IsSerial":false,"IsUnique":false,"Idx":3},"id":{"Type":1,"IsNullable":false,"DefaultValue":null,"IsSerial":false,"IsUnique":false,"Idx":1},"name":{"Type":0,"IsNullable":true,"DefaultValue":null,"IsSerial":false,"IsUnique":false,"Idx":2}},"PrimaryKeys":[1]}}
2026-02-28T15:30:13.806+0300	DEBUG	logger/zap_logger.go:71	Table columns	{"columns": [{"Idx":1,"Name":"id","Type":1,"TableIdentifier":"","OriginalTableName":""},{"Idx":2,"Name":"name","Type":0,"TableIdentifier":"","OriginalTableName":""},{"Idx":3,"Name":"department_id","Type":1,"TableIdentifier":"","OriginalTableName":""}]}
2026-02-28T15:30:13.806+0300	DEBUG	logger/zap_logger.go:71	Select columns	{"columns": [{"Name":"","IsAll":true}]}
2026-02-28T15:30:13.806+0300	DEBUG	logger/zap_logger.go:71	NewIterator called with seekKey:	{"seekKey": "testdb:public:join_employees:row:", "typ": "ALL"}
2026-02-28T15:30:13.806+0300	DEBUG	logger/zap_logger.go:71	Select result: 	{"result": {"Rows":[[2,"Bob",20],[3,"Charlie",10],[4,"David",30],[1,"Alice",10]],"Columns":[{"Idx":1,"Name":"id","Type":1,"TableIdentifier":"","OriginalTableName":""},{"Idx":2,"Name":"name","Type":0,"TableIdentifier":"","OriginalTableName":""},{"Idx":3,"Name":"department_id","Type":1,"TableIdentifier":"","OriginalTableName":""}]}}
2026-02-28T15:30:13.806+0300	DEBUG	logger/zap_logger.go:71	scan result	{"rows": 4, "cols": 3}
2026-02-28T15:30:13.806+0300	DEBUG	logger/zap_logger.go:71	executing plan node	{"type": "Scan"}
2026-02-28T15:30:13.806+0300	DEBUG	logger/zap_logger.go:71	Table metadata: 	{"meta": {"Name":"join_departments","Columns":{"department_name":{"Type":0,"IsNullable":true,"DefaultValue":null,"IsSerial":false,"IsUnique":false,"Idx":2},"id":{"Type":1,"IsNullable":false,"DefaultValue":null,"IsSerial":false,"IsUnique":false,"Idx":1}},"PrimaryKeys":[1]}}
2026-02-28T15:30:13.806+0300	DEBUG	logger/zap_logger.go:71	Table columns	{"columns": [{"Idx":1,"Name":"id","Type":1,"TableIdentifier":"","OriginalTableName":""},{"Idx":2,"Name":"department_name","Type":0,"TableIdentifier":"","OriginalTableName":""}]}
2026-02-28T15:30:13.806+0300	DEBUG	logger/zap_logger.go:71	Select columns	{"columns": [{"Name":"","IsAll":true}]}
2026-02-28T15:30:13.806+0300	DEBUG	logger/zap_logger.go:71	NewIterator called with seekKey:	{"seekKey": "testdb:public:join_departments:row:", "typ": "ALL"}
2026-02-28T15:30:13.806+0300	DEBUG	logger/zap_logger.go:71	Select result: 	{"result": {"Rows":[[10,"HR"],[20,"Engineering"],[30,"Sales"]],"Columns":[{"Idx":1,"Name":"id","Type":1,"TableIdentifier":"","OriginalTableName":""},{"Idx":2,"Name":"department_name","Type":0,"TableIdentifier":"","OriginalTableName":""}]}}
2026-02-28T15:30:13.806+0300	DEBUG	logger/zap_logger.go:71	scan result	{"rows": 3, "cols": 2}
2026-02-28T15:30:13.806+0300	DEBUG	logger/zap_logger.go:71	performNestedLoopJoin start	{"leftRows": 4, "rightRows": 3, "leftCols": 3, "rightCols": 2}
2026-02-28T15:30:13.806+0300	DEBUG	logger/zap_logger.go:71	Combined column	{"idx": 0, "name": "id", "tableId": "e"}
2026-02-28T15:30:13.806+0300	DEBUG	logger/zap_logger.go:71	Combined column	{"idx": 1, "name": "name", "tableId": "e"}
2026-02-28T15:30:13.806+0300	DEBUG	logger/zap_logger.go:71	Combined column	{"idx": 2, "name": "department_id", "tableId": "e"}
2026-02-28T15:30:13.806+0300	DEBUG	logger/zap_logger.go:71	Combined column	{"idx": 3, "name": "id", "tableId": "d"}
2026-02-28T15:30:13.806+0300	DEBUG	logger/zap_logger.go:71	Combined column	{"idx": 4, "name": "department_name", "tableId": "d"}
2026-02-28T15:30:13.806+0300	DEBUG	logger/zap_logger.go:71	Sample JOIN condition evaluation	{"leftRow": [2,"Bob",20], "rightRow": [10,"HR"], "condition": "e.department_id=d.id"}
2026-02-28T15:30:13.806+0300	DEBUG	logger/zap_logger.go:71	JOIN match found	{"matchNum": 1, "leftRow": [2,"Bob",20], "rightRow": [20,"Engineering"]}
2026-02-28T15:30:13.806+0300	DEBUG	logger/zap_logger.go:71	JOIN match found	{"matchNum": 2, "leftRow": [3,"Charlie",10], "rightRow": [10,"HR"]}
2026-02-28T15:30:13.806+0300	DEBUG	logger/zap_logger.go:71	JOIN match found	{"matchNum": 3, "leftRow": [4,"David",30], "rightRow": [30,"Sales"]}
2026-02-28T15:30:13.806+0300	DEBUG	logger/zap_logger.go:71	performNestedLoopJoin end	{"resultRows": 4, "matches": 4}
2026-02-28T15:30:13.806+0300	DEBUG	logger/zap_logger.go:71	executing plan node	{"type": "Scan"}
2026-02-28T15:30:13.806+0300	DEBUG	logger/zap_logger.go:71	Table metadata: 	{"meta": {"Name":"join_salaries","Columns":{"employee_id":{"Type":1,"IsNullable":false,"DefaultValue":null,"IsSerial":false,"IsUnique":false,"Idx":1},"salary":{"Type":3,"IsNullable":true,"DefaultValue":null,"IsSerial":false,"IsUnique":false,"Idx":2}},"PrimaryKeys":[1]}}
2026-02-28T15:30:13.806+0300	DEBUG	logger/zap_logger.go:71	Table columns	{"columns": [{"Idx":1,"Name":"employee_id","Type":1,"TableIdentifier":"","OriginalTableName":""},{"Idx":2,"Name":"salary","Type":3,"TableIdentifier":"","OriginalTableName":""}]}
2026-02-28T15:30:13.806+0300	DEBUG	logger/zap_logger.go:71	Select columns	{"columns": [{"Name":"","IsAll":true}]}
2026-02-28T15:30:13.806+0300	DEBUG	logger/zap_logger.go:71	NewIterator called with seekKey:	{"seekKey": "testdb:public:join_salaries:row:", "typ": "ALL"}
2026-02-28T15:30:13.806+0300	DEBUG	logger/zap_logger.go:71	Select result: 	{"result": {"Rows":[[4,50000],[1,60000],[2,80000],[3,75000]],"Columns":[{"Idx":1,"Name":"employee_id","Type":1,"TableIdentifier":"","OriginalTableName":""},{"Idx":2,"Name":"salary","Type":3,"TableIdentifier":"","OriginalTableName":""}]}}
2026-02-28T15:30:13.807+0300	DEBUG	logger/zap_logger.go:71	scan result	{"rows": 4, "cols": 2}
2026-02-28T15:30:13.807+0300	DEBUG	logger/zap_logger.go:71	performNestedLoopJoin start	{"leftRows": 4, "rightRows": 4, "leftCols": 5, "rightCols": 2}
2026-02-28T15:30:13.807+0300	DEBUG	logger/zap_logger.go:71	Combined column	{"idx": 0, "name": "id", "tableId": "e"}
2026-02-28T15:30:13.807+0300	DEBUG	logger/zap_logger.go:71	Combined column	{"idx": 1, "name": "name", "tableId": "e"}
2026-02-28T15:30:13.807+0300	DEBUG	logger/zap_logger.go:71	Combined column	{"idx": 2, "name": "department_id", "tableId": "e"}
2026-02-28T15:30:13.807+0300	DEBUG	logger/zap_logger.go:71	Combined column	{"idx": 3, "name": "id", "tableId": "d"}
2026-02-28T15:30:13.807+0300	DEBUG	logger/zap_logger.go:71	Combined column	{"idx": 4, "name": "department_name", "tableId": "d"}
2026-02-28T15:30:13.807+0300	DEBUG	logger/zap_logger.go:71	Combined column	{"idx": 5, "name": "employee_id", "tableId": "s"}
2026-02-28T15:30:13.807+0300	DEBUG	logger/zap_logger.go:71	Combined column	{"idx": 6, "name": "salary", "tableId": "s"}
2026-02-28T15:30:13.807+0300	DEBUG	logger/zap_logger.go:71	Sample JOIN condition evaluation	{"leftRow": [2,"Bob",20,20,"Engineering"], "rightRow": [4,50000], "condition": "e.id=s.employee_id"}
2026-02-28T15:30:13.807+0300	DEBUG	logger/zap_logger.go:71	JOIN match found	{"matchNum": 1, "leftRow": [2,"Bob",20,20,"Engineering"], "rightRow": [2,80000]}
2026-02-28T15:30:13.807+0300	DEBUG	logger/zap_logger.go:71	JOIN match found	{"matchNum": 2, "leftRow": [3,"Charlie",10,10,"HR"], "rightRow": [3,75000]}
2026-02-28T15:30:13.807+0300	DEBUG	logger/zap_logger.go:71	JOIN match found	{"matchNum": 3, "leftRow": [4,"David",30,30,"Sales"], "rightRow": [4,50000]}
2026-02-28T15:30:13.807+0300	DEBUG	logger/zap_logger.go:71	performNestedLoopJoin end	{"resultRows": 4, "matches": 4}
2026-02-28T15:30:13.807+0300	DEBUG	logger/zap_logger.go:71	DEBUG: Sending row:	{"row": ["Bob","Engineering",80000]}
2026-02-28T15:30:13.807+0300	DEBUG	logger/zap_logger.go:71	DEBUG: Sending row:	{"row": ["Charlie","HR",75000]}
2026-02-28T15:30:13.807+0300	DEBUG	logger/zap_logger.go:71	DEBUG: Sending row:	{"row": ["David","Sales",50000]}
2026-02-28T15:30:13.807+0300	DEBUG	logger/zap_logger.go:71	DEBUG: Sending row:	{"row": ["Alice","HR",60000]}
2026-02-28T15:30:50.143+0300	DEBUG	logger/zap_logger.go:96	Query: SELECT e.name, d.department_name, s.salary
FROM join_employees e
INNER JOIN join_departments d ON e.department_id = d.id
INNER JOIN join_salaries s ON e.id = s.employee_id
SELECT e.name, d.department_name, s.salary
FROM join_employees e
INNER JOIN join_departments d ON e.department_id = d.id
INNER JOIN join_salaries s ON e.id = s.employee_id;
2026-02-28T15:30:50.147+0300	DEBUG	logger/zap_logger.go:96	Parsing select item: e.name
2026-02-28T15:30:50.147+0300	DEBUG	logger/zap_logger.go:96	Parsing select item: d.department_name
2026-02-28T15:30:50.147+0300	DEBUG	logger/zap_logger.go:96	Parsing select item: s.salary
2026-02-28T15:30:50.147+0300	DEBUG	logger/zap_logger.go:96	DEBUG: Parsed statement type: SELECT

2026-02-28T15:30:50.147+0300	DEBUG	logger/zap_logger.go:96	Parsed statement: %!(EXTRA zapcore.Field={stmt 23 0  0x140002bb620})
2026-02-28T15:30:50.148+0300	DEBUG	logger/zap_logger.go:96	Executing query plan: %!(EXTRA zapcore.Field={queryPlan 25 0  Project
  Join
    Join
      Scan (join_employees AS e)
      Scan (join_departments AS d)
    Scan (join_salaries AS s)
})
2026-02-28T15:30:50.148+0300	DEBUG	logger/zap_logger.go:71	executing plan node	{"type": "Project"}
2026-02-28T15:30:50.148+0300	DEBUG	logger/zap_logger.go:71	executing plan node	{"type": "Join"}
2026-02-28T15:30:50.148+0300	DEBUG	logger/zap_logger.go:71	executing plan node	{"type": "Join"}
2026-02-28T15:30:50.148+0300	DEBUG	logger/zap_logger.go:71	executing plan node	{"type": "Scan"}
2026-02-28T15:30:50.148+0300	DEBUG	logger/zap_logger.go:71	Table metadata: 	{"meta": {"Name":"join_employees","Columns":{"department_id":{"Type":1,"IsNullable":true,"DefaultValue":null,"IsSerial":false,"IsUnique":false,"Idx":3},"id":{"Type":1,"IsNullable":false,"DefaultValue":null,"IsSerial":false,"IsUnique":false,"Idx":1},"name":{"Type":0,"IsNullable":true,"DefaultValue":null,"IsSerial":false,"IsUnique":false,"Idx":2}},"PrimaryKeys":[1]}}
2026-02-28T15:30:50.148+0300	DEBUG	logger/zap_logger.go:71	Table columns	{"columns": [{"Idx":1,"Name":"id","Type":1,"TableIdentifier":"","OriginalTableName":""},{"Idx":2,"Name":"name","Type":0,"TableIdentifier":"","OriginalTableName":""},{"Idx":3,"Name":"department_id","Type":1,"TableIdentifier":"","OriginalTableName":""}]}
2026-02-28T15:30:50.148+0300	DEBUG	logger/zap_logger.go:71	Select columns	{"columns": [{"Name":"","IsAll":true}]}
2026-02-28T15:30:50.148+0300	DEBUG	logger/zap_logger.go:71	NewIterator called with seekKey:	{"seekKey": "testdb:public:join_employees:row:", "typ": "ALL"}
2026-02-28T15:30:50.148+0300	DEBUG	logger/zap_logger.go:71	Select result: 	{"result": {"Rows":[[3,"Charlie",10],[4,"David",30],[1,"Alice",10],[2,"Bob",20]],"Columns":[{"Idx":1,"Name":"id","Type":1,"TableIdentifier":"","OriginalTableName":""},{"Idx":2,"Name":"name","Type":0,"TableIdentifier":"","OriginalTableName":""},{"Idx":3,"Name":"department_id","Type":1,"TableIdentifier":"","OriginalTableName":""}]}}
2026-02-28T15:30:50.148+0300	DEBUG	logger/zap_logger.go:71	scan result	{"rows": 4, "cols": 3}
2026-02-28T15:30:50.148+0300	DEBUG	logger/zap_logger.go:71	executing plan node	{"type": "Scan"}
2026-02-28T15:30:50.148+0300	DEBUG	logger/zap_logger.go:71	Table metadata: 	{"meta": {"Name":"join_departments","Columns":{"department_name":{"Type":0,"IsNullable":true,"DefaultValue":null,"IsSerial":false,"IsUnique":false,"Idx":2},"id":{"Type":1,"IsNullable":false,"DefaultValue":null,"IsSerial":false,"IsUnique":false,"Idx":1}},"PrimaryKeys":[1]}}
2026-02-28T15:30:50.148+0300	DEBUG	logger/zap_logger.go:71	Table columns	{"columns": [{"Idx":1,"Name":"id","Type":1,"TableIdentifier":"","OriginalTableName":""},{"Idx":2,"Name":"department_name","Type":0,"TableIdentifier":"","OriginalTableName":""}]}
2026-02-28T15:30:50.148+0300	DEBUG	logger/zap_logger.go:71	Select columns	{"columns": [{"Name":"","IsAll":true}]}
2026-02-28T15:30:50.148+0300	DEBUG	logger/zap_logger.go:71	NewIterator called with seekKey:	{"seekKey": "testdb:public:join_departments:row:", "typ": "ALL"}
2026-02-28T15:30:50.148+0300	DEBUG	logger/zap_logger.go:71	Select result: 	{"result": {"Rows":[[10,"HR"],[20,"Engineering"],[30,"Sales"]],"Columns":[{"Idx":1,"Name":"id","Type":1,"TableIdentifier":"","OriginalTableName":""},{"Idx":2,"Name":"department_name","Type":0,"TableIdentifier":"","OriginalTableName":""}]}}
2026-02-28T15:30:50.148+0300	DEBUG	logger/zap_logger.go:71	scan result	{"rows": 3, "cols": 2}
2026-02-28T15:30:50.148+0300	DEBUG	logger/zap_logger.go:71	performNestedLoopJoin start	{"leftRows": 4, "rightRows": 3, "leftCols": 3, "rightCols": 2}
2026-02-28T15:30:50.148+0300	DEBUG	logger/zap_logger.go:71	Combined column	{"idx": 0, "name": "id", "tableId": "e"}
2026-02-28T15:30:50.148+0300	DEBUG	logger/zap_logger.go:71	Combined column	{"idx": 1, "name": "name", "tableId": "e"}
2026-02-28T15:30:50.148+0300	DEBUG	logger/zap_logger.go:71	Combined column	{"idx": 2, "name": "department_id", "tableId": "e"}
2026-02-28T15:30:50.148+0300	DEBUG	logger/zap_logger.go:71	Combined column	{"idx": 3, "name": "id", "tableId": "d"}
2026-02-28T15:30:50.148+0300	DEBUG	logger/zap_logger.go:71	Combined column	{"idx": 4, "name": "department_name", "tableId": "d"}
2026-02-28T15:30:50.148+0300	DEBUG	logger/zap_logger.go:71	Sample JOIN condition evaluation	{"leftRow": [3,"Charlie",10], "rightRow": [10,"HR"], "condition": "e.department_id=d.id"}
2026-02-28T15:30:50.149+0300	DEBUG	logger/zap_logger.go:71	JOIN match found	{"matchNum": 1, "leftRow": [3,"Charlie",10], "rightRow": [10,"HR"]}
2026-02-28T15:30:50.149+0300	DEBUG	logger/zap_logger.go:71	JOIN match found	{"matchNum": 2, "leftRow": [4,"David",30], "rightRow": [30,"Sales"]}
2026-02-28T15:30:50.149+0300	DEBUG	logger/zap_logger.go:71	JOIN match found	{"matchNum": 3, "leftRow": [1,"Alice",10], "rightRow": [10,"HR"]}
2026-02-28T15:30:50.149+0300	DEBUG	logger/zap_logger.go:71	performNestedLoopJoin end	{"resultRows": 4, "matches": 4}
2026-02-28T15:30:50.149+0300	DEBUG	logger/zap_logger.go:71	executing plan node	{"type": "Scan"}
2026-02-28T15:30:50.149+0300	DEBUG	logger/zap_logger.go:71	Table metadata: 	{"meta": {"Name":"join_salaries","Columns":{"employee_id":{"Type":1,"IsNullable":false,"DefaultValue":null,"IsSerial":false,"IsUnique":false,"Idx":1},"salary":{"Type":3,"IsNullable":true,"DefaultValue":null,"IsSerial":false,"IsUnique":false,"Idx":2}},"PrimaryKeys":[1]}}
2026-02-28T15:30:50.149+0300	DEBUG	logger/zap_logger.go:71	Table columns	{"columns": [{"Idx":1,"Name":"employee_id","Type":1,"TableIdentifier":"","OriginalTableName":""},{"Idx":2,"Name":"salary","Type":3,"TableIdentifier":"","OriginalTableName":""}]}
2026-02-28T15:30:50.149+0300	DEBUG	logger/zap_logger.go:71	Select columns	{"columns": [{"Name":"","IsAll":true}]}
2026-02-28T15:30:50.149+0300	DEBUG	logger/zap_logger.go:71	NewIterator called with seekKey:	{"seekKey": "testdb:public:join_salaries:row:", "typ": "ALL"}
2026-02-28T15:30:50.149+0300	DEBUG	logger/zap_logger.go:71	Select result: 	{"result": {"Rows":[[1,60000],[2,80000],[3,75000],[4,50000]],"Columns":[{"Idx":1,"Name":"employee_id","Type":1,"TableIdentifier":"","OriginalTableName":""},{"Idx":2,"Name":"salary","Type":3,"TableIdentifier":"","OriginalTableName":""}]}}
2026-02-28T15:30:50.149+0300	DEBUG	logger/zap_logger.go:71	scan result	{"rows": 4, "cols": 2}
2026-02-28T15:30:50.149+0300	DEBUG	logger/zap_logger.go:71	performNestedLoopJoin start	{"leftRows": 4, "rightRows": 4, "leftCols": 5, "rightCols": 2}
2026-02-28T15:30:50.149+0300	DEBUG	logger/zap_logger.go:71	Combined column	{"idx": 0, "name": "id", "tableId": "e"}
2026-02-28T15:30:50.149+0300	DEBUG	logger/zap_logger.go:71	Combined column	{"idx": 1, "name": "name", "tableId": "e"}
2026-02-28T15:30:50.149+0300	DEBUG	logger/zap_logger.go:71	Combined column	{"idx": 2, "name": "department_id", "tableId": "e"}
2026-02-28T15:30:50.149+0300	DEBUG	logger/zap_logger.go:71	Combined column	{"idx": 3, "name": "id", "tableId": "d"}
2026-02-28T15:30:50.149+0300	DEBUG	logger/zap_logger.go:71	Combined column	{"idx": 4, "name": "department_name", "tableId": "d"}
2026-02-28T15:30:50.149+0300	DEBUG	logger/zap_logger.go:71	Combined column	{"idx": 5, "name": "employee_id", "tableId": "s"}
2026-02-28T15:30:50.149+0300	DEBUG	logger/zap_logger.go:71	Combined column	{"idx": 6, "name": "salary", "tableId": "s"}
2026-02-28T15:30:50.149+0300	DEBUG	logger/zap_logger.go:71	Sample JOIN condition evaluation	{"leftRow": [3,"Charlie",10,10,"HR"], "rightRow": [1,60000], "condition": "e.id=s.employee_id"}
2026-02-28T15:30:50.149+0300	DEBUG	logger/zap_logger.go:71	JOIN match found	{"matchNum": 1, "leftRow": [3,"Charlie",10,10,"HR"], "rightRow": [3,75000]}
2026-02-28T15:30:50.149+0300	DEBUG	logger/zap_logger.go:71	JOIN match found	{"matchNum": 2, "leftRow": [4,"David",30,30,"Sales"], "rightRow": [4,50000]}
2026-02-28T15:30:50.149+0300	DEBUG	logger/zap_logger.go:71	JOIN match found	{"matchNum": 3, "leftRow": [1,"Alice",10,10,"HR"], "rightRow": [1,60000]}
2026-02-28T15:30:50.149+0300	DEBUG	logger/zap_logger.go:71	performNestedLoopJoin end	{"resultRows": 4, "matches": 4}
2026-02-28T15:30:50.149+0300	DEBUG	logger/zap_logger.go:71	DEBUG: Sending row:	{"row": ["Charlie","HR",75000]}
2026-02-28T15:30:50.149+0300	DEBUG	logger/zap_logger.go:71	DEBUG: Sending row:	{"row": ["David","Sales",50000]}
2026-02-28T15:30:50.149+0300	DEBUG	logger/zap_logger.go:71	DEBUG: Sending row:	{"row": ["Alice","HR",60000]}
2026-02-28T15:30:50.149+0300	DEBUG	logger/zap_logger.go:71	DEBUG: Sending row:	{"row": ["Bob","Engineering",80000]}
2026-02-28T15:30:50.150+0300	DEBUG	logger/zap_logger.go:96	Query: ;
2026-02-28T15:30:56.745+0300	DEBUG	logger/zap_logger.go:96	Query: SELECT e.name, d.department_name, s.salary
FROM join_employees e
INNER JOIN join_departments d ON e.department_id = d.id
INNER JOIN join_salaries s ON e.id = s.employee_id
SELECT e.name, d.department_name, s.salary
FROM join_employees e
INNER JOIN join_departments d ON e.department_id = d.id
INNER JOIN join_salaries s ON e.id = s.employee_id;
2026-02-28T15:30:56.746+0300	DEBUG	logger/zap_logger.go:96	Parsing select item: e.name
2026-02-28T15:30:56.746+0300	DEBUG	logger/zap_logger.go:96	Parsing select item: d.department_name
2026-02-28T15:30:56.746+0300	DEBUG	logger/zap_logger.go:96	Parsing select item: s.salary
2026-02-28T15:30:56.746+0300	DEBUG	logger/zap_logger.go:96	DEBUG: Parsed statement type: SELECT

2026-02-28T15:30:56.747+0300	DEBUG	logger/zap_logger.go:96	Parsed statement: %!(EXTRA zapcore.Field={stmt 23 0  0x14000532310})
2026-02-28T15:30:56.747+0300	DEBUG	logger/zap_logger.go:96	Executing query plan: %!(EXTRA zapcore.Field={queryPlan 25 0  Project
  Join
    Join
      Scan (join_employees AS e)
      Scan (join_departments AS d)
    Scan (join_salaries AS s)
})
2026-02-28T15:30:56.747+0300	DEBUG	logger/zap_logger.go:71	executing plan node	{"type": "Project"}
2026-02-28T15:30:56.747+0300	DEBUG	logger/zap_logger.go:71	executing plan node	{"type": "Join"}
2026-02-28T15:30:56.747+0300	DEBUG	logger/zap_logger.go:71	executing plan node	{"type": "Join"}
2026-02-28T15:30:56.747+0300	DEBUG	logger/zap_logger.go:71	executing plan node	{"type": "Scan"}
2026-02-28T15:30:56.747+0300	DEBUG	logger/zap_logger.go:71	Table metadata: 	{"meta": {"Name":"join_employees","Columns":{"department_id":{"Type":1,"IsNullable":true,"DefaultValue":null,"IsSerial":false,"IsUnique":false,"Idx":3},"id":{"Type":1,"IsNullable":false,"DefaultValue":null,"IsSerial":false,"IsUnique":false,"Idx":1},"name":{"Type":0,"IsNullable":true,"DefaultValue":null,"IsSerial":false,"IsUnique":false,"Idx":2}},"PrimaryKeys":[1]}}
2026-02-28T15:30:56.747+0300	DEBUG	logger/zap_logger.go:71	Table columns	{"columns": [{"Idx":1,"Name":"id","Type":1,"TableIdentifier":"","OriginalTableName":""},{"Idx":2,"Name":"name","Type":0,"TableIdentifier":"","OriginalTableName":""},{"Idx":3,"Name":"department_id","Type":1,"TableIdentifier":"","OriginalTableName":""}]}
2026-02-28T15:30:56.747+0300	DEBUG	logger/zap_logger.go:71	Select columns	{"columns": [{"Name":"","IsAll":true}]}
2026-02-28T15:30:56.747+0300	DEBUG	logger/zap_logger.go:71	NewIterator called with seekKey:	{"seekKey": "testdb:public:join_employees:row:", "typ": "ALL"}
2026-02-28T15:30:56.747+0300	DEBUG	logger/zap_logger.go:71	Select result: 	{"result": {"Rows":[[1,"Alice",10],[2,"Bob",20],[3,"Charlie",10],[4,"David",30]],"Columns":[{"Idx":1,"Name":"id","Type":1,"TableIdentifier":"","OriginalTableName":""},{"Idx":2,"Name":"name","Type":0,"TableIdentifier":"","OriginalTableName":""},{"Idx":3,"Name":"department_id","Type":1,"TableIdentifier":"","OriginalTableName":""}]}}
2026-02-28T15:30:56.747+0300	DEBUG	logger/zap_logger.go:71	scan result	{"rows": 4, "cols": 3}
2026-02-28T15:30:56.747+0300	DEBUG	logger/zap_logger.go:71	executing plan node	{"type": "Scan"}
2026-02-28T15:30:56.747+0300	DEBUG	logger/zap_logger.go:71	Table metadata: 	{"meta": {"Name":"join_departments","Columns":{"department_name":{"Type":0,"IsNullable":true,"DefaultValue":null,"IsSerial":false,"IsUnique":false,"Idx":2},"id":{"Type":1,"IsNullable":false,"DefaultValue":null,"IsSerial":false,"IsUnique":false,"Idx":1}},"PrimaryKeys":[1]}}
2026-02-28T15:30:56.747+0300	DEBUG	logger/zap_logger.go:71	Table columns	{"columns": [{"Idx":1,"Name":"id","Type":1,"TableIdentifier":"","OriginalTableName":""},{"Idx":2,"Name":"department_name","Type":0,"TableIdentifier":"","OriginalTableName":""}]}
2026-02-28T15:30:56.747+0300	DEBUG	logger/zap_logger.go:71	Select columns	{"columns": [{"Name":"","IsAll":true}]}
2026-02-28T15:30:56.747+0300	DEBUG	logger/zap_logger.go:71	NewIterator called with seekKey:	{"seekKey": "testdb:public:join_departments:row:", "typ": "ALL"}
2026-02-28T15:30:56.747+0300	DEBUG	logger/zap_logger.go:71	Select result: 	{"result": {"Rows":[[20,"Engineering"],[30,"Sales"],[10,"HR"]],"Columns":[{"Idx":1,"Name":"id","Type":1,"TableIdentifier":"","OriginalTableName":""},{"Idx":2,"Name":"department_name","Type":0,"TableIdentifier":"","OriginalTableName":""}]}}
2026-02-28T15:30:56.747+0300	DEBUG	logger/zap_logger.go:71	scan result	{"rows": 3, "cols": 2}
2026-02-28T15:30:56.747+0300	DEBUG	logger/zap_logger.go:71	performNestedLoopJoin start	{"leftRows": 4, "rightRows": 3, "leftCols": 3, "rightCols": 2}
2026-02-28T15:30:56.747+0300	DEBUG	logger/zap_logger.go:71	Combined column	{"idx": 0, "name": "id", "tableId": "e"}
2026-02-28T15:30:56.747+0300	DEBUG	logger/zap_logger.go:71	Combined column	{"idx": 1, "name": "name", "tableId": "e"}
2026-02-28T15:30:56.747+0300	DEBUG	logger/zap_logger.go:71	Combined column	{"idx": 2, "name": "department_id", "tableId": "e"}
2026-02-28T15:30:56.747+0300	DEBUG	logger/zap_logger.go:71	Combined column	{"idx": 3, "name": "id", "tableId": "d"}
2026-02-28T15:30:56.747+0300	DEBUG	logger/zap_logger.go:71	Combined column	{"idx": 4, "name": "department_name", "tableId": "d"}
2026-02-28T15:30:56.747+0300	DEBUG	logger/zap_logger.go:71	Sample JOIN condition evaluation	{"leftRow": [1,"Alice",10], "rightRow": [20,"Engineering"], "condition": "e.department_id=d.id"}
2026-02-28T15:30:56.747+0300	DEBUG	logger/zap_logger.go:71	JOIN match found	{"matchNum": 1, "leftRow": [1,"Alice",10], "rightRow": [10,"HR"]}
2026-02-28T15:30:56.747+0300	DEBUG	logger/zap_logger.go:71	JOIN match found	{"matchNum": 2, "leftRow": [2,"Bob",20], "rightRow": [20,"Engineering"]}
2026-02-28T15:30:56.747+0300	DEBUG	logger/zap_logger.go:71	JOIN match found	{"matchNum": 3, "leftRow": [3,"Charlie",10], "rightRow": [10,"HR"]}
2026-02-28T15:30:56.748+0300	DEBUG	logger/zap_logger.go:71	performNestedLoopJoin end	{"resultRows": 4, "matches": 4}
2026-02-28T15:30:56.748+0300	DEBUG	logger/zap_logger.go:71	executing plan node	{"type": "Scan"}
2026-02-28T15:30:56.748+0300	DEBUG	logger/zap_logger.go:71	Table metadata: 	{"meta": {"Name":"join_salaries","Columns":{"employee_id":{"Type":1,"IsNullable":false,"DefaultValue":null,"IsSerial":false,"IsUnique":false,"Idx":1},"salary":{"Type":3,"IsNullable":true,"DefaultValue":null,"IsSerial":false,"IsUnique":false,"Idx":2}},"PrimaryKeys":[1]}}
2026-02-28T15:30:56.748+0300	DEBUG	logger/zap_logger.go:71	Table columns	{"columns": [{"Idx":1,"Name":"employee_id","Type":1,"TableIdentifier":"","OriginalTableName":""},{"Idx":2,"Name":"salary","Type":3,"TableIdentifier":"","OriginalTableName":""}]}
2026-02-28T15:30:56.748+0300	DEBUG	logger/zap_logger.go:71	Select columns	{"columns": [{"Name":"","IsAll":true}]}
2026-02-28T15:30:56.748+0300	DEBUG	logger/zap_logger.go:71	NewIterator called with seekKey:	{"seekKey": "testdb:public:join_salaries:row:", "typ": "ALL"}
2026-02-28T15:30:56.748+0300	DEBUG	logger/zap_logger.go:71	Select result: 	{"result": {"Rows":[[3,75000],[4,50000],[1,60000],[2,80000]],"Columns":[{"Idx":1,"Name":"employee_id","Type":1,"TableIdentifier":"","OriginalTableName":""},{"Idx":2,"Name":"salary","Type":3,"TableIdentifier":"","OriginalTableName":""}]}}
2026-02-28T15:30:56.748+0300	DEBUG	logger/zap_logger.go:71	scan result	{"rows": 4, "cols": 2}
2026-02-28T15:30:56.748+0300	DEBUG	logger/zap_logger.go:71	performNestedLoopJoin start	{"leftRows": 4, "rightRows": 4, "leftCols": 5, "rightCols": 2}
2026-02-28T15:30:56.748+0300	DEBUG	logger/zap_logger.go:71	Combined column	{"idx": 0, "name": "id", "tableId": "e"}
2026-02-28T15:30:56.748+0300	DEBUG	logger/zap_logger.go:71	Combined column	{"idx": 1, "name": "name", "tableId": "e"}
2026-02-28T15:30:56.748+0300	DEBUG	logger/zap_logger.go:71	Combined column	{"idx": 2, "name": "department_id", "tableId": "e"}
2026-02-28T15:30:56.748+0300	DEBUG	logger/zap_logger.go:71	Combined column	{"idx": 3, "name": "id", "tableId": "d"}
2026-02-28T15:30:56.748+0300	DEBUG	logger/zap_logger.go:71	Combined column	{"idx": 4, "name": "department_name", "tableId": "d"}
2026-02-28T15:30:56.748+0300	DEBUG	logger/zap_logger.go:71	Combined column	{"idx": 5, "name": "employee_id", "tableId": "s"}
2026-02-28T15:30:56.748+0300	DEBUG	logger/zap_logger.go:71	Combined column	{"idx": 6, "name": "salary", "tableId": "s"}
2026-02-28T15:30:56.748+0300	DEBUG	logger/zap_logger.go:71	Sample JOIN condition evaluation	{"leftRow": [1,"Alice",10,10,"HR"], "rightRow": [3,75000], "condition": "e.id=s.employee_id"}
2026-02-28T15:30:56.748+0300	DEBUG	logger/zap_logger.go:71	JOIN match found	{"matchNum": 1, "leftRow": [1,"Alice",10,10,"HR"], "rightRow": [1,60000]}
2026-02-28T15:30:56.748+0300	DEBUG	logger/zap_logger.go:71	JOIN match found	{"matchNum": 2, "leftRow": [2,"Bob",20,20,"Engineering"], "rightRow": [2,80000]}
2026-02-28T15:30:56.748+0300	DEBUG	logger/zap_logger.go:71	JOIN match found	{"matchNum": 3, "leftRow": [3,"Charlie",10,10,"HR"], "rightRow": [3,75000]}
2026-02-28T15:30:56.748+0300	DEBUG	logger/zap_logger.go:71	performNestedLoopJoin end	{"resultRows": 4, "matches": 4}
2026-02-28T15:30:56.748+0300	DEBUG	logger/zap_logger.go:71	DEBUG: Sending row:	{"row": ["Alice","HR",60000]}
2026-02-28T15:30:56.748+0300	DEBUG	logger/zap_logger.go:71	DEBUG: Sending row:	{"row": ["Bob","Engineering",80000]}
2026-02-28T15:30:56.748+0300	DEBUG	logger/zap_logger.go:71	DEBUG: Sending row:	{"row": ["Charlie","HR",75000]}
2026-02-28T15:30:56.748+0300	DEBUG	logger/zap_logger.go:71	DEBUG: Sending row:	{"row": ["David","Sales",50000]}
2026-02-28T15:30:56.749+0300	DEBUG	logger/zap_logger.go:96	Query: ;
2026-02-28T15:31:07.394+0300	DEBUG	logger/zap_logger.go:96	Query: SELECT e.name, d.department_name, s.salary, l.location
				FROM join_employees e
				INNER JOIN join_departments d ON e.department_id = d.id
				INNER JOIN join_salaries s ON e.id = s.employee_id
				INNER JOIN join_locations l ON d.id = l.department_id
;
2026-02-28T15:31:07.396+0300	DEBUG	logger/zap_logger.go:96	Parsing select item: e.name
2026-02-28T15:31:07.396+0300	DEBUG	logger/zap_logger.go:96	Parsing select item: d.department_name
2026-02-28T15:31:07.396+0300	DEBUG	logger/zap_logger.go:96	Parsing select item: s.salary
2026-02-28T15:31:07.396+0300	DEBUG	logger/zap_logger.go:96	Parsing select item: l.location
2026-02-28T15:31:07.396+0300	DEBUG	logger/zap_logger.go:96	DEBUG: Parsed statement type: SELECT

2026-02-28T15:31:07.397+0300	DEBUG	logger/zap_logger.go:96	Parsed statement: %!(EXTRA zapcore.Field={stmt 23 0  0x14000492b80})
2026-02-28T15:31:07.397+0300	DEBUG	logger/zap_logger.go:96	Executing query plan: %!(EXTRA zapcore.Field={queryPlan 25 0  Project
  Join
    Join
      Join
        Scan (join_employees AS e)
        Scan (join_departments AS d)
      Scan (join_salaries AS s)
    Scan (join_locations AS l)
})
2026-02-28T15:31:07.397+0300	DEBUG	logger/zap_logger.go:71	executing plan node	{"type": "Project"}
2026-02-28T15:31:07.397+0300	DEBUG	logger/zap_logger.go:71	executing plan node	{"type": "Join"}
2026-02-28T15:31:07.397+0300	DEBUG	logger/zap_logger.go:71	executing plan node	{"type": "Join"}
2026-02-28T15:31:07.397+0300	DEBUG	logger/zap_logger.go:71	executing plan node	{"type": "Join"}
2026-02-28T15:31:07.397+0300	DEBUG	logger/zap_logger.go:71	executing plan node	{"type": "Scan"}
2026-02-28T15:31:07.397+0300	DEBUG	logger/zap_logger.go:71	Table metadata: 	{"meta": {"Name":"join_employees","Columns":{"department_id":{"Type":1,"IsNullable":true,"DefaultValue":null,"IsSerial":false,"IsUnique":false,"Idx":3},"id":{"Type":1,"IsNullable":false,"DefaultValue":null,"IsSerial":false,"IsUnique":false,"Idx":1},"name":{"Type":0,"IsNullable":true,"DefaultValue":null,"IsSerial":false,"IsUnique":false,"Idx":2}},"PrimaryKeys":[1]}}
2026-02-28T15:31:07.397+0300	DEBUG	logger/zap_logger.go:71	Table columns	{"columns": [{"Idx":1,"Name":"id","Type":1,"TableIdentifier":"","OriginalTableName":""},{"Idx":2,"Name":"name","Type":0,"TableIdentifier":"","OriginalTableName":""},{"Idx":3,"Name":"department_id","Type":1,"TableIdentifier":"","OriginalTableName":""}]}
2026-02-28T15:31:07.397+0300	DEBUG	logger/zap_logger.go:71	Select columns	{"columns": [{"Name":"","IsAll":true}]}
2026-02-28T15:31:07.397+0300	DEBUG	logger/zap_logger.go:71	NewIterator called with seekKey:	{"seekKey": "testdb:public:join_employees:row:", "typ": "ALL"}
2026-02-28T15:31:07.397+0300	DEBUG	logger/zap_logger.go:71	Select result: 	{"result": {"Rows":[[1,"Alice",10],[2,"Bob",20],[3,"Charlie",10],[4,"David",30]],"Columns":[{"Idx":1,"Name":"id","Type":1,"TableIdentifier":"","OriginalTableName":""},{"Idx":2,"Name":"name","Type":0,"TableIdentifier":"","OriginalTableName":""},{"Idx":3,"Name":"department_id","Type":1,"TableIdentifier":"","OriginalTableName":""}]}}
2026-02-28T15:31:07.397+0300	DEBUG	logger/zap_logger.go:71	scan result	{"rows": 4, "cols": 3}
2026-02-28T15:31:07.397+0300	DEBUG	logger/zap_logger.go:71	executing plan node	{"type": "Scan"}
2026-02-28T15:31:07.397+0300	DEBUG	logger/zap_logger.go:71	Table metadata: 	{"meta": {"Name":"join_departments","Columns":{"department_name":{"Type":0,"IsNullable":true,"DefaultValue":null,"IsSerial":false,"IsUnique":false,"Idx":2},"id":{"Type":1,"IsNullable":false,"DefaultValue":null,"IsSerial":false,"IsUnique":false,"Idx":1}},"PrimaryKeys":[1]}}
2026-02-28T15:31:07.397+0300	DEBUG	logger/zap_logger.go:71	Table columns	{"columns": [{"Idx":1,"Name":"id","Type":1,"TableIdentifier":"","OriginalTableName":""},{"Idx":2,"Name":"department_name","Type":0,"TableIdentifier":"","OriginalTableName":""}]}
2026-02-28T15:31:07.397+0300	DEBUG	logger/zap_logger.go:71	Select columns	{"columns": [{"Name":"","IsAll":true}]}
2026-02-28T15:31:07.397+0300	DEBUG	logger/zap_logger.go:71	NewIterator called with seekKey:	{"seekKey": "testdb:public:join_departments:row:", "typ": "ALL"}
2026-02-28T15:31:07.397+0300	DEBUG	logger/zap_logger.go:71	Select result: 	{"result": {"Rows":[[30,"Sales"],[10,"HR"],[20,"Engineering"]],"Columns":[{"Idx":1,"Name":"id","Type":1,"TableIdentifier":"","OriginalTableName":""},{"Idx":2,"Name":"department_name","Type":0,"TableIdentifier":"","OriginalTableName":""}]}}
2026-02-28T15:31:07.397+0300	DEBUG	logger/zap_logger.go:71	scan result	{"rows": 3, "cols": 2}
2026-02-28T15:31:07.397+0300	DEBUG	logger/zap_logger.go:71	performNestedLoopJoin start	{"leftRows": 4, "rightRows": 3, "leftCols": 3, "rightCols": 2}
2026-02-28T15:31:07.397+0300	DEBUG	logger/zap_logger.go:71	Combined column	{"idx": 0, "name": "id", "tableId": "e"}
2026-02-28T15:31:07.397+0300	DEBUG	logger/zap_logger.go:71	Combined column	{"idx": 1, "name": "name", "tableId": "e"}
2026-02-28T15:31:07.397+0300	DEBUG	logger/zap_logger.go:71	Combined column	{"idx": 2, "name": "department_id", "tableId": "e"}
2026-02-28T15:31:07.397+0300	DEBUG	logger/zap_logger.go:71	Combined column	{"idx": 3, "name": "id", "tableId": "d"}
2026-02-28T15:31:07.397+0300	DEBUG	logger/zap_logger.go:71	Combined column	{"idx": 4, "name": "department_name", "tableId": "d"}
2026-02-28T15:31:07.398+0300	DEBUG	logger/zap_logger.go:71	Sample JOIN condition evaluation	{"leftRow": [1,"Alice",10], "rightRow": [30,"Sales"], "condition": "e.department_id=d.id"}
2026-02-28T15:31:07.398+0300	DEBUG	logger/zap_logger.go:71	JOIN match found	{"matchNum": 1, "leftRow": [1,"Alice",10], "rightRow": [10,"HR"]}
2026-02-28T15:31:07.398+0300	DEBUG	logger/zap_logger.go:71	JOIN match found	{"matchNum": 2, "leftRow": [2,"Bob",20], "rightRow": [20,"Engineering"]}
2026-02-28T15:31:07.398+0300	DEBUG	logger/zap_logger.go:71	JOIN match found	{"matchNum": 3, "leftRow": [3,"Charlie",10], "rightRow": [10,"HR"]}
2026-02-28T15:31:07.398+0300	DEBUG	logger/zap_logger.go:71	performNestedLoopJoin end	{"resultRows": 4, "matches": 4}
2026-02-28T15:31:07.398+0300	DEBUG	logger/zap_logger.go:71	executing plan node	{"type": "Scan"}
2026-02-28T15:31:07.398+0300	DEBUG	logger/zap_logger.go:71	Table metadata: 	{"meta": {"Name":"join_salaries","Columns":{"employee_id":{"Type":1,"IsNullable":false,"DefaultValue":null,"IsSerial":false,"IsUnique":false,"Idx":1},"salary":{"Type":3,"IsNullable":true,"DefaultValue":null,"IsSerial":false,"IsUnique":false,"Idx":2}},"PrimaryKeys":[1]}}
2026-02-28T15:31:07.398+0300	DEBUG	logger/zap_logger.go:71	Table columns	{"columns": [{"Idx":1,"Name":"employee_id","Type":1,"TableIdentifier":"","OriginalTableName":""},{"Idx":2,"Name":"salary","Type":3,"TableIdentifier":"","OriginalTableName":""}]}
2026-02-28T15:31:07.398+0300	DEBUG	logger/zap_logger.go:71	Select columns	{"columns": [{"Name":"","IsAll":true}]}
2026-02-28T15:31:07.398+0300	DEBUG	logger/zap_logger.go:71	NewIterator called with seekKey:	{"seekKey": "testdb:public:join_salaries:row:", "typ": "ALL"}
2026-02-28T15:31:07.398+0300	DEBUG	logger/zap_logger.go:71	Select result: 	{"result": {"Rows":[[1,60000],[2,80000],[3,75000],[4,50000]],"Columns":[{"Idx":1,"Name":"employee_id","Type":1,"TableIdentifier":"","OriginalTableName":""},{"Idx":2,"Name":"salary","Type":3,"TableIdentifier":"","OriginalTableName":""}]}}
2026-02-28T15:31:07.398+0300	DEBUG	logger/zap_logger.go:71	scan result	{"rows": 4, "cols": 2}
2026-02-28T15:31:07.398+0300	DEBUG	logger/zap_logger.go:71	performNestedLoopJoin start	{"leftRows": 4, "rightRows": 4, "leftCols": 5, "rightCols": 2}
2026-02-28T15:31:07.398+0300	DEBUG	logger/zap_logger.go:71	Combined column	{"idx": 0, "name": "id", "tableId": "e"}
2026-02-28T15:31:07.398+0300	DEBUG	logger/zap_logger.go:71	Combined column	{"idx": 1, "name": "name", "tableId": "e"}
2026-02-28T15:31:07.398+0300	DEBUG	logger/zap_logger.go:71	Combined column	{"idx": 2, "name": "department_id", "tableId": "e"}
2026-02-28T15:31:07.398+0300	DEBUG	logger/zap_logger.go:71	Combined column	{"idx": 3, "name": "id", "tableId": "d"}
2026-02-28T15:31:07.398+0300	DEBUG	logger/zap_logger.go:71	Combined column	{"idx": 4, "name": "department_name", "tableId": "d"}
2026-02-28T15:31:07.398+0300	DEBUG	logger/zap_logger.go:71	Combined column	{"idx": 5, "name": "employee_id", "tableId": "s"}
2026-02-28T15:31:07.398+0300	DEBUG	logger/zap_logger.go:71	Combined column	{"idx": 6, "name": "salary", "tableId": "s"}
2026-02-28T15:31:07.398+0300	DEBUG	logger/zap_logger.go:71	Sample JOIN condition evaluation	{"leftRow": [1,"Alice",10,10,"HR"], "rightRow": [1,60000], "condition": "e.id=s.employee_id"}
2026-02-28T15:31:07.398+0300	DEBUG	logger/zap_logger.go:71	JOIN match found	{"matchNum": 1, "leftRow": [1,"Alice",10,10,"HR"], "rightRow": [1,60000]}
2026-02-28T15:31:07.398+0300	DEBUG	logger/zap_logger.go:71	JOIN match found	{"matchNum": 2, "leftRow": [2,"Bob",20,20,"Engineering"], "rightRow": [2,80000]}
2026-02-28T15:31:07.398+0300	DEBUG	logger/zap_logger.go:71	JOIN match found	{"matchNum": 3, "leftRow": [3,"Charlie",10,10,"HR"], "rightRow": [3,75000]}
2026-02-28T15:31:07.398+0300	DEBUG	logger/zap_logger.go:71	performNestedLoopJoin end	{"resultRows": 4, "matches": 4}
2026-02-28T15:31:07.398+0300	DEBUG	logger/zap_logger.go:71	executing plan node	{"type": "Scan"}
2026-02-28T15:31:07.398+0300	DEBUG	logger/zap_logger.go:71	Table metadata: 	{"meta": {"Name":"join_locations","Columns":{"department_id":{"Type":1,"IsNullable":false,"DefaultValue":null,"IsSerial":false,"IsUnique":false,"Idx":1},"location":{"Type":0,"IsNullable":true,"DefaultValue":null,"IsSerial":false,"IsUnique":false,"Idx":2}},"PrimaryKeys":[1]}}
2026-02-28T15:31:07.398+0300	DEBUG	logger/zap_logger.go:71	Table columns	{"columns": [{"Idx":1,"Name":"department_id","Type":1,"TableIdentifier":"","OriginalTableName":""},{"Idx":2,"Name":"location","Type":0,"TableIdentifier":"","OriginalTableName":""}]}
2026-02-28T15:31:07.398+0300	DEBUG	logger/zap_logger.go:71	Select columns	{"columns": [{"Name":"","IsAll":true}]}
2026-02-28T15:31:07.398+0300	DEBUG	logger/zap_logger.go:71	NewIterator called with seekKey:	{"seekKey": "testdb:public:join_locations:row:", "typ": "ALL"}
2026-02-28T15:31:07.398+0300	DEBUG	logger/zap_logger.go:71	Select result: 	{"result": {"Rows":[[20,"San Francisco"],[30,"Chicago"],[10,"New York"]],"Columns":[{"Idx":1,"Name":"department_id","Type":1,"TableIdentifier":"","OriginalTableName":""},{"Idx":2,"Name":"location","Type":0,"TableIdentifier":"","OriginalTableName":""}]}}
2026-02-28T15:31:07.398+0300	DEBUG	logger/zap_logger.go:71	scan result	{"rows": 3, "cols": 2}
2026-02-28T15:31:07.399+0300	DEBUG	logger/zap_logger.go:71	performNestedLoopJoin start	{"leftRows": 4, "rightRows": 3, "leftCols": 7, "rightCols": 2}
2026-02-28T15:31:07.399+0300	DEBUG	logger/zap_logger.go:71	Combined column	{"idx": 0, "name": "id", "tableId": "e"}
2026-02-28T15:31:07.399+0300	DEBUG	logger/zap_logger.go:71	Combined column	{"idx": 1, "name": "name", "tableId": "e"}
2026-02-28T15:31:07.399+0300	DEBUG	logger/zap_logger.go:71	Combined column	{"idx": 2, "name": "department_id", "tableId": "e"}
2026-02-28T15:31:07.399+0300	DEBUG	logger/zap_logger.go:71	Combined column	{"idx": 3, "name": "id", "tableId": "d"}
2026-02-28T15:31:07.399+0300	DEBUG	logger/zap_logger.go:71	Combined column	{"idx": 4, "name": "department_name", "tableId": "d"}
2026-02-28T15:31:07.399+0300	DEBUG	logger/zap_logger.go:71	Combined column	{"idx": 5, "name": "employee_id", "tableId": "s"}
2026-02-28T15:31:07.399+0300	DEBUG	logger/zap_logger.go:71	Combined column	{"idx": 6, "name": "salary", "tableId": "s"}
2026-02-28T15:31:07.399+0300	DEBUG	logger/zap_logger.go:71	Combined column	{"idx": 7, "name": "department_id", "tableId": "l"}
2026-02-28T15:31:07.399+0300	DEBUG	logger/zap_logger.go:71	Combined column	{"idx": 8, "name": "location", "tableId": "l"}
2026-02-28T15:31:07.399+0300	DEBUG	logger/zap_logger.go:71	Sample JOIN condition evaluation	{"leftRow": [1,"Alice",10,10,"HR",1,60000], "rightRow": [20,"San Francisco"], "condition": "d.id=l.department_id"}
2026-02-28T15:31:07.399+0300	DEBUG	logger/zap_logger.go:71	performNestedLoopJoin end	{"resultRows": 0, "matches": 0}
2026-02-28T15:32:08.401+0300	DEBUG	logger/zap_logger.go:96	Query: SELECT e.name, d.department_name, s.salary, l.location
				FROM join_employees e
				INNER JOIN join_departments d ON e.department_id = d.id
				INNER JOIN join_salaries s ON e.id = s.employee_id
			;
2026-02-28T15:32:08.402+0300	DEBUG	logger/zap_logger.go:96	Parsing select item: e.name
2026-02-28T15:32:08.402+0300	DEBUG	logger/zap_logger.go:96	Parsing select item: d.department_name
2026-02-28T15:32:08.402+0300	DEBUG	logger/zap_logger.go:96	Parsing select item: s.salary
2026-02-28T15:32:08.402+0300	DEBUG	logger/zap_logger.go:96	Parsing select item: l.location
2026-02-28T15:32:08.402+0300	DEBUG	logger/zap_logger.go:96	DEBUG: Parsed statement type: SELECT

2026-02-28T15:32:08.402+0300	DEBUG	logger/zap_logger.go:96	Parsed statement: %!(EXTRA zapcore.Field={stmt 23 0  0x14000498c00})
2026-02-28T15:32:08.403+0300	DEBUG	logger/zap_logger.go:96	Executing query plan: %!(EXTRA zapcore.Field={queryPlan 25 0  Project
  Join
    Join
      Scan (join_employees AS e)
      Scan (join_departments AS d)
    Scan (join_salaries AS s)
})
2026-02-28T15:32:08.403+0300	DEBUG	logger/zap_logger.go:71	executing plan node	{"type": "Project"}
2026-02-28T15:32:08.403+0300	DEBUG	logger/zap_logger.go:71	executing plan node	{"type": "Join"}
2026-02-28T15:32:08.403+0300	DEBUG	logger/zap_logger.go:71	executing plan node	{"type": "Join"}
2026-02-28T15:32:08.403+0300	DEBUG	logger/zap_logger.go:71	executing plan node	{"type": "Scan"}
2026-02-28T15:32:08.403+0300	DEBUG	logger/zap_logger.go:71	Table metadata: 	{"meta": {"Name":"join_employees","Columns":{"department_id":{"Type":1,"IsNullable":true,"DefaultValue":null,"IsSerial":false,"IsUnique":false,"Idx":3},"id":{"Type":1,"IsNullable":false,"DefaultValue":null,"IsSerial":false,"IsUnique":false,"Idx":1},"name":{"Type":0,"IsNullable":true,"DefaultValue":null,"IsSerial":false,"IsUnique":false,"Idx":2}},"PrimaryKeys":[1]}}
2026-02-28T15:32:08.403+0300	DEBUG	logger/zap_logger.go:71	Table columns	{"columns": [{"Idx":1,"Name":"id","Type":1,"TableIdentifier":"","OriginalTableName":""},{"Idx":2,"Name":"name","Type":0,"TableIdentifier":"","OriginalTableName":""},{"Idx":3,"Name":"department_id","Type":1,"TableIdentifier":"","OriginalTableName":""}]}
2026-02-28T15:32:08.403+0300	DEBUG	logger/zap_logger.go:71	Select columns	{"columns": [{"Name":"","IsAll":true}]}
2026-02-28T15:32:08.403+0300	DEBUG	logger/zap_logger.go:71	NewIterator called with seekKey:	{"seekKey": "testdb:public:join_employees:row:", "typ": "ALL"}
2026-02-28T15:32:08.403+0300	DEBUG	logger/zap_logger.go:71	Select result: 	{"result": {"Rows":[[2,"Bob",20],[3,"Charlie",10],[4,"David",30],[1,"Alice",10]],"Columns":[{"Idx":1,"Name":"id","Type":1,"TableIdentifier":"","OriginalTableName":""},{"Idx":2,"Name":"name","Type":0,"TableIdentifier":"","OriginalTableName":""},{"Idx":3,"Name":"department_id","Type":1,"TableIdentifier":"","OriginalTableName":""}]}}
2026-02-28T15:32:08.403+0300	DEBUG	logger/zap_logger.go:71	scan result	{"rows": 4, "cols": 3}
2026-02-28T15:32:08.403+0300	DEBUG	logger/zap_logger.go:71	executing plan node	{"type": "Scan"}
2026-02-28T15:32:08.403+0300	DEBUG	logger/zap_logger.go:71	Table metadata: 	{"meta": {"Name":"join_departments","Columns":{"department_name":{"Type":0,"IsNullable":true,"DefaultValue":null,"IsSerial":false,"IsUnique":false,"Idx":2},"id":{"Type":1,"IsNullable":false,"DefaultValue":null,"IsSerial":false,"IsUnique":false,"Idx":1}},"PrimaryKeys":[1]}}
2026-02-28T15:32:08.403+0300	DEBUG	logger/zap_logger.go:71	Table columns	{"columns": [{"Idx":1,"Name":"id","Type":1,"TableIdentifier":"","OriginalTableName":""},{"Idx":2,"Name":"department_name","Type":0,"TableIdentifier":"","OriginalTableName":""}]}
2026-02-28T15:32:08.403+0300	DEBUG	logger/zap_logger.go:71	Select columns	{"columns": [{"Name":"","IsAll":true}]}
2026-02-28T15:32:08.403+0300	DEBUG	logger/zap_logger.go:71	NewIterator called with seekKey:	{"seekKey": "testdb:public:join_departments:row:", "typ": "ALL"}
2026-02-28T15:32:08.403+0300	DEBUG	logger/zap_logger.go:71	Select result: 	{"result": {"Rows":[[30,"Sales"],[10,"HR"],[20,"Engineering"]],"Columns":[{"Idx":1,"Name":"id","Type":1,"TableIdentifier":"","OriginalTableName":""},{"Idx":2,"Name":"department_name","Type":0,"TableIdentifier":"","OriginalTableName":""}]}}
2026-02-28T15:32:08.403+0300	DEBUG	logger/zap_logger.go:71	scan result	{"rows": 3, "cols": 2}
2026-02-28T15:32:08.403+0300	DEBUG	logger/zap_logger.go:71	performNestedLoopJoin start	{"leftRows": 4, "rightRows": 3, "leftCols": 3, "rightCols": 2}
2026-02-28T15:32:08.403+0300	DEBUG	logger/zap_logger.go:71	Combined column	{"idx": 0, "name": "id", "tableId": "e"}
2026-02-28T15:32:08.403+0300	DEBUG	logger/zap_logger.go:71	Combined column	{"idx": 1, "name": "name", "tableId": "e"}
2026-02-28T15:32:08.403+0300	DEBUG	logger/zap_logger.go:71	Combined column	{"idx": 2, "name": "department_id", "tableId": "e"}
2026-02-28T15:32:08.403+0300	DEBUG	logger/zap_logger.go:71	Combined column	{"idx": 3, "name": "id", "tableId": "d"}
2026-02-28T15:32:08.403+0300	DEBUG	logger/zap_logger.go:71	Combined column	{"idx": 4, "name": "department_name", "tableId": "d"}
2026-02-28T15:32:08.403+0300	DEBUG	logger/zap_logger.go:71	Sample JOIN condition evaluation	{"leftRow": [2,"Bob",20], "rightRow": [30,"Sales"], "condition": "e.department_id=d.id"}
2026-02-28T15:32:08.403+0300	DEBUG	logger/zap_logger.go:71	JOIN match found	{"matchNum": 1, "leftRow": [2,"Bob",20], "rightRow": [20,"Engineering"]}
2026-02-28T15:32:08.403+0300	DEBUG	logger/zap_logger.go:71	JOIN match found	{"matchNum": 2, "leftRow": [3,"Charlie",10], "rightRow": [10,"HR"]}
2026-02-28T15:32:08.403+0300	DEBUG	logger/zap_logger.go:71	JOIN match found	{"matchNum": 3, "leftRow": [4,"David",30], "rightRow": [30,"Sales"]}
2026-02-28T15:32:08.404+0300	DEBUG	logger/zap_logger.go:71	performNestedLoopJoin end	{"resultRows": 4, "matches": 4}
2026-02-28T15:32:08.404+0300	DEBUG	logger/zap_logger.go:71	executing plan node	{"type": "Scan"}
2026-02-28T15:32:08.404+0300	DEBUG	logger/zap_logger.go:71	Table metadata: 	{"meta": {"Name":"join_salaries","Columns":{"employee_id":{"Type":1,"IsNullable":false,"DefaultValue":null,"IsSerial":false,"IsUnique":false,"Idx":1},"salary":{"Type":3,"IsNullable":true,"DefaultValue":null,"IsSerial":false,"IsUnique":false,"Idx":2}},"PrimaryKeys":[1]}}
2026-02-28T15:32:08.404+0300	DEBUG	logger/zap_logger.go:71	Table columns	{"columns": [{"Idx":1,"Name":"employee_id","Type":1,"TableIdentifier":"","OriginalTableName":""},{"Idx":2,"Name":"salary","Type":3,"TableIdentifier":"","OriginalTableName":""}]}
2026-02-28T15:32:08.404+0300	DEBUG	logger/zap_logger.go:71	Select columns	{"columns": [{"Name":"","IsAll":true}]}
2026-02-28T15:32:08.404+0300	DEBUG	logger/zap_logger.go:71	NewIterator called with seekKey:	{"seekKey": "testdb:public:join_salaries:row:", "typ": "ALL"}
2026-02-28T15:32:08.404+0300	DEBUG	logger/zap_logger.go:71	Select result: 	{"result": {"Rows":[[1,60000],[2,80000],[3,75000],[4,50000]],"Columns":[{"Idx":1,"Name":"employee_id","Type":1,"TableIdentifier":"","OriginalTableName":""},{"Idx":2,"Name":"salary","Type":3,"TableIdentifier":"","OriginalTableName":""}]}}
2026-02-28T15:32:08.404+0300	DEBUG	logger/zap_logger.go:71	scan result	{"rows": 4, "cols": 2}
2026-02-28T15:32:08.404+0300	DEBUG	logger/zap_logger.go:71	performNestedLoopJoin start	{"leftRows": 4, "rightRows": 4, "leftCols": 5, "rightCols": 2}
2026-02-28T15:32:08.404+0300	DEBUG	logger/zap_logger.go:71	Combined column	{"idx": 0, "name": "id", "tableId": "e"}
2026-02-28T15:32:08.404+0300	DEBUG	logger/zap_logger.go:71	Combined column	{"idx": 1, "name": "name", "tableId": "e"}
2026-02-28T15:32:08.404+0300	DEBUG	logger/zap_logger.go:71	Combined column	{"idx": 2, "name": "department_id", "tableId": "e"}
2026-02-28T15:32:08.404+0300	DEBUG	logger/zap_logger.go:71	Combined column	{"idx": 3, "name": "id", "tableId": "d"}
2026-02-28T15:32:08.404+0300	DEBUG	logger/zap_logger.go:71	Combined column	{"idx": 4, "name": "department_name", "tableId": "d"}
2026-02-28T15:32:08.404+0300	DEBUG	logger/zap_logger.go:71	Combined column	{"idx": 5, "name": "employee_id", "tableId": "s"}
2026-02-28T15:32:08.404+0300	DEBUG	logger/zap_logger.go:71	Combined column	{"idx": 6, "name": "salary", "tableId": "s"}
2026-02-28T15:32:08.404+0300	DEBUG	logger/zap_logger.go:71	Sample JOIN condition evaluation	{"leftRow": [2,"Bob",20,20,"Engineering"], "rightRow": [1,60000], "condition": "e.id=s.employee_id"}
2026-02-28T15:32:08.404+0300	DEBUG	logger/zap_logger.go:71	JOIN match found	{"matchNum": 1, "leftRow": [2,"Bob",20,20,"Engineering"], "rightRow": [2,80000]}
2026-02-28T15:32:08.404+0300	DEBUG	logger/zap_logger.go:71	JOIN match found	{"matchNum": 2, "leftRow": [3,"Charlie",10,10,"HR"], "rightRow": [3,75000]}
2026-02-28T15:32:08.404+0300	DEBUG	logger/zap_logger.go:71	JOIN match found	{"matchNum": 3, "leftRow": [4,"David",30,30,"Sales"], "rightRow": [4,50000]}
2026-02-28T15:32:08.404+0300	DEBUG	logger/zap_logger.go:71	performNestedLoopJoin end	{"resultRows": 4, "matches": 4}
2026-02-28T15:32:16.073+0300	DEBUG	logger/zap_logger.go:96	Query: SELECT e.name, d.department_name, s.salary
				FROM join_employees e
				INNER JOIN join_departments d ON e.department_id = d.id
				INNER JOIN join_salaries s ON e.id = s.employee_id
			;
2026-02-28T15:32:16.073+0300	DEBUG	logger/zap_logger.go:96	Parsing select item: e.name
2026-02-28T15:32:16.073+0300	DEBUG	logger/zap_logger.go:96	Parsing select item: d.department_name
2026-02-28T15:32:16.073+0300	DEBUG	logger/zap_logger.go:96	Parsing select item: s.salary
2026-02-28T15:32:16.073+0300	DEBUG	logger/zap_logger.go:96	DEBUG: Parsed statement type: SELECT

2026-02-28T15:32:16.073+0300	DEBUG	logger/zap_logger.go:96	Parsed statement: %!(EXTRA zapcore.Field={stmt 23 0  0x140004a76e0})
2026-02-28T15:32:16.073+0300	DEBUG	logger/zap_logger.go:96	Executing query plan: %!(EXTRA zapcore.Field={queryPlan 25 0  Project
  Join
    Join
      Scan (join_employees AS e)
      Scan (join_departments AS d)
    Scan (join_salaries AS s)
})
2026-02-28T15:32:16.073+0300	DEBUG	logger/zap_logger.go:71	executing plan node	{"type": "Project"}
2026-02-28T15:32:16.073+0300	DEBUG	logger/zap_logger.go:71	executing plan node	{"type": "Join"}
2026-02-28T15:32:16.073+0300	DEBUG	logger/zap_logger.go:71	executing plan node	{"type": "Join"}
2026-02-28T15:32:16.073+0300	DEBUG	logger/zap_logger.go:71	executing plan node	{"type": "Scan"}
2026-02-28T15:32:16.073+0300	DEBUG	logger/zap_logger.go:71	Table metadata: 	{"meta": {"Name":"join_employees","Columns":{"department_id":{"Type":1,"IsNullable":true,"DefaultValue":null,"IsSerial":false,"IsUnique":false,"Idx":3},"id":{"Type":1,"IsNullable":false,"DefaultValue":null,"IsSerial":false,"IsUnique":false,"Idx":1},"name":{"Type":0,"IsNullable":true,"DefaultValue":null,"IsSerial":false,"IsUnique":false,"Idx":2}},"PrimaryKeys":[1]}}
2026-02-28T15:32:16.073+0300	DEBUG	logger/zap_logger.go:71	Table columns	{"columns": [{"Idx":1,"Name":"id","Type":1,"TableIdentifier":"","OriginalTableName":""},{"Idx":2,"Name":"name","Type":0,"TableIdentifier":"","OriginalTableName":""},{"Idx":3,"Name":"department_id","Type":1,"TableIdentifier":"","OriginalTableName":""}]}
2026-02-28T15:32:16.073+0300	DEBUG	logger/zap_logger.go:71	Select columns	{"columns": [{"Name":"","IsAll":true}]}
2026-02-28T15:32:16.073+0300	DEBUG	logger/zap_logger.go:71	NewIterator called with seekKey:	{"seekKey": "testdb:public:join_employees:row:", "typ": "ALL"}
2026-02-28T15:32:16.073+0300	DEBUG	logger/zap_logger.go:71	Select result: 	{"result": {"Rows":[[2,"Bob",20],[3,"Charlie",10],[4,"David",30],[1,"Alice",10]],"Columns":[{"Idx":1,"Name":"id","Type":1,"TableIdentifier":"","OriginalTableName":""},{"Idx":2,"Name":"name","Type":0,"TableIdentifier":"","OriginalTableName":""},{"Idx":3,"Name":"department_id","Type":1,"TableIdentifier":"","OriginalTableName":""}]}}
2026-02-28T15:32:16.073+0300	DEBUG	logger/zap_logger.go:71	scan result	{"rows": 4, "cols": 3}
2026-02-28T15:32:16.073+0300	DEBUG	logger/zap_logger.go:71	executing plan node	{"type": "Scan"}
2026-02-28T15:32:16.074+0300	DEBUG	logger/zap_logger.go:71	Table metadata: 	{"meta": {"Name":"join_departments","Columns":{"department_name":{"Type":0,"IsNullable":true,"DefaultValue":null,"IsSerial":false,"IsUnique":false,"Idx":2},"id":{"Type":1,"IsNullable":false,"DefaultValue":null,"IsSerial":false,"IsUnique":false,"Idx":1}},"PrimaryKeys":[1]}}
2026-02-28T15:32:16.074+0300	DEBUG	logger/zap_logger.go:71	Table columns	{"columns": [{"Idx":1,"Name":"id","Type":1,"TableIdentifier":"","OriginalTableName":""},{"Idx":2,"Name":"department_name","Type":0,"TableIdentifier":"","OriginalTableName":""}]}
2026-02-28T15:32:16.074+0300	DEBUG	logger/zap_logger.go:71	Select columns	{"columns": [{"Name":"","IsAll":true}]}
2026-02-28T15:32:16.074+0300	DEBUG	logger/zap_logger.go:71	NewIterator called with seekKey:	{"seekKey": "testdb:public:join_departments:row:", "typ": "ALL"}
2026-02-28T15:32:16.074+0300	DEBUG	logger/zap_logger.go:71	Select result: 	{"result": {"Rows":[[30,"Sales"],[10,"HR"],[20,"Engineering"]],"Columns":[{"Idx":1,"Name":"id","Type":1,"TableIdentifier":"","OriginalTableName":""},{"Idx":2,"Name":"department_name","Type":0,"TableIdentifier":"","OriginalTableName":""}]}}
2026-02-28T15:32:16.074+0300	DEBUG	logger/zap_logger.go:71	scan result	{"rows": 3, "cols": 2}
2026-02-28T15:32:16.074+0300	DEBUG	logger/zap_logger.go:71	performNestedLoopJoin start	{"leftRows": 4, "rightRows": 3, "leftCols": 3, "rightCols": 2}
2026-02-28T15:32:16.074+0300	DEBUG	logger/zap_logger.go:71	Combined column	{"idx": 0, "name": "id", "tableId": "e"}
2026-02-28T15:32:16.074+0300	DEBUG	logger/zap_logger.go:71	Combined column	{"idx": 1, "name": "name", "tableId": "e"}
2026-02-28T15:32:16.074+0300	DEBUG	logger/zap_logger.go:71	Combined column	{"idx": 2, "name": "department_id", "tableId": "e"}
2026-02-28T15:32:16.074+0300	DEBUG	logger/zap_logger.go:71	Combined column	{"idx": 3, "name": "id", "tableId": "d"}
2026-02-28T15:32:16.074+0300	DEBUG	logger/zap_logger.go:71	Combined column	{"idx": 4, "name": "department_name", "tableId": "d"}
2026-02-28T15:32:16.074+0300	DEBUG	logger/zap_logger.go:71	Sample JOIN condition evaluation	{"leftRow": [2,"Bob",20], "rightRow": [30,"Sales"], "condition": "e.department_id=d.id"}
2026-02-28T15:32:16.074+0300	DEBUG	logger/zap_logger.go:71	JOIN match found	{"matchNum": 1, "leftRow": [2,"Bob",20], "rightRow": [20,"Engineering"]}
2026-02-28T15:32:16.074+0300	DEBUG	logger/zap_logger.go:71	JOIN match found	{"matchNum": 2, "leftRow": [3,"Charlie",10], "rightRow": [10,"HR"]}
2026-02-28T15:32:16.074+0300	DEBUG	logger/zap_logger.go:71	JOIN match found	{"matchNum": 3, "leftRow": [4,"David",30], "rightRow": [30,"Sales"]}
2026-02-28T15:32:16.074+0300	DEBUG	logger/zap_logger.go:71	performNestedLoopJoin end	{"resultRows": 4, "matches": 4}
2026-02-28T15:32:16.074+0300	DEBUG	logger/zap_logger.go:71	executing plan node	{"type": "Scan"}
2026-02-28T15:32:16.074+0300	DEBUG	logger/zap_logger.go:71	Table metadata: 	{"meta": {"Name":"join_salaries","Columns":{"employee_id":{"Type":1,"IsNullable":false,"DefaultValue":null,"IsSerial":false,"IsUnique":false,"Idx":1},"salary":{"Type":3,"IsNullable":true,"DefaultValue":null,"IsSerial":false,"IsUnique":false,"Idx":2}},"PrimaryKeys":[1]}}
2026-02-28T15:32:16.074+0300	DEBUG	logger/zap_logger.go:71	Table columns	{"columns": [{"Idx":1,"Name":"employee_id","Type":1,"TableIdentifier":"","OriginalTableName":""},{"Idx":2,"Name":"salary","Type":3,"TableIdentifier":"","OriginalTableName":""}]}
2026-02-28T15:32:16.074+0300	DEBUG	logger/zap_logger.go:71	Select columns	{"columns": [{"Name":"","IsAll":true}]}
2026-02-28T15:32:16.074+0300	DEBUG	logger/zap_logger.go:71	NewIterator called with seekKey:	{"seekKey": "testdb:public:join_salaries:row:", "typ": "ALL"}
2026-02-28T15:32:16.074+0300	DEBUG	logger/zap_logger.go:71	Select result: 	{"result": {"Rows":[[1,60000],[2,80000],[3,75000],[4,50000]],"Columns":[{"Idx":1,"Name":"employee_id","Type":1,"TableIdentifier":"","OriginalTableName":""},{"Idx":2,"Name":"salary","Type":3,"TableIdentifier":"","OriginalTableName":""}]}}
2026-02-28T15:32:16.074+0300	DEBUG	logger/zap_logger.go:71	scan result	{"rows": 4, "cols": 2}
2026-02-28T15:32:16.074+0300	DEBUG	logger/zap_logger.go:71	performNestedLoopJoin start	{"leftRows": 4, "rightRows": 4, "leftCols": 5, "rightCols": 2}
2026-02-28T15:32:16.074+0300	DEBUG	logger/zap_logger.go:71	Combined column	{"idx": 0, "name": "id", "tableId": "e"}
2026-02-28T15:32:16.074+0300	DEBUG	logger/zap_logger.go:71	Combined column	{"idx": 1, "name": "name", "tableId": "e"}
2026-02-28T15:32:16.074+0300	DEBUG	logger/zap_logger.go:71	Combined column	{"idx": 2, "name": "department_id", "tableId": "e"}
2026-02-28T15:32:16.074+0300	DEBUG	logger/zap_logger.go:71	Combined column	{"idx": 3, "name": "id", "tableId": "d"}
2026-02-28T15:32:16.074+0300	DEBUG	logger/zap_logger.go:71	Combined column	{"idx": 4, "name": "department_name", "tableId": "d"}
2026-02-28T15:32:16.074+0300	DEBUG	logger/zap_logger.go:71	Combined column	{"idx": 5, "name": "employee_id", "tableId": "s"}
2026-02-28T15:32:16.074+0300	DEBUG	logger/zap_logger.go:71	Combined column	{"idx": 6, "name": "salary", "tableId": "s"}
2026-02-28T15:32:16.074+0300	DEBUG	logger/zap_logger.go:71	Sample JOIN condition evaluation	{"leftRow": [2,"Bob",20,20,"Engineering"], "rightRow": [1,60000], "condition": "e.id=s.employee_id"}
2026-02-28T15:32:16.074+0300	DEBUG	logger/zap_logger.go:71	JOIN match found	{"matchNum": 1, "leftRow": [2,"Bob",20,20,"Engineering"], "rightRow": [2,80000]}
2026-02-28T15:32:16.074+0300	DEBUG	logger/zap_logger.go:71	JOIN match found	{"matchNum": 2, "leftRow": [3,"Charlie",10,10,"HR"], "rightRow": [3,75000]}
2026-02-28T15:32:16.074+0300	DEBUG	logger/zap_logger.go:71	JOIN match found	{"matchNum": 3, "leftRow": [4,"David",30,30,"Sales"], "rightRow": [4,50000]}
2026-02-28T15:32:16.074+0300	DEBUG	logger/zap_logger.go:71	performNestedLoopJoin end	{"resultRows": 4, "matches": 4}
2026-02-28T15:32:16.074+0300	DEBUG	logger/zap_logger.go:71	DEBUG: Sending row:	{"row": ["Bob","Engineering",80000]}
2026-02-28T15:32:16.074+0300	DEBUG	logger/zap_logger.go:71	DEBUG: Sending row:	{"row": ["Charlie","HR",75000]}
2026-02-28T15:32:16.074+0300	DEBUG	logger/zap_logger.go:71	DEBUG: Sending row:	{"row": ["David","Sales",50000]}
2026-02-28T15:32:16.075+0300	DEBUG	logger/zap_logger.go:71	DEBUG: Sending row:	{"row": ["Alice","HR",60000]}
2026-02-28T15:32:30.440+0300	DEBUG	logger/zap_logger.go:96	Query: SELECT e.name, d.department_name, s.salary, l.location
				FROM join_employees e
				INNER JOIN join_departments d ON e.department_id = d.id
				INNER JOIN join_salaries s ON e.id = s.employee_id
				INNER JOIN join_locations l ON d.id = l.department_id
;
2026-02-28T15:32:30.441+0300	DEBUG	logger/zap_logger.go:96	Parsing select item: e.name
2026-02-28T15:32:30.441+0300	DEBUG	logger/zap_logger.go:96	Parsing select item: d.department_name
2026-02-28T15:32:30.441+0300	DEBUG	logger/zap_logger.go:96	Parsing select item: s.salary
2026-02-28T15:32:30.441+0300	DEBUG	logger/zap_logger.go:96	Parsing select item: l.location
2026-02-28T15:32:30.441+0300	DEBUG	logger/zap_logger.go:96	DEBUG: Parsed statement type: SELECT

2026-02-28T15:32:30.441+0300	DEBUG	logger/zap_logger.go:96	Parsed statement: %!(EXTRA zapcore.Field={stmt 23 0  0x1400098a690})
2026-02-28T15:32:30.442+0300	DEBUG	logger/zap_logger.go:96	Executing query plan: %!(EXTRA zapcore.Field={queryPlan 25 0  Project
  Join
    Join
      Join
        Scan (join_employees AS e)
        Scan (join_departments AS d)
      Scan (join_salaries AS s)
    Scan (join_locations AS l)
})
2026-02-28T15:32:30.442+0300	DEBUG	logger/zap_logger.go:71	executing plan node	{"type": "Project"}
2026-02-28T15:32:30.442+0300	DEBUG	logger/zap_logger.go:71	executing plan node	{"type": "Join"}
2026-02-28T15:32:30.442+0300	DEBUG	logger/zap_logger.go:71	executing plan node	{"type": "Join"}
2026-02-28T15:32:30.442+0300	DEBUG	logger/zap_logger.go:71	executing plan node	{"type": "Join"}
2026-02-28T15:32:30.442+0300	DEBUG	logger/zap_logger.go:71	executing plan node	{"type": "Scan"}
2026-02-28T15:32:30.442+0300	DEBUG	logger/zap_logger.go:71	Table metadata: 	{"meta": {"Name":"join_employees","Columns":{"department_id":{"Type":1,"IsNullable":true,"DefaultValue":null,"IsSerial":false,"IsUnique":false,"Idx":3},"id":{"Type":1,"IsNullable":false,"DefaultValue":null,"IsSerial":false,"IsUnique":false,"Idx":1},"name":{"Type":0,"IsNullable":true,"DefaultValue":null,"IsSerial":false,"IsUnique":false,"Idx":2}},"PrimaryKeys":[1]}}
2026-02-28T15:32:30.442+0300	DEBUG	logger/zap_logger.go:71	Table columns	{"columns": [{"Idx":1,"Name":"id","Type":1,"TableIdentifier":"","OriginalTableName":""},{"Idx":2,"Name":"name","Type":0,"TableIdentifier":"","OriginalTableName":""},{"Idx":3,"Name":"department_id","Type":1,"TableIdentifier":"","OriginalTableName":""}]}
2026-02-28T15:32:30.442+0300	DEBUG	logger/zap_logger.go:71	Select columns	{"columns": [{"Name":"","IsAll":true}]}
2026-02-28T15:32:30.442+0300	DEBUG	logger/zap_logger.go:71	NewIterator called with seekKey:	{"seekKey": "testdb:public:join_employees:row:", "typ": "ALL"}
2026-02-28T15:32:30.442+0300	DEBUG	logger/zap_logger.go:71	Select result: 	{"result": {"Rows":[[4,"David",30],[1,"Alice",10],[2,"Bob",20],[3,"Charlie",10]],"Columns":[{"Idx":1,"Name":"id","Type":1,"TableIdentifier":"","OriginalTableName":""},{"Idx":2,"Name":"name","Type":0,"TableIdentifier":"","OriginalTableName":""},{"Idx":3,"Name":"department_id","Type":1,"TableIdentifier":"","OriginalTableName":""}]}}
2026-02-28T15:32:30.442+0300	DEBUG	logger/zap_logger.go:71	scan result	{"rows": 4, "cols": 3}
2026-02-28T15:32:30.442+0300	DEBUG	logger/zap_logger.go:71	executing plan node	{"type": "Scan"}
2026-02-28T15:32:30.442+0300	DEBUG	logger/zap_logger.go:71	Table metadata: 	{"meta": {"Name":"join_departments","Columns":{"department_name":{"Type":0,"IsNullable":true,"DefaultValue":null,"IsSerial":false,"IsUnique":false,"Idx":2},"id":{"Type":1,"IsNullable":false,"DefaultValue":null,"IsSerial":false,"IsUnique":false,"Idx":1}},"PrimaryKeys":[1]}}
2026-02-28T15:32:30.442+0300	DEBUG	logger/zap_logger.go:71	Table columns	{"columns": [{"Idx":1,"Name":"id","Type":1,"TableIdentifier":"","OriginalTableName":""},{"Idx":2,"Name":"department_name","Type":0,"TableIdentifier":"","OriginalTableName":""}]}
2026-02-28T15:32:30.442+0300	DEBUG	logger/zap_logger.go:71	Select columns	{"columns": [{"Name":"","IsAll":true}]}
2026-02-28T15:32:30.442+0300	DEBUG	logger/zap_logger.go:71	NewIterator called with seekKey:	{"seekKey": "testdb:public:join_departments:row:", "typ": "ALL"}
2026-02-28T15:32:30.442+0300	DEBUG	logger/zap_logger.go:71	Select result: 	{"result": {"Rows":[[20,"Engineering"],[30,"Sales"],[10,"HR"]],"Columns":[{"Idx":1,"Name":"id","Type":1,"TableIdentifier":"","OriginalTableName":""},{"Idx":2,"Name":"department_name","Type":0,"TableIdentifier":"","OriginalTableName":""}]}}
2026-02-28T15:32:30.442+0300	DEBUG	logger/zap_logger.go:71	scan result	{"rows": 3, "cols": 2}
2026-02-28T15:32:30.442+0300	DEBUG	logger/zap_logger.go:71	performNestedLoopJoin start	{"leftRows": 4, "rightRows": 3, "leftCols": 3, "rightCols": 2}
2026-02-28T15:32:30.442+0300	DEBUG	logger/zap_logger.go:71	Combined column	{"idx": 0, "name": "id", "tableId": "e"}
2026-02-28T15:32:30.442+0300	DEBUG	logger/zap_logger.go:71	Combined column	{"idx": 1, "name": "name", "tableId": "e"}
2026-02-28T15:32:30.442+0300	DEBUG	logger/zap_logger.go:71	Combined column	{"idx": 2, "name": "department_id", "tableId": "e"}
2026-02-28T15:32:30.442+0300	DEBUG	logger/zap_logger.go:71	Combined column	{"idx": 3, "name": "id", "tableId": "d"}
2026-02-28T15:32:30.442+0300	DEBUG	logger/zap_logger.go:71	Combined column	{"idx": 4, "name": "department_name", "tableId": "d"}
2026-02-28T15:32:30.442+0300	DEBUG	logger/zap_logger.go:71	Sample JOIN condition evaluation	{"leftRow": [4,"David",30], "rightRow": [20,"Engineering"], "condition": "e.department_id=d.id"}
2026-02-28T15:32:30.442+0300	DEBUG	logger/zap_logger.go:71	JOIN match found	{"matchNum": 1, "leftRow": [4,"David",30], "rightRow": [30,"Sales"]}
2026-02-28T15:32:30.443+0300	DEBUG	logger/zap_logger.go:71	JOIN match found	{"matchNum": 2, "leftRow": [1,"Alice",10], "rightRow": [10,"HR"]}
2026-02-28T15:32:30.443+0300	DEBUG	logger/zap_logger.go:71	JOIN match found	{"matchNum": 3, "leftRow": [2,"Bob",20], "rightRow": [20,"Engineering"]}
2026-02-28T15:32:30.443+0300	DEBUG	logger/zap_logger.go:71	performNestedLoopJoin end	{"resultRows": 4, "matches": 4}
2026-02-28T15:32:30.443+0300	DEBUG	logger/zap_logger.go:71	executing plan node	{"type": "Scan"}
2026-02-28T15:32:30.443+0300	DEBUG	logger/zap_logger.go:71	Table metadata: 	{"meta": {"Name":"join_salaries","Columns":{"employee_id":{"Type":1,"IsNullable":false,"DefaultValue":null,"IsSerial":false,"IsUnique":false,"Idx":1},"salary":{"Type":3,"IsNullable":true,"DefaultValue":null,"IsSerial":false,"IsUnique":false,"Idx":2}},"PrimaryKeys":[1]}}
2026-02-28T15:32:30.443+0300	DEBUG	logger/zap_logger.go:71	Table columns	{"columns": [{"Idx":1,"Name":"employee_id","Type":1,"TableIdentifier":"","OriginalTableName":""},{"Idx":2,"Name":"salary","Type":3,"TableIdentifier":"","OriginalTableName":""}]}
2026-02-28T15:32:30.443+0300	DEBUG	logger/zap_logger.go:71	Select columns	{"columns": [{"Name":"","IsAll":true}]}
2026-02-28T15:32:30.443+0300	DEBUG	logger/zap_logger.go:71	NewIterator called with seekKey:	{"seekKey": "testdb:public:join_salaries:row:", "typ": "ALL"}
2026-02-28T15:32:30.443+0300	DEBUG	logger/zap_logger.go:71	Select result: 	{"result": {"Rows":[[1,60000],[2,80000],[3,75000],[4,50000]],"Columns":[{"Idx":1,"Name":"employee_id","Type":1,"TableIdentifier":"","OriginalTableName":""},{"Idx":2,"Name":"salary","Type":3,"TableIdentifier":"","OriginalTableName":""}]}}
2026-02-28T15:32:30.443+0300	DEBUG	logger/zap_logger.go:71	scan result	{"rows": 4, "cols": 2}
2026-02-28T15:32:30.443+0300	DEBUG	logger/zap_logger.go:71	performNestedLoopJoin start	{"leftRows": 4, "rightRows": 4, "leftCols": 5, "rightCols": 2}
2026-02-28T15:32:30.443+0300	DEBUG	logger/zap_logger.go:71	Combined column	{"idx": 0, "name": "id", "tableId": "e"}
2026-02-28T15:32:30.443+0300	DEBUG	logger/zap_logger.go:71	Combined column	{"idx": 1, "name": "name", "tableId": "e"}
2026-02-28T15:32:30.443+0300	DEBUG	logger/zap_logger.go:71	Combined column	{"idx": 2, "name": "department_id", "tableId": "e"}
2026-02-28T15:32:30.443+0300	DEBUG	logger/zap_logger.go:71	Combined column	{"idx": 3, "name": "id", "tableId": "d"}
2026-02-28T15:32:30.443+0300	DEBUG	logger/zap_logger.go:71	Combined column	{"idx": 4, "name": "department_name", "tableId": "d"}
2026-02-28T15:32:30.443+0300	DEBUG	logger/zap_logger.go:71	Combined column	{"idx": 5, "name": "employee_id", "tableId": "s"}
2026-02-28T15:32:30.443+0300	DEBUG	logger/zap_logger.go:71	Combined column	{"idx": 6, "name": "salary", "tableId": "s"}
2026-02-28T15:32:30.443+0300	DEBUG	logger/zap_logger.go:71	Sample JOIN condition evaluation	{"leftRow": [4,"David",30,30,"Sales"], "rightRow": [1,60000], "condition": "e.id=s.employee_id"}
2026-02-28T15:32:30.443+0300	DEBUG	logger/zap_logger.go:71	JOIN match found	{"matchNum": 1, "leftRow": [4,"David",30,30,"Sales"], "rightRow": [4,50000]}
2026-02-28T15:32:30.443+0300	DEBUG	logger/zap_logger.go:71	JOIN match found	{"matchNum": 2, "leftRow": [1,"Alice",10,10,"HR"], "rightRow": [1,60000]}
2026-02-28T15:32:30.443+0300	DEBUG	logger/zap_logger.go:71	JOIN match found	{"matchNum": 3, "leftRow": [2,"Bob",20,20,"Engineering"], "rightRow": [2,80000]}
2026-02-28T15:32:30.443+0300	DEBUG	logger/zap_logger.go:71	performNestedLoopJoin end	{"resultRows": 4, "matches": 4}
2026-02-28T15:32:30.443+0300	DEBUG	logger/zap_logger.go:71	executing plan node	{"type": "Scan"}
2026-02-28T15:32:30.443+0300	DEBUG	logger/zap_logger.go:71	Table metadata: 	{"meta": {"Name":"join_locations","Columns":{"department_id":{"Type":1,"IsNullable":false,"DefaultValue":null,"IsSerial":false,"IsUnique":false,"Idx":1},"location":{"Type":0,"IsNullable":true,"DefaultValue":null,"IsSerial":false,"IsUnique":false,"Idx":2}},"PrimaryKeys":[1]}}
2026-02-28T15:32:30.443+0300	DEBUG	logger/zap_logger.go:71	Table columns	{"columns": [{"Idx":1,"Name":"department_id","Type":1,"TableIdentifier":"","OriginalTableName":""},{"Idx":2,"Name":"location","Type":0,"TableIdentifier":"","OriginalTableName":""}]}
2026-02-28T15:32:30.443+0300	DEBUG	logger/zap_logger.go:71	Select columns	{"columns": [{"Name":"","IsAll":true}]}
2026-02-28T15:32:30.443+0300	DEBUG	logger/zap_logger.go:71	NewIterator called with seekKey:	{"seekKey": "testdb:public:join_locations:row:", "typ": "ALL"}
2026-02-28T15:32:30.443+0300	DEBUG	logger/zap_logger.go:71	Select result: 	{"result": {"Rows":[[10,"New York"],[20,"San Francisco"],[30,"Chicago"]],"Columns":[{"Idx":1,"Name":"department_id","Type":1,"TableIdentifier":"","OriginalTableName":""},{"Idx":2,"Name":"location","Type":0,"TableIdentifier":"","OriginalTableName":""}]}}
2026-02-28T15:32:30.443+0300	DEBUG	logger/zap_logger.go:71	scan result	{"rows": 3, "cols": 2}
2026-02-28T15:32:30.443+0300	DEBUG	logger/zap_logger.go:71	performNestedLoopJoin start	{"leftRows": 4, "rightRows": 3, "leftCols": 7, "rightCols": 2}
2026-02-28T15:32:30.443+0300	DEBUG	logger/zap_logger.go:71	Combined column	{"idx": 0, "name": "id", "tableId": "e"}
2026-02-28T15:32:30.443+0300	DEBUG	logger/zap_logger.go:71	Combined column	{"idx": 1, "name": "name", "tableId": "e"}
2026-02-28T15:32:30.443+0300	DEBUG	logger/zap_logger.go:71	Combined column	{"idx": 2, "name": "department_id", "tableId": "e"}
2026-02-28T15:32:30.443+0300	DEBUG	logger/zap_logger.go:71	Combined column	{"idx": 3, "name": "id", "tableId": "d"}
2026-02-28T15:32:30.443+0300	DEBUG	logger/zap_logger.go:71	Combined column	{"idx": 4, "name": "department_name", "tableId": "d"}
2026-02-28T15:32:30.443+0300	DEBUG	logger/zap_logger.go:71	Combined column	{"idx": 5, "name": "employee_id", "tableId": "s"}
2026-02-28T15:32:30.443+0300	DEBUG	logger/zap_logger.go:71	Combined column	{"idx": 6, "name": "salary", "tableId": "s"}
2026-02-28T15:32:30.444+0300	DEBUG	logger/zap_logger.go:71	Combined column	{"idx": 7, "name": "department_id", "tableId": "l"}
2026-02-28T15:32:30.444+0300	DEBUG	logger/zap_logger.go:71	Combined column	{"idx": 8, "name": "location", "tableId": "l"}
2026-02-28T15:32:30.444+0300	DEBUG	logger/zap_logger.go:71	Sample JOIN condition evaluation	{"leftRow": [4,"David",30,30,"Sales",4,50000], "rightRow": [10,"New York"], "condition": "d.id=l.department_id"}
2026-02-28T15:32:30.444+0300	DEBUG	logger/zap_logger.go:71	performNestedLoopJoin end	{"resultRows": 0, "matches": 0}
2026-02-28T15:32:44.578+0300	INFO	logger/zap_logger.go:76	Accepted connection
2026-02-28T15:32:44.578+0300	INFO	logger/zap_logger.go:76	Accepted connection
2026-02-28T15:32:44.586+0300	INFO	logger/zap_logger.go:76	SSL request received, sending 'N'
2026-02-28T15:32:44.586+0300	INFO	logger/zap_logger.go:76	Startup complete
2026-02-28T15:33:02.587+0300	DEBUG	logger/zap_logger.go:96	Query: SELECT e.name, d.department_name, s.salary, l.location
FROM join_employees e
INNER JOIN join_departments d ON e.department_id = d.id
INNER JOIN join_salaries s ON e.id = s.employee_id
INNER JOIN join_locations l ON d.id = l.department_id;
2026-02-28T15:33:02.590+0300	DEBUG	logger/zap_logger.go:96	Parsing select item: e.name
2026-02-28T15:33:02.590+0300	DEBUG	logger/zap_logger.go:96	Parsing select item: d.department_name
2026-02-28T15:33:02.590+0300	DEBUG	logger/zap_logger.go:96	Parsing select item: s.salary
2026-02-28T15:33:02.590+0300	DEBUG	logger/zap_logger.go:96	Parsing select item: l.location
2026-02-28T15:33:02.590+0300	DEBUG	logger/zap_logger.go:96	DEBUG: Parsed statement type: SELECT

2026-02-28T15:33:02.591+0300	DEBUG	logger/zap_logger.go:96	Parsed statement: %!(EXTRA zapcore.Field={stmt 23 0  0x14000388360})
2026-02-28T15:33:02.591+0300	DEBUG	logger/zap_logger.go:96	Executing query plan: %!(EXTRA zapcore.Field={queryPlan 25 0  Project
  Join
    Join
      Join
        Scan (join_employees AS e)
        Scan (join_departments AS d)
      Scan (join_salaries AS s)
    Scan (join_locations AS l)
})
2026-02-28T15:33:02.591+0300	DEBUG	logger/zap_logger.go:71	executing plan node	{"type": "Project"}
2026-02-28T15:33:02.591+0300	DEBUG	logger/zap_logger.go:71	executing plan node	{"type": "Join"}
2026-02-28T15:33:02.591+0300	DEBUG	logger/zap_logger.go:71	executing plan node	{"type": "Join"}
2026-02-28T15:33:02.591+0300	DEBUG	logger/zap_logger.go:71	executing plan node	{"type": "Join"}
2026-02-28T15:33:02.591+0300	DEBUG	logger/zap_logger.go:71	executing plan node	{"type": "Scan"}
2026-02-28T15:33:02.593+0300	DEBUG	logger/zap_logger.go:71	Table metadata: 	{"meta": {"Name":"join_employees","Columns":{"department_id":{"Type":1,"IsNullable":true,"DefaultValue":null,"IsSerial":false,"IsUnique":false,"Idx":3},"id":{"Type":1,"IsNullable":false,"DefaultValue":null,"IsSerial":false,"IsUnique":false,"Idx":1},"name":{"Type":0,"IsNullable":true,"DefaultValue":null,"IsSerial":false,"IsUnique":false,"Idx":2}},"PrimaryKeys":[1]}}
2026-02-28T15:33:02.593+0300	DEBUG	logger/zap_logger.go:71	Table columns	{"columns": [{"Idx":1,"Name":"id","Type":1,"TableIdentifier":"","OriginalTableName":""},{"Idx":2,"Name":"name","Type":0,"TableIdentifier":"","OriginalTableName":""},{"Idx":3,"Name":"department_id","Type":1,"TableIdentifier":"","OriginalTableName":""}]}
2026-02-28T15:33:02.593+0300	DEBUG	logger/zap_logger.go:71	Select columns	{"columns": [{"Name":"","IsAll":true}]}
2026-02-28T15:33:02.593+0300	DEBUG	logger/zap_logger.go:71	NewIterator called with seekKey:	{"seekKey": "testdb:public:join_employees:row:", "typ": "ALL"}
2026-02-28T15:33:02.593+0300	DEBUG	logger/zap_logger.go:71	Select result: 	{"result": {"Rows":[[4,"David",30],[1,"Alice",10],[2,"Bob",20],[3,"Charlie",10]],"Columns":[{"Idx":1,"Name":"id","Type":1,"TableIdentifier":"","OriginalTableName":""},{"Idx":2,"Name":"name","Type":0,"TableIdentifier":"","OriginalTableName":""},{"Idx":3,"Name":"department_id","Type":1,"TableIdentifier":"","OriginalTableName":""}]}}
2026-02-28T15:33:02.593+0300	DEBUG	logger/zap_logger.go:71	scan result	{"rows": 4, "cols": 3}
2026-02-28T15:33:02.593+0300	DEBUG	logger/zap_logger.go:71	executing plan node	{"type": "Scan"}
2026-02-28T15:33:02.593+0300	DEBUG	logger/zap_logger.go:71	Table metadata: 	{"meta": {"Name":"join_departments","Columns":{"department_name":{"Type":0,"IsNullable":true,"DefaultValue":null,"IsSerial":false,"IsUnique":false,"Idx":2},"id":{"Type":1,"IsNullable":false,"DefaultValue":null,"IsSerial":false,"IsUnique":false,"Idx":1}},"PrimaryKeys":[1]}}
2026-02-28T15:33:02.593+0300	DEBUG	logger/zap_logger.go:71	Table columns	{"columns": [{"Idx":1,"Name":"id","Type":1,"TableIdentifier":"","OriginalTableName":""},{"Idx":2,"Name":"department_name","Type":0,"TableIdentifier":"","OriginalTableName":""}]}
2026-02-28T15:33:02.593+0300	DEBUG	logger/zap_logger.go:71	Select columns	{"columns": [{"Name":"","IsAll":true}]}
2026-02-28T15:33:02.593+0300	DEBUG	logger/zap_logger.go:71	NewIterator called with seekKey:	{"seekKey": "testdb:public:join_departments:row:", "typ": "ALL"}
2026-02-28T15:33:02.593+0300	DEBUG	logger/zap_logger.go:71	Select result: 	{"result": {"Rows":[[10,"HR"],[20,"Engineering"],[30,"Sales"]],"Columns":[{"Idx":1,"Name":"id","Type":1,"TableIdentifier":"","OriginalTableName":""},{"Idx":2,"Name":"department_name","Type":0,"TableIdentifier":"","OriginalTableName":""}]}}
2026-02-28T15:33:02.593+0300	DEBUG	logger/zap_logger.go:71	scan result	{"rows": 3, "cols": 2}
2026-02-28T15:33:02.593+0300	DEBUG	logger/zap_logger.go:71	performNestedLoopJoin start	{"leftRows": 4, "rightRows": 3, "leftCols": 3, "rightCols": 2}
2026-02-28T15:33:02.593+0300	DEBUG	logger/zap_logger.go:71	Combined column	{"idx": 0, "name": "id", "tableId": "e"}
2026-02-28T15:33:02.593+0300	DEBUG	logger/zap_logger.go:71	Combined column	{"idx": 1, "name": "name", "tableId": "e"}
2026-02-28T15:33:02.593+0300	DEBUG	logger/zap_logger.go:71	Combined column	{"idx": 2, "name": "department_id", "tableId": "e"}
2026-02-28T15:33:02.593+0300	DEBUG	logger/zap_logger.go:71	Combined column	{"idx": 3, "name": "id", "tableId": "d"}
2026-02-28T15:33:02.593+0300	DEBUG	logger/zap_logger.go:71	Combined column	{"idx": 4, "name": "department_name", "tableId": "d"}
2026-02-28T15:33:02.593+0300	DEBUG	logger/zap_logger.go:71	Sample JOIN condition evaluation	{"leftRow": [4,"David",30], "rightRow": [10,"HR"], "condition": "e.department_id=d.id"}
2026-02-28T15:33:02.593+0300	DEBUG	logger/zap_logger.go:71	JOIN match found	{"matchNum": 1, "leftRow": [4,"David",30], "rightRow": [30,"Sales"]}
2026-02-28T15:33:02.593+0300	DEBUG	logger/zap_logger.go:71	JOIN match found	{"matchNum": 2, "leftRow": [1,"Alice",10], "rightRow": [10,"HR"]}
2026-02-28T15:33:02.594+0300	DEBUG	logger/zap_logger.go:71	JOIN match found	{"matchNum": 3, "leftRow": [2,"Bob",20], "rightRow": [20,"Engineering"]}
2026-02-28T15:33:02.594+0300	DEBUG	logger/zap_logger.go:71	performNestedLoopJoin end	{"resultRows": 4, "matches": 4}
2026-02-28T15:33:02.594+0300	DEBUG	logger/zap_logger.go:71	executing plan node	{"type": "Scan"}
2026-02-28T15:33:02.594+0300	DEBUG	logger/zap_logger.go:71	Table metadata: 	{"meta": {"Name":"join_salaries","Columns":{"employee_id":{"Type":1,"IsNullable":false,"DefaultValue":null,"IsSerial":false,"IsUnique":false,"Idx":1},"salary":{"Type":3,"IsNullable":true,"DefaultValue":null,"IsSerial":false,"IsUnique":false,"Idx":2}},"PrimaryKeys":[1]}}
2026-02-28T15:33:02.594+0300	DEBUG	logger/zap_logger.go:71	Table columns	{"columns": [{"Idx":1,"Name":"employee_id","Type":1,"TableIdentifier":"","OriginalTableName":""},{"Idx":2,"Name":"salary","Type":3,"TableIdentifier":"","OriginalTableName":""}]}
2026-02-28T15:33:02.594+0300	DEBUG	logger/zap_logger.go:71	Select columns	{"columns": [{"Name":"","IsAll":true}]}
2026-02-28T15:33:02.594+0300	DEBUG	logger/zap_logger.go:71	NewIterator called with seekKey:	{"seekKey": "testdb:public:join_salaries:row:", "typ": "ALL"}
2026-02-28T15:33:02.594+0300	DEBUG	logger/zap_logger.go:71	Select result: 	{"result": {"Rows":[[2,80000],[3,75000],[4,50000],[1,60000]],"Columns":[{"Idx":1,"Name":"employee_id","Type":1,"TableIdentifier":"","OriginalTableName":""},{"Idx":2,"Name":"salary","Type":3,"TableIdentifier":"","OriginalTableName":""}]}}
2026-02-28T15:33:02.594+0300	DEBUG	logger/zap_logger.go:71	scan result	{"rows": 4, "cols": 2}
2026-02-28T15:33:02.594+0300	DEBUG	logger/zap_logger.go:71	performNestedLoopJoin start	{"leftRows": 4, "rightRows": 4, "leftCols": 5, "rightCols": 2}
2026-02-28T15:33:02.594+0300	DEBUG	logger/zap_logger.go:71	Combined column	{"idx": 0, "name": "id", "tableId": "e"}
2026-02-28T15:33:02.594+0300	DEBUG	logger/zap_logger.go:71	Combined column	{"idx": 1, "name": "name", "tableId": "e"}
2026-02-28T15:33:02.594+0300	DEBUG	logger/zap_logger.go:71	Combined column	{"idx": 2, "name": "department_id", "tableId": "e"}
2026-02-28T15:33:02.594+0300	DEBUG	logger/zap_logger.go:71	Combined column	{"idx": 3, "name": "id", "tableId": "d"}
2026-02-28T15:33:02.594+0300	DEBUG	logger/zap_logger.go:71	Combined column	{"idx": 4, "name": "department_name", "tableId": "d"}
2026-02-28T15:33:02.594+0300	DEBUG	logger/zap_logger.go:71	Combined column	{"idx": 5, "name": "employee_id", "tableId": "s"}
2026-02-28T15:33:02.594+0300	DEBUG	logger/zap_logger.go:71	Combined column	{"idx": 6, "name": "salary", "tableId": "s"}
2026-02-28T15:33:02.594+0300	DEBUG	logger/zap_logger.go:71	Sample JOIN condition evaluation	{"leftRow": [4,"David",30,30,"Sales"], "rightRow": [2,80000], "condition": "e.id=s.employee_id"}
2026-02-28T15:33:02.594+0300	DEBUG	logger/zap_logger.go:71	JOIN match found	{"matchNum": 1, "leftRow": [4,"David",30,30,"Sales"], "rightRow": [4,50000]}
2026-02-28T15:33:02.594+0300	DEBUG	logger/zap_logger.go:71	JOIN match found	{"matchNum": 2, "leftRow": [1,"Alice",10,10,"HR"], "rightRow": [1,60000]}
2026-02-28T15:33:02.594+0300	DEBUG	logger/zap_logger.go:71	JOIN match found	{"matchNum": 3, "leftRow": [2,"Bob",20,20,"Engineering"], "rightRow": [2,80000]}
2026-02-28T15:33:02.594+0300	DEBUG	logger/zap_logger.go:71	performNestedLoopJoin end	{"resultRows": 4, "matches": 4}
2026-02-28T15:33:02.594+0300	DEBUG	logger/zap_logger.go:71	executing plan node	{"type": "Scan"}
2026-02-28T15:33:02.594+0300	DEBUG	logger/zap_logger.go:71	Table metadata: 	{"meta": {"Name":"join_locations","Columns":{"department_id":{"Type":1,"IsNullable":false,"DefaultValue":null,"IsSerial":false,"IsUnique":false,"Idx":1},"location":{"Type":0,"IsNullable":true,"DefaultValue":null,"IsSerial":false,"IsUnique":false,"Idx":2}},"PrimaryKeys":[1]}}
2026-02-28T15:33:02.594+0300	DEBUG	logger/zap_logger.go:71	Table columns	{"columns": [{"Idx":1,"Name":"department_id","Type":1,"TableIdentifier":"","OriginalTableName":""},{"Idx":2,"Name":"location","Type":0,"TableIdentifier":"","OriginalTableName":""}]}
2026-02-28T15:33:02.594+0300	DEBUG	logger/zap_logger.go:71	Select columns	{"columns": [{"Name":"","IsAll":true}]}
2026-02-28T15:33:02.594+0300	DEBUG	logger/zap_logger.go:71	NewIterator called with seekKey:	{"seekKey": "testdb:public:join_locations:row:", "typ": "ALL"}
2026-02-28T15:33:02.595+0300	DEBUG	logger/zap_logger.go:71	Select result: 	{"result": {"Rows":[[10,"New York"],[20,"San Francisco"],[30,"Chicago"]],"Columns":[{"Idx":1,"Name":"department_id","Type":1,"TableIdentifier":"","OriginalTableName":""},{"Idx":2,"Name":"location","Type":0,"TableIdentifier":"","OriginalTableName":""}]}}
2026-02-28T15:33:02.595+0300	DEBUG	logger/zap_logger.go:71	scan result	{"rows": 3, "cols": 2}
2026-02-28T15:33:02.595+0300	DEBUG	logger/zap_logger.go:71	performNestedLoopJoin start	{"leftRows": 4, "rightRows": 3, "leftCols": 7, "rightCols": 2}
2026-02-28T15:33:02.595+0300	DEBUG	logger/zap_logger.go:71	Combined column	{"idx": 0, "name": "id", "tableId": "e"}
2026-02-28T15:33:02.595+0300	DEBUG	logger/zap_logger.go:71	Combined column	{"idx": 1, "name": "name", "tableId": "e"}
2026-02-28T15:33:02.595+0300	DEBUG	logger/zap_logger.go:71	Combined column	{"idx": 2, "name": "department_id", "tableId": "e"}
2026-02-28T15:33:02.595+0300	DEBUG	logger/zap_logger.go:71	Combined column	{"idx": 3, "name": "id", "tableId": "d"}
2026-02-28T15:33:02.595+0300	DEBUG	logger/zap_logger.go:71	Combined column	{"idx": 4, "name": "department_name", "tableId": "d"}
2026-02-28T15:33:02.595+0300	DEBUG	logger/zap_logger.go:71	Combined column	{"idx": 5, "name": "employee_id", "tableId": "s"}
2026-02-28T15:33:02.595+0300	DEBUG	logger/zap_logger.go:71	Combined column	{"idx": 6, "name": "salary", "tableId": "s"}
2026-02-28T15:33:02.595+0300	DEBUG	logger/zap_logger.go:71	Combined column	{"idx": 7, "name": "department_id", "tableId": "l"}
2026-02-28T15:33:02.595+0300	DEBUG	logger/zap_logger.go:71	Combined column	{"idx": 8, "name": "location", "tableId": "l"}
2026-02-28T15:33:02.595+0300	DEBUG	logger/zap_logger.go:71	Sample JOIN condition evaluation	{"leftRow": [4,"David",30,30,"Sales",4,50000], "rightRow": [10,"New York"], "condition": "d.id=l.department_id"}
2026-02-28T15:33:02.595+0300	DEBUG	logger/zap_logger.go:71	performNestedLoopJoin end	{"resultRows": 0, "matches": 0}
2026-02-28T15:33:16.762+0300	DEBUG	logger/zap_logger.go:96	Query: SELECT e.name, d.department_name, s.salary
FROM join_employees e
INNER JOIN join_departments d ON e.department_id = d.id
INNER JOIN join_salaries s ON e.id = s.employee_id;
2026-02-28T15:33:16.763+0300	DEBUG	logger/zap_logger.go:96	Parsing select item: e.name
2026-02-28T15:33:16.763+0300	DEBUG	logger/zap_logger.go:96	Parsing select item: d.department_name
2026-02-28T15:33:16.763+0300	DEBUG	logger/zap_logger.go:96	Parsing select item: s.salary
2026-02-28T15:33:16.763+0300	DEBUG	logger/zap_logger.go:96	DEBUG: Parsed statement type: SELECT

2026-02-28T15:33:16.763+0300	DEBUG	logger/zap_logger.go:96	Parsed statement: %!(EXTRA zapcore.Field={stmt 23 0  0x14000533aa0})
2026-02-28T15:33:16.763+0300	DEBUG	logger/zap_logger.go:96	Executing query plan: %!(EXTRA zapcore.Field={queryPlan 25 0  Project
  Join
    Join
      Scan (join_employees AS e)
      Scan (join_departments AS d)
    Scan (join_salaries AS s)
})
2026-02-28T15:33:16.763+0300	DEBUG	logger/zap_logger.go:71	executing plan node	{"type": "Project"}
2026-02-28T15:33:16.763+0300	DEBUG	logger/zap_logger.go:71	executing plan node	{"type": "Join"}
2026-02-28T15:33:16.763+0300	DEBUG	logger/zap_logger.go:71	executing plan node	{"type": "Join"}
2026-02-28T15:33:16.763+0300	DEBUG	logger/zap_logger.go:71	executing plan node	{"type": "Scan"}
2026-02-28T15:33:16.763+0300	DEBUG	logger/zap_logger.go:71	Table metadata: 	{"meta": {"Name":"join_employees","Columns":{"department_id":{"Type":1,"IsNullable":true,"DefaultValue":null,"IsSerial":false,"IsUnique":false,"Idx":3},"id":{"Type":1,"IsNullable":false,"DefaultValue":null,"IsSerial":false,"IsUnique":false,"Idx":1},"name":{"Type":0,"IsNullable":true,"DefaultValue":null,"IsSerial":false,"IsUnique":false,"Idx":2}},"PrimaryKeys":[1]}}
2026-02-28T15:33:16.763+0300	DEBUG	logger/zap_logger.go:71	Table columns	{"columns": [{"Idx":1,"Name":"id","Type":1,"TableIdentifier":"","OriginalTableName":""},{"Idx":2,"Name":"name","Type":0,"TableIdentifier":"","OriginalTableName":""},{"Idx":3,"Name":"department_id","Type":1,"TableIdentifier":"","OriginalTableName":""}]}
2026-02-28T15:33:16.763+0300	DEBUG	logger/zap_logger.go:71	Select columns	{"columns": [{"Name":"","IsAll":true}]}
2026-02-28T15:33:16.763+0300	DEBUG	logger/zap_logger.go:71	NewIterator called with seekKey:	{"seekKey": "testdb:public:join_employees:row:", "typ": "ALL"}
2026-02-28T15:33:16.763+0300	DEBUG	logger/zap_logger.go:71	Select result: 	{"result": {"Rows":[[4,"David",30],[1,"Alice",10],[2,"Bob",20],[3,"Charlie",10]],"Columns":[{"Idx":1,"Name":"id","Type":1,"TableIdentifier":"","OriginalTableName":""},{"Idx":2,"Name":"name","Type":0,"TableIdentifier":"","OriginalTableName":""},{"Idx":3,"Name":"department_id","Type":1,"TableIdentifier":"","OriginalTableName":""}]}}
2026-02-28T15:33:16.763+0300	DEBUG	logger/zap_logger.go:71	scan result	{"rows": 4, "cols": 3}
2026-02-28T15:33:16.763+0300	DEBUG	logger/zap_logger.go:71	executing plan node	{"type": "Scan"}
2026-02-28T15:33:16.763+0300	DEBUG	logger/zap_logger.go:71	Table metadata: 	{"meta": {"Name":"join_departments","Columns":{"department_name":{"Type":0,"IsNullable":true,"DefaultValue":null,"IsSerial":false,"IsUnique":false,"Idx":2},"id":{"Type":1,"IsNullable":false,"DefaultValue":null,"IsSerial":false,"IsUnique":false,"Idx":1}},"PrimaryKeys":[1]}}
2026-02-28T15:33:16.763+0300	DEBUG	logger/zap_logger.go:71	Table columns	{"columns": [{"Idx":1,"Name":"id","Type":1,"TableIdentifier":"","OriginalTableName":""},{"Idx":2,"Name":"department_name","Type":0,"TableIdentifier":"","OriginalTableName":""}]}
2026-02-28T15:33:16.763+0300	DEBUG	logger/zap_logger.go:71	Select columns	{"columns": [{"Name":"","IsAll":true}]}
2026-02-28T15:33:16.763+0300	DEBUG	logger/zap_logger.go:71	NewIterator called with seekKey:	{"seekKey": "testdb:public:join_departments:row:", "typ": "ALL"}
2026-02-28T15:33:16.763+0300	DEBUG	logger/zap_logger.go:71	Select result: 	{"result": {"Rows":[[30,"Sales"],[10,"HR"],[20,"Engineering"]],"Columns":[{"Idx":1,"Name":"id","Type":1,"TableIdentifier":"","OriginalTableName":""},{"Idx":2,"Name":"department_name","Type":0,"TableIdentifier":"","OriginalTableName":""}]}}
2026-02-28T15:33:16.763+0300	DEBUG	logger/zap_logger.go:71	scan result	{"rows": 3, "cols": 2}
2026-02-28T15:33:16.763+0300	DEBUG	logger/zap_logger.go:71	performNestedLoopJoin start	{"leftRows": 4, "rightRows": 3, "leftCols": 3, "rightCols": 2}
2026-02-28T15:33:16.763+0300	DEBUG	logger/zap_logger.go:71	Combined column	{"idx": 0, "name": "id", "tableId": "e"}
2026-02-28T15:33:16.763+0300	DEBUG	logger/zap_logger.go:71	Combined column	{"idx": 1, "name": "name", "tableId": "e"}
2026-02-28T15:33:16.763+0300	DEBUG	logger/zap_logger.go:71	Combined column	{"idx": 2, "name": "department_id", "tableId": "e"}
2026-02-28T15:33:16.763+0300	DEBUG	logger/zap_logger.go:71	Combined column	{"idx": 3, "name": "id", "tableId": "d"}
2026-02-28T15:33:16.763+0300	DEBUG	logger/zap_logger.go:71	Combined column	{"idx": 4, "name": "department_name", "tableId": "d"}
2026-02-28T15:33:16.763+0300	DEBUG	logger/zap_logger.go:71	Sample JOIN condition evaluation	{"leftRow": [4,"David",30], "rightRow": [30,"Sales"], "condition": "e.department_id=d.id"}
2026-02-28T15:33:16.763+0300	DEBUG	logger/zap_logger.go:71	JOIN match found	{"matchNum": 1, "leftRow": [4,"David",30], "rightRow": [30,"Sales"]}
2026-02-28T15:33:16.763+0300	DEBUG	logger/zap_logger.go:71	JOIN match found	{"matchNum": 2, "leftRow": [1,"Alice",10], "rightRow": [10,"HR"]}
2026-02-28T15:33:16.763+0300	DEBUG	logger/zap_logger.go:71	JOIN match found	{"matchNum": 3, "leftRow": [2,"Bob",20], "rightRow": [20,"Engineering"]}
2026-02-28T15:33:16.763+0300	DEBUG	logger/zap_logger.go:71	performNestedLoopJoin end	{"resultRows": 4, "matches": 4}
2026-02-28T15:33:16.763+0300	DEBUG	logger/zap_logger.go:71	executing plan node	{"type": "Scan"}
2026-02-28T15:33:16.763+0300	DEBUG	logger/zap_logger.go:71	Table metadata: 	{"meta": {"Name":"join_salaries","Columns":{"employee_id":{"Type":1,"IsNullable":false,"DefaultValue":null,"IsSerial":false,"IsUnique":false,"Idx":1},"salary":{"Type":3,"IsNullable":true,"DefaultValue":null,"IsSerial":false,"IsUnique":false,"Idx":2}},"PrimaryKeys":[1]}}
2026-02-28T15:33:16.763+0300	DEBUG	logger/zap_logger.go:71	Table columns	{"columns": [{"Idx":1,"Name":"employee_id","Type":1,"TableIdentifier":"","OriginalTableName":""},{"Idx":2,"Name":"salary","Type":3,"TableIdentifier":"","OriginalTableName":""}]}
2026-02-28T15:33:16.763+0300	DEBUG	logger/zap_logger.go:71	Select columns	{"columns": [{"Name":"","IsAll":true}]}
2026-02-28T15:33:16.763+0300	DEBUG	logger/zap_logger.go:71	NewIterator called with seekKey:	{"seekKey": "testdb:public:join_salaries:row:", "typ": "ALL"}
2026-02-28T15:33:16.763+0300	DEBUG	logger/zap_logger.go:71	Select result: 	{"result": {"Rows":[[3,75000],[4,50000],[1,60000],[2,80000]],"Columns":[{"Idx":1,"Name":"employee_id","Type":1,"TableIdentifier":"","OriginalTableName":""},{"Idx":2,"Name":"salary","Type":3,"TableIdentifier":"","OriginalTableName":""}]}}
2026-02-28T15:33:16.763+0300	DEBUG	logger/zap_logger.go:71	scan result	{"rows": 4, "cols": 2}
2026-02-28T15:33:16.763+0300	DEBUG	logger/zap_logger.go:71	performNestedLoopJoin start	{"leftRows": 4, "rightRows": 4, "leftCols": 5, "rightCols": 2}
2026-02-28T15:33:16.763+0300	DEBUG	logger/zap_logger.go:71	Combined column	{"idx": 0, "name": "id", "tableId": "e"}
2026-02-28T15:33:16.763+0300	DEBUG	logger/zap_logger.go:71	Combined column	{"idx": 1, "name": "name", "tableId": "e"}
2026-02-28T15:33:16.763+0300	DEBUG	logger/zap_logger.go:71	Combined column	{"idx": 2, "name": "department_id", "tableId": "e"}
2026-02-28T15:33:16.763+0300	DEBUG	logger/zap_logger.go:71	Combined column	{"idx": 3, "name": "id", "tableId": "d"}
2026-02-28T15:33:16.763+0300	DEBUG	logger/zap_logger.go:71	Combined column	{"idx": 4, "name": "department_name", "tableId": "d"}
2026-02-28T15:33:16.763+0300	DEBUG	logger/zap_logger.go:71	Combined column	{"idx": 5, "name": "employee_id", "tableId": "s"}
2026-02-28T15:33:16.763+0300	DEBUG	logger/zap_logger.go:71	Combined column	{"idx": 6, "name": "salary", "tableId": "s"}
2026-02-28T15:33:16.763+0300	DEBUG	logger/zap_logger.go:71	Sample JOIN condition evaluation	{"leftRow": [4,"David",30,30,"Sales"], "rightRow": [3,75000], "condition": "e.id=s.employee_id"}
2026-02-28T15:33:16.763+0300	DEBUG	logger/zap_logger.go:71	JOIN match found	{"matchNum": 1, "leftRow": [4,"David",30,30,"Sales"], "rightRow": [4,50000]}
2026-02-28T15:33:16.763+0300	DEBUG	logger/zap_logger.go:71	JOIN match found	{"matchNum": 2, "leftRow": [1,"Alice",10,10,"HR"], "rightRow": [1,60000]}
2026-02-28T15:33:16.763+0300	DEBUG	logger/zap_logger.go:71	JOIN match found	{"matchNum": 3, "leftRow": [2,"Bob",20,20,"Engineering"], "rightRow": [2,80000]}
2026-02-28T15:33:16.763+0300	DEBUG	logger/zap_logger.go:71	performNestedLoopJoin end	{"resultRows": 4, "matches": 4}
2026-02-28T15:33:16.763+0300	DEBUG	logger/zap_logger.go:71	DEBUG: Sending row:	{"row": ["David","Sales",50000]}
2026-02-28T15:33:16.763+0300	DEBUG	logger/zap_logger.go:71	DEBUG: Sending row:	{"row": ["Alice","HR",60000]}
2026-02-28T15:33:16.763+0300	DEBUG	logger/zap_logger.go:71	DEBUG: Sending row:	{"row": ["Bob","Engineering",80000]}
2026-02-28T15:33:16.763+0300	DEBUG	logger/zap_logger.go:71	DEBUG: Sending row:	{"row": ["Charlie","HR",75000]}
2026-02-28T15:33:37.544+0300	DEBUG	logger/zap_logger.go:96	Query: SELECT e.name, d.department_name, s.salary, l.location
FROM join_employees e
INNER JOIN join_departments d ON e.department_id = d.id
INNER JOIN join_salaries s ON e.id = s.employee_id
INNER JOIN join_locations l ON d.id = l.department_id;
2026-02-28T15:33:37.545+0300	DEBUG	logger/zap_logger.go:96	Parsing select item: e.name
2026-02-28T15:33:37.545+0300	DEBUG	logger/zap_logger.go:96	Parsing select item: d.department_name
2026-02-28T15:33:37.545+0300	DEBUG	logger/zap_logger.go:96	Parsing select item: s.salary
2026-02-28T15:33:37.545+0300	DEBUG	logger/zap_logger.go:96	Parsing select item: l.location
2026-02-28T15:33:37.546+0300	DEBUG	logger/zap_logger.go:96	DEBUG: Parsed statement type: SELECT

2026-02-28T15:33:37.546+0300	DEBUG	logger/zap_logger.go:96	Parsed statement: %!(EXTRA zapcore.Field={stmt 23 0  0x14000048540})
2026-02-28T15:33:37.546+0300	DEBUG	logger/zap_logger.go:96	Executing query plan: %!(EXTRA zapcore.Field={queryPlan 25 0  Project
  Join
    Join
      Join
        Scan (join_employees AS e)
        Scan (join_departments AS d)
      Scan (join_salaries AS s)
    Scan (join_locations AS l)
})
2026-02-28T15:33:37.546+0300	DEBUG	logger/zap_logger.go:71	executing plan node	{"type": "Project"}
2026-02-28T15:33:37.546+0300	DEBUG	logger/zap_logger.go:71	executing plan node	{"type": "Join"}
2026-02-28T15:33:37.546+0300	DEBUG	logger/zap_logger.go:71	executing plan node	{"type": "Join"}
2026-02-28T15:33:37.546+0300	DEBUG	logger/zap_logger.go:71	executing plan node	{"type": "Join"}
2026-02-28T15:33:37.546+0300	DEBUG	logger/zap_logger.go:71	executing plan node	{"type": "Scan"}
2026-02-28T15:33:37.546+0300	DEBUG	logger/zap_logger.go:71	Table metadata: 	{"meta": {"Name":"join_employees","Columns":{"department_id":{"Type":1,"IsNullable":true,"DefaultValue":null,"IsSerial":false,"IsUnique":false,"Idx":3},"id":{"Type":1,"IsNullable":false,"DefaultValue":null,"IsSerial":false,"IsUnique":false,"Idx":1},"name":{"Type":0,"IsNullable":true,"DefaultValue":null,"IsSerial":false,"IsUnique":false,"Idx":2}},"PrimaryKeys":[1]}}
2026-02-28T15:33:37.546+0300	DEBUG	logger/zap_logger.go:71	Table columns	{"columns": [{"Idx":1,"Name":"id","Type":1,"TableIdentifier":"","OriginalTableName":""},{"Idx":2,"Name":"name","Type":0,"TableIdentifier":"","OriginalTableName":""},{"Idx":3,"Name":"department_id","Type":1,"TableIdentifier":"","OriginalTableName":""}]}
2026-02-28T15:33:37.547+0300	DEBUG	logger/zap_logger.go:71	Select columns	{"columns": [{"Name":"","IsAll":true}]}
2026-02-28T15:33:37.547+0300	DEBUG	logger/zap_logger.go:71	NewIterator called with seekKey:	{"seekKey": "testdb:public:join_employees:row:", "typ": "ALL"}
2026-02-28T15:33:37.547+0300	DEBUG	logger/zap_logger.go:71	Select result: 	{"result": {"Rows":[[1,"Alice",10],[2,"Bob",20],[3,"Charlie",10],[4,"David",30]],"Columns":[{"Idx":1,"Name":"id","Type":1,"TableIdentifier":"","OriginalTableName":""},{"Idx":2,"Name":"name","Type":0,"TableIdentifier":"","OriginalTableName":""},{"Idx":3,"Name":"department_id","Type":1,"TableIdentifier":"","OriginalTableName":""}]}}
2026-02-28T15:33:37.547+0300	DEBUG	logger/zap_logger.go:71	scan result	{"rows": 4, "cols": 3}
2026-02-28T15:33:37.547+0300	DEBUG	logger/zap_logger.go:71	executing plan node	{"type": "Scan"}
2026-02-28T15:33:37.547+0300	DEBUG	logger/zap_logger.go:71	Table metadata: 	{"meta": {"Name":"join_departments","Columns":{"department_name":{"Type":0,"IsNullable":true,"DefaultValue":null,"IsSerial":false,"IsUnique":false,"Idx":2},"id":{"Type":1,"IsNullable":false,"DefaultValue":null,"IsSerial":false,"IsUnique":false,"Idx":1}},"PrimaryKeys":[1]}}
2026-02-28T15:33:37.547+0300	DEBUG	logger/zap_logger.go:71	Table columns	{"columns": [{"Idx":1,"Name":"id","Type":1,"TableIdentifier":"","OriginalTableName":""},{"Idx":2,"Name":"department_name","Type":0,"TableIdentifier":"","OriginalTableName":""}]}
2026-02-28T15:33:37.547+0300	DEBUG	logger/zap_logger.go:71	Select columns	{"columns": [{"Name":"","IsAll":true}]}
2026-02-28T15:33:37.547+0300	DEBUG	logger/zap_logger.go:71	NewIterator called with seekKey:	{"seekKey": "testdb:public:join_departments:row:", "typ": "ALL"}
2026-02-28T15:33:37.547+0300	DEBUG	logger/zap_logger.go:71	Select result: 	{"result": {"Rows":[[10,"HR"],[20,"Engineering"],[30,"Sales"]],"Columns":[{"Idx":1,"Name":"id","Type":1,"TableIdentifier":"","OriginalTableName":""},{"Idx":2,"Name":"department_name","Type":0,"TableIdentifier":"","OriginalTableName":""}]}}
2026-02-28T15:33:37.547+0300	DEBUG	logger/zap_logger.go:71	scan result	{"rows": 3, "cols": 2}
2026-02-28T15:33:37.547+0300	DEBUG	logger/zap_logger.go:71	performNestedLoopJoin start	{"leftRows": 4, "rightRows": 3, "leftCols": 3, "rightCols": 2}
2026-02-28T15:33:37.547+0300	DEBUG	logger/zap_logger.go:71	Combined column	{"idx": 0, "name": "id", "tableId": "e"}
2026-02-28T15:33:37.547+0300	DEBUG	logger/zap_logger.go:71	Combined column	{"idx": 1, "name": "name", "tableId": "e"}
2026-02-28T15:33:37.547+0300	DEBUG	logger/zap_logger.go:71	Combined column	{"idx": 2, "name": "department_id", "tableId": "e"}
2026-02-28T15:33:37.547+0300	DEBUG	logger/zap_logger.go:71	Combined column	{"idx": 3, "name": "id", "tableId": "d"}
2026-02-28T15:33:37.547+0300	DEBUG	logger/zap_logger.go:71	Combined column	{"idx": 4, "name": "department_name", "tableId": "d"}
2026-02-28T15:33:37.547+0300	DEBUG	logger/zap_logger.go:71	Sample JOIN condition evaluation	{"leftRow": [1,"Alice",10], "rightRow": [10,"HR"], "condition": "e.department_id=d.id"}
2026-02-28T15:33:37.547+0300	DEBUG	logger/zap_logger.go:71	JOIN match found	{"matchNum": 1, "leftRow": [1,"Alice",10], "rightRow": [10,"HR"]}
2026-02-28T15:33:37.548+0300	DEBUG	logger/zap_logger.go:71	JOIN match found	{"matchNum": 2, "leftRow": [2,"Bob",20], "rightRow": [20,"Engineering"]}
2026-02-28T15:33:37.548+0300	DEBUG	logger/zap_logger.go:71	JOIN match found	{"matchNum": 3, "leftRow": [3,"Charlie",10], "rightRow": [10,"HR"]}
2026-02-28T15:33:37.548+0300	DEBUG	logger/zap_logger.go:71	performNestedLoopJoin end	{"resultRows": 4, "matches": 4}
2026-02-28T15:33:37.548+0300	DEBUG	logger/zap_logger.go:71	executing plan node	{"type": "Scan"}
2026-02-28T15:33:37.548+0300	DEBUG	logger/zap_logger.go:71	Table metadata: 	{"meta": {"Name":"join_salaries","Columns":{"employee_id":{"Type":1,"IsNullable":false,"DefaultValue":null,"IsSerial":false,"IsUnique":false,"Idx":1},"salary":{"Type":3,"IsNullable":true,"DefaultValue":null,"IsSerial":false,"IsUnique":false,"Idx":2}},"PrimaryKeys":[1]}}
2026-02-28T15:33:37.548+0300	DEBUG	logger/zap_logger.go:71	Table columns	{"columns": [{"Idx":1,"Name":"employee_id","Type":1,"TableIdentifier":"","OriginalTableName":""},{"Idx":2,"Name":"salary","Type":3,"TableIdentifier":"","OriginalTableName":""}]}
2026-02-28T15:33:37.548+0300	DEBUG	logger/zap_logger.go:71	Select columns	{"columns": [{"Name":"","IsAll":true}]}
2026-02-28T15:33:37.548+0300	DEBUG	logger/zap_logger.go:71	NewIterator called with seekKey:	{"seekKey": "testdb:public:join_salaries:row:", "typ": "ALL"}
2026-02-28T15:33:37.548+0300	DEBUG	logger/zap_logger.go:71	Select result: 	{"result": {"Rows":[[1,60000],[2,80000],[3,75000],[4,50000]],"Columns":[{"Idx":1,"Name":"employee_id","Type":1,"TableIdentifier":"","OriginalTableName":""},{"Idx":2,"Name":"salary","Type":3,"TableIdentifier":"","OriginalTableName":""}]}}
2026-02-28T15:33:37.548+0300	DEBUG	logger/zap_logger.go:71	scan result	{"rows": 4, "cols": 2}
2026-02-28T15:33:37.548+0300	DEBUG	logger/zap_logger.go:71	performNestedLoopJoin start	{"leftRows": 4, "rightRows": 4, "leftCols": 5, "rightCols": 2}
2026-02-28T15:33:37.548+0300	DEBUG	logger/zap_logger.go:71	Combined column	{"idx": 0, "name": "id", "tableId": "e"}
2026-02-28T15:33:37.548+0300	DEBUG	logger/zap_logger.go:71	Combined column	{"idx": 1, "name": "name", "tableId": "e"}
2026-02-28T15:33:37.548+0300	DEBUG	logger/zap_logger.go:71	Combined column	{"idx": 2, "name": "department_id", "tableId": "e"}
2026-02-28T15:33:37.548+0300	DEBUG	logger/zap_logger.go:71	Combined column	{"idx": 3, "name": "id", "tableId": "d"}
2026-02-28T15:33:37.548+0300	DEBUG	logger/zap_logger.go:71	Combined column	{"idx": 4, "name": "department_name", "tableId": "d"}
2026-02-28T15:33:37.548+0300	DEBUG	logger/zap_logger.go:71	Combined column	{"idx": 5, "name": "employee_id", "tableId": "s"}
2026-02-28T15:33:37.548+0300	DEBUG	logger/zap_logger.go:71	Combined column	{"idx": 6, "name": "salary", "tableId": "s"}
2026-02-28T15:33:37.548+0300	DEBUG	logger/zap_logger.go:71	Sample JOIN condition evaluation	{"leftRow": [1,"Alice",10,10,"HR"], "rightRow": [1,60000], "condition": "e.id=s.employee_id"}
2026-02-28T15:33:37.548+0300	DEBUG	logger/zap_logger.go:71	JOIN match found	{"matchNum": 1, "leftRow": [1,"Alice",10,10,"HR"], "rightRow": [1,60000]}
2026-02-28T15:33:37.548+0300	DEBUG	logger/zap_logger.go:71	JOIN match found	{"matchNum": 2, "leftRow": [2,"Bob",20,20,"Engineering"], "rightRow": [2,80000]}
2026-02-28T15:33:37.549+0300	DEBUG	logger/zap_logger.go:71	JOIN match found	{"matchNum": 3, "leftRow": [3,"Charlie",10,10,"HR"], "rightRow": [3,75000]}
2026-02-28T15:33:37.549+0300	DEBUG	logger/zap_logger.go:71	performNestedLoopJoin end	{"resultRows": 4, "matches": 4}
2026-02-28T15:33:37.549+0300	DEBUG	logger/zap_logger.go:71	executing plan node	{"type": "Scan"}
2026-02-28T15:33:37.549+0300	DEBUG	logger/zap_logger.go:71	Table metadata: 	{"meta": {"Name":"join_locations","Columns":{"department_id":{"Type":1,"IsNullable":false,"DefaultValue":null,"IsSerial":false,"IsUnique":false,"Idx":1},"location":{"Type":0,"IsNullable":true,"DefaultValue":null,"IsSerial":false,"IsUnique":false,"Idx":2}},"PrimaryKeys":[1]}}
2026-02-28T15:33:37.549+0300	DEBUG	logger/zap_logger.go:71	Table columns	{"columns": [{"Idx":1,"Name":"department_id","Type":1,"TableIdentifier":"","OriginalTableName":""},{"Idx":2,"Name":"location","Type":0,"TableIdentifier":"","OriginalTableName":""}]}
2026-02-28T15:33:37.549+0300	DEBUG	logger/zap_logger.go:71	Select columns	{"columns": [{"Name":"","IsAll":true}]}
2026-02-28T15:33:37.549+0300	DEBUG	logger/zap_logger.go:71	NewIterator called with seekKey:	{"seekKey": "testdb:public:join_locations:row:", "typ": "ALL"}
2026-02-28T15:33:37.549+0300	DEBUG	logger/zap_logger.go:71	Select result: 	{"result": {"Rows":[[10,"New York"],[20,"San Francisco"],[30,"Chicago"]],"Columns":[{"Idx":1,"Name":"department_id","Type":1,"TableIdentifier":"","OriginalTableName":""},{"Idx":2,"Name":"location","Type":0,"TableIdentifier":"","OriginalTableName":""}]}}
2026-02-28T15:33:37.549+0300	DEBUG	logger/zap_logger.go:71	scan result	{"rows": 3, "cols": 2}
2026-02-28T15:33:37.549+0300	DEBUG	logger/zap_logger.go:71	performNestedLoopJoin start	{"leftRows": 4, "rightRows": 3, "leftCols": 7, "rightCols": 2}
2026-02-28T15:33:37.549+0300	DEBUG	logger/zap_logger.go:71	Combined column	{"idx": 0, "name": "id", "tableId": "e"}
2026-02-28T15:33:37.549+0300	DEBUG	logger/zap_logger.go:71	Combined column	{"idx": 1, "name": "name", "tableId": "e"}
2026-02-28T15:33:37.549+0300	DEBUG	logger/zap_logger.go:71	Combined column	{"idx": 2, "name": "department_id", "tableId": "e"}
2026-02-28T15:33:37.549+0300	DEBUG	logger/zap_logger.go:71	Combined column	{"idx": 3, "name": "id", "tableId": "d"}
2026-02-28T15:33:37.549+0300	DEBUG	logger/zap_logger.go:71	Combined column	{"idx": 4, "name": "department_name", "tableId": "d"}
2026-02-28T15:33:37.549+0300	DEBUG	logger/zap_logger.go:71	Combined column	{"idx": 5, "name": "employee_id", "tableId": "s"}
2026-02-28T15:33:37.549+0300	DEBUG	logger/zap_logger.go:71	Combined column	{"idx": 6, "name": "salary", "tableId": "s"}
2026-02-28T15:33:37.549+0300	DEBUG	logger/zap_logger.go:71	Combined column	{"idx": 7, "name": "department_id", "tableId": "l"}
2026-02-28T15:33:37.549+0300	DEBUG	logger/zap_logger.go:71	Combined column	{"idx": 8, "name": "location", "tableId": "l"}
2026-02-28T15:33:37.549+0300	DEBUG	logger/zap_logger.go:71	Sample JOIN condition evaluation	{"leftRow": [1,"Alice",10,10,"HR",1,60000], "rightRow": [10,"New York"], "condition": "d.id=l.department_id"}
2026-02-28T15:33:37.549+0300	DEBUG	logger/zap_logger.go:71	performNestedLoopJoin end	{"resultRows": 0, "matches": 0}
2026-02-28T15:35:11.725+0300	ERROR	logger/zap_logger.go:111	Connection error: read tcp [::1]:5432->[::1]:62642: i/o timeout
2026-02-28T15:37:44.586+0300	ERROR	logger/zap_logger.go:111	Connection error: read tcp [::1]:5432->[::1]:62654: i/o timeout
2026-02-28T15:44:09.432+0300	INFO	logger/zap_logger.go:76	Accepted connection
2026-02-28T15:44:09.441+0300	INFO	logger/zap_logger.go:76	Accepted connection
2026-02-28T15:44:09.538+0300	INFO	logger/zap_logger.go:76	SSL request received, sending 'N'
2026-02-28T15:44:09.539+0300	INFO	logger/zap_logger.go:76	Startup complete
2026-02-28T15:44:23.513+0300	DEBUG	logger/zap_logger.go:96	Query: SELECT e.name, d.department_name, s.salary, l.location
                                FROM join_employees e
                                INNER JOIN join_departments d ON e.department_id = d.id
                                INNER JOIN join_salaries s ON e.id = s.employee_id
                                INNER JOIN join_locations l ON d.id = l.department_id;
2026-02-28T15:44:23.521+0300	DEBUG	logger/zap_logger.go:96	Parsing select item: e.name
2026-02-28T15:44:23.522+0300	DEBUG	logger/zap_logger.go:96	Parsing select item: d.department_name
2026-02-28T15:44:23.522+0300	DEBUG	logger/zap_logger.go:96	Parsing select item: s.salary
2026-02-28T15:44:23.522+0300	DEBUG	logger/zap_logger.go:96	Parsing select item: l.location
2026-02-28T15:44:23.522+0300	DEBUG	logger/zap_logger.go:96	DEBUG: Parsed statement type: SELECT

2026-02-28T15:44:23.523+0300	DEBUG	logger/zap_logger.go:96	Parsed statement: %!(EXTRA zapcore.Field={stmt 23 0  0x14000498e40})
2026-02-28T15:44:23.524+0300	DEBUG	logger/zap_logger.go:96	Executing query plan: %!(EXTRA zapcore.Field={queryPlan 25 0  Project
  Join
    Join
      Join
        Scan (join_employees AS e)
        Scan (join_departments AS d)
      Scan (join_salaries AS s)
    Scan (join_locations AS l)
})
2026-02-28T15:44:23.524+0300	DEBUG	logger/zap_logger.go:71	executing plan node	{"type": "Project"}
2026-02-28T15:44:23.524+0300	DEBUG	logger/zap_logger.go:71	executing plan node	{"type": "Join"}
2026-02-28T15:44:23.524+0300	DEBUG	logger/zap_logger.go:71	executing plan node	{"type": "Join"}
2026-02-28T15:44:23.524+0300	DEBUG	logger/zap_logger.go:71	executing plan node	{"type": "Join"}
2026-02-28T15:44:23.524+0300	DEBUG	logger/zap_logger.go:71	executing plan node	{"type": "Scan"}
2026-02-28T15:44:23.533+0300	DEBUG	logger/zap_logger.go:71	Table metadata: 	{"meta": {"Name":"join_employees","Columns":{"department_id":{"Type":1,"IsNullable":true,"DefaultValue":null,"IsSerial":false,"IsUnique":false,"Idx":3},"id":{"Type":1,"IsNullable":false,"DefaultValue":null,"IsSerial":false,"IsUnique":false,"Idx":1},"name":{"Type":0,"IsNullable":true,"DefaultValue":null,"IsSerial":false,"IsUnique":false,"Idx":2}},"PrimaryKeys":[1]}}
2026-02-28T15:44:23.534+0300	DEBUG	logger/zap_logger.go:71	Table columns	{"columns": [{"Idx":1,"Name":"id","Type":1,"TableIdentifier":"","OriginalTableName":""},{"Idx":2,"Name":"name","Type":0,"TableIdentifier":"","OriginalTableName":""},{"Idx":3,"Name":"department_id","Type":1,"TableIdentifier":"","OriginalTableName":""}]}
2026-02-28T15:44:23.534+0300	DEBUG	logger/zap_logger.go:71	Select columns	{"columns": [{"Name":"","IsAll":true}]}
2026-02-28T15:44:23.534+0300	DEBUG	logger/zap_logger.go:71	NewIterator called with seekKey:	{"seekKey": "testdb:public:join_employees:row:", "typ": "ALL"}
2026-02-28T15:44:23.535+0300	DEBUG	logger/zap_logger.go:71	Select result: 	{"result": {"Rows":[[3,"Charlie",10],[4,"David",30],[1,"Alice",10],[2,"Bob",20]],"Columns":[{"Idx":1,"Name":"id","Type":1,"TableIdentifier":"","OriginalTableName":""},{"Idx":2,"Name":"name","Type":0,"TableIdentifier":"","OriginalTableName":""},{"Idx":3,"Name":"department_id","Type":1,"TableIdentifier":"","OriginalTableName":""}]}}
2026-02-28T15:44:23.535+0300	DEBUG	logger/zap_logger.go:71	scan result	{"rows": 4, "cols": 3}
2026-02-28T15:44:23.535+0300	DEBUG	logger/zap_logger.go:71	executing plan node	{"type": "Scan"}
2026-02-28T15:44:23.535+0300	DEBUG	logger/zap_logger.go:71	Table metadata: 	{"meta": {"Name":"join_departments","Columns":{"department_name":{"Type":0,"IsNullable":true,"DefaultValue":null,"IsSerial":false,"IsUnique":false,"Idx":2},"id":{"Type":1,"IsNullable":false,"DefaultValue":null,"IsSerial":false,"IsUnique":false,"Idx":1}},"PrimaryKeys":[1]}}
2026-02-28T15:44:23.535+0300	DEBUG	logger/zap_logger.go:71	Table columns	{"columns": [{"Idx":1,"Name":"id","Type":1,"TableIdentifier":"","OriginalTableName":""},{"Idx":2,"Name":"department_name","Type":0,"TableIdentifier":"","OriginalTableName":""}]}
2026-02-28T15:44:23.535+0300	DEBUG	logger/zap_logger.go:71	Select columns	{"columns": [{"Name":"","IsAll":true}]}
2026-02-28T15:44:23.535+0300	DEBUG	logger/zap_logger.go:71	NewIterator called with seekKey:	{"seekKey": "testdb:public:join_departments:row:", "typ": "ALL"}
2026-02-28T15:44:23.535+0300	DEBUG	logger/zap_logger.go:71	Select result: 	{"result": {"Rows":[[10,"HR"],[20,"Engineering"],[30,"Sales"]],"Columns":[{"Idx":1,"Name":"id","Type":1,"TableIdentifier":"","OriginalTableName":""},{"Idx":2,"Name":"department_name","Type":0,"TableIdentifier":"","OriginalTableName":""}]}}
2026-02-28T15:44:23.535+0300	DEBUG	logger/zap_logger.go:71	scan result	{"rows": 3, "cols": 2}
2026-02-28T15:44:23.535+0300	DEBUG	logger/zap_logger.go:71	performNestedLoopJoin start	{"leftRows": 4, "rightRows": 3, "leftCols": 3, "rightCols": 2}
2026-02-28T15:44:23.535+0300	DEBUG	logger/zap_logger.go:71	Combined column	{"idx": 0, "name": "id", "tableId": "e"}
2026-02-28T15:44:23.535+0300	DEBUG	logger/zap_logger.go:71	Combined column	{"idx": 1, "name": "name", "tableId": "e"}
2026-02-28T15:44:23.535+0300	DEBUG	logger/zap_logger.go:71	Combined column	{"idx": 2, "name": "department_id", "tableId": "e"}
2026-02-28T15:44:23.535+0300	DEBUG	logger/zap_logger.go:71	Combined column	{"idx": 3, "name": "id", "tableId": "d"}
2026-02-28T15:44:23.535+0300	DEBUG	logger/zap_logger.go:71	Combined column	{"idx": 4, "name": "department_name", "tableId": "d"}
2026-02-28T15:44:23.535+0300	DEBUG	logger/zap_logger.go:71	Sample JOIN condition evaluation	{"leftRow": [3,"Charlie",10], "rightRow": [10,"HR"], "condition": "e.department_id=d.id"}
2026-02-28T15:44:23.536+0300	DEBUG	logger/zap_logger.go:71	JOIN match found	{"matchNum": 1, "leftRow": [3,"Charlie",10], "rightRow": [10,"HR"]}
2026-02-28T15:44:23.536+0300	DEBUG	logger/zap_logger.go:71	JOIN match found	{"matchNum": 2, "leftRow": [4,"David",30], "rightRow": [30,"Sales"]}
2026-02-28T15:44:23.536+0300	DEBUG	logger/zap_logger.go:71	JOIN match found	{"matchNum": 3, "leftRow": [1,"Alice",10], "rightRow": [10,"HR"]}
2026-02-28T15:44:23.536+0300	DEBUG	logger/zap_logger.go:71	performNestedLoopJoin end	{"resultRows": 4, "matches": 4}
2026-02-28T15:44:23.536+0300	DEBUG	logger/zap_logger.go:71	executing plan node	{"type": "Scan"}
2026-02-28T15:44:23.536+0300	DEBUG	logger/zap_logger.go:71	Table metadata: 	{"meta": {"Name":"join_salaries","Columns":{"employee_id":{"Type":1,"IsNullable":false,"DefaultValue":null,"IsSerial":false,"IsUnique":false,"Idx":1},"salary":{"Type":3,"IsNullable":true,"DefaultValue":null,"IsSerial":false,"IsUnique":false,"Idx":2}},"PrimaryKeys":[1]}}
2026-02-28T15:44:23.536+0300	DEBUG	logger/zap_logger.go:71	Table columns	{"columns": [{"Idx":1,"Name":"employee_id","Type":1,"TableIdentifier":"","OriginalTableName":""},{"Idx":2,"Name":"salary","Type":3,"TableIdentifier":"","OriginalTableName":""}]}
2026-02-28T15:44:23.536+0300	DEBUG	logger/zap_logger.go:71	Select columns	{"columns": [{"Name":"","IsAll":true}]}
2026-02-28T15:44:23.536+0300	DEBUG	logger/zap_logger.go:71	NewIterator called with seekKey:	{"seekKey": "testdb:public:join_salaries:row:", "typ": "ALL"}
2026-02-28T15:44:23.536+0300	DEBUG	logger/zap_logger.go:71	Select result: 	{"result": {"Rows":[[4,50000],[1,60000],[2,80000],[3,75000]],"Columns":[{"Idx":1,"Name":"employee_id","Type":1,"TableIdentifier":"","OriginalTableName":""},{"Idx":2,"Name":"salary","Type":3,"TableIdentifier":"","OriginalTableName":""}]}}
2026-02-28T15:44:23.536+0300	DEBUG	logger/zap_logger.go:71	scan result	{"rows": 4, "cols": 2}
2026-02-28T15:44:23.536+0300	DEBUG	logger/zap_logger.go:71	performNestedLoopJoin start	{"leftRows": 4, "rightRows": 4, "leftCols": 5, "rightCols": 2}
2026-02-28T15:44:23.536+0300	DEBUG	logger/zap_logger.go:71	Combined column	{"idx": 0, "name": "id", "tableId": "e"}
2026-02-28T15:44:23.536+0300	DEBUG	logger/zap_logger.go:71	Combined column	{"idx": 1, "name": "name", "tableId": "e"}
2026-02-28T15:44:23.536+0300	DEBUG	logger/zap_logger.go:71	Combined column	{"idx": 2, "name": "department_id", "tableId": "e"}
2026-02-28T15:44:23.536+0300	DEBUG	logger/zap_logger.go:71	Combined column	{"idx": 3, "name": "id", "tableId": "d"}
2026-02-28T15:44:23.536+0300	DEBUG	logger/zap_logger.go:71	Combined column	{"idx": 4, "name": "department_name", "tableId": "d"}
2026-02-28T15:44:23.536+0300	DEBUG	logger/zap_logger.go:71	Combined column	{"idx": 5, "name": "employee_id", "tableId": "s"}
2026-02-28T15:44:23.536+0300	DEBUG	logger/zap_logger.go:71	Combined column	{"idx": 6, "name": "salary", "tableId": "s"}
2026-02-28T15:44:23.536+0300	DEBUG	logger/zap_logger.go:71	Sample JOIN condition evaluation	{"leftRow": [3,"Charlie",10,10,"HR"], "rightRow": [4,50000], "condition": "e.id=s.employee_id"}
2026-02-28T15:44:23.536+0300	DEBUG	logger/zap_logger.go:71	JOIN match found	{"matchNum": 1, "leftRow": [3,"Charlie",10,10,"HR"], "rightRow": [3,75000]}
2026-02-28T15:44:23.536+0300	DEBUG	logger/zap_logger.go:71	JOIN match found	{"matchNum": 2, "leftRow": [4,"David",30,30,"Sales"], "rightRow": [4,50000]}
2026-02-28T15:44:23.536+0300	DEBUG	logger/zap_logger.go:71	JOIN match found	{"matchNum": 3, "leftRow": [1,"Alice",10,10,"HR"], "rightRow": [1,60000]}
2026-02-28T15:44:23.536+0300	DEBUG	logger/zap_logger.go:71	performNestedLoopJoin end	{"resultRows": 4, "matches": 4}
2026-02-28T15:44:23.536+0300	DEBUG	logger/zap_logger.go:71	executing plan node	{"type": "Scan"}
2026-02-28T15:44:23.536+0300	DEBUG	logger/zap_logger.go:71	Table metadata: 	{"meta": {"Name":"join_locations","Columns":{"department_id":{"Type":1,"IsNullable":false,"DefaultValue":null,"IsSerial":false,"IsUnique":false,"Idx":1},"location":{"Type":0,"IsNullable":true,"DefaultValue":null,"IsSerial":false,"IsUnique":false,"Idx":2}},"PrimaryKeys":[1]}}
2026-02-28T15:44:23.536+0300	DEBUG	logger/zap_logger.go:71	Table columns	{"columns": [{"Idx":1,"Name":"department_id","Type":1,"TableIdentifier":"","OriginalTableName":""},{"Idx":2,"Name":"location","Type":0,"TableIdentifier":"","OriginalTableName":""}]}
2026-02-28T15:44:23.536+0300	DEBUG	logger/zap_logger.go:71	Select columns	{"columns": [{"Name":"","IsAll":true}]}
2026-02-28T15:44:23.536+0300	DEBUG	logger/zap_logger.go:71	NewIterator called with seekKey:	{"seekKey": "testdb:public:join_locations:row:", "typ": "ALL"}
2026-02-28T15:44:23.537+0300	DEBUG	logger/zap_logger.go:71	Select result: 	{"result": {"Rows":[[10,"New York"],[20,"San Francisco"],[30,"Chicago"]],"Columns":[{"Idx":1,"Name":"department_id","Type":1,"TableIdentifier":"","OriginalTableName":""},{"Idx":2,"Name":"location","Type":0,"TableIdentifier":"","OriginalTableName":""}]}}
2026-02-28T15:44:23.537+0300	DEBUG	logger/zap_logger.go:71	scan result	{"rows": 3, "cols": 2}
2026-02-28T15:44:23.537+0300	DEBUG	logger/zap_logger.go:71	performNestedLoopJoin start	{"leftRows": 4, "rightRows": 3, "leftCols": 7, "rightCols": 2}
2026-02-28T15:44:23.537+0300	DEBUG	logger/zap_logger.go:71	Combined column	{"idx": 0, "name": "id", "tableId": "e"}
2026-02-28T15:44:23.537+0300	DEBUG	logger/zap_logger.go:71	Combined column	{"idx": 1, "name": "name", "tableId": "e"}
2026-02-28T15:44:23.537+0300	DEBUG	logger/zap_logger.go:71	Combined column	{"idx": 2, "name": "department_id", "tableId": "e"}
2026-02-28T15:44:23.537+0300	DEBUG	logger/zap_logger.go:71	Combined column	{"idx": 3, "name": "id", "tableId": "d"}
2026-02-28T15:44:23.537+0300	DEBUG	logger/zap_logger.go:71	Combined column	{"idx": 4, "name": "department_name", "tableId": "d"}
2026-02-28T15:44:23.537+0300	DEBUG	logger/zap_logger.go:71	Combined column	{"idx": 5, "name": "employee_id", "tableId": "s"}
2026-02-28T15:44:23.537+0300	DEBUG	logger/zap_logger.go:71	Combined column	{"idx": 6, "name": "salary", "tableId": "s"}
2026-02-28T15:44:23.537+0300	DEBUG	logger/zap_logger.go:71	Combined column	{"idx": 7, "name": "department_id", "tableId": "l"}
2026-02-28T15:44:23.537+0300	DEBUG	logger/zap_logger.go:71	Combined column	{"idx": 8, "name": "location", "tableId": "l"}
2026-02-28T15:44:23.537+0300	DEBUG	logger/zap_logger.go:71	Sample JOIN condition evaluation	{"leftRow": [3,"Charlie",10,10,"HR",3,75000], "rightRow": [10,"New York"], "condition": "d.id=l.department_id"}
2026-02-28T15:44:23.537+0300	DEBUG	logger/zap_logger.go:71	performNestedLoopJoin end	{"resultRows": 0, "matches": 0}
2026-02-28T15:44:31.092+0300	DEBUG	logger/zap_logger.go:96	Query: SELECT e.name, d.department_name, s.salary, l.location
FROM join_employees e
INNER JOIN join_departments d ON e.department_id = d.id
INNER JOIN join_salaries s ON e.id = s.employee_id
INNER JOIN join_locations l ON d.id = l.department_id;
2026-02-28T15:44:31.095+0300	DEBUG	logger/zap_logger.go:96	Parsing select item: e.name
2026-02-28T15:44:31.095+0300	DEBUG	logger/zap_logger.go:96	Parsing select item: d.department_name
2026-02-28T15:44:31.095+0300	DEBUG	logger/zap_logger.go:96	Parsing select item: s.salary
2026-02-28T15:44:31.095+0300	DEBUG	logger/zap_logger.go:96	Parsing select item: l.location
2026-02-28T15:44:31.095+0300	DEBUG	logger/zap_logger.go:96	DEBUG: Parsed statement type: SELECT

2026-02-28T15:44:31.096+0300	DEBUG	logger/zap_logger.go:96	Parsed statement: %!(EXTRA zapcore.Field={stmt 23 0  0x140002209b0})
2026-02-28T15:44:31.096+0300	DEBUG	logger/zap_logger.go:96	Executing query plan: %!(EXTRA zapcore.Field={queryPlan 25 0  Project
  Join
    Join
      Join
        Scan (join_employees AS e)
        Scan (join_departments AS d)
      Scan (join_salaries AS s)
    Scan (join_locations AS l)
})
2026-02-28T15:44:31.096+0300	DEBUG	logger/zap_logger.go:71	executing plan node	{"type": "Project"}
2026-02-28T15:44:31.096+0300	DEBUG	logger/zap_logger.go:71	executing plan node	{"type": "Join"}
2026-02-28T15:44:31.096+0300	DEBUG	logger/zap_logger.go:71	executing plan node	{"type": "Join"}
2026-02-28T15:44:31.096+0300	DEBUG	logger/zap_logger.go:71	executing plan node	{"type": "Join"}
2026-02-28T15:44:31.096+0300	DEBUG	logger/zap_logger.go:71	executing plan node	{"type": "Scan"}
2026-02-28T15:44:31.097+0300	DEBUG	logger/zap_logger.go:71	Table metadata: 	{"meta": {"Name":"join_employees","Columns":{"department_id":{"Type":1,"IsNullable":true,"DefaultValue":null,"IsSerial":false,"IsUnique":false,"Idx":3},"id":{"Type":1,"IsNullable":false,"DefaultValue":null,"IsSerial":false,"IsUnique":false,"Idx":1},"name":{"Type":0,"IsNullable":true,"DefaultValue":null,"IsSerial":false,"IsUnique":false,"Idx":2}},"PrimaryKeys":[1]}}
2026-02-28T15:44:31.097+0300	DEBUG	logger/zap_logger.go:71	Table columns	{"columns": [{"Idx":1,"Name":"id","Type":1,"TableIdentifier":"","OriginalTableName":""},{"Idx":2,"Name":"name","Type":0,"TableIdentifier":"","OriginalTableName":""},{"Idx":3,"Name":"department_id","Type":1,"TableIdentifier":"","OriginalTableName":""}]}
2026-02-28T15:44:31.097+0300	DEBUG	logger/zap_logger.go:71	Select columns	{"columns": [{"Name":"","IsAll":true}]}
2026-02-28T15:44:31.097+0300	DEBUG	logger/zap_logger.go:71	NewIterator called with seekKey:	{"seekKey": "testdb:public:join_employees:row:", "typ": "ALL"}
2026-02-28T15:44:31.097+0300	DEBUG	logger/zap_logger.go:71	Select result: 	{"result": {"Rows":[[3,"Charlie",10],[4,"David",30],[1,"Alice",10],[2,"Bob",20]],"Columns":[{"Idx":1,"Name":"id","Type":1,"TableIdentifier":"","OriginalTableName":""},{"Idx":2,"Name":"name","Type":0,"TableIdentifier":"","OriginalTableName":""},{"Idx":3,"Name":"department_id","Type":1,"TableIdentifier":"","OriginalTableName":""}]}}
2026-02-28T15:44:31.097+0300	DEBUG	logger/zap_logger.go:71	scan result	{"rows": 4, "cols": 3}
2026-02-28T15:44:31.097+0300	DEBUG	logger/zap_logger.go:71	executing plan node	{"type": "Scan"}
2026-02-28T15:44:31.097+0300	DEBUG	logger/zap_logger.go:71	Table metadata: 	{"meta": {"Name":"join_departments","Columns":{"department_name":{"Type":0,"IsNullable":true,"DefaultValue":null,"IsSerial":false,"IsUnique":false,"Idx":2},"id":{"Type":1,"IsNullable":false,"DefaultValue":null,"IsSerial":false,"IsUnique":false,"Idx":1}},"PrimaryKeys":[1]}}
2026-02-28T15:44:31.098+0300	DEBUG	logger/zap_logger.go:71	Table columns	{"columns": [{"Idx":1,"Name":"id","Type":1,"TableIdentifier":"","OriginalTableName":""},{"Idx":2,"Name":"department_name","Type":0,"TableIdentifier":"","OriginalTableName":""}]}
2026-02-28T15:44:31.098+0300	DEBUG	logger/zap_logger.go:71	Select columns	{"columns": [{"Name":"","IsAll":true}]}
2026-02-28T15:44:31.098+0300	DEBUG	logger/zap_logger.go:71	NewIterator called with seekKey:	{"seekKey": "testdb:public:join_departments:row:", "typ": "ALL"}
2026-02-28T15:44:31.098+0300	DEBUG	logger/zap_logger.go:71	Select result: 	{"result": {"Rows":[[30,"Sales"],[10,"HR"],[20,"Engineering"]],"Columns":[{"Idx":1,"Name":"id","Type":1,"TableIdentifier":"","OriginalTableName":""},{"Idx":2,"Name":"department_name","Type":0,"TableIdentifier":"","OriginalTableName":""}]}}
2026-02-28T15:44:31.098+0300	DEBUG	logger/zap_logger.go:71	scan result	{"rows": 3, "cols": 2}
2026-02-28T15:44:31.098+0300	DEBUG	logger/zap_logger.go:71	performNestedLoopJoin start	{"leftRows": 4, "rightRows": 3, "leftCols": 3, "rightCols": 2}
2026-02-28T15:44:31.098+0300	DEBUG	logger/zap_logger.go:71	Combined column	{"idx": 0, "name": "id", "tableId": "e"}
2026-02-28T15:44:31.098+0300	DEBUG	logger/zap_logger.go:71	Combined column	{"idx": 1, "name": "name", "tableId": "e"}
2026-02-28T15:44:31.098+0300	DEBUG	logger/zap_logger.go:71	Combined column	{"idx": 2, "name": "department_id", "tableId": "e"}
2026-02-28T15:44:31.098+0300	DEBUG	logger/zap_logger.go:71	Combined column	{"idx": 3, "name": "id", "tableId": "d"}
2026-02-28T15:44:31.098+0300	DEBUG	logger/zap_logger.go:71	Combined column	{"idx": 4, "name": "department_name", "tableId": "d"}
2026-02-28T15:44:31.098+0300	DEBUG	logger/zap_logger.go:71	Sample JOIN condition evaluation	{"leftRow": [3,"Charlie",10], "rightRow": [30,"Sales"], "condition": "e.department_id=d.id"}
2026-02-28T15:44:31.098+0300	DEBUG	logger/zap_logger.go:71	JOIN match found	{"matchNum": 1, "leftRow": [3,"Charlie",10], "rightRow": [10,"HR"]}
2026-02-28T15:44:31.098+0300	DEBUG	logger/zap_logger.go:71	JOIN match found	{"matchNum": 2, "leftRow": [4,"David",30], "rightRow": [30,"Sales"]}
2026-02-28T15:44:31.098+0300	DEBUG	logger/zap_logger.go:71	JOIN match found	{"matchNum": 3, "leftRow": [1,"Alice",10], "rightRow": [10,"HR"]}
2026-02-28T15:44:31.098+0300	DEBUG	logger/zap_logger.go:71	performNestedLoopJoin end	{"resultRows": 4, "matches": 4}
2026-02-28T15:44:31.098+0300	DEBUG	logger/zap_logger.go:71	executing plan node	{"type": "Scan"}
2026-02-28T15:44:31.098+0300	DEBUG	logger/zap_logger.go:71	Table metadata: 	{"meta": {"Name":"join_salaries","Columns":{"employee_id":{"Type":1,"IsNullable":false,"DefaultValue":null,"IsSerial":false,"IsUnique":false,"Idx":1},"salary":{"Type":3,"IsNullable":true,"DefaultValue":null,"IsSerial":false,"IsUnique":false,"Idx":2}},"PrimaryKeys":[1]}}
2026-02-28T15:44:31.098+0300	DEBUG	logger/zap_logger.go:71	Table columns	{"columns": [{"Idx":1,"Name":"employee_id","Type":1,"TableIdentifier":"","OriginalTableName":""},{"Idx":2,"Name":"salary","Type":3,"TableIdentifier":"","OriginalTableName":""}]}
2026-02-28T15:44:31.098+0300	DEBUG	logger/zap_logger.go:71	Select columns	{"columns": [{"Name":"","IsAll":true}]}
2026-02-28T15:44:31.098+0300	DEBUG	logger/zap_logger.go:71	NewIterator called with seekKey:	{"seekKey": "testdb:public:join_salaries:row:", "typ": "ALL"}
2026-02-28T15:44:31.099+0300	DEBUG	logger/zap_logger.go:71	Select result: 	{"result": {"Rows":[[1,60000],[2,80000],[3,75000],[4,50000]],"Columns":[{"Idx":1,"Name":"employee_id","Type":1,"TableIdentifier":"","OriginalTableName":""},{"Idx":2,"Name":"salary","Type":3,"TableIdentifier":"","OriginalTableName":""}]}}
2026-02-28T15:44:31.099+0300	DEBUG	logger/zap_logger.go:71	scan result	{"rows": 4, "cols": 2}
2026-02-28T15:44:31.099+0300	DEBUG	logger/zap_logger.go:71	performNestedLoopJoin start	{"leftRows": 4, "rightRows": 4, "leftCols": 5, "rightCols": 2}
2026-02-28T15:44:31.099+0300	DEBUG	logger/zap_logger.go:71	Combined column	{"idx": 0, "name": "id", "tableId": "e"}
2026-02-28T15:44:31.099+0300	DEBUG	logger/zap_logger.go:71	Combined column	{"idx": 1, "name": "name", "tableId": "e"}
2026-02-28T15:44:31.099+0300	DEBUG	logger/zap_logger.go:71	Combined column	{"idx": 2, "name": "department_id", "tableId": "e"}
2026-02-28T15:44:31.099+0300	DEBUG	logger/zap_logger.go:71	Combined column	{"idx": 3, "name": "id", "tableId": "d"}
2026-02-28T15:44:31.099+0300	DEBUG	logger/zap_logger.go:71	Combined column	{"idx": 4, "name": "department_name", "tableId": "d"}
2026-02-28T15:44:31.099+0300	DEBUG	logger/zap_logger.go:71	Combined column	{"idx": 5, "name": "employee_id", "tableId": "s"}
2026-02-28T15:44:31.099+0300	DEBUG	logger/zap_logger.go:71	Combined column	{"idx": 6, "name": "salary", "tableId": "s"}
2026-02-28T15:44:31.099+0300	DEBUG	logger/zap_logger.go:71	Sample JOIN condition evaluation	{"leftRow": [3,"Charlie",10,10,"HR"], "rightRow": [1,60000], "condition": "e.id=s.employee_id"}
2026-02-28T15:44:31.099+0300	DEBUG	logger/zap_logger.go:71	JOIN match found	{"matchNum": 1, "leftRow": [3,"Charlie",10,10,"HR"], "rightRow": [3,75000]}
2026-02-28T15:44:31.099+0300	DEBUG	logger/zap_logger.go:71	JOIN match found	{"matchNum": 2, "leftRow": [4,"David",30,30,"Sales"], "rightRow": [4,50000]}
2026-02-28T15:44:31.099+0300	DEBUG	logger/zap_logger.go:71	JOIN match found	{"matchNum": 3, "leftRow": [1,"Alice",10,10,"HR"], "rightRow": [1,60000]}
2026-02-28T15:44:31.099+0300	DEBUG	logger/zap_logger.go:71	performNestedLoopJoin end	{"resultRows": 4, "matches": 4}
2026-02-28T15:44:31.099+0300	DEBUG	logger/zap_logger.go:71	executing plan node	{"type": "Scan"}
2026-02-28T15:44:31.099+0300	DEBUG	logger/zap_logger.go:71	Table metadata: 	{"meta": {"Name":"join_locations","Columns":{"department_id":{"Type":1,"IsNullable":false,"DefaultValue":null,"IsSerial":false,"IsUnique":false,"Idx":1},"location":{"Type":0,"IsNullable":true,"DefaultValue":null,"IsSerial":false,"IsUnique":false,"Idx":2}},"PrimaryKeys":[1]}}
2026-02-28T15:44:31.099+0300	DEBUG	logger/zap_logger.go:71	Table columns	{"columns": [{"Idx":1,"Name":"department_id","Type":1,"TableIdentifier":"","OriginalTableName":""},{"Idx":2,"Name":"location","Type":0,"TableIdentifier":"","OriginalTableName":""}]}
2026-02-28T15:44:31.099+0300	DEBUG	logger/zap_logger.go:71	Select columns	{"columns": [{"Name":"","IsAll":true}]}
2026-02-28T15:44:31.099+0300	DEBUG	logger/zap_logger.go:71	NewIterator called with seekKey:	{"seekKey": "testdb:public:join_locations:row:", "typ": "ALL"}
2026-02-28T15:44:31.099+0300	DEBUG	logger/zap_logger.go:71	Select result: 	{"result": {"Rows":[[10,"New York"],[20,"San Francisco"],[30,"Chicago"]],"Columns":[{"Idx":1,"Name":"department_id","Type":1,"TableIdentifier":"","OriginalTableName":""},{"Idx":2,"Name":"location","Type":0,"TableIdentifier":"","OriginalTableName":""}]}}
2026-02-28T15:44:31.099+0300	DEBUG	logger/zap_logger.go:71	scan result	{"rows": 3, "cols": 2}
2026-02-28T15:44:31.099+0300	DEBUG	logger/zap_logger.go:71	performNestedLoopJoin start	{"leftRows": 4, "rightRows": 3, "leftCols": 7, "rightCols": 2}
2026-02-28T15:44:31.099+0300	DEBUG	logger/zap_logger.go:71	Combined column	{"idx": 0, "name": "id", "tableId": "e"}
2026-02-28T15:44:31.099+0300	DEBUG	logger/zap_logger.go:71	Combined column	{"idx": 1, "name": "name", "tableId": "e"}
2026-02-28T15:44:31.099+0300	DEBUG	logger/zap_logger.go:71	Combined column	{"idx": 2, "name": "department_id", "tableId": "e"}
2026-02-28T15:44:31.099+0300	DEBUG	logger/zap_logger.go:71	Combined column	{"idx": 3, "name": "id", "tableId": "d"}
2026-02-28T15:44:31.099+0300	DEBUG	logger/zap_logger.go:71	Combined column	{"idx": 4, "name": "department_name", "tableId": "d"}
2026-02-28T15:44:31.099+0300	DEBUG	logger/zap_logger.go:71	Combined column	{"idx": 5, "name": "employee_id", "tableId": "s"}
2026-02-28T15:44:31.099+0300	DEBUG	logger/zap_logger.go:71	Combined column	{"idx": 6, "name": "salary", "tableId": "s"}
2026-02-28T15:44:31.099+0300	DEBUG	logger/zap_logger.go:71	Combined column	{"idx": 7, "name": "department_id", "tableId": "l"}
2026-02-28T15:44:31.099+0300	DEBUG	logger/zap_logger.go:71	Combined column	{"idx": 8, "name": "location", "tableId": "l"}
2026-02-28T15:44:31.100+0300	DEBUG	logger/zap_logger.go:71	Sample JOIN condition evaluation	{"leftRow": [3,"Charlie",10,10,"HR",3,75000], "rightRow": [10,"New York"], "condition": "d.id=l.department_id"}
2026-02-28T15:44:31.100+0300	DEBUG	logger/zap_logger.go:71	performNestedLoopJoin end	{"resultRows": 0, "matches": 0}
2026-02-28T15:44:31.952+0300	DEBUG	logger/zap_logger.go:96	Query: SELECT e.name, d.department_name, s.salary, l.location
FROM join_employees e
INNER JOIN join_departments d ON e.department_id = d.id
INNER JOIN join_salaries s ON e.id = s.employee_id
INNER JOIN join_locations l ON d.id = l.department_id;
2026-02-28T15:44:31.952+0300	DEBUG	logger/zap_logger.go:96	Parsing select item: e.name
2026-02-28T15:44:31.952+0300	DEBUG	logger/zap_logger.go:96	Parsing select item: d.department_name
2026-02-28T15:44:31.952+0300	DEBUG	logger/zap_logger.go:96	Parsing select item: s.salary
2026-02-28T15:44:31.953+0300	DEBUG	logger/zap_logger.go:96	Parsing select item: l.location
2026-02-28T15:44:31.953+0300	DEBUG	logger/zap_logger.go:96	DEBUG: Parsed statement type: SELECT

2026-02-28T15:44:31.953+0300	DEBUG	logger/zap_logger.go:96	Parsed statement: %!(EXTRA zapcore.Field={stmt 23 0  0x140002ba520})
2026-02-28T15:44:31.953+0300	DEBUG	logger/zap_logger.go:96	Executing query plan: %!(EXTRA zapcore.Field={queryPlan 25 0  Project
  Join
    Join
      Join
        Scan (join_employees AS e)
        Scan (join_departments AS d)
      Scan (join_salaries AS s)
    Scan (join_locations AS l)
})
2026-02-28T15:44:31.953+0300	DEBUG	logger/zap_logger.go:71	executing plan node	{"type": "Project"}
2026-02-28T15:44:31.953+0300	DEBUG	logger/zap_logger.go:71	executing plan node	{"type": "Join"}
2026-02-28T15:44:31.953+0300	DEBUG	logger/zap_logger.go:71	executing plan node	{"type": "Join"}
2026-02-28T15:44:31.953+0300	DEBUG	logger/zap_logger.go:71	executing plan node	{"type": "Join"}
2026-02-28T15:44:31.953+0300	DEBUG	logger/zap_logger.go:71	executing plan node	{"type": "Scan"}
2026-02-28T15:44:31.953+0300	DEBUG	logger/zap_logger.go:71	Table metadata: 	{"meta": {"Name":"join_employees","Columns":{"department_id":{"Type":1,"IsNullable":true,"DefaultValue":null,"IsSerial":false,"IsUnique":false,"Idx":3},"id":{"Type":1,"IsNullable":false,"DefaultValue":null,"IsSerial":false,"IsUnique":false,"Idx":1},"name":{"Type":0,"IsNullable":true,"DefaultValue":null,"IsSerial":false,"IsUnique":false,"Idx":2}},"PrimaryKeys":[1]}}
2026-02-28T15:44:31.953+0300	DEBUG	logger/zap_logger.go:71	Table columns	{"columns": [{"Idx":1,"Name":"id","Type":1,"TableIdentifier":"","OriginalTableName":""},{"Idx":2,"Name":"name","Type":0,"TableIdentifier":"","OriginalTableName":""},{"Idx":3,"Name":"department_id","Type":1,"TableIdentifier":"","OriginalTableName":""}]}
2026-02-28T15:44:31.953+0300	DEBUG	logger/zap_logger.go:71	Select columns	{"columns": [{"Name":"","IsAll":true}]}
2026-02-28T15:44:31.953+0300	DEBUG	logger/zap_logger.go:71	NewIterator called with seekKey:	{"seekKey": "testdb:public:join_employees:row:", "typ": "ALL"}
2026-02-28T15:44:31.953+0300	DEBUG	logger/zap_logger.go:71	Select result: 	{"result": {"Rows":[[1,"Alice",10],[2,"Bob",20],[3,"Charlie",10],[4,"David",30]],"Columns":[{"Idx":1,"Name":"id","Type":1,"TableIdentifier":"","OriginalTableName":""},{"Idx":2,"Name":"name","Type":0,"TableIdentifier":"","OriginalTableName":""},{"Idx":3,"Name":"department_id","Type":1,"TableIdentifier":"","OriginalTableName":""}]}}
2026-02-28T15:44:31.953+0300	DEBUG	logger/zap_logger.go:71	scan result	{"rows": 4, "cols": 3}
2026-02-28T15:44:31.953+0300	DEBUG	logger/zap_logger.go:71	executing plan node	{"type": "Scan"}
2026-02-28T15:44:31.954+0300	DEBUG	logger/zap_logger.go:71	Table metadata: 	{"meta": {"Name":"join_departments","Columns":{"department_name":{"Type":0,"IsNullable":true,"DefaultValue":null,"IsSerial":false,"IsUnique":false,"Idx":2},"id":{"Type":1,"IsNullable":false,"DefaultValue":null,"IsSerial":false,"IsUnique":false,"Idx":1}},"PrimaryKeys":[1]}}
2026-02-28T15:44:31.954+0300	DEBUG	logger/zap_logger.go:71	Table columns	{"columns": [{"Idx":1,"Name":"id","Type":1,"TableIdentifier":"","OriginalTableName":""},{"Idx":2,"Name":"department_name","Type":0,"TableIdentifier":"","OriginalTableName":""}]}
2026-02-28T15:44:31.954+0300	DEBUG	logger/zap_logger.go:71	Select columns	{"columns": [{"Name":"","IsAll":true}]}
2026-02-28T15:44:31.954+0300	DEBUG	logger/zap_logger.go:71	NewIterator called with seekKey:	{"seekKey": "testdb:public:join_departments:row:", "typ": "ALL"}
2026-02-28T15:44:31.954+0300	DEBUG	logger/zap_logger.go:71	Select result: 	{"result": {"Rows":[[20,"Engineering"],[30,"Sales"],[10,"HR"]],"Columns":[{"Idx":1,"Name":"id","Type":1,"TableIdentifier":"","OriginalTableName":""},{"Idx":2,"Name":"department_name","Type":0,"TableIdentifier":"","OriginalTableName":""}]}}
2026-02-28T15:44:31.954+0300	DEBUG	logger/zap_logger.go:71	scan result	{"rows": 3, "cols": 2}
2026-02-28T15:44:31.954+0300	DEBUG	logger/zap_logger.go:71	performNestedLoopJoin start	{"leftRows": 4, "rightRows": 3, "leftCols": 3, "rightCols": 2}
2026-02-28T15:44:31.954+0300	DEBUG	logger/zap_logger.go:71	Combined column	{"idx": 0, "name": "id", "tableId": "e"}
2026-02-28T15:44:31.954+0300	DEBUG	logger/zap_logger.go:71	Combined column	{"idx": 1, "name": "name", "tableId": "e"}
2026-02-28T15:44:31.954+0300	DEBUG	logger/zap_logger.go:71	Combined column	{"idx": 2, "name": "department_id", "tableId": "e"}
2026-02-28T15:44:31.954+0300	DEBUG	logger/zap_logger.go:71	Combined column	{"idx": 3, "name": "id", "tableId": "d"}
2026-02-28T15:44:31.954+0300	DEBUG	logger/zap_logger.go:71	Combined column	{"idx": 4, "name": "department_name", "tableId": "d"}
2026-02-28T15:44:31.954+0300	DEBUG	logger/zap_logger.go:71	Sample JOIN condition evaluation	{"leftRow": [1,"Alice",10], "rightRow": [20,"Engineering"], "condition": "e.department_id=d.id"}
2026-02-28T15:44:31.954+0300	DEBUG	logger/zap_logger.go:71	JOIN match found	{"matchNum": 1, "leftRow": [1,"Alice",10], "rightRow": [10,"HR"]}
2026-02-28T15:44:31.954+0300	DEBUG	logger/zap_logger.go:71	JOIN match found	{"matchNum": 2, "leftRow": [2,"Bob",20], "rightRow": [20,"Engineering"]}
2026-02-28T15:44:31.954+0300	DEBUG	logger/zap_logger.go:71	JOIN match found	{"matchNum": 3, "leftRow": [3,"Charlie",10], "rightRow": [10,"HR"]}
2026-02-28T15:44:31.954+0300	DEBUG	logger/zap_logger.go:71	performNestedLoopJoin end	{"resultRows": 4, "matches": 4}
2026-02-28T15:44:31.954+0300	DEBUG	logger/zap_logger.go:71	executing plan node	{"type": "Scan"}
2026-02-28T15:44:31.954+0300	DEBUG	logger/zap_logger.go:71	Table metadata: 	{"meta": {"Name":"join_salaries","Columns":{"employee_id":{"Type":1,"IsNullable":false,"DefaultValue":null,"IsSerial":false,"IsUnique":false,"Idx":1},"salary":{"Type":3,"IsNullable":true,"DefaultValue":null,"IsSerial":false,"IsUnique":false,"Idx":2}},"PrimaryKeys":[1]}}
2026-02-28T15:44:31.954+0300	DEBUG	logger/zap_logger.go:71	Table columns	{"columns": [{"Idx":1,"Name":"employee_id","Type":1,"TableIdentifier":"","OriginalTableName":""},{"Idx":2,"Name":"salary","Type":3,"TableIdentifier":"","OriginalTableName":""}]}
2026-02-28T15:44:31.955+0300	DEBUG	logger/zap_logger.go:71	Select columns	{"columns": [{"Name":"","IsAll":true}]}
2026-02-28T15:44:31.955+0300	DEBUG	logger/zap_logger.go:71	NewIterator called with seekKey:	{"seekKey": "testdb:public:join_salaries:row:", "typ": "ALL"}
2026-02-28T15:44:31.955+0300	DEBUG	logger/zap_logger.go:71	Select result: 	{"result": {"Rows":[[4,50000],[1,60000],[2,80000],[3,75000]],"Columns":[{"Idx":1,"Name":"employee_id","Type":1,"TableIdentifier":"","OriginalTableName":""},{"Idx":2,"Name":"salary","Type":3,"TableIdentifier":"","OriginalTableName":""}]}}
2026-02-28T15:44:31.955+0300	DEBUG	logger/zap_logger.go:71	scan result	{"rows": 4, "cols": 2}
2026-02-28T15:44:31.955+0300	DEBUG	logger/zap_logger.go:71	performNestedLoopJoin start	{"leftRows": 4, "rightRows": 4, "leftCols": 5, "rightCols": 2}
2026-02-28T15:44:31.955+0300	DEBUG	logger/zap_logger.go:71	Combined column	{"idx": 0, "name": "id", "tableId": "e"}
2026-02-28T15:44:31.955+0300	DEBUG	logger/zap_logger.go:71	Combined column	{"idx": 1, "name": "name", "tableId": "e"}
2026-02-28T15:44:31.955+0300	DEBUG	logger/zap_logger.go:71	Combined column	{"idx": 2, "name": "department_id", "tableId": "e"}
2026-02-28T15:44:31.955+0300	DEBUG	logger/zap_logger.go:71	Combined column	{"idx": 3, "name": "id", "tableId": "d"}
2026-02-28T15:44:31.955+0300	DEBUG	logger/zap_logger.go:71	Combined column	{"idx": 4, "name": "department_name", "tableId": "d"}
2026-02-28T15:44:31.955+0300	DEBUG	logger/zap_logger.go:71	Combined column	{"idx": 5, "name": "employee_id", "tableId": "s"}
2026-02-28T15:44:31.955+0300	DEBUG	logger/zap_logger.go:71	Combined column	{"idx": 6, "name": "salary", "tableId": "s"}
2026-02-28T15:44:31.955+0300	DEBUG	logger/zap_logger.go:71	Sample JOIN condition evaluation	{"leftRow": [1,"Alice",10,10,"HR"], "rightRow": [4,50000], "condition": "e.id=s.employee_id"}
2026-02-28T15:44:31.955+0300	DEBUG	logger/zap_logger.go:71	JOIN match found	{"matchNum": 1, "leftRow": [1,"Alice",10,10,"HR"], "rightRow": [1,60000]}
2026-02-28T15:44:31.955+0300	DEBUG	logger/zap_logger.go:71	JOIN match found	{"matchNum": 2, "leftRow": [2,"Bob",20,20,"Engineering"], "rightRow": [2,80000]}
2026-02-28T15:44:31.955+0300	DEBUG	logger/zap_logger.go:71	JOIN match found	{"matchNum": 3, "leftRow": [3,"Charlie",10,10,"HR"], "rightRow": [3,75000]}
2026-02-28T15:44:31.955+0300	DEBUG	logger/zap_logger.go:71	performNestedLoopJoin end	{"resultRows": 4, "matches": 4}
2026-02-28T15:44:31.955+0300	DEBUG	logger/zap_logger.go:71	executing plan node	{"type": "Scan"}
2026-02-28T15:44:31.955+0300	DEBUG	logger/zap_logger.go:71	Table metadata: 	{"meta": {"Name":"join_locations","Columns":{"department_id":{"Type":1,"IsNullable":false,"DefaultValue":null,"IsSerial":false,"IsUnique":false,"Idx":1},"location":{"Type":0,"IsNullable":true,"DefaultValue":null,"IsSerial":false,"IsUnique":false,"Idx":2}},"PrimaryKeys":[1]}}
2026-02-28T15:44:31.955+0300	DEBUG	logger/zap_logger.go:71	Table columns	{"columns": [{"Idx":1,"Name":"department_id","Type":1,"TableIdentifier":"","OriginalTableName":""},{"Idx":2,"Name":"location","Type":0,"TableIdentifier":"","OriginalTableName":""}]}
2026-02-28T15:44:31.955+0300	DEBUG	logger/zap_logger.go:71	Select columns	{"columns": [{"Name":"","IsAll":true}]}
2026-02-28T15:44:31.955+0300	DEBUG	logger/zap_logger.go:71	NewIterator called with seekKey:	{"seekKey": "testdb:public:join_locations:row:", "typ": "ALL"}
2026-02-28T15:44:31.955+0300	DEBUG	logger/zap_logger.go:71	Select result: 	{"result": {"Rows":[[30,"Chicago"],[10,"New York"],[20,"San Francisco"]],"Columns":[{"Idx":1,"Name":"department_id","Type":1,"TableIdentifier":"","OriginalTableName":""},{"Idx":2,"Name":"location","Type":0,"TableIdentifier":"","OriginalTableName":""}]}}
2026-02-28T15:44:31.955+0300	DEBUG	logger/zap_logger.go:71	scan result	{"rows": 3, "cols": 2}
2026-02-28T15:44:31.955+0300	DEBUG	logger/zap_logger.go:71	performNestedLoopJoin start	{"leftRows": 4, "rightRows": 3, "leftCols": 7, "rightCols": 2}
2026-02-28T15:44:31.955+0300	DEBUG	logger/zap_logger.go:71	Combined column	{"idx": 0, "name": "id", "tableId": "e"}
2026-02-28T15:44:31.955+0300	DEBUG	logger/zap_logger.go:71	Combined column	{"idx": 1, "name": "name", "tableId": "e"}
2026-02-28T15:44:31.955+0300	DEBUG	logger/zap_logger.go:71	Combined column	{"idx": 2, "name": "department_id", "tableId": "e"}
2026-02-28T15:44:31.955+0300	DEBUG	logger/zap_logger.go:71	Combined column	{"idx": 3, "name": "id", "tableId": "d"}
2026-02-28T15:44:31.955+0300	DEBUG	logger/zap_logger.go:71	Combined column	{"idx": 4, "name": "department_name", "tableId": "d"}
2026-02-28T15:44:31.955+0300	DEBUG	logger/zap_logger.go:71	Combined column	{"idx": 5, "name": "employee_id", "tableId": "s"}
2026-02-28T15:44:31.955+0300	DEBUG	logger/zap_logger.go:71	Combined column	{"idx": 6, "name": "salary", "tableId": "s"}
2026-02-28T15:44:31.955+0300	DEBUG	logger/zap_logger.go:71	Combined column	{"idx": 7, "name": "department_id", "tableId": "l"}
2026-02-28T15:44:31.955+0300	DEBUG	logger/zap_logger.go:71	Combined column	{"idx": 8, "name": "location", "tableId": "l"}
2026-02-28T15:44:31.955+0300	DEBUG	logger/zap_logger.go:71	Sample JOIN condition evaluation	{"leftRow": [1,"Alice",10,10,"HR",1,60000], "rightRow": [30,"Chicago"], "condition": "d.id=l.department_id"}
2026-02-28T15:44:31.956+0300	DEBUG	logger/zap_logger.go:71	performNestedLoopJoin end	{"resultRows": 0, "matches": 0}
2026-02-28T15:44:35.124+0300	DEBUG	logger/zap_logger.go:96	Query: SELECT e.name, d.department_name, s.salary
FROM join_employees e
INNER JOIN join_departments d ON e.department_id = d.id
INNER JOIN join_salaries s ON e.id = s.employee_id;
2026-02-28T15:44:35.124+0300	DEBUG	logger/zap_logger.go:96	Parsing select item: e.name
2026-02-28T15:44:35.125+0300	DEBUG	logger/zap_logger.go:96	Parsing select item: d.department_name
2026-02-28T15:44:35.125+0300	DEBUG	logger/zap_logger.go:96	Parsing select item: s.salary
2026-02-28T15:44:35.125+0300	DEBUG	logger/zap_logger.go:96	DEBUG: Parsed statement type: SELECT

2026-02-28T15:44:35.125+0300	DEBUG	logger/zap_logger.go:96	Parsed statement: %!(EXTRA zapcore.Field={stmt 23 0  0x14000389d10})
2026-02-28T15:44:35.125+0300	DEBUG	logger/zap_logger.go:96	Executing query plan: %!(EXTRA zapcore.Field={queryPlan 25 0  Project
  Join
    Join
      Scan (join_employees AS e)
      Scan (join_departments AS d)
    Scan (join_salaries AS s)
})
2026-02-28T15:44:35.125+0300	DEBUG	logger/zap_logger.go:71	executing plan node	{"type": "Project"}
2026-02-28T15:44:35.125+0300	DEBUG	logger/zap_logger.go:71	executing plan node	{"type": "Join"}
2026-02-28T15:44:35.125+0300	DEBUG	logger/zap_logger.go:71	executing plan node	{"type": "Join"}
2026-02-28T15:44:35.125+0300	DEBUG	logger/zap_logger.go:71	executing plan node	{"type": "Scan"}
2026-02-28T15:44:35.126+0300	DEBUG	logger/zap_logger.go:71	Table metadata: 	{"meta": {"Name":"join_employees","Columns":{"department_id":{"Type":1,"IsNullable":true,"DefaultValue":null,"IsSerial":false,"IsUnique":false,"Idx":3},"id":{"Type":1,"IsNullable":false,"DefaultValue":null,"IsSerial":false,"IsUnique":false,"Idx":1},"name":{"Type":0,"IsNullable":true,"DefaultValue":null,"IsSerial":false,"IsUnique":false,"Idx":2}},"PrimaryKeys":[1]}}
2026-02-28T15:44:35.126+0300	DEBUG	logger/zap_logger.go:71	Table columns	{"columns": [{"Idx":1,"Name":"id","Type":1,"TableIdentifier":"","OriginalTableName":""},{"Idx":2,"Name":"name","Type":0,"TableIdentifier":"","OriginalTableName":""},{"Idx":3,"Name":"department_id","Type":1,"TableIdentifier":"","OriginalTableName":""}]}
2026-02-28T15:44:35.126+0300	DEBUG	logger/zap_logger.go:71	Select columns	{"columns": [{"Name":"","IsAll":true}]}
2026-02-28T15:44:35.126+0300	DEBUG	logger/zap_logger.go:71	NewIterator called with seekKey:	{"seekKey": "testdb:public:join_employees:row:", "typ": "ALL"}
2026-02-28T15:44:35.126+0300	DEBUG	logger/zap_logger.go:71	Select result: 	{"result": {"Rows":[[1,"Alice",10],[2,"Bob",20],[3,"Charlie",10],[4,"David",30]],"Columns":[{"Idx":1,"Name":"id","Type":1,"TableIdentifier":"","OriginalTableName":""},{"Idx":2,"Name":"name","Type":0,"TableIdentifier":"","OriginalTableName":""},{"Idx":3,"Name":"department_id","Type":1,"TableIdentifier":"","OriginalTableName":""}]}}
2026-02-28T15:44:35.126+0300	DEBUG	logger/zap_logger.go:71	scan result	{"rows": 4, "cols": 3}
2026-02-28T15:44:35.126+0300	DEBUG	logger/zap_logger.go:71	executing plan node	{"type": "Scan"}
2026-02-28T15:44:35.126+0300	DEBUG	logger/zap_logger.go:71	Table metadata: 	{"meta": {"Name":"join_departments","Columns":{"department_name":{"Type":0,"IsNullable":true,"DefaultValue":null,"IsSerial":false,"IsUnique":false,"Idx":2},"id":{"Type":1,"IsNullable":false,"DefaultValue":null,"IsSerial":false,"IsUnique":false,"Idx":1}},"PrimaryKeys":[1]}}
2026-02-28T15:44:35.126+0300	DEBUG	logger/zap_logger.go:71	Table columns	{"columns": [{"Idx":1,"Name":"id","Type":1,"TableIdentifier":"","OriginalTableName":""},{"Idx":2,"Name":"department_name","Type":0,"TableIdentifier":"","OriginalTableName":""}]}
2026-02-28T15:44:35.126+0300	DEBUG	logger/zap_logger.go:71	Select columns	{"columns": [{"Name":"","IsAll":true}]}
2026-02-28T15:44:35.126+0300	DEBUG	logger/zap_logger.go:71	NewIterator called with seekKey:	{"seekKey": "testdb:public:join_departments:row:", "typ": "ALL"}
2026-02-28T15:44:35.126+0300	DEBUG	logger/zap_logger.go:71	Select result: 	{"result": {"Rows":[[10,"HR"],[20,"Engineering"],[30,"Sales"]],"Columns":[{"Idx":1,"Name":"id","Type":1,"TableIdentifier":"","OriginalTableName":""},{"Idx":2,"Name":"department_name","Type":0,"TableIdentifier":"","OriginalTableName":""}]}}
2026-02-28T15:44:35.126+0300	DEBUG	logger/zap_logger.go:71	scan result	{"rows": 3, "cols": 2}
2026-02-28T15:44:35.126+0300	DEBUG	logger/zap_logger.go:71	performNestedLoopJoin start	{"leftRows": 4, "rightRows": 3, "leftCols": 3, "rightCols": 2}
2026-02-28T15:44:35.126+0300	DEBUG	logger/zap_logger.go:71	Combined column	{"idx": 0, "name": "id", "tableId": "e"}
2026-02-28T15:44:35.126+0300	DEBUG	logger/zap_logger.go:71	Combined column	{"idx": 1, "name": "name", "tableId": "e"}
2026-02-28T15:44:35.126+0300	DEBUG	logger/zap_logger.go:71	Combined column	{"idx": 2, "name": "department_id", "tableId": "e"}
2026-02-28T15:44:35.126+0300	DEBUG	logger/zap_logger.go:71	Combined column	{"idx": 3, "name": "id", "tableId": "d"}
2026-02-28T15:44:35.126+0300	DEBUG	logger/zap_logger.go:71	Combined column	{"idx": 4, "name": "department_name", "tableId": "d"}
2026-02-28T15:44:35.126+0300	DEBUG	logger/zap_logger.go:71	Sample JOIN condition evaluation	{"leftRow": [1,"Alice",10], "rightRow": [10,"HR"], "condition": "e.department_id=d.id"}
2026-02-28T15:44:35.126+0300	DEBUG	logger/zap_logger.go:71	JOIN match found	{"matchNum": 1, "leftRow": [1,"Alice",10], "rightRow": [10,"HR"]}
2026-02-28T15:44:35.126+0300	DEBUG	logger/zap_logger.go:71	JOIN match found	{"matchNum": 2, "leftRow": [2,"Bob",20], "rightRow": [20,"Engineering"]}
2026-02-28T15:44:35.126+0300	DEBUG	logger/zap_logger.go:71	JOIN match found	{"matchNum": 3, "leftRow": [3,"Charlie",10], "rightRow": [10,"HR"]}
2026-02-28T15:44:35.126+0300	DEBUG	logger/zap_logger.go:71	performNestedLoopJoin end	{"resultRows": 4, "matches": 4}
2026-02-28T15:44:35.126+0300	DEBUG	logger/zap_logger.go:71	executing plan node	{"type": "Scan"}
2026-02-28T15:44:35.126+0300	DEBUG	logger/zap_logger.go:71	Table metadata: 	{"meta": {"Name":"join_salaries","Columns":{"employee_id":{"Type":1,"IsNullable":false,"DefaultValue":null,"IsSerial":false,"IsUnique":false,"Idx":1},"salary":{"Type":3,"IsNullable":true,"DefaultValue":null,"IsSerial":false,"IsUnique":false,"Idx":2}},"PrimaryKeys":[1]}}
2026-02-28T15:44:35.126+0300	DEBUG	logger/zap_logger.go:71	Table columns	{"columns": [{"Idx":1,"Name":"employee_id","Type":1,"TableIdentifier":"","OriginalTableName":""},{"Idx":2,"Name":"salary","Type":3,"TableIdentifier":"","OriginalTableName":""}]}
2026-02-28T15:44:35.126+0300	DEBUG	logger/zap_logger.go:71	Select columns	{"columns": [{"Name":"","IsAll":true}]}
2026-02-28T15:44:35.126+0300	DEBUG	logger/zap_logger.go:71	NewIterator called with seekKey:	{"seekKey": "testdb:public:join_salaries:row:", "typ": "ALL"}
2026-02-28T15:44:35.126+0300	DEBUG	logger/zap_logger.go:71	Select result: 	{"result": {"Rows":[[3,75000],[4,50000],[1,60000],[2,80000]],"Columns":[{"Idx":1,"Name":"employee_id","Type":1,"TableIdentifier":"","OriginalTableName":""},{"Idx":2,"Name":"salary","Type":3,"TableIdentifier":"","OriginalTableName":""}]}}
2026-02-28T15:44:35.127+0300	DEBUG	logger/zap_logger.go:71	scan result	{"rows": 4, "cols": 2}
2026-02-28T15:44:35.127+0300	DEBUG	logger/zap_logger.go:71	performNestedLoopJoin start	{"leftRows": 4, "rightRows": 4, "leftCols": 5, "rightCols": 2}
2026-02-28T15:44:35.127+0300	DEBUG	logger/zap_logger.go:71	Combined column	{"idx": 0, "name": "id", "tableId": "e"}
2026-02-28T15:44:35.127+0300	DEBUG	logger/zap_logger.go:71	Combined column	{"idx": 1, "name": "name", "tableId": "e"}
2026-02-28T15:44:35.127+0300	DEBUG	logger/zap_logger.go:71	Combined column	{"idx": 2, "name": "department_id", "tableId": "e"}
2026-02-28T15:44:35.127+0300	DEBUG	logger/zap_logger.go:71	Combined column	{"idx": 3, "name": "id", "tableId": "d"}
2026-02-28T15:44:35.127+0300	DEBUG	logger/zap_logger.go:71	Combined column	{"idx": 4, "name": "department_name", "tableId": "d"}
2026-02-28T15:44:35.127+0300	DEBUG	logger/zap_logger.go:71	Combined column	{"idx": 5, "name": "employee_id", "tableId": "s"}
2026-02-28T15:44:35.127+0300	DEBUG	logger/zap_logger.go:71	Combined column	{"idx": 6, "name": "salary", "tableId": "s"}
2026-02-28T15:44:35.127+0300	DEBUG	logger/zap_logger.go:71	Sample JOIN condition evaluation	{"leftRow": [1,"Alice",10,10,"HR"], "rightRow": [3,75000], "condition": "e.id=s.employee_id"}
2026-02-28T15:44:35.127+0300	DEBUG	logger/zap_logger.go:71	JOIN match found	{"matchNum": 1, "leftRow": [1,"Alice",10,10,"HR"], "rightRow": [1,60000]}
2026-02-28T15:44:35.127+0300	DEBUG	logger/zap_logger.go:71	JOIN match found	{"matchNum": 2, "leftRow": [2,"Bob",20,20,"Engineering"], "rightRow": [2,80000]}
2026-02-28T15:44:35.127+0300	DEBUG	logger/zap_logger.go:71	JOIN match found	{"matchNum": 3, "leftRow": [3,"Charlie",10,10,"HR"], "rightRow": [3,75000]}
2026-02-28T15:44:35.127+0300	DEBUG	logger/zap_logger.go:71	performNestedLoopJoin end	{"resultRows": 4, "matches": 4}
2026-02-28T15:44:35.127+0300	DEBUG	logger/zap_logger.go:71	DEBUG: Sending row:	{"row": ["Alice","HR",60000]}
2026-02-28T15:44:35.128+0300	DEBUG	logger/zap_logger.go:71	DEBUG: Sending row:	{"row": ["Bob","Engineering",80000]}
2026-02-28T15:44:35.128+0300	DEBUG	logger/zap_logger.go:71	DEBUG: Sending row:	{"row": ["Charlie","HR",75000]}
2026-02-28T15:44:35.128+0300	DEBUG	logger/zap_logger.go:71	DEBUG: Sending row:	{"row": ["David","Sales",50000]}
2026-02-28T15:47:51.469+0300	DEBUG	logger/zap_logger.go:96	Query: SELECT *
FROM join_employees e
INNER JOIN join_departments d ON e.department_id = d.id
INNER JOIN join_salaries s ON e.id = s.employee_id;
2026-02-28T15:47:51.473+0300	DEBUG	logger/zap_logger.go:96	Parsing select item: *
2026-02-28T15:47:51.473+0300	DEBUG	logger/zap_logger.go:96	DEBUG: Parsed statement type: SELECT

2026-02-28T15:47:51.473+0300	DEBUG	logger/zap_logger.go:96	Parsed statement: %!(EXTRA zapcore.Field={stmt 23 0  0x140005325d0})
2026-02-28T15:47:51.474+0300	DEBUG	logger/zap_logger.go:96	Executing query plan: %!(EXTRA zapcore.Field={queryPlan 25 0  Project
  Join
    Join
      Scan (join_employees AS e)
      Scan (join_departments AS d)
    Scan (join_salaries AS s)
})
2026-02-28T15:47:51.474+0300	DEBUG	logger/zap_logger.go:71	executing plan node	{"type": "Project"}
2026-02-28T15:47:51.474+0300	DEBUG	logger/zap_logger.go:71	executing plan node	{"type": "Join"}
2026-02-28T15:47:51.474+0300	DEBUG	logger/zap_logger.go:71	executing plan node	{"type": "Join"}
2026-02-28T15:47:51.474+0300	DEBUG	logger/zap_logger.go:71	executing plan node	{"type": "Scan"}
2026-02-28T15:47:51.475+0300	DEBUG	logger/zap_logger.go:71	Table metadata: 	{"meta": {"Name":"join_employees","Columns":{"department_id":{"Type":1,"IsNullable":true,"DefaultValue":null,"IsSerial":false,"IsUnique":false,"Idx":3},"id":{"Type":1,"IsNullable":false,"DefaultValue":null,"IsSerial":false,"IsUnique":false,"Idx":1},"name":{"Type":0,"IsNullable":true,"DefaultValue":null,"IsSerial":false,"IsUnique":false,"Idx":2}},"PrimaryKeys":[1]}}
2026-02-28T15:47:51.475+0300	DEBUG	logger/zap_logger.go:71	Table columns	{"columns": [{"Idx":1,"Name":"id","Type":1,"TableIdentifier":"","OriginalTableName":""},{"Idx":2,"Name":"name","Type":0,"TableIdentifier":"","OriginalTableName":""},{"Idx":3,"Name":"department_id","Type":1,"TableIdentifier":"","OriginalTableName":""}]}
2026-02-28T15:47:51.475+0300	DEBUG	logger/zap_logger.go:71	Select columns	{"columns": [{"Name":"","IsAll":true}]}
2026-02-28T15:47:51.475+0300	DEBUG	logger/zap_logger.go:71	NewIterator called with seekKey:	{"seekKey": "testdb:public:join_employees:row:", "typ": "ALL"}
2026-02-28T15:47:51.476+0300	DEBUG	logger/zap_logger.go:71	Select result: 	{"result": {"Rows":[[1,"Alice",10],[2,"Bob",20],[3,"Charlie",10],[4,"David",30]],"Columns":[{"Idx":1,"Name":"id","Type":1,"TableIdentifier":"","OriginalTableName":""},{"Idx":2,"Name":"name","Type":0,"TableIdentifier":"","OriginalTableName":""},{"Idx":3,"Name":"department_id","Type":1,"TableIdentifier":"","OriginalTableName":""}]}}
2026-02-28T15:47:51.476+0300	DEBUG	logger/zap_logger.go:71	scan result	{"rows": 4, "cols": 3}
2026-02-28T15:47:51.476+0300	DEBUG	logger/zap_logger.go:71	executing plan node	{"type": "Scan"}
2026-02-28T15:47:51.476+0300	DEBUG	logger/zap_logger.go:71	Table metadata: 	{"meta": {"Name":"join_departments","Columns":{"department_name":{"Type":0,"IsNullable":true,"DefaultValue":null,"IsSerial":false,"IsUnique":false,"Idx":2},"id":{"Type":1,"IsNullable":false,"DefaultValue":null,"IsSerial":false,"IsUnique":false,"Idx":1}},"PrimaryKeys":[1]}}
2026-02-28T15:47:51.476+0300	DEBUG	logger/zap_logger.go:71	Table columns	{"columns": [{"Idx":1,"Name":"id","Type":1,"TableIdentifier":"","OriginalTableName":""},{"Idx":2,"Name":"department_name","Type":0,"TableIdentifier":"","OriginalTableName":""}]}
2026-02-28T15:47:51.476+0300	DEBUG	logger/zap_logger.go:71	Select columns	{"columns": [{"Name":"","IsAll":true}]}
2026-02-28T15:47:51.476+0300	DEBUG	logger/zap_logger.go:71	NewIterator called with seekKey:	{"seekKey": "testdb:public:join_departments:row:", "typ": "ALL"}
2026-02-28T15:47:51.476+0300	DEBUG	logger/zap_logger.go:71	Select result: 	{"result": {"Rows":[[20,"Engineering"],[30,"Sales"],[10,"HR"]],"Columns":[{"Idx":1,"Name":"id","Type":1,"TableIdentifier":"","OriginalTableName":""},{"Idx":2,"Name":"department_name","Type":0,"TableIdentifier":"","OriginalTableName":""}]}}
2026-02-28T15:47:51.476+0300	DEBUG	logger/zap_logger.go:71	scan result	{"rows": 3, "cols": 2}
2026-02-28T15:47:51.476+0300	DEBUG	logger/zap_logger.go:71	performNestedLoopJoin start	{"leftRows": 4, "rightRows": 3, "leftCols": 3, "rightCols": 2}
2026-02-28T15:47:51.476+0300	DEBUG	logger/zap_logger.go:71	Combined column	{"idx": 0, "name": "id", "tableId": "e"}
2026-02-28T15:47:51.476+0300	DEBUG	logger/zap_logger.go:71	Combined column	{"idx": 1, "name": "name", "tableId": "e"}
2026-02-28T15:47:51.476+0300	DEBUG	logger/zap_logger.go:71	Combined column	{"idx": 2, "name": "department_id", "tableId": "e"}
2026-02-28T15:47:51.476+0300	DEBUG	logger/zap_logger.go:71	Combined column	{"idx": 3, "name": "id", "tableId": "d"}
2026-02-28T15:47:51.476+0300	DEBUG	logger/zap_logger.go:71	Combined column	{"idx": 4, "name": "department_name", "tableId": "d"}
2026-02-28T15:47:51.476+0300	DEBUG	logger/zap_logger.go:71	Sample JOIN condition evaluation	{"leftRow": [1,"Alice",10], "rightRow": [20,"Engineering"], "condition": "e.department_id=d.id"}
2026-02-28T15:47:51.476+0300	DEBUG	logger/zap_logger.go:71	JOIN match found	{"matchNum": 1, "leftRow": [1,"Alice",10], "rightRow": [10,"HR"]}
2026-02-28T15:47:51.476+0300	DEBUG	logger/zap_logger.go:71	JOIN match found	{"matchNum": 2, "leftRow": [2,"Bob",20], "rightRow": [20,"Engineering"]}
2026-02-28T15:47:51.476+0300	DEBUG	logger/zap_logger.go:71	JOIN match found	{"matchNum": 3, "leftRow": [3,"Charlie",10], "rightRow": [10,"HR"]}
2026-02-28T15:47:51.476+0300	DEBUG	logger/zap_logger.go:71	performNestedLoopJoin end	{"resultRows": 4, "matches": 4}
2026-02-28T15:47:51.476+0300	DEBUG	logger/zap_logger.go:71	executing plan node	{"type": "Scan"}
2026-02-28T15:47:51.476+0300	DEBUG	logger/zap_logger.go:71	Table metadata: 	{"meta": {"Name":"join_salaries","Columns":{"employee_id":{"Type":1,"IsNullable":false,"DefaultValue":null,"IsSerial":false,"IsUnique":false,"Idx":1},"salary":{"Type":3,"IsNullable":true,"DefaultValue":null,"IsSerial":false,"IsUnique":false,"Idx":2}},"PrimaryKeys":[1]}}
2026-02-28T15:47:51.476+0300	DEBUG	logger/zap_logger.go:71	Table columns	{"columns": [{"Idx":1,"Name":"employee_id","Type":1,"TableIdentifier":"","OriginalTableName":""},{"Idx":2,"Name":"salary","Type":3,"TableIdentifier":"","OriginalTableName":""}]}
2026-02-28T15:47:51.476+0300	DEBUG	logger/zap_logger.go:71	Select columns	{"columns": [{"Name":"","IsAll":true}]}
2026-02-28T15:47:51.476+0300	DEBUG	logger/zap_logger.go:71	NewIterator called with seekKey:	{"seekKey": "testdb:public:join_salaries:row:", "typ": "ALL"}
2026-02-28T15:47:51.476+0300	DEBUG	logger/zap_logger.go:71	Select result: 	{"result": {"Rows":[[2,80000],[3,75000],[4,50000],[1,60000]],"Columns":[{"Idx":1,"Name":"employee_id","Type":1,"TableIdentifier":"","OriginalTableName":""},{"Idx":2,"Name":"salary","Type":3,"TableIdentifier":"","OriginalTableName":""}]}}
2026-02-28T15:47:51.476+0300	DEBUG	logger/zap_logger.go:71	scan result	{"rows": 4, "cols": 2}
2026-02-28T15:47:51.476+0300	DEBUG	logger/zap_logger.go:71	performNestedLoopJoin start	{"leftRows": 4, "rightRows": 4, "leftCols": 5, "rightCols": 2}
2026-02-28T15:47:51.476+0300	DEBUG	logger/zap_logger.go:71	Combined column	{"idx": 0, "name": "id", "tableId": "e"}
2026-02-28T15:47:51.476+0300	DEBUG	logger/zap_logger.go:71	Combined column	{"idx": 1, "name": "name", "tableId": "e"}
2026-02-28T15:47:51.476+0300	DEBUG	logger/zap_logger.go:71	Combined column	{"idx": 2, "name": "department_id", "tableId": "e"}
2026-02-28T15:47:51.476+0300	DEBUG	logger/zap_logger.go:71	Combined column	{"idx": 3, "name": "id", "tableId": "d"}
2026-02-28T15:47:51.476+0300	DEBUG	logger/zap_logger.go:71	Combined column	{"idx": 4, "name": "department_name", "tableId": "d"}
2026-02-28T15:47:51.476+0300	DEBUG	logger/zap_logger.go:71	Combined column	{"idx": 5, "name": "employee_id", "tableId": "s"}
2026-02-28T15:47:51.476+0300	DEBUG	logger/zap_logger.go:71	Combined column	{"idx": 6, "name": "salary", "tableId": "s"}
2026-02-28T15:47:51.477+0300	DEBUG	logger/zap_logger.go:71	Sample JOIN condition evaluation	{"leftRow": [1,"Alice",10,10,"HR"], "rightRow": [2,80000], "condition": "e.id=s.employee_id"}
2026-02-28T15:47:51.477+0300	DEBUG	logger/zap_logger.go:71	JOIN match found	{"matchNum": 1, "leftRow": [1,"Alice",10,10,"HR"], "rightRow": [1,60000]}
2026-02-28T15:47:51.477+0300	DEBUG	logger/zap_logger.go:71	JOIN match found	{"matchNum": 2, "leftRow": [2,"Bob",20,20,"Engineering"], "rightRow": [2,80000]}
2026-02-28T15:47:51.477+0300	DEBUG	logger/zap_logger.go:71	JOIN match found	{"matchNum": 3, "leftRow": [3,"Charlie",10,10,"HR"], "rightRow": [3,75000]}
2026-02-28T15:47:51.477+0300	DEBUG	logger/zap_logger.go:71	performNestedLoopJoin end	{"resultRows": 4, "matches": 4}
2026-02-28T15:47:51.477+0300	DEBUG	logger/zap_logger.go:71	DEBUG: Sending row:	{"row": [1,"Alice",10,10,"HR",1,60000]}
2026-02-28T15:47:51.477+0300	DEBUG	logger/zap_logger.go:71	DEBUG: Sending row:	{"row": [2,"Bob",20,20,"Engineering",2,80000]}
2026-02-28T15:47:51.477+0300	DEBUG	logger/zap_logger.go:71	DEBUG: Sending row:	{"row": [3,"Charlie",10,10,"HR",3,75000]}
2026-02-28T15:47:51.477+0300	DEBUG	logger/zap_logger.go:71	DEBUG: Sending row:	{"row": [4,"David",30,30,"Sales",4,50000]}
2026-02-28T15:48:13.786+0300	DEBUG	logger/zap_logger.go:96	Query: select * from join_locations l;
2026-02-28T15:48:13.787+0300	DEBUG	logger/zap_logger.go:96	Parsing select item: *
2026-02-28T15:48:13.787+0300	DEBUG	logger/zap_logger.go:96	DEBUG: Parsed statement type: SELECT

2026-02-28T15:48:13.787+0300	DEBUG	logger/zap_logger.go:96	Parsed statement: %!(EXTRA zapcore.Field={stmt 23 0  0x1400010e970})
2026-02-28T15:48:13.787+0300	DEBUG	logger/zap_logger.go:96	Executing query plan: %!(EXTRA zapcore.Field={queryPlan 25 0  Project
  Scan (join_locations AS l)
})
2026-02-28T15:48:13.787+0300	DEBUG	logger/zap_logger.go:71	executing plan node	{"type": "Project"}
2026-02-28T15:48:13.787+0300	DEBUG	logger/zap_logger.go:71	executing plan node	{"type": "Scan"}
2026-02-28T15:48:13.787+0300	DEBUG	logger/zap_logger.go:71	Table metadata: 	{"meta": {"Name":"join_locations","Columns":{"department_id":{"Type":1,"IsNullable":false,"DefaultValue":null,"IsSerial":false,"IsUnique":false,"Idx":1},"location":{"Type":0,"IsNullable":true,"DefaultValue":null,"IsSerial":false,"IsUnique":false,"Idx":2}},"PrimaryKeys":[1]}}
2026-02-28T15:48:13.787+0300	DEBUG	logger/zap_logger.go:71	Table columns	{"columns": [{"Idx":1,"Name":"department_id","Type":1,"TableIdentifier":"","OriginalTableName":""},{"Idx":2,"Name":"location","Type":0,"TableIdentifier":"","OriginalTableName":""}]}
2026-02-28T15:48:13.787+0300	DEBUG	logger/zap_logger.go:71	Select columns	{"columns": [{"Name":"","IsAll":true}]}
2026-02-28T15:48:13.787+0300	DEBUG	logger/zap_logger.go:71	NewIterator called with seekKey:	{"seekKey": "testdb:public:join_locations:row:", "typ": "ALL"}
2026-02-28T15:48:13.787+0300	DEBUG	logger/zap_logger.go:71	Select result: 	{"result": {"Rows":[[10,"New York"],[20,"San Francisco"],[30,"Chicago"]],"Columns":[{"Idx":1,"Name":"department_id","Type":1,"TableIdentifier":"","OriginalTableName":""},{"Idx":2,"Name":"location","Type":0,"TableIdentifier":"","OriginalTableName":""}]}}
2026-02-28T15:48:13.788+0300	DEBUG	logger/zap_logger.go:71	scan result	{"rows": 3, "cols": 2}
2026-02-28T15:48:13.788+0300	DEBUG	logger/zap_logger.go:71	DEBUG: Sending row:	{"row": [10,"New York"]}
2026-02-28T15:48:13.788+0300	DEBUG	logger/zap_logger.go:71	DEBUG: Sending row:	{"row": [20,"San Francisco"]}
2026-02-28T15:48:13.788+0300	DEBUG	logger/zap_logger.go:71	DEBUG: Sending row:	{"row": [30,"Chicago"]}
2026-02-28T15:49:09.447+0300	ERROR	logger/zap_logger.go:111	Connection error: read tcp [::1]:5432->[::1]:62782: i/o timeout
